{
  "time": "2026-10-08T18:33:32+00:00",
  "task": "ONLINE-FTL-LIMIT-20261009",
  "role": "reviewer",
  "kind": "review",
  "status": "accepted",
  "notes": "Five derived same-process FTL hinges: all-real empty-horizon loss-gap/decomposition; unit-stream best average zero and signed fixed-limit equivalence; explicit empirical-mean convergence produces literal LimitNoRegret. Concrete bounded oscillating actual-FTL obstruction and exact all-comparator converse remain REQUIRED. Original16Chapter1 source objects/null unknown proof total, other C1/C2, unenumerated C3-16 and necessary appendices remain REQUIRED; whole Goal ACTIVE, main/live unchanged. Twelve actual alternating-binary canaries instantiate all five terminals; proved mean/count and fixed-zero limit -1/4. Five whole-type VALUE witnesses,29 standard-only axiom outputs,24 selected nodes2676 coalesced TYPE_VALUEedges16 required directVALUEpairs and17 native fences. Actual root9103/Tests9266/fullharness-v2 472tests7skips; both contributor bases and ownshadow passed. First fullharness-v1 untracked-Lean rejection1 retained and staging-only repair0. F1 fence/render/capture-prerequisite failures retained. Applicable clean local site preserves10959complete registry records plus exactly5production nodes; twelve original images inspected by formalizer/distinctFINAL. Distinct reused automated roles; no absolute-blind/human/external/runtime-model attestation. Native/post-native/draft delivery separately recorded.",
  "lean": "",
  "source": "",
  "run_id": "online-ftl-limit-20261009",
  "changed_files": [],
  "statement_hash": "",
  "parent_id": "",
  "route_fingerprint": "",
  "verifier_evidence": [
    "E:\\ABRL\\worktrees\\research-online-book\\runs\\online-ftl-limit-20261009\\final-reader-receipt-v2.json"
  ],
  "harness": "hierarchical",
  "experiment_id": "",
  "target_fingerprint": "",
  "route_packet_hash": "",
  "attempt_id": "FTL-LIMIT-FINAL-V1",
  "worker_id": "",
  "progress_class": "closed-frontier",
  "reviewer_validated": true,
  "obligations_before": 5,
  "obligations_after": 0,
  "new_declarations": [
    "BanditRL.OnlineLearning.meanPredict_bestLoss_nonneg",
    "BanditRL.OnlineLearning.meanPredict_comparator_decomposition",
    "BanditRL.OnlineLearning.meanPredict_bestRegret_average_tendsto_zero",
    "BanditRL.OnlineLearning.meanPredict_fixedRegret_limit_iff",
    "BanditRL.OnlineLearning.meanPredict_limitNoRegret_of_mean_converges"
  ],
  "reused_declarations": [],
  "dag_nodes": 0,
  "dag_depth": 0,
  "elapsed_seconds": 0.0,
  "lean_check_seconds": 0.0,
  "prompt_chars": 0,
  "input_tokens": 0,
  "output_tokens": 0,
  "error_signature": ""
}
