{
  "id": "mem-fefb8381426f69db",
  "created_at": "2026-10-08T18:33:33+00:00",
  "type": "source_fact",
  "task": "ONLINE-FTL-LIMIT-20261009",
  "provenance": {
    "kind": "local_first_retrieval",
    "reference": "E:\\ABRL\\worktrees\\research-online-book\\runs\\online-ftl-limit-20261009\\canary-focused-v1-exit.json"
  },
  "assumptions": [],
  "declaration": "",
  "file": "",
  "status": "verified",
  "verifier_evidence": [
    "E:\\ABRL\\worktrees\\research-online-book\\Tests\\OnlineFTLLimitSemanticsCanary.lean"
  ],
  "supersession": {
    "supersedes": [],
    "reason": ""
  },
  "roles": [],
  "details": {
    "query": "Actual strict-past FTL signed comparator identity and ordinary-limit criterion",
    "search_order": [
      "local declarations",
      "ABRL theorem cards",
      "Mathlib cards"
    ],
    "candidates": [
      "BanditRL.OnlineLearning.meanPredict_bestLoss_nonneg",
      "BanditRL.OnlineLearning.meanPredict_comparator_decomposition",
      "BanditRL.OnlineLearning.meanPredict_bestRegret_average_tendsto_zero",
      "BanditRL.OnlineLearning.meanPredict_fixedRegret_limit_iff",
      "BanditRL.OnlineLearning.meanPredict_limitNoRegret_of_mean_converges"
    ],
    "rejections": [],
    "compiled_scratch": "E:\\ABRL\\worktrees\\research-online-book\\Tests\\OnlineFTLLimitSemanticsCanary.lean"
  }
}
