{
  "id": "mem-a88fa1a14751575b",
  "created_at": "2026-10-08T18:33:33+00:00",
  "type": "verified_lemma",
  "task": "ONLINE-FTL-LIMIT-20261009",
  "provenance": {
    "kind": "source-reviewed-compiled-actual-FTL-limit",
    "reference": "E:\\ABRL\\worktrees\\research-online-book\\runs\\online-ftl-limit-20261009\\accepted-decision-v1.json"
  },
  "assumptions": [],
  "declaration": "",
  "file": "",
  "status": "accepted",
  "verifier_evidence": [
    "E:\\ABRL\\worktrees\\research-online-book\\runs\\online-ftl-limit-20261009\\final-reader-receipt-v2.json"
  ],
  "supersession": {
    "supersedes": [],
    "reason": ""
  },
  "roles": [
    "reviewer"
  ],
  "details": {
    "scope": "Five derived same-process FTL hinges: all-real empty-horizon loss-gap/decomposition; unit-stream best average zero and signed fixed-limit equivalence; explicit empirical-mean convergence produces literal LimitNoRegret.",
    "remaining_required": "Concrete bounded oscillating actual-FTL obstruction and exact all-comparator converse remain REQUIRED. Original16Chapter1 source objects/null unknown proof total, other C1/C2, unenumerated C3-16 and necessary appendices remain REQUIRED; whole Goal ACTIVE, main/live unchanged.",
    "derived_obligations_before": 5,
    "derived_obligations_after": 0,
    "accepted_production_proofs": 5,
    "whole_source_items_closed": 0,
    "chapter_complete": false,
    "goal_complete": false,
    "merged": false,
    "live": false
  }
}
