runs/online-ftl-limit-20261009/candidate-full-diff-check-v2.log:2: trailing whitespace.
++  
runs/online-ftl-limit-20261009/candidate-full-diff-check-v2.log:4: trailing whitespace.
++    
runs/online-ftl-limit-20261009/candidate-full-diff-check-v2.log:6: trailing whitespace.
++  
runs/online-ftl-limit-20261009/candidate-full-diff-check-v2.log:8: trailing whitespace.
++    
runs/online-ftl-limit-20261009/candidate-full-diff-check-v2.log:10: trailing whitespace.
++  
runs/online-ftl-limit-20261009/candidate-full-diff-check-v2.log:12: trailing whitespace.
++    
runs/online-ftl-limit-20261009/candidate-full-diff-check-v2.log:14: trailing whitespace.
++  
runs/online-ftl-limit-20261009/candidate-full-diff-check-v2.log:16: trailing whitespace.
++    
runs/online-ftl-limit-20261009/candidate-full-diff-check-v2.log:18: trailing whitespace.
++  
runs/online-ftl-limit-20261009/candidate-full-diff-check-v2.log:20: trailing whitespace.
++    
runs/online-ftl-limit-20261009/candidate-full-diff-check-v2.log:22: trailing whitespace.
++  
runs/online-ftl-limit-20261009/candidate-full-diff-check-v2.log:24: trailing whitespace.
++    
runs/online-ftl-limit-20261009/candidate-full-diff-check-v2.log:26: trailing whitespace.
++  
runs/online-ftl-limit-20261009/candidate-full-diff-check-v2.log:28: trailing whitespace.
++    
runs/online-ftl-limit-20261009/candidate-full-diff-check-v2.log:30: trailing whitespace.
++  
runs/online-ftl-limit-20261009/candidate-full-diff-check-v2.log:32: trailing whitespace.
++    
runs/online-ftl-limit-20261009/candidate-full-diff-check-v2.log:34: trailing whitespace.
++  
runs/online-ftl-limit-20261009/candidate-full-diff-check-v2.log:36: trailing whitespace.
++    
runs/online-ftl-limit-20261009/candidate-full-diff-check-v2.log:38: trailing whitespace.
++  
runs/online-ftl-limit-20261009/candidate-full-diff-check-v2.log:40: trailing whitespace.
++    
runs/online-ftl-limit-20261009/candidate-full-diff-check-v2.log:42: trailing whitespace.
++  
runs/online-ftl-limit-20261009/candidate-full-diff-check-v2.log:44: trailing whitespace.
++    
runs/online-ftl-limit-20261009/candidate-full-diff-check-v2.log:46: trailing whitespace.
++  
runs/online-ftl-limit-20261009/candidate-full-diff-check-v2.log:48: trailing whitespace.
++    
runs/online-ftl-limit-20261009/candidate-full-diff-check-v2.log:50: trailing whitespace.
++  
runs/online-ftl-limit-20261009/candidate-full-diff-check-v2.log:52: trailing whitespace.
++    
runs/online-ftl-limit-20261009/candidate-full-diff-check-v2.log:54: trailing whitespace.
++  
runs/online-ftl-limit-20261009/candidate-full-diff-check-v2.log:56: trailing whitespace.
++    
runs/online-ftl-limit-20261009/candidate-full-diff-check-v2.log:58: trailing whitespace.
++  
runs/online-ftl-limit-20261009/candidate-full-diff-check-v2.log:60: trailing whitespace.
++    
runs/online-ftl-limit-20261009/candidate-full-diff-check-v2.log:62: trailing whitespace.
++  
runs/online-ftl-limit-20261009/candidate-full-diff-check-v2.log:64: trailing whitespace.
++    
runs/online-ftl-limit-20261009/candidate-full-diff-check-v2.log:66: trailing whitespace.
++  
runs/online-ftl-limit-20261009/candidate-full-diff-check-v2.log:68: trailing whitespace.
++    
runs/online-ftl-limit-20261009/candidate-full-diff-check-v2.log:70: trailing whitespace.
++  
runs/online-ftl-limit-20261009/candidate-full-diff-check-v2.log:72: trailing whitespace.
++    
runs/online-ftl-limit-20261009/candidate-full-diff-check-v2.log:74: trailing whitespace.
++  
runs/online-ftl-limit-20261009/candidate-full-diff-check-v2.log:76: trailing whitespace.
++    
runs/online-ftl-limit-20261009/candidate-full-diff-check-v2.log:78: trailing whitespace.
++  
runs/online-ftl-limit-20261009/candidate-full-diff-check-v2.log:80: trailing whitespace.
++    
runs/online-ftl-limit-20261009/candidate-full-diff-check-v2.log:82: trailing whitespace.
++  
runs/online-ftl-limit-20261009/candidate-full-diff-check-v2.log:84: trailing whitespace.
++    
runs/online-ftl-limit-20261009/candidate-full-diff-check-v2.log:86: trailing whitespace.
++  
runs/online-ftl-limit-20261009/candidate-full-diff-check-v2.log:88: trailing whitespace.
++    
runs/online-ftl-limit-20261009/candidate-full-diff-check-v2.log:90: trailing whitespace.
++  
runs/online-ftl-limit-20261009/candidate-full-diff-check-v2.log:92: trailing whitespace.
++    
runs/online-ftl-limit-20261009/candidate-full-diff-check-v2.log:94: trailing whitespace.
++  
runs/online-ftl-limit-20261009/candidate-full-diff-check-v2.log:96: trailing whitespace.
++    
runs/online-ftl-limit-20261009/candidate-full-diff-check-v2.log:98: trailing whitespace.
++  
runs/online-ftl-limit-20261009/candidate-full-diff-check-v2.log:100: trailing whitespace.
++    
runs/online-ftl-limit-20261009/candidate-full-diff-check-v2.log:102: trailing whitespace.
++  
runs/online-ftl-limit-20261009/candidate-full-diff-check-v2.log:104: trailing whitespace.
++    
runs/online-ftl-limit-20261009/candidate-full-diff-check-v2.log:106: trailing whitespace.
++  
runs/online-ftl-limit-20261009/candidate-full-diff-check-v2.log:108: trailing whitespace.
++    
runs/online-ftl-limit-20261009/candidate-full-diff-check-v2.log:110: trailing whitespace.
++  
runs/online-ftl-limit-20261009/candidate-full-diff-check-v2.log:112: trailing whitespace.
++    
runs/online-ftl-limit-20261009/candidate-full-diff-check-v2.log:114: trailing whitespace.
++  
runs/online-ftl-limit-20261009/candidate-full-diff-check-v2.log:116: trailing whitespace.
++    
runs/online-ftl-limit-20261009/candidate-full-diff-check-v2.log:118: trailing whitespace.
++  
runs/online-ftl-limit-20261009/candidate-full-diff-check-v2.log:120: trailing whitespace.
++    
runs/online-ftl-limit-20261009/candidate-full-diff-check-v2.log:122: trailing whitespace.
++  
runs/online-ftl-limit-20261009/candidate-full-diff-check-v2.log:124: trailing whitespace.
++    
runs/online-ftl-limit-20261009/candidate-full-diff-check-v2.log:126: trailing whitespace.
++  
runs/online-ftl-limit-20261009/candidate-full-diff-check-v2.log:128: trailing whitespace.
++    
runs/online-ftl-limit-20261009/candidate-full-diff-check-v2.log:130: trailing whitespace.
++  
runs/online-ftl-limit-20261009/candidate-full-diff-check-v2.log:132: trailing whitespace.
++    
runs/online-ftl-limit-20261009/candidate-full-diff-check-v2.log:134: trailing whitespace.
++  
runs/online-ftl-limit-20261009/candidate-full-diff-check-v2.log:136: trailing whitespace.
++    
runs/online-ftl-limit-20261009/candidate-full-diff-check-v2.log:138: trailing whitespace.
++  
runs/online-ftl-limit-20261009/candidate-full-diff-check-v2.log:140: trailing whitespace.
++    
runs/online-ftl-limit-20261009/candidate-full-diff-check-v2.log:142: trailing whitespace.
++  
runs/online-ftl-limit-20261009/candidate-full-diff-check-v2.log:144: trailing whitespace.
++    
runs/online-ftl-limit-20261009/candidate-full-diff-check-v2.log:146: trailing whitespace.
++  
runs/online-ftl-limit-20261009/candidate-full-diff-check-v2.log:148: trailing whitespace.
++    
runs/online-ftl-limit-20261009/candidate-full-diff-check-v2.log:150: trailing whitespace.
++  
runs/online-ftl-limit-20261009/candidate-full-diff-check-v2.log:152: trailing whitespace.
++    
runs/online-ftl-limit-20261009/candidate-full-diff-check-v2.log:154: trailing whitespace.
++  
runs/online-ftl-limit-20261009/candidate-full-diff-check-v2.log:156: trailing whitespace.
++    
runs/online-ftl-limit-20261009/candidate-full-diff-check-v2.log:158: trailing whitespace.
++  
runs/online-ftl-limit-20261009/candidate-full-diff-check-v2.log:160: trailing whitespace.
++    
runs/online-ftl-limit-20261009/candidate-full-diff-check-v2.log:162: trailing whitespace.
++  
runs/online-ftl-limit-20261009/candidate-full-diff-check-v2.log:164: trailing whitespace.
++    
runs/online-ftl-limit-20261009/candidate-full-diff-check-v2.log:166: trailing whitespace.
++  
runs/online-ftl-limit-20261009/candidate-full-diff-check-v2.log:168: trailing whitespace.
++    
runs/online-ftl-limit-20261009/candidate-full-diff-check-v2.log:170: trailing whitespace.
++  
runs/online-ftl-limit-20261009/candidate-full-diff-check-v2.log:172: trailing whitespace.
++    
runs/online-ftl-limit-20261009/candidate-full-diff-check-v2.log:174: trailing whitespace.
++  
runs/online-ftl-limit-20261009/candidate-full-diff-check-v2.log:176: trailing whitespace.
++    
runs/online-ftl-limit-20261009/candidate-full-diff-check-v2.log:178: trailing whitespace.
++  
runs/online-ftl-limit-20261009/candidate-full-diff-check-v2.log:180: trailing whitespace.
++    
runs/online-ftl-limit-20261009/candidate-full-diff-check-v2.log:182: trailing whitespace.
++  
runs/online-ftl-limit-20261009/candidate-full-diff-check-v2.log:184: trailing whitespace.
++    
runs/online-ftl-limit-20261009/candidate-full-diff-check-v2.log:186: trailing whitespace.
++  
runs/online-ftl-limit-20261009/candidate-full-diff-check-v2.log:188: trailing whitespace.
++    
runs/online-ftl-limit-20261009/candidate-full-diff-check-v2.log:190: trailing whitespace.
++  
runs/online-ftl-limit-20261009/candidate-full-diff-check-v2.log:192: trailing whitespace.
++    
runs/online-ftl-limit-20261009/candidate-full-diff-check-v2.log:194: trailing whitespace.
++  
runs/online-ftl-limit-20261009/candidate-full-diff-check-v2.log:196: trailing whitespace.
++    
runs/online-ftl-limit-20261009/candidate-full-diff-check-v2.log:198: trailing whitespace.
++  
runs/online-ftl-limit-20261009/candidate-full-diff-check-v2.log:200: trailing whitespace.
++    
runs/online-ftl-limit-20261009/candidate-full-diff-check-v2.log:202: trailing whitespace.
++  
runs/online-ftl-limit-20261009/candidate-full-diff-check-v2.log:204: trailing whitespace.
++    
runs/online-ftl-limit-20261009/combined-Tests-v1.log:1310: trailing whitespace.
+  
runs/online-ftl-limit-20261009/combined-Tests-v1.log:1312: trailing whitespace.
+    
runs/online-ftl-limit-20261009/combined-Tests-v1.log:1317: trailing whitespace.
+  
runs/online-ftl-limit-20261009/combined-Tests-v1.log:1319: trailing whitespace.
+    
runs/online-ftl-limit-20261009/combined-Tests-v1.log:1480: trailing whitespace.
+  
runs/online-ftl-limit-20261009/combined-Tests-v1.log:1482: trailing whitespace.
+    
runs/online-ftl-limit-20261009/combined-Tests-v1.log:1631: trailing whitespace.
+  
runs/online-ftl-limit-20261009/combined-Tests-v1.log:1633: trailing whitespace.
+    
runs/online-ftl-limit-20261009/combined-Tests-v1.log:1802: trailing whitespace.
+  
runs/online-ftl-limit-20261009/combined-Tests-v1.log:1804: trailing whitespace.
+    
runs/online-ftl-limit-20261009/combined-Tests-v1.log:1844: trailing whitespace.
+  
runs/online-ftl-limit-20261009/combined-Tests-v1.log:1846: trailing whitespace.
+    
runs/online-ftl-limit-20261009/combined-Tests-v1.log:2339: trailing whitespace.
+  
runs/online-ftl-limit-20261009/combined-Tests-v1.log:2341: trailing whitespace.
+    
runs/online-ftl-limit-20261009/combined-Tests-v1.log:2390: trailing whitespace.
+  
runs/online-ftl-limit-20261009/combined-Tests-v1.log:2392: trailing whitespace.
+    
runs/online-ftl-limit-20261009/combined-Tests-v1.log:6828: trailing whitespace.
+  
runs/online-ftl-limit-20261009/combined-Tests-v1.log:6830: trailing whitespace.
+    
runs/online-ftl-limit-20261009/combined-full-harness-v1.log:513: trailing whitespace.
+  
runs/online-ftl-limit-20261009/combined-full-harness-v1.log:515: trailing whitespace.
+    
runs/online-ftl-limit-20261009/combined-full-harness-v1.log:848: trailing whitespace.
+  
runs/online-ftl-limit-20261009/combined-full-harness-v1.log:850: trailing whitespace.
+    
runs/online-ftl-limit-20261009/combined-full-harness-v1.log:1099: trailing whitespace.
+  
runs/online-ftl-limit-20261009/combined-full-harness-v1.log:1101: trailing whitespace.
+    
runs/online-ftl-limit-20261009/combined-full-harness-v1.log:1141: trailing whitespace.
+  
runs/online-ftl-limit-20261009/combined-full-harness-v1.log:1143: trailing whitespace.
+    
runs/online-ftl-limit-20261009/combined-full-harness-v1.log:1662: trailing whitespace.
+  
runs/online-ftl-limit-20261009/combined-full-harness-v1.log:1664: trailing whitespace.
+    
runs/online-ftl-limit-20261009/combined-full-harness-v1.log:1714: trailing whitespace.
+  
runs/online-ftl-limit-20261009/combined-full-harness-v1.log:1716: trailing whitespace.
+    
runs/online-ftl-limit-20261009/combined-full-harness-v1.log:1749: trailing whitespace.
+  
runs/online-ftl-limit-20261009/combined-full-harness-v1.log:1751: trailing whitespace.
+    
runs/online-ftl-limit-20261009/combined-full-harness-v1.log:1800: trailing whitespace.
+  
runs/online-ftl-limit-20261009/combined-full-harness-v1.log:1802: trailing whitespace.
+    
runs/online-ftl-limit-20261009/combined-full-harness-v1.log:3670: trailing whitespace.
+  
runs/online-ftl-limit-20261009/combined-full-harness-v1.log:3672: trailing whitespace.
+    
runs/online-ftl-limit-20261009/combined-full-harness-v1.log:3677: trailing whitespace.
+  
runs/online-ftl-limit-20261009/combined-full-harness-v1.log:3679: trailing whitespace.
+    
runs/online-ftl-limit-20261009/combined-full-harness-v1.log:3840: trailing whitespace.
+  
runs/online-ftl-limit-20261009/combined-full-harness-v1.log:3842: trailing whitespace.
+    
runs/online-ftl-limit-20261009/combined-full-harness-v1.log:3991: trailing whitespace.
+  
runs/online-ftl-limit-20261009/combined-full-harness-v1.log:3993: trailing whitespace.
+    
runs/online-ftl-limit-20261009/combined-full-harness-v1.log:4162: trailing whitespace.
+  
runs/online-ftl-limit-20261009/combined-full-harness-v1.log:4164: trailing whitespace.
+    
runs/online-ftl-limit-20261009/combined-full-harness-v1.log:4204: trailing whitespace.
+  
runs/online-ftl-limit-20261009/combined-full-harness-v1.log:4206: trailing whitespace.
+    
runs/online-ftl-limit-20261009/combined-full-harness-v1.log:4699: trailing whitespace.
+  
runs/online-ftl-limit-20261009/combined-full-harness-v1.log:4701: trailing whitespace.
+    
runs/online-ftl-limit-20261009/combined-full-harness-v1.log:4750: trailing whitespace.
+  
runs/online-ftl-limit-20261009/combined-full-harness-v1.log:4752: trailing whitespace.
+    
runs/online-ftl-limit-20261009/combined-full-harness-v1.log:9188: trailing whitespace.
+  
runs/online-ftl-limit-20261009/combined-full-harness-v1.log:9190: trailing whitespace.
+    
runs/online-ftl-limit-20261009/combined-full-harness-v2.log:720: trailing whitespace.
+  
runs/online-ftl-limit-20261009/combined-full-harness-v2.log:722: trailing whitespace.
+    
runs/online-ftl-limit-20261009/combined-full-harness-v2.log:727: trailing whitespace.
+  
runs/online-ftl-limit-20261009/combined-full-harness-v2.log:729: trailing whitespace.
+    
runs/online-ftl-limit-20261009/combined-full-harness-v2.log:890: trailing whitespace.
+  
runs/online-ftl-limit-20261009/combined-full-harness-v2.log:892: trailing whitespace.
+    
runs/online-ftl-limit-20261009/combined-full-harness-v2.log:1041: trailing whitespace.
+  
runs/online-ftl-limit-20261009/combined-full-harness-v2.log:1043: trailing whitespace.
+    
runs/online-ftl-limit-20261009/combined-full-harness-v2.log:1212: trailing whitespace.
+  
runs/online-ftl-limit-20261009/combined-full-harness-v2.log:1214: trailing whitespace.
+    
runs/online-ftl-limit-20261009/combined-full-harness-v2.log:1254: trailing whitespace.
+  
runs/online-ftl-limit-20261009/combined-full-harness-v2.log:1256: trailing whitespace.
+    
runs/online-ftl-limit-20261009/combined-full-harness-v2.log:1749: trailing whitespace.
+  
runs/online-ftl-limit-20261009/combined-full-harness-v2.log:1751: trailing whitespace.
+    
runs/online-ftl-limit-20261009/combined-full-harness-v2.log:1800: trailing whitespace.
+  
runs/online-ftl-limit-20261009/combined-full-harness-v2.log:1802: trailing whitespace.
+    
runs/online-ftl-limit-20261009/combined-full-harness-v2.log:3670: trailing whitespace.
+  
runs/online-ftl-limit-20261009/combined-full-harness-v2.log:3672: trailing whitespace.
+    
runs/online-ftl-limit-20261009/combined-full-harness-v2.log:3677: trailing whitespace.
+  
runs/online-ftl-limit-20261009/combined-full-harness-v2.log:3679: trailing whitespace.
+    
runs/online-ftl-limit-20261009/combined-full-harness-v2.log:3840: trailing whitespace.
+  
runs/online-ftl-limit-20261009/combined-full-harness-v2.log:3842: trailing whitespace.
+    
runs/online-ftl-limit-20261009/combined-full-harness-v2.log:3991: trailing whitespace.
+  
runs/online-ftl-limit-20261009/combined-full-harness-v2.log:3993: trailing whitespace.
+    
runs/online-ftl-limit-20261009/combined-full-harness-v2.log:4162: trailing whitespace.
+  
runs/online-ftl-limit-20261009/combined-full-harness-v2.log:4164: trailing whitespace.
+    
runs/online-ftl-limit-20261009/combined-full-harness-v2.log:4204: trailing whitespace.
+  
runs/online-ftl-limit-20261009/combined-full-harness-v2.log:4206: trailing whitespace.
+    
runs/online-ftl-limit-20261009/combined-full-harness-v2.log:4699: trailing whitespace.
+  
runs/online-ftl-limit-20261009/combined-full-harness-v2.log:4701: trailing whitespace.
+    
runs/online-ftl-limit-20261009/combined-full-harness-v2.log:4750: trailing whitespace.
+  
runs/online-ftl-limit-20261009/combined-full-harness-v2.log:4752: trailing whitespace.
+    
runs/online-ftl-limit-20261009/combined-full-harness-v2.log:9188: trailing whitespace.
+  
runs/online-ftl-limit-20261009/combined-full-harness-v2.log:9190: trailing whitespace.
+    
runs/online-ftl-limit-20261009/combined-root-v1.log:512: trailing whitespace.
+  
runs/online-ftl-limit-20261009/combined-root-v1.log:514: trailing whitespace.
+    
runs/online-ftl-limit-20261009/combined-root-v1.log:847: trailing whitespace.
+  
runs/online-ftl-limit-20261009/combined-root-v1.log:849: trailing whitespace.
+    
runs/online-ftl-limit-20261009/combined-root-v1.log:1098: trailing whitespace.
+  
runs/online-ftl-limit-20261009/combined-root-v1.log:1100: trailing whitespace.
+    
runs/online-ftl-limit-20261009/combined-root-v1.log:1140: trailing whitespace.
+  
runs/online-ftl-limit-20261009/combined-root-v1.log:1142: trailing whitespace.
+    
runs/online-ftl-limit-20261009/combined-root-v1.log:1706: trailing whitespace.
+  
runs/online-ftl-limit-20261009/combined-root-v1.log:1708: trailing whitespace.
+    
runs/online-ftl-limit-20261009/combined-root-v1.log:1713: trailing whitespace.
+  
runs/online-ftl-limit-20261009/combined-root-v1.log:1715: trailing whitespace.
+    
runs/online-ftl-limit-20261009/combined-root-v1.log:1748: trailing whitespace.
+  
runs/online-ftl-limit-20261009/combined-root-v1.log:1750: trailing whitespace.
+    
runs/online-ftl-limit-20261009/combined-root-v1.log:1779: trailing whitespace.
+  
runs/online-ftl-limit-20261009/combined-root-v1.log:1781: trailing whitespace.
+    
