{
  "schema_version": 1,
  "entry_id": "entry-c2583a870bf5a76f",
  "session_id": "ONLINE-FTL-LIMIT-20261009",
  "sequence": 10,
  "parent_id": "entry-41e819fb78f05617",
  "event_type": "accepted",
  "created_at": "2026-10-08T18:33:32+00:00",
  "payload": {
    "run_id": "online-ftl-limit-20261009",
    "mathematical_contract_version": 1,
    "scope": "Five derived same-process FTL hinges: all-real empty-horizon loss-gap/decomposition; unit-stream best average zero and signed fixed-limit equivalence; explicit empirical-mean convergence produces literal LimitNoRegret.",
    "accepted_decision": "E:/ABRL/worktrees/research-online-book/runs/online-ftl-limit-20261009/accepted-decision-v1.json",
    "derived_obligations_before": 5,
    "derived_obligations_after": 0,
    "accepted_production_proofs": 5,
    "whole_source_items_closed": 0,
    "chapter_complete": false,
    "goal_complete": false,
    "merged": false,
    "live": false
  }
}
