{
  "time": "2026-10-08T17:50:33+00:00",
  "task": "ONLINE-FTL-LIMIT-20261009",
  "role": "lower",
  "kind": "attempt",
  "status": "compiled",
  "notes": "Actual binary same-FTL canary build; exact12 reviewed headers preserved. Semantic body review still required.",
  "lean": "Tests/OnlineFTLLimitSemanticsCanary.lean",
  "source": "",
  "run_id": "online-ftl-limit-20261009",
  "changed_files": [],
  "statement_hash": "",
  "parent_id": "",
  "route_fingerprint": "",
  "verifier_evidence": [
    "E:/ABRL/worktrees/research-online-book/runs/online-ftl-limit-20261009/canary-focused-v1-exit.json"
  ],
  "harness": "",
  "experiment_id": "",
  "target_fingerprint": "",
  "route_packet_hash": "",
  "attempt_id": "canary-v1",
  "worker_id": "",
  "progress_class": "unreviewed",
  "reviewer_validated": false,
  "obligations_before": 5,
  "obligations_after": 5,
  "new_declarations": [],
  "reused_declarations": [],
  "dag_nodes": 0,
  "dag_depth": 0,
  "elapsed_seconds": 0.0,
  "lean_check_seconds": 0.0,
  "prompt_chars": 0,
  "input_tokens": 0,
  "output_tokens": 0,
  "error_signature": ""
}
