{
  "schema_version": 1,
  "entry_id": "entry-41e819fb78f05617",
  "session_id": "ONLINE-FTL-LIMIT-20261009",
  "sequence": 9,
  "parent_id": "entry-efcce0f76e66e664",
  "event_type": "candidate",
  "created_at": "2026-10-08T17:55:56+00:00",
  "payload": {
    "run_id": "online-ftl-limit-20261009",
    "actual_body_targets": 5,
    "actual_canary_proofs": 12,
    "accepted_obligations": 0,
    "pending": 5,
    "public_sha256": "8413f4409dfa5f7506f33cd6cfc6fb0c03f598f877dcbd2b4f0774356d377bf9",
    "canary_sha256": "4f1dfe62392987cab19f0f197be9a5064d125c0eb83de384e3f2f16ea52d63a9",
    "statement_hashes_unchanged": true,
    "chapter_complete": false,
    "goal_complete": false
  }
}
