warning: in the working copy of 'BanditRLProof.lean', LF will be replaced by CRLF the next time Git touches it
warning: in the working copy of 'MANIFEST.md', LF will be replaced by CRLF the next time Git touches it
warning: in the working copy of 'Tests.lean', LF will be replaced by CRLF the next time Git touches it
warning: in the working copy of 'website/content/chapters.json', LF will be replaced by CRLF the next time Git touches it
warning: in the working copy of 'website/content/highlights.json', LF will be replaced by CRLF the next time Git touches it
warning: in the working copy of 'website/content/readings.json', LF will be replaced by CRLF the next time Git touches it
warning: in the working copy of 'conversion-windows/ONLINE-FTL-LIMIT-20261009.md', LF will be replaced by CRLF the next time Git touches it
warning: in the working copy of 'docs/contracts/online-ftl-limit-v1/canary-context-v1.lean.txt', LF will be replaced by CRLF the next time Git touches it
warning: in the working copy of 'docs/contracts/online-ftl-limit-v1/canary-plan-v1.md', LF will be replaced by CRLF the next time Git touches it
warning: in the working copy of 'docs/contracts/online-ftl-limit-v1/canary-targets-v1.json', LF will be replaced by CRLF the next time Git touches it
warning: in the working copy of 'docs/contracts/online-ftl-limit-v1/canary-targets-v1.lean.txt', LF will be replaced by CRLF the next time Git touches it
warning: in the working copy of 'docs/contracts/online-ftl-limit-v1/chapter-one-source-ledger-candidate-v1.json', LF will be replaced by CRLF the next time Git touches it
warning: in the working copy of 'docs/contracts/online-ftl-limit-v1/context-v1.lean.txt', LF will be replaced by CRLF the next time Git touches it
warning: in the working copy of 'docs/contracts/online-ftl-limit-v1/conversion-window-v1.md', LF will be replaced by CRLF the next time Git touches it
warning: in the working copy of 'docs/contracts/online-ftl-limit-v1/dependency-dag-v1.json', LF will be replaced by CRLF the next time Git touches it
warning: in the working copy of 'docs/contracts/online-ftl-limit-v1/reader-requirements-v1.json', LF will be replaced by CRLF the next time Git touches it
warning: in the working copy of 'docs/contracts/online-ftl-limit-v1/reuse-decision-v1.json', LF will be replaced by CRLF the next time Git touches it
warning: in the working copy of 'docs/contracts/online-ftl-limit-v1/semantic-signature-v1.json', LF will be replaced by CRLF the next time Git touches it
warning: in the working copy of 'docs/contracts/online-ftl-limit-v1/source-card-v1.json', LF will be replaced by CRLF the next time Git touches it
warning: in the working copy of 'docs/contracts/online-ftl-limit-v1/source-intent-v1.md', LF will be replaced by CRLF the next time Git touches it
warning: in the working copy of 'docs/contracts/online-ftl-limit-v1/targets-v1.json', LF will be replaced by CRLF the next time Git touches it
warning: in the working copy of 'docs/contracts/online-ftl-limit-v1/targets-v1.lean.txt', LF will be replaced by CRLF the next time Git touches it
warning: in the working copy of 'proof-obligations/ONLINE-FTL-LIMIT-20261009.md', LF will be replaced by CRLF the next time Git touches it
warning: in the working copy of 'research-wiki/contribution-contracts/online-ftl-limit-20261009.json', LF will be replaced by CRLF the next time Git touches it
warning: in the working copy of 'runs/online-ftl-limit-20261009/00_context.md', LF will be replaced by CRLF the next time Git touches it
warning: in the working copy of 'runs/online-ftl-limit-20261009/10_director-v1.md', LF will be replaced by CRLF the next time Git touches it
warning: in the working copy of 'runs/online-ftl-limit-20261009/11_architect-v1.md', LF will be replaced by CRLF the next time Git touches it
warning: in the working copy of 'runs/online-ftl-limit-20261009/12_worker-v1.md', LF will be replaced by CRLF the next time Git touches it
warning: in the working copy of 'runs/online-ftl-limit-20261009/C1-fence-v1-exit.json', LF will be replaced by CRLF the next time Git touches it
warning: in the working copy of 'runs/online-ftl-limit-20261009/C1-safe-v1-exit.json', LF will be replaced by CRLF the next time Git touches it
warning: in the working copy of 'runs/online-ftl-limit-20261009/C10-fence-v1-exit.json', LF will be replaced by CRLF the next time Git touches it
warning: in the working copy of 'runs/online-ftl-limit-20261009/C10-safe-v1-exit.json', LF will be replaced by CRLF the next time Git touches it
warning: in the working copy of 'runs/online-ftl-limit-20261009/C11-fence-v1-exit.json', LF will be replaced by CRLF the next time Git touches it
warning: in the working copy of 'runs/online-ftl-limit-20261009/C11-safe-v1-exit.json', LF will be replaced by CRLF the next time Git touches it
warning: in the working copy of 'runs/online-ftl-limit-20261009/C12-fence-v1-exit.json', LF will be replaced by CRLF the next time Git touches it
warning: in the working copy of 'runs/online-ftl-limit-20261009/C12-safe-v1-exit.json', LF will be replaced by CRLF the next time Git touches it
warning: in the working copy of 'runs/online-ftl-limit-20261009/C2-fence-v1-exit.json', LF will be replaced by CRLF the next time Git touches it
warning: in the working copy of 'runs/online-ftl-limit-20261009/C2-safe-v1-exit.json', LF will be replaced by CRLF the next time Git touches it
warning: in the working copy of 'runs/online-ftl-limit-20261009/C3-fence-v1-exit.json', LF will be replaced by CRLF the next time Git touches it
warning: in the working copy of 'runs/online-ftl-limit-20261009/C3-safe-v1-exit.json', LF will be replaced by CRLF the next time Git touches it
warning: in the working copy of 'runs/online-ftl-limit-20261009/C4-fence-v1-exit.json', LF will be replaced by CRLF the next time Git touches it
warning: in the working copy of 'runs/online-ftl-limit-20261009/C4-safe-v1-exit.json', LF will be replaced by CRLF the next time Git touches it
warning: in the working copy of 'runs/online-ftl-limit-20261009/C5-fence-v1-exit.json', LF will be replaced by CRLF the next time Git touches it
warning: in the working copy of 'runs/online-ftl-limit-20261009/C5-safe-v1-exit.json', LF will be replaced by CRLF the next time Git touches it
warning: in the working copy of 'runs/online-ftl-limit-20261009/C6-fence-v1-exit.json', LF will be replaced by CRLF the next time Git touches it
warning: in the working copy of 'runs/online-ftl-limit-20261009/C6-safe-v1-exit.json', LF will be replaced by CRLF the next time Git touches it
warning: in the working copy of 'runs/online-ftl-limit-20261009/C7-fence-v1-exit.json', LF will be replaced by CRLF the next time Git touches it
warning: in the working copy of 'runs/online-ftl-limit-20261009/C7-safe-v1-exit.json', LF will be replaced by CRLF the next time Git touches it
warning: in the working copy of 'runs/online-ftl-limit-20261009/C8-fence-v1-exit.json', LF will be replaced by CRLF the next time Git touches it
warning: in the working copy of 'runs/online-ftl-limit-20261009/C8-safe-v1-exit.json', LF will be replaced by CRLF the next time Git touches it
warning: in the working copy of 'runs/online-ftl-limit-20261009/C9-fence-v1-exit.json', LF will be replaced by CRLF the next time Git touches it
warning: in the working copy of 'runs/online-ftl-limit-20261009/C9-safe-v1-exit.json', LF will be replaced by CRLF the next time Git touches it
warning: in the working copy of 'runs/online-ftl-limit-20261009/F1-attempt-v1.json', LF will be replaced by CRLF the next time Git touches it
warning: in the working copy of 'runs/online-ftl-limit-20261009/F1-attempt-v1.lean.raw', LF will be replaced by CRLF the next time Git touches it
warning: in the working copy of 'runs/online-ftl-limit-20261009/F1-fence-repair-v2.json', LF will be replaced by CRLF the next time Git touches it
warning: in the working copy of 'runs/online-ftl-limit-20261009/F1-fence-v1-exit.json', LF will be replaced by CRLF the next time Git touches it
warning: in the working copy of 'runs/online-ftl-limit-20261009/F1-fence-v2-exit.json', LF will be replaced by CRLF the next time Git touches it
warning: in the working copy of 'runs/online-ftl-limit-20261009/F1-focused-v1-exit.json', LF will be replaced by CRLF the next time Git touches it
warning: in the working copy of 'runs/online-ftl-limit-20261009/F1-focused-v1.log', LF will be replaced by CRLF the next time Git touches it
warning: in the working copy of 'runs/online-ftl-limit-20261009/F1-proving-resume-v2-exit.json', LF will be replaced by CRLF the next time Git touches it
warning: in the working copy of 'runs/online-ftl-limit-20261009/F1-repair-lifecycle-v2-exit.json', LF will be replaced by CRLF the next time Git touches it
warning: in the working copy of 'runs/online-ftl-limit-20261009/F1-safe-v1-exit.json', LF will be replaced by CRLF the next time Git touches it
warning: in the working copy of 'runs/online-ftl-limit-20261009/F1-safe-v2-exit.json', LF will be replaced by CRLF the next time Git touches it
warning: in the working copy of 'runs/online-ftl-limit-20261009/F1-trial-v1-exit.json', LF will be replaced by CRLF the next time Git touches it
warning: in the working copy of 'runs/online-ftl-limit-20261009/F2-attempt-v1.json', LF will be replaced by CRLF the next time Git touches it
warning: in the working copy of 'runs/online-ftl-limit-20261009/F2-attempt-v1.lean.raw', LF will be replaced by CRLF the next time Git touches it
warning: in the working copy of 'runs/online-ftl-limit-20261009/F2-fence-v1-exit.json', LF will be replaced by CRLF the next time Git touches it
warning: in the working copy of 'runs/online-ftl-limit-20261009/F2-focused-v1-exit.json', LF will be replaced by CRLF the next time Git touches it
warning: in the working copy of 'runs/online-ftl-limit-20261009/F2-focused-v1.log', LF will be replaced by CRLF the next time Git touches it
warning: in the working copy of 'runs/online-ftl-limit-20261009/F2-proving-v1-exit.json', LF will be replaced by CRLF the next time Git touches it
warning: in the working copy of 'runs/online-ftl-limit-20261009/F2-safe-v1-exit.json', LF will be replaced by CRLF the next time Git touches it
warning: in the working copy of 'runs/online-ftl-limit-20261009/F2-trial-v1-exit.json', LF will be replaced by CRLF the next time Git touches it
warning: in the working copy of 'runs/online-ftl-limit-20261009/F3-attempt-v1.json', LF will be replaced by CRLF the next time Git touches it
warning: in the working copy of 'runs/online-ftl-limit-20261009/F3-attempt-v1.lean.raw', LF will be replaced by CRLF the next time Git touches it
warning: in the working copy of 'runs/online-ftl-limit-20261009/F3-fence-v1-exit.json', LF will be replaced by CRLF the next time Git touches it
warning: in the working copy of 'runs/online-ftl-limit-20261009/F3-focused-v1-exit.json', LF will be replaced by CRLF the next time Git touches it
warning: in the working copy of 'runs/online-ftl-limit-20261009/F3-focused-v1.log', LF will be replaced by CRLF the next time Git touches it
warning: in the working copy of 'runs/online-ftl-limit-20261009/F3-proving-v1-exit.json', LF will be replaced by CRLF the next time Git touches it
warning: in the working copy of 'runs/online-ftl-limit-20261009/F3-safe-v1-exit.json', LF will be replaced by CRLF the next time Git touches it
warning: in the working copy of 'runs/online-ftl-limit-20261009/F3-trial-v1-exit.json', LF will be replaced by CRLF the next time Git touches it
warning: in the working copy of 'runs/online-ftl-limit-20261009/F4-attempt-v1.json', LF will be replaced by CRLF the next time Git touches it
warning: in the working copy of 'runs/online-ftl-limit-20261009/F4-attempt-v1.lean.raw', LF will be replaced by CRLF the next time Git touches it
warning: in the working copy of 'runs/online-ftl-limit-20261009/F4-fence-v1-exit.json', LF will be replaced by CRLF the next time Git touches it
warning: in the working copy of 'runs/online-ftl-limit-20261009/F4-focused-v1-exit.json', LF will be replaced by CRLF the next time Git touches it
warning: in the working copy of 'runs/online-ftl-limit-20261009/F4-focused-v1.log', LF will be replaced by CRLF the next time Git touches it
warning: in the working copy of 'runs/online-ftl-limit-20261009/F4-proving-v1-exit.json', LF will be replaced by CRLF the next time Git touches it
warning: in the working copy of 'runs/online-ftl-limit-20261009/F4-safe-v1-exit.json', LF will be replaced by CRLF the next time Git touches it
warning: in the working copy of 'runs/online-ftl-limit-20261009/F4-trial-v1-exit.json', LF will be replaced by CRLF the next time Git touches it
warning: in the working copy of 'runs/online-ftl-limit-20261009/F5-attempt-v1.json', LF will be replaced by CRLF the next time Git touches it
warning: in the working copy of 'runs/online-ftl-limit-20261009/F5-attempt-v1.lean.raw', LF will be replaced by CRLF the next time Git touches it
warning: in the working copy of 'runs/online-ftl-limit-20261009/F5-fence-v1-exit.json', LF will be replaced by CRLF the next time Git touches it
warning: in the working copy of 'runs/online-ftl-limit-20261009/F5-focused-v1-exit.json', LF will be replaced by CRLF the next time Git touches it
warning: in the working copy of 'runs/online-ftl-limit-20261009/F5-focused-v1.log', LF will be replaced by CRLF the next time Git touches it
warning: in the working copy of 'runs/online-ftl-limit-20261009/F5-proving-v1-exit.json', LF will be replaced by CRLF the next time Git touches it
warning: in the working copy of 'runs/online-ftl-limit-20261009/F5-safe-v1-exit.json', LF will be replaced by CRLF the next time Git touches it
warning: in the working copy of 'runs/online-ftl-limit-20261009/F5-trial-v1-exit.json', LF will be replaced by CRLF the next time Git touches it
warning: in the working copy of 'runs/online-ftl-limit-20261009/api-probe-v1-exit.json', LF will be replaced by CRLF the next time Git touches it
warning: in the working copy of 'runs/online-ftl-limit-20261009/api-probe-v1.lean', LF will be replaced by CRLF the next time Git touches it
warning: in the working copy of 'runs/online-ftl-limit-20261009/api-probe-v1.log', LF will be replaced by CRLF the next time Git touches it
warning: in the working copy of 'runs/online-ftl-limit-20261009/append_leaf_v1.py', LF will be replaced by CRLF the next time Git touches it
warning: in the working copy of 'runs/online-ftl-limit-20261009/audit-compiled-v1.py', LF will be replaced by CRLF the next time Git touches it
warning: in the working copy of 'runs/online-ftl-limit-20261009/baseline-v1.json', LF will be replaced by CRLF the next time Git touches it
warning: in the working copy of 'runs/online-ftl-limit-20261009/blind-inputs-v1.json', LF will be replaced by CRLF the next time Git touches it
warning: in the working copy of 'runs/online-ftl-limit-20261009/blind-packet-v1.md', LF will be replaced by CRLF the next time Git touches it
warning: in the working copy of 'runs/online-ftl-limit-20261009/blind-reconstruction-v1.md', LF will be replaced by CRLF the next time Git touches it
warning: in the working copy of 'runs/online-ftl-limit-20261009/body-bindings-v1.json', LF will be replaced by CRLF the next time Git touches it
warning: in the working copy of 'runs/online-ftl-limit-20261009/body-future-integration-scope-v1.json', LF will be replaced by CRLF the next time Git touches it
warning: in the working copy of 'runs/online-ftl-limit-20261009/body-review-inputs-v1.json', LF will be replaced by CRLF the next time Git touches it
warning: in the working copy of 'runs/online-ftl-limit-20261009/body-review-packet-v1.md', LF will be replaced by CRLF the next time Git touches it
warning: in the working copy of 'runs/online-ftl-limit-20261009/browser-protocol-bindings-v1.json', LF will be replaced by CRLF the next time Git touches it
warning: in the working copy of 'runs/online-ftl-limit-20261009/canary-attempt-v1.json', LF will be replaced by CRLF the next time Git touches it
warning: in the working copy of 'runs/online-ftl-limit-20261009/canary-attempt-v1.lean.raw', LF will be replaced by CRLF the next time Git touches it
warning: in the working copy of 'runs/online-ftl-limit-20261009/canary-blind-inputs-v1.json', LF will be replaced by CRLF the next time Git touches it
warning: in the working copy of 'runs/online-ftl-limit-20261009/canary-blind-packet-v1.md', LF will be replaced by CRLF the next time Git touches it
warning: in the working copy of 'runs/online-ftl-limit-20261009/canary-blind-reconstruction-v1.md', LF will be replaced by CRLF the next time Git touches it
warning: in the working copy of 'runs/online-ftl-limit-20261009/canary-contract-receipt-v1.json', LF will be replaced by CRLF the next time Git touches it
warning: in the working copy of 'runs/online-ftl-limit-20261009/canary-contract-review-inputs-v1.json', LF will be replaced by CRLF the next time Git touches it
warning: in the working copy of 'runs/online-ftl-limit-20261009/canary-contract-review-v1.md', LF will be replaced by CRLF the next time Git touches it
warning: in the working copy of 'runs/online-ftl-limit-20261009/canary-draft-typecheck-v1-exit.json', LF will be replaced by CRLF the next time Git touches it
warning: in the working copy of 'runs/online-ftl-limit-20261009/canary-draft-typecheck-v1.lean', LF will be replaced by CRLF the next time Git touches it
warning: in the working copy of 'runs/online-ftl-limit-20261009/canary-draft-typecheck-v1.log', LF will be replaced by CRLF the next time Git touches it
warning: in the working copy of 'runs/online-ftl-limit-20261009/canary-focused-v1-exit.json', LF will be replaced by CRLF the next time Git touches it
warning: in the working copy of 'runs/online-ftl-limit-20261009/canary-focused-v1.log', LF will be replaced by CRLF the next time Git touches it
warning: in the working copy of 'runs/online-ftl-limit-20261009/canary-source-review-packet-v1.md', LF will be replaced by CRLF the next time Git touches it
warning: in the working copy of 'runs/online-ftl-limit-20261009/canary-trial-v1-exit.json', LF will be replaced by CRLF the next time Git touches it
warning: in the working copy of 'runs/online-ftl-limit-20261009/candidate-body-status-v1.md', LF will be replaced by CRLF the next time Git touches it
warning: in the working copy of 'runs/online-ftl-limit-20261009/candidate-event-v1-exit.json', LF will be replaced by CRLF the next time Git touches it
warning: in the working copy of 'runs/online-ftl-limit-20261009/candidate-gates-v1.py', LF will be replaced by CRLF the next time Git touches it
warning: in the working copy of 'runs/online-ftl-limit-20261009/candidate-gates-v2.py', LF will be replaced by CRLF the next time Git touches it
warning: in the working copy of 'runs/online-ftl-limit-20261009/capture-reader-v1.cjs', LF will be replaced by CRLF the next time Git touches it
warning: in the working copy of 'runs/online-ftl-limit-20261009/capture-reader-v1.py', LF will be replaced by CRLF the next time Git touches it
warning: in the working copy of 'runs/online-ftl-limit-20261009/checkpoint-site-v1.py', LF will be replaced by CRLF the next time Git touches it
warning: in the working copy of 'runs/online-ftl-limit-20261009/checkpoint-site-v2.py', LF will be replaced by CRLF the next time Git touches it
warning: in the working copy of 'runs/online-ftl-limit-20261009/combined-Tests-v1-exit.json', LF will be replaced by CRLF the next time Git touches it
warning: in the working copy of 'runs/online-ftl-limit-20261009/combined-Tests-v1.log', LF will be replaced by CRLF the next time Git touches it
warning: in the working copy of 'runs/online-ftl-limit-20261009/combined-full-harness-v1-exit.json', LF will be replaced by CRLF the next time Git touches it
warning: in the working copy of 'runs/online-ftl-limit-20261009/combined-full-harness-v1.log', LF will be replaced by CRLF the next time Git touches it
warning: in the working copy of 'runs/online-ftl-limit-20261009/combined-full-harness-v2-exit.json', LF will be replaced by CRLF the next time Git touches it
warning: in the working copy of 'runs/online-ftl-limit-20261009/combined-full-harness-v2.log', LF will be replaced by CRLF the next time Git touches it
warning: in the working copy of 'runs/online-ftl-limit-20261009/combined-gates-failure-v1.json', LF will be replaced by CRLF the next time Git touches it
warning: in the working copy of 'runs/online-ftl-limit-20261009/combined-gates-v1.json', LF will be replaced by CRLF the next time Git touches it
warning: in the working copy of 'runs/online-ftl-limit-20261009/combined-gates-v1.py', LF will be replaced by CRLF the next time Git touches it
warning: in the working copy of 'runs/online-ftl-limit-20261009/combined-repair-v2.json', LF will be replaced by CRLF the next time Git touches it
warning: in the working copy of 'runs/online-ftl-limit-20261009/combined-root-v1-exit.json', LF will be replaced by CRLF the next time Git touches it
warning: in the working copy of 'runs/online-ftl-limit-20261009/combined-root-v1.log', LF will be replaced by CRLF the next time Git touches it
warning: in the working copy of 'runs/online-ftl-limit-20261009/combined-stage-repair-v2-exit.json', LF will be replaced by CRLF the next time Git touches it
warning: in the working copy of 'runs/online-ftl-limit-20261009/combined-stage-repair-v2.log', LF will be replaced by CRLF the next time Git touches it
warning: in the working copy of 'runs/online-ftl-limit-20261009/common_body_v1.py', LF will be replaced by CRLF the next time Git touches it
warning: in the working copy of 'runs/online-ftl-limit-20261009/common_canary_v1.py', LF will be replaced by CRLF the next time Git touches it
warning: in the working copy of 'runs/online-ftl-limit-20261009/common_proving_v1.py', LF will be replaced by CRLF the next time Git touches it
warning: in the working copy of 'runs/online-ftl-limit-20261009/common_v1.py', LF will be replaced by CRLF the next time Git touches it
warning: in the working copy of 'runs/online-ftl-limit-20261009/compiled-audit-v1.json', LF will be replaced by CRLF the next time Git touches it
warning: in the working copy of 'runs/online-ftl-limit-20261009/compiled-graph-v1.json', LF will be replaced by CRLF the next time Git touches it
warning: in the working copy of 'runs/online-ftl-limit-20261009/contract-mutable-scope-v1.json', LF will be replaced by CRLF the next time Git touches it
warning: in the working copy of 'runs/online-ftl-limit-20261009/draft-help-decls-v1-exit.json', LF will be replaced by CRLF the next time Git touches it
warning: in the working copy of 'runs/online-ftl-limit-20261009/draft-help-lifecycle-v1-exit.json', LF will be replaced by CRLF the next time Git touches it
warning: in the working copy of 'runs/online-ftl-limit-20261009/draft-help-search-v1-exit.json', LF will be replaced by CRLF the next time Git touches it
warning: in the working copy of 'runs/online-ftl-limit-20261009/draft-help-task-v1-exit.json', LF will be replaced by CRLF the next time Git touches it
warning: in the working copy of 'runs/online-ftl-limit-20261009/draft-lifecycle-v1-exit.json', LF will be replaced by CRLF the next time Git touches it
warning: in the working copy of 'runs/online-ftl-limit-20261009/draft-local-absence-v1-exit.json', LF will be replaced by CRLF the next time Git touches it
warning: in the working copy of 'runs/online-ftl-limit-20261009/draft-mathlib-cards-v1-exit.json', LF will be replaced by CRLF the next time Git touches it
warning: in the working copy of 'runs/online-ftl-limit-20261009/draft-new-task-v1-exit.json', LF will be replaced by CRLF the next time Git touches it
warning: in the working copy of 'runs/online-ftl-limit-20261009/draft-search-limit-v1-exit.json', LF will be replaced by CRLF the next time Git touches it
warning: in the working copy of 'runs/online-ftl-limit-20261009/draft-search-mean-v1-exit.json', LF will be replaced by CRLF the next time Git touches it
warning: in the working copy of 'runs/online-ftl-limit-20261009/draft-search-regret-v1-exit.json', LF will be replaced by CRLF the next time Git touches it
warning: in the working copy of 'runs/online-ftl-limit-20261009/draft-typecheck-v1-exit.json', LF will be replaced by CRLF the next time Git touches it
warning: in the working copy of 'runs/online-ftl-limit-20261009/draft-typecheck-v1.lean', LF will be replaced by CRLF the next time Git touches it
warning: in the working copy of 'runs/online-ftl-limit-20261009/draft-typecheck-v1.log', LF will be replaced by CRLF the next time Git touches it
warning: in the working copy of 'runs/online-ftl-limit-20261009/export-compiled-graph-v1-exit.json', LF will be replaced by CRLF the next time Git touches it
warning: in the working copy of 'runs/online-ftl-limit-20261009/export-compiled-graph-v1.lean', LF will be replaced by CRLF the next time Git touches it
warning: in the working copy of 'runs/online-ftl-limit-20261009/freeze-canary-review-v1.py', LF will be replaced by CRLF the next time Git touches it
warning: in the working copy of 'runs/online-ftl-limit-20261009/freeze-contract-review-v1.py', LF will be replaced by CRLF the next time Git touches it
warning: in the working copy of 'runs/online-ftl-limit-20261009/help-contributor-v1-exit.json', LF will be replaced by CRLF the next time Git touches it
warning: in the working copy of 'runs/online-ftl-limit-20261009/help-frontier-v1-exit.json', LF will be replaced by CRLF the next time Git touches it
warning: in the working copy of 'runs/online-ftl-limit-20261009/help-shadow-v1-exit.json', LF will be replaced by CRLF the next time Git touches it
warning: in the working copy of 'runs/online-ftl-limit-20261009/integrate-reviewed-v1.py', LF will be replaced by CRLF the next time Git touches it
warning: in the working copy of 'runs/online-ftl-limit-20261009/integration-baseline-v1.json', LF will be replaced by CRLF the next time Git touches it
warning: in the working copy of 'runs/online-ftl-limit-20261009/integration-baseline/BanditRLProof.lean.raw', LF will be replaced by CRLF the next time Git touches it
warning: in the working copy of 'runs/online-ftl-limit-20261009/integration-baseline/Tests.lean.raw', LF will be replaced by CRLF the next time Git touches it
warning: in the working copy of 'runs/online-ftl-limit-20261009/integration-baseline/website--content--chapters.json.raw', LF will be replaced by CRLF the next time Git touches it
warning: in the working copy of 'runs/online-ftl-limit-20261009/integration-baseline/website--content--highlights.json.raw', LF will be replaced by CRLF the next time Git touches it
warning: in the working copy of 'runs/online-ftl-limit-20261009/integration-baseline/website--content--readings.json.raw', LF will be replaced by CRLF the next time Git touches it
warning: in the working copy of 'runs/online-ftl-limit-20261009/memory_digest.md', LF will be replaced by CRLF the next time Git touches it
warning: in the working copy of 'runs/online-ftl-limit-20261009/native-scoped-v1.py', LF will be replaced by CRLF the next time Git touches it
warning: in the working copy of 'runs/online-ftl-limit-20261009/neutral-canary-statements-v1.lean.txt', LF will be replaced by CRLF the next time Git touches it
warning: in the working copy of 'runs/online-ftl-limit-20261009/neutral-context-and-statements-v1.lean.txt', LF will be replaced by CRLF the next time Git touches it
warning: in the working copy of 'runs/online-ftl-limit-20261009/prepare-FINAL-review-v1.py', LF will be replaced by CRLF the next time Git touches it
warning: in the working copy of 'runs/online-ftl-limit-20261009/prepare-body-review-v1.py', LF will be replaced by CRLF the next time Git touches it
warning: in the working copy of 'runs/online-ftl-limit-20261009/prepare-browser-capture-v1.py', LF will be replaced by CRLF the next time Git touches it
warning: in the working copy of 'runs/online-ftl-limit-20261009/prepare-canary-draft-v1.py', LF will be replaced by CRLF the next time Git touches it
warning: in the working copy of 'runs/online-ftl-limit-20261009/prepare-draft-v1.py', LF will be replaced by CRLF the next time Git touches it
warning: in the working copy of 'runs/online-ftl-limit-20261009/prepare-reader-proposal-v1.py', LF will be replaced by CRLF the next time Git touches it
warning: in the working copy of 'runs/online-ftl-limit-20261009/prepare-roundtrip-import-failure-v1.py.raw', LF will be replaced by CRLF the next time Git touches it
warning: in the working copy of 'runs/online-ftl-limit-20261009/prepare-roundtrip-v1.py', LF will be replaced by CRLF the next time Git touches it
warning: in the working copy of 'runs/online-ftl-limit-20261009/probe-and-draft-stage-v1.py', LF will be replaced by CRLF the next time Git touches it
warning: in the working copy of 'runs/online-ftl-limit-20261009/prove-F1-v1.py', LF will be replaced by CRLF the next time Git touches it
warning: in the working copy of 'runs/online-ftl-limit-20261009/prove-F2-v1.py', LF will be replaced by CRLF the next time Git touches it
warning: in the working copy of 'runs/online-ftl-limit-20261009/prove-F3-v1.py', LF will be replaced by CRLF the next time Git touches it
warning: in the working copy of 'runs/online-ftl-limit-20261009/prove-F4-v1.py', LF will be replaced by CRLF the next time Git touches it
warning: in the working copy of 'runs/online-ftl-limit-20261009/prove-F5-v1.py', LF will be replaced by CRLF the next time Git touches it
warning: in the working copy of 'runs/online-ftl-limit-20261009/prove-canary-v1.py', LF will be replaced by CRLF the next time Git touches it
warning: in the working copy of 'runs/online-ftl-limit-20261009/proving-F1-lifecycle-v1-exit.json', LF will be replaced by CRLF the next time Git touches it
warning: in the working copy of 'runs/online-ftl-limit-20261009/proving-F1-v1.json', LF will be replaced by CRLF the next time Git touches it
warning: in the working copy of 'runs/online-ftl-limit-20261009/public-body-receipt-v1.json', LF will be replaced by CRLF the next time Git touches it
warning: in the working copy of 'runs/online-ftl-limit-20261009/public-body-review-v1.md', LF will be replaced by CRLF the next time Git touches it
warning: in the working copy of 'runs/online-ftl-limit-20261009/reader-integration-bindings-v1.json', LF will be replaced by CRLF the next time Git touches it
warning: in the working copy of 'runs/online-ftl-limit-20261009/reader-proposal-v1.json', LF will be replaced by CRLF the next time Git touches it
warning: in the working copy of 'runs/online-ftl-limit-20261009/registry-baseline-bindings-v1.json', LF will be replaced by CRLF the next time Git touches it
warning: in the working copy of 'runs/online-ftl-limit-20261009/repair-F1-fence-v2.py', LF will be replaced by CRLF the next time Git touches it
warning: in the working copy of 'runs/online-ftl-limit-20261009/repair-combined-v2.py', LF will be replaced by CRLF the next time Git touches it
warning: in the working copy of 'runs/online-ftl-limit-20261009/retrieval_index.md', LF will be replaced by CRLF the next time Git touches it
warning: in the working copy of 'runs/online-ftl-limit-20261009/root-source-pixel-review-v1.json', LF will be replaced by CRLF the next time Git touches it
warning: in the working copy of 'runs/online-ftl-limit-20261009/roundtrip-render-repair-v1.json', LF will be replaced by CRLF the next time Git touches it
warning: in the working copy of 'runs/online-ftl-limit-20261009/schema2-validation-v1.json', LF will be replaced by CRLF the next time Git touches it
warning: in the working copy of 'runs/online-ftl-limit-20261009/snapshots/reviewed-conversion-windows.raw', LF will be replaced by CRLF the next time Git touches it
warning: in the working copy of 'runs/online-ftl-limit-20261009/snapshots/reviewed-proof-obligations.raw', LF will be replaced by CRLF the next time Git touches it
warning: in the working copy of 'runs/online-ftl-limit-20261009/snapshots/reviewed-tasks.raw', LF will be replaced by CRLF the next time Git touches it
warning: in the working copy of 'runs/online-ftl-limit-20261009/source-contract-receipt-v1.json', LF will be replaced by CRLF the next time Git touches it
warning: in the working copy of 'runs/online-ftl-limit-20261009/source-contract-review-inputs-v1.json', LF will be replaced by CRLF the next time Git touches it
warning: in the working copy of 'runs/online-ftl-limit-20261009/source-contract-review-packet-v1.md', LF will be replaced by CRLF the next time Git touches it
warning: in the working copy of 'runs/online-ftl-limit-20261009/source-contract-review-v1.md', LF will be replaced by CRLF the next time Git touches it
warning: in the working copy of 'runs/online-ftl-limit-20261009/source-pdf14-text-v1.txt', LF will be replaced by CRLF the next time Git touches it
warning: in the working copy of 'runs/online-ftl-limit-20261009/source-pdf16-text-v1.txt', LF will be replaced by CRLF the next time Git touches it
warning: in the working copy of 'runs/online-ftl-limit-20261009/source-pdf18-text-v1.txt', LF will be replaced by CRLF the next time Git touches it
warning: in the working copy of 'runs/online-ftl-limit-20261009/source-render-pdf14-v1-exit.json', LF will be replaced by CRLF the next time Git touches it
warning: in the working copy of 'runs/online-ftl-limit-20261009/source-render-pdf16-v1-exit.json', LF will be replaced by CRLF the next time Git touches it
warning: in the working copy of 'runs/online-ftl-limit-20261009/source-render-pdf18-v1-exit.json', LF will be replaced by CRLF the next time Git touches it
warning: in the working copy of 'runs/online-ftl-limit-20261009/stabilize-v1.py', LF will be replaced by CRLF the next time Git touches it
warning: in the working copy of 'runs/online-ftl-limit-20261009/stabilized-contract-v1.json', LF will be replaced by CRLF the next time Git touches it
warning: in the working copy of 'runs/online-ftl-limit-20261009/stabilized-lifecycle-v1-exit.json', LF will be replaced by CRLF the next time Git touches it
warning: in the working copy of 'runs/online-ftl-limit-20261009/verify-registry-v1.py', LF will be replaced by CRLF the next time Git touches it
warning: in the working copy of 'runs/online-ftl-limit-20261009/whole-public-values-axioms-v1-exit.json', LF will be replaced by CRLF the next time Git touches it
warning: in the working copy of 'runs/online-ftl-limit-20261009/whole-public-values-axioms-v1.lean', LF will be replaced by CRLF the next time Git touches it
warning: in the working copy of 'runs/online-ftl-limit-20261009/whole-public-values-axioms-v1.log', LF will be replaced by CRLF the next time Git touches it
warning: in the working copy of 'tasks/ONLINE-FTL-LIMIT-20261009.md', LF will be replaced by CRLF the next time Git touches it
