{
  "schema_version": 1,
  "entry_id": "entry-ee11cf1b3564b005",
  "session_id": "ONLINE-FTL-LIMIT-20261009",
  "sequence": 0,
  "parent_id": "",
  "event_type": "draft",
  "created_at": "2026-10-08T17:38:40+00:00",
  "payload": {
    "run_id": "online-ftl-limit-20261009",
    "contract_version": 1,
    "source_sha256": "cef4edfa97a6e063e53e9c532717c50aa156e5bc782ea49f969b3385011a1b17",
    "target_statement_hashes": [
      "1f39d2dcdf7e6643cc69a3aae76a423642eff8947d29071c750241da223474cf",
      "53b787b2b0a558701890251688011a477b8d8df77f4c8125fc430703212de81e",
      "80dc80f444a9a8e7c3314da200b0cc6f59f63dcc902ec05a2dbd56f775d64029",
      "b9fa340a1fc3e48a6a614a15cd6bdc1ea67ff514a46a203d8ba272a150c456f2",
      "56b3b3feb14d54850212b0f6a6ff4b92941fb42a236c6e93152def4d5a66ed8d"
    ],
    "obligations": 5,
    "compiled": 0,
    "chapter_complete": false,
    "goal_complete": false
  }
}
