{
  "schema_version": 1,
  "entry_id": "entry-7a6b44d2edad72fb",
  "session_id": "ONLINE-FTL-LIMIT-20261009",
  "sequence": 6,
  "parent_id": "entry-b3374552ba431214",
  "event_type": "proving",
  "created_at": "2026-10-08T17:47:38+00:00",
  "payload": {
    "run_id": "online-ftl-limit-20261009",
    "leaf": "F3",
    "dependency_ready": true,
    "requires": [
      "F1"
    ],
    "statement_hash": "80dc80f444a9a8e7c3314da200b0cc6f59f63dcc902ec05a2dbd56f775d64029",
    "single_lower_route": true,
    "terminal_edit_allowed": false
  }
}
