{
  "schema_version": 1,
  "entry_id": "entry-432a9f5a63890915",
  "session_id": "ONLINE-FTL-LIMIT-20261009",
  "sequence": 7,
  "parent_id": "entry-7a6b44d2edad72fb",
  "event_type": "proving",
  "created_at": "2026-10-08T17:48:19+00:00",
  "payload": {
    "run_id": "online-ftl-limit-20261009",
    "leaf": "F4",
    "dependency_ready": true,
    "requires": [
      "F2",
      "F3"
    ],
    "statement_hash": "b9fa340a1fc3e48a6a614a15cd6bdc1ea67ff514a46a203d8ba272a150c456f2",
    "single_lower_route": true,
    "terminal_edit_allowed": false
  }
}
