{
  "schema_version": 1,
  "entry_id": "entry-efcce0f76e66e664",
  "session_id": "ONLINE-FTL-LIMIT-20261009",
  "sequence": 8,
  "parent_id": "entry-432a9f5a63890915",
  "event_type": "proving",
  "created_at": "2026-10-08T17:49:54+00:00",
  "payload": {
    "run_id": "online-ftl-limit-20261009",
    "leaf": "F5",
    "dependency_ready": true,
    "requires": [
      "F4"
    ],
    "statement_hash": "56b3b3feb14d54850212b0f6a6ff4b92941fb42a236c6e93152def4d5a66ed8d",
    "single_lower_route": true,
    "terminal_edit_allowed": false
  }
}
