{
  "time": "2026-10-08T17:50:06+00:00",
  "task": "ONLINE-FTL-LIMIT-20261009",
  "role": "lower",
  "kind": "attempt",
  "status": "compiled",
  "notes": "Actual focused module compile result; frozen terminal unchanged; source/body acceptance pending.",
  "lean": "BanditRLProof/OnlineFTLLimitSemantics.lean",
  "source": "",
  "run_id": "online-ftl-limit-20261009",
  "changed_files": [],
  "statement_hash": "56b3b3feb14d54850212b0f6a6ff4b92941fb42a236c6e93152def4d5a66ed8d",
  "parent_id": "",
  "route_fingerprint": "",
  "verifier_evidence": [
    "E:/ABRL/worktrees/research-online-book/runs/online-ftl-limit-20261009/F5-focused-v1-exit.json"
  ],
  "harness": "",
  "experiment_id": "",
  "target_fingerprint": "",
  "route_packet_hash": "",
  "attempt_id": "F5-v1",
  "worker_id": "",
  "progress_class": "unreviewed",
  "reviewer_validated": false,
  "obligations_before": 5,
  "obligations_after": 5,
  "new_declarations": [],
  "reused_declarations": [],
  "dag_nodes": 0,
  "dag_depth": 0,
  "elapsed_seconds": 0.0,
  "lean_check_seconds": 0.0,
  "prompt_chars": 0,
  "input_tokens": 0,
  "output_tokens": 0,
  "error_signature": ""
}
