SITE CHECK PASSED
- HTML pages: 960
- modules: 855
- declarations: 10964
- highlights: 413
- milestones: 97
- textbook crosswalks: 40
- source theorem restatements: 97
- BanditRLwiki settings/cases/papers: 7/13/19
- BanditRLwiki theorem surfaces: 27
- BanditRLwiki literature-open/formalization-open cases: 0/13
- BanditRLwiki named formalization leaves: 36
- BanditRLwiki active source-frozen ports: 2
- Live Formalization mappings: 413
- Mermaid blocks: 19
- Lean source links: 12282
- internal links and anchors: valid
- README relative links: valid
- MathJax loader and readable mathematical fallbacks: valid
- GitHub Pages workflow: complete
