{
  "schema_version": 1,
  "entry_id": "entry-0a0bf5c8fe931515",
  "session_id": "ONLINE-RANDOMIZED-IID-20261008",
  "sequence": 9,
  "parent_id": "entry-a522e10f9148d20b",
  "event_type": "accepted",
  "created_at": "2026-10-08T08:49:12+00:00",
  "payload": {
    "run_id": "online-randomized-iid-20261008",
    "contract_version": 2,
    "accepted_decision": "E:/ABRL/worktrees/research-online-book/runs/online-randomized-iid-20261008/accepted-decision-v3.json",
    "scope_only": "bounded-independent-private-tape",
    "source_package_accepted": true,
    "chapter_complete": false,
    "goal_complete": false,
    "merged": false,
    "live": false,
    "new_public_proofs": 7,
    "new_public_definitions": 1,
    "bounded_subobligation_closures": 1,
    "whole_source_items_closed": 0
  }
}
