{
  "id": "mem-3d9b8d7a7aed54e9",
  "created_at": "2026-10-08T08:49:13+00:00",
  "type": "source_fact",
  "task": "ONLINE-RANDOMIZED-IID-20261008",
  "provenance": {
    "kind": "local_first_retrieval",
    "reference": "E:\\ABRL\\worktrees\\research-online-book\\runs\\online-randomized-iid-20261008\\canary-XOR-focused-build-v3-exit.json"
  },
  "assumptions": [],
  "declaration": "",
  "file": "",
  "status": "verified",
  "verifier_evidence": [
    "Tests\\OnlineGuessingRandomizedIIDCanary.lean"
  ],
  "supersession": {
    "supersedes": [],
    "reason": ""
  },
  "roles": [],
  "details": {
    "query": "Produce actual independent private tape/strict-past expected-fixed IID excess",
    "search_order": [
      "local declarations",
      "ABRL theorem cards",
      "Mathlib cards"
    ],
    "candidates": [
      "BanditRL.OnlineLearning.private_seed_past_independent",
      "BanditRL.OnlineLearning.randomized_history_policy_expectedFixed_excess"
    ],
    "rejections": [],
    "compiled_scratch": "Tests\\OnlineGuessingRandomizedIIDCanary.lean"
  }
}
