{
  "id": "mem-36aa1e5fbc665d45",
  "created_at": "2026-10-08T08:49:12+00:00",
  "type": "verified_lemma",
  "task": "ONLINE-RANDOMIZED-IID-20261008",
  "provenance": {
    "kind": "source-reviewed-compiled-private-tape-IID",
    "reference": "E:\\ABRL\\worktrees\\research-online-book\\runs\\online-randomized-iid-20261008\\accepted-decision-v3.json"
  },
  "assumptions": [],
  "declaration": "BanditRL.OnlineLearning.randomized_history_policy_expectedFixed_excess",
  "file": "BanditRLProof\\OnlineGuessingRandomizedIID.lean",
  "status": "accepted",
  "verifier_evidence": [
    "E:\\ABRL\\worktrees\\research-online-book\\runs\\online-randomized-iid-20261008\\final-reader-receipt-v3.json"
  ],
  "supersession": {
    "supersedes": [],
    "reason": ""
  },
  "roles": [
    "reviewer"
  ],
  "details": {
    "scope": "Independent private tape and subordinate strict-past information finite IID producer only: whole-process tape independence, jointly IID measurable a.s.unit targets, same-law expected fixed benchmark, derived current independence and L2, real jointly measurable policy feasible for every seed only on legal histories. Seven derived proofs and one information definition; same-prefix excess identity and nonnegativity, not a new rate or seven printed results.",
    "remaining_required": "Universal-kernel/completed-information/AE-factorization full-source coverage audit and source asymptotic-success equivalence REQUIRED; original16 C1 source items/proof-totalnull/five old main-relative source-module audits unwaived/C1C2open/3-16unenumerated/necessaryappendicesrequired/GoalACTIVE. OPENdraft/unmerged PR194 exact b08 stack; no main/live/merge/deploy/retirement.",
    "source_package_accepted": true,
    "chapter_complete": false,
    "goal_complete": false,
    "merged": false,
    "live": false,
    "new_public_proofs": 7,
    "new_public_definitions": 1,
    "bounded_subobligation_closures": 1,
    "whole_source_items_closed": 0
  }
}
