{
  "time": "2026-10-08T08:49:12+00:00",
  "task": "ONLINE-RANDOMIZED-IID-20261008",
  "role": "reviewer",
  "kind": "review",
  "status": "accepted",
  "notes": "ONLINE-RANDOMIZED-IID-20261008 Independent private tape and subordinate strict-past information finite IID producer only: whole-process tape independence, jointly IID measurable a.s.unit targets, same-law expected fixed benchmark, derived current independence and L2, real jointly measurable policy feasible for every seed only on legal histories. Seven derived proofs and one information definition; same-prefix excess identity and nonnegativity, not a new rate or seven printed results. Universal-kernel/completed-information/AE-factorization full-source coverage audit and source asymptotic-success equivalence REQUIRED; original16 C1 source items/proof-totalnull/five old main-relative source-module audits unwaived/C1C2open/3-16unenumerated/necessaryappendicesrequired/GoalACTIVE. OPENdraft/unmerged PR194 exact b08 stack; no main/live/merge/deploy/retirement. Actual55kernel/42theorem13definition/26VALUEpairs/36nativeguards, 29namedcanaries9fixtures2probabilityproofs2anonymousclassvalues; arbitrary-universe exact public/canary/whole-definition types. Root9098/Tests9255/fullharness472skip7/currentcommittedcontributor5productionpaths1contract. Clean f8c25ea9e5e43841410c0449cb226650cdb057cb v3localLeanverifiedsite;10923oldregistryIDsURLsHashes+8newnodes;13currentoriginalimages viewed by ROOT and distinct FINAL reviewer. Decoder reconstruction recorded; distinct CONTRACT1143/BODY1582/FINAL1822 source reviews accepted-with-explicit-delta with exactR1-R7; no human/external/absolute-blind/model-runtime attestation. Only frozen seven terminals progress7->0. Raw failed attempts/tracking-only/parser/weak historical guessed-hash OR-prefix guard/reader corrections retained. Fullunexcluded whitespaceexit2/scopedpass/exactfiveSHA-boundRAWstdoutexceptions/noexecutablehelper exemption. Actual native acceptance and PR delivery remain separate, performed below with versioned evidence.",
  "lean": "",
  "source": "",
  "run_id": "online-randomized-iid-20261008",
  "changed_files": [],
  "statement_hash": "65b2dbf8795c2d28058ba3d293ec741c60479aa1908ddeb22939bc3e3d4793b5",
  "parent_id": "",
  "route_fingerprint": "",
  "verifier_evidence": [
    "E:\\ABRL\\worktrees\\research-online-book\\runs\\online-randomized-iid-20261008\\final-reader-receipt-v3.json"
  ],
  "harness": "hierarchical",
  "experiment_id": "",
  "target_fingerprint": "",
  "route_packet_hash": "",
  "attempt_id": "PRIVATE-IID-V2",
  "worker_id": "",
  "progress_class": "terminal",
  "reviewer_validated": true,
  "obligations_before": 7,
  "obligations_after": 0,
  "new_declarations": [
    "BanditRL.OnlineLearning.randomized_history_policy_expectedFixed_excess"
  ],
  "reused_declarations": [],
  "dag_nodes": 0,
  "dag_depth": 0,
  "elapsed_seconds": 0.0,
  "lean_check_seconds": 0.0,
  "prompt_chars": 0,
  "input_tokens": 0,
  "output_tokens": 0,
  "error_signature": ""
}
