E:\ABRL\worktrees\research-online-book\runs\online-randomized-iid-20261008\leaves\actual-public-types-kernel-v2.lean:17:0: warning: Definition `NeutralSeed.C2` of class type must be marked with `@[reducible]` or `@[implicit_reducible]`
E:\ABRL\worktrees\research-online-book\runs\online-randomized-iid-20261008\leaves\actual-public-types-kernel-v2.lean:28:5: warning: unused variable `hS`

Note: This linter can be disabled with `set_option linter.unusedVariables false`
E:\ABRL\worktrees\research-online-book\runs\online-randomized-iid-20261008\leaves\actual-public-types-kernel-v2.lean:28:25: warning: unused variable `hX`

Note: This linter can be disabled with `set_option linter.unusedVariables false`
E:\ABRL\worktrees\research-online-book\runs\online-randomized-iid-20261008\leaves\actual-public-types-kernel-v2.lean:28:45: warning: unused variable `hY`

Note: This linter can be disabled with `set_option linter.unusedVariables false`
E:\ABRL\worktrees\research-online-book\runs\online-randomized-iid-20261008\leaves\actual-public-types-kernel-v2.lean:29:5: warning: unused variable `hseed`

Note: This linter can be disabled with `set_option linter.unusedVariables false`
E:\ABRL\worktrees\research-online-book\runs\online-randomized-iid-20261008\leaves\actual-public-types-kernel-v2.lean:29:50: warning: unused variable `hXY`

Note: This linter can be disabled with `set_option linter.unusedVariables false`
E:\ABRL\worktrees\research-online-book\runs\online-randomized-iid-20261008\leaves\actual-public-types-kernel-v2.lean:34:5: warning: unused variable `hY`

Note: This linter can be disabled with `set_option linter.unusedVariables false`
E:\ABRL\worktrees\research-online-book\runs\online-randomized-iid-20261008\leaves\actual-public-types-kernel-v2.lean:34:34: warning: unused variable `hind`

Note: This linter can be disabled with `set_option linter.unusedVariables false`
E:\ABRL\worktrees\research-online-book\runs\online-randomized-iid-20261008\leaves\actual-public-types-kernel-v2.lean:35:20: warning: unused variable `hS`

Note: This linter can be disabled with `set_option linter.unusedVariables false`
E:\ABRL\worktrees\research-online-book\runs\online-randomized-iid-20261008\leaves\actual-public-types-kernel-v2.lean:36:5: warning: unused variable `hseed`

Note: This linter can be disabled with `set_option linter.unusedVariables false`
E:\ABRL\worktrees\research-online-book\runs\online-randomized-iid-20261008\leaves\actual-public-types-kernel-v2.lean:46:5: warning: unused variable `hY`

Note: This linter can be disabled with `set_option linter.unusedVariables false`
E:\ABRL\worktrees\research-online-book\runs\online-randomized-iid-20261008\leaves\actual-public-types-kernel-v2.lean:46:34: warning: unused variable `hind`

Note: This linter can be disabled with `set_option linter.unusedVariables false`
E:\ABRL\worktrees\research-online-book\runs\online-randomized-iid-20261008\leaves\actual-public-types-kernel-v2.lean:47:20: warning: unused variable `hS`

Note: This linter can be disabled with `set_option linter.unusedVariables false`
E:\ABRL\worktrees\research-online-book\runs\online-randomized-iid-20261008\leaves\actual-public-types-kernel-v2.lean:48:5: warning: unused variable `hseed`

Note: This linter can be disabled with `set_option linter.unusedVariables false`
E:\ABRL\worktrees\research-online-book\runs\online-randomized-iid-20261008\leaves\actual-public-types-kernel-v2.lean:49:37: warning: unused variable `hF`

Note: This linter can be disabled with `set_option linter.unusedVariables false`
E:\ABRL\worktrees\research-online-book\runs\online-randomized-iid-20261008\leaves\actual-public-types-kernel-v2.lean:50:17: warning: unused variable `hP`

Note: This linter can be disabled with `set_option linter.unusedVariables false`
E:\ABRL\worktrees\research-online-book\runs\online-randomized-iid-20261008\leaves\actual-public-types-kernel-v2.lean:55:5: warning: unused variable `hY`

Note: This linter can be disabled with `set_option linter.unusedVariables false`
E:\ABRL\worktrees\research-online-book\runs\online-randomized-iid-20261008\leaves\actual-public-types-kernel-v2.lean:55:34: warning: unused variable `hind`

Note: This linter can be disabled with `set_option linter.unusedVariables false`
E:\ABRL\worktrees\research-online-book\runs\online-randomized-iid-20261008\leaves\actual-public-types-kernel-v2.lean:56:20: warning: unused variable `hS`

Note: This linter can be disabled with `set_option linter.unusedVariables false`
E:\ABRL\worktrees\research-online-book\runs\online-randomized-iid-20261008\leaves\actual-public-types-kernel-v2.lean:57:5: warning: unused variable `hseed`

Note: This linter can be disabled with `set_option linter.unusedVariables false`
E:\ABRL\worktrees\research-online-book\runs\online-randomized-iid-20261008\leaves\actual-public-types-kernel-v2.lean:59:5: warning: unused variable `hp`

Note: This linter can be disabled with `set_option linter.unusedVariables false`
E:\ABRL\worktrees\research-online-book\runs\online-randomized-iid-20261008\leaves\actual-public-types-kernel-v2.lean:64:5: warning: unused variable `hY`

Note: This linter can be disabled with `set_option linter.unusedVariables false`
E:\ABRL\worktrees\research-online-book\runs\online-randomized-iid-20261008\leaves\actual-public-types-kernel-v2.lean:65:5: warning: unused variable `hlaw`

Note: This linter can be disabled with `set_option linter.unusedVariables false`
E:\ABRL\worktrees\research-online-book\runs\online-randomized-iid-20261008\leaves\actual-public-types-kernel-v2.lean:66:5: warning: unused variable `hb`

Note: This linter can be disabled with `set_option linter.unusedVariables false`
E:\ABRL\worktrees\research-online-book\runs\online-randomized-iid-20261008\leaves\actual-public-types-kernel-v2.lean:67:5: warning: unused variable `hind`

Note: This linter can be disabled with `set_option linter.unusedVariables false`
E:\ABRL\worktrees\research-online-book\runs\online-randomized-iid-20261008\leaves\actual-public-types-kernel-v2.lean:68:20: warning: unused variable `hS`

Note: This linter can be disabled with `set_option linter.unusedVariables false`
E:\ABRL\worktrees\research-online-book\runs\online-randomized-iid-20261008\leaves\actual-public-types-kernel-v2.lean:69:5: warning: unused variable `hseed`

Note: This linter can be disabled with `set_option linter.unusedVariables false`
E:\ABRL\worktrees\research-online-book\runs\online-randomized-iid-20261008\leaves\actual-public-types-kernel-v2.lean:71:5: warning: unused variable `hF`

Note: This linter can be disabled with `set_option linter.unusedVariables false`
E:\ABRL\worktrees\research-online-book\runs\online-randomized-iid-20261008\leaves\actual-public-types-kernel-v2.lean:72:30: warning: unused variable `hP`

Note: This linter can be disabled with `set_option linter.unusedVariables false`
E:\ABRL\worktrees\research-online-book\runs\online-randomized-iid-20261008\leaves\actual-public-types-kernel-v2.lean:73:5: warning: unused variable `hpb`

Note: This linter can be disabled with `set_option linter.unusedVariables false`
E:\ABRL\worktrees\research-online-book\runs\online-randomized-iid-20261008\leaves\actual-public-types-kernel-v2.lean:81:5: warning: unused variable `hY`

Note: This linter can be disabled with `set_option linter.unusedVariables false`
E:\ABRL\worktrees\research-online-book\runs\online-randomized-iid-20261008\leaves\actual-public-types-kernel-v2.lean:82:5: warning: unused variable `hlaw`

Note: This linter can be disabled with `set_option linter.unusedVariables false`
E:\ABRL\worktrees\research-online-book\runs\online-randomized-iid-20261008\leaves\actual-public-types-kernel-v2.lean:83:5: warning: unused variable `hb`

Note: This linter can be disabled with `set_option linter.unusedVariables false`
E:\ABRL\worktrees\research-online-book\runs\online-randomized-iid-20261008\leaves\actual-public-types-kernel-v2.lean:84:5: warning: unused variable `hind`

Note: This linter can be disabled with `set_option linter.unusedVariables false`
E:\ABRL\worktrees\research-online-book\runs\online-randomized-iid-20261008\leaves\actual-public-types-kernel-v2.lean:85:20: warning: unused variable `hS`

Note: This linter can be disabled with `set_option linter.unusedVariables false`
E:\ABRL\worktrees\research-online-book\runs\online-randomized-iid-20261008\leaves\actual-public-types-kernel-v2.lean:86:5: warning: unused variable `hseed`

Note: This linter can be disabled with `set_option linter.unusedVariables false`
E:\ABRL\worktrees\research-online-book\runs\online-randomized-iid-20261008\leaves\actual-public-types-kernel-v2.lean:88:5: warning: unused variable `hp`

Note: This linter can be disabled with `set_option linter.unusedVariables false`
E:\ABRL\worktrees\research-online-book\runs\online-randomized-iid-20261008\leaves\actual-public-types-kernel-v2.lean:89:5: warning: unused variable `hpb`

Note: This linter can be disabled with `set_option linter.unusedVariables false`
E:\ABRL\worktrees\research-online-book\runs\online-randomized-iid-20261008\leaves\actual-public-types-kernel-v2.lean:105:5: warning: unused variable `hS`

Note: This linter can be disabled with `set_option linter.unusedVariables false`
E:\ABRL\worktrees\research-online-book\runs\online-randomized-iid-20261008\leaves\actual-public-types-kernel-v2.lean:105:25: warning: unused variable `hX`

Note: This linter can be disabled with `set_option linter.unusedVariables false`
E:\ABRL\worktrees\research-online-book\runs\online-randomized-iid-20261008\leaves\actual-public-types-kernel-v2.lean:105:45: warning: unused variable `hY`

Note: This linter can be disabled with `set_option linter.unusedVariables false`
E:\ABRL\worktrees\research-online-book\runs\online-randomized-iid-20261008\leaves\actual-public-types-kernel-v2.lean:106:5: warning: unused variable `hseed`

Note: This linter can be disabled with `set_option linter.unusedVariables false`
E:\ABRL\worktrees\research-online-book\runs\online-randomized-iid-20261008\leaves\actual-public-types-kernel-v2.lean:106:50: warning: unused variable `hXY`

Note: This linter can be disabled with `set_option linter.unusedVariables false`
E:\ABRL\worktrees\research-online-book\runs\online-randomized-iid-20261008\leaves\actual-public-types-kernel-v2.lean:111:5: warning: unused variable `hY`

Note: This linter can be disabled with `set_option linter.unusedVariables false`
E:\ABRL\worktrees\research-online-book\runs\online-randomized-iid-20261008\leaves\actual-public-types-kernel-v2.lean:111:34: warning: unused variable `hind`

Note: This linter can be disabled with `set_option linter.unusedVariables false`
E:\ABRL\worktrees\research-online-book\runs\online-randomized-iid-20261008\leaves\actual-public-types-kernel-v2.lean:112:20: warning: unused variable `hS`

Note: This linter can be disabled with `set_option linter.unusedVariables false`
E:\ABRL\worktrees\research-online-book\runs\online-randomized-iid-20261008\leaves\actual-public-types-kernel-v2.lean:113:5: warning: unused variable `hseed`

Note: This linter can be disabled with `set_option linter.unusedVariables false`
E:\ABRL\worktrees\research-online-book\runs\online-randomized-iid-20261008\leaves\actual-public-types-kernel-v2.lean:123:5: warning: unused variable `hY`

Note: This linter can be disabled with `set_option linter.unusedVariables false`
E:\ABRL\worktrees\research-online-book\runs\online-randomized-iid-20261008\leaves\actual-public-types-kernel-v2.lean:123:34: warning: unused variable `hind`

Note: This linter can be disabled with `set_option linter.unusedVariables false`
E:\ABRL\worktrees\research-online-book\runs\online-randomized-iid-20261008\leaves\actual-public-types-kernel-v2.lean:124:20: warning: unused variable `hS`

Note: This linter can be disabled with `set_option linter.unusedVariables false`
E:\ABRL\worktrees\research-online-book\runs\online-randomized-iid-20261008\leaves\actual-public-types-kernel-v2.lean:125:5: warning: unused variable `hseed`

Note: This linter can be disabled with `set_option linter.unusedVariables false`
E:\ABRL\worktrees\research-online-book\runs\online-randomized-iid-20261008\leaves\actual-public-types-kernel-v2.lean:126:37: warning: unused variable `hF`

Note: This linter can be disabled with `set_option linter.unusedVariables false`
E:\ABRL\worktrees\research-online-book\runs\online-randomized-iid-20261008\leaves\actual-public-types-kernel-v2.lean:127:17: warning: unused variable `hP`

Note: This linter can be disabled with `set_option linter.unusedVariables false`
E:\ABRL\worktrees\research-online-book\runs\online-randomized-iid-20261008\leaves\actual-public-types-kernel-v2.lean:132:5: warning: unused variable `hY`

Note: This linter can be disabled with `set_option linter.unusedVariables false`
E:\ABRL\worktrees\research-online-book\runs\online-randomized-iid-20261008\leaves\actual-public-types-kernel-v2.lean:132:34: warning: unused variable `hind`

Note: This linter can be disabled with `set_option linter.unusedVariables false`
E:\ABRL\worktrees\research-online-book\runs\online-randomized-iid-20261008\leaves\actual-public-types-kernel-v2.lean:133:20: warning: unused variable `hS`

Note: This linter can be disabled with `set_option linter.unusedVariables false`
E:\ABRL\worktrees\research-online-book\runs\online-randomized-iid-20261008\leaves\actual-public-types-kernel-v2.lean:134:5: warning: unused variable `hseed`

Note: This linter can be disabled with `set_option linter.unusedVariables false`
E:\ABRL\worktrees\research-online-book\runs\online-randomized-iid-20261008\leaves\actual-public-types-kernel-v2.lean:136:5: warning: unused variable `hp`

Note: This linter can be disabled with `set_option linter.unusedVariables false`
E:\ABRL\worktrees\research-online-book\runs\online-randomized-iid-20261008\leaves\actual-public-types-kernel-v2.lean:141:5: warning: unused variable `hY`

Note: This linter can be disabled with `set_option linter.unusedVariables false`
E:\ABRL\worktrees\research-online-book\runs\online-randomized-iid-20261008\leaves\actual-public-types-kernel-v2.lean:142:5: warning: unused variable `hlaw`

Note: This linter can be disabled with `set_option linter.unusedVariables false`
E:\ABRL\worktrees\research-online-book\runs\online-randomized-iid-20261008\leaves\actual-public-types-kernel-v2.lean:143:5: warning: unused variable `hb`

Note: This linter can be disabled with `set_option linter.unusedVariables false`
E:\ABRL\worktrees\research-online-book\runs\online-randomized-iid-20261008\leaves\actual-public-types-kernel-v2.lean:144:5: warning: unused variable `hind`

Note: This linter can be disabled with `set_option linter.unusedVariables false`
E:\ABRL\worktrees\research-online-book\runs\online-randomized-iid-20261008\leaves\actual-public-types-kernel-v2.lean:145:20: warning: unused variable `hS`

Note: This linter can be disabled with `set_option linter.unusedVariables false`
E:\ABRL\worktrees\research-online-book\runs\online-randomized-iid-20261008\leaves\actual-public-types-kernel-v2.lean:146:5: warning: unused variable `hseed`

Note: This linter can be disabled with `set_option linter.unusedVariables false`
E:\ABRL\worktrees\research-online-book\runs\online-randomized-iid-20261008\leaves\actual-public-types-kernel-v2.lean:148:5: warning: unused variable `hF`

Note: This linter can be disabled with `set_option linter.unusedVariables false`
E:\ABRL\worktrees\research-online-book\runs\online-randomized-iid-20261008\leaves\actual-public-types-kernel-v2.lean:149:30: warning: unused variable `hP`

Note: This linter can be disabled with `set_option linter.unusedVariables false`
E:\ABRL\worktrees\research-online-book\runs\online-randomized-iid-20261008\leaves\actual-public-types-kernel-v2.lean:150:5: warning: unused variable `hpb`

Note: This linter can be disabled with `set_option linter.unusedVariables false`
E:\ABRL\worktrees\research-online-book\runs\online-randomized-iid-20261008\leaves\actual-public-types-kernel-v2.lean:158:5: warning: unused variable `hY`

Note: This linter can be disabled with `set_option linter.unusedVariables false`
E:\ABRL\worktrees\research-online-book\runs\online-randomized-iid-20261008\leaves\actual-public-types-kernel-v2.lean:159:5: warning: unused variable `hlaw`

Note: This linter can be disabled with `set_option linter.unusedVariables false`
E:\ABRL\worktrees\research-online-book\runs\online-randomized-iid-20261008\leaves\actual-public-types-kernel-v2.lean:160:5: warning: unused variable `hb`

Note: This linter can be disabled with `set_option linter.unusedVariables false`
E:\ABRL\worktrees\research-online-book\runs\online-randomized-iid-20261008\leaves\actual-public-types-kernel-v2.lean:161:5: warning: unused variable `hind`

Note: This linter can be disabled with `set_option linter.unusedVariables false`
E:\ABRL\worktrees\research-online-book\runs\online-randomized-iid-20261008\leaves\actual-public-types-kernel-v2.lean:162:20: warning: unused variable `hS`

Note: This linter can be disabled with `set_option linter.unusedVariables false`
E:\ABRL\worktrees\research-online-book\runs\online-randomized-iid-20261008\leaves\actual-public-types-kernel-v2.lean:163:5: warning: unused variable `hseed`

Note: This linter can be disabled with `set_option linter.unusedVariables false`
E:\ABRL\worktrees\research-online-book\runs\online-randomized-iid-20261008\leaves\actual-public-types-kernel-v2.lean:165:5: warning: unused variable `hp`

Note: This linter can be disabled with `set_option linter.unusedVariables false`
E:\ABRL\worktrees\research-online-book\runs\online-randomized-iid-20261008\leaves\actual-public-types-kernel-v2.lean:166:5: warning: unused variable `hpb`

Note: This linter can be disabled with `set_option linter.unusedVariables false`
BanditRL.OnlineLearning.independent_private_seed_pair.{u, v, w, z} {Ω : Type u} {Seed : Type v} {Χ : Type w}
  {Ζ : Type z} [MeasurableSpace Ω] [MeasurableSpace Seed] [MeasurableSpace Χ] [MeasurableSpace Ζ] (μ : Measure Ω)
  [IsProbabilityMeasure μ] (S : Ω → Seed) (X : Ω → Χ) (Y : Ω → Ζ) (hS : Measurable S) (hX : Measurable X)
  (hY : Measurable Y) (hseed : S ⟂ᵢ[μ] fun ω => (X ω, Y ω)) (hXY : X ⟂ᵢ[μ] Y) : (fun ω => (S ω, X ω)) ⟂ᵢ[μ] Y
'BanditRL.OnlineLearning.independent_private_seed_pair' depends on axioms: [propext, Classical.choice, Quot.sound]
BanditRL.OnlineLearning.private_seed_past_independent.{u, v} {Ω : Type u} {Seed : Type v} [MeasurableSpace Ω]
  [MeasurableSpace Seed] (μ : Measure Ω) [IsProbabilityMeasure μ] (Y : ℕ → Ω → ℝ) (hY : ∀ (t : ℕ), Measurable (Y t))
  (hind : iIndepFun Y μ) (S : Ω → Seed) (hS : Measurable S) (hseed : S ⟂ᵢ[μ] fun ω t => Y t ω) (t : ℕ) :
  (fun ω => (S ω, fun i => Y (↑i) ω)) ⟂ᵢ[μ] Y t
'BanditRL.OnlineLearning.private_seed_past_independent' depends on axioms: [propext, Classical.choice, Quot.sound]
BanditRL.OnlineLearning.privateSeedPastInformation_monotone.{u, v} {Ω : Type u} {Seed : Type v} [MeasurableSpace Seed]
  (S : Ω → Seed) (Y : ℕ → Ω → ℝ) : Monotone (privateSeedPastInformation S Y)
'BanditRL.OnlineLearning.privateSeedPastInformation_monotone' depends on axioms: [propext, Classical.choice, Quot.sound]
BanditRL.OnlineLearning.predictable_private_seed_independent.{u, v} {Ω : Type u} {Seed : Type v} [MeasurableSpace Ω]
  [MeasurableSpace Seed] (μ : Measure Ω) [IsProbabilityMeasure μ] (Y : ℕ → Ω → ℝ) (hY : ∀ (t : ℕ), Measurable (Y t))
  (hind : iIndepFun Y μ) (S : Ω → Seed) (hS : Measurable S) (hseed : S ⟂ᵢ[μ] fun ω t => Y t ω) (t : ℕ)
  (F : MeasurableSpace Ω) (hF : F ≤ privateSeedPastInformation S Y t) (P : Ω → ℝ) (hP : Measurable P) : P ⟂ᵢ[μ] Y t
'BanditRL.OnlineLearning.predictable_private_seed_independent' depends on axioms: [propext,
 Classical.choice,
 Quot.sound]
BanditRL.OnlineLearning.randomized_history_policy_independent.{u, v} {Ω : Type u} {Seed : Type v} [MeasurableSpace Ω]
  [MeasurableSpace Seed] (μ : Measure Ω) [IsProbabilityMeasure μ] (Y : ℕ → Ω → ℝ) (hY : ∀ (t : ℕ), Measurable (Y t))
  (hind : iIndepFun Y μ) (S : Ω → Seed) (hS : Measurable S) (hseed : S ⟂ᵢ[μ] fun ω t => Y t ω)
  (policy : (t : ℕ) → Seed × (↥(Finset.range t) → ℝ) → ℝ) (hp : ∀ (t : ℕ), Measurable (policy t)) (t : ℕ) :
  (fun ω => policy t (S ω, fun i => Y (↑i) ω)) ⟂ᵢ[μ] Y t
'BanditRL.OnlineLearning.randomized_history_policy_independent' depends on axioms: [propext,
 Classical.choice,
 Quot.sound]
BanditRL.OnlineLearning.predictable_private_seed_expectedFixed_excess.{u, v} {Ω : Type u} {Seed : Type v}
  [MeasurableSpace Ω] [MeasurableSpace Seed] (μ : Measure Ω) [IsProbabilityMeasure μ] (Y : ℕ → Ω → ℝ)
  (hY : ∀ (t : ℕ), Measurable (Y t)) (hlaw : ∀ (t : ℕ), IdentDistrib (Y t) (Y 0) μ μ)
  (hb : ∀ (t : ℕ), ∀ᵐ (ω : Ω) ∂μ, Y t ω ∈ Set.Icc 0 1) (hind : iIndepFun Y μ) (S : Ω → Seed) (hS : Measurable S)
  (hseed : S ⟂ᵢ[μ] fun ω t => Y t ω) (F : ℕ → MeasurableSpace Ω)
  (hF : ∀ (t : ℕ), F t ≤ privateSeedPastInformation S Y t) (prediction : ℕ → Ω → ℝ)
  (hP : ∀ (t : ℕ), Measurable (prediction t)) (hpb : ∀ (t : ℕ), ∀ᵐ (ω : Ω) ∂μ, prediction t ω ∈ Set.Icc 0 1) (T : ℕ) :
  expectedFixedRegret μ Y prediction T =
      ∑ t ∈ Finset.range T, ∫ (ω : Ω), (prediction t ω - ∫ (ω : Ω), Y 0 ω ∂μ) ^ 2 ∂μ ∧
    0 ≤ expectedFixedRegret μ Y prediction T
'BanditRL.OnlineLearning.predictable_private_seed_expectedFixed_excess' depends on axioms: [propext,
 Classical.choice,
 Quot.sound]
BanditRL.OnlineLearning.randomized_history_policy_expectedFixed_excess.{u, v} {Ω : Type u} {Seed : Type v}
  [MeasurableSpace Ω] [MeasurableSpace Seed] (μ : Measure Ω) [IsProbabilityMeasure μ] (Y : ℕ → Ω → ℝ)
  (hY : ∀ (t : ℕ), Measurable (Y t)) (hlaw : ∀ (t : ℕ), IdentDistrib (Y t) (Y 0) μ μ)
  (hb : ∀ (t : ℕ), ∀ᵐ (ω : Ω) ∂μ, Y t ω ∈ Set.Icc 0 1) (hind : iIndepFun Y μ) (S : Ω → Seed) (hS : Measurable S)
  (hseed : S ⟂ᵢ[μ] fun ω t => Y t ω) (policy : (t : ℕ) → Seed × (↥(Finset.range t) → ℝ) → ℝ)
  (hp : ∀ (t : ℕ), Measurable (policy t))
  (hpb :
    ∀ (t : ℕ) (s : Seed) (z : ↥(Finset.range t) → ℝ),
      (∀ (i : ↥(Finset.range t)), z i ∈ Set.Icc 0 1) → policy t (s, z) ∈ Set.Icc 0 1)
  (T : ℕ) :
  expectedFixedRegret μ Y (fun t ω => policy t (S ω, fun i => Y (↑i) ω)) T =
      ∑ t ∈ Finset.range T, ∫ (ω : Ω), (policy t (S ω, fun i => Y (↑i) ω) - ∫ (ω : Ω), Y 0 ω ∂μ) ^ 2 ∂μ ∧
    0 ≤ expectedFixedRegret μ Y (fun t ω => policy t (S ω, fun i => Y (↑i) ω)) T
'BanditRL.OnlineLearning.randomized_history_policy_expectedFixed_excess' depends on axioms: [propext,
 Classical.choice,
 Quot.sound]
BanditRL.OnlineLearning.privateSeedPastInformation.{u, v} {Ω : Type u} {Seed : Type v} [MeasurableSpace Seed]
  (S : Ω → Seed) (Y : ℕ → Ω → ℝ) (t : ℕ) : MeasurableSpace Ω
'BanditRL.OnlineLearning.privateSeedPastInformation' depends on axioms: [propext, Classical.choice, Quot.sound]
BanditRL.OnlineLearning.expectedFixedMinimum.{u_1} {Ω : Type u_1} [MeasurableSpace Ω] (μ : Measure Ω) (Y : ℕ → Ω → ℝ)
  (T : ℕ) : ℝ
'BanditRL.OnlineLearning.expectedFixedMinimum' depends on axioms: [propext, Classical.choice, Quot.sound]
BanditRL.OnlineLearning.expectedFixedRegret.{u_1} {Ω : Type u_1} [MeasurableSpace Ω] (μ : Measure Ω)
  (Y prediction : ℕ → Ω → ℝ) (T : ℕ) : ℝ
'BanditRL.OnlineLearning.expectedFixedRegret' depends on axioms: [propext, Classical.choice, Quot.sound]
BanditRL.OnlineLearning.expectedFixedMinimum_eq_variance.{u_1} {Ω : Type u_1} [MeasurableSpace Ω] (μ : Measure Ω)
  [IsProbabilityMeasure μ] (Y : ℕ → Ω → ℝ) (hY : ∀ (t : ℕ), Measurable (Y t))
  (hlaw : ∀ (t : ℕ), IdentDistrib (Y t) (Y 0) μ μ) (hb : ∀ (t : ℕ), ∀ᵐ (ω : Ω) ∂μ, Y t ω ∈ Set.Icc 0 1) (T : ℕ) :
  expectedFixedMinimum μ Y T = ↑T * Var[Y 0; μ]
'BanditRL.OnlineLearning.expectedFixedMinimum_eq_variance' depends on axioms: [propext, Classical.choice, Quot.sound]
BanditRL.OnlineLearning.iid_cumulative_prediction_decomposition.{u_1} {Ω : Type u_1} [MeasurableSpace Ω] (μ : Measure Ω)
  [IsProbabilityMeasure μ] (Y : ℕ → Ω → ℝ) (hY : ∀ (t : ℕ), Measurable (Y t))
  (hlaw : ∀ (t : ℕ), IdentDistrib (Y t) (Y 0) μ μ) (hb : ∀ (t : ℕ), ∀ᵐ (ω : Ω) ∂μ, Y t ω ∈ Set.Icc 0 1)
  (prediction : ℕ → Ω → ℝ) (hP : ∀ (t : ℕ), MemLp (prediction t) 2 μ) (hInd : ∀ (t : ℕ), prediction t ⟂ᵢ[μ] Y t)
  (T : ℕ) :
  ∫ (ω : Ω), ∑ t ∈ Finset.range T, (prediction t ω - Y t ω) ^ 2 ∂μ - ↑T * Var[Y 0; μ] =
    ∑ t ∈ Finset.range T, ∫ (ω : Ω), (prediction t ω - ∫ (ω : Ω), Y 0 ω ∂μ) ^ 2 ∂μ
'BanditRL.OnlineLearning.iid_cumulative_prediction_decomposition' depends on axioms: [propext,
 Classical.choice,
 Quot.sound]
BanditRL.OnlineLearning.independent_prediction_square.{u_1} {Ω : Type u_1} [MeasurableSpace Ω] (μ : Measure Ω)
  [IsProbabilityMeasure μ] (P Y : Ω → ℝ) (hP : MemLp P 2 μ) (hY : MemLp Y 2 μ) (h : P ⟂ᵢ[μ] Y) :
  ∫ (ω : Ω), (P ω - Y ω) ^ 2 ∂μ = ∫ (ω : Ω), (P ω - ∫ (ω : Ω), Y ω ∂μ) ^ 2 ∂μ + Var[Y; μ]
'BanditRL.OnlineLearning.independent_prediction_square' depends on axioms: [propext, Classical.choice, Quot.sound]
ProbabilityTheory.iIndepFun.indepFun_finset.{u_1, u_2, u_10} {Ω : Type u_1} {ι : Type u_2} {_mΩ : MeasurableSpace Ω}
  {μ : Measure Ω} {β : ι → Type u_10} {m : (i : ι) → MeasurableSpace (β i)} {f : (i : ι) → Ω → β i} (S T : Finset ι)
  (hST : Disjoint S T) (hf_Indep : iIndepFun f μ) (hf_meas : ∀ (i : ι), Measurable (f i)) :
  (fun a i => f (↑i) a) ⟂ᵢ[μ] fun a i => f (↑i) a
'ProbabilityTheory.iIndepFun.indepFun_finset' depends on axioms: [propext, Classical.choice, Quot.sound]
ProbabilityTheory.indepFun_iff_map_prod_eq_prod_map_map.{u_1, u_6, u_7} {Ω : Type u_1} {β : Type u_6} {β' : Type u_7}
  {_mΩ : MeasurableSpace Ω} {μ : Measure Ω} {f : Ω → β} {g : Ω → β'} {mβ : MeasurableSpace β} {mβ' : MeasurableSpace β'}
  [IsFiniteMeasure μ] (hf : AEMeasurable f μ) (hg : AEMeasurable g μ) :
  f ⟂ᵢ[μ] g ↔ Measure.map (fun ω => (f ω, g ω)) μ = (Measure.map f μ).prod (Measure.map g μ)
'ProbabilityTheory.indepFun_iff_map_prod_eq_prod_map_map' depends on axioms: [propext, Classical.choice, Quot.sound]
MeasureTheory.Measure.prodAssoc_prod.{u_1, u_2, u_3} {α : Type u_1} {β : Type u_2} {γ : Type u_3} [MeasurableSpace α]
  [MeasurableSpace β] [MeasurableSpace γ] {μ : Measure α} {ν : Measure β} {τ : Measure γ} [SFinite ν] [SFinite μ]
  [SFinite τ] : Measure.map (⇑MeasurableEquiv.prodAssoc) ((μ.prod ν).prod τ) = μ.prod (ν.prod τ)
'MeasureTheory.Measure.prodAssoc_prod' depends on axioms: [propext, Classical.choice, Quot.sound]
ProbabilityTheory.indep_of_indep_of_le_left.{u_1} {Ω : Type u_1} {m₁ m₂ m₃ _mΩ : MeasurableSpace Ω} {μ : Measure Ω}
  (h_indep : Indep m₁ m₂ μ) (h31 : m₃ ≤ m₁) : Indep m₃ m₂ μ
'ProbabilityTheory.indep_of_indep_of_le_left' depends on axioms: [propext, Classical.choice, Quot.sound]
