E:\ABRL\worktrees\research-online-book\runs\online-randomized-iid-20261008\actual-draft-neutral-identities-v2.lean:9:0: warning: Definition `BanditRL.OnlineLearning.privateSeedPastInformation` of class type must be marked with `@[reducible]` or `@[implicit_reducible]`
E:\ABRL\worktrees\research-online-book\runs\online-randomized-iid-20261008\actual-draft-neutral-identities-v2.lean:24:5: warning: unused variable `hS`

Note: This linter can be disabled with `set_option linter.unusedVariables false`
E:\ABRL\worktrees\research-online-book\runs\online-randomized-iid-20261008\actual-draft-neutral-identities-v2.lean:24:25: warning: unused variable `hX`

Note: This linter can be disabled with `set_option linter.unusedVariables false`
E:\ABRL\worktrees\research-online-book\runs\online-randomized-iid-20261008\actual-draft-neutral-identities-v2.lean:24:45: warning: unused variable `hY`

Note: This linter can be disabled with `set_option linter.unusedVariables false`
E:\ABRL\worktrees\research-online-book\runs\online-randomized-iid-20261008\actual-draft-neutral-identities-v2.lean:25:5: warning: unused variable `hseed`

Note: This linter can be disabled with `set_option linter.unusedVariables false`
E:\ABRL\worktrees\research-online-book\runs\online-randomized-iid-20261008\actual-draft-neutral-identities-v2.lean:25:50: warning: unused variable `hXY`

Note: This linter can be disabled with `set_option linter.unusedVariables false`
E:\ABRL\worktrees\research-online-book\runs\online-randomized-iid-20261008\actual-draft-neutral-identities-v2.lean:30:5: warning: unused variable `hY`

Note: This linter can be disabled with `set_option linter.unusedVariables false`
E:\ABRL\worktrees\research-online-book\runs\online-randomized-iid-20261008\actual-draft-neutral-identities-v2.lean:30:34: warning: unused variable `hind`

Note: This linter can be disabled with `set_option linter.unusedVariables false`
E:\ABRL\worktrees\research-online-book\runs\online-randomized-iid-20261008\actual-draft-neutral-identities-v2.lean:31:20: warning: unused variable `hS`

Note: This linter can be disabled with `set_option linter.unusedVariables false`
E:\ABRL\worktrees\research-online-book\runs\online-randomized-iid-20261008\actual-draft-neutral-identities-v2.lean:32:5: warning: unused variable `hseed`

Note: This linter can be disabled with `set_option linter.unusedVariables false`
E:\ABRL\worktrees\research-online-book\runs\online-randomized-iid-20261008\actual-draft-neutral-identities-v2.lean:42:5: warning: unused variable `hY`

Note: This linter can be disabled with `set_option linter.unusedVariables false`
E:\ABRL\worktrees\research-online-book\runs\online-randomized-iid-20261008\actual-draft-neutral-identities-v2.lean:42:34: warning: unused variable `hind`

Note: This linter can be disabled with `set_option linter.unusedVariables false`
E:\ABRL\worktrees\research-online-book\runs\online-randomized-iid-20261008\actual-draft-neutral-identities-v2.lean:43:20: warning: unused variable `hS`

Note: This linter can be disabled with `set_option linter.unusedVariables false`
E:\ABRL\worktrees\research-online-book\runs\online-randomized-iid-20261008\actual-draft-neutral-identities-v2.lean:44:5: warning: unused variable `hseed`

Note: This linter can be disabled with `set_option linter.unusedVariables false`
E:\ABRL\worktrees\research-online-book\runs\online-randomized-iid-20261008\actual-draft-neutral-identities-v2.lean:45:37: warning: unused variable `hF`

Note: This linter can be disabled with `set_option linter.unusedVariables false`
E:\ABRL\worktrees\research-online-book\runs\online-randomized-iid-20261008\actual-draft-neutral-identities-v2.lean:46:17: warning: unused variable `hP`

Note: This linter can be disabled with `set_option linter.unusedVariables false`
E:\ABRL\worktrees\research-online-book\runs\online-randomized-iid-20261008\actual-draft-neutral-identities-v2.lean:51:5: warning: unused variable `hY`

Note: This linter can be disabled with `set_option linter.unusedVariables false`
E:\ABRL\worktrees\research-online-book\runs\online-randomized-iid-20261008\actual-draft-neutral-identities-v2.lean:51:34: warning: unused variable `hind`

Note: This linter can be disabled with `set_option linter.unusedVariables false`
E:\ABRL\worktrees\research-online-book\runs\online-randomized-iid-20261008\actual-draft-neutral-identities-v2.lean:52:20: warning: unused variable `hS`

Note: This linter can be disabled with `set_option linter.unusedVariables false`
E:\ABRL\worktrees\research-online-book\runs\online-randomized-iid-20261008\actual-draft-neutral-identities-v2.lean:53:5: warning: unused variable `hseed`

Note: This linter can be disabled with `set_option linter.unusedVariables false`
E:\ABRL\worktrees\research-online-book\runs\online-randomized-iid-20261008\actual-draft-neutral-identities-v2.lean:55:5: warning: unused variable `hp`

Note: This linter can be disabled with `set_option linter.unusedVariables false`
E:\ABRL\worktrees\research-online-book\runs\online-randomized-iid-20261008\actual-draft-neutral-identities-v2.lean:60:5: warning: unused variable `hY`

Note: This linter can be disabled with `set_option linter.unusedVariables false`
E:\ABRL\worktrees\research-online-book\runs\online-randomized-iid-20261008\actual-draft-neutral-identities-v2.lean:61:5: warning: unused variable `hlaw`

Note: This linter can be disabled with `set_option linter.unusedVariables false`
E:\ABRL\worktrees\research-online-book\runs\online-randomized-iid-20261008\actual-draft-neutral-identities-v2.lean:62:5: warning: unused variable `hb`

Note: This linter can be disabled with `set_option linter.unusedVariables false`
E:\ABRL\worktrees\research-online-book\runs\online-randomized-iid-20261008\actual-draft-neutral-identities-v2.lean:63:5: warning: unused variable `hind`

Note: This linter can be disabled with `set_option linter.unusedVariables false`
E:\ABRL\worktrees\research-online-book\runs\online-randomized-iid-20261008\actual-draft-neutral-identities-v2.lean:64:20: warning: unused variable `hS`

Note: This linter can be disabled with `set_option linter.unusedVariables false`
E:\ABRL\worktrees\research-online-book\runs\online-randomized-iid-20261008\actual-draft-neutral-identities-v2.lean:65:5: warning: unused variable `hseed`

Note: This linter can be disabled with `set_option linter.unusedVariables false`
E:\ABRL\worktrees\research-online-book\runs\online-randomized-iid-20261008\actual-draft-neutral-identities-v2.lean:67:5: warning: unused variable `hF`

Note: This linter can be disabled with `set_option linter.unusedVariables false`
E:\ABRL\worktrees\research-online-book\runs\online-randomized-iid-20261008\actual-draft-neutral-identities-v2.lean:68:30: warning: unused variable `hP`

Note: This linter can be disabled with `set_option linter.unusedVariables false`
E:\ABRL\worktrees\research-online-book\runs\online-randomized-iid-20261008\actual-draft-neutral-identities-v2.lean:69:5: warning: unused variable `hpb`

Note: This linter can be disabled with `set_option linter.unusedVariables false`
E:\ABRL\worktrees\research-online-book\runs\online-randomized-iid-20261008\actual-draft-neutral-identities-v2.lean:77:5: warning: unused variable `hY`

Note: This linter can be disabled with `set_option linter.unusedVariables false`
E:\ABRL\worktrees\research-online-book\runs\online-randomized-iid-20261008\actual-draft-neutral-identities-v2.lean:78:5: warning: unused variable `hlaw`

Note: This linter can be disabled with `set_option linter.unusedVariables false`
E:\ABRL\worktrees\research-online-book\runs\online-randomized-iid-20261008\actual-draft-neutral-identities-v2.lean:79:5: warning: unused variable `hb`

Note: This linter can be disabled with `set_option linter.unusedVariables false`
E:\ABRL\worktrees\research-online-book\runs\online-randomized-iid-20261008\actual-draft-neutral-identities-v2.lean:80:5: warning: unused variable `hind`

Note: This linter can be disabled with `set_option linter.unusedVariables false`
E:\ABRL\worktrees\research-online-book\runs\online-randomized-iid-20261008\actual-draft-neutral-identities-v2.lean:81:20: warning: unused variable `hS`

Note: This linter can be disabled with `set_option linter.unusedVariables false`
E:\ABRL\worktrees\research-online-book\runs\online-randomized-iid-20261008\actual-draft-neutral-identities-v2.lean:82:5: warning: unused variable `hseed`

Note: This linter can be disabled with `set_option linter.unusedVariables false`
E:\ABRL\worktrees\research-online-book\runs\online-randomized-iid-20261008\actual-draft-neutral-identities-v2.lean:84:5: warning: unused variable `hp`

Note: This linter can be disabled with `set_option linter.unusedVariables false`
E:\ABRL\worktrees\research-online-book\runs\online-randomized-iid-20261008\actual-draft-neutral-identities-v2.lean:85:5: warning: unused variable `hpb`

Note: This linter can be disabled with `set_option linter.unusedVariables false`
ProbabilityTheory.indepFun_iff_map_prod_eq_prod_map_map.{u_1, u_6, u_7} {Ω : Type u_1} {β : Type u_6} {β' : Type u_7}
  {_mΩ : MeasurableSpace Ω} {μ : Measure Ω} {f : Ω → β} {g : Ω → β'} {mβ : MeasurableSpace β} {mβ' : MeasurableSpace β'}
  [IsFiniteMeasure μ] (hf : AEMeasurable f μ) (hg : AEMeasurable g μ) :
  f ⟂ᵢ[μ] g ↔ Measure.map (fun ω => (f ω, g ω)) μ = (Measure.map f μ).prod (Measure.map g μ)
MeasureTheory.Measure.prodAssoc_prod.{u_1, u_2, u_3} {α : Type u_1} {β : Type u_2} {γ : Type u_3} [MeasurableSpace α]
  [MeasurableSpace β] [MeasurableSpace γ] {μ : Measure α} {ν : Measure β} {τ : Measure γ} [SFinite ν] [SFinite μ]
  [SFinite τ] : Measure.map (⇑MeasurableEquiv.prodAssoc) ((μ.prod ν).prod τ) = μ.prod (ν.prod τ)
MeasureTheory.Measure.map_map.{u_1, u_2, u_3} {α : Type u_1} {β : Type u_2} {γ : Type u_3} {mα : MeasurableSpace α}
  {mβ : MeasurableSpace β} {mγ : MeasurableSpace γ} {μ : Measure α} {g : β → γ} {f : α → β} (hg : Measurable g)
  (hf : Measurable f) : Measure.map g (Measure.map f μ) = Measure.map (g ∘ f) μ
MeasurableEquiv.map_measurableEquiv_injective.{u_1, u_2} {α : Type u_1} {β : Type u_2} {x✝ : MeasurableSpace α}
  [MeasurableSpace β] (e : α ≃ᵐ β) : Function.Injective (Measure.map ⇑e)
Measurable.comap_le.{u_1, u_2} {α : Type u_1} {β : Type u_2} {m₁ : MeasurableSpace α} {m₂ : MeasurableSpace β}
  {f : α → β} : Measurable f → MeasurableSpace.comap f m₂ ≤ m₁
Measurable.of_comap_le.{u_1, u_2} {α : Type u_1} {β : Type u_2} {m₁ : MeasurableSpace α} {m₂ : MeasurableSpace β}
  {f : α → β} : MeasurableSpace.comap f m₂ ≤ m₁ → Measurable f
MeasurableSpace.comap_mono.{u_1, u_2} {α : Type u_1} {β : Type u_2} {m₁ m₂ : MeasurableSpace α} {g : β → α}
  (h : m₁ ≤ m₂) : MeasurableSpace.comap g m₁ ≤ MeasurableSpace.comap g m₂
MeasurableSpace.comap_comp.{u_1, u_2, u_3} {α : Type u_1} {β : Type u_2} {γ : Type u_3} {m : MeasurableSpace α}
  {f : β → α} {g : γ → β} : MeasurableSpace.comap g (MeasurableSpace.comap f m) = MeasurableSpace.comap (f ∘ g) m
ProbabilityTheory.indep_of_indep_of_le_left.{u_1} {Ω : Type u_1} {m₁ m₂ m₃ _mΩ : MeasurableSpace Ω} {μ : Measure Ω}
  (h_indep : Indep m₁ m₂ μ) (h31 : m₃ ≤ m₁) : Indep m₃ m₂ μ
ProbabilityTheory.IndepFun_iff_Indep.{u_1, u_3, u_4} {Ω : Type u_1} {β : Type u_3} {γ : Type u_4}
  {x✝ : MeasurableSpace Ω} [mβ : MeasurableSpace β] [mγ : MeasurableSpace γ] (f : Ω → β) (g : Ω → γ) (μ : Measure Ω) :
  f ⟂ᵢ[μ] g ↔ Indep (MeasurableSpace.comap f mβ) (MeasurableSpace.comap g mγ) μ
ProbabilityTheory.iIndepFun.indepFun_finset.{u_1, u_2, u_10} {Ω : Type u_1} {ι : Type u_2} {_mΩ : MeasurableSpace Ω}
  {μ : Measure Ω} {β : ι → Type u_10} {m : (i : ι) → MeasurableSpace (β i)} {f : (i : ι) → Ω → β i} (S T : Finset ι)
  (hST : Disjoint S T) (hf_Indep : iIndepFun f μ) (hf_meas : ∀ (i : ι), Measurable (f i)) :
  (fun a i => f (↑i) a) ⟂ᵢ[μ] fun a i => f (↑i) a
BanditRL.OnlineLearning.history_policy_independent.{u_1} {Ω : Type u_1} [MeasurableSpace Ω] (μ : Measure Ω)
  [IsProbabilityMeasure μ] (Y : ℕ → Ω → ℝ) (hY : ∀ (t : ℕ), Measurable (Y t)) (hind : iIndepFun Y μ) (t : ℕ)
  (policy : (↥(Finset.range t) → ℝ) → ℝ) (hp : Measurable policy) : (fun ω => policy fun i => Y (↑i) ω) ⟂ᵢ[μ] Y t
BanditRL.OnlineLearning.expectedFixedMinimum_eq_variance.{u_1} {Ω : Type u_1} [MeasurableSpace Ω] (μ : Measure Ω)
  [IsProbabilityMeasure μ] (Y : ℕ → Ω → ℝ) (hY : ∀ (t : ℕ), Measurable (Y t))
  (hlaw : ∀ (t : ℕ), IdentDistrib (Y t) (Y 0) μ μ) (hb : ∀ (t : ℕ), ∀ᵐ (ω : Ω) ∂μ, Y t ω ∈ Set.Icc 0 1) (T : ℕ) :
  expectedFixedMinimum μ Y T = ↑T * Var[Y 0; μ]
BanditRL.OnlineLearning.iid_cumulative_prediction_decomposition.{u_1} {Ω : Type u_1} [MeasurableSpace Ω] (μ : Measure Ω)
  [IsProbabilityMeasure μ] (Y : ℕ → Ω → ℝ) (hY : ∀ (t : ℕ), Measurable (Y t))
  (hlaw : ∀ (t : ℕ), IdentDistrib (Y t) (Y 0) μ μ) (hb : ∀ (t : ℕ), ∀ᵐ (ω : Ω) ∂μ, Y t ω ∈ Set.Icc 0 1)
  (prediction : ℕ → Ω → ℝ) (hP : ∀ (t : ℕ), MemLp (prediction t) 2 μ) (hInd : ∀ (t : ℕ), prediction t ⟂ᵢ[μ] Y t)
  (T : ℕ) :
  ∫ (ω : Ω), ∑ t ∈ Finset.range T, (prediction t ω - Y t ω) ^ 2 ∂μ - ↑T * Var[Y 0; μ] =
    ∑ t ∈ Finset.range T, ∫ (ω : Ω), (prediction t ω - ∫ (ω : Ω), Y 0 ω ∂μ) ^ 2 ∂μ
E:\ABRL\worktrees\research-online-book\runs\online-randomized-iid-20261008\actual-draft-neutral-identities-v2.lean:109:9: error: a universe level named `u` has already been declared
E:\ABRL\worktrees\research-online-book\runs\online-randomized-iid-20261008\actual-draft-neutral-identities-v2.lean:122:0: warning: Definition `NeutralSeed.C2` of class type must be marked with `@[reducible]` or `@[implicit_reducible]`
E:\ABRL\worktrees\research-online-book\runs\online-randomized-iid-20261008\actual-draft-neutral-identities-v2.lean:133:5: warning: unused variable `hS`

Note: This linter can be disabled with `set_option linter.unusedVariables false`
E:\ABRL\worktrees\research-online-book\runs\online-randomized-iid-20261008\actual-draft-neutral-identities-v2.lean:133:25: warning: unused variable `hX`

Note: This linter can be disabled with `set_option linter.unusedVariables false`
E:\ABRL\worktrees\research-online-book\runs\online-randomized-iid-20261008\actual-draft-neutral-identities-v2.lean:133:45: warning: unused variable `hY`

Note: This linter can be disabled with `set_option linter.unusedVariables false`
E:\ABRL\worktrees\research-online-book\runs\online-randomized-iid-20261008\actual-draft-neutral-identities-v2.lean:134:5: warning: unused variable `hseed`

Note: This linter can be disabled with `set_option linter.unusedVariables false`
E:\ABRL\worktrees\research-online-book\runs\online-randomized-iid-20261008\actual-draft-neutral-identities-v2.lean:134:50: warning: unused variable `hXY`

Note: This linter can be disabled with `set_option linter.unusedVariables false`
E:\ABRL\worktrees\research-online-book\runs\online-randomized-iid-20261008\actual-draft-neutral-identities-v2.lean:139:5: warning: unused variable `hY`

Note: This linter can be disabled with `set_option linter.unusedVariables false`
E:\ABRL\worktrees\research-online-book\runs\online-randomized-iid-20261008\actual-draft-neutral-identities-v2.lean:139:34: warning: unused variable `hind`

Note: This linter can be disabled with `set_option linter.unusedVariables false`
E:\ABRL\worktrees\research-online-book\runs\online-randomized-iid-20261008\actual-draft-neutral-identities-v2.lean:140:20: warning: unused variable `hS`

Note: This linter can be disabled with `set_option linter.unusedVariables false`
E:\ABRL\worktrees\research-online-book\runs\online-randomized-iid-20261008\actual-draft-neutral-identities-v2.lean:141:5: warning: unused variable `hseed`

Note: This linter can be disabled with `set_option linter.unusedVariables false`
E:\ABRL\worktrees\research-online-book\runs\online-randomized-iid-20261008\actual-draft-neutral-identities-v2.lean:151:5: warning: unused variable `hY`

Note: This linter can be disabled with `set_option linter.unusedVariables false`
E:\ABRL\worktrees\research-online-book\runs\online-randomized-iid-20261008\actual-draft-neutral-identities-v2.lean:151:34: warning: unused variable `hind`

Note: This linter can be disabled with `set_option linter.unusedVariables false`
E:\ABRL\worktrees\research-online-book\runs\online-randomized-iid-20261008\actual-draft-neutral-identities-v2.lean:152:20: warning: unused variable `hS`

Note: This linter can be disabled with `set_option linter.unusedVariables false`
E:\ABRL\worktrees\research-online-book\runs\online-randomized-iid-20261008\actual-draft-neutral-identities-v2.lean:153:5: warning: unused variable `hseed`

Note: This linter can be disabled with `set_option linter.unusedVariables false`
E:\ABRL\worktrees\research-online-book\runs\online-randomized-iid-20261008\actual-draft-neutral-identities-v2.lean:154:37: warning: unused variable `hF`

Note: This linter can be disabled with `set_option linter.unusedVariables false`
E:\ABRL\worktrees\research-online-book\runs\online-randomized-iid-20261008\actual-draft-neutral-identities-v2.lean:155:17: warning: unused variable `hP`

Note: This linter can be disabled with `set_option linter.unusedVariables false`
E:\ABRL\worktrees\research-online-book\runs\online-randomized-iid-20261008\actual-draft-neutral-identities-v2.lean:160:5: warning: unused variable `hY`

Note: This linter can be disabled with `set_option linter.unusedVariables false`
E:\ABRL\worktrees\research-online-book\runs\online-randomized-iid-20261008\actual-draft-neutral-identities-v2.lean:160:34: warning: unused variable `hind`

Note: This linter can be disabled with `set_option linter.unusedVariables false`
E:\ABRL\worktrees\research-online-book\runs\online-randomized-iid-20261008\actual-draft-neutral-identities-v2.lean:161:20: warning: unused variable `hS`

Note: This linter can be disabled with `set_option linter.unusedVariables false`
E:\ABRL\worktrees\research-online-book\runs\online-randomized-iid-20261008\actual-draft-neutral-identities-v2.lean:162:5: warning: unused variable `hseed`

Note: This linter can be disabled with `set_option linter.unusedVariables false`
E:\ABRL\worktrees\research-online-book\runs\online-randomized-iid-20261008\actual-draft-neutral-identities-v2.lean:164:5: warning: unused variable `hp`

Note: This linter can be disabled with `set_option linter.unusedVariables false`
E:\ABRL\worktrees\research-online-book\runs\online-randomized-iid-20261008\actual-draft-neutral-identities-v2.lean:169:5: warning: unused variable `hY`

Note: This linter can be disabled with `set_option linter.unusedVariables false`
E:\ABRL\worktrees\research-online-book\runs\online-randomized-iid-20261008\actual-draft-neutral-identities-v2.lean:170:5: warning: unused variable `hlaw`

Note: This linter can be disabled with `set_option linter.unusedVariables false`
E:\ABRL\worktrees\research-online-book\runs\online-randomized-iid-20261008\actual-draft-neutral-identities-v2.lean:171:5: warning: unused variable `hb`

Note: This linter can be disabled with `set_option linter.unusedVariables false`
E:\ABRL\worktrees\research-online-book\runs\online-randomized-iid-20261008\actual-draft-neutral-identities-v2.lean:172:5: warning: unused variable `hind`

Note: This linter can be disabled with `set_option linter.unusedVariables false`
E:\ABRL\worktrees\research-online-book\runs\online-randomized-iid-20261008\actual-draft-neutral-identities-v2.lean:173:20: warning: unused variable `hS`

Note: This linter can be disabled with `set_option linter.unusedVariables false`
E:\ABRL\worktrees\research-online-book\runs\online-randomized-iid-20261008\actual-draft-neutral-identities-v2.lean:174:5: warning: unused variable `hseed`

Note: This linter can be disabled with `set_option linter.unusedVariables false`
E:\ABRL\worktrees\research-online-book\runs\online-randomized-iid-20261008\actual-draft-neutral-identities-v2.lean:176:5: warning: unused variable `hF`

Note: This linter can be disabled with `set_option linter.unusedVariables false`
E:\ABRL\worktrees\research-online-book\runs\online-randomized-iid-20261008\actual-draft-neutral-identities-v2.lean:177:30: warning: unused variable `hP`

Note: This linter can be disabled with `set_option linter.unusedVariables false`
E:\ABRL\worktrees\research-online-book\runs\online-randomized-iid-20261008\actual-draft-neutral-identities-v2.lean:178:5: warning: unused variable `hpb`

Note: This linter can be disabled with `set_option linter.unusedVariables false`
E:\ABRL\worktrees\research-online-book\runs\online-randomized-iid-20261008\actual-draft-neutral-identities-v2.lean:186:5: warning: unused variable `hY`

Note: This linter can be disabled with `set_option linter.unusedVariables false`
E:\ABRL\worktrees\research-online-book\runs\online-randomized-iid-20261008\actual-draft-neutral-identities-v2.lean:187:5: warning: unused variable `hlaw`

Note: This linter can be disabled with `set_option linter.unusedVariables false`
E:\ABRL\worktrees\research-online-book\runs\online-randomized-iid-20261008\actual-draft-neutral-identities-v2.lean:188:5: warning: unused variable `hb`

Note: This linter can be disabled with `set_option linter.unusedVariables false`
E:\ABRL\worktrees\research-online-book\runs\online-randomized-iid-20261008\actual-draft-neutral-identities-v2.lean:189:5: warning: unused variable `hind`

Note: This linter can be disabled with `set_option linter.unusedVariables false`
E:\ABRL\worktrees\research-online-book\runs\online-randomized-iid-20261008\actual-draft-neutral-identities-v2.lean:190:20: warning: unused variable `hS`

Note: This linter can be disabled with `set_option linter.unusedVariables false`
E:\ABRL\worktrees\research-online-book\runs\online-randomized-iid-20261008\actual-draft-neutral-identities-v2.lean:191:5: warning: unused variable `hseed`

Note: This linter can be disabled with `set_option linter.unusedVariables false`
E:\ABRL\worktrees\research-online-book\runs\online-randomized-iid-20261008\actual-draft-neutral-identities-v2.lean:193:5: warning: unused variable `hp`

Note: This linter can be disabled with `set_option linter.unusedVariables false`
E:\ABRL\worktrees\research-online-book\runs\online-randomized-iid-20261008\actual-draft-neutral-identities-v2.lean:194:5: warning: unused variable `hpb`

Note: This linter can be disabled with `set_option linter.unusedVariables false`
