BanditRL.OnlineLearning.independent_private_seed_pair.{u, v, w, z} {Ω : Type u} {Seed : Type v} {Χ : Type w}
  {Ζ : Type z} [MeasurableSpace Ω] [MeasurableSpace Seed] [MeasurableSpace Χ] [MeasurableSpace Ζ]
  (μ : MeasureTheory.Measure Ω) [MeasureTheory.IsProbabilityMeasure μ] (S : Ω → Seed) (X : Ω → Χ) (Y : Ω → Ζ)
  (hS : Measurable S) (hX : Measurable X) (hY : Measurable Y)
  (hseed : ProbabilityTheory.IndepFun S (fun ω => (X ω, Y ω)) μ) (hXY : ProbabilityTheory.IndepFun X Y μ) :
  ProbabilityTheory.IndepFun (fun ω => (S ω, X ω)) Y μ
'BanditRL.OnlineLearning.independent_private_seed_pair' depends on axioms: [propext, Classical.choice, Quot.sound]
BanditRL.OnlineLearning.private_seed_past_independent.{u, v} {Ω : Type u} {Seed : Type v} [MeasurableSpace Ω]
  [MeasurableSpace Seed] (μ : MeasureTheory.Measure Ω) [MeasureTheory.IsProbabilityMeasure μ] (Y : ℕ → Ω → ℝ)
  (hY : ∀ (t : ℕ), Measurable (Y t)) (hind : ProbabilityTheory.iIndepFun Y μ) (S : Ω → Seed) (hS : Measurable S)
  (hseed : ProbabilityTheory.IndepFun S (fun ω t => Y t ω) μ) (t : ℕ) :
  ProbabilityTheory.IndepFun (fun ω => (S ω, fun i => Y (↑i) ω)) (Y t) μ
'BanditRL.OnlineLearning.private_seed_past_independent' depends on axioms: [propext, Classical.choice, Quot.sound]
BanditRL.OnlineLearning.privateSeedPastInformation_monotone.{u, v} {Ω : Type u} {Seed : Type v} [MeasurableSpace Seed]
  (S : Ω → Seed) (Y : ℕ → Ω → ℝ) : Monotone (BanditRL.OnlineLearning.privateSeedPastInformation S Y)
'BanditRL.OnlineLearning.privateSeedPastInformation_monotone' depends on axioms: [propext, Classical.choice, Quot.sound]
BanditRL.OnlineLearning.predictable_private_seed_independent.{u, v} {Ω : Type u} {Seed : Type v} [MeasurableSpace Ω]
  [MeasurableSpace Seed] (μ : MeasureTheory.Measure Ω) [MeasureTheory.IsProbabilityMeasure μ] (Y : ℕ → Ω → ℝ)
  (hY : ∀ (t : ℕ), Measurable (Y t)) (hind : ProbabilityTheory.iIndepFun Y μ) (S : Ω → Seed) (hS : Measurable S)
  (hseed : ProbabilityTheory.IndepFun S (fun ω t => Y t ω) μ) (t : ℕ) (F : MeasurableSpace Ω)
  (hF : F ≤ BanditRL.OnlineLearning.privateSeedPastInformation S Y t) (P : Ω → ℝ) (hP : Measurable P) :
  ProbabilityTheory.IndepFun P (Y t) μ
'BanditRL.OnlineLearning.predictable_private_seed_independent' depends on axioms: [propext,
 Classical.choice,
 Quot.sound]
BanditRL.OnlineLearning.randomized_history_policy_independent.{u, v} {Ω : Type u} {Seed : Type v} [MeasurableSpace Ω]
  [MeasurableSpace Seed] (μ : MeasureTheory.Measure Ω) [MeasureTheory.IsProbabilityMeasure μ] (Y : ℕ → Ω → ℝ)
  (hY : ∀ (t : ℕ), Measurable (Y t)) (hind : ProbabilityTheory.iIndepFun Y μ) (S : Ω → Seed) (hS : Measurable S)
  (hseed : ProbabilityTheory.IndepFun S (fun ω t => Y t ω) μ) (policy : (t : ℕ) → Seed × (↥(Finset.range t) → ℝ) → ℝ)
  (hp : ∀ (t : ℕ), Measurable (policy t)) (t : ℕ) :
  ProbabilityTheory.IndepFun (fun ω => policy t (S ω, fun i => Y (↑i) ω)) (Y t) μ
'BanditRL.OnlineLearning.randomized_history_policy_independent' depends on axioms: [propext,
 Classical.choice,
 Quot.sound]
BanditRL.OnlineLearning.predictable_private_seed_expectedFixed_excess.{u, v} {Ω : Type u} {Seed : Type v}
  [MeasurableSpace Ω] [MeasurableSpace Seed] (μ : MeasureTheory.Measure Ω) [MeasureTheory.IsProbabilityMeasure μ]
  (Y : ℕ → Ω → ℝ) (hY : ∀ (t : ℕ), Measurable (Y t)) (hlaw : ∀ (t : ℕ), ProbabilityTheory.IdentDistrib (Y t) (Y 0) μ μ)
  (hb : ∀ (t : ℕ), ∀ᵐ (ω : Ω) ∂μ, Y t ω ∈ Set.Icc 0 1) (hind : ProbabilityTheory.iIndepFun Y μ) (S : Ω → Seed)
  (hS : Measurable S) (hseed : ProbabilityTheory.IndepFun S (fun ω t => Y t ω) μ) (F : ℕ → MeasurableSpace Ω)
  (hF : ∀ (t : ℕ), F t ≤ BanditRL.OnlineLearning.privateSeedPastInformation S Y t) (prediction : ℕ → Ω → ℝ)
  (hP : ∀ (t : ℕ), Measurable (prediction t)) (hpb : ∀ (t : ℕ), ∀ᵐ (ω : Ω) ∂μ, prediction t ω ∈ Set.Icc 0 1) (T : ℕ) :
  BanditRL.OnlineLearning.expectedFixedRegret μ Y prediction T =
      ∑ t ∈ Finset.range T, ∫ (ω : Ω), (prediction t ω - ∫ (ω : Ω), Y 0 ω ∂μ) ^ 2 ∂μ ∧
    0 ≤ BanditRL.OnlineLearning.expectedFixedRegret μ Y prediction T
'BanditRL.OnlineLearning.predictable_private_seed_expectedFixed_excess' depends on axioms: [propext,
 Classical.choice,
 Quot.sound]
BanditRL.OnlineLearning.randomized_history_policy_expectedFixed_excess.{u, v} {Ω : Type u} {Seed : Type v}
  [MeasurableSpace Ω] [MeasurableSpace Seed] (μ : MeasureTheory.Measure Ω) [MeasureTheory.IsProbabilityMeasure μ]
  (Y : ℕ → Ω → ℝ) (hY : ∀ (t : ℕ), Measurable (Y t)) (hlaw : ∀ (t : ℕ), ProbabilityTheory.IdentDistrib (Y t) (Y 0) μ μ)
  (hb : ∀ (t : ℕ), ∀ᵐ (ω : Ω) ∂μ, Y t ω ∈ Set.Icc 0 1) (hind : ProbabilityTheory.iIndepFun Y μ) (S : Ω → Seed)
  (hS : Measurable S) (hseed : ProbabilityTheory.IndepFun S (fun ω t => Y t ω) μ)
  (policy : (t : ℕ) → Seed × (↥(Finset.range t) → ℝ) → ℝ) (hp : ∀ (t : ℕ), Measurable (policy t))
  (hpb :
    ∀ (t : ℕ) (s : Seed) (z : ↥(Finset.range t) → ℝ),
      (∀ (i : ↥(Finset.range t)), z i ∈ Set.Icc 0 1) → policy t (s, z) ∈ Set.Icc 0 1)
  (T : ℕ) :
  BanditRL.OnlineLearning.expectedFixedRegret μ Y (fun t ω => policy t (S ω, fun i => Y (↑i) ω)) T =
      ∑ t ∈ Finset.range T, ∫ (ω : Ω), (policy t (S ω, fun i => Y (↑i) ω) - ∫ (ω : Ω), Y 0 ω ∂μ) ^ 2 ∂μ ∧
    0 ≤ BanditRL.OnlineLearning.expectedFixedRegret μ Y (fun t ω => policy t (S ω, fun i => Y (↑i) ω)) T
'BanditRL.OnlineLearning.randomized_history_policy_expectedFixed_excess' depends on axioms: [propext,
 Classical.choice,
 Quot.sound]
Tests.OnlineGuessingRandomizedIID.seed_measurable : Measurable Tests.OnlineGuessingRandomizedIID.seed
'Tests.OnlineGuessingRandomizedIID.seed_measurable' depends on axioms: [propext, Classical.choice, Quot.sound]
Tests.OnlineGuessingRandomizedIID.target_measurable (t : ℕ) : Measurable (Tests.OnlineGuessingRandomizedIID.target t)
'Tests.OnlineGuessingRandomizedIID.target_measurable' depends on axioms: [propext, Classical.choice, Quot.sound]
Tests.OnlineGuessingRandomizedIID.seed_has_coinLaw :
  ProbabilityTheory.IdentDistrib Tests.OnlineGuessingRandomizedIID.seed (fun x => x)
    Tests.OnlineGuessingRandomizedIID.seededLaw Tests.OnlineGuessingIIDBenchmark.coinLaw
'Tests.OnlineGuessingRandomizedIID.seed_has_coinLaw' depends on axioms: [propext, Classical.choice, Quot.sound]
Tests.OnlineGuessingRandomizedIID.target_has_coinLaw (t : ℕ) :
  ProbabilityTheory.IdentDistrib (Tests.OnlineGuessingRandomizedIID.target t) (fun x => x)
    Tests.OnlineGuessingRandomizedIID.seededLaw Tests.OnlineGuessingIIDBenchmark.coinLaw
'Tests.OnlineGuessingRandomizedIID.target_has_coinLaw' depends on axioms: [propext, Classical.choice, Quot.sound]
Tests.OnlineGuessingRandomizedIID.target_sameLaw (t : ℕ) :
  ProbabilityTheory.IdentDistrib (Tests.OnlineGuessingRandomizedIID.target t)
    (Tests.OnlineGuessingRandomizedIID.target 0) Tests.OnlineGuessingRandomizedIID.seededLaw
    Tests.OnlineGuessingRandomizedIID.seededLaw
'Tests.OnlineGuessingRandomizedIID.target_sameLaw' depends on axioms: [propext, Classical.choice, Quot.sound]
Tests.OnlineGuessingRandomizedIID.target_support (t : ℕ) :
  ∀ᵐ (ω : ℝ × (ℕ → ℝ)) ∂Tests.OnlineGuessingRandomizedIID.seededLaw,
    Tests.OnlineGuessingRandomizedIID.target t ω ∈ Set.Icc 0 1
'Tests.OnlineGuessingRandomizedIID.target_support' depends on axioms: [propext, Classical.choice, Quot.sound]
Tests.OnlineGuessingRandomizedIID.target_independent :
  ProbabilityTheory.iIndepFun Tests.OnlineGuessingRandomizedIID.target Tests.OnlineGuessingRandomizedIID.seededLaw
'Tests.OnlineGuessingRandomizedIID.target_independent' depends on axioms: [propext, Classical.choice, Quot.sound]
Tests.OnlineGuessingRandomizedIID.seed_independent_whole_process :
  ProbabilityTheory.IndepFun Tests.OnlineGuessingRandomizedIID.seed
    (fun ω t => Tests.OnlineGuessingRandomizedIID.target t ω) Tests.OnlineGuessingRandomizedIID.seededLaw
'Tests.OnlineGuessingRandomizedIID.seed_independent_whole_process' depends on axioms: [propext,
 Classical.choice,
 Quot.sound]
Tests.OnlineGuessingRandomizedIID.target_mean (t : ℕ) :
  ∫ (ω : ℝ × (ℕ → ℝ)), Tests.OnlineGuessingRandomizedIID.target t ω ∂Tests.OnlineGuessingRandomizedIID.seededLaw = 1 / 2
'Tests.OnlineGuessingRandomizedIID.target_mean' depends on axioms: [propext, Classical.choice, Quot.sound]
Tests.OnlineGuessingRandomizedIID.target_variance (t : ℕ) :
  ProbabilityTheory.variance (Tests.OnlineGuessingRandomizedIID.target t) Tests.OnlineGuessingRandomizedIID.seededLaw =
    1 / 4
'Tests.OnlineGuessingRandomizedIID.target_variance' depends on axioms: [propext, Classical.choice, Quot.sound]
Tests.OnlineGuessingRandomizedIID.seedBit_measurable : Measurable Tests.OnlineGuessingRandomizedIID.seedBit
'Tests.OnlineGuessingRandomizedIID.seedBit_measurable' depends on axioms: [propext, Classical.choice, Quot.sound]
Tests.OnlineGuessingRandomizedIID.seedBit_feasible (s : ℝ) : Tests.OnlineGuessingRandomizedIID.seedBit s ∈ Set.Icc 0 1
'Tests.OnlineGuessingRandomizedIID.seedBit_feasible' depends on axioms: [propext, Classical.choice, Quot.sound]
Tests.OnlineGuessingRandomizedIID.seededPolicy_measurable (t : ℕ) :
  Measurable (Tests.OnlineGuessingRandomizedIID.seededPolicy t)
'Tests.OnlineGuessingRandomizedIID.seededPolicy_measurable' depends on axioms: [propext, Classical.choice, Quot.sound]
Tests.OnlineGuessingRandomizedIID.seededPolicy_legal (t : ℕ) (s : ℝ) (z : ↥(Finset.range t) → ℝ)
  (hz : ∀ (i : ↥(Finset.range t)), z i ∈ Set.Icc 0 1) :
  Tests.OnlineGuessingRandomizedIID.seededPolicy t (s, z) ∈ Set.Icc 0 1
'Tests.OnlineGuessingRandomizedIID.seededPolicy_legal' depends on axioms: [propext, Classical.choice, Quot.sound]
Tests.OnlineGuessingRandomizedIID.policy_not_off_cube_bounded :
  ¬∀ (t : ℕ) (s : ℝ) (z : ↥(Finset.range t) → ℝ), Tests.OnlineGuessingRandomizedIID.seededPolicy t (s, z) ∈ Set.Icc 0 1
'Tests.OnlineGuessingRandomizedIID.policy_not_off_cube_bounded' depends on axioms: [propext,
 Classical.choice,
 Quot.sound]
Tests.OnlineGuessingRandomizedIID.actual_information_monotone :
  Monotone
    (BanditRL.OnlineLearning.privateSeedPastInformation Tests.OnlineGuessingRandomizedIID.seed
      Tests.OnlineGuessingRandomizedIID.target)
'Tests.OnlineGuessingRandomizedIID.actual_information_monotone' depends on axioms: [propext,
 Classical.choice,
 Quot.sound]
Tests.OnlineGuessingRandomizedIID.actual_seed_history_independent (t : ℕ) :
  ProbabilityTheory.IndepFun
    (fun ω => (Tests.OnlineGuessingRandomizedIID.seed ω, fun i => Tests.OnlineGuessingRandomizedIID.target (↑i) ω))
    (Tests.OnlineGuessingRandomizedIID.target t) Tests.OnlineGuessingRandomizedIID.seededLaw
'Tests.OnlineGuessingRandomizedIID.actual_seed_history_independent' depends on axioms: [propext,
 Classical.choice,
 Quot.sound]
Tests.OnlineGuessingRandomizedIID.actual_policy_current_independent (t : ℕ) :
  ProbabilityTheory.IndepFun
    (fun ω =>
      Tests.OnlineGuessingRandomizedIID.seededPolicy t
        (Tests.OnlineGuessingRandomizedIID.seed ω, fun i => Tests.OnlineGuessingRandomizedIID.target (↑i) ω))
    (Tests.OnlineGuessingRandomizedIID.target t) Tests.OnlineGuessingRandomizedIID.seededLaw
'Tests.OnlineGuessingRandomizedIID.actual_policy_current_independent' depends on axioms: [propext,
 Classical.choice,
 Quot.sound]
Tests.OnlineGuessingRandomizedIID.actual_randomized_excess_nonnegative (T : ℕ) :
  0 ≤
    BanditRL.OnlineLearning.expectedFixedRegret Tests.OnlineGuessingRandomizedIID.seededLaw
      Tests.OnlineGuessingRandomizedIID.target
      (fun t ω =>
        Tests.OnlineGuessingRandomizedIID.seededPolicy t
          (Tests.OnlineGuessingRandomizedIID.seed ω, fun i => Tests.OnlineGuessingRandomizedIID.target (↑i) ω))
      T
'Tests.OnlineGuessingRandomizedIID.actual_randomized_excess_nonnegative' depends on axioms: [propext,
 Classical.choice,
 Quot.sound]
Tests.OnlineGuessingRandomizedIID.actual_general_information_excess_nonnegative (T : ℕ) :
  0 ≤
    BanditRL.OnlineLearning.expectedFixedRegret Tests.OnlineGuessingRandomizedIID.seededLaw
      Tests.OnlineGuessingRandomizedIID.target
      (fun t ω =>
        Tests.OnlineGuessingRandomizedIID.seededPolicy t
          (Tests.OnlineGuessingRandomizedIID.seed ω, fun i => Tests.OnlineGuessingRandomizedIID.target (↑i) ω))
      T
'Tests.OnlineGuessingRandomizedIID.actual_general_information_excess_nonnegative' depends on axioms: [propext,
 Classical.choice,
 Quot.sound]
Tests.OnlineGuessingRandomizedIID.actual_empty_excess :
  BanditRL.OnlineLearning.expectedFixedRegret Tests.OnlineGuessingRandomizedIID.seededLaw
      Tests.OnlineGuessingRandomizedIID.target
      (fun t ω =>
        Tests.OnlineGuessingRandomizedIID.seededPolicy t
          (Tests.OnlineGuessingRandomizedIID.seed ω, fun i => Tests.OnlineGuessingRandomizedIID.target (↑i) ω))
      0 =
    0
'Tests.OnlineGuessingRandomizedIID.actual_empty_excess' depends on axioms: [propext, Classical.choice, Quot.sound]
Tests.OnlineGuessingRandomizedIID.actual_two_round_excess :
  BanditRL.OnlineLearning.expectedFixedRegret Tests.OnlineGuessingRandomizedIID.seededLaw
      Tests.OnlineGuessingRandomizedIID.target
      (fun t ω =>
        Tests.OnlineGuessingRandomizedIID.seededPolicy t
          (Tests.OnlineGuessingRandomizedIID.seed ω, fun i => Tests.OnlineGuessingRandomizedIID.target (↑i) ω))
      2 =
    1 / 2
'Tests.OnlineGuessingRandomizedIID.actual_two_round_excess' depends on axioms: [propext, Classical.choice, Quot.sound]
Tests.OnlineGuessingRandomizedIID.current_target_not_private_information :
  ¬Measurable (Tests.OnlineGuessingRandomizedIID.target 0)
'Tests.OnlineGuessingRandomizedIID.current_target_not_private_information' depends on axioms: [propext,
 Classical.choice,
 Quot.sound]
Tests.OnlineGuessingRandomizedIID.xor_targets_independent :
  ProbabilityTheory.IndepFun Tests.OnlineGuessingRandomizedIID.xorX Tests.OnlineGuessingRandomizedIID.xorY
    Tests.OnlineGuessingRandomizedIID.fourLaw
'Tests.OnlineGuessingRandomizedIID.xor_targets_independent' depends on axioms: [propext, Classical.choice, Quot.sound]
Tests.OnlineGuessingRandomizedIID.xor_tape_individually_independent_X :
  ProbabilityTheory.IndepFun Tests.OnlineGuessingRandomizedIID.xorTape Tests.OnlineGuessingRandomizedIID.xorX
    Tests.OnlineGuessingRandomizedIID.fourLaw
'Tests.OnlineGuessingRandomizedIID.xor_tape_individually_independent_X' depends on axioms: [propext,
 Classical.choice,
 Quot.sound]
Tests.OnlineGuessingRandomizedIID.xor_tape_individually_independent_Y :
  ProbabilityTheory.IndepFun Tests.OnlineGuessingRandomizedIID.xorTape Tests.OnlineGuessingRandomizedIID.xorY
    Tests.OnlineGuessingRandomizedIID.fourLaw
'Tests.OnlineGuessingRandomizedIID.xor_tape_individually_independent_Y' depends on axioms: [propext,
 Classical.choice,
 Quot.sound]
Tests.OnlineGuessingRandomizedIID.xor_seed_past_not_independent_current :
  ¬ProbabilityTheory.IndepFun
      (fun q => (Tests.OnlineGuessingRandomizedIID.xorTape q, Tests.OnlineGuessingRandomizedIID.xorX q))
      Tests.OnlineGuessingRandomizedIID.xorY Tests.OnlineGuessingRandomizedIID.fourLaw
'Tests.OnlineGuessingRandomizedIID.xor_seed_past_not_independent_current' depends on axioms: [propext,
 Classical.choice,
 Quot.sound]
Tests.OnlineGuessingRandomizedIID.xor_seed_not_independent_whole_pair :
  ¬ProbabilityTheory.IndepFun Tests.OnlineGuessingRandomizedIID.xorTape
      (fun q => (Tests.OnlineGuessingRandomizedIID.xorX q, Tests.OnlineGuessingRandomizedIID.xorY q))
      Tests.OnlineGuessingRandomizedIID.fourLaw
'Tests.OnlineGuessingRandomizedIID.xor_seed_not_independent_whole_pair' depends on axioms: [propext,
 Classical.choice,
 Quot.sound]
Tests.OnlineGuessingRandomizedIID.pairwise_seed_independence_is_insufficient :
  ProbabilityTheory.IndepFun Tests.OnlineGuessingRandomizedIID.xorX Tests.OnlineGuessingRandomizedIID.xorY
      Tests.OnlineGuessingRandomizedIID.fourLaw ∧
    ProbabilityTheory.IndepFun Tests.OnlineGuessingRandomizedIID.xorTape Tests.OnlineGuessingRandomizedIID.xorX
        Tests.OnlineGuessingRandomizedIID.fourLaw ∧
      ProbabilityTheory.IndepFun Tests.OnlineGuessingRandomizedIID.xorTape Tests.OnlineGuessingRandomizedIID.xorY
          Tests.OnlineGuessingRandomizedIID.fourLaw ∧
        ¬ProbabilityTheory.IndepFun
            (fun q => (Tests.OnlineGuessingRandomizedIID.xorTape q, Tests.OnlineGuessingRandomizedIID.xorX q))
            Tests.OnlineGuessingRandomizedIID.xorY Tests.OnlineGuessingRandomizedIID.fourLaw
'Tests.OnlineGuessingRandomizedIID.pairwise_seed_independence_is_insufficient' depends on axioms: [propext,
 Classical.choice,
 Quot.sound]
BanditRL.OnlineLearning.privateSeedPastInformation.{u, v} {Ω : Type u} {Seed : Type v} [MeasurableSpace Seed]
  (S : Ω → Seed) (Y : ℕ → Ω → ℝ) (t : ℕ) : MeasurableSpace Ω
'BanditRL.OnlineLearning.privateSeedPastInformation' depends on axioms: [propext, Classical.choice, Quot.sound]
Tests.OnlineGuessingRandomizedIID.seededLaw : MeasureTheory.Measure (ℝ × (ℕ → ℝ))
'Tests.OnlineGuessingRandomizedIID.seededLaw' depends on axioms: [propext, Classical.choice, Quot.sound]
Tests.OnlineGuessingRandomizedIID.seed (ω : ℝ × (ℕ → ℝ)) : ℝ
'Tests.OnlineGuessingRandomizedIID.seed' depends on axioms: [propext, Classical.choice, Quot.sound]
Tests.OnlineGuessingRandomizedIID.target (t : ℕ) (ω : ℝ × (ℕ → ℝ)) : ℝ
'Tests.OnlineGuessingRandomizedIID.target' depends on axioms: [propext, Classical.choice, Quot.sound]
Tests.OnlineGuessingRandomizedIID.seedBit (s : ℝ) : ℝ
'Tests.OnlineGuessingRandomizedIID.seedBit' depends on axioms: [propext, Classical.choice, Quot.sound]
Tests.OnlineGuessingRandomizedIID.seededPolicy (t : ℕ) (q : ℝ × (↥(Finset.range t) → ℝ)) : ℝ
'Tests.OnlineGuessingRandomizedIID.seededPolicy' depends on axioms: [propext, Classical.choice, Quot.sound]
Tests.OnlineGuessingRandomizedIID.fourLaw : MeasureTheory.Measure (Fin 4)
'Tests.OnlineGuessingRandomizedIID.fourLaw' depends on axioms: [propext, Classical.choice, Quot.sound]
Tests.OnlineGuessingRandomizedIID.xorX (q : Fin 4) : ℝ
'Tests.OnlineGuessingRandomizedIID.xorX' depends on axioms: [propext, Classical.choice, Quot.sound]
Tests.OnlineGuessingRandomizedIID.xorY (q : Fin 4) : ℝ
'Tests.OnlineGuessingRandomizedIID.xorY' depends on axioms: [propext, Classical.choice, Quot.sound]
Tests.OnlineGuessingRandomizedIID.xorTape (q : Fin 4) : ℝ
'Tests.OnlineGuessingRandomizedIID.xorTape' depends on axioms: [propext, Classical.choice, Quot.sound]
Tests.OnlineGuessingRandomizedIID.seededLaw_probability :
  MeasureTheory.IsProbabilityMeasure Tests.OnlineGuessingRandomizedIID.seededLaw
'Tests.OnlineGuessingRandomizedIID.seededLaw_probability' depends on axioms: [propext, Classical.choice, Quot.sound]
Tests.OnlineGuessingRandomizedIID.fourLaw_probability :
  MeasureTheory.IsProbabilityMeasure Tests.OnlineGuessingRandomizedIID.fourLaw
'Tests.OnlineGuessingRandomizedIID.fourLaw_probability' depends on axioms: [propext, Classical.choice, Quot.sound]
BanditRL.OnlineLearning.expectedFixedMinimum.{u_1} {Ω : Type u_1} [MeasurableSpace Ω] (μ : MeasureTheory.Measure Ω)
  (Y : ℕ → Ω → ℝ) (T : ℕ) : ℝ
'BanditRL.OnlineLearning.expectedFixedMinimum' depends on axioms: [propext, Classical.choice, Quot.sound]
BanditRL.OnlineLearning.expectedFixedRegret.{u_1} {Ω : Type u_1} [MeasurableSpace Ω] (μ : MeasureTheory.Measure Ω)
  (Y prediction : ℕ → Ω → ℝ) (T : ℕ) : ℝ
'BanditRL.OnlineLearning.expectedFixedRegret' depends on axioms: [propext, Classical.choice, Quot.sound]
BanditRL.OnlineLearning.expectedFixedMinimum_eq_variance.{u_1} {Ω : Type u_1} [MeasurableSpace Ω]
  (μ : MeasureTheory.Measure Ω) [MeasureTheory.IsProbabilityMeasure μ] (Y : ℕ → Ω → ℝ)
  (hY : ∀ (t : ℕ), Measurable (Y t)) (hlaw : ∀ (t : ℕ), ProbabilityTheory.IdentDistrib (Y t) (Y 0) μ μ)
  (hb : ∀ (t : ℕ), ∀ᵐ (ω : Ω) ∂μ, Y t ω ∈ Set.Icc 0 1) (T : ℕ) :
  BanditRL.OnlineLearning.expectedFixedMinimum μ Y T = ↑T * ProbabilityTheory.variance (Y 0) μ
'BanditRL.OnlineLearning.expectedFixedMinimum_eq_variance' depends on axioms: [propext, Classical.choice, Quot.sound]
BanditRL.OnlineLearning.iid_cumulative_prediction_decomposition.{u_1} {Ω : Type u_1} [MeasurableSpace Ω]
  (μ : MeasureTheory.Measure Ω) [MeasureTheory.IsProbabilityMeasure μ] (Y : ℕ → Ω → ℝ)
  (hY : ∀ (t : ℕ), Measurable (Y t)) (hlaw : ∀ (t : ℕ), ProbabilityTheory.IdentDistrib (Y t) (Y 0) μ μ)
  (hb : ∀ (t : ℕ), ∀ᵐ (ω : Ω) ∂μ, Y t ω ∈ Set.Icc 0 1) (prediction : ℕ → Ω → ℝ)
  (hP : ∀ (t : ℕ), MeasureTheory.MemLp (prediction t) 2 μ)
  (hInd : ∀ (t : ℕ), ProbabilityTheory.IndepFun (prediction t) (Y t) μ) (T : ℕ) :
  ∫ (ω : Ω), ∑ t ∈ Finset.range T, (prediction t ω - Y t ω) ^ 2 ∂μ - ↑T * ProbabilityTheory.variance (Y 0) μ =
    ∑ t ∈ Finset.range T, ∫ (ω : Ω), (prediction t ω - ∫ (ω : Ω), Y 0 ω ∂μ) ^ 2 ∂μ
'BanditRL.OnlineLearning.iid_cumulative_prediction_decomposition' depends on axioms: [propext,
 Classical.choice,
 Quot.sound]
BanditRL.OnlineLearning.independent_prediction_square.{u_1} {Ω : Type u_1} [MeasurableSpace Ω]
  (μ : MeasureTheory.Measure Ω) [MeasureTheory.IsProbabilityMeasure μ] (P Y : Ω → ℝ) (hP : MeasureTheory.MemLp P 2 μ)
  (hY : MeasureTheory.MemLp Y 2 μ) (h : ProbabilityTheory.IndepFun P Y μ) :
  ∫ (ω : Ω), (P ω - Y ω) ^ 2 ∂μ = ∫ (ω : Ω), (P ω - ∫ (ω : Ω), Y ω ∂μ) ^ 2 ∂μ + ProbabilityTheory.variance Y μ
'BanditRL.OnlineLearning.independent_prediction_square' depends on axioms: [propext, Classical.choice, Quot.sound]
Tests.OnlineGuessingRandomizedIID.instMeasurableSpaceFinOfNatNat_tests : MeasurableSpace (Fin 4)
'Tests.OnlineGuessingRandomizedIID.instMeasurableSpaceFinOfNatNat_tests' depends on axioms: [propext,
 Classical.choice,
 Quot.sound]
Tests.OnlineGuessingRandomizedIID.instMeasurableSingletonClassFinOfNatNat_tests : MeasurableSingletonClass (Fin 4)
'Tests.OnlineGuessingRandomizedIID.instMeasurableSingletonClassFinOfNatNat_tests' depends on axioms: [propext,
 Classical.choice,
 Quot.sound]
