{
  "time": "2026-10-08T07:56:32+00:00",
  "task": "ONLINE-RANDOMIZED-IID-20261008",
  "role": "lower",
  "kind": "build",
  "status": "compiled",
  "notes": "Actual nondegenerate infinite-IID/private-seed and pairwise-but-not-joint XOR canaries compiled; exact type/kernel/VALUE audits also pass. BODY/package/chapter pending.",
  "lean": "Tests\\OnlineGuessingRandomizedIIDCanary.lean",
  "source": "",
  "run_id": "online-randomized-iid-20261008",
  "changed_files": [],
  "statement_hash": "",
  "parent_id": "",
  "route_fingerprint": "",
  "verifier_evidence": [
    "E:\\ABRL\\worktrees\\research-online-book\\runs\\online-randomized-iid-20261008\\canary-XOR-focused-build-v3-exit.json"
  ],
  "harness": "hierarchical",
  "experiment_id": "",
  "target_fingerprint": "",
  "route_packet_hash": "",
  "attempt_id": "PRIVATE-CANARY-V3",
  "worker_id": "",
  "progress_class": "compiled-leaf",
  "reviewer_validated": false,
  "obligations_before": 0,
  "obligations_after": 0,
  "new_declarations": [],
  "reused_declarations": [],
  "dag_nodes": 0,
  "dag_depth": 0,
  "elapsed_seconds": 0.0,
  "lean_check_seconds": 0.0,
  "prompt_chars": 0,
  "input_tokens": 0,
  "output_tokens": 0,
  "error_signature": ""
}
