⚠ [3327/3433] Replayed BanditRLProof.OnlineLearningFTL
warning: BanditRLProof/OnlineLearningFTL.lean:81:41: unused variable `hT`

Note: This linter can be disabled with `set_option linter.unusedVariables false`
⚠ [3371/3433] Replayed BanditRLProof.OnlineLearningHistory
warning: BanditRLProof/OnlineLearningHistory.lean:42:6: 'ring' tactic does nothing

Note: This linter can be disabled with `set_option linter.unusedTactic false`
warning: BanditRLProof/OnlineLearningHistory.lean:42:6: this tactic is never executed

Note: This linter can be disabled with `set_option linter.unreachableTactic false`
⚠ [3372/3433] Replayed BanditRLProof.OnlineGuessingIIDBenchmark
warning: BanditRLProof/OnlineGuessingIIDBenchmark.lean:38:8: This simp argument is unused:
  Finset.sum_add_distrib

Hint: Omit it from the simp argument list.
  simp ̵[̵F̵i̵n̵s̵e̵t̵.̵s̵u̵m̵_̵a̵d̵d̵_̵d̵i̵s̵t̵r̵i̵b̵]̵

Note: This linter can be disabled with `set_option linter.unusedSimpArgs false`
warning: BanditRLProof/OnlineGuessingIIDBenchmark.lean:185:5: unused variable `hind`

Note: This linter can be disabled with `set_option linter.unusedVariables false`
warning: BanditRLProof/OnlineGuessingIIDBenchmark.lean:187:5: unused variable `hp`

Note: This linter can be disabled with `set_option linter.unusedVariables false`
warning: BanditRLProof/OnlineGuessingIIDBenchmark.lean:188:5: unused variable `hpb`

Note: This linter can be disabled with `set_option linter.unusedVariables false`
⚠ [3373/3433] Replayed BanditRLProof.OnlineGuessingRandomizedIID
warning: BanditRLProof/OnlineGuessingRandomizedIID.lean:8:0: Definition `BanditRL.OnlineLearning.privateSeedPastInformation` of class type must be marked with `@[reducible]` or `@[implicit_reducible]`
⚠ [3432/3433] Replayed Tests.OnlineGuessingIIDBenchmarkCanary
warning: Tests/OnlineGuessingIIDBenchmarkCanary.lean:199:4: Used `tac1 <;> tac2` where `(tac1; tac2)` would suffice

Note: This linter can be disabled with `set_option linter.unnecessarySeqFocus false`
✖ [3433/3433] Building Tests.OnlineGuessingRandomizedIIDCanary (12s)
trace: .> LEAN_PATH=E:\ABRL\research\.lake\packages\Cli\.lake\build\lib\lean;E:\ABRL\research\.lake\packages\batteries\.lake\build\lib\lean;E:\ABRL\research\.lake\packages\Qq\.lake\build\lib\lean;E:\ABRL\research\.lake\packages\aesop\.lake\build\lib\lean;E:\ABRL\research\.lake\packages\proofwidgets\.lake\build\lib\lean;E:\ABRL\research\.lake\packages\importGraph\.lake\build\lib\lean;E:\ABRL\research\.lake\packages\LeanSearchClient\.lake\build\lib\lean;E:\ABRL\research\.lake\packages\plausible\.lake\build\lib\lean;E:\ABRL\research\.lake\packages\mathlib\.lake\build\lib\lean;E:\ABRL\worktrees\research-online-book\.lake\build\lib\lean c:\Users\admin\.elan\toolchains\leanprover--lean4---v4.29.1\bin\lean.exe E:\ABRL\worktrees\research-online-book\Tests\OnlineGuessingRandomizedIIDCanary.lean -o E:\ABRL\worktrees\research-online-book\.lake\build\lib\lean\Tests\OnlineGuessingRandomizedIIDCanary.olean -i E:\ABRL\worktrees\research-online-book\.lake\build\lib\lean\Tests\OnlineGuessingRandomizedIIDCanary.ilean -c E:\ABRL\worktrees\research-online-book\.lake\build\ir\Tests\OnlineGuessingRandomizedIIDCanary.c --setup E:\ABRL\worktrees\research-online-book\.lake\build\ir\Tests\OnlineGuessingRandomizedIIDCanary.setup.json --json
error: Tests/OnlineGuessingRandomizedIIDCanary.lean:195:63: unsolved goals
case measure_univ
⊢ 4⁻¹ + 4⁻¹ + 4⁻¹ + 4⁻¹ = 1
error: Tests/OnlineGuessingRandomizedIIDCanary.lean:203:64: unsolved goals
case pos
s t : Set ℝ
hs : MeasurableSet s
ht : MeasurableSet t
h0s : 0 ∈ s
h1s : 1 ∈ s
h0t : 0 ∈ t
h1t : 1 ∈ t
⊢ 4⁻¹ + 4⁻¹ + 4⁻¹ + 4⁻¹ = (4⁻¹ + 4⁻¹ + 4⁻¹ + 4⁻¹) * (4⁻¹ + 4⁻¹ + 4⁻¹ + 4⁻¹)

case neg
s t : Set ℝ
hs : MeasurableSet s
ht : MeasurableSet t
h0s : 0 ∈ s
h1s : 1 ∈ s
h0t : 0 ∈ t
h1t : 1 ∉ t
⊢ 4⁻¹ + 4⁻¹ = (4⁻¹ + 4⁻¹ + 4⁻¹ + 4⁻¹) * (4⁻¹ + 4⁻¹)

case pos
s t : Set ℝ
hs : MeasurableSet s
ht : MeasurableSet t
h0s : 0 ∈ s
h1s : 1 ∈ s
h0t : 0 ∉ t
h1t : 1 ∈ t
⊢ 4⁻¹ + 4⁻¹ = (4⁻¹ + 4⁻¹ + 4⁻¹ + 4⁻¹) * (4⁻¹ + 4⁻¹)

case pos
s t : Set ℝ
hs : MeasurableSet s
ht : MeasurableSet t
h0s : 0 ∈ s
h1s : 1 ∉ s
h0t : 0 ∈ t
h1t : 1 ∈ t
⊢ 4⁻¹ + 4⁻¹ = (4⁻¹ + 4⁻¹) * (4⁻¹ + 4⁻¹ + 4⁻¹ + 4⁻¹)

case neg
s t : Set ℝ
hs : MeasurableSet s
ht : MeasurableSet t
h0s : 0 ∈ s
h1s : 1 ∉ s
h0t : 0 ∈ t
h1t : 1 ∉ t
⊢ 4⁻¹ = (4⁻¹ + 4⁻¹) * (4⁻¹ + 4⁻¹)

case pos
s t : Set ℝ
hs : MeasurableSet s
ht : MeasurableSet t
h0s : 0 ∈ s
h1s : 1 ∉ s
h0t : 0 ∉ t
h1t : 1 ∈ t
⊢ 4⁻¹ = (4⁻¹ + 4⁻¹) * (4⁻¹ + 4⁻¹)

case pos
s t : Set ℝ
hs : MeasurableSet s
ht : MeasurableSet t
h0s : 0 ∉ s
h1s : 1 ∈ s
h0t : 0 ∈ t
h1t : 1 ∈ t
⊢ 4⁻¹ + 4⁻¹ = (4⁻¹ + 4⁻¹) * (4⁻¹ + 4⁻¹ + 4⁻¹ + 4⁻¹)

case neg
s t : Set ℝ
hs : MeasurableSet s
ht : MeasurableSet t
h0s : 0 ∉ s
h1s : 1 ∈ s
h0t : 0 ∈ t
h1t : 1 ∉ t
⊢ 4⁻¹ = (4⁻¹ + 4⁻¹) * (4⁻¹ + 4⁻¹)

case pos
s t : Set ℝ
hs : MeasurableSet s
ht : MeasurableSet t
h0s : 0 ∉ s
h1s : 1 ∈ s
h0t : 0 ∉ t
h1t : 1 ∈ t
⊢ 4⁻¹ = (4⁻¹ + 4⁻¹) * (4⁻¹ + 4⁻¹)
error: Tests/OnlineGuessingRandomizedIIDCanary.lean:211:79: unsolved goals
case pos
s t : Set ℝ
hs : MeasurableSet s
ht : MeasurableSet t
h0s : 0 ∈ s
h1s : 1 ∈ s
h0t : 0 ∈ t
h1t : 1 ∈ t
⊢ 4⁻¹ + 4⁻¹ + 4⁻¹ + 4⁻¹ = (4⁻¹ + 4⁻¹ + 4⁻¹ + 4⁻¹) * (4⁻¹ + 4⁻¹ + 4⁻¹ + 4⁻¹)

case neg
s t : Set ℝ
hs : MeasurableSet s
ht : MeasurableSet t
h0s : 0 ∈ s
h1s : 1 ∈ s
h0t : 0 ∈ t
h1t : 1 ∉ t
⊢ 4⁻¹ + 4⁻¹ = (4⁻¹ + 4⁻¹ + 4⁻¹ + 4⁻¹) * (4⁻¹ + 4⁻¹)

case pos
s t : Set ℝ
hs : MeasurableSet s
ht : MeasurableSet t
h0s : 0 ∈ s
h1s : 1 ∈ s
h0t : 0 ∉ t
h1t : 1 ∈ t
⊢ 4⁻¹ + 4⁻¹ = (4⁻¹ + 4⁻¹ + 4⁻¹ + 4⁻¹) * (4⁻¹ + 4⁻¹)

case pos
s t : Set ℝ
hs : MeasurableSet s
ht : MeasurableSet t
h0s : 0 ∈ s
h1s : 1 ∉ s
h0t : 0 ∈ t
h1t : 1 ∈ t
⊢ 4⁻¹ + 4⁻¹ = (4⁻¹ + 4⁻¹) * (4⁻¹ + 4⁻¹ + 4⁻¹ + 4⁻¹)

case neg
s t : Set ℝ
hs : MeasurableSet s
ht : MeasurableSet t
h0s : 0 ∈ s
h1s : 1 ∉ s
h0t : 0 ∈ t
h1t : 1 ∉ t
⊢ 4⁻¹ = (4⁻¹ + 4⁻¹) * (4⁻¹ + 4⁻¹)

case pos
s t : Set ℝ
hs : MeasurableSet s
ht : MeasurableSet t
h0s : 0 ∈ s
h1s : 1 ∉ s
h0t : 0 ∉ t
h1t : 1 ∈ t
⊢ 4⁻¹ = (4⁻¹ + 4⁻¹) * (4⁻¹ + 4⁻¹)

case pos
s t : Set ℝ
hs : MeasurableSet s
ht : MeasurableSet t
h0s : 0 ∉ s
h1s : 1 ∈ s
h0t : 0 ∈ t
h1t : 1 ∈ t
⊢ 4⁻¹ + 4⁻¹ = (4⁻¹ + 4⁻¹) * (4⁻¹ + 4⁻¹ + 4⁻¹ + 4⁻¹)

case neg
s t : Set ℝ
hs : MeasurableSet s
ht : MeasurableSet t
h0s : 0 ∉ s
h1s : 1 ∈ s
h0t : 0 ∈ t
h1t : 1 ∉ t
⊢ 4⁻¹ = (4⁻¹ + 4⁻¹) * (4⁻¹ + 4⁻¹)

case pos
s t : Set ℝ
hs : MeasurableSet s
ht : MeasurableSet t
h0s : 0 ∉ s
h1s : 1 ∈ s
h0t : 0 ∉ t
h1t : 1 ∈ t
⊢ 4⁻¹ = (4⁻¹ + 4⁻¹) * (4⁻¹ + 4⁻¹)
error: Tests/OnlineGuessingRandomizedIIDCanary.lean:219:79: unsolved goals
case pos
s t : Set ℝ
hs : MeasurableSet s
ht : MeasurableSet t
h0s : 0 ∈ s
h1s : 1 ∈ s
h0t : 0 ∈ t
h1t : 1 ∈ t
⊢ 4⁻¹ + 4⁻¹ + 4⁻¹ + 4⁻¹ = (4⁻¹ + 4⁻¹ + 4⁻¹ + 4⁻¹) * (4⁻¹ + 4⁻¹ + 4⁻¹ + 4⁻¹)

case neg
s t : Set ℝ
hs : MeasurableSet s
ht : MeasurableSet t
h0s : 0 ∈ s
h1s : 1 ∈ s
h0t : 0 ∈ t
h1t : 1 ∉ t
⊢ 4⁻¹ + 4⁻¹ = (4⁻¹ + 4⁻¹ + 4⁻¹ + 4⁻¹) * (4⁻¹ + 4⁻¹)

case pos
s t : Set ℝ
hs : MeasurableSet s
ht : MeasurableSet t
h0s : 0 ∈ s
h1s : 1 ∈ s
h0t : 0 ∉ t
h1t : 1 ∈ t
⊢ 4⁻¹ + 4⁻¹ = (4⁻¹ + 4⁻¹ + 4⁻¹ + 4⁻¹) * (4⁻¹ + 4⁻¹)

case pos
s t : Set ℝ
hs : MeasurableSet s
ht : MeasurableSet t
h0s : 0 ∈ s
h1s : 1 ∉ s
h0t : 0 ∈ t
h1t : 1 ∈ t
⊢ 4⁻¹ + 4⁻¹ = (4⁻¹ + 4⁻¹) * (4⁻¹ + 4⁻¹ + 4⁻¹ + 4⁻¹)

case neg
s t : Set ℝ
hs : MeasurableSet s
ht : MeasurableSet t
h0s : 0 ∈ s
h1s : 1 ∉ s
h0t : 0 ∈ t
h1t : 1 ∉ t
⊢ 4⁻¹ = (4⁻¹ + 4⁻¹) * (4⁻¹ + 4⁻¹)

case pos
s t : Set ℝ
hs : MeasurableSet s
ht : MeasurableSet t
h0s : 0 ∈ s
h1s : 1 ∉ s
h0t : 0 ∉ t
h1t : 1 ∈ t
⊢ 4⁻¹ = (4⁻¹ + 4⁻¹) * (4⁻¹ + 4⁻¹)

case pos
s t : Set ℝ
hs : MeasurableSet s
ht : MeasurableSet t
h0s : 0 ∉ s
h1s : 1 ∈ s
h0t : 0 ∈ t
h1t : 1 ∈ t
⊢ 4⁻¹ + 4⁻¹ = (4⁻¹ + 4⁻¹) * (4⁻¹ + 4⁻¹ + 4⁻¹ + 4⁻¹)

case neg
s t : Set ℝ
hs : MeasurableSet s
ht : MeasurableSet t
h0s : 0 ∉ s
h1s : 1 ∈ s
h0t : 0 ∈ t
h1t : 1 ∉ t
⊢ 4⁻¹ = (4⁻¹ + 4⁻¹) * (4⁻¹ + 4⁻¹)

case pos
s t : Set ℝ
hs : MeasurableSet s
ht : MeasurableSet t
h0s : 0 ∉ s
h1s : 1 ∈ s
h0t : 0 ∉ t
h1t : 1 ∈ t
⊢ 4⁻¹ = (4⁻¹ + 4⁻¹) * (4⁻¹ + 4⁻¹)
error: Tests/OnlineGuessingRandomizedIIDCanary.lean:228:62: unsolved goals
h : (fun q => (xorTape q, xorX q)) ⟂ᵢ[fourLaw] xorY
he : 4⁻¹ = 4⁻¹ * (4⁻¹ + 4⁻¹)
⊢ False
error: Lean exited with code 1
Some required targets logged failures:
- Tests.OnlineGuessingRandomizedIIDCanary
error: build failed
