{
  "schema_version": 1,
  "mode": "shadow-read-only",
  "analyzed_at": "2026-10-08T08:03:35+00:00",
  "trials_path": "E:\\ABRL\\worktrees\\research-online-book\\runs\\online-randomized-iid-20261008\\candidate-scoped-trials-v2.jsonl",
  "trial_rows": 18,
  "status_counts": {
    "compiled": 8,
    "failed": 3,
    "running": 7
  },
  "inferred_frontier": {
    "selected_task": "ONLINE-RANDOMIZED-IID-20261008",
    "selected_leaf": "ONLINE-RANDOMIZED-IID-20261008",
    "source_status": "compiled",
    "last_accepted_verifier": {
      "trial_index": 17,
      "time": "2026-10-08T07:56:32+00:00",
      "task": "ONLINE-RANDOMIZED-IID-20261008",
      "role": "lower",
      "kind": "build",
      "status": "compiled",
      "lean": "Tests\\OnlineGuessingRandomizedIIDCanary.lean",
      "notes": "Actual nondegenerate infinite-IID/private-seed and pairwise-but-not-joint XOR canaries compiled; exact type/kernel/VALUE audits also pass. BODY/package/chapter pending.",
      "run_id": "online-randomized-iid-20261008"
    }
  },
  "memory_digest": {
    "path": "E:\\ABRL\\worktrees\\research-online-book\\runs\\online-randomized-iid-20261008\\memory_digest-candidate-v2.md",
    "task": ""
  },
  "recorded_frontier": {
    "schema_version": 1,
    "record_id": "frontier-cee25ba2283ab22f",
    "updated_at": "2026-10-08T08:03:35+00:00",
    "root_objective": "Persistent Orabona Chapters1-16; private-seed/subordinate-information finite IID producer only",
    "current_leaf": {
      "id": "ONLINE-RANDOMIZED-IID-20261008",
      "kind": "lean",
      "status": "gate-pending",
      "statement": "theorem randomized_history_policy_expectedFixed_excess {Ω : Type u} {Seed : Type v} [MeasurableSpace Ω] [MeasurableSpace Seed] (μ : Measure Ω) [IsProbabilityMeasure μ] (Y : ℕ → Ω → ℝ) (hY : ∀ t, Measurable (Y t)) (hlaw : ∀ t, IdentDistrib (Y t) (Y 0) μ μ) (hb : ∀ t, ∀ᵐ ω ∂μ, Y t ω ∈ Set.Icc (0 : ℝ) 1) (hind : iIndepFun Y μ) (S : Ω → Seed) (hS : Measurable S) (hseed : IndepFun S (fun ω t => Y t ω) μ) (policy : (t : ℕ) → (Seed × ((↑(Finset.range t) : Type) → ℝ)) → ℝ) (hp : ∀ t, Measurable (policy t)) (hpb : ∀ t s z, (∀ i, z i ∈ Set.Icc (0 : ℝ) 1) → policy t (s, z) ∈ Set.Icc (0 : ℝ) 1) (T : ℕ) : expectedFixedRegret μ Y (fun t ω => policy t (S ω, fun i => Y i ω)) T = (∑ t ∈ Finset.range T, ∫ ω, (policy t (S ω, fun i => Y i ω) - ∫ ω, Y 0 ω ∂μ)^2 ∂μ) ∧ 0 ≤ expectedFixedRegret μ Y (fun t ω => policy t (S ω, fun i => Y i ω)) T",
      "statement_hash": "65b2dbf8795c2d28058ba3d293ec741c60479aa1908ddeb22939bc3e3d4793b5",
      "declaration": "BanditRL.OnlineLearning.randomized_history_policy_expectedFixed_excess",
      "file": "BanditRLProof\\OnlineGuessingRandomizedIID.lean",
      "source_status": "source-reviewed",
      "dependencies": [
        {
          "kind": "review",
          "name": "source-body",
          "status": "accepted"
        },
        {
          "kind": "lean",
          "name": "BanditRL.OnlineLearning.private_seed_past_independent",
          "status": "compiled"
        },
        {
          "kind": "lean",
          "name": "BanditRL.OnlineLearning.predictable_private_seed_expectedFixed_excess",
          "status": "compiled"
        }
      ]
    },
    "dag": {
      "nodes": [
        {
          "id": "ONLINE-RANDOMIZED-IID-20261008",
          "kind": "lean",
          "status": "gate-pending",
          "dependencies": [
            {
              "kind": "review",
              "name": "source-body",
              "status": "accepted"
            },
            {
              "kind": "lean",
              "name": "BanditRL.OnlineLearning.private_seed_past_independent",
              "status": "compiled"
            },
            {
              "kind": "lean",
              "name": "BanditRL.OnlineLearning.predictable_private_seed_expectedFixed_excess",
              "status": "compiled"
            }
          ],
          "dispatch_count": 0
        }
      ]
    },
    "last_accepted_verifier": {
      "trial_index": 17,
      "time": "2026-10-08T07:56:32+00:00",
      "task": "ONLINE-RANDOMIZED-IID-20261008",
      "role": "lower",
      "kind": "build",
      "status": "compiled",
      "lean": "Tests\\OnlineGuessingRandomizedIIDCanary.lean",
      "notes": "Actual nondegenerate infinite-IID/private-seed and pairwise-but-not-joint XOR canaries compiled; exact type/kernel/VALUE audits also pass. BODY/package/chapter pending.",
      "run_id": "online-randomized-iid-20261008"
    },
    "memory_policy": {
      "recent_role_relevant_limit": 5,
      "explicit_verified_lemma_ids": [],
      "whole_history_default": false
    },
    "shadow_gate": {
      "status": "pending",
      "analyzed_trial_rows": 18,
      "mismatches": [],
      "replay_transitions": 0
    },
    "mutation_policy": {
      "canonical_path_queue": true,
      "cross_process_lock": true,
      "same_file_serialized": true,
      "disjoint_files_parallel": true
    },
    "autonomous_execution": {
      "enabled": false,
      "requires_deterministic_gates": true,
      "requires_explicit_user_request": true
    }
  },
  "mismatches": [],
  "would_mutate": false
}
