E:\ABRL\worktrees\research-online-book\runs\online-randomized-iid-20261008\leaves\ENN-quarter-arithmetic-v6.lean:5:67: error(lean.synthInstanceFailed): failed to synthesize instance of type class
  LE Type

Hint: Type class instance resolution failures can be inspected with the `set_option trace.Meta.synthInstance true` command.
E:\ABRL\worktrees\research-online-book\runs\online-randomized-iid-20261008\leaves\ENN-quarter-arithmetic-v6.lean:5:69: error(lean.synthInstanceFailed): failed to synthesize instance of type class
  OfNat Type 0
numerals are polymorphic in Lean, but the numeral `0` cannot be used in a context where the expected type is
  Type
due to the absence of the instance above

Hint: Type class instance resolution failures can be inspected with the `set_option trace.Meta.synthInstance true` command.
E:\ABRL\worktrees\research-online-book\runs\online-randomized-iid-20261008\leaves\ENN-quarter-arithmetic-v6.lean:5:48: error: unsolved goals
⊢ ¬sorry () = 0
E:\ABRL\worktrees\research-online-book\runs\online-randomized-iid-20261008\leaves\ENN-quarter-arithmetic-v6.lean:10:67: error(lean.synthInstanceFailed): failed to synthesize instance of type class
  LE Type

Hint: Type class instance resolution failures can be inspected with the `set_option trace.Meta.synthInstance true` command.
E:\ABRL\worktrees\research-online-book\runs\online-randomized-iid-20261008\leaves\ENN-quarter-arithmetic-v6.lean:10:69: error(lean.synthInstanceFailed): failed to synthesize instance of type class
  OfNat Type 0
numerals are polymorphic in Lean, but the numeral `0` cannot be used in a context where the expected type is
  Type
due to the absence of the instance above

Hint: Type class instance resolution failures can be inspected with the `set_option trace.Meta.synthInstance true` command.
E:\ABRL\worktrees\research-online-book\runs\online-randomized-iid-20261008\leaves\ENN-quarter-arithmetic-v6.lean:10:48: error: unsolved goals
⊢ ¬sorry () = 0
E:\ABRL\worktrees\research-online-book\runs\online-randomized-iid-20261008\leaves\ENN-quarter-arithmetic-v6.lean:15:67: error(lean.synthInstanceFailed): failed to synthesize instance of type class
  LE Type

Hint: Type class instance resolution failures can be inspected with the `set_option trace.Meta.synthInstance true` command.
E:\ABRL\worktrees\research-online-book\runs\online-randomized-iid-20261008\leaves\ENN-quarter-arithmetic-v6.lean:15:69: error(lean.synthInstanceFailed): failed to synthesize instance of type class
  OfNat Type 0
numerals are polymorphic in Lean, but the numeral `0` cannot be used in a context where the expected type is
  Type
due to the absence of the instance above

Hint: Type class instance resolution failures can be inspected with the `set_option trace.Meta.synthInstance true` command.
E:\ABRL\worktrees\research-online-book\runs\online-randomized-iid-20261008\leaves\ENN-quarter-arithmetic-v6.lean:15:48: error: unsolved goals
⊢ ¬sorry () = 0
