docs\contracts\online-randomized-iid-v1\neutral-context-v2.lean:16:0: warning: Definition `NeutralSeed.C2` of class type must be marked with `@[reducible]` or `@[implicit_reducible]`
docs\contracts\online-randomized-iid-v1\neutral-context-v2.lean:27:5: warning: unused variable `hS`

Note: This linter can be disabled with `set_option linter.unusedVariables false`
docs\contracts\online-randomized-iid-v1\neutral-context-v2.lean:27:25: warning: unused variable `hX`

Note: This linter can be disabled with `set_option linter.unusedVariables false`
docs\contracts\online-randomized-iid-v1\neutral-context-v2.lean:27:45: warning: unused variable `hY`

Note: This linter can be disabled with `set_option linter.unusedVariables false`
docs\contracts\online-randomized-iid-v1\neutral-context-v2.lean:28:5: warning: unused variable `hseed`

Note: This linter can be disabled with `set_option linter.unusedVariables false`
docs\contracts\online-randomized-iid-v1\neutral-context-v2.lean:28:50: warning: unused variable `hXY`

Note: This linter can be disabled with `set_option linter.unusedVariables false`
docs\contracts\online-randomized-iid-v1\neutral-context-v2.lean:33:5: warning: unused variable `hY`

Note: This linter can be disabled with `set_option linter.unusedVariables false`
docs\contracts\online-randomized-iid-v1\neutral-context-v2.lean:33:34: warning: unused variable `hind`

Note: This linter can be disabled with `set_option linter.unusedVariables false`
docs\contracts\online-randomized-iid-v1\neutral-context-v2.lean:34:20: warning: unused variable `hS`

Note: This linter can be disabled with `set_option linter.unusedVariables false`
docs\contracts\online-randomized-iid-v1\neutral-context-v2.lean:35:5: warning: unused variable `hseed`

Note: This linter can be disabled with `set_option linter.unusedVariables false`
docs\contracts\online-randomized-iid-v1\neutral-context-v2.lean:45:5: warning: unused variable `hY`

Note: This linter can be disabled with `set_option linter.unusedVariables false`
docs\contracts\online-randomized-iid-v1\neutral-context-v2.lean:45:34: warning: unused variable `hind`

Note: This linter can be disabled with `set_option linter.unusedVariables false`
docs\contracts\online-randomized-iid-v1\neutral-context-v2.lean:46:20: warning: unused variable `hS`

Note: This linter can be disabled with `set_option linter.unusedVariables false`
docs\contracts\online-randomized-iid-v1\neutral-context-v2.lean:47:5: warning: unused variable `hseed`

Note: This linter can be disabled with `set_option linter.unusedVariables false`
docs\contracts\online-randomized-iid-v1\neutral-context-v2.lean:48:37: warning: unused variable `hF`

Note: This linter can be disabled with `set_option linter.unusedVariables false`
docs\contracts\online-randomized-iid-v1\neutral-context-v2.lean:49:17: warning: unused variable `hP`

Note: This linter can be disabled with `set_option linter.unusedVariables false`
docs\contracts\online-randomized-iid-v1\neutral-context-v2.lean:54:5: warning: unused variable `hY`

Note: This linter can be disabled with `set_option linter.unusedVariables false`
docs\contracts\online-randomized-iid-v1\neutral-context-v2.lean:54:34: warning: unused variable `hind`

Note: This linter can be disabled with `set_option linter.unusedVariables false`
docs\contracts\online-randomized-iid-v1\neutral-context-v2.lean:55:20: warning: unused variable `hS`

Note: This linter can be disabled with `set_option linter.unusedVariables false`
docs\contracts\online-randomized-iid-v1\neutral-context-v2.lean:56:5: warning: unused variable `hseed`

Note: This linter can be disabled with `set_option linter.unusedVariables false`
docs\contracts\online-randomized-iid-v1\neutral-context-v2.lean:58:5: warning: unused variable `hp`

Note: This linter can be disabled with `set_option linter.unusedVariables false`
docs\contracts\online-randomized-iid-v1\neutral-context-v2.lean:63:5: warning: unused variable `hY`

Note: This linter can be disabled with `set_option linter.unusedVariables false`
docs\contracts\online-randomized-iid-v1\neutral-context-v2.lean:64:5: warning: unused variable `hlaw`

Note: This linter can be disabled with `set_option linter.unusedVariables false`
docs\contracts\online-randomized-iid-v1\neutral-context-v2.lean:65:5: warning: unused variable `hb`

Note: This linter can be disabled with `set_option linter.unusedVariables false`
docs\contracts\online-randomized-iid-v1\neutral-context-v2.lean:66:5: warning: unused variable `hind`

Note: This linter can be disabled with `set_option linter.unusedVariables false`
docs\contracts\online-randomized-iid-v1\neutral-context-v2.lean:67:20: warning: unused variable `hS`

Note: This linter can be disabled with `set_option linter.unusedVariables false`
docs\contracts\online-randomized-iid-v1\neutral-context-v2.lean:68:5: warning: unused variable `hseed`

Note: This linter can be disabled with `set_option linter.unusedVariables false`
docs\contracts\online-randomized-iid-v1\neutral-context-v2.lean:70:5: warning: unused variable `hF`

Note: This linter can be disabled with `set_option linter.unusedVariables false`
docs\contracts\online-randomized-iid-v1\neutral-context-v2.lean:71:30: warning: unused variable `hP`

Note: This linter can be disabled with `set_option linter.unusedVariables false`
docs\contracts\online-randomized-iid-v1\neutral-context-v2.lean:72:5: warning: unused variable `hpb`

Note: This linter can be disabled with `set_option linter.unusedVariables false`
docs\contracts\online-randomized-iid-v1\neutral-context-v2.lean:80:5: warning: unused variable `hY`

Note: This linter can be disabled with `set_option linter.unusedVariables false`
docs\contracts\online-randomized-iid-v1\neutral-context-v2.lean:81:5: warning: unused variable `hlaw`

Note: This linter can be disabled with `set_option linter.unusedVariables false`
docs\contracts\online-randomized-iid-v1\neutral-context-v2.lean:82:5: warning: unused variable `hb`

Note: This linter can be disabled with `set_option linter.unusedVariables false`
docs\contracts\online-randomized-iid-v1\neutral-context-v2.lean:83:5: warning: unused variable `hind`

Note: This linter can be disabled with `set_option linter.unusedVariables false`
docs\contracts\online-randomized-iid-v1\neutral-context-v2.lean:84:20: warning: unused variable `hS`

Note: This linter can be disabled with `set_option linter.unusedVariables false`
docs\contracts\online-randomized-iid-v1\neutral-context-v2.lean:85:5: warning: unused variable `hseed`

Note: This linter can be disabled with `set_option linter.unusedVariables false`
docs\contracts\online-randomized-iid-v1\neutral-context-v2.lean:87:5: warning: unused variable `hp`

Note: This linter can be disabled with `set_option linter.unusedVariables false`
docs\contracts\online-randomized-iid-v1\neutral-context-v2.lean:88:5: warning: unused variable `hpb`

Note: This linter can be disabled with `set_option linter.unusedVariables false`
