⚠ [3327/3373] Replayed BanditRLProof.OnlineLearningFTL
warning: BanditRLProof/OnlineLearningFTL.lean:81:41: unused variable `hT`

Note: This linter can be disabled with `set_option linter.unusedVariables false`
⚠ [3371/3373] Replayed BanditRLProof.OnlineLearningHistory
warning: BanditRLProof/OnlineLearningHistory.lean:42:6: 'ring' tactic does nothing

Note: This linter can be disabled with `set_option linter.unusedTactic false`
warning: BanditRLProof/OnlineLearningHistory.lean:42:6: this tactic is never executed

Note: This linter can be disabled with `set_option linter.unreachableTactic false`
⚠ [3372/3373] Replayed BanditRLProof.OnlineGuessingIIDBenchmark
warning: BanditRLProof/OnlineGuessingIIDBenchmark.lean:38:8: This simp argument is unused:
  Finset.sum_add_distrib

Hint: Omit it from the simp argument list.
  simp ̵[̵F̵i̵n̵s̵e̵t̵.̵s̵u̵m̵_̵a̵d̵d̵_̵d̵i̵s̵t̵r̵i̵b̵]̵

Note: This linter can be disabled with `set_option linter.unusedSimpArgs false`
warning: BanditRLProof/OnlineGuessingIIDBenchmark.lean:185:5: unused variable `hind`

Note: This linter can be disabled with `set_option linter.unusedVariables false`
warning: BanditRLProof/OnlineGuessingIIDBenchmark.lean:187:5: unused variable `hp`

Note: This linter can be disabled with `set_option linter.unusedVariables false`
warning: BanditRLProof/OnlineGuessingIIDBenchmark.lean:188:5: unused variable `hpb`

Note: This linter can be disabled with `set_option linter.unusedVariables false`
✖ [3373/3373] Building BanditRLProof.OnlineGuessingRandomizedIID (7.9s)
trace: .> LEAN_PATH=E:\ABRL\research\.lake\packages\Cli\.lake\build\lib\lean;E:\ABRL\research\.lake\packages\batteries\.lake\build\lib\lean;E:\ABRL\research\.lake\packages\Qq\.lake\build\lib\lean;E:\ABRL\research\.lake\packages\aesop\.lake\build\lib\lean;E:\ABRL\research\.lake\packages\proofwidgets\.lake\build\lib\lean;E:\ABRL\research\.lake\packages\importGraph\.lake\build\lib\lean;E:\ABRL\research\.lake\packages\LeanSearchClient\.lake\build\lib\lean;E:\ABRL\research\.lake\packages\plausible\.lake\build\lib\lean;E:\ABRL\research\.lake\packages\mathlib\.lake\build\lib\lean;E:\ABRL\worktrees\research-online-book\.lake\build\lib\lean c:\Users\admin\.elan\toolchains\leanprover--lean4---v4.29.1\bin\lean.exe E:\ABRL\worktrees\research-online-book\BanditRLProof\OnlineGuessingRandomizedIID.lean -o E:\ABRL\worktrees\research-online-book\.lake\build\lib\lean\BanditRLProof\OnlineGuessingRandomizedIID.olean -i E:\ABRL\worktrees\research-online-book\.lake\build\lib\lean\BanditRLProof\OnlineGuessingRandomizedIID.ilean -c E:\ABRL\worktrees\research-online-book\.lake\build\ir\BanditRLProof\OnlineGuessingRandomizedIID.c --setup E:\ABRL\worktrees\research-online-book\.lake\build\ir\BanditRLProof\OnlineGuessingRandomizedIID.setup.json --json
warning: BanditRLProof/OnlineGuessingRandomizedIID.lean:8:0: Definition `BanditRL.OnlineLearning.privateSeedPastInformation` of class type must be marked with `@[reducible]` or `@[implicit_reducible]`
error: BanditRLProof/OnlineGuessingRandomizedIID.lean:88:34: synthesized type class instance is not definitionally equal to expression inferred by typing rules, synthesized
  F
inferred
  inst✝²
error: Lean exited with code 1
Some required targets logged failures:
- BanditRLProof.OnlineGuessingRandomizedIID
error: build failed
