{
  "time": "2026-10-08T07:29:58+00:00",
  "task": "ONLINE-RANDOMIZED-IID-20261008",
  "role": "lower",
  "kind": "build",
  "status": "compiled",
  "notes": "Actual subordinate-information independence compiled; original ambient instance restored, no hypothesis/result edit; v2 failure retained.",
  "lean": "BanditRLProof\\OnlineGuessingRandomizedIID.lean",
  "source": "",
  "run_id": "online-randomized-iid-20261008",
  "changed_files": [],
  "statement_hash": "",
  "parent_id": "",
  "route_fingerprint": "",
  "verifier_evidence": [
    "E:\\ABRL\\worktrees\\research-online-book\\runs\\online-randomized-iid-20261008\\R004-focused-build-v3-exit.json"
  ],
  "harness": "hierarchical",
  "experiment_id": "",
  "target_fingerprint": "45e52f1e0f63354bb7b61f9efc7b3526a3cb18e35abc6cef3d756f141e2e5f01",
  "route_packet_hash": "",
  "attempt_id": "PRIVATE-R004-V3",
  "worker_id": "",
  "progress_class": "compiled-leaf",
  "reviewer_validated": false,
  "obligations_before": 4,
  "obligations_after": 3,
  "new_declarations": [
    "BanditRL.OnlineLearning.predictable_private_seed_independent"
  ],
  "reused_declarations": [],
  "dag_nodes": 0,
  "dag_depth": 0,
  "elapsed_seconds": 0.0,
  "lean_check_seconds": 0.0,
  "prompt_chars": 0,
  "input_tokens": 0,
  "output_tokens": 0,
  "error_signature": ""
}
