{
  "time": "2026-10-08T07:30:21+00:00",
  "task": "ONLINE-RANDOMIZED-IID-20261008",
  "role": "lower",
  "kind": "attempt",
  "status": "running",
  "notes": "Dependency-ready exact v2 leaf R007; actual available parents, explicit reviewed DAG, no target weakening or supplied current-independence/performance certificate.",
  "lean": "BanditRLProof\\OnlineGuessingRandomizedIID.lean",
  "source": "",
  "run_id": "online-randomized-iid-20261008",
  "changed_files": [],
  "statement_hash": "",
  "parent_id": "",
  "route_fingerprint": "",
  "verifier_evidence": [],
  "harness": "hierarchical",
  "experiment_id": "",
  "target_fingerprint": "45e52f1e0f63354bb7b61f9efc7b3526a3cb18e35abc6cef3d756f141e2e5f01",
  "route_packet_hash": "",
  "attempt_id": "PRIVATE-R007-V2",
  "worker_id": "",
  "progress_class": "unreviewed",
  "reviewer_validated": false,
  "obligations_before": 0,
  "obligations_after": 0,
  "new_declarations": [],
  "reused_declarations": [],
  "dag_nodes": 0,
  "dag_depth": 0,
  "elapsed_seconds": 0.0,
  "lean_check_seconds": 0.0,
  "prompt_chars": 0,
  "input_tokens": 0,
  "output_tokens": 0,
  "error_signature": ""
}
