{
  "id": "mem-7f9208b284bf35bf",
  "created_at": "2026-10-08T07:07:48+00:00",
  "type": "source_fact",
  "task": "ONLINE-RANDOMIZED-IID-20261008",
  "provenance": {
    "kind": "local_first_retrieval",
    "reference": "research-wiki/retrieval-index/local_lean_declarations.json"
  },
  "assumptions": [],
  "declaration": "",
  "file": "",
  "status": "verified",
  "verifier_evidence": [
    "lake env lean runs/online-randomized-iid-20261008/draft-types-and-API-v2.lean"
  ],
  "supersession": {
    "supersedes": [],
    "reason": ""
  },
  "roles": [],
  "details": {
    "query": "IndepFun whole-seed triple grouping measurable product associativity and strict-past comap",
    "search_order": [
      "local declarations",
      "ABRL theorem cards",
      "Mathlib cards"
    ],
    "candidates": [
      "ProbabilityTheory.indepFun_iff_map_prod_eq_prod_map_map",
      "MeasureTheory.Measure.prodAssoc_prod",
      "MeasurableEquiv.map_measurableEquiv_injective",
      "BanditRL.OnlineLearning.history_policy_independent"
    ],
    "rejections": [
      {
        "candidate": "pairwise seed-target independence",
        "reason": "does not imply joint seed+past current independence"
      }
    ],
    "compiled_scratch": "lake env lean runs/online-randomized-iid-20261008/draft-types-and-API-v2.lean"
  }
}
