mathlib: MLIB-PROBABILITY-INDEPENDENCE: Mathlib.Probability.Independence.Basic
scenario: SCN-STOCHASTIC-FINITE: finite stochastic bandits
scenario: SCN-DUELING-PREFERENCE: dueling, preference, and ranking bandits
scenario: SCN-NONSTATIONARY: nonstationary, rotting, and drifting bandits
scenario: SCN-CONSTRAINTS: safe, conservative, fair, private, and constrained bandits
scenario: SCN-FEDERATED-DISTRIBUTED: federated and distributed bandits
weapon: WEAPON-TAIL-INEQUALITIES: sub-Gaussian, Hoeffding, Chernoff, and variance tails
local: LOCAL-LEAF-RL-FINITE-HORIZON-COORDINATE-MODEL-CONFIDENCE-REGRET: BanditRLProof.RL.FiniteHorizonCoordinateModelConfidence
local: LOCAL-LEAF-RL-FINITE-HORIZON-FINITE-BATCH-EMPIRICAL-MODEL-CONFIDENCE-REGRET: BanditRLProof.RL.FiniteHorizonEmpiricalModel
local: LOCAL-LEAF-RL-FINITE-HORIZON-IID-TRAJECTORY-BATCH-LAW: BanditRLProof.RL.FiniteHorizonIIDTrajectoryBatch
local: LOCAL-LEAF-RL-FINITE-HORIZON-ADAPTIVE-EPISODE-BATCH-COUNT-CONFIDENCE: BanditRLProof.RL.FiniteHorizonAdaptiveEpisodeBatchLaw
local: LOCAL-LEAF-RL-FINITE-HORIZON-IID-MULTIBATCH-CUMULATIVE-CONFIDENCE-REGRET: BanditRLProof.RL.FiniteHorizonIIDMultiBatchCumulativeConfidenceRegret
local: LOCAL-LEAF-RL-FINITE-HORIZON-STOCHASTIC-REWARD-IID-EXPLORATORY-PATH-SUPPORT-EXPLICIT-CALIBRATION: BanditRLProof.RL.FiniteHorizonStochasticRewardIIDExplicitCalibration
local: LOCAL-LEAF-RL-FINITE-HORIZON-ADAPTIVE-STOCHASTIC-REWARD-SAMPLED-EMPIRICAL-OPTIMISTIC-CONFIDENCE: BanditRLProof.RL.FiniteHorizonAdaptiveStochasticRewardSampledEmpiricalOptimisticConfidence
local: LOCAL-LEAF-RL-FINITE-HORIZON-ADAPTIVE-STOCHASTIC-REWARD-SAMPLED-EMPIRICAL-OPTIMISTIC-EXPLICIT-BUDGET-REALIZED-SUCCESSOR-AVERAGE-BEHAVIOR-REGRET: BanditRLProof.RL.FiniteHorizonAdaptiveStochasticRewardSampledEmpiricalOptimisticExplicitBudgetRealizedBehaviorRegret
local: LOCAL-LEAF-RL-FINITE-HORIZON-ADAPTIVE-STOCHASTIC-REWARD-SAMPLED-EMPIRICAL-OPTIMISTIC-SELF-CONSISTENT-BUDGET-REALIZED-SUCCESSOR-AVERAGE-BEHAVIOR-REGRET: BanditRLProof.RL.FiniteHorizonAdaptiveStochasticRewardSampledEmpiricalOptimisticSelfConsistentRealizedBehaviorRegret
local: LOCAL-LEAF-RL-FINITE-HORIZON-ADAPTIVE-STOCHASTIC-REWARD-SAMPLED-EMPIRICAL-OPTIMISTIC-SELF-CONSISTENT-SCHEDULED-HETEROGENEOUS-NATURAL-CAUSAL-FIXED-PREFIX-HIGH-PROBABILITY-LOGARITHMIC-CUMULATIVE-AVERAGE-REALIZED-BEHAVIOR-REGRET: BanditRLProof.RL.FiniteHorizonNaturalCausalRealizedBehaviorRegretHighProbabilityLogRate
local: LOCAL-LEAF-RL-FINITE-HORIZON-ADAPTIVE-STOCHASTIC-REWARD-SAMPLED-EMPIRICAL-OPTIMISTIC-SELF-CONSISTENT-SCHEDULED-HETEROGENEOUS-NATURAL-CAUSAL-BURNIN-TAIL-HIGH-PROBABILITY-LOGARITHMIC-CUMULATIVE-AVERAGE-REALIZED-BEHAVIOR-REGRET: BanditRLProof.RL.FiniteHorizonNaturalCausalRealizedBehaviorRegretHighProbabilityBurninLogRate
local: LOCAL-LEAF-RL-FINITE-HORIZON-NATURAL-CAUSAL-EXPLICIT-POLYNOMIAL-PREFIX-HIGH-PROBABILITY-AVERAGE-REALIZED-BEHAVIOR-REGRET-CONSISTENCY: BanditRLProof.RL.FiniteHorizonNaturalCausalRealizedBehaviorRegretHighProbabilityExplicitSchedule
local: LOCAL-LEAF-RL-FINITE-HORIZON-NATURAL-CAUSAL-EXPLICIT-POLYNOMIAL-PREFIX-UPPER-TAIL-IN-PROBABILITY-AVERAGE-REALIZED-BEHAVIOR-REGRET-CONSISTENCY: BanditRLProof.RL.FiniteHorizonNaturalCausalRealizedBehaviorRegretUpperTailInProbability
local: LOCAL-LEAF-RL-FINITE-HORIZON-NATURAL-CAUSAL-EXPLICIT-POLYNOMIAL-PREFIX-ABSOLUTE-IN-MEASURE-AVERAGE-REALIZED-BEHAVIOR-REGRET-CONSISTENCY: BanditRLProof.RL.FiniteHorizonNaturalCausalRealizedBehaviorRegretInMeasureExplicitSchedule
local: LOCAL-LEAF-RL-FINITE-HORIZON-NATURAL-CAUSAL-ALL-PREFIX-L1-AVERAGE-REALIZED-BEHAVIOR-REGRET-CONSISTENCY: BanditRLProof.RL.FiniteHorizonNaturalCausalAverageRealizedBehaviorRegretL1Consistency
local: LOCAL-LEAF-RL-FINITE-HORIZON-NATURAL-CAUSAL-EXPLICIT-POLYNOMIAL-PREFIX-ALMOST-SURE-AVERAGE-REALIZED-BEHAVIOR-REGRET-CONSISTENCY: BanditRLProof.RL.FiniteHorizonNaturalCausalAverageRealizedBehaviorRegretAlmostSureExplicitSchedule
local: LOCAL-LEAF-RL-FINITE-HORIZON-NATURAL-CAUSAL-ALL-PREFIX-ALMOST-SURE-AVERAGE-REALIZED-BEHAVIOR-REGRET-CONSISTENCY: BanditRLProof.RL.FiniteHorizonNaturalCausalAverageRealizedBehaviorRegretAlmostSureConsistency
local: LOCAL-LEAF-RL-FINITE-HORIZON-NATURAL-CAUSAL-BOUNDED-STOPPING-TIME-EXPLICIT-EXPECTED-AVERAGE-REALIZED-BEHAVIOR-REGRET: BanditRLProof.RL.FiniteHorizonNaturalCausalBoundedStoppingTimeExplicitExpectedAverageRealizedBehaviorRegret
local: LOCAL-LEAF-RL-FINITE-HORIZON-NATURAL-CAUSAL-BOUNDED-STOPPING-TIME-EXPLICIT-DETERMINISTIC-MOMENT-EXPECTED-AVERAGE-REALIZED-BEHAVIOR-REGRET: BanditRLProof.RL.FiniteHorizonNaturalCausalBoundedStoppingTimeExplicitDeterministicMomentExpectedAverageRealizedBehaviorRegret
local: LOCAL-LEAF-RL-FINITE-HORIZON-NATURAL-CAUSAL-BOUNDED-WINDOW-STOPPING-TIME-L1-AVERAGE-REALIZED-BEHAVIOR-REGRET-CONSISTENCY: BanditRLProof.RL.FiniteHorizonNaturalCausalBoundedWindowStoppingTimeL1AverageRealizedBehaviorRegretConsistency
local: LOCAL-LEAF-RL-FINITE-HORIZON-NATURAL-CAUSAL-GROWING-WINDOW-GRID-STOPPING-TIME-L1-AVERAGE-REALIZED-BEHAVIOR-REGRET-CONSISTENCY: BanditRLProof.RL.FiniteHorizonNaturalCausalGrowingWindowGridStoppingTimeL1AverageRealizedBehaviorRegretConsistency
local: LOCAL-LEAF-RL-FINITE-HORIZON-NATURAL-CAUSAL-EXPLICIT-POLYNOMIAL-BASE-GROWING-RAW-WINDOW-STOPPING-TIME-L1-AVERAGE-REALIZED-BEHAVIOR-REGRET-CONSISTENCY: BanditRLProof.RL.FiniteHorizonNaturalCausalPolynomialBaseGrowingRawWindowStoppingTimeL1AverageRealizedBehaviorRegretConsistency
local: LOCAL-LEAF-RL-FINITE-HORIZON-NATURAL-CAUSAL-THRESHOLD-TRIGGERED-DOUBLE-LINEAR-RAW-WINDOW-STOPPING-TIME-L1-AVERAGE-REALIZED-BEHAVIOR-REGRET-CONSISTENCY: BanditRLProof.RL.FiniteHorizonNaturalCausalThresholdTriggeredDoubleLinearRawWindowStoppingTimeL1AverageRealizedBehaviorRegretConsistency
local: LOCAL-LEAF-RL-FINITE-HORIZON-NATURAL-CAUSAL-CAPPED-DOUBLE-LINEAR-RAW-WINDOW-FIRST-PASSAGE-STOPPING-TIME-L1-AVERAGE-REALIZED-BEHAVIOR-REGRET-CONSISTENCY: BanditRLProof.RL.FiniteHorizonNaturalCausalCappedDoubleLinearRawWindowFirstPassageStoppingTimeL1AverageRealizedBehaviorRegretConsistency
local: LOCAL-LEAF-RL-FINITE-HORIZON-NATURAL-CAUSAL-INVERSE-SQRT-THRESHOLD-UNBOUNDED-HITTINGAFTER-INTEGRABLE-FINITE-STOPPING-TIME: BanditRLProof.RL.FiniteHorizonNaturalCausalInverseSqrtThresholdUnboundedHittingAfterIntegrableFiniteStoppingTime
local: LOCAL-LEAF-RL-FINITE-HORIZON-NATURAL-CAUSAL-INVERSE-SQRT-THRESHOLD-UNBOUNDED-HITTINGAFTER-SQUARE-INTEGRABLE-FINITE-STOPPING-TIME: BanditRLProof.RL.FiniteHorizonNaturalCausalInverseSqrtThresholdUnboundedHittingAfterSquareIntegrableFiniteStoppingTime
local: LOCAL-LEAF-RL-STOPPED-SAMPLED-POLICY-RETURN-JOINT-ERROR-DETERMINISTIC-TAIL-HIGH-PROBABILITY-OPTIMALITY: BanditRLProof.RL.StoppedReturnJointErrorDeterministicTailHighProbability
local: LOCAL-LEAF-RL-STOPPED-SAMPLED-POLICY-RETURN-DETERMINISTIC-TAIL-HIGH-PROBABILITY-OPTIMALITY: BanditRLProof.RL.FiniteHorizonNaturalCausalInverseSqrtThresholdCappedUnboundedHittingAfterStoppedSampledAndSuccessorPolicyReturnDeterministicTailHighProbabilityOptimality
local: LOCAL-LEAF-RL-STOPPED-SAMPLED-POLICY-RETURN-SIMULTANEOUS-HIGH-PROBABILITY-OPTIMALITY: BanditRLProof.RL.FiniteHorizonNaturalCausalInverseSqrtThresholdCappedUnboundedHittingAfterStoppedSampledAndSuccessorPolicyReturnSimultaneousHighProbabilityOptimality
local: LOCAL-LEAF-RL-FINITE-HORIZON-NATURAL-CAUSAL-INVERSE-SQRT-THRESHOLD-CAPPED-DOUBLE-LINEAR-RAW-WINDOW-FIRST-PASSAGE-SUMMABLE-DELAY-AND-EVENTUAL-IMMEDIATE-STOPPING-L1-CONSISTENCY: BanditRLProof.RL.FiniteHorizonNaturalCausalInverseSqrtThresholdCappedDoubleLinearRawWindowFirstPassageSummableDelayAndEventualImmediateStoppingL1Consistency
local: LOCAL-LEAF-RL-FINITE-HORIZON-ADAPTIVE-STOCHASTIC-REWARD-SAMPLED-EMPIRICAL-OPTIMISTIC-SELF-CONSISTENT-SCHEDULED-HETEROGENEOUS-NATURAL-CAUSAL-ALMOST-SURE-REALIZED-SUCCESSOR-AVERAGE-CONSISTENCY: BanditRLProof.RL.FiniteHorizonAdaptiveStochasticRewardSampledEmpiricalOptimisticSelfConsistentCausalCommonSpaceAlmostSureConsistency
local: LOCAL-LEAF-RL-FINITE-HORIZON-ADAPTIVE-STOCHASTIC-REWARD-SAMPLED-EMPIRICAL-OPTIMISTIC-SELF-CONSISTENT-SCHEDULED-HETEROGENEOUS-CAUSAL-EMPIRICAL-MODEL-CONFIDENCE: BanditRLProof.RL.FiniteHorizonAdaptiveStochasticRewardSampledEmpiricalOptimisticSelfConsistentCausalModelConfidence
local: LOCAL-LEAF-RL-FINITE-HORIZON-ADAPTIVE-STOCHASTIC-REWARD-SAMPLED-EMPIRICAL-OPTIMISTIC-REALIZED-SUCCESSOR-AVERAGE-BEHAVIOR-REGRET: BanditRLProof.RL.FiniteHorizonAdaptiveStochasticRewardSampledEmpiricalOptimisticRealizedBehaviorRegret
local: LOCAL-LEAF-RL-FINITE-HORIZON-STOCHASTIC-REWARD-IID-ALL-COORDINATE-EMPIRICAL-MODEL-CONFIDENCE: BanditRLProof.RL.FiniteHorizonStochasticRewardIIDAllCoordinateEmpiricalModelConfidence
local: LOCAL-LEAF-RL-FINITE-HORIZON-ADAPTIVE-CUMULATIVE-EPISODEWISE-DECAYING-EXPLORATION-HIGH-PROBABILITY-REALIZED-BEHAVIOR-CONSISTENCY: BanditRLProof.RL.FiniteHorizonAdaptiveCumulativeEpisodewiseRealizedBehaviorConsistency
local: LOCAL-LEAF-RL-FINITE-HORIZON-ADAPTIVE-STOCHASTIC-REWARD-KNOWN-MEAN-EMPIRICAL-OPTIMISTIC-PROJECTION-CONFIDENCE: BanditRLProof.RL.FiniteHorizonAdaptiveStochasticRewardEmpiricalOptimisticProjection
local: LOCAL-LEAF-RL-FINITE-HORIZON-STOCHASTIC-REWARD-ERASURE-IID-EPISODE-BATCH-LAW: BanditRLProof.RL.FiniteHorizonStochasticRewardErasureLaw
local: LOCAL-LEAF-RL-FINITE-HORIZON-ADAPTIVE-STOCHASTIC-REWARD-HIGH-PROBABILITY-REALIZED-BEHAVIOR-REGRET-TRANSPORT: BanditRLProof.RL.FiniteHorizonAdaptiveStochasticRewardRealizedBehaviorRegret
local: LOCAL-LEAF-RL-FINITE-HORIZON-ADAPTIVE-STOCHASTIC-REWARD-EPISODE-BATCH-SAMPLED-RETURN-VALUE-DEVIATION-SUBGAUSSIAN-TAIL: BanditRLProof.RL.FiniteHorizonAdaptiveStochasticRewardTotalReturnConcentration
local: LOCAL-LEAF-RL-FINITE-HORIZON-STOCHASTIC-REWARD-IID-EPISODE-SAMPLED-RETURN-VALUE-DEVIATION-SUBGAUSSIAN-TAIL: BanditRLProof.RL.FiniteHorizonStochasticRewardIIDTotalReturnConcentration
local: LOCAL-LEAF-RL-FINITE-HORIZON-STOCHASTIC-REWARD-TRAJECTORY-SAMPLED-RETURN-VALUE-DEVIATION-SUBGAUSSIAN-TAIL: BanditRLProof.RL.FiniteHorizonStochasticRewardTotalReturnConcentration
local: LOCAL-LEAF-RL-FINITE-HORIZON-STOCHASTIC-REWARD-TRAJECTORY-CUMULATIVE-DEVIATION-SUBGAUSSIAN-TAIL: BanditRLProof.RL.FiniteHorizonStochasticRewardCumulativeConcentration
local: LOCAL-LEAF-RL-FINITE-HORIZON-STOCHASTIC-REWARD-KERNEL-BELLMAN-TRANSPORT: BanditRLProof.RL.FiniteHorizonStochasticRewardBellman
local: LOCAL-LEAF-RL-FINITE-HORIZON-IID-SIMULTANEOUS-COUNT-CONFIDENCE: BanditRLProof.RL.FiniteHorizonIIDSimultaneousCountConfidence
local: LOCAL-LEAF-RL-FINITE-HORIZON-IID-COUNT-CONFIDENCE: BanditRLProof.RL.FiniteHorizonIIDCountConcentration
local: LOCAL-LEAF-UCB-NATIVE-REAL-HISTORY-INDEX: BanditRLProof.Algorithms.UCBRealHistoryIndex
local: LOCAL-LEAF-UCB-FIXED-COUNT-PEELING-LAW: BanditRLProof.Algorithms.UCBFixedCountPeeling
local: LOCAL-LEAF-UCB-ARM-STREAM-REWARD-SOURCE: BanditRLProof.Algorithms.UCBArmStreamSource
local: LOCAL-LEAF-UCB-ARM-STREAM-PROCESS-LAW: BanditRLProof.Algorithms.UCBArmStreamProcess
local: LOCAL-LEAF-UCB-ARM-STREAM-INDEX-TAIL: BanditRLProof.Algorithms.UCBArmStreamTail
local: LOCAL-LEAF-UCB-ARM-STREAM-FIXED-PREFIX-AVERAGE-DELTA: BanditRLProof.Algorithms.UCBArmStreamTail
local: LOCAL-LEAF-UCB-ARM-STREAM-LML-REGRET: BanditRLProof.Algorithms.UCBArmStreamExpectedPullCount
local: LOCAL-LEAF-UCB-REAL-STATIONARY-CANONICAL-KERNEL-TRAJECTORY-EXPLICIT-POLICY-EXPECTED-AVERAGE-CONSISTENCY: BanditRLProof.Algorithms.UCBRealStationaryExplicitPolicy
local: LOCAL-LEAF-UCB-ARM-STREAM-NEXT-UNUSED-COORDINATE-COMPLEMENT-INDEPENDENCE: BanditRLProof.Algorithms.UCBArmStreamConditionalReward
local: LOCAL-LEAF-UCB-REAL-STATIONARY-CANONICAL-KERNEL-TRAJECTORY-SELECTED-REWARD-LAW-EXPECTED-AVERAGE-CONSISTENCY: BanditRLProof.Algorithms.UCBRealStationarySelectedRewardConsistency
local: LOCAL-LEAF-UCB-EXTERNAL-ARM-STREAM-SOURCE-LAW-LML-REGRET: BanditRLProof.Algorithms.UCBArmStreamExpectedPullCount
local: LOCAL-LEAF-UCB-EXTERNAL-ACTION-REWARD-TRAJECTORY-LAW-LML-REGRET: BanditRLProof.Algorithms.UCBArmStreamExpectedPullCount
local: LOCAL-LEAF-UCB-CANONICAL-CONDDISTRIB-LML-REGRET: BanditRLProof.Algorithms.UCBArmStreamExpectedPullCount
local: LOCAL-LEAF-UCB-ISALGENVSEQ-SPLIT-LAWS-LML-REGRET: BanditRLProof.Algorithms.UCBArmStreamExpectedPullCount
local: LOCAL-LEAF-UCB-NATIVE-REAL-LML-FIELD-COMPAT-EXACT-REGRET: BanditRLProof.Algorithms.UCBRealLMLCompat
local: LOCAL-LEAF-IID-REWARD-FAMILY: BanditRLProof.IndependenceFoundation
local: LOCAL-LEAF-EXP3-TUNED-EXPECTED-REGRET: BanditRLProof.Exp3ExpectedRegret
local: LOCAL-LEAF-EXP3-REALIZED-EXPECTED-REGRET: BanditRLProof.Exp3RealizedRegret
local: LOCAL-LEAF-EXP3-UNIFORM-HORIZON-REALIZED-REGRET: BanditRLProof.Exp3UniformRegret
local: LOCAL-LEAF-TSALLIS-SCHEDULED-SUCCESSOR-EXPECTED-STABILITY: BanditRLProof.TsallisScheduledExpectedStability
local: LOCAL-LEAF-TSALLIS-SCHEDULED-INITIAL-EXPECTED-STABILITY: BanditRLProof.TsallisScheduledInitialExpectedStability
local: LOCAL-LEAF-TSALLIS-SCHEDULED-ALL-TIMES-EXPECTED-STABILITY: BanditRLProof.TsallisScheduledAllTimesExpectedStability
local: LOCAL-LEAF-TSALLIS-SCHEDULED-ALL-RATE-EXPECTED-STABILITY: BanditRLProof.TsallisScheduledAllRateExpectedStability
local: LOCAL-LEAF-TSALLIS-SCHEDULED-EXPECTED-REGRET: BanditRLProof.TsallisScheduledExpectedRegret
local: LOCAL-LEAF-TSALLIS-SCHEDULED-REFINED-EXPECTED-PENALTY: BanditRLProof.TsallisScheduledRefinedExpectedPenalty
local: LOCAL-LEAF-TSALLIS-SCHEDULED-REFINED-STABILITY-PENALTY-ASSEMBLY: BanditRLProof.TsallisScheduledRefinedStabilityPenalty
local: LOCAL-LEAF-TSALLIS-SQRT-SCHEDULE-FIXED-GAP: BanditRLProof.TsallisSqrtScheduleFixedGap
local: LOCAL-LEAF-TSALLIS-SQRT-SCHEDULE-LOG-FIXED-GAP: BanditRLProof.TsallisSqrtScheduleFixedGap
local: LOCAL-LEAF-TSALLIS-FINITE-BANDIT-MEAN-LOSS: BanditRLProof.TsallisFiniteBanditMeanLoss
local: LOCAL-LEAF-TSALLIS-SCHEDULED-SUBOPTIMAL-EXPECTED-BOUND: BanditRLProof.TsallisScheduledSuboptimalExpectedBound
local: LOCAL-LEAF-TSALLIS-SCHEDULED-FIXED-GAP-SELF-BOUNDING: BanditRLProof.TsallisScheduledFixedGapSelfBounding
local: LOCAL-LEAF-TSALLIS-SCHEDULED-EXPECTED-GAP-SELF-BOUNDING: BanditRLProof.TsallisScheduledExpectedGapSelfBounding
local: LOCAL-LEAF-TSALLIS-SCHEDULED-CONDITIONAL-MEAN-EXPECTED-GAP: BanditRLProof.TsallisScheduledConditionalMeanGap
local: LOCAL-LEAF-TSALLIS-SCHEDULED-INDEPENDENT-MEAN-GAP-REGRET: BanditRLProof.TsallisScheduledIndependentMeanGap
local: LOCAL-LEAF-TSALLIS-SCHEDULED-IID-MEAN-GAP-REGRET: BanditRLProof.TsallisScheduledIIDMeanGap
local: LOCAL-LEAF-TSALLIS-FINITE-ARM-IID-REWARD-LAW-REGRET: BanditRLProof.TsallisFiniteArmIIDRewardLaw
local: LOCAL-LEAF-TSALLIS-FINITE-ARM-IID-STATIONARY-CORRUPTED-REWARD-LAW-REGRET: BanditRLProof.TsallisFiniteArmIIDCorruptedRewardLaw
local: LOCAL-LEAF-TSALLIS-SCHEDULED-TIME-VARYING-EXPECTED-GAP: BanditRLProof.TsallisScheduledTimeVaryingExpectedGap
local: LOCAL-LEAF-TSALLIS-SCHEDULED-IID-TIME-VARYING-MEAN-GAP: BanditRLProof.TsallisScheduledIIDTimeVaryingMeanGap
local: LOCAL-LEAF-TSALLIS-SCHEDULED-INDEPENDENT-NONIDENTICAL-MEAN-GAP: BanditRLProof.TsallisScheduledIIDTimeVaryingMeanGap
local: LOCAL-LEAF-TSALLIS-FINITE-ARM-NONIDENTICAL-REWARD-LAW-REGRET: BanditRLProof.TsallisFiniteArmIndependentRewardLaw
local: LOCAL-LEAF-TSALLIS-FINITE-ARM-NONIDENTICAL-DRIFTING-MEAN-REWARD-LAW-REGRET: BanditRLProof.TsallisFiniteArmIndependentDriftingMeanRewardLaw
local: LOCAL-LEAF-TSALLIS-FINITE-ARM-NONIDENTICAL-DRIFTING-MEAN-REFINED-REGRET: BanditRLProof.TsallisFiniteArmIndependentDriftingMeanRefinedRegret
local: LOCAL-LEAF-TSALLIS-FINITE-ARM-NONIDENTICAL-DRIFTING-MEAN-ALL-REGIMES: BanditRLProof.TsallisFiniteArmIndependentDriftingMeanAllRegimes
local: LOCAL-LEAF-TSALLIS-FINITE-ARM-NONIDENTICAL-DRIFTING-MEAN-DYNAMIC-REGRET-ALL-REGIMES: BanditRLProof.TsallisFiniteArmIndependentDriftingMeanDynamicRegret
local: LOCAL-LEAF-TSALLIS-ORACLE-RESTART-PREDICTABLE-DYNAMIC-REGRET-ASSEMBLY: BanditRLProof.TsallisOracleRestartPredictableRegret
local: LOCAL-LEAF-TSALLIS-ORACLE-RESTART-EPOCH-LOCAL-FIXED-COMPARATOR-REGRET-TRANSPORT: BanditRLProof.TsallisOracleRestartExpectedRegret
local: LOCAL-LEAF-TSALLIS-ORACLE-RESTART-EPOCH-LOCAL-SCORE-ALIGNMENT: BanditRLProof.TsallisOracleRestartScoreAlignment
local: LOCAL-LEAF-TSALLIS-ORACLE-RESTART-EPOCH-LOCAL-EXPECTED-STABILITY-TRANSPORT: BanditRLProof.TsallisOracleRestartExpectedStability
local: LOCAL-LEAF-TSALLIS-ORACLE-RESTART-EPOCH-LOCAL-REFINED-STABILITY-TUNING: BanditRLProof.TsallisOracleRestartRefinedStabilityTuning
local: LOCAL-LEAF-TSALLIS-ORACLE-RESTART-GENERATED-DYNAMIC-REGRET: BanditRLProof.TsallisOracleRestartGeneratedDynamicRegret
local: LOCAL-LEAF-TSALLIS-FINITE-ARM-IID-TIME-VARYING-CORRUPTED-REWARD-LAW-REGRET: BanditRLProof.TsallisFiniteArmIIDTimeVaryingCorruptedRewardLaw
local: LOCAL-LEAF-TSALLIS-SCHEDULED-REFERENCE-GAP-SELF-BOUNDING: BanditRLProof.TsallisScheduledReferenceGapSelfBounding
local: LOCAL-LEAF-TSALLIS-SCHEDULED-IID-HISTORY-ADAPTIVE-PREFIX: BanditRLProof.TsallisScheduledIIDHistoryAdaptive
local: LOCAL-LEAF-TSALLIS-FINITE-ARM-IID-HISTORY-ADAPTIVE-CORRUPTED-REWARD-LAW-REGRET: BanditRLProof.TsallisFiniteArmIIDHistoryAdaptiveCorruptedRewardLaw
local: LOCAL-LEAF-TSALLIS-FINITE-ARM-IID-HISTORY-ADAPTIVE-REFINED-CORRUPTED-REWARD-LAW-REGRET: BanditRLProof.TsallisFiniteArmIIDHistoryAdaptiveRefinedCorruptedRewardLaw
local: LOCAL-LEAF-TSALLIS-FINITE-ARM-IID-UNIFORM-SUBOPTIMAL-BOOST-REFINED-REGRET: BanditRLProof.TsallisFiniteArmIIDUniformSuboptimalBoostRefinedRegret
local: LOCAL-LEAF-TSALLIS-FINITE-ARM-IID-ARM-DEPENDENT-SUBOPTIMAL-BOOST-ALL-REGIMES: BanditRLProof.TsallisFiniteArmIIDArmDependentSuboptimalBoostRegret
local: LOCAL-LEAF-TSALLIS-FINITE-ARM-IID-TIME-VARYING-SUBOPTIMAL-BOOST-ALL-REGIMES: BanditRLProof.TsallisFiniteArmIIDTimeVaryingSuboptimalBoostRegret
local: LOCAL-LEAF-TSALLIS-FINITE-ARM-IID-PREVIOUS-ACTION-GATED-SUBOPTIMAL-BOOST-ALL-REGIMES: BanditRLProof.TsallisFiniteArmIIDPreviousActionGatedSuboptimalBoostRegret
local: LOCAL-LEAF-TSALLIS-FINITE-ARM-IID-MEASURABLE-HISTORY-ARM-GATED-SUBOPTIMAL-BOOST-ALL-REGIMES: BanditRLProof.TsallisFiniteArmIIDMeasurableHistoryArmGatedSuboptimalBoostRegret
local: LOCAL-LEAF-TSALLIS-FINITE-ARM-IID-HISTORY-ADAPTIVE-EXPECTED-CORRUPTION-ALL-REGIMES: BanditRLProof.TsallisFiniteArmIIDHistoryAdaptiveExpectedCorruptedRewardLaw
local: LOCAL-LEAF-TSALLIS-FINITE-ARM-IID-HORIZON-HISTORY-ADAPTIVE-EXPECTED-CORRUPTION-ALL-REGIMES: BanditRLProof.TsallisFiniteArmIIDHorizonHistoryAdaptiveExpectedCorruptedRewardLaw
local: LOCAL-LEAF-OFUL-CONCRETE-HISTORY-RIDGE-SELECTION: BanditRLProof.OFULConcreteHistoryRidgeSelection
local: LOCAL-LEAF-OFUL-UNIFORM-TIME-CONFIDENCE: BanditRLProof.OFULUniformTimeConfidence
local: LOCAL-LEAF-OFUL-ALL-TIME-TELESCOPING-SCALAR-RIDGE-CONFIDENCE: BanditRLProof.OFULAllTimeConfidence
local: LOCAL-LEAF-OFUL-SCHEDULED-GENERATED-TRAJECTORY-ALL-TIME-CONFIDENCE-GAP-TAIL: BanditRLProof.OFULScheduledAllTimeConfidence
local: LOCAL-LEAF-OFUL-SCHEDULED-HISTORY-ENVIRONMENT-LINEAR-SUBGAUSSIAN-REWARD-LAW: BanditRLProof.OFULScheduledAllTimeConfidence
local: LOCAL-LEAF-OFUL-SCHEDULED-GENERATED-TRAJECTORY-ALL-HORIZON-CUMULATIVE-GAP-TAIL: BanditRLProof.OFULScheduledAllHorizonCumulativeGap
local: LOCAL-LEAF-OFUL-SCHEDULED-GENERATED-TRAJECTORY-ALL-HORIZON-ALL-ROUND-PSEUDOREGRET-TAIL: BanditRLProof.OFULScheduledAllHorizonAllRoundGap
local: LOCAL-LEAF-OFUL-SCHEDULED-GENERATED-TRAJECTORY-EXPLICIT-ALL-HORIZON-HIGH-PROBABILITY-PSEUDOREGRET-RATE: BanditRLProof.OFULScheduledAllHorizonHighProbabilityRegretRate
local: LOCAL-LEAF-OFUL-SCHEDULED-GENERATED-TRAJECTORY-BOUNDED-STOPPING-TIME-HIGH-PROBABILITY-PSEUDOREGRET-RATE: BanditRLProof.OFULScheduledBoundedStoppingTimeHighProbabilityRegretRate
local: LOCAL-LEAF-OFUL-SCHEDULED-GENERATED-TRAJECTORY-BOUNDED-STOPPING-TIME-EXPECTED-PSEUDOREGRET-RATE: BanditRLProof.OFULScheduledBoundedStoppingTimeExpectedRegret
local: LOCAL-LEAF-OFUL-SCHEDULED-GENERATED-TRAJECTORY-UNBOUNDED-STOPPING-TIME-SQUARE-INTEGRABLE-EXPECTED-PSEUDOREGRET-RATE: BanditRLProof.OFULScheduledUnboundedStoppingTimeExpectedRegretRate
local: LOCAL-LEAF-OFUL-SCHEDULED-GENERATED-TRAJECTORY-UNBOUNDED-STOPPING-TIME-SQUARE-INTEGRABLE-CLOSED-EXPECTED-PSEUDOREGRET-RATE: BanditRLProof.OFULScheduledUnboundedStoppingTimeExpectedRegretClosed
local: LOCAL-LEAF-OFUL-SCHEDULED-GENERATED-TRAJECTORY-BUDGET-EXHAUSTION-EXPECTED-PSEUDOREGRET-RATE: BanditRLProof.OFULScheduledBudgetExhaustionExpectedRegret
local: LOCAL-LEAF-OFUL-SCHEDULED-GENERATED-TRAJECTORY-UNIT-GROWTH-BUDGET-EXHAUSTION-EXPECTED-PSEUDOREGRET-RATE: BanditRLProof.OFULScheduledUnitGrowthBudgetExhaustionExpectedRegret
local: LOCAL-LEAF-OFUL-SCHEDULED-GENERATED-TRAJECTORY-CUMULATIVE-POSITIVE-COST-BUDGET-EXHAUSTION-EXPECTED-PSEUDOREGRET-RATE: BanditRLProof.OFULScheduledCumulativePositiveCostBudgetExhaustionExpectedRegret
local: LOCAL-LEAF-OFUL-SCHEDULED-GENERATED-TRAJECTORY-POSITIVE-ACTION-COST-BUDGET-EXHAUSTION-EXPECTED-PSEUDOREGRET-RATE: BanditRLProof.OFULScheduledPositiveActionCostBudgetExhaustionExpectedRegret
local: LOCAL-LEAF-OFUL-SCHEDULED-GENERATED-TRAJECTORY-CUMULATIVE-ALIGNED-WINDOW-POSITIVE-COST-BUDGET-EXHAUSTION-EXPECTED-PSEUDOREGRET-RATE: BanditRLProof.OFULScheduledCumulativeAlignedWindowPositiveCostBudgetExhaustionExpectedRegret
local: LOCAL-LEAF-OFUL-SCHEDULED-GENERATED-TRAJECTORY-AE-ALIGNED-WINDOW-POSITIVE-ACTION-COST-BUDGET-EXHAUSTION-EXPECTED-PSEUDOREGRET-RATE: BanditRLProof.OFULScheduledAEAlignedWindowPositiveActionCostBudgetExhaustionExpectedRegret
local: LOCAL-LEAF-OFUL-SCHEDULED-GENERATED-TRAJECTORY-BLOCK-START-FORCED-POSITIVE-ACTION-COST-BUDGET-EXHAUSTION-EXPECTED-PSEUDOREGRET-RATE: BanditRLProof.OFULScheduledBlockStartForcedPositiveActionCostBudgetExhaustionExpectedRegret
local: LOCAL-LEAF-OFUL-SCHEDULED-GENERATED-TRAJECTORY-BLOCK-START-FORCED-HISTORY-ALGORITHM-ACTION-COST-PRODUCER: BanditRLProof.OFULScheduledBlockStartForcedHistoryAlgorithm
local: LOCAL-LEAF-OFUL-SCHEDULED-GENERATED-TRAJECTORY-BOUNDED-STOPPING-TIME-EXPLICIT-EXPECTED-PSEUDOREGRET-RATE: BanditRLProof.OFULScheduledBoundedStoppingTimeExpectedRegretRate
local: LOCAL-LEAF-OFUL-SCHEDULED-GENERATED-TRAJECTORY-BOUNDED-STOPPING-TIME-ASYMPTOTIC-EXPECTED-PSEUDOREGRET-RATE: BanditRLProof.OFULScheduledBoundedStoppingTimeExpectedRegretAsymptotics
local: LOCAL-LEAF-OFUL-SCHEDULED-GENERATED-TRAJECTORY-BOUNDED-STOPPING-TIME-EXPECTED-AVERAGE-PSEUDOREGRET-CONSISTENCY: BanditRLProof.OFULScheduledBoundedStoppingTimeExpectedRegretConsistency
local: LOCAL-LEAF-OFUL-SELECTED-WIDTH-SUMMATION: BanditRLProof.OFULSelectedWidthSummation
local: LOCAL-LEAF-OFUL-GENERATED-TRAJECTORY-CONFIDENCE-GAP-TRANSPORT: BanditRLProof.OFULGeneratedTrajectoryConfidenceGap
local: LOCAL-LEAF-OFUL-GENERATED-TRAJECTORY-UNIFORM-CONFIDENCE-GAP-TAIL: BanditRLProof.OFULGeneratedTrajectoryUniformConfidence
local: LOCAL-LEAF-OFUL-GENERATED-TRAJECTORY-PREDICTABLE-RESIDUAL-CONFIDENCE: BanditRLProof.OFULGeneratedTrajectoryPredictableConfidence
local: LOCAL-LEAF-OFUL-HISTORY-ENVIRONMENT-LINEAR-SUBGAUSSIAN-REWARD-LAW: BanditRLProof.OFULHistoryEnvironmentRewardLaw
local: LOCAL-LEAF-OFUL-GENERATED-TRAJECTORY-STANDARD-RADIUS-WIDTH-GAP-TAIL: BanditRLProof.OFULGeneratedTrajectoryRadiusWidth
local: LOCAL-LEAF-OFUL-GENERATED-TRAJECTORY-NORMALIZED-RADIUS-WIDTH-GAP-TAIL: BanditRLProof.OFULNormalizedRadiusWidth
local: LOCAL-LEAF-OFUL-GENERATED-TRAJECTORY-ALL-ROUND-STANDARD-GAP-TAIL: BanditRLProof.OFULInitialRoundGap
local: LOCAL-LEAF-OFUL-GENERATED-TRAJECTORY-EXPLICIT-HIGH-PROBABILITY-PSEUDOREGRET-RATE: BanditRLProof.OFULHighProbabilityRegretRate
local: LOCAL-LEAF-OFUL-GENERATED-TRAJECTORY-EXPECTED-PSEUDOREGRET: BanditRLProof.OFULExpectedRegret
local: LOCAL-LEAF-OFUL-GENERATED-TRAJECTORY-EXPLICIT-EXPECTED-PSEUDOREGRET-RATE: BanditRLProof.OFULExpectedRegretRate
local: LOCAL-LEAF-OFUL-GENERATED-TRAJECTORY-ASYMPTOTIC-EXPECTED-PSEUDOREGRET-RATE: BanditRLProof.OFULExpectedRegretAsymptotics
local: LOCAL-LEAF-OFUL-GENERATED-TRAJECTORY-EXPECTED-AVERAGE-PSEUDOREGRET-CONSISTENCY: BanditRLProof.OFULExpectedRegretConsistency
local: LOCAL-LEAF-CONCENTRATION-SUBGAUSSIAN: BanditRLProof.ConcentrationSubGaussian
local: LOCAL-LEAF-CONCENTRATION-POSITIVE-RANDOM-COUNT-EXACT-FIBER-PEELING: BanditRLProof.ConcentrationSubGaussian
local: LOCAL-LEAF-CONCENTRATION-CONDITIONAL-SUBGAUSSIAN-ABS-DELTA: BanditRLProof.ConcentrationSubGaussian
local: LOCAL-LEAF-CONCENTRATION-CONDITIONAL-SUBGAUSSIAN-AVERAGE-ABS-DELTA: BanditRLProof.ConcentrationSubGaussian
local: LOCAL-LEAF-CONCENTRATION-INDEPENDENT-SUBGAUSSIAN-AVERAGE-ABS-DELTA: BanditRLProof.ConcentrationSubGaussian
local: LOCAL-LEAF-CONCENTRATION-VARIANCE: BanditRLProof.ConcentrationVariance
local: LOCAL-LEAF-ETC-PAIRWISE-CENTERED-SUBGAUSS-TAIL: BanditRLProof.Algorithms.ETCPairwiseCenteredSubGaussianTail
local: LOCAL-LEAF-ETC-CENTERED-DIFF-SUBGAUSS-WITNESS-CONTRACT: BanditRLProof.Algorithms.ETCCenteredDiffSubGaussianWitnesses
local: LOCAL-LEAF-ETC-CENTERED-REWARD-COND-SUBGAUSS-WITNESS-CONTRACT: BanditRLProof.Algorithms.ETCCondSubGaussianWitnesses
local: LOCAL-LEAF-ETC-CENTERED-REWARD-COND-MGF-INDEP-SOURCE: BanditRLProof.Algorithms.ETCCondSubGaussianWitnesses
local: LOCAL-LEAF-ETC-CENTERED-REWARD-COND-MEAN-ZERO-INDEP-SOURCE: BanditRLProof.Algorithms.ETCCondSubGaussianWitnesses
local: LOCAL-LEAF-ETC-CENTERED-REWARD-COND-MEAN-ZERO-BOUNDED-SOURCE: BanditRLProof.Algorithms.ETCBoundedRewardSource
local: LOCAL-LEAF-ETC-CENTERED-REWARD-PAST-IINDEP-SOURCE: BanditRLProof.Algorithms.ETCCondSubGaussianWitnesses
local: LOCAL-LEAF-ETC-CENTERED-REWARD-HISTORY-IINDEP-SOURCE: BanditRLProof.Algorithms.ETCCondSubGaussianWitnesses
local: LOCAL-LEAF-ETC-CENTERED-REWARD-COND-WITNESS-BOUNDED-SOURCE: BanditRLProof.Algorithms.ETCBoundedRewardSource
local: LOCAL-LEAF-ETC-CENTERED-REWARD-COND-CANONICAL-TAIL-BOUNDED-SOURCE: BanditRLProof.Algorithms.ETCBoundedRewardSource
local: LOCAL-LEAF-ETC-CENTERED-DIFF-SUBGAUSS-CANONICAL-TAIL: BanditRLProof.Algorithms.ETCCenteredDiffCanonicalTail
local: LOCAL-LEAF-ETC-WRONG-COMMIT-CANONICAL-SUBGAUSS: BanditRLProof.Algorithms.ETCWrongCommitCanonicalTail
local: LOCAL-LEAF-ETC-CENTERED-DIFF-INDEPENDENCE-WITNESS: BanditRLProof.Algorithms.ETCCenteredDiffRewardIndependence
local: LOCAL-LEAF-ETC-WRONG-COMMIT-REWARD-LAW-SUBGAUSS: BanditRLProof.Algorithms.ETCCenteredDiffRewardSubGaussian
local: LOCAL-LEAF-ETC-WRONG-COMMIT-BOUNDED-REWARD-SUBGAUSS: BanditRLProof.Algorithms.ETCBoundedRewardSubGaussian
local: LOCAL-LEAF-ETC-WRONG-COMMIT-ACTION-MATCHED-REWARD-SUBGAUSS: BanditRLProof.Algorithms.ETCBoundedRewardSubGaussian
local: LOCAL-LEAF-ETC-WRONG-COMMIT-ACTION-MATCHED-BOUNDED-REWARD: BanditRLProof.Algorithms.ETCBoundedRewardSubGaussian
local: LOCAL-LEAF-ETC-BOUNDED-REWARD-TRACE-SOURCE-CONTRACT: BanditRLProof.Algorithms.ETCBoundedRewardSource
local: LOCAL-LEAF-ETC-INFINITEPI-BOUNDED-REWARD-SOURCE: BanditRLProof.Algorithms.ETCBoundedRewardInfinitePiSource
local: LOCAL-LEAF-ETC-CENTERED-REWARD-COND-CANONICAL-TAIL-INFINITEPI-SOURCE: BanditRLProof.Algorithms.ETCBoundedRewardInfinitePiSource
local: LOCAL-LEAF-ETC-WRONG-COMMIT-INFINITEPI-REAL-PROBABILITY-BOUND: BanditRLProof.Algorithms.ETCInfinitePiExpectedRegretAssembly
local: LOCAL-LEAF-ETC-WRONG-COMMIT-INFINITEPI-BOCHNER-REGRET-ASSEMBLY: BanditRLProof.Algorithms.ETCInfinitePiExpectedRegretAssembly
local: LOCAL-LEAF-ETC-CANONICAL-EXPLORATION-INFINITEPI-BOCHNER-REGRET: BanditRLProof.Algorithms.ETCInfinitePiExpectedRegretAssembly
local: LOCAL-LEAF-ETC-FINITE-ARM-COMMON-SUBGAUSSIAN-CANONICAL-PER-ARM-BOCHNER-REGRET: BanditRLProof.Algorithms.ETCFiniteArmRewardLaw
local: LOCAL-LEAF-ETC-FINITE-ARM-COMMON-SUBGAUSSIAN-EXTERNAL-EXPLORATION-ARM-CONDDISTRIB-PER-ARM-BOCHNER-REGRET: BanditRLProof.Algorithms.ETCFiniteArmRewardLaw
local: LOCAL-LEAF-ETC-FINITE-ARM-COMMON-SUBGAUSSIAN-EXTERNAL-ACTION-REWARD-HISTORY-CONDDISTRIB-PER-ARM-BOCHNER-REGRET: BanditRLProof.Algorithms.ETCFiniteArmRewardLaw
local: LOCAL-LEAF-ETC-FINITE-ARM-COMMON-SUBGAUSSIAN-EXTERNAL-ACTION-DEPENDENT-ACTION-REWARD-HISTORY-CONDDISTRIB-PER-ARM-BOCHNER-REGRET: BanditRLProof.Algorithms.ETCFiniteArmRewardLaw
local: LOCAL-LEAF-ETC-PER-ARM-COMMIT-PROB-BOCHNER-ASSEMBLY: BanditRLProof.Algorithms.ETCExpectedRegretAssembly
local: LOCAL-LEAF-ETC-FINITE-ARM-BOUNDED-CANONICAL-BOCHNER-REGRET: BanditRLProof.Algorithms.ETCFiniteArmRewardLaw
local: LOCAL-LEAF-ETC-FINITE-ARM-BOUNDED-EXTERNAL-PREFIX-LAW-PER-ARM-BOCHNER-REGRET: BanditRLProof.Algorithms.ETCFiniteArmRewardLaw
local: LOCAL-LEAF-ETC-FINITE-ARM-BOUNDED-EXTERNAL-CONDDISTRIB-PER-ARM-BOCHNER-REGRET: BanditRLProof.Algorithms.ETCFiniteArmRewardLaw
local: LOCAL-LEAF-ETC-FINITE-ARM-BOUNDED-EXTERNAL-EXPLORATION-ARM-CONDDISTRIB-PER-ARM-BOCHNER-REGRET: BanditRLProof.Algorithms.ETCFiniteArmRewardLaw
local: LOCAL-LEAF-ETC-FINITE-ARM-BOUNDED-EXTERNAL-CONDDISTRIB-BOCHNER-REGRET: BanditRLProof.Algorithms.ETCFiniteArmRewardLaw
local: LOCAL-LEAF-ETC-FINITE-ARM-BOUNDED-EXTERNAL-EXPLORATION-ARM-CONDDISTRIB-BOCHNER-REGRET: BanditRLProof.Algorithms.ETCFiniteArmRewardLaw
local: LOCAL-LEAF-ETC-FINITE-ARM-BOUNDED-EXTERNAL-ACTION-REWARD-HISTORY-CONDDISTRIB-BOCHNER-REGRET: BanditRLProof.Algorithms.ETCFiniteArmRewardLaw
local: LOCAL-LEAF-ETC-FINITE-ARM-BOUNDED-EXTERNAL-ACTION-REWARD-HISTORY-CONDDISTRIB-PER-ARM-BOCHNER-REGRET: BanditRLProof.Algorithms.ETCFiniteArmRewardLaw
local: LOCAL-LEAF-ETC-FINITE-ARM-BOUNDED-EXTERNAL-ACTION-DEPENDENT-ACTION-REWARD-HISTORY-CONDDISTRIB-BOCHNER-REGRET: BanditRLProof.Algorithms.ETCFiniteArmRewardLaw
local: LOCAL-LEAF-ETC-FINITE-ARM-BOUNDED-EXTERNAL-ACTION-DEPENDENT-ACTION-REWARD-HISTORY-CONDDISTRIB-PER-ARM-BOCHNER-REGRET: BanditRLProof.Algorithms.ETCFiniteArmRewardLaw
local: LOCAL-LEAF-ETC-WRONG-COMMIT-INFINITEPI-LINTEGRAL-REGRET-ASSEMBLY: BanditRLProof.Algorithms.ETCInfinitePiExpectedRegretAssembly
local: LOCAL-LEAF-ETC-FIXED-PRODUCT-BADGAP-LINTEGRAL-REGRET-WRAPPER: BanditRLProof.Algorithms.ETCInfinitePiExpectedRegretAssembly
local: LOCAL-LEAF-ETC-WRONG-COMMIT-INFINITEPI-SUMGAP-LINTEGRAL-REGRET-ASSEMBLY: BanditRLProof.Algorithms.ETCInfinitePiExpectedRegretAssembly
local: LOCAL-LEAF-ETC-FIXED-PRODUCT-SUMGAP-LINTEGRAL-REGRET-WRAPPER: BanditRLProof.Algorithms.ETCInfinitePiExpectedRegretAssembly
local: LOCAL-LEAF-ETC-WRONG-COMMIT-INFINITEPI-MAXGAP-LINTEGRAL-REGRET-ASSEMBLY: BanditRLProof.Algorithms.ETCInfinitePiExpectedRegretAssembly
local: LOCAL-LEAF-ETC-FIXED-PRODUCT-MAXGAP-LINTEGRAL-REGRET-WRAPPER: BanditRLProof.Algorithms.ETCInfinitePiExpectedRegretAssembly
local: LOCAL-LEAF-TS-STATIONARY-ARM-STREAM-ADAPTER: BanditRLProof.Algorithms.ThompsonStationaryReward
local: LOCAL-LEAF-TS-LATENT-ARM-STREAM-DETERMINISTIC-TRAJECTORY-SUPPORT: BanditRLProof.Algorithms.ThompsonStationaryReward
local: LOCAL-LEAF-COND-EXPECT-REWARD-CONDEXPKERNEL-ZERO: BanditRLProof.ConditionalExpectationReward
local: LOCAL-LEAF-COND-EXPECT-REWARD-CONDEXPKERNEL-MEASURABLE-FREEZE: BanditRLProof.ConditionalExpectationReward
local: LOCAL-LEAF-EXP3-REALIZED-DEVIATION-SUCC-COND-MGF: BanditRLProof.Exp3RealizedConcentration
local: LOCAL-LEAF-EXP3-REALIZED-DEVIATION-SUM-TAIL: BanditRLProof.Exp3RealizedDeviationTail
local: LOCAL-LEAF-EXP3-REALIZED-DEVIATION-DELTA-CONFIDENCE: BanditRLProof.Exp3RealizedConfidence
local: LOCAL-LEAF-EXP3-COMPARATOR-ESTIMATOR-DELTA-CONFIDENCE: BanditRLProof.Exp3ComparatorConfidence
local: LOCAL-LEAF-EXP3-PURE-CROSS-WEIGHT-DELTA-CONFIDENCE: BanditRLProof.Exp3PureConfidence
local: LOCAL-LEAF-EXP3-PREDICTABLE-HIGH-PROBABILITY-REGRET: BanditRLProof.Exp3HighProbabilityRegret
local: LOCAL-LEAF-EXP3-PREDICTABLE-REGRET-GEOMETRIC-ALL-TIME-TAIL: BanditRLProof.Exp3PredictableRegretAllTime
local: LOCAL-LEAF-EXP3-REALIZED-REGRET-GEOMETRIC-ALL-TIME-TAIL: BanditRLProof.Exp3RealizedRegretAllTime
local: LOCAL-LEAF-EXP3-REALIZED-HIGH-PROBABILITY-REGRET: BanditRLProof.Exp3RealizedHighProbabilityRegret
local: LOCAL-LEAF-CONCENTRATION-FIXED-TILT-CONDITIONAL-MGF-SUM-TAIL: BanditRLProof.ConcentrationFixedMGF
local: LOCAL-LEAF-CONCENTRATION-PREDICTABLE-COMPENSATED-FIXED-TILT-TAIL: BanditRLProof.ConcentrationFixedMGF
local: LOCAL-LEAF-CONCENTRATION-QUADRATIC-FINITE-MAXIMAL-TAIL: BanditRLProof.ConcentrationQuadraticMaximal
local: LOCAL-LEAF-CONCENTRATION-QUADRATIC-COUNTABLE-SCHEDULED-TAIL: BanditRLProof.ConcentrationQuadraticScheduled
local: LOCAL-LEAF-CONCENTRATION-GEOMETRIC-CONFIDENCE-SCHEDULE: BanditRLProof.ConcentrationConfidenceSchedule
local: LOCAL-LEAF-EXP3-REALIZED-PREDICTABLE-VARIANCE-GEOMETRIC-ALL-TIME-TAIL: BanditRLProof.Exp3RealizedPredictableVarianceAllTime
local: LOCAL-LEAF-EXP3-SELECTED-LOSS-VARIANCE-UNIT-BOUND: BanditRLProof.Exp3RealizedPredictableVariance
local: LOCAL-LEAF-EXP3-REALIZED-DEVIATION-GEOMETRIC-ALL-TIME-TAIL: BanditRLProof.Exp3RealizedDeviationAllTime
local: LOCAL-LEAF-EXP3-COMPARATOR-BERNSTEIN-FIXED-TILT: BanditRLProof.Exp3ComparatorBernstein
local: LOCAL-LEAF-EXP3-COMPARATOR-BERNSTEIN-DELTA-CONFIDENCE: BanditRLProof.Exp3ComparatorBernstein
local: LOCAL-LEAF-EXP3-PURE-CROSS-BERNSTEIN-DELTA-CONFIDENCE: BanditRLProof.Exp3PureBernstein
local: LOCAL-LEAF-EXP3-PREDICTABLE-BERNSTEIN-HIGH-PROBABILITY-REGRET: BanditRLProof.Exp3BernsteinHighProbabilityRegret
local: LOCAL-LEAF-EXP3-RANDOM-SQUARE-BERNSTEIN-HIGH-PROBABILITY-REGRET: BanditRLProof.Exp3RandomSquareHighProbabilityRegret
local: LOCAL-LEAF-EXP3-RANDOM-SQUARE-BERNSTEIN-REALIZED-HIGH-PROBABILITY-REGRET: BanditRLProof.Exp3RandomSquareBernsteinRealizedHighProbabilityRegret
local: LOCAL-LEAF-EXP3-RANDOM-SQUARE-BERNSTEIN-REALIZED-TUNING: BanditRLProof.Exp3RandomSquareBernsteinRealizedTuning
local: LOCAL-LEAF-EXP3-RANDOM-SQUARE-BERNSTEIN-REALIZED-EXPLICIT-TUNING: BanditRLProof.Exp3RandomSquareBernsteinRealizedExplicitTuning
local: LOCAL-LEAF-EXP3-RANDOM-SQUARE-BERNSTEIN-REALIZED-ALL-HORIZON: BanditRLProof.Exp3RandomSquareBernsteinRealizedAllHorizon
local: LOCAL-LEAF-EXP3-MIXED-SQUARE-EXPONENTIAL-CONFIDENCE: BanditRLProof.Exp3MixedSquareConfidence
local: LOCAL-LEAF-EXP3-MIXED-SQUARE-EXPONENTIAL-HIGH-PROBABILITY-REGRET: BanditRLProof.Exp3MixedSquareExponentialHighProbabilityRegret
local: LOCAL-LEAF-EXP3-MIXED-SQUARE-BERNSTEIN-CONFIDENCE: BanditRLProof.Exp3MixedSquareBernstein
local: LOCAL-LEAF-EXP3-MIXED-SQUARE-BERNSTEIN-HIGH-PROBABILITY-REGRET: BanditRLProof.Exp3MixedSquareBernsteinHighProbabilityRegret
local: LOCAL-LEAF-EXP3-MIXED-SQUARE-BERNSTEIN-REALIZED-HIGH-PROBABILITY-REGRET: BanditRLProof.Exp3MixedSquareBernsteinRealizedHighProbabilityRegret
local: LOCAL-LEAF-EXP3-MIXED-SQUARE-BERNSTEIN-REALIZED-TUNING: BanditRLProof.Exp3MixedSquareBernsteinRealizedTuning
local: LOCAL-LEAF-EXP3-MIXED-SQUARE-BERNSTEIN-REALIZED-EXPLICIT-TUNING: BanditRLProof.Exp3MixedSquareBernsteinRealizedExplicitTuning
local: LOCAL-LEAF-EXP3-MIXED-SQUARE-BERNSTEIN-REALIZED-ALL-HORIZON: BanditRLProof.Exp3MixedSquareBernsteinRealizedAllHorizon
local: LOCAL-LEAF-EXP3-MIXED-SQUARE-BERNSTEIN-REALIZED-BEST-ARM-ALL-HORIZON: BanditRLProof.Exp3MixedSquareBernsteinRealizedBestArmAllHorizon
local: LOCAL-LEAF-EXP3-MIXED-SQUARE-PREDICTABLE-VARIANCE-COND-EXP: BanditRLProof.Exp3MixedSquarePredictableVariance
local: LOCAL-LEAF-EXP3-MIXED-SQUARE-PREDICTABLE-VARIANCE-TAIL: BanditRLProof.Exp3MixedSquarePredictableVarianceTail
local: LOCAL-LEAF-EXP3-MIXED-SQUARE-PREDICTABLE-VARIANCE-HIGH-PROBABILITY-REGRET: BanditRLProof.Exp3MixedSquarePredictableVarianceHighProbabilityRegret
local: LOCAL-LEAF-EXP3-MIXED-SQUARE-PREDICTABLE-VARIANCE-REALIZED-HIGH-PROBABILITY-REGRET: BanditRLProof.Exp3MixedSquarePredictableVarianceRealizedHighProbabilityRegret
local: LOCAL-LEAF-EXP3-MIXED-SQUARE-PREDICTABLE-VARIANCE-REALIZED-MARKOV-HIGH-PROBABILITY-REGRET: BanditRLProof.Exp3MixedSquarePredictableVarianceRealizedMarkovHighProbabilityRegret
local: LOCAL-LEAF-EXP3-MIXED-SQUARE-PREDICTABLE-VARIANCE-LOSS-ENERGY-REALIZED-MARKOV-HIGH-PROBABILITY-REGRET: BanditRLProof.Exp3MixedSquarePredictableVarianceLossEnergyRealizedMarkovHighProbabilityRegret
local: LOCAL-LEAF-EXP3-MIXED-SQUARE-PREDICTABLE-VARIANCE-SMALL-LOSS-REALIZED-MARKOV-HIGH-PROBABILITY-REGRET: BanditRLProof.Exp3MixedSquarePredictableVarianceSmallLossRealizedMarkovHighProbabilityRegret
local: LOCAL-LEAF-EXP3-MIXED-SQUARE-PREDICTABLE-VARIANCE-SPARSE-LOSS-REALIZED-MARKOV-HIGH-PROBABILITY-REGRET: BanditRLProof.Exp3MixedSquarePredictableVarianceSparseLossRealizedMarkovHighProbabilityRegret
local: LOCAL-LEAF-EXP3-MIXED-SQUARE-PREDICTABLE-VARIANCE-SPARSE-LOSS-REALIZED-MARKOV-TUNING: BanditRLProof.Exp3MixedSquarePredictableVarianceSparseLossRealizedMarkovTuning
local: LOCAL-LEAF-EXP3-MIXED-SQUARE-PREDICTABLE-VARIANCE-SPARSE-LOSS-REALIZED-MARKOV-EXPLICIT-TUNING: BanditRLProof.Exp3MixedSquarePredictableVarianceSparseLossRealizedMarkovExplicitTuning
local: LOCAL-LEAF-EXP3-MIXED-SQUARE-PREDICTABLE-VARIANCE-SPARSE-LOSS-REALIZED-MARKOV-ALL-HORIZON: BanditRLProof.Exp3MixedSquarePredictableVarianceSparseLossRealizedMarkovAllHorizon
local: LOCAL-LEAF-EXP3-MIXED-SQUARE-PREDICTABLE-VARIANCE-SPARSE-LOSS-REALIZED-MARKOV-AE-SPARSITY-ALL-HORIZON: BanditRLProof.Exp3MixedSquarePredictableVarianceSparseLossRealizedMarkovAESparsityAllHorizon
local: LOCAL-LEAF-EXP3-MIXED-SQUARE-PREDICTABLE-VARIANCE-SPARSE-LOSS-REALIZED-MARKOV-PROBABILISTIC-SPARSITY: BanditRLProof.Exp3MixedSquarePredictableVarianceSparseLossRealizedMarkovProbabilisticSparsity
local: LOCAL-LEAF-EXP3-MIXED-SQUARE-PREDICTABLE-VARIANCE-SPARSE-LOSS-REALIZED-PATHWISE-VARIANCE-PROBABILISTIC-SPARSITY: BanditRLProof.Exp3MixedSquarePredictableVarianceSparseLossRealizedPathwiseVarianceProbabilisticSparsity
local: LOCAL-LEAF-EXP3-MIXED-SQUARE-PREDICTABLE-VARIANCE-SPARSE-LOSS-REALIZED-DOUBLE-PATHWISE-VARIANCE-PROBABILISTIC-SPARSITY: BanditRLProof.Exp3MixedSquarePredictableVarianceSparseLossRealizedDoublePathwiseVarianceProbabilisticSparsity
local: LOCAL-LEAF-EXP3-MIXED-SQUARE-PREDICTABLE-VARIANCE-SPARSE-LOSS-REALIZED-DOUBLE-PATHWISE-VARIANCE-PROBABILISTIC-SPARSITY-TUNING: BanditRLProof.Exp3MixedSquarePredictableVarianceSparseLossRealizedDoublePathwiseVarianceProbabilisticSparsityTuning
local: LOCAL-LEAF-EXP3-MIXED-SQUARE-PREDICTABLE-VARIANCE-SPARSE-LOSS-REALIZED-DOUBLE-PATHWISE-VARIANCE-PROBABILISTIC-SPARSITY-EXPLICIT-TUNING: BanditRLProof.Exp3MixedSquarePredictableVarianceSparseLossRealizedDoublePathwiseVarianceProbabilisticSparsityExplicitTuning
local: LOCAL-LEAF-EXP3-MIXED-SQUARE-PREDICTABLE-VARIANCE-SPARSE-LOSS-REALIZED-DOUBLE-PATHWISE-VARIANCE-PROBABILISTIC-SPARSITY-ALL-HORIZON: BanditRLProof.Exp3MixedSquarePredictableVarianceSparseLossRealizedDoublePathwiseVarianceProbabilisticSparsityAllHorizon
local: LOCAL-LEAF-EXP3-MIXED-SQUARE-PREDICTABLE-VARIANCE-SPARSE-LOSS-REALIZED-DOUBLE-PATHWISE-VARIANCE-PROBABILISTIC-SPARSITY-BEST-ARM-ALL-HORIZON: BanditRLProof.Exp3MixedSquarePredictableVarianceSparseLossRealizedDoublePathwiseVarianceProbabilisticSparsityBestArmAllHorizon
local: LOCAL-LEAF-EXP3-MIXED-SQUARE-PREDICTABLE-VARIANCE-SPARSE-LOSS-REALIZED-PATHWISE-VARIANCE-PROBABILISTIC-SPARSITY-TUNING: BanditRLProof.Exp3MixedSquarePredictableVarianceSparseLossRealizedPathwiseVarianceProbabilisticSparsityTuning
local: LOCAL-LEAF-EXP3-MIXED-SQUARE-PREDICTABLE-VARIANCE-SPARSE-LOSS-REALIZED-PATHWISE-VARIANCE-PROBABILISTIC-SPARSITY-EXPLICIT-TUNING: BanditRLProof.Exp3MixedSquarePredictableVarianceSparseLossRealizedPathwiseVarianceProbabilisticSparsityExplicitTuning
local: LOCAL-LEAF-EXP3-MIXED-SQUARE-PREDICTABLE-VARIANCE-SPARSE-LOSS-REALIZED-PATHWISE-VARIANCE-PROBABILISTIC-SPARSITY-ALL-HORIZON: BanditRLProof.Exp3MixedSquarePredictableVarianceSparseLossRealizedPathwiseVarianceProbabilisticSparsityAllHorizon
local: LOCAL-LEAF-EXP3-MIXED-SQUARE-PREDICTABLE-VARIANCE-SPARSE-LOSS-REALIZED-PATHWISE-VARIANCE-PROBABILISTIC-SPARSITY-BEST-ARM-ALL-HORIZON: BanditRLProof.Exp3MixedSquarePredictableVarianceSparseLossRealizedPathwiseVarianceProbabilisticSparsityBestArmAllHorizon
local: LOCAL-LEAF-EXP3-MIXED-SQUARE-PREDICTABLE-VARIANCE-SPARSE-LOSS-REALIZED-MARKOV-PROBABILISTIC-SPARSITY-TUNING: BanditRLProof.Exp3MixedSquarePredictableVarianceSparseLossRealizedMarkovProbabilisticSparsityTuning
local: LOCAL-LEAF-EXP3-MIXED-SQUARE-PREDICTABLE-VARIANCE-SPARSE-LOSS-REALIZED-MARKOV-PROBABILISTIC-SPARSITY-EXPLICIT-TUNING: BanditRLProof.Exp3MixedSquarePredictableVarianceSparseLossRealizedMarkovProbabilisticSparsityExplicitTuning
local: LOCAL-LEAF-EXP3-MIXED-SQUARE-PREDICTABLE-VARIANCE-SPARSE-LOSS-REALIZED-MARKOV-PROBABILISTIC-SPARSITY-ALL-HORIZON: BanditRLProof.Exp3MixedSquarePredictableVarianceSparseLossRealizedMarkovProbabilisticSparsityAllHorizon
local: LOCAL-LEAF-EXP3-MIXED-SQUARE-EXPONENTIAL-REALIZED-HIGH-PROBABILITY-REGRET: BanditRLProof.Exp3MixedSquareExponentialRealizedHighProbabilityRegret
local: LOCAL-LEAF-EXP3-MIXED-SQUARE-EXPONENTIAL-REALIZED-TUNING: BanditRLProof.Exp3MixedSquareExponentialRealizedTuning
local: LOCAL-LEAF-EXP3-MIXED-SQUARE-EXPONENTIAL-REALIZED-EXPLICIT-TUNING: BanditRLProof.Exp3MixedSquareExponentialRealizedExplicitTuning
local: LOCAL-LEAF-EXP3-MIXED-SQUARE-EXPONENTIAL-REALIZED-ALL-HORIZON: BanditRLProof.Exp3MixedSquareExponentialRealizedAllHorizon
local: LOCAL-LEAF-EXP3-REALIZED-BERNSTEIN-HIGH-PROBABILITY-REGRET: BanditRLProof.Exp3BernsteinRealizedHighProbabilityRegret
local: LOCAL-LEAF-EXP3-BERNSTEIN-TUNED-HIGH-PROBABILITY-REGRET: BanditRLProof.Exp3BernsteinTuning
local: LOCAL-LEAF-EXP3-EXPLICIT-BERNSTEIN-HIGH-PROBABILITY-REGRET: BanditRLProof.Exp3BernsteinExplicitTuning
local: LOCAL-LEAF-EXP3-ALL-HORIZON-BERNSTEIN-REALIZED-REGRET: BanditRLProof.Exp3BernsteinAllHorizon
local: LOCAL-LEAF-COND-EXPECT-REWARD-CANONICAL-FOUNDATION: BanditRLProof.ConditionalRewardFoundation
local: LOCAL-LEAF-COND-EXPECT-REWARD-REWARDONLY-TRAJMEASURE-CENTERED-SUM-TAIL: BanditRLProof.ConditionalRewardLawSource
local: LOCAL-LEAF-COND-EXPECT-REWARD-SELECTED-POLICY-HISTORY-VARIANCE-CENTERED-SUM-TAIL: BanditRLProof.ConditionalRewardLawSource
local: LOCAL-LEAF-COND-EXPECT-REWARD-SELECTED-POLICY-HISTORY-VARIANCE-CENTERED-SUM-ABS-DELTA: BanditRLProof.ConditionalRewardLawSource
local: LOCAL-LEAF-COND-EXPECT-REWARD-SELECTED-POLICY-ARM-MASKED-CENTERED-SUM-ABS-DELTA: BanditRLProof.ConditionalRewardLawSource
local: LOCAL-LEAF-COND-EXPECT-REWARD-SELECTED-POLICY-SUCCESSOR-ARM-EMPIRICAL-MEAN-RANDOM-COUNT-ABS-DELTA: BanditRLProof.ConditionalRewardLawSource
local: LOCAL-LEAF-COND-EXPECT-REWARD-SELECTED-POLICY-SUCCESSOR-ARM-EMPIRICAL-MEAN-FINITE-ARM-TIME-ABS-DELTA: BanditRLProof.ConditionalRewardLawSource
local: LOCAL-LEAF-UCB-CONTEXT-DEPENDENT-SUBGAUSSIAN-REWARD-KERNEL-CANONICAL-REAL-TEXTBOOK-PSEUDOREGRET: BanditRLProof.Algorithms.UCBContextDependentSubGaussianRewardKernel
local: LOCAL-LEAF-REAL-KERNEL-REGRET-PULLCOUNT: BanditRLProof.RealKernelRegretPullCount
local: LOCAL-LEAF-ETC-REAL-EXPECTED-PULLCOUNT: BanditRLProof.Algorithms.ETCExpectedPullCount
local: LOCAL-LEAF-ETC-NATIVE-REAL-EMPIRICAL-MEAN-ARGMAX-COUNT: BanditRLProof.Algorithms.ETCRealEmpiricalMean
local: LOCAL-LEAF-ETC-NATIVE-REAL-INFINITEPI-EXACT-REGRET: BanditRLProof.Algorithms.ETCRealInfinitePiTail
local: LOCAL-LEAF-ETC-NATIVE-REAL-PREFIX-LAW-EXTERNAL-EXACT-REGRET: BanditRLProof.Algorithms.ETCRealPrefixLawTransport
local: LOCAL-LEAF-ETC-NATIVE-REAL-ACTION-DEPENDENT-SOURCE-EXACT-REGRET: BanditRLProof.Algorithms.ETCRealSourceAdapter
local: LOCAL-LEAF-ETC-NATIVE-REAL-LEAST-ENCODED-ACTION-EXACT-REGRET: BanditRLProof.Algorithms.ETCRealArgmaxTie
local: LOCAL-LEAF-ETC-NATIVE-REAL-HISTORY-SCORE-SOURCE-EXACT-REGRET: BanditRLProof.Algorithms.ETCRealHistoryScore
local: LOCAL-LEAF-ETC-NATIVE-REAL-LML-FIELD-COMPAT-EXACT-REGRET: BanditRLProof.Algorithms.ETCRealLMLCompat
spine: SPINE-CONCENTRATION: independence, filtrations, conditional expectation, martingales, and concentration
lean: BanditRLProof.ETC.iIndepFun_centeredPairwiseRewardDiff_of_iIndepFun_reward [theorem] BanditRLProof/Algorithms/ETCCenteredDiffRewardIndependence.lean:26
  theorem iIndepFun_centeredPairwiseRewardDiff_of_iIndepFun_reward {Omega : Type u} {K : Nat} [MeasurableSpace Omega] (mu : MeasureTheory.Measure Omega) (spec : ETC.Spec K) (model : FiniteBanditModel K) (commitArm : Fin K) (reward : Omega -> RewardTrace Rat) (h_reward_indep : ProbabilityTheory.iIndepFun (fun t omega => reward omega t) mu) : forall a : Fin K, (a = model.bestArm -> False) -> ProbabilityTheory.iIndepFun (fun t omega => ETC.centeredPairwiseRewardDiff spec model commitArm reward a t omega) mu
lean: BanditRLProof.IndependenceFoundation.iIndepFun_infinitePi_coord [theorem] BanditRLProof/IndependenceFoundation.lean:22
  theorem iIndepFun_infinitePi_coord {Idx : Type u} {Omega : Idx -> Type v} {Target : Idx -> Type w} [mOmega : forall i, MeasurableSpace (Omega i)] [mTarget : forall i, MeasurableSpace (Target i)] (coordLaw : forall i, MeasureTheory.Measure (Omega i)) [forall i, MeasureTheory.IsProbabilityMeasure (coordLaw i)] (X : forall i, Omega i -> Target i) (hX : forall i, Measurable (X i)) : ProbabilityTheory.iIndepFun (fun i omega => X i (omega i)) (MeasureTheory.Measure.infinitePi coordLaw)
lean: BanditRLProof.IndependenceFoundation.iIndepFun_rewardTrace_infinitePi [theorem] BanditRLProof/IndependenceFoundation.lean:44
  theorem iIndepFun_rewardTrace_infinitePi {Reward : Type u} [MeasurableSpace Reward] (coordLaw : Nat -> MeasureTheory.Measure Reward) [forall t : Nat, MeasureTheory.IsProbabilityMeasure (coordLaw t)] : ProbabilityTheory.iIndepFun (fun t (omega : RewardTrace Reward) => omega t) (MeasureTheory.Measure.infinitePi coordLaw)
lean: BanditRLProof.FiniteHorizonRL.MarkovPolicy.iidEpisodeBatch_stepLaw_and_independence [theorem] BanditRLProof/RL/FiniteHorizonIIDTrajectoryBatch.lean:430
  theorem iidEpisodeBatch_stepLaw_and_independence {mdp : MDP State Action} (policy : MarkovPolicy mdp) (initialState : Measure State) [IsProbabilityMeasure initialState] (episodes : Nat) (stage : Fin mdp.horizon) : (forall episode : Fin episodes, (policy.iidEpisodeBatchMeasure initialState episodes).map (fun batch => batch episode stage) = (policy.trajectoryMeasure initialState).map (fun trajectory => mdp.episodeStepOfTrajectory trajectory stage)) /\ ProbabilityTheory.iIndepFun (fun episode (batch : EpisodeBatch mdp episodes) => batch episode stage) (policy.iidEpisodeBatchMeasure initialState episodes)
