runs/online-randomized-iid-20261008/combined-Tests-v2.log:1310: trailing whitespace.
+  
runs/online-randomized-iid-20261008/combined-Tests-v2.log:1312: trailing whitespace.
+    
runs/online-randomized-iid-20261008/combined-Tests-v2.log:1317: trailing whitespace.
+  
runs/online-randomized-iid-20261008/combined-Tests-v2.log:1319: trailing whitespace.
+    
runs/online-randomized-iid-20261008/combined-Tests-v2.log:1480: trailing whitespace.
+  
runs/online-randomized-iid-20261008/combined-Tests-v2.log:1482: trailing whitespace.
+    
runs/online-randomized-iid-20261008/combined-Tests-v2.log:1631: trailing whitespace.
+  
runs/online-randomized-iid-20261008/combined-Tests-v2.log:1633: trailing whitespace.
+    
runs/online-randomized-iid-20261008/combined-Tests-v2.log:1802: trailing whitespace.
+  
runs/online-randomized-iid-20261008/combined-Tests-v2.log:1804: trailing whitespace.
+    
runs/online-randomized-iid-20261008/combined-Tests-v2.log:1844: trailing whitespace.
+  
runs/online-randomized-iid-20261008/combined-Tests-v2.log:1846: trailing whitespace.
+    
runs/online-randomized-iid-20261008/combined-Tests-v2.log:2339: trailing whitespace.
+  
runs/online-randomized-iid-20261008/combined-Tests-v2.log:2341: trailing whitespace.
+    
runs/online-randomized-iid-20261008/combined-Tests-v2.log:2390: trailing whitespace.
+  
runs/online-randomized-iid-20261008/combined-Tests-v2.log:2392: trailing whitespace.
+    
runs/online-randomized-iid-20261008/combined-Tests-v2.log:6820: trailing whitespace.
+  
runs/online-randomized-iid-20261008/combined-Tests-v2.log:6822: trailing whitespace.
+    
runs/online-randomized-iid-20261008/combined-root-v2.log:512: trailing whitespace.
+  
runs/online-randomized-iid-20261008/combined-root-v2.log:514: trailing whitespace.
+    
runs/online-randomized-iid-20261008/combined-root-v2.log:847: trailing whitespace.
+  
runs/online-randomized-iid-20261008/combined-root-v2.log:849: trailing whitespace.
+    
runs/online-randomized-iid-20261008/combined-root-v2.log:1098: trailing whitespace.
+  
runs/online-randomized-iid-20261008/combined-root-v2.log:1100: trailing whitespace.
+    
runs/online-randomized-iid-20261008/combined-root-v2.log:1140: trailing whitespace.
+  
runs/online-randomized-iid-20261008/combined-root-v2.log:1142: trailing whitespace.
+    
runs/online-randomized-iid-20261008/combined-root-v2.log:1676: trailing whitespace.
+  
runs/online-randomized-iid-20261008/combined-root-v2.log:1678: trailing whitespace.
+    
runs/online-randomized-iid-20261008/combined-root-v2.log:1683: trailing whitespace.
+  
runs/online-randomized-iid-20261008/combined-root-v2.log:1685: trailing whitespace.
+    
runs/online-randomized-iid-20261008/combined-root-v2.log:1748: trailing whitespace.
+  
runs/online-randomized-iid-20261008/combined-root-v2.log:1750: trailing whitespace.
+    
runs/online-randomized-iid-20261008/combined-root-v2.log:1799: trailing whitespace.
+  
runs/online-randomized-iid-20261008/combined-root-v2.log:1801: trailing whitespace.
+    
runs/online-randomized-iid-20261008/full-harness-v2.log:571: trailing whitespace.
+  
runs/online-randomized-iid-20261008/full-harness-v2.log:573: trailing whitespace.
+    
runs/online-randomized-iid-20261008/full-harness-v2.log:722: trailing whitespace.
+  
runs/online-randomized-iid-20261008/full-harness-v2.log:724: trailing whitespace.
+    
runs/online-randomized-iid-20261008/full-harness-v2.log:1099: trailing whitespace.
+  
runs/online-randomized-iid-20261008/full-harness-v2.log:1101: trailing whitespace.
+    
runs/online-randomized-iid-20261008/full-harness-v2.log:1141: trailing whitespace.
+  
runs/online-randomized-iid-20261008/full-harness-v2.log:1143: trailing whitespace.
+    
runs/online-randomized-iid-20261008/full-harness-v2.log:1707: trailing whitespace.
+  
runs/online-randomized-iid-20261008/full-harness-v2.log:1709: trailing whitespace.
+    
runs/online-randomized-iid-20261008/full-harness-v2.log:1714: trailing whitespace.
+  
runs/online-randomized-iid-20261008/full-harness-v2.log:1716: trailing whitespace.
+    
runs/online-randomized-iid-20261008/full-harness-v2.log:1749: trailing whitespace.
+  
runs/online-randomized-iid-20261008/full-harness-v2.log:1751: trailing whitespace.
+    
runs/online-randomized-iid-20261008/full-harness-v2.log:1800: trailing whitespace.
+  
runs/online-randomized-iid-20261008/full-harness-v2.log:1802: trailing whitespace.
+    
runs/online-randomized-iid-20261008/full-harness-v2.log:3662: trailing whitespace.
+  
runs/online-randomized-iid-20261008/full-harness-v2.log:3664: trailing whitespace.
+    
runs/online-randomized-iid-20261008/full-harness-v2.log:3669: trailing whitespace.
+  
runs/online-randomized-iid-20261008/full-harness-v2.log:3671: trailing whitespace.
+    
runs/online-randomized-iid-20261008/full-harness-v2.log:3832: trailing whitespace.
+  
runs/online-randomized-iid-20261008/full-harness-v2.log:3834: trailing whitespace.
+    
runs/online-randomized-iid-20261008/full-harness-v2.log:3983: trailing whitespace.
+  
runs/online-randomized-iid-20261008/full-harness-v2.log:3985: trailing whitespace.
+    
runs/online-randomized-iid-20261008/full-harness-v2.log:4154: trailing whitespace.
+  
runs/online-randomized-iid-20261008/full-harness-v2.log:4156: trailing whitespace.
+    
runs/online-randomized-iid-20261008/full-harness-v2.log:4196: trailing whitespace.
+  
runs/online-randomized-iid-20261008/full-harness-v2.log:4198: trailing whitespace.
+    
runs/online-randomized-iid-20261008/full-harness-v2.log:4691: trailing whitespace.
+  
runs/online-randomized-iid-20261008/full-harness-v2.log:4693: trailing whitespace.
+    
runs/online-randomized-iid-20261008/full-harness-v2.log:4742: trailing whitespace.
+  
runs/online-randomized-iid-20261008/full-harness-v2.log:4744: trailing whitespace.
+    
runs/online-randomized-iid-20261008/full-harness-v2.log:9172: trailing whitespace.
+  
runs/online-randomized-iid-20261008/full-harness-v2.log:9174: trailing whitespace.
+    
runs/online-randomized-iid-20261008/full-harness-v3.log:777: trailing whitespace.
+  
runs/online-randomized-iid-20261008/full-harness-v3.log:779: trailing whitespace.
+    
runs/online-randomized-iid-20261008/full-harness-v3.log:928: trailing whitespace.
+  
runs/online-randomized-iid-20261008/full-harness-v3.log:930: trailing whitespace.
+    
runs/online-randomized-iid-20261008/full-harness-v3.log:1099: trailing whitespace.
+  
runs/online-randomized-iid-20261008/full-harness-v3.log:1101: trailing whitespace.
+    
runs/online-randomized-iid-20261008/full-harness-v3.log:1141: trailing whitespace.
+  
runs/online-randomized-iid-20261008/full-harness-v3.log:1143: trailing whitespace.
+    
runs/online-randomized-iid-20261008/full-harness-v3.log:1638: trailing whitespace.
+  
runs/online-randomized-iid-20261008/full-harness-v3.log:1640: trailing whitespace.
+    
runs/online-randomized-iid-20261008/full-harness-v3.log:1645: trailing whitespace.
+  
runs/online-randomized-iid-20261008/full-harness-v3.log:1647: trailing whitespace.
+    
runs/online-randomized-iid-20261008/full-harness-v3.log:1749: trailing whitespace.
+  
runs/online-randomized-iid-20261008/full-harness-v3.log:1751: trailing whitespace.
+    
runs/online-randomized-iid-20261008/full-harness-v3.log:1800: trailing whitespace.
+  
runs/online-randomized-iid-20261008/full-harness-v3.log:1802: trailing whitespace.
+    
runs/online-randomized-iid-20261008/full-harness-v3.log:3662: trailing whitespace.
+  
runs/online-randomized-iid-20261008/full-harness-v3.log:3664: trailing whitespace.
+    
runs/online-randomized-iid-20261008/full-harness-v3.log:3669: trailing whitespace.
+  
runs/online-randomized-iid-20261008/full-harness-v3.log:3671: trailing whitespace.
+    
runs/online-randomized-iid-20261008/full-harness-v3.log:3832: trailing whitespace.
+  
runs/online-randomized-iid-20261008/full-harness-v3.log:3834: trailing whitespace.
+    
runs/online-randomized-iid-20261008/full-harness-v3.log:3983: trailing whitespace.
+  
runs/online-randomized-iid-20261008/full-harness-v3.log:3985: trailing whitespace.
+    
runs/online-randomized-iid-20261008/full-harness-v3.log:4154: trailing whitespace.
+  
runs/online-randomized-iid-20261008/full-harness-v3.log:4156: trailing whitespace.
+    
runs/online-randomized-iid-20261008/full-harness-v3.log:4196: trailing whitespace.
+  
runs/online-randomized-iid-20261008/full-harness-v3.log:4198: trailing whitespace.
+    
runs/online-randomized-iid-20261008/full-harness-v3.log:4691: trailing whitespace.
+  
runs/online-randomized-iid-20261008/full-harness-v3.log:4693: trailing whitespace.
+    
runs/online-randomized-iid-20261008/full-harness-v3.log:4742: trailing whitespace.
+  
runs/online-randomized-iid-20261008/full-harness-v3.log:4744: trailing whitespace.
+    
runs/online-randomized-iid-20261008/full-harness-v3.log:9172: trailing whitespace.
+  
runs/online-randomized-iid-20261008/full-harness-v3.log:9174: trailing whitespace.
+    
