{
  "schema_version": 1,
  "mode": "shadow-read-only",
  "analyzed_at": "2026-10-05T19:48:59+00:00",
  "trials_path": "E:\\ABRL\\worktrees\\research-online-book\\runs\\online-subgradient-basic-migration-20261006\\accepted-scoped-trials-v1.jsonl",
  "trial_rows": 2,
  "status_counts": {
    "accepted": 1,
    "compiled": 1
  },
  "inferred_frontier": {
    "selected_task": "ONLINE-SUBGRADIENT-BASIC-MIGRATION-20261006",
    "selected_leaf": "ONLINE-SUBGRADIENT-BASIC-MIGRATION-20261006",
    "source_status": "accepted",
    "last_accepted_verifier": {
      "trial_index": 1,
      "time": "2026-10-05T19:48:58+00:00",
      "task": "ONLINE-SUBGRADIENT-BASIC-MIGRATION-20261006",
      "role": "reviewer",
      "kind": "review",
      "status": "accepted",
      "lean": "",
      "notes": "Same actualcompiled2proof1complete definition bundle accepted after distinct source/reader/integrated gates;2numberedanchors+required adjacent domain group/0newproofgain, notChapter2/book/productivityexperiment.",
      "run_id": "online-subgradient-basic-migration-20261006"
    }
  },
  "memory_digest": {
    "path": "E:\\ABRL\\worktrees\\research-online-book\\runs\\online-subgradient-basic-migration-20261006\\memory-digest-accepted-v1.md",
    "task": ""
  },
  "recorded_frontier": {
    "schema_version": 1,
    "record_id": "frontier-d3269fd7f78b49a6",
    "updated_at": "2026-10-05T19:48:58+00:00",
    "root_objective": "Persistent Orabona Chapters1-16 Goal; only subgradient-basic sourcepackage accepted,Chapter2/book incomplete",
    "current_leaf": {
      "id": "ONLINE-SUBGRADIENT-BASIC-MIGRATION-20261006",
      "kind": "lean",
      "status": "accepted",
      "statement": "theorem theorem_2_21 (f : E → ℝ) (V : Set E) (hV : Convex ℝ V) (hsub : ∀ x ∈ V, (SourceSubdifferential (fun y => (f y : EReal)) x).Nonempty) : ConvexOn ℝ V f",
      "statement_hash": "6077cc1eec096063073ea3fe7262db814ffc27392e9422f40fa8d985e208bfdb",
      "declaration": "BanditRL.OnlineConvex.theorem_2_21",
      "file": "BanditRLProof/OnlineSubgradientBasic.lean",
      "source_status": "source-reviewed",
      "dependencies": [
        {
          "kind": "lean",
          "name": "BanditRL.OnlineConvex.SourceSubdifferential",
          "status": "compiled"
        },
        {
          "kind": "lean",
          "name": "BanditRL.OnlineConvex.SourceProper",
          "status": "compiled"
        },
        {
          "kind": "lean",
          "name": "BanditRL.OnlineConvex.extendedIndicator",
          "status": "compiled"
        },
        {
          "kind": "review",
          "name": "source-reader",
          "status": "accepted"
        }
      ]
    },
    "dag": {
      "nodes": [
        {
          "id": "ONLINE-SUBGRADIENT-BASIC-MIGRATION-20261006",
          "kind": "lean",
          "status": "accepted",
          "dependencies": [
            {
              "kind": "lean",
              "name": "BanditRL.OnlineConvex.SourceSubdifferential",
              "status": "compiled"
            },
            {
              "kind": "lean",
              "name": "BanditRL.OnlineConvex.SourceProper",
              "status": "compiled"
            },
            {
              "kind": "lean",
              "name": "BanditRL.OnlineConvex.extendedIndicator",
              "status": "compiled"
            },
            {
              "kind": "review",
              "name": "source-reader",
              "status": "accepted"
            }
          ],
          "dispatch_count": 0
        }
      ]
    },
    "last_accepted_verifier": {
      "trial_index": 1,
      "time": "2026-10-05T19:48:58+00:00",
      "task": "ONLINE-SUBGRADIENT-BASIC-MIGRATION-20261006",
      "role": "reviewer",
      "kind": "review",
      "status": "accepted",
      "lean": "",
      "notes": "Same actualcompiled2proof1complete definition bundle accepted after distinct source/reader/integrated gates;2numberedanchors+required adjacent domain group/0newproofgain, notChapter2/book/productivityexperiment.",
      "run_id": "online-subgradient-basic-migration-20261006"
    },
    "memory_policy": {
      "recent_role_relevant_limit": 5,
      "explicit_verified_lemma_ids": [],
      "whole_history_default": false
    },
    "shadow_gate": {
      "status": "pending",
      "analyzed_trial_rows": 2,
      "mismatches": [],
      "replay_transitions": 0
    },
    "mutation_policy": {
      "canonical_path_queue": true,
      "cross_process_lock": true,
      "same_file_serialized": true,
      "disjoint_files_parallel": true
    },
    "autonomous_execution": {
      "enabled": false,
      "requires_deterministic_gates": true,
      "requires_explicit_user_request": true
    }
  },
  "mismatches": [],
  "would_mutate": false
}
