{
  "schema_version": 1,
  "entry_id": "entry-fb62c1cb5e2b7e63",
  "session_id": "ONLINE-SUBGRADIENT-BASIC-MIGRATION-20261006",
  "sequence": 4,
  "parent_id": "entry-f229c14fa90577a9",
  "event_type": "accepted",
  "created_at": "2026-10-05T19:48:58+00:00",
  "payload": {
    "run_id": "online-subgradient-basic-migration-20261006",
    "accepted_decision": "runs\\online-subgradient-basic-migration-20261006\\accepted-decision-v1.json",
    "retained_proofs": 2,
    "retained_definitions": 1,
    "new_proofs": 0,
    "merged": false,
    "live": false,
    "source_package_accepted": true,
    "chapter_complete": false,
    "goal_complete": false
  }
}
