{
  "time": "2026-10-05T19:48:58+00:00",
  "task": "ONLINE-SUBGRADIENT-BASIC-MIGRATION-20261006",
  "role": "reviewer",
  "kind": "review",
  "status": "accepted",
  "notes": "Same actualcompiled2proof1complete definition bundle accepted after distinct source/reader/integrated gates;2numberedanchors+required adjacent domain group/0newproofgain, notChapter2/book/productivityexperiment.",
  "lean": "",
  "source": "",
  "run_id": "online-subgradient-basic-migration-20261006",
  "changed_files": [],
  "statement_hash": "6077cc1eec096063073ea3fe7262db814ffc27392e9422f40fa8d985e208bfdb",
  "parent_id": "",
  "route_fingerprint": "",
  "verifier_evidence": [
    "runs\\online-subgradient-basic-migration-20261006\\final-reader-receipt-v1.json"
  ],
  "harness": "hierarchical",
  "experiment_id": "",
  "target_fingerprint": "",
  "route_packet_hash": "",
  "attempt_id": "SUBGRADIENT-BASIC-RETAINED-BODIES-V1",
  "worker_id": "",
  "progress_class": "retrieval-reuse",
  "reviewer_validated": true,
  "obligations_before": 0,
  "obligations_after": 0,
  "new_declarations": [],
  "reused_declarations": [
    "BanditRL.OnlineConvex.theorem_2_21"
  ],
  "dag_nodes": 0,
  "dag_depth": 0,
  "elapsed_seconds": 0.0,
  "lean_check_seconds": 0.0,
  "prompt_chars": 0,
  "input_tokens": 0,
  "output_tokens": 0,
  "error_signature": ""
}
