@BanditRL.OnlineConvex.subgradient_point_finite.{u_1} : ∀ {E : Type u_1} [inst : NormedAddCommGroup.{u_1} E]
  [inst_1 :
    @InnerProductSpace.{0, u_1} Real E Real.instRCLike (@NormedAddCommGroup.toSeminormedAddCommGroup.{u_1} E inst)]
  (f : E → EReal),
  @BanditRL.OnlineConvex.SourceProper.{u_1} E f →
    ∀ (x g : E),
      @Membership.mem.{u_1, u_1} E (Set.{u_1} E) (@Set.instMembership.{u_1} E)
          (@BanditRL.OnlineConvex.SourceSubdifferential.{u_1} E inst inst_1 f x) g →
        @Membership.mem.{u_1, u_1} E (Set.{u_1} E) (@Set.instMembership.{u_1} E)
          (@BanditRL.OnlineConvex.effectiveDomain.{u_1} E f) x
@BanditRL.OnlineConvex.theorem_2_21.{u_1} : ∀ {E : Type u_1} [inst : NormedAddCommGroup.{u_1} E]
  [inst_1 :
    @InnerProductSpace.{0, u_1} Real E Real.instRCLike (@NormedAddCommGroup.toSeminormedAddCommGroup.{u_1} E inst)]
  (f : E → Real) (V : Set.{u_1} E),
  @Convex.{0, u_1} Real E Real.semiring Real.partialOrder
      (@ESeminormedAddCommMonoid.toAddCommMonoid.{u_1} E
        (@UniformSpace.toTopologicalSpace.{u_1} E
          (@PseudoMetricSpace.toUniformSpace.{u_1} E
            (@SeminormedAddCommGroup.toPseudoMetricSpace.{u_1} E
              (@NormedAddCommGroup.toSeminormedAddCommGroup.{u_1} E inst))))
        (@ENormedAddCommMonoid.toESeminormedAddCommMonoid.{u_1} E
          (@UniformSpace.toTopologicalSpace.{u_1} E
            (@PseudoMetricSpace.toUniformSpace.{u_1} E
              (@SeminormedAddCommGroup.toPseudoMetricSpace.{u_1} E
                (@NormedAddCommGroup.toSeminormedAddCommGroup.{u_1} E inst))))
          (@NormedAddCommGroup.toENormedAddCommMonoid.{u_1} E inst)))
      (@SMulZeroClass.toSMul.{0, u_1} Real E
        (@AddZero.toZero.{u_1} E
          (@AddZeroClass.toAddZero.{u_1} E
            (@AddMonoid.toAddZeroClass.{u_1} E
              (@ESeminormedAddMonoid.toAddMonoid.{u_1} E
                (@UniformSpace.toTopologicalSpace.{u_1} E
                  (@PseudoMetricSpace.toUniformSpace.{u_1} E
                    (@SeminormedAddCommGroup.toPseudoMetricSpace.{u_1} E
                      (@NormedAddCommGroup.toSeminormedAddCommGroup.{u_1} E inst))))
                (@ESeminormedAddCommMonoid.toESeminormedAddMonoid.{u_1} E
                  (@UniformSpace.toTopologicalSpace.{u_1} E
                    (@PseudoMetricSpace.toUniformSpace.{u_1} E
                      (@SeminormedAddCommGroup.toPseudoMetricSpace.{u_1} E
                        (@NormedAddCommGroup.toSeminormedAddCommGroup.{u_1} E inst))))
                  (@ENormedAddCommMonoid.toESeminormedAddCommMonoid.{u_1} E
                    (@UniformSpace.toTopologicalSpace.{u_1} E
                      (@PseudoMetricSpace.toUniformSpace.{u_1} E
                        (@SeminormedAddCommGroup.toPseudoMetricSpace.{u_1} E
                          (@NormedAddCommGroup.toSeminormedAddCommGroup.{u_1} E inst))))
                    (@NormedAddCommGroup.toENormedAddCommMonoid.{u_1} E inst)))))))
        (@DistribSMul.toSMulZeroClass.{0, u_1} Real E
          (@AddMonoid.toAddZeroClass.{u_1} E
            (@ESeminormedAddMonoid.toAddMonoid.{u_1} E
              (@UniformSpace.toTopologicalSpace.{u_1} E
                (@PseudoMetricSpace.toUniformSpace.{u_1} E
                  (@SeminormedAddCommGroup.toPseudoMetricSpace.{u_1} E
                    (@NormedAddCommGroup.toSeminormedAddCommGroup.{u_1} E inst))))
              (@ESeminormedAddCommMonoid.toESeminormedAddMonoid.{u_1} E
                (@UniformSpace.toTopologicalSpace.{u_1} E
                  (@PseudoMetricSpace.toUniformSpace.{u_1} E
                    (@SeminormedAddCommGroup.toPseudoMetricSpace.{u_1} E
                      (@NormedAddCommGroup.toSeminormedAddCommGroup.{u_1} E inst))))
                (@ENormedAddCommMonoid.toESeminormedAddCommMonoid.{u_1} E
                  (@UniformSpace.toTopologicalSpace.{u_1} E
                    (@PseudoMetricSpace.toUniformSpace.{u_1} E
                      (@SeminormedAddCommGroup.toPseudoMetricSpace.{u_1} E
                        (@NormedAddCommGroup.toSeminormedAddCommGroup.{u_1} E inst))))
                  (@NormedAddCommGroup.toENormedAddCommMonoid.{u_1} E inst)))))
          (@DistribMulAction.toDistribSMul.{0, u_1} Real E Real.instMonoid
            (@ESeminormedAddMonoid.toAddMonoid.{u_1} E
              (@UniformSpace.toTopologicalSpace.{u_1} E
                (@PseudoMetricSpace.toUniformSpace.{u_1} E
                  (@SeminormedAddCommGroup.toPseudoMetricSpace.{u_1} E
                    (@NormedAddCommGroup.toSeminormedAddCommGroup.{u_1} E inst))))
              (@ESeminormedAddCommMonoid.toESeminormedAddMonoid.{u_1} E
                (@UniformSpace.toTopologicalSpace.{u_1} E
                  (@PseudoMetricSpace.toUniformSpace.{u_1} E
                    (@SeminormedAddCommGroup.toPseudoMetricSpace.{u_1} E
                      (@NormedAddCommGroup.toSeminormedAddCommGroup.{u_1} E inst))))
                (@ENormedAddCommMonoid.toESeminormedAddCommMonoid.{u_1} E
                  (@UniformSpace.toTopologicalSpace.{u_1} E
                    (@PseudoMetricSpace.toUniformSpace.{u_1} E
                      (@SeminormedAddCommGroup.toPseudoMetricSpace.{u_1} E
                        (@NormedAddCommGroup.toSeminormedAddCommGroup.{u_1} E inst))))
                  (@NormedAddCommGroup.toENormedAddCommMonoid.{u_1} E inst))))
            (@Module.toDistribMulAction.{0, u_1} Real E Real.semiring
              (@ESeminormedAddCommMonoid.toAddCommMonoid.{u_1} E
                (@UniformSpace.toTopologicalSpace.{u_1} E
                  (@PseudoMetricSpace.toUniformSpace.{u_1} E
                    (@SeminormedAddCommGroup.toPseudoMetricSpace.{u_1} E
                      (@NormedAddCommGroup.toSeminormedAddCommGroup.{u_1} E inst))))
                (@ENormedAddCommMonoid.toESeminormedAddCommMonoid.{u_1} E
                  (@UniformSpace.toTopologicalSpace.{u_1} E
                    (@PseudoMetricSpace.toUniformSpace.{u_1} E
                      (@SeminormedAddCommGroup.toPseudoMetricSpace.{u_1} E
                        (@NormedAddCommGroup.toSeminormedAddCommGroup.{u_1} E inst))))
                  (@NormedAddCommGroup.toENormedAddCommMonoid.{u_1} E inst)))
              (@NormedSpace.toModule.{0, u_1} Real E Real.normedField
                (@NormedAddCommGroup.toSeminormedAddCommGroup.{u_1} E inst)
                (@InnerProductSpace.toNormedSpace.{0, u_1} Real E Real.instRCLike
                  (@NormedAddCommGroup.toSeminormedAddCommGroup.{u_1} E inst) inst_1))))))
      V →
    (∀ (x : E),
        @Membership.mem.{u_1, u_1} E (Set.{u_1} E) (@Set.instMembership.{u_1} E) V x →
          @Set.Nonempty.{u_1} E
            (@BanditRL.OnlineConvex.SourceSubdifferential.{u_1} E inst inst_1 (fun y => ↑(f y)) x)) →
      @ConvexOn.{0, u_1, 0} Real E Real Real.semiring Real.partialOrder
        (@ESeminormedAddCommMonoid.toAddCommMonoid.{u_1} E
          (@UniformSpace.toTopologicalSpace.{u_1} E
            (@PseudoMetricSpace.toUniformSpace.{u_1} E
              (@SeminormedAddCommGroup.toPseudoMetricSpace.{u_1} E
                (@NormedAddCommGroup.toSeminormedAddCommGroup.{u_1} E inst))))
          (@ENormedAddCommMonoid.toESeminormedAddCommMonoid.{u_1} E
            (@UniformSpace.toTopologicalSpace.{u_1} E
              (@PseudoMetricSpace.toUniformSpace.{u_1} E
                (@SeminormedAddCommGroup.toPseudoMetricSpace.{u_1} E
                  (@NormedAddCommGroup.toSeminormedAddCommGroup.{u_1} E inst))))
            (@NormedAddCommGroup.toENormedAddCommMonoid.{u_1} E inst)))
        Real.instAddCommMonoid Real.partialOrder
        (@SMulZeroClass.toSMul.{0, u_1} Real E
          (@AddZero.toZero.{u_1} E
            (@AddZeroClass.toAddZero.{u_1} E
              (@AddMonoid.toAddZeroClass.{u_1} E
                (@ESeminormedAddMonoid.toAddMonoid.{u_1} E
                  (@UniformSpace.toTopologicalSpace.{u_1} E
                    (@PseudoMetricSpace.toUniformSpace.{u_1} E
                      (@SeminormedAddCommGroup.toPseudoMetricSpace.{u_1} E
                        (@NormedAddCommGroup.toSeminormedAddCommGroup.{u_1} E inst))))
                  (@ESeminormedAddCommMonoid.toESeminormedAddMonoid.{u_1} E
                    (@UniformSpace.toTopologicalSpace.{u_1} E
                      (@PseudoMetricSpace.toUniformSpace.{u_1} E
                        (@SeminormedAddCommGroup.toPseudoMetricSpace.{u_1} E
                          (@NormedAddCommGroup.toSeminormedAddCommGroup.{u_1} E inst))))
                    (@ENormedAddCommMonoid.toESeminormedAddCommMonoid.{u_1} E
                      (@UniformSpace.toTopologicalSpace.{u_1} E
                        (@PseudoMetricSpace.toUniformSpace.{u_1} E
                          (@SeminormedAddCommGroup.toPseudoMetricSpace.{u_1} E
                            (@NormedAddCommGroup.toSeminormedAddCommGroup.{u_1} E inst))))
                      (@NormedAddCommGroup.toENormedAddCommMonoid.{u_1} E inst)))))))
          (@DistribSMul.toSMulZeroClass.{0, u_1} Real E
            (@AddMonoid.toAddZeroClass.{u_1} E
              (@ESeminormedAddMonoid.toAddMonoid.{u_1} E
                (@UniformSpace.toTopologicalSpace.{u_1} E
                  (@PseudoMetricSpace.toUniformSpace.{u_1} E
                    (@SeminormedAddCommGroup.toPseudoMetricSpace.{u_1} E
                      (@NormedAddCommGroup.toSeminormedAddCommGroup.{u_1} E inst))))
                (@ESeminormedAddCommMonoid.toESeminormedAddMonoid.{u_1} E
                  (@UniformSpace.toTopologicalSpace.{u_1} E
                    (@PseudoMetricSpace.toUniformSpace.{u_1} E
                      (@SeminormedAddCommGroup.toPseudoMetricSpace.{u_1} E
                        (@NormedAddCommGroup.toSeminormedAddCommGroup.{u_1} E inst))))
                  (@ENormedAddCommMonoid.toESeminormedAddCommMonoid.{u_1} E
                    (@UniformSpace.toTopologicalSpace.{u_1} E
                      (@PseudoMetricSpace.toUniformSpace.{u_1} E
                        (@SeminormedAddCommGroup.toPseudoMetricSpace.{u_1} E
                          (@NormedAddCommGroup.toSeminormedAddCommGroup.{u_1} E inst))))
                    (@NormedAddCommGroup.toENormedAddCommMonoid.{u_1} E inst)))))
            (@DistribMulAction.toDistribSMul.{0, u_1} Real E Real.instMonoid
              (@ESeminormedAddMonoid.toAddMonoid.{u_1} E
                (@UniformSpace.toTopologicalSpace.{u_1} E
                  (@PseudoMetricSpace.toUniformSpace.{u_1} E
                    (@SeminormedAddCommGroup.toPseudoMetricSpace.{u_1} E
                      (@NormedAddCommGroup.toSeminormedAddCommGroup.{u_1} E inst))))
                (@ESeminormedAddCommMonoid.toESeminormedAddMonoid.{u_1} E
                  (@UniformSpace.toTopologicalSpace.{u_1} E
                    (@PseudoMetricSpace.toUniformSpace.{u_1} E
                      (@SeminormedAddCommGroup.toPseudoMetricSpace.{u_1} E
                        (@NormedAddCommGroup.toSeminormedAddCommGroup.{u_1} E inst))))
                  (@ENormedAddCommMonoid.toESeminormedAddCommMonoid.{u_1} E
                    (@UniformSpace.toTopologicalSpace.{u_1} E
                      (@PseudoMetricSpace.toUniformSpace.{u_1} E
                        (@SeminormedAddCommGroup.toPseudoMetricSpace.{u_1} E
                          (@NormedAddCommGroup.toSeminormedAddCommGroup.{u_1} E inst))))
                    (@NormedAddCommGroup.toENormedAddCommMonoid.{u_1} E inst))))
              (@Module.toDistribMulAction.{0, u_1} Real E Real.semiring
                (@ESeminormedAddCommMonoid.toAddCommMonoid.{u_1} E
                  (@UniformSpace.toTopologicalSpace.{u_1} E
                    (@PseudoMetricSpace.toUniformSpace.{u_1} E
                      (@SeminormedAddCommGroup.toPseudoMetricSpace.{u_1} E
                        (@NormedAddCommGroup.toSeminormedAddCommGroup.{u_1} E inst))))
                  (@ENormedAddCommMonoid.toESeminormedAddCommMonoid.{u_1} E
                    (@UniformSpace.toTopologicalSpace.{u_1} E
                      (@PseudoMetricSpace.toUniformSpace.{u_1} E
                        (@SeminormedAddCommGroup.toPseudoMetricSpace.{u_1} E
                          (@NormedAddCommGroup.toSeminormedAddCommGroup.{u_1} E inst))))
                    (@NormedAddCommGroup.toENormedAddCommMonoid.{u_1} E inst)))
                (@NormedSpace.toModule.{0, u_1} Real E Real.normedField
                  (@NormedAddCommGroup.toSeminormedAddCommGroup.{u_1} E inst)
                  (@InnerProductSpace.toNormedSpace.{0, u_1} Real E Real.instRCLike
                    (@NormedAddCommGroup.toSeminormedAddCommGroup.{u_1} E inst) inst_1))))))
        (@Algebra.toSMul.{0, 0} Real Real Real.instCommSemiring
          (@CommSemiring.toSemiring.{0} Real Real.instCommSemiring) (@Algebra.id.{0} Real Real.instCommSemiring))
        V f
@BanditRL.OnlineConvex.SourceSubdifferential.{u_1} : {E : Type u_1} →
  [inst : NormedAddCommGroup.{u_1} E] →
    [@InnerProductSpace.{0, u_1} Real E Real.instRCLike (@NormedAddCommGroup.toSeminormedAddCommGroup.{u_1} E inst)] →
      (E → EReal) → E → Set.{u_1} E
SubgradientProbe.square_support : ∀ (x : Real),
  @Membership.mem.{0, 0} Real (Set.{0} Real) (@Set.instMembership.{0} Real)
    (@BanditRL.OnlineConvex.SourceSubdifferential.{0} Real Real.normedAddCommGroup
      (@RCLike.toInnerProductSpaceReal.{0} Real Real.instRCLike)
      (fun y =>
        ↑(@HPow.hPow.{0, 0, 0} Real Nat Real (@instHPow.{0, 0} Real Nat (@Monoid.toPow.{0} Real Real.instMonoid)) y
            (@OfNat.ofNat.{0} Nat (nat_lit 2) (instOfNatNat (nat_lit 2)))))
      x)
    (@HMul.hMul.{0, 0, 0} Real Real Real (@instHMul.{0} Real Real.instMul)
      (@OfNat.ofNat.{0} Real (nat_lit 2) (@instOfNatAtLeastTwo.{0} Real (nat_lit 2) Real.instNatCast ⋯)) x)
SubgradientProbe.square_convex : @ConvexOn.{0, 0, 0} Real Real Real Real.semiring Real.partialOrder
  Real.instAddCommMonoid Real.instAddCommMonoid Real.partialOrder
  (@Algebra.toSMul.{0, 0} Real Real Real.instCommSemiring (@CommSemiring.toSemiring.{0} Real Real.instCommSemiring)
    (@Algebra.id.{0} Real Real.instCommSemiring))
  (@Algebra.toSMul.{0, 0} Real Real Real.instCommSemiring (@CommSemiring.toSemiring.{0} Real Real.instCommSemiring)
    (@Algebra.id.{0} Real Real.instCommSemiring))
  (@Set.univ.{0} Real) fun x =>
  @HPow.hPow.{0, 0, 0} Real Nat Real (@instHPow.{0, 0} Real Nat (@Monoid.toPow.{0} Real Real.instMonoid)) x
    (@OfNat.ofNat.{0} Nat (nat_lit 2) (instOfNatNat (nat_lit 2)))
SubgradientProbe.interval_outside_no_support : ∀ (g : Real),
  g ∉
    @BanditRL.OnlineConvex.SourceSubdifferential.{0} Real Real.normedAddCommGroup
      (@RCLike.toInnerProductSpaceReal.{0} Real Real.instRCLike)
      (@BanditRL.OnlineConvex.extendedIndicator.{0} Real
        (@Set.Icc.{0} Real Real.instPreorder (@OfNat.ofNat.{0} Real (nat_lit 0) (@Zero.toOfNat0.{0} Real Real.instZero))
          (@OfNat.ofNat.{0} Real (nat_lit 1) (@One.toOfNat1.{0} Real Real.instOne))))
      (@OfNat.ofNat.{0} Real (nat_lit 2) (@instOfNatAtLeastTwo.{0} Real (nat_lit 2) Real.instNatCast ⋯))
