{
  "schema_version": 1,
  "entry_id": "entry-f229c14fa90577a9",
  "session_id": "ONLINE-SUBGRADIENT-BASIC-MIGRATION-20261006",
  "sequence": 3,
  "parent_id": "entry-a5aec5a848f8dc71",
  "event_type": "candidate",
  "created_at": "2026-10-05T19:38:54+00:00",
  "payload": {
    "run_id": "online-subgradient-basic-migration-20261006",
    "retained_proofs": 2,
    "retained_definitions": 1,
    "new_proofs": 0,
    "frozen_headers": {
      "subgradient_point_finite": "0283a2c9fdd9094e78272c1987b48d4b8920d4c52796753d4ce0466ffddfdd62",
      "theorem_2_21": "6077cc1eec096063073ea3fe7262db814ffc27392e9422f40fa8d985e208bfdb"
    },
    "fresh_jobs": {
      "root-v1-01": 9089,
      "Tests-v1-01": 9232
    },
    "remaining_gates": [
      "fullharness",
      "contributor",
      "site/registry/finalreader",
      "raw/PR"
    ],
    "source_terminal_accepted": false,
    "chapter_complete": false,
    "goal_complete": false
  }
}
