{
  "schema_version": 1,
  "entry_id": "entry-28e1fa9ed71367bb",
  "session_id": "ONLINE-SUBGRADIENT-BASIC-MIGRATION-20261006",
  "sequence": 0,
  "parent_id": "",
  "event_type": "draft",
  "created_at": "2026-10-05T19:20:05+00:00",
  "payload": {
    "run_id": "online-subgradient-basic-migration-20261006",
    "frozen_headers": {
      "subgradient_point_finite": "0283a2c9fdd9094e78272c1987b48d4b8920d4c52796753d4ce0466ffddfdd62",
      "theorem_2_21": "6077cc1eec096063073ea3fe7262db814ffc27392e9422f40fa8d985e208bfdb"
    },
    "retained_proofs": 2,
    "retained_definitions": 1,
    "new_proofs": 0,
    "sourceproperness_original_restriction_explicit": true,
    "source_package_accepted": false,
    "chapter_complete": false,
    "goal_complete": false
  }
}
