BanditRL.OnlineConvex.theorem_2_28 [theorem] BanditRLProof/OnlineAffineSubgradient.lean:18
  theorem theorem_2_28 [FiniteDimensional ℝ E] [FiniteDimensional ℝ F] (f : F → EReal) (hp : SourceProper f) (A : E →L[ℝ] F) (b : F) (x : E) : A.adjoint '' (SourceSubdifferential f (A x + b)) ⊆ SourceSubdifferential (fun y => f (A y + b)) x
BanditRL.OnlineGuessingSubgradient.loss_subdifferential_translate [theorem] BanditRLProof/OnlineGuessingSubgradient.lean:27
  theorem loss_subdifferential_translate (y x : ℝ) : SourceSubdifferential (loss y) x = SourceSubdifferential (fun z : ℝ => ((|z| : ℝ) : EReal)) (x - y)
BanditRL.OnlineGuessingSubgradient.loss_subgradient_positive [theorem] BanditRLProof/OnlineGuessingSubgradient.lean:40
  theorem loss_subgradient_positive (y x : ℝ) (hxy : y < x) : SourceSubdifferential (loss y) x = {(1 : ℝ)}
BanditRL.OnlineGuessingSubgradient.loss_subgradient_zero [theorem] BanditRLProof/OnlineGuessingSubgradient.lean:45
  theorem loss_subgradient_zero (y : ℝ) : SourceSubdifferential (loss y) y = Icc (-1 : ℝ) 1
BanditRL.OnlineGuessingSubgradient.loss_subgradient_negative [theorem] BanditRLProof/OnlineGuessingSubgradient.lean:50
  theorem loss_subgradient_negative (y x : ℝ) (hxy : x < y) : SourceSubdifferential (loss y) x = {(-1 : ℝ)}
BanditRL.OnlineGuessingSubgradient.example_2_32_subdifferential [theorem] BanditRLProof/OnlineGuessingSubgradient.lean:55
  theorem example_2_32_subdifferential (y x : ℝ) : SourceSubdifferential (loss y) x = if y < x then {(1 : ℝ)} else if x = y then Icc (-1 : ℝ) 1 else {(-1 : ℝ)}
BanditRL.OnlineGuessingSubgradient.loss_subgradient_bound [theorem] BanditRLProof/OnlineGuessingSubgradient.lean:78
  theorem loss_subgradient_bound (y x g : ℝ) (hg : g ∈ SourceSubdifferential (loss y) x) : ‖g‖ ≤ 1
BanditRL.OnlineConvex.affine_subdifferential [theorem] BanditRLProof/OnlineHinge.lean:17
  theorem affine_subdifferential (a : E) (b : ℝ) (x : E) : SourceSubdifferential (fun y => ((inner ℝ a y + b : ℝ) : EReal)) x = {a}
BanditRL.OnlineConvex.hinge_subdifferential_hull [theorem] BanditRLProof/OnlineHinge.lean:103
  theorem hinge_subdifferential_hull [FiniteDimensional ℝ E] (z x : E) : SourceSubdifferential (sourceHinge z) x = convexHull ℝ (SourceActiveSubgradientUnion (hingeFamily z) x)
BanditRL.OnlineConvex.hinge_family_support [theorem] BanditRLProof/OnlineHinge.lean:117
  theorem hinge_family_support (z : E) (i : Bool) (x : E) : SourceSubdifferential (hingeFamily z i) x = {if i then -z else 0}
BanditRL.OnlineConvex.example_2_27 [theorem] BanditRLProof/OnlineHinge.lean:168
  theorem example_2_27 [FiniteDimensional ℝ E] (z x : E) : SourceSubdifferential (sourceHinge z) x = if 1 - inner ℝ z x < 0 then {0} else if 1 - inner ℝ z x = 0 then {g | ∃ α ∈ Icc (0 : ℝ) 1, g = -(α • z)} else {-z}
BanditRL.OnlineLinearization.support_gap [theorem] BanditRLProof/OnlineLinearization.lean:133
  theorem support_gap (V : Domain (E := E)) (f : E → EReal) (hf : BanditRL.OnlineSubgradientDescent.SubdifferentiableOn V f) (x g u : E) (hu : u ∈ V.carrier) (hg : g ∈ SourceSubdifferential f x) : (f x).toReal - (f u).toReal ≤ inner ℝ g (x - u)
BanditRL.OnlineConvex.theorem_2_30 [theorem] BanditRLProof/OnlineLipschitzSubgradient.lean:27
  theorem theorem_2_30 [FiniteDimensional ℝ E] (f : E → EReal) (hp : SourceProper f) (hc : IsConvexExtended f) (L : ℝ≥0) : SourceLipschitzOn f (interior (effectiveDomain f)) L ↔ ∀ x ∈ interior (effectiveDomain f), ∀ g ∈ SourceSubdifferential f x, ‖g‖ ≤ (L : ℝ)
BanditRL.OnlineConvex.indicator_subdifferential_eq_normalCone [theorem] BanditRLProof/OnlineNormalCone.lean:25
  theorem indicator_subdifferential_eq_normalCone [FiniteDimensional ℝ E] (V : Set E) (hVn : V.Nonempty) (hVc : Convex ℝ V) (x : E) : SourceSubdifferential (extendedIndicator V) x = SourceNormalCone V x
BanditRL.OnlineConvex.abs_subgradient_zero [theorem] BanditRLProof/OnlineSubgradientAbsolute.lean:18
  theorem abs_subgradient_zero : SourceSubdifferential (fun y : ℝ => ((|y| : ℝ) : EReal)) 0 = Icc (-1 : ℝ) 1
BanditRL.OnlineConvex.abs_subgradient_positive [theorem] BanditRLProof/OnlineSubgradientAbsolute.lean:45
  theorem abs_subgradient_positive (x : ℝ) (hx : 0 < x) : SourceSubdifferential (fun y : ℝ => ((|y| : ℝ) : EReal)) x = {(1 : ℝ)}
BanditRL.OnlineConvex.abs_subgradient_negative [theorem] BanditRLProof/OnlineSubgradientAbsolute.lean:72
  theorem abs_subgradient_negative (x : ℝ) (hx : x < 0) : SourceSubdifferential (fun y : ℝ => ((|y| : ℝ) : EReal)) x = {(-1 : ℝ)}
BanditRL.OnlineConvex.example_2_24 [theorem] BanditRLProof/OnlineSubgradientAbsolute.lean:99
  theorem example_2_24 (x : ℝ) : SourceSubdifferential (fun y : ℝ => ((|y| : ℝ) : EReal)) x = if 0 < x then {(1 : ℝ)} else if x = 0 then Icc (-1 : ℝ) 1 else {(-1 : ℝ)}
BanditRL.OnlineConvex.SourceSubdifferential [def] BanditRLProof/OnlineSubgradientBasic.lean:10
  def SourceSubdifferential (f : E → EReal) (x : E) : Set E
BanditRL.OnlineConvex.subgradient_point_finite [theorem] BanditRLProof/OnlineSubgradientBasic.lean:13
  theorem subgradient_point_finite (f : E → EReal) (hf : SourceProper f) (x g : E) (hg : g ∈ SourceSubdifferential f x) : x ∈ effectiveDomain f
BanditRL.OnlineConvex.theorem_2_21 [theorem] BanditRLProof/OnlineSubgradientBasic.lean:23
  theorem theorem_2_21 (f : E → ℝ) (V : Set E) (hV : Convex ℝ V) (hsub : ∀ x ∈ V, (SourceSubdifferential (fun y => (f y : EReal)) x).Nonempty) : ConvexOn ℝ V f
BanditRL.OnlineSubgradientDescent.lemma_2_31 [theorem] BanditRLProof/OnlineSubgradientDescent.lean:40
  theorem lemma_2_31 (V : Domain (E := E)) (f : E → EReal) (hf : SubdifferentiableOn V f) (η : ℝ) (hη : 0 < η) (x u : E) (hu : u ∈ V.carrier) (g : E) (hg : g ∈ SourceSubdifferential f x) : η * ((f x).toReal - (f u).toReal) ≤ η * inner ℝ g (x - u) ∧ η * inner ℝ g (x - u) ≤ ‖x - u‖ ^ 2 / 2 - ‖BanditRL.OnlineGradientDescent.project V (x - η • g) - u‖ ^ 2 / 2 + η ^ 2 / 2 * ‖g‖ ^ 2
BanditRL.OnlineSubgradientDescent.currentSubgradient_mem [theorem] BanditRLProof/OnlineSubgradientDescent.lean:71
  theorem currentSubgradient_mem (V : Domain (E := E)) (f : E → EReal) (hf : SubdifferentiableOn V f) (x : E) (hx : x ∈ V.carrier) : currentSubgradient f x ∈ SourceSubdifferential f x
BanditRL.OnlineSubgradientDescent.iterate_support [theorem] BanditRLProof/OnlineSubgradientDescent.lean:105
  theorem iterate_support (V : Domain (E := E)) (η : ℕ → ℝ) (loss : ℕ → E → EReal) (x₁ : E) (hx₁ : x₁ ∈ V.carrier) (t : ℕ) (hloss : SubdifferentiableOn V (loss t)) : currentSubgradient (loss t) (iterate V η loss x₁ t) ∈ SourceSubdifferential (loss t) (iterate V η loss x₁ t)
BanditRL.OnlineConvex.subgradient_norm_le_lipschitz_ball [theorem] BanditRLProof/OnlineSubgradientDifferentiability.lean:17
  theorem subgradient_norm_le_lipschitz_ball (f : E → EReal) (x : E) (r : ℝ) (hr : 0 < r) (K : ℝ≥0) (hfinite : ∀ y ∈ Metric.ball x r, ∃ a : ℝ, f y = (a : EReal)) (hlip : LipschitzOnWith K (fun y => (f y).toReal) (Metric.ball x r)) (g : E) (hg : g ∈ SourceSubdifferential f x) : ‖g‖ ≤ (K : ℝ)
BanditRL.OnlineConvex.subgradients_locally_bounded [theorem] BanditRLProof/OnlineSubgradientDifferentiability.lean:62
  theorem subgradients_locally_bounded (f : E → EReal) (hbot : ∀ y, f y ≠ ⊥) (hf : IsConvexExtended f) (x : E) (hx : x ∈ interior (effectiveDomain f)) : ∃ r : ℝ, 0 < r ∧ ∃ K : ℝ≥0, ∀ y ∈ Metric.ball x r, ∀ g ∈ SourceSubdifferential f y, ‖g‖ ≤ (K : ℝ)
BanditRL.OnlineConvex.subgradient_limit_of_continuousAt [theorem] BanditRLProof/OnlineSubgradientDifferentiability.lean:85
  theorem subgradient_limit_of_continuousAt {ι : Type*} (l : Filter ι) [NeBot l] (f : E → EReal) (hbot : ∀ y, f y ≠ ⊥) (x g : E) (hx : x ∈ interior (effectiveDomain f)) (hcont : ContinuousAt (fun y => (f y).toReal) x) (xs gs : ι → E) (hxs : Tendsto xs l (𝓝 x)) (hgs : Tendsto gs l (𝓝 g)) (hs : ∀ᶠ i in l, gs i ∈ SourceSubdifferential f (xs i)) : g ∈ SourceSubdifferential f x
BanditRL.OnlineConvex.singleton_subgradient_tendsto [theorem] BanditRLProof/OnlineSubgradientDifferentiability.lean:115
  theorem singleton_subgradient_tendsto {ι : Type*} (l : Filter ι) [NeBot l] (f : E → EReal) (hbot : ∀ y, f y ≠ ⊥) (hf : IsConvexExtended f) (x g : E) (hx : x ∈ interior (effectiveDomain f)) (hg : SourceSubdifferential f x = {g}) (xs gs : ι → E) (hxs : Tendsto xs l (𝓝 x)) (hs : ∀ᶠ i in l, gs i ∈ SourceSubdifferential f (xs i)) : Tendsto gs l (𝓝 g)
BanditRL.OnlineConvex.singleton_subdifferential_interior [theorem] BanditRLProof/OnlineSubgradientDifferentiability.lean:145
  theorem singleton_subdifferential_interior (f : E → EReal) (hf : IsConvexExtended f) (x : E) (hx : ∃ r : ℝ, f x = (r : EReal)) (g : E) (hg : SourceSubdifferential f x = {g}) : x ∈ interior (effectiveDomain f)
BanditRL.OnlineConvex.singleton_subdifferential_hasGradientAt [theorem] BanditRLProof/OnlineSubgradientDifferentiability.lean:196
  theorem singleton_subdifferential_hasGradientAt (f : E → EReal) (hf : IsConvexExtended f) (x : E) (hx : ∃ r : ℝ, f x = (r : EReal)) (g : E) (hg : SourceSubdifferential f x = {g}) : HasGradientAt (fun y => (f y).toReal) g x
BanditRL.OnlineConvex.subgradient_eq_gradient_at_interior [theorem] BanditRLProof/OnlineSubgradientDifferentiability.lean:268
  theorem subgradient_eq_gradient_at_interior (f : E → EReal) (hbot : ∀ z, f z ≠ ⊥) (x : E) (hx : x ∈ interior (effectiveDomain f)) (hd : DifferentiableAt ℝ (fun z => (f z).toReal) x) (g : E) (hg : g ∈ SourceSubdifferential f x) : g = gradient (fun z => (f z).toReal) x
BanditRL.OnlineConvex.theorem_2_22_gradient [theorem] BanditRLProof/OnlineSubgradientDifferentiability.lean:293
  theorem theorem_2_22_gradient (f : E → EReal) (hf : IsConvexExtended f) (x : E) (hx : ∃ r : ℝ, f x = (r : EReal)) (h : E → ℝ) (he : (fun y => (h y : EReal)) =ᶠ[𝓝 x] f) (hd : DifferentiableAt ℝ h x) : SourceSubdifferential f x = {gradient h x}
BanditRL.OnlineConvex.theorem_2_22_forward [theorem] BanditRLProof/OnlineSubgradientDifferentiability.lean:325
  theorem theorem_2_22_forward (f : E → EReal) (hf : IsConvexExtended f) (x : E) (hx : ∃ r : ℝ, f x = (r : EReal)) (hd : SourceDifferentiableAt f x) : ∃ g : E, SourceSubdifferential f x = {g}
BanditRL.OnlineConvex.theorem_2_22 [theorem] BanditRLProof/OnlineSubgradientDifferentiability.lean:336
  theorem theorem_2_22 (f : E → EReal) (hf : IsConvexExtended f) (x : E) (hx : ∃ r : ℝ, f x = (r : EReal)) : SourceDifferentiableAt f x ↔ ∃ g : E, SourceSubdifferential f x = {g}
BanditRL.OnlineConvex.subgradient_exists_of_domain_interior [theorem] BanditRLProof/OnlineSubgradientInterior.lean:10
  theorem subgradient_exists_of_domain_interior {F : Type*} [NormedAddCommGroup F] [InnerProductSpace ℝ F] [FiniteDimensional ℝ F] (f : F → EReal) (hf : SourceProper f) (hc : IsConvexExtended f) (x : F) (hx : x ∈ interior (effectiveDomain f)) : (SourceSubdifferential f x).Nonempty
BanditRL.OnlineConvex.active_subgradient_support_max [theorem] BanditRLProof/OnlineSubgradientMax.lean:35
  theorem active_subgradient_support_max {ι : Type*} [Fintype ι] [Nonempty ι] (f : ι → E → EReal) (x : E) : SourceActiveSubgradientUnion f x ⊆ SourceSubdifferential (SourceFiniteMax f) x
BanditRL.OnlineConvex.subgradient_iff_real_support [theorem] BanditRLProof/OnlineSubgradientMax.lean:60
  theorem subgradient_iff_real_support (f : E → EReal) (hbot : ∀ y, f y ≠ ⊥) (x : E) (hx : x ∈ effectiveDomain f) (g : E) : g ∈ SourceSubdifferential f x ↔ ∀ y, f y ≠ ⊤ → (f x).toReal + inner ℝ g (y - x) ≤ (f y).toReal
BanditRL.OnlineConvex.convex_sourceSubdifferential [theorem] BanditRLProof/OnlineSubgradientMax.lean:80
  theorem convex_sourceSubdifferential (f : E → EReal) (hbot : ∀ y, f y ≠ ⊥) (x : E) (hx : x ∈ effectiveDomain f) : Convex ℝ (SourceSubdifferential f x)
BanditRL.OnlineConvex.convexHull_active_support_max [theorem] BanditRLProof/OnlineSubgradientMax.lean:109
  theorem convexHull_active_support_max {ι : Type*} [Fintype ι] [Nonempty ι] (f : ι → E → EReal) (hp : ∀ i, SourceProper (f i)) (x : E) (hx : ∀ i, x ∈ effectiveDomain (f i)) : convexHull ℝ (SourceActiveSubgradientUnion f x) ⊆ SourceSubdifferential (SourceFiniteMax f) x
BanditRL.OnlineConvex.isClosed_sourceSubdifferential [theorem] BanditRLProof/OnlineSubgradientMax.lean:122
  theorem isClosed_sourceSubdifferential (f : E → EReal) (hbot : ∀ y, f y ≠ ⊥) (x : E) (hx : x ∈ effectiveDomain f) : IsClosed (SourceSubdifferential f x)
BanditRL.OnlineConvex.isCompact_sourceSubdifferential [theorem] BanditRLProof/OnlineSubgradientMax.lean:135
  theorem isCompact_sourceSubdifferential [FiniteDimensional ℝ E] (f : E → EReal) (hp : SourceProper f) (hf : IsConvexExtended f) (x : E) (hx : x ∈ interior (effectiveDomain f)) : IsCompact (SourceSubdifferential f x)
BanditRL.OnlineConvex.max_support_displacement_compare [theorem] BanditRLProof/OnlineSubgradientMax.lean:236
  theorem max_support_displacement_compare {ι : Type*} [Fintype ι] [Nonempty ι] (f : ι → E → EReal) (hp : ∀ i, SourceProper (f i)) (x : E) (hx : ∀ i, x ∈ effectiveDomain (f i)) (y : E) (i : ι) (hy : y ∈ effectiveDomain (f i)) (hi : SourceFiniteMax f y = f i y) (g k : E) (hg : g ∈ SourceSubdifferential (SourceFiniteMax f) x) (hk : k ∈ SourceSubdifferential (f i) y) : inner ℝ g (y - x) ≤ inner ℝ k (y - x)
BanditRL.OnlineConvex.max_subgradient_direction_witness [theorem] BanditRLProof/OnlineSubgradientMax.lean:262
  theorem max_subgradient_direction_witness [FiniteDimensional ℝ E] {ι : Type*} [Fintype ι] [Nonempty ι] (f : ι → E → EReal) (hp : ∀ i, SourceProper (f i)) (hc : ∀ i, IsConvexExtended (f i)) (x : E) (hx : ∀ i, x ∈ effectiveDomain (f i)) (hcont : ∀ i, ContinuousAt (f i) x) (g d : E) (hg : g ∈ SourceSubdifferential (SourceFiniteMax f) x) : ∃ k ∈ SourceActiveSubgradientUnion f x, inner ℝ g d ≤ inner ℝ k d
BanditRL.OnlineConvex.theorem_2_26 [theorem] BanditRLProof/OnlineSubgradientMax.lean:355
  theorem theorem_2_26 [FiniteDimensional ℝ E] {ι : Type*} [Fintype ι] [Nonempty ι] (f : ι → E → EReal) (hp : ∀ i, SourceProper (f i)) (hc : ∀ i, IsConvexExtended (f i)) (x : E) (hx : ∀ i, x ∈ effectiveDomain (f i)) (hcont : ∀ i, ContinuousAt (f i) x) : SourceSubdifferential (SourceFiniteMax f) x = convexHull ℝ (SourceActiveSubgradientUnion f x)
BanditRL.OnlineSubgradientPolicy.one_step_chain [theorem] BanditRLProof/OnlineSubgradientPolicy.lean:135
  theorem one_step_chain (V : Domain (E := E)) (η : ℕ → ℝ) (loss : ℕ → E → EReal) (x₁ : E) (p : SupportPolicy (E := E)) (t : ℕ) (hη : 0 < η t) (hloss : BanditRL.OnlineSubgradientDescent.SubdifferentiableOn V (loss t)) (hg : selected V η loss x₁ p t ∈ SourceSubdifferential (loss t) (output V η loss x₁ p t)) (u : E) (hu : u ∈ V.carrier) : η t * ((loss t (output V η loss x₁ p t)).toReal - (loss t u).toReal) ≤ η t * inner ℝ (selected V η loss x₁ p t) (output V η loss x₁ p t - u) ∧ η t * inner ℝ (selected V η loss x₁ p t) (output V η loss x₁ p t - u) ≤ ‖output V η loss x₁ p t - u‖ ^ 2 / 2 - ‖output V η loss x₁ p (t + 1) - u‖ ^ 2 / 2 + (η t) ^ 2 / 2 * ‖selected V η loss x₁ p t‖ ^ 2
BanditRL.OnlineSubgradientPolicy.one_step [theorem] BanditRLProof/OnlineSubgradientPolicy.lean:150
  theorem one_step (V : Domain (E := E)) (η : ℕ → ℝ) (loss : ℕ → E → EReal) (x₁ : E) (p : SupportPolicy (E := E)) (t : ℕ) (hη : 0 < η t) (hloss : BanditRL.OnlineSubgradientDescent.SubdifferentiableOn V (loss t)) (hg : selected V η loss x₁ p t ∈ SourceSubdifferential (loss t) (output V η loss x₁ p t)) (u : E) (hu : u ∈ V.carrier) : (loss t (output V η loss x₁ p t)).toReal - (loss t u).toReal ≤ (‖output V η loss x₁ p t - u‖ ^ 2 - ‖output V η loss x₁ p (t + 1) - u‖ ^ 2) / (2 * η t) + η t / 2 * ‖selected V η loss x₁ p t‖ ^ 2
BanditRL.OnlineConvex.binary_subgradient_decomposition [theorem] BanditRLProof/OnlineSubgradientSum.lean:109
  theorem binary_subgradient_decomposition (f h : E → EReal) (hpf : SourceProper f) (hph : SourceProper h) (hcf : IsConvexExtended f) (hch : IsConvexExtended h) (x : E) (hfx : ∃ a : ℝ, f x = (a : EReal)) (hhx : ∃ b : ℝ, h x = (b : EReal)) (g : E) (hgs : g ∈ SourceSubdifferential (fun y => f y + h y) x) (hqual : ∃ z : E, z ∈ interior (effectiveDomain f) ∧ z ∈ effectiveDomain h) : ∃ p : E, p ∈ SourceSubdifferential f x ∧ g - p ∈ SourceSubdifferential h x
BanditRL.OnlineConvex.theorem_2_23_inclusion [theorem] BanditRLProof/OnlineSubgradientSum.lean:247
  theorem theorem_2_23_inclusion {ι : Type*} [Fintype ι] (f : ι → E → EReal) (hp : ∀ i, SourceProper (f i)) (x : E) : SourceSubgradientSum f x ⊆ SourceSubdifferential (fun y => ∑ i, f i y) x
BanditRL.OnlineConvex.theorem_2_23_equality [theorem] BanditRLProof/OnlineSubgradientSum.lean:263
  theorem theorem_2_23_equality (n : ℕ) (f : Fin (n + 1) → E → EReal) (hp : ∀ i, SourceProper (f i)) (hc : ∀ i, IsConvexExtended (f i)) (hclosed : ∀ i, SourceClosed (f i)) (hqual : ∃ z : E, z ∈ effectiveDomain (f (Fin.last n)) ∧ ∀ i : Fin (n + 1), i ≠ Fin.last n → z ∈ interior (effectiveDomain (f i))) (x : E) : SourceSubdifferential (fun y => ∑ i, f i y) x = SourceSubgradientSum f x
BanditRL.OnlineUnitScaling.subgradient_scaled [theorem] BanditRLProof/OnlineUnitScaling.lean:46
  theorem subgradient_scaled (c : ℝ) (hc : 0 < c) (f : E → EReal) (hf : SourceProper f) (y g : E) (hg : g ∈ SourceSubdifferential f (c • y)) : c • g ∈ SourceSubdifferential (scaledLoss c f) y
AffineProbe.nonzero_shifted_support [theorem] Tests/OnlineAffineSubgradientCanary.lean:17
  theorem nonzero_shifted_support : (1 : ℝ) ∈ SourceSubdifferential (fun y : ℝ => ((|doubleMap y + 1| : ℝ) : EReal)) (-1/2)
AffineProbe.neg_abs_support_empty [theorem] Tests/OnlineAffineSubgradientCanary.lean:39
  theorem neg_abs_support_empty : SourceSubdifferential negAbsLoss 0 = ∅
AffineProbe.proper_nonconvex_strict_inclusion [theorem] Tests/OnlineAffineSubgradientCanary.lean:71
  theorem proper_nonconvex_strict_inclusion : ¬ IsConvexExtended negAbsLoss ∧ (0 : ℝ →L[ℝ] ℝ).adjoint '' SourceSubdifferential negAbsLoss 0 ⊆ SourceSubdifferential (fun y : ℝ => negAbsLoss ((0 : ℝ →L[ℝ] ℝ) y + 0)) 3 ∧ (0 : ℝ →L[ℝ] ℝ).adjoint '' SourceSubdifferential negAbsLoss 0 = ∅ ∧ SourceSubdifferential (fun y : ℝ => negAbsLoss ((0 : ℝ →L[ℝ] ℝ) y + 0)) 3 = {0} ∧ (0 : ℝ →L[ℝ] ℝ).adjoint '' SourceSubdifferential negAbsLoss 0 ≠ SourceSubdifferential (fun y : ℝ => negAbsLoss ((0 : ℝ →L[ℝ] ℝ) y + 0)) 3
GuessingOSDProbe.shifted_positive [theorem] Tests/OnlineGuessingSubgradientCanary.lean:12
  theorem shifted_positive : SourceSubdifferential (loss (1 / 3)) (2 / 3) = {(1 : ℝ)}
GuessingOSDProbe.shifted_negative [theorem] Tests/OnlineGuessingSubgradientCanary.lean:15
  theorem shifted_negative : SourceSubdifferential (loss (2 / 3)) (1 / 3) = {(-1 : ℝ)}
GuessingOSDProbe.shifted_equal [theorem] Tests/OnlineGuessingSubgradientCanary.lean:18
  theorem shifted_equal : SourceSubdifferential (loss (1 / 2)) (1 / 2) = Icc (-1 : ℝ) 1
GuessingOSDProbe.nonzero_tie_support [theorem] Tests/OnlineGuessingSubgradientCanary.lean:21
  theorem nonzero_tie_support : (1 / 3 : ℝ) ∈ SourceSubdifferential (loss (1 / 2)) (1 / 2)
GuessingOSDProbe.invalid_tie_support [theorem] Tests/OnlineGuessingSubgradientCanary.lean:24
  theorem invalid_tie_support : (2 : ℝ) ∉ SourceSubdifferential (loss (1 / 2)) (1 / 2)
HingeProbe.strict_zero [theorem] Tests/OnlineHingeCanary.lean:6
  theorem strict_zero : SourceSubdifferential (sourceHinge (1 : ℝ)) 2 = {0}
HingeProbe.strict_slope [theorem] Tests/OnlineHingeCanary.lean:13
  theorem strict_slope : SourceSubdifferential (sourceHinge (1 : ℝ)) 0 = {(-1 : ℝ)}
HingeProbe.boundary_interval [theorem] Tests/OnlineHingeCanary.lean:17
  theorem boundary_interval : SourceSubdifferential (sourceHinge (1 : ℝ)) 1 = Icc (-1 : ℝ) 0
HingeProbe.actual_mixture_and_rejection [theorem] Tests/OnlineHingeCanary.lean:30
  theorem actual_mixture_and_rejection : (-1/2 : ℝ) ∈ SourceSubdifferential (sourceHinge (1 : ℝ)) 1 ∧ (-1/2 : ℝ) ∉ SourceActiveSubgradientUnion (hingeFamily (1 : ℝ)) 1 ∧ (1 : ℝ) ∉ SourceSubdifferential (sourceHinge (1 : ℝ)) 1
HingeProbe.zero_vector [theorem] Tests/OnlineHingeCanary.lean:37
  theorem zero_vector (x : ℝ) : SourceSubdifferential (sourceHinge (0 : ℝ)) x = {0}
LinearizationProbe.quadratic_support [theorem] Tests/OnlineLinearizationCanary.lean:22
  theorem quadratic_support (z : ℝ) : z - 1 ∈ SourceSubdifferential quadratic z
LinearizationProbe.affine_support [theorem] Tests/OnlineLinearizationCanary.lean:30
  theorem affine_support (z : ℝ) : (1 : ℝ) ∈ SourceSubdifferential affine z
LipschitzProbe.abs_all_supports_and_nonzero [theorem] Tests/OnlineLipschitzSubgradientCanary.lean:29
  theorem abs_all_supports_and_nonzero : (∀ x g : ℝ, g ∈ SourceSubdifferential absLoss x → ‖g‖ ≤ 1) ∧ (1 : ℝ) ∈ SourceSubdifferential absLoss 2 ∧ (-1 : ℝ) ∈ SourceSubdifferential absLoss (-2)
LipschitzProbe.zero_constant [theorem] Tests/OnlineLipschitzSubgradientCanary.lean:63
  theorem zero_constant : SourceLipschitzOn zeroLoss (interior (effectiveDomain zeroLoss)) 0 ∧ (∀ x ∈ interior (effectiveDomain zeroLoss), ∀ g ∈ SourceSubdifferential zeroLoss x, g = 0)
LipschitzProbe.singleton_empty_interior_and_boundary [theorem] Tests/OnlineLipschitzSubgradientCanary.lean:75
  theorem singleton_empty_interior_and_boundary : interior (effectiveDomain (extendedIndicator ({0} : Set ℝ))) = ∅ ∧ SourceLipschitzOn (extendedIndicator ({0} : Set ℝ)) (interior (effectiveDomain (extendedIndicator ({0} : Set ℝ)))) 0 ∧ (3 : ℝ) ∈ SourceSubdifferential (extendedIndicator ({0} : Set ℝ)) 0 ∧ ¬ ‖(3 : ℝ)‖ ≤ 0
LipschitzProbe.halfline_interior_not_whole_domain [theorem] Tests/OnlineLipschitzSubgradientCanary.lean:119
  theorem halfline_interior_not_whole_domain : (∀ x ∈ interior (effectiveDomain halflineLoss), ∀ g ∈ SourceSubdifferential halflineLoss x, g = 0) ∧ (-2 : ℝ) ∈ SourceSubdifferential halflineLoss 0 ∧ ¬ ‖(-2 : ℝ)‖ ≤ 0 ∧ (∀ x y : ℝ, |(halflineLoss x).toReal - (halflineLoss y).toReal| ≤ (0 : ℝ) * ‖x-y‖) ∧ ¬ SourceLipschitzOn halflineLoss univ 0
LipschitzSourceAudit.negative_constant_zero_dimension [theorem] Tests/OnlineLipschitzSubgradientCanary.lean:164
  theorem negative_constant_zero_dimension : SourceProper zeroLoss ∧ IsConvexExtended zeroLoss ∧ (∀ x y : Z, |(zeroLoss x).toReal - (zeroLoss y).toReal| ≤ (-1 : ℝ) * ‖x-y‖) ∧ ¬ (∀ x : Z, ∀ g ∈ SourceSubdifferential zeroLoss x, ‖g‖ ≤ (-1 : ℝ))
NormalIndicatorProbe.interval_boundary_and_outside_canary [theorem] Tests/OnlineNormalConeCanary.lean:7
  theorem interval_boundary_and_outside_canary : (-1 : ℝ) ∈ SourceSubdifferential (extendedIndicator (Icc (0 : ℝ) 1)) 0 ∧ (1 : ℝ) ∉ SourceSubdifferential (extendedIndicator (Icc (0 : ℝ) 1)) 0 ∧ SourceSubdifferential (extendedIndicator (Icc (0 : ℝ) 1)) 2 = ∅
NormalIndicatorProbe.thin_singleton_all_normals_canary [theorem] Tests/OnlineNormalConeCanary.lean:27
  theorem thin_singleton_all_normals_canary : SourceSubdifferential (extendedIndicator ({(0 : ℝ)} : Set ℝ)) 0 = univ ∧ (7 : ℝ) ∈ SourceSubdifferential (extendedIndicator ({(0 : ℝ)} : Set ℝ)) 0
NormalGeometryProbe.interval_interior_canary [theorem] Tests/OnlineNormalConeCanary.lean:44
  theorem interval_interior_canary : SourceSubdifferential (extendedIndicator (Icc (0 : ℝ) 1)) (1 / 2 : ℝ) = {0}
AbsoluteZeroProbe.zero_boundary_canary [theorem] Tests/OnlineSubgradientAbsoluteCanary.lean:6
  theorem zero_boundary_canary : (-1 : ℝ) ∈ SourceSubdifferential (fun y : ℝ => ((|y| : ℝ) : EReal)) 0 ∧ (1 : ℝ) ∈ SourceSubdifferential (fun y : ℝ => ((|y| : ℝ) : EReal)) 0 ∧ (1 / 2 : ℝ) ∈ SourceSubdifferential (fun y : ℝ => ((|y| : ℝ) : EReal)) 0 ∧ (2 : ℝ) ∉ SourceSubdifferential (fun y : ℝ => ((|y| : ℝ) : EReal)) 0
AbsoluteZeroProbe.zero_is_not_a_singleton [theorem] Tests/OnlineSubgradientAbsoluteCanary.lean:13
  theorem zero_is_not_a_singleton : ¬ ∃ g : ℝ, SourceSubdifferential (fun y : ℝ => ((|y| : ℝ) : EReal)) 0 = {g}
AbsoluteAllPointsProbe.source_three_branches_canary [theorem] Tests/OnlineSubgradientAbsoluteCanary.lean:33
  theorem source_three_branches_canary : SourceSubdifferential (fun y : ℝ => ((|y| : ℝ) : EReal)) 2 = {(1 : ℝ)} ∧ SourceSubdifferential (fun y : ℝ => ((|y| : ℝ) : EReal)) (-2) = {(-1 : ℝ)} ∧ SourceSubdifferential (fun y : ℝ => ((|y| : ℝ) : EReal)) 0 = Icc (-1 : ℝ) 1
SubgradientProbe.square_support [theorem] Tests/OnlineSubgradientBasicCanary.lean:5
  theorem square_support (x : ℝ) : (2*x) ∈ SourceSubdifferential (fun y : ℝ => ((y^2 : ℝ) : EReal)) x
SubgradientProbe.interval_outside_no_support [theorem] Tests/OnlineSubgradientBasicCanary.lean:12
  theorem interval_outside_no_support (g : ℝ) : g ∉ SourceSubdifferential (extendedIndicator (Icc (0 : ℝ) 1)) 2
OSDOutsideProbe.support_at_two [theorem] Tests/OnlineSubgradientDescentCanary.lean:24
  theorem support_at_two : (3 : ℝ) ∈ SourceSubdifferential linearLoss 2
ForwardSubgradientProbe.constrained_interval_singleton [theorem] Tests/OnlineSubgradientDifferentiabilityCanary.lean:8
  theorem constrained_interval_singleton : SourceSubdifferential (extendedIndicator (Icc (0 : ℝ) 2)) 1 = {(0 : ℝ)}
ForwardSubgradientProbe.quadratic_singleton_nonzero [theorem] Tests/OnlineSubgradientDifferentiabilityCanary.lean:25
  theorem quadratic_singleton_nonzero : SourceSubdifferential (fun y : ℝ => ((y^2 : ℝ) : EReal)) 1 = {(2 : ℝ)}
DifferentiabilityProbe.interval_boundary_supports [theorem] Tests/OnlineSubgradientDifferentiabilityCanary.lean:76
  theorem interval_boundary_supports (g : ℝ) (hg : g ≤ 0) : g ∈ SourceSubdifferential (extendedIndicator (Icc (0 : ℝ) 2)) 0
InteriorSupportProbe.interval_center_support [theorem] Tests/OnlineSubgradientInteriorCanary.lean:5
  theorem interval_center_support : (SourceSubdifferential (extendedIndicator (Icc (0 : ℝ) 2)) 1).Nonempty
MaximumProbe.affine_support [theorem] Tests/OnlineSubgradientMaxCanary.lean:40
  theorem affine_support (a x : ℝ) : SourceSubdifferential (fun y : ℝ => ((a * y : ℝ) : EReal)) x = {a}
MaximumProbe.full_tie_hull_canary [theorem] Tests/OnlineSubgradientMaxCanary.lean:86
  theorem full_tie_hull_canary : SourceSubdifferential (SourceFiniteMax family) 0 = convexHull ℝ {(-1 : ℝ), 1}
MaximumProbe.full_tie_interval_canary [theorem] Tests/OnlineSubgradientMaxCanary.lean:93
  theorem full_tie_interval_canary : SourceSubdifferential (SourceFiniteMax family) 0 = Icc (-1 : ℝ) 1
MaximumProbe.mixture_and_rejection_canary [theorem] Tests/OnlineSubgradientMaxCanary.lean:97
  theorem mixture_and_rejection_canary : (1 / 2 : ℝ) ∈ SourceSubdifferential (SourceFiniteMax family) 0 ∧ (1 / 2 : ℝ) ∉ SourceActiveSubgradientUnion family 0 ∧ (2 : ℝ) ∉ SourceSubdifferential (SourceFiniteMax family) 0
MaximumProbe.strict_active_canary [theorem] Tests/OnlineSubgradientMaxCanary.lean:136
  theorem strict_active_canary : SourceSubdifferential (SourceFiniteMax family) 2 = {(1 : ℝ)} ∧ (-1 : ℝ) ∉ SourceSubdifferential (SourceFiniteMax family) 2
MaximumExtendedProbe.singleton_extended_domain_canary [theorem] Tests/OnlineSubgradientMaxCanary.lean:175
  theorem singleton_extended_domain_canary : SourceSubdifferential (SourceFiniteMax constrained) 0 = {(0 : ℝ)} ∧ SourceFiniteMax constrained 2 = ⊤
OSDPolicyProbe.selected_eq_preferred [theorem] Tests/OnlineSubgradientPolicyCanary.lean:62
  theorem selected_eq_preferred (η : ℕ → ℝ) (f : ℕ → ℝ → EReal) (t : ℕ) (hg : preferred t (fun i => f i.val) ∈ SourceSubdifferential (f t) (output V η f (1 / 2) policy t)) : selected V η f (1 / 2) policy t = preferred t (fun i => f i.val)
OSDPolicyProbe.selected_singleton [theorem] Tests/OnlineSubgradientPolicyCanary.lean:71
  theorem selected_singleton (η : ℕ → ℝ) (f : ℕ → ℝ → EReal) (t : ℕ) (hf : BanditRL.OnlineSubgradientDescent.SubdifferentiableOn V (f t)) (g : ℝ) (hs : SourceSubdifferential (f t) (output V η f (1 / 2) policy t) = {g}) : selected V η f (1 / 2) policy t = g
OSDPolicyProbe.empty_support_at_zero [theorem] Tests/OnlineSubgradientPolicyCanary.lean:460
  theorem empty_support_at_zero : SourceSubdifferential emptySupportLoss 0 = ∅
SumEqualityProbe.nonzero_aggregate_support [theorem] Tests/OnlineSubgradientSumCanary.lean:73
  theorem nonzero_aggregate_support : (-1 : ℝ) ∈ SourceSubdifferential (fun y => ∑ i, family i y) 0
SumEqualityProbe.actual_three_component_decomposition [theorem] Tests/OnlineSubgradientSumCanary.lean:93
  theorem actual_three_component_decomposition : ∃ G : Fin 3 → ℝ, (∀ i, G i ∈ SourceSubdifferential (family i) 0) ∧ ∑ i, G i = (-1 : ℝ)
SumEqualityProbe.outside_domain_both_empty [theorem] Tests/OnlineSubgradientSumCanary.lean:108
  theorem outside_domain_both_empty : SourceSubdifferential (fun y => ∑ i, family i y) 3 = ∅ ∧ SourceSubgradientSum family 3 = ∅
SumRuleProbe.quadratic_plus_constraint_support [theorem] Tests/OnlineSubgradientSumCanary.lean:162
  theorem quadratic_plus_constraint_support : (2 : ℝ) ∈ SourceSubdifferential (fun y : ℝ => ((y^2 : ℝ) : EReal) + extendedIndicator (Icc (0 : ℝ) 2) y) 1
SumRuleProbe.concave_quadratic_no_support [theorem] Tests/OnlineSubgradientSumCanary.lean:188
  theorem concave_quadratic_no_support (g : ℝ) : g ∉ SourceSubdifferential (fun y : ℝ => ((-y^2 : ℝ) : EReal)) 0
SumRuleProbe.empty_family_zero_support [theorem] Tests/OnlineSubgradientSumCanary.lean:206
  theorem empty_family_zero_support : (0 : ℝ) ∈ SourceSubdifferential (fun y : ℝ => ∑ i : Fin 0, ((y^2 : ℝ) : EReal)) 1
UnitScalingProbe.support [theorem] Tests/OnlineUnitScalingCanary.lean:42
  theorem support (t : ℕ) (x : ℝ) : SourceSubdifferential (loss t) x = {1}
