{
  "schema_version": 1,
  "entry_id": "entry-8ce6a5567b8513df",
  "session_id": "ONLINE-SUBGRADIENT-BASIC-MIGRATION-20261006",
  "sequence": 1,
  "parent_id": "entry-28e1fa9ed71367bb",
  "event_type": "stabilized",
  "created_at": "2026-10-05T19:29:22+00:00",
  "payload": {
    "run_id": "online-subgradient-basic-migration-20261006",
    "frozen_headers": {
      "subgradient_point_finite": "0283a2c9fdd9094e78272c1987b48d4b8920d4c52796753d4ce0466ffddfdd62",
      "theorem_2_21": "6077cc1eec096063073ea3fe7262db814ffc27392e9422f40fa8d985e208bfdb"
    },
    "source_contract_receipt": "runs\\online-subgradient-basic-migration-20261006\\source-contract-receipt-v1.json",
    "route": "single lower retained-body revalidation",
    "first_ready_leaf": "theorem_2_21",
    "terminal": "Two independent subgradient domain/convexity leaves sharing full support definition, no mutual theorem value edges",
    "allowed_edits": "leading ordinary ignored scope comment and selected reader only after distinct BODY review;2headers/all math tokens/1complete definition/whole3canaryproofs/rootTests fixed",
    "retained_proofs": 2,
    "retained_definitions": 1,
    "new_proofs": 0,
    "source_terminal_accepted": false,
    "chapter_complete": false,
    "goal_complete": false
  }
}
