{
  "time": "2026-10-07T09:32:31+00:00",
  "task": "ONLINE-OPTIMAL-STEP-PUBLIC-20261007",
  "role": "reviewer",
  "kind": "review",
  "status": "accepted",
  "notes": "ONLINE-OPTIMAL-STEP-PUBLIC-20261007 Existing frozen-coefficient scalar minimization revalidation: TWO unnumbered printed15/PDF27 calculations,11public proofs/2definitions and whole23canary proofs/4definitions/1abbreviation. ZERO new mathematics, definitions, registry nodes or source-mathematical closures. Unit-analysis current migration, remaining Chapter1/2 maintext, nine OTHER Chapter1 origin/main contributor gaps and necessary appendices REQUIRED; Chapter2 mandatory total null/incomplete; Chapters3-16 unenumerated; whole Goal ACTIVE unbudgeted. AlloriginalR1-R8satisfied. Fixed scalar coefficients/allpositive competing eta/positive-and-zero boundaries; actual same-loss eta-dependent energy finite witness only. Requested Astra/medium distinct required automated actors, no human/external/runtime attestation. No merge/main/live/retirement.",
  "lean": "",
  "source": "",
  "run_id": "online-optimal-step-public-20261007",
  "changed_files": [],
  "statement_hash": "a4befb932b34288b9b58bbd081e2a18927cbce7f659b4c81945e993ec6430d06",
  "parent_id": "",
  "route_fingerprint": "",
  "verifier_evidence": [
    "E:\\ABRL\\worktrees\\research-online-book\\runs\\online-optimal-step-public-20261007\\final-reader-receipt-v1.json"
  ],
  "harness": "hierarchical",
  "experiment_id": "",
  "target_fingerprint": "",
  "route_packet_hash": "",
  "attempt_id": "OPTIMAL-STEP-PUBLIC-REUSE-V1",
  "worker_id": "",
  "progress_class": "retrieval-reuse",
  "reviewer_validated": true,
  "obligations_before": 0,
  "obligations_after": 0,
  "new_declarations": [],
  "reused_declarations": [
    "BanditRL.OnlineOptimalStep.source_argmin"
  ],
  "dag_nodes": 0,
  "dag_depth": 0,
  "elapsed_seconds": 0.0,
  "lean_check_seconds": 0.0,
  "prompt_chars": 0,
  "input_tokens": 0,
  "output_tokens": 0,
  "error_signature": ""
}
