{
  "id": "mem-55eceddd7a73e43a",
  "created_at": "2026-10-07T09:32:32+00:00",
  "type": "verified_lemma",
  "task": "ONLINE-OPTIMAL-STEP-PUBLIC-20261007",
  "provenance": {
    "kind": "source-reviewed-existing-proof-reuse",
    "reference": "E:\\ABRL\\worktrees\\research-online-book\\runs\\online-optimal-step-public-20261007\\accepted-decision-v1.json"
  },
  "assumptions": [],
  "declaration": "BanditRL.OnlineOptimalStep.source_argmin",
  "file": "BanditRLProof\\OnlineOptimalStep.lean",
  "status": "verified",
  "verifier_evidence": [
    "E:\\ABRL\\worktrees\\research-online-book\\runs\\online-optimal-step-public-20261007\\final-reader-receipt-v1.json"
  ],
  "supersession": {
    "supersedes": [],
    "reason": ""
  },
  "roles": [
    "reviewer"
  ],
  "details": {
    "scope": "Existing frozen-coefficient scalar minimization revalidation: TWO unnumbered printed15/PDF27 calculations,11public proofs/2definitions and whole23canary proofs/4definitions/1abbreviation. ZERO new mathematics, definitions, registry nodes or source-mathematical closures.",
    "new_proofs": 0,
    "new_source_math_closures": 0,
    "remaining_required": "Unit-analysis current migration, remaining Chapter1/2 maintext, nine OTHER Chapter1 origin/main contributor gaps and necessary appendices REQUIRED; Chapter2 mandatory total null/incomplete; Chapters3-16 unenumerated; whole Goal ACTIVE unbudgeted.",
    "chapter_complete": false,
    "goal_complete": false
  }
}
