{
  "schema_version": 1,
  "entry_id": "entry-78ba1324f79f5fe8",
  "session_id": "ONLINE-OPTIMAL-STEP-PUBLIC-20261007",
  "sequence": 4,
  "parent_id": "entry-2a5620402eab3126",
  "event_type": "accepted",
  "created_at": "2026-10-07T09:32:31+00:00",
  "payload": {
    "run_id": "online-optimal-step-public-20261007",
    "contract_version": 1,
    "accepted_decision": "E:/ABRL/worktrees/research-online-book/runs/online-optimal-step-public-20261007/accepted-decision-v1.json",
    "source_package_accepted": true,
    "new_proofs": 0,
    "new_source_math_closures": 0,
    "chapter_complete": false,
    "goal_complete": false,
    "merged": false,
    "live": false
  }
}
