{
  "id": "mem-4ba300a64d25ef42",
  "created_at": "2026-10-07T09:32:32+00:00",
  "type": "source_fact",
  "task": "ONLINE-OPTIMAL-STEP-PUBLIC-20261007",
  "provenance": {
    "kind": "local_first_retrieval",
    "reference": "E:\\ABRL\\worktrees\\research-online-book\\runs\\online-optimal-step-public-20261007\\all-public-types-v1-exit.json"
  },
  "assumptions": [],
  "declaration": "",
  "file": "",
  "status": "verified",
  "verifier_evidence": [
    "E:\\ABRL\\worktrees\\research-online-book\\runs\\online-optimal-step-public-20261007\\leaves\\all-public-types-v1.lean"
  ],
  "supersession": {
    "supersedes": [],
    "reason": ""
  },
  "roles": [],
  "details": {
    "query": "Fixed coefficients scalar positive argmin unique eta zero alternatives actual eta-dependent gradient energy boundary",
    "search_order": [
      "local declarations",
      "ABRL theorem cards",
      "Mathlib cards"
    ],
    "candidates": [
      "BanditRL.OnlineOptimalStep.source_argmin",
      "BanditRL.OnlineOptimalStep.diameter_argmin"
    ],
    "rejections": [],
    "compiled_scratch": "E:\\ABRL\\worktrees\\research-online-book\\runs\\online-optimal-step-public-20261007\\leaves\\all-public-types-v1.lean"
  }
}
