'BanditRL.OnlineOptimalStep.gap_identity' depends on axioms: [propext, Classical.choice, Quot.sound]
'BanditRL.OnlineOptimalStep.lower_bound' depends on axioms: [propext, Classical.choice, Quot.sound]
'BanditRL.OnlineOptimalStep.optimal_positive' depends on axioms: [propext, Classical.choice, Quot.sound]
'BanditRL.OnlineOptimalStep.optimal_value' depends on axioms: [propext, Classical.choice, Quot.sound]
'BanditRL.OnlineOptimalStep.optimal_unique' depends on axioms: [propext, Classical.choice, Quot.sound]
'BanditRL.OnlineOptimalStep.source_argmin' depends on axioms: [propext, Classical.choice, Quot.sound]
'BanditRL.OnlineOptimalStep.distance_energy_argmin' depends on axioms: [propext, Classical.choice, Quot.sound]
'BanditRL.OnlineOptimalStep.diameter_argmin' depends on axioms: [propext, Classical.choice, Quot.sound]
'BanditRL.OnlineOptimalStep.zero_distance_decreases' depends on axioms: [propext, Classical.choice, Quot.sound]
'BanditRL.OnlineOptimalStep.zero_energy_decreases' depends on axioms: [propext, Classical.choice, Quot.sound]
'BanditRL.OnlineOptimalStep.zero_coefficients' depends on axioms: [propext, Classical.choice, Quot.sound]
'BanditRL.OnlineOptimalStep.upperBound' depends on axioms: [propext, Classical.choice, Quot.sound]
'BanditRL.OnlineOptimalStep.optimalStep' depends on axioms: [propext, Classical.choice, Quot.sound]
'OptimalStepProbe.positive_optimizer' depends on axioms: [propext, Classical.choice, Quot.sound]
'OptimalStepProbe.chosen' depends on axioms: [propext, Classical.choice, Quot.sound]
'OptimalStepProbe.attained' depends on axioms: [propext, Classical.choice, Quot.sound]
'OptimalStepProbe.public_argmin' depends on axioms: [propext, Classical.choice, Quot.sound]
'OptimalStepProbe.universal' depends on axioms: [propext, Classical.choice, Quot.sound]
'OptimalStepProbe.unique' depends on axioms: [propext, Classical.choice, Quot.sound]
'OptimalStepProbe.wrong_eta_strict' depends on axioms: [propext, Classical.choice, Quot.sound]
'OptimalStepProbe.tuned' depends on axioms: [propext, Classical.choice, Quot.sound]
'OptimalStepProbe.horizon_one' depends on axioms: [propext, Classical.choice, Quot.sound]
'OptimalStepProbe.zero_distance_no_min' depends on axioms: [propext, Classical.choice, Quot.sound]
'OptimalStepProbe.zero_energy_no_min' depends on axioms: [propext, Classical.choice, Quot.sound]
'OptimalStepProbe.all_zero' depends on axioms: [propext, Classical.choice, Quot.sound]
'OptimalStepProbe.zero_distance_optimizer_inadmissible' depends on axioms: [propext, Classical.choice, Quot.sound]
'OptimalStepProbe.division_zero_inadmissible' depends on axioms: [propext, Classical.choice, Quot.sound]
'OptimalStepProbe.zero_horizon_boundary' depends on axioms: [propext, Classical.choice, Quot.sound]
'OptimalStepProbe.actual_gradient' depends on axioms: [propext, Classical.choice, Quot.sound]
'OptimalStepProbe.actual_projection' depends on axioms: [propext, Classical.choice, Quot.sound]
'OptimalStepProbe.first_output' depends on axioms: [propext, Classical.choice, Quot.sound]
'OptimalStepProbe.after_one' depends on axioms: [propext, Classical.choice, Quot.sound]
'OptimalStepProbe.first_feedback' depends on axioms: [propext, Classical.choice, Quot.sound]
'OptimalStepProbe.second_feedback' depends on axioms: [propext, Classical.choice, Quot.sound]
'OptimalStepProbe.energy_formula' depends on axioms: [propext, Classical.choice, Quot.sound]
'OptimalStepProbe.same_loss_different_energy' depends on axioms: [propext, Classical.choice, Quot.sound]
'OptimalStepProbe.loss' depends on axioms: [propext, Classical.choice, Quot.sound]
'OptimalStepProbe.X' depends on axioms: [propext, Classical.choice, Quot.sound]
'OptimalStepProbe.feedback' depends on axioms: [propext, Classical.choice, Quot.sound]
'OptimalStepProbe.energy' depends on axioms: [propext, Classical.choice, Quot.sound]
'OptimalStepProbe.V' depends on axioms: [propext, Classical.choice, Quot.sound]
