{
  "schema_version": 1,
  "record_id": "frontier-1b6d23978e1f6104",
  "updated_at": "2026-10-07T09:25:03+00:00",
  "root_objective": "Persistent Orabona Chapters1-16; current fixed-coefficient scalar reuse",
  "current_leaf": {
    "id": "ONLINE-OPTIMAL-STEP-PUBLIC-20261007",
    "kind": "lean",
    "status": "gate-pending",
    "statement": "theorem source_argmin (A B : ℝ) (hA : 0 < A) (hB : 0 < B) : 0 < optimalStep A B ∧ upperBound A B (optimalStep A B) = Real.sqrt (A * B) ∧ ∀ η : ℝ, 0 < η → upperBound A B (optimalStep A B) ≤ upperBound A B η",
    "statement_hash": "a4befb932b34288b9b58bbd081e2a18927cbce7f659b4c81945e993ec6430d06",
    "declaration": "BanditRL.OnlineOptimalStep.source_argmin",
    "file": "BanditRLProof\\OnlineOptimalStep.lean",
    "source_status": "source-reviewed",
    "dependencies": [
      {
        "kind": "lean",
        "name": "BanditRL.OnlineOptimalStep.optimal_value",
        "status": "compiled"
      },
      {
        "kind": "lean",
        "name": "BanditRL.OnlineOptimalStep.lower_bound",
        "status": "compiled"
      }
    ]
  },
  "dag": {
    "nodes": [
      {
        "id": "ONLINE-OPTIMAL-STEP-PUBLIC-20261007",
        "kind": "lean",
        "status": "gate-pending",
        "dependencies": [
          {
            "kind": "lean",
            "name": "BanditRL.OnlineOptimalStep.optimal_value",
            "status": "compiled"
          },
          {
            "kind": "lean",
            "name": "BanditRL.OnlineOptimalStep.lower_bound",
            "status": "compiled"
          }
        ],
        "dispatch_count": 0
      }
    ]
  },
  "last_accepted_verifier": {
    "trial_index": 0,
    "time": "2026-10-07T09:16:18+00:00",
    "task": "ONLINE-OPTIMAL-STEP-PUBLIC-20261007",
    "role": "lower",
    "kind": "build",
    "status": "compiled",
    "lean": "BanditRLProof\\OnlineOptimalStep.lean",
    "notes": "Existing11public proofs/2defs/whole23canaryproofs4defs1abbr unchanged. Actual41kernel/11guards/27directVALUE pairs; ZERO new math. BODY/combined/reader/FINAL/nativeaccepted/PR pending; chapter/Goal incomplete.",
    "run_id": "online-optimal-step-public-20261007"
  },
  "memory_policy": {
    "recent_role_relevant_limit": 5,
    "explicit_verified_lemma_ids": [],
    "whole_history_default": false
  },
  "shadow_gate": {
    "status": "pending",
    "analyzed_trial_rows": 1,
    "mismatches": [],
    "replay_transitions": 0
  },
  "mutation_policy": {
    "canonical_path_queue": true,
    "cross_process_lock": true,
    "same_file_serialized": true,
    "disjoint_files_parallel": true
  },
  "autonomous_execution": {
    "enabled": false,
    "requires_deterministic_gates": true,
    "requires_explicit_user_request": true
  }
}
