{
  "time": "2026-10-07T09:16:18+00:00",
  "task": "ONLINE-OPTIMAL-STEP-PUBLIC-20261007",
  "role": "lower",
  "kind": "build",
  "status": "compiled",
  "notes": "Existing11public proofs/2defs/whole23canaryproofs4defs1abbr unchanged. Actual41kernel/11guards/27directVALUE pairs; ZERO new math. BODY/combined/reader/FINAL/nativeaccepted/PR pending; chapter/Goal incomplete.",
  "lean": "BanditRLProof\\OnlineOptimalStep.lean",
  "source": "",
  "run_id": "online-optimal-step-public-20261007",
  "changed_files": [],
  "statement_hash": "a4befb932b34288b9b58bbd081e2a18927cbce7f659b4c81945e993ec6430d06",
  "parent_id": "",
  "route_fingerprint": "",
  "verifier_evidence": [
    "E:\\ABRL\\worktrees\\research-online-book\\runs\\online-optimal-step-public-20261007\\body-bindings-v1.json"
  ],
  "harness": "hierarchical",
  "experiment_id": "",
  "target_fingerprint": "",
  "route_packet_hash": "",
  "attempt_id": "OPTIMAL-STEP-PUBLIC-REUSE-V1",
  "worker_id": "",
  "progress_class": "retrieval-reuse",
  "reviewer_validated": false,
  "obligations_before": 0,
  "obligations_after": 0,
  "new_declarations": [],
  "reused_declarations": [
    "BanditRL.OnlineOptimalStep.source_argmin"
  ],
  "dag_nodes": 0,
  "dag_depth": 0,
  "elapsed_seconds": 0.0,
  "lean_check_seconds": 0.0,
  "prompt_chars": 0,
  "input_tokens": 0,
  "output_tokens": 0,
  "error_signature": ""
}
