E:\ABRL\worktrees\research-online-book\runs\online-optimal-step-public-20261007\leaves\full-type-identities-v1.lean:7:33: warning: unused variable `hA`

Note: This linter can be disabled with `set_option linter.unusedVariables false`
E:\ABRL\worktrees\research-online-book\runs\online-optimal-step-public-20261007\leaves\full-type-identities-v1.lean:7:46: warning: unused variable `hB`

Note: This linter can be disabled with `set_option linter.unusedVariables false`
E:\ABRL\worktrees\research-online-book\runs\online-optimal-step-public-20261007\leaves\full-type-identities-v1.lean:7:59: warning: unused variable `hη`

Note: This linter can be disabled with `set_option linter.unusedVariables false`
E:\ABRL\worktrees\research-online-book\runs\online-optimal-step-public-20261007\leaves\full-type-identities-v1.lean:11:33: warning: unused variable `hA`

Note: This linter can be disabled with `set_option linter.unusedVariables false`
E:\ABRL\worktrees\research-online-book\runs\online-optimal-step-public-20261007\leaves\full-type-identities-v1.lean:11:46: warning: unused variable `hB`

Note: This linter can be disabled with `set_option linter.unusedVariables false`
E:\ABRL\worktrees\research-online-book\runs\online-optimal-step-public-20261007\leaves\full-type-identities-v1.lean:11:59: warning: unused variable `hη`

Note: This linter can be disabled with `set_option linter.unusedVariables false`
E:\ABRL\worktrees\research-online-book\runs\online-optimal-step-public-20261007\leaves\full-type-identities-v1.lean:14:31: warning: unused variable `hA`

Note: This linter can be disabled with `set_option linter.unusedVariables false`
E:\ABRL\worktrees\research-online-book\runs\online-optimal-step-public-20261007\leaves\full-type-identities-v1.lean:14:44: warning: unused variable `hB`

Note: This linter can be disabled with `set_option linter.unusedVariables false`
E:\ABRL\worktrees\research-online-book\runs\online-optimal-step-public-20261007\leaves\full-type-identities-v1.lean:17:31: warning: unused variable `hA`

Note: This linter can be disabled with `set_option linter.unusedVariables false`
E:\ABRL\worktrees\research-online-book\runs\online-optimal-step-public-20261007\leaves\full-type-identities-v1.lean:17:44: warning: unused variable `hB`

Note: This linter can be disabled with `set_option linter.unusedVariables false`
E:\ABRL\worktrees\research-online-book\runs\online-optimal-step-public-20261007\leaves\full-type-identities-v1.lean:20:33: warning: unused variable `hA`

Note: This linter can be disabled with `set_option linter.unusedVariables false`
E:\ABRL\worktrees\research-online-book\runs\online-optimal-step-public-20261007\leaves\full-type-identities-v1.lean:20:46: warning: unused variable `hB`

Note: This linter can be disabled with `set_option linter.unusedVariables false`
E:\ABRL\worktrees\research-online-book\runs\online-optimal-step-public-20261007\leaves\full-type-identities-v1.lean:20:59: warning: unused variable `hη`

Note: This linter can be disabled with `set_option linter.unusedVariables false`
E:\ABRL\worktrees\research-online-book\runs\online-optimal-step-public-20261007\leaves\full-type-identities-v1.lean:23:31: warning: unused variable `hA`

Note: This linter can be disabled with `set_option linter.unusedVariables false`
E:\ABRL\worktrees\research-online-book\runs\online-optimal-step-public-20261007\leaves\full-type-identities-v1.lean:23:44: warning: unused variable `hB`

Note: This linter can be disabled with `set_option linter.unusedVariables false`
E:\ABRL\worktrees\research-online-book\runs\online-optimal-step-public-20261007\leaves\full-type-identities-v1.lean:28:31: warning: unused variable `hR`

Note: This linter can be disabled with `set_option linter.unusedVariables false`
E:\ABRL\worktrees\research-online-book\runs\online-optimal-step-public-20261007\leaves\full-type-identities-v1.lean:28:44: warning: unused variable `hB`

Note: This linter can be disabled with `set_option linter.unusedVariables false`
E:\ABRL\worktrees\research-online-book\runs\online-optimal-step-public-20261007\leaves\full-type-identities-v1.lean:33:39: warning: unused variable `hD`

Note: This linter can be disabled with `set_option linter.unusedVariables false`
E:\ABRL\worktrees\research-online-book\runs\online-optimal-step-public-20261007\leaves\full-type-identities-v1.lean:33:52: warning: unused variable `hG`

Note: This linter can be disabled with `set_option linter.unusedVariables false`
E:\ABRL\worktrees\research-online-book\runs\online-optimal-step-public-20261007\leaves\full-type-identities-v1.lean:33:65: warning: unused variable `hT`

Note: This linter can be disabled with `set_option linter.unusedVariables false`
E:\ABRL\worktrees\research-online-book\runs\online-optimal-step-public-20261007\leaves\full-type-identities-v1.lean:41:31: warning: unused variable `hB`

Note: This linter can be disabled with `set_option linter.unusedVariables false`
E:\ABRL\worktrees\research-online-book\runs\online-optimal-step-public-20261007\leaves\full-type-identities-v1.lean:41:44: warning: unused variable `hη`

Note: This linter can be disabled with `set_option linter.unusedVariables false`
E:\ABRL\worktrees\research-online-book\runs\online-optimal-step-public-20261007\leaves\full-type-identities-v1.lean:44:31: warning: unused variable `hA`

Note: This linter can be disabled with `set_option linter.unusedVariables false`
E:\ABRL\worktrees\research-online-book\runs\online-optimal-step-public-20261007\leaves\full-type-identities-v1.lean:44:44: warning: unused variable `hη`

Note: This linter can be disabled with `set_option linter.unusedVariables false`
NeutralScalar.Q01 : Prop
NeutralScalar.Q02 : Prop
NeutralScalar.Q03 : Prop
NeutralScalar.Q04 : Prop
NeutralScalar.Q05 : Prop
NeutralScalar.Q06 : Prop
NeutralScalar.Q07 : Prop
NeutralScalar.Q08 : Prop
NeutralScalar.Q09 : Prop
NeutralScalar.Q10 : Prop
NeutralScalar.Q11 : Prop
E:\ABRL\worktrees\research-online-book\runs\online-optimal-step-public-20261007\leaves\full-type-identities-v1.lean:61:46: warning: unused variable `hA`

Note: This linter can be disabled with `set_option linter.unusedVariables false`
E:\ABRL\worktrees\research-online-book\runs\online-optimal-step-public-20261007\leaves\full-type-identities-v1.lean:61:59: warning: unused variable `hB`

Note: This linter can be disabled with `set_option linter.unusedVariables false`
E:\ABRL\worktrees\research-online-book\runs\online-optimal-step-public-20261007\leaves\full-type-identities-v1.lean:61:72: warning: unused variable `hη`

Note: This linter can be disabled with `set_option linter.unusedVariables false`
E:\ABRL\worktrees\research-online-book\runs\online-optimal-step-public-20261007\leaves\full-type-identities-v1.lean:63:46: warning: unused variable `hA`

Note: This linter can be disabled with `set_option linter.unusedVariables false`
E:\ABRL\worktrees\research-online-book\runs\online-optimal-step-public-20261007\leaves\full-type-identities-v1.lean:63:59: warning: unused variable `hB`

Note: This linter can be disabled with `set_option linter.unusedVariables false`
E:\ABRL\worktrees\research-online-book\runs\online-optimal-step-public-20261007\leaves\full-type-identities-v1.lean:63:72: warning: unused variable `hη`

Note: This linter can be disabled with `set_option linter.unusedVariables false`
E:\ABRL\worktrees\research-online-book\runs\online-optimal-step-public-20261007\leaves\full-type-identities-v1.lean:64:44: warning: unused variable `hA`

Note: This linter can be disabled with `set_option linter.unusedVariables false`
E:\ABRL\worktrees\research-online-book\runs\online-optimal-step-public-20261007\leaves\full-type-identities-v1.lean:64:57: warning: unused variable `hB`

Note: This linter can be disabled with `set_option linter.unusedVariables false`
E:\ABRL\worktrees\research-online-book\runs\online-optimal-step-public-20261007\leaves\full-type-identities-v1.lean:65:44: warning: unused variable `hA`

Note: This linter can be disabled with `set_option linter.unusedVariables false`
E:\ABRL\worktrees\research-online-book\runs\online-optimal-step-public-20261007\leaves\full-type-identities-v1.lean:65:57: warning: unused variable `hB`

Note: This linter can be disabled with `set_option linter.unusedVariables false`
E:\ABRL\worktrees\research-online-book\runs\online-optimal-step-public-20261007\leaves\full-type-identities-v1.lean:66:46: warning: unused variable `hA`

Note: This linter can be disabled with `set_option linter.unusedVariables false`
E:\ABRL\worktrees\research-online-book\runs\online-optimal-step-public-20261007\leaves\full-type-identities-v1.lean:66:59: warning: unused variable `hB`

Note: This linter can be disabled with `set_option linter.unusedVariables false`
E:\ABRL\worktrees\research-online-book\runs\online-optimal-step-public-20261007\leaves\full-type-identities-v1.lean:66:72: warning: unused variable `hη`

Note: This linter can be disabled with `set_option linter.unusedVariables false`
E:\ABRL\worktrees\research-online-book\runs\online-optimal-step-public-20261007\leaves\full-type-identities-v1.lean:67:44: warning: unused variable `hA`

Note: This linter can be disabled with `set_option linter.unusedVariables false`
E:\ABRL\worktrees\research-online-book\runs\online-optimal-step-public-20261007\leaves\full-type-identities-v1.lean:67:57: warning: unused variable `hB`

Note: This linter can be disabled with `set_option linter.unusedVariables false`
E:\ABRL\worktrees\research-online-book\runs\online-optimal-step-public-20261007\leaves\full-type-identities-v1.lean:70:44: warning: unused variable `hR`

Note: This linter can be disabled with `set_option linter.unusedVariables false`
E:\ABRL\worktrees\research-online-book\runs\online-optimal-step-public-20261007\leaves\full-type-identities-v1.lean:70:57: warning: unused variable `hB`

Note: This linter can be disabled with `set_option linter.unusedVariables false`
E:\ABRL\worktrees\research-online-book\runs\online-optimal-step-public-20261007\leaves\full-type-identities-v1.lean:73:52: warning: unused variable `hD`

Note: This linter can be disabled with `set_option linter.unusedVariables false`
E:\ABRL\worktrees\research-online-book\runs\online-optimal-step-public-20261007\leaves\full-type-identities-v1.lean:73:65: warning: unused variable `hG`

Note: This linter can be disabled with `set_option linter.unusedVariables false`
E:\ABRL\worktrees\research-online-book\runs\online-optimal-step-public-20261007\leaves\full-type-identities-v1.lean:73:78: warning: unused variable `hT`

Note: This linter can be disabled with `set_option linter.unusedVariables false`
E:\ABRL\worktrees\research-online-book\runs\online-optimal-step-public-20261007\leaves\full-type-identities-v1.lean:79:44: warning: unused variable `hB`

Note: This linter can be disabled with `set_option linter.unusedVariables false`
E:\ABRL\worktrees\research-online-book\runs\online-optimal-step-public-20261007\leaves\full-type-identities-v1.lean:79:57: warning: unused variable `hη`

Note: This linter can be disabled with `set_option linter.unusedVariables false`
E:\ABRL\worktrees\research-online-book\runs\online-optimal-step-public-20261007\leaves\full-type-identities-v1.lean:80:44: warning: unused variable `hA`

Note: This linter can be disabled with `set_option linter.unusedVariables false`
E:\ABRL\worktrees\research-online-book\runs\online-optimal-step-public-20261007\leaves\full-type-identities-v1.lean:80:57: warning: unused variable `hη`

Note: This linter can be disabled with `set_option linter.unusedVariables false`
