E:\ABRL\worktrees\research-online-book\runs\online-optimal-step-public-20261007\leaves\neutral-closed-props-v1.lean:6:33: warning: unused variable `hA`

Note: This linter can be disabled with `set_option linter.unusedVariables false`
E:\ABRL\worktrees\research-online-book\runs\online-optimal-step-public-20261007\leaves\neutral-closed-props-v1.lean:6:46: warning: unused variable `hB`

Note: This linter can be disabled with `set_option linter.unusedVariables false`
E:\ABRL\worktrees\research-online-book\runs\online-optimal-step-public-20261007\leaves\neutral-closed-props-v1.lean:6:59: warning: unused variable `hη`

Note: This linter can be disabled with `set_option linter.unusedVariables false`
E:\ABRL\worktrees\research-online-book\runs\online-optimal-step-public-20261007\leaves\neutral-closed-props-v1.lean:10:33: warning: unused variable `hA`

Note: This linter can be disabled with `set_option linter.unusedVariables false`
E:\ABRL\worktrees\research-online-book\runs\online-optimal-step-public-20261007\leaves\neutral-closed-props-v1.lean:10:46: warning: unused variable `hB`

Note: This linter can be disabled with `set_option linter.unusedVariables false`
E:\ABRL\worktrees\research-online-book\runs\online-optimal-step-public-20261007\leaves\neutral-closed-props-v1.lean:10:59: warning: unused variable `hη`

Note: This linter can be disabled with `set_option linter.unusedVariables false`
E:\ABRL\worktrees\research-online-book\runs\online-optimal-step-public-20261007\leaves\neutral-closed-props-v1.lean:13:31: warning: unused variable `hA`

Note: This linter can be disabled with `set_option linter.unusedVariables false`
E:\ABRL\worktrees\research-online-book\runs\online-optimal-step-public-20261007\leaves\neutral-closed-props-v1.lean:13:44: warning: unused variable `hB`

Note: This linter can be disabled with `set_option linter.unusedVariables false`
E:\ABRL\worktrees\research-online-book\runs\online-optimal-step-public-20261007\leaves\neutral-closed-props-v1.lean:16:31: warning: unused variable `hA`

Note: This linter can be disabled with `set_option linter.unusedVariables false`
E:\ABRL\worktrees\research-online-book\runs\online-optimal-step-public-20261007\leaves\neutral-closed-props-v1.lean:16:44: warning: unused variable `hB`

Note: This linter can be disabled with `set_option linter.unusedVariables false`
E:\ABRL\worktrees\research-online-book\runs\online-optimal-step-public-20261007\leaves\neutral-closed-props-v1.lean:19:33: warning: unused variable `hA`

Note: This linter can be disabled with `set_option linter.unusedVariables false`
E:\ABRL\worktrees\research-online-book\runs\online-optimal-step-public-20261007\leaves\neutral-closed-props-v1.lean:19:46: warning: unused variable `hB`

Note: This linter can be disabled with `set_option linter.unusedVariables false`
E:\ABRL\worktrees\research-online-book\runs\online-optimal-step-public-20261007\leaves\neutral-closed-props-v1.lean:19:59: warning: unused variable `hη`

Note: This linter can be disabled with `set_option linter.unusedVariables false`
E:\ABRL\worktrees\research-online-book\runs\online-optimal-step-public-20261007\leaves\neutral-closed-props-v1.lean:22:31: warning: unused variable `hA`

Note: This linter can be disabled with `set_option linter.unusedVariables false`
E:\ABRL\worktrees\research-online-book\runs\online-optimal-step-public-20261007\leaves\neutral-closed-props-v1.lean:22:44: warning: unused variable `hB`

Note: This linter can be disabled with `set_option linter.unusedVariables false`
E:\ABRL\worktrees\research-online-book\runs\online-optimal-step-public-20261007\leaves\neutral-closed-props-v1.lean:27:31: warning: unused variable `hR`

Note: This linter can be disabled with `set_option linter.unusedVariables false`
E:\ABRL\worktrees\research-online-book\runs\online-optimal-step-public-20261007\leaves\neutral-closed-props-v1.lean:27:44: warning: unused variable `hB`

Note: This linter can be disabled with `set_option linter.unusedVariables false`
E:\ABRL\worktrees\research-online-book\runs\online-optimal-step-public-20261007\leaves\neutral-closed-props-v1.lean:32:39: warning: unused variable `hD`

Note: This linter can be disabled with `set_option linter.unusedVariables false`
E:\ABRL\worktrees\research-online-book\runs\online-optimal-step-public-20261007\leaves\neutral-closed-props-v1.lean:32:52: warning: unused variable `hG`

Note: This linter can be disabled with `set_option linter.unusedVariables false`
E:\ABRL\worktrees\research-online-book\runs\online-optimal-step-public-20261007\leaves\neutral-closed-props-v1.lean:32:65: warning: unused variable `hT`

Note: This linter can be disabled with `set_option linter.unusedVariables false`
E:\ABRL\worktrees\research-online-book\runs\online-optimal-step-public-20261007\leaves\neutral-closed-props-v1.lean:40:31: warning: unused variable `hB`

Note: This linter can be disabled with `set_option linter.unusedVariables false`
E:\ABRL\worktrees\research-online-book\runs\online-optimal-step-public-20261007\leaves\neutral-closed-props-v1.lean:40:44: warning: unused variable `hη`

Note: This linter can be disabled with `set_option linter.unusedVariables false`
E:\ABRL\worktrees\research-online-book\runs\online-optimal-step-public-20261007\leaves\neutral-closed-props-v1.lean:43:31: warning: unused variable `hA`

Note: This linter can be disabled with `set_option linter.unusedVariables false`
E:\ABRL\worktrees\research-online-book\runs\online-optimal-step-public-20261007\leaves\neutral-closed-props-v1.lean:43:44: warning: unused variable `hη`

Note: This linter can be disabled with `set_option linter.unusedVariables false`
NeutralScalar.Q01 : Prop
NeutralScalar.Q02 : Prop
NeutralScalar.Q03 : Prop
NeutralScalar.Q04 : Prop
NeutralScalar.Q05 : Prop
NeutralScalar.Q06 : Prop
NeutralScalar.Q07 : Prop
NeutralScalar.Q08 : Prop
NeutralScalar.Q09 : Prop
NeutralScalar.Q10 : Prop
NeutralScalar.Q11 : Prop
