runs\online-osd-20261004\attempts\osd-algorithm-canary-02.lean:57:0: warning: automatically included section variable(s) unused in theorem `BanditRL.OnlineSubgradientDescent.currentSubgradient_mem`:
  [FiniteDimensional ℝ E]
consider restructuring your `variable` declarations so that the variables are not in scope or explicitly omit them:
  omit [FiniteDimensional ℝ E] in theorem ...

Note: This linter can be disabled with `set_option linter.unusedSectionVars false`
'BanditRL.OnlineSubgradientDescent.lemma_2_31' depends on axioms: [propext, Classical.choice, Quot.sound]
'BanditRL.OnlineSubgradientDescent.currentSubgradient_mem' depends on axioms: [propext, Classical.choice, Quot.sound]
'BanditRL.OnlineSubgradientDescent.finite_loss' depends on axioms: [propext, Classical.choice, Quot.sound]
'BanditRL.OnlineSubgradientDescent.iterate_mem' depends on axioms: [propext, Classical.choice, Quot.sound]
'BanditRL.OnlineSubgradientDescent.iterate_prefix' depends on axioms: [propext, Classical.choice, Quot.sound]
'BanditRL.OnlineSubgradientDescent.iterate_support' depends on axioms: [propext, Classical.choice, Quot.sound]
'BanditRL.OnlineSubgradientDescent.iterate_finite_loss' depends on axioms: [propext, Classical.choice, Quot.sound]
'BanditRL.OnlineSubgradientDescent.one_step_chain' depends on axioms: [propext, Classical.choice, Quot.sound]
'BanditRL.OnlineSubgradientDescent.one_step' depends on axioms: [propext, Classical.choice, Quot.sound]
'BanditRL.OnlineSubgradientDescent.regret_fixed' depends on axioms: [propext, Classical.choice, Quot.sound]
'BanditRL.OnlineSubgradientDescent.regret_fixed_coarse' depends on axioms: [propext, Classical.choice, Quot.sound]
'BanditRL.OnlineSubgradientDescent.regret_variable_bound' depends on axioms: [propext, Classical.choice, Quot.sound]
'BanditRL.OnlineSubgradientDescent.regret_variable' depends on axioms: [propext, Classical.choice, Quot.sound]
'BanditRL.OnlineSubgradientDescent.regret_tuned_distance' depends on axioms: [propext, Classical.choice, Quot.sound]
'BanditRL.OnlineSubgradientDescent.regret_tuned' depends on axioms: [propext, Classical.choice, Quot.sound]
'OSDOutsideProbe.arbitrary_current_and_actual_clipping' depends on axioms: [propext, Classical.choice, Quot.sound]
runs\online-osd-20261004\attempts\osd-algorithm-canary-02.lean:438:30: warning: Used `tac1 <;> tac2` where `(tac1; tac2)` would suffice

Note: This linter can be disabled with `set_option linter.unnecessarySeqFocus false`
'OSDAlgorithmProbe.absolute_on' depends on axioms: [propext, Classical.choice, Quot.sound]
'OSDAlgorithmProbe.chosen_norm' depends on axioms: [propext, Classical.choice, Quot.sound]
'OSDAlgorithmProbe.fixed_clipped_two_round' depends on axioms: [propext, Classical.choice, Quot.sound]
'OSDAlgorithmProbe.fixed_bound_with_terminal' depends on axioms: [propext, Classical.choice, Quot.sound]
'OSDAlgorithmProbe.fixed_terminal_positive' depends on axioms: [propext, Classical.choice, Quot.sound]
'OSDAlgorithmProbe.variable_bound_with_terminal' depends on axioms: [propext, Classical.choice, Quot.sound]
'OSDAlgorithmProbe.variable_nonconstant_and_terminal' depends on axioms: [propext, Classical.choice, Quot.sound]
'OSDAlgorithmProbe.tuned_all_comparators' depends on axioms: [propext, Classical.choice, Quot.sound]
'OSDAlgorithmProbe.future_inputs_do_not_change_output' depends on axioms: [propext, Classical.choice, Quot.sound]
'OSDAlgorithmProbe.zero_horizon' depends on axioms: [propext, Classical.choice, Quot.sound]
