tmp/online-ftl-failure-draft.lean:20:23: error: Tactic `assumption` failed

z : ℕ → ℝ
t : ℕ
⊢ False
tmp/online-ftl-failure-draft.lean:24:23: error: Tactic `assumption` failed

z w : ℕ → ℝ
x0 : ℝ
t : ℕ
h : ∀ i < t, z i = w i
⊢ False
tmp/online-ftl-failure-draft.lean:28:23: error: Tactic `assumption` failed

z : ℕ → ℝ
x0 : ℝ
hx0 : x0 ∈ Set.Icc (-1) 1
t : ℕ
⊢ False
tmp/online-ftl-failure-draft.lean:33:23: error: Tactic `assumption` failed

z : ℕ → ℝ
x0 : ℝ
t : ℕ
u : ℝ
hu : u ∈ Set.Icc (-1) 1
⊢ False
tmp/online-ftl-failure-draft.lean:37:23: error: Tactic `assumption` failed

t : ℕ
ht : 0 < t
⊢ False
tmp/online-ftl-failure-draft.lean:41:23: error: Tactic `assumption` failed

x0 : ℝ
t : ℕ
ht : 0 < t
⊢ False
tmp/online-ftl-failure-draft.lean:49:23: error: Tactic `assumption` failed

x0 : ℝ
hx0 : x0 ∈ Set.Icc (-1) 1
T : ℕ
hT : 0 < T
⊢ False
