SITE CHECK PASSED
- HTML pages: 762
- modules: 683
- declarations: 8986
- highlights: 158
- milestones: 83
- textbook crosswalks: 20
- source theorem restatements: 34
- BanditRLwiki settings/cases/papers: 7/13/19
- BanditRLwiki theorem surfaces: 27
- BanditRLwiki literature-open/formalization-open cases: 0/13
- BanditRLwiki named formalization leaves: 36
- BanditRLwiki active source-frozen ports: 2
- Live Formalization mappings: 158
- Mermaid blocks: 18
- Lean source links: 9877
- internal links and anchors: valid
- README relative links: valid
- MathJax loader and readable mathematical fallbacks: valid
- GitHub Pages workflow: complete
