{
  "time": "2026-10-06T17:57:06+00:00",
  "task": "ONLINE-SUBGRADIENT-DIFFERENTIABILITY-MIGRATION-20261007",
  "role": "reviewer",
  "kind": "review",
  "status": "accepted",
  "notes": "Same actualcompiled retained iff/gradient accepted after distinctFINAL/currentcombinedgates/readerrepair;11retainedproof1definition/0newproductionmathnodes/3TESTdiagnostics. Sourcepackageonly/notChapter2/wholeGoal/productivityexperiment.",
  "lean": "",
  "source": "",
  "run_id": "online-subgradient-differentiability-migration-20261007",
  "changed_files": [],
  "statement_hash": "56b8c09f3795351f2ce8b4bd70727fdc49b9ea1ba16fbd538473f76685ca690c",
  "parent_id": "",
  "route_fingerprint": "",
  "verifier_evidence": [
    "runs\\online-subgradient-differentiability-migration-20261007\\final-reader-receipt-v1.json"
  ],
  "harness": "hierarchical",
  "experiment_id": "",
  "target_fingerprint": "",
  "route_packet_hash": "",
  "attempt_id": "SUBGRADIENT-DIFFERENTIABILITY-RETAINED-BODIES-V1",
  "worker_id": "",
  "progress_class": "retrieval-reuse",
  "reviewer_validated": true,
  "obligations_before": 0,
  "obligations_after": 0,
  "new_declarations": [],
  "reused_declarations": [
    "BanditRL.OnlineConvex.theorem_2_22",
    "BanditRL.OnlineConvex.theorem_2_22_gradient"
  ],
  "dag_nodes": 0,
  "dag_depth": 0,
  "elapsed_seconds": 0.0,
  "lean_check_seconds": 0.0,
  "prompt_chars": 0,
  "input_tokens": 0,
  "output_tokens": 0,
  "error_signature": ""
}
