{
  "schema_version": 1,
  "entry_id": "entry-34d45bad6c131372",
  "session_id": "ONLINE-SUBGRADIENT-DIFFERENTIABILITY-MIGRATION-20261007",
  "sequence": 8,
  "parent_id": "entry-c0cdb0afc78ee284",
  "event_type": "accepted",
  "created_at": "2026-10-06T17:57:06+00:00",
  "payload": {
    "run_id": "online-subgradient-differentiability-migration-20261007",
    "accepted_decision": "runs\\online-subgradient-differentiability-migration-20261007\\accepted-decision-v1.json",
    "retained_proofs": 11,
    "new_proofs": 0,
    "new_test_proofs": 3,
    "merged": false,
    "live": false,
    "source_package_accepted": true,
    "chapter_complete": false,
    "goal_complete": false
  }
}
