{
  "schema_version": 1,
  "mode": "shadow-read-only",
  "analyzed_at": "2026-10-06T17:57:07+00:00",
  "trials_path": "E:\\ABRL\\worktrees\\research-online-book\\runs\\online-subgradient-differentiability-migration-20261007\\accepted-scoped-trials-v1.jsonl",
  "trial_rows": 2,
  "status_counts": {
    "accepted": 1,
    "compiled": 1
  },
  "inferred_frontier": {
    "selected_task": "ONLINE-SUBGRADIENT-DIFFERENTIABILITY-MIGRATION-20261007",
    "selected_leaf": "ONLINE-SUBGRADIENT-DIFFERENTIABILITY-MIGRATION-20261007",
    "source_status": "accepted",
    "last_accepted_verifier": {
      "trial_index": 1,
      "time": "2026-10-06T17:57:06+00:00",
      "task": "ONLINE-SUBGRADIENT-DIFFERENTIABILITY-MIGRATION-20261007",
      "role": "reviewer",
      "kind": "review",
      "status": "accepted",
      "lean": "",
      "notes": "Same actualcompiled retained iff/gradient accepted after distinctFINAL/currentcombinedgates/readerrepair;11retainedproof1definition/0newproductionmathnodes/3TESTdiagnostics. Sourcepackageonly/notChapter2/wholeGoal/productivityexperiment.",
      "run_id": "online-subgradient-differentiability-migration-20261007"
    }
  },
  "memory_digest": {
    "path": "E:\\ABRL\\worktrees\\research-online-book\\runs\\online-subgradient-differentiability-migration-20261007\\memory-digest-accepted-v1.md",
    "task": ""
  },
  "recorded_frontier": {
    "schema_version": 1,
    "record_id": "frontier-810803a6053f67b5",
    "updated_at": "2026-10-06T17:57:06+00:00",
    "root_objective": "Persistent Orabona Chapters1-16 Goal; only T2.22 accepted, Chapter2/book incomplete",
    "current_leaf": {
      "id": "ONLINE-SUBGRADIENT-DIFFERENTIABILITY-MIGRATION-20261007",
      "kind": "lean",
      "status": "accepted",
      "statement": "theorem theorem_2_22 (f : E → EReal) (hf : IsConvexExtended f) (x : E) (hx : ∃ r : ℝ, f x = (r : EReal)) : SourceDifferentiableAt f x ↔ ∃ g : E, SourceSubdifferential f x = {g}",
      "statement_hash": "56b8c09f3795351f2ce8b4bd70727fdc49b9ea1ba16fbd538473f76685ca690c",
      "declaration": "BanditRL.OnlineConvex.theorem_2_22",
      "file": "BanditRLProof/OnlineSubgradientDifferentiability.lean",
      "source_status": "source-reviewed",
      "dependencies": [
        {
          "kind": "lean",
          "name": "BanditRL.OnlineConvex.theorem_2_22_gradient",
          "status": "compiled"
        },
        {
          "kind": "lean",
          "name": "BanditRL.OnlineConvex.singleton_subdifferential_hasGradientAt",
          "status": "compiled"
        },
        {
          "kind": "review",
          "name": "source-reader",
          "status": "accepted"
        }
      ]
    },
    "dag": {
      "nodes": [
        {
          "id": "ONLINE-SUBGRADIENT-DIFFERENTIABILITY-MIGRATION-20261007",
          "kind": "lean",
          "status": "accepted",
          "dependencies": [
            {
              "kind": "lean",
              "name": "BanditRL.OnlineConvex.theorem_2_22_gradient",
              "status": "compiled"
            },
            {
              "kind": "lean",
              "name": "BanditRL.OnlineConvex.singleton_subdifferential_hasGradientAt",
              "status": "compiled"
            },
            {
              "kind": "review",
              "name": "source-reader",
              "status": "accepted"
            }
          ],
          "dispatch_count": 0
        }
      ]
    },
    "last_accepted_verifier": {
      "trial_index": 1,
      "time": "2026-10-06T17:57:06+00:00",
      "task": "ONLINE-SUBGRADIENT-DIFFERENTIABILITY-MIGRATION-20261007",
      "role": "reviewer",
      "kind": "review",
      "status": "accepted",
      "lean": "",
      "notes": "Same actualcompiled retained iff/gradient accepted after distinctFINAL/currentcombinedgates/readerrepair;11retainedproof1definition/0newproductionmathnodes/3TESTdiagnostics. Sourcepackageonly/notChapter2/wholeGoal/productivityexperiment.",
      "run_id": "online-subgradient-differentiability-migration-20261007"
    },
    "memory_policy": {
      "recent_role_relevant_limit": 5,
      "explicit_verified_lemma_ids": [],
      "whole_history_default": false
    },
    "shadow_gate": {
      "status": "pending",
      "analyzed_trial_rows": 2,
      "mismatches": [],
      "replay_transitions": 0
    },
    "mutation_policy": {
      "canonical_path_queue": true,
      "cross_process_lock": true,
      "same_file_serialized": true,
      "disjoint_files_parallel": true
    },
    "autonomous_execution": {
      "enabled": false,
      "requires_deterministic_gates": true,
      "requires_explicit_user_request": true
    }
  },
  "mismatches": [],
  "would_mutate": false
}
