{
  "schema_version": 1,
  "entry_id": "entry-1c56b09636a77c49",
  "session_id": "ONLINE-SUBGRADIENT-DIFFERENTIABILITY-MIGRATION-20261007",
  "sequence": 4,
  "parent_id": "entry-3d63e93706a1b775",
  "event_type": "proving",
  "created_at": "2026-10-06T17:20:54+00:00",
  "payload": {
    "status": "proof-script-API-repair",
    "failure": "Unknown identifier not_mem_empty in singleton genuine-germ exclusion; actual empty membership obtained from fixed regularity/domain/interior producer.",
    "raw_failure_log_sha256": "eae0289e375c3219eb53a821c766a2d745c6e767cee61cd930cdfe6d39b005b5",
    "original_scratch_sha256": "2bd3b75ee1c7f0a1f6187244337f51300a1e59687b48ecc71337edef7355bf0a",
    "repaired_scratch_sha256": "fe1fb163a740a2f9596ff0542be59c639ba9efcdad3ced80046565a52e70eca7",
    "repair": "Use simplifier on actual 1 in empty set, no nonexistent API.",
    "all_frozen_headers_unchanged": true,
    "mathematical_contract_change": false,
    "production_proof_change": false,
    "source_body_accepted": false,
    "chapter_complete": false,
    "goal_complete": false
  }
}
