{
  "schema_version": 1,
  "record_id": "frontier-284450ca3fea198e",
  "updated_at": "2026-10-06T17:43:23+00:00",
  "root_objective": "Persistent Orabona Chapters1-16 Goal; only T2.22 iff/gradient candidate; Chapter2/book incomplete",
  "current_leaf": {
    "id": "ONLINE-SUBGRADIENT-DIFFERENTIABILITY-MIGRATION-20261007",
    "kind": "lean",
    "status": "gate-pending",
    "statement": "theorem theorem_2_22 (f : E → EReal) (hf : IsConvexExtended f) (x : E) (hx : ∃ r : ℝ, f x = (r : EReal)) : SourceDifferentiableAt f x ↔ ∃ g : E, SourceSubdifferential f x = {g}",
    "statement_hash": "56b8c09f3795351f2ce8b4bd70727fdc49b9ea1ba16fbd538473f76685ca690c",
    "declaration": "BanditRL.OnlineConvex.theorem_2_22",
    "file": "BanditRLProof/OnlineSubgradientDifferentiability.lean",
    "source_status": "source-body-reviewed",
    "dependencies": [
      {
        "kind": "lean",
        "name": "BanditRL.OnlineConvex.theorem_2_22_gradient",
        "status": "compiled"
      },
      {
        "kind": "lean",
        "name": "BanditRL.OnlineConvex.singleton_subdifferential_hasGradientAt",
        "status": "compiled"
      },
      {
        "kind": "review",
        "name": "source-body",
        "status": "accepted"
      }
    ]
  },
  "dag": {
    "nodes": [
      {
        "id": "ONLINE-SUBGRADIENT-DIFFERENTIABILITY-MIGRATION-20261007",
        "kind": "lean",
        "status": "gate-pending",
        "dependencies": [
          {
            "kind": "lean",
            "name": "BanditRL.OnlineConvex.theorem_2_22_gradient",
            "status": "compiled"
          },
          {
            "kind": "lean",
            "name": "BanditRL.OnlineConvex.singleton_subdifferential_hasGradientAt",
            "status": "compiled"
          },
          {
            "kind": "review",
            "name": "source-body",
            "status": "accepted"
          }
        ],
        "dispatch_count": 0
      }
    ]
  },
  "last_accepted_verifier": {
    "trial_index": 0,
    "time": "2026-10-06T17:28:51+00:00",
    "task": "ONLINE-SUBGRADIENT-DIFFERENTIABILITY-MIGRATION-20261007",
    "role": "lower",
    "kind": "build",
    "status": "compiled",
    "lean": "BanditRLProof/OnlineSubgradientDifferentiability.lean",
    "notes": "Actual11retainedproof1complete definition/6old+3newgenuinecanaries/20namedstandard kernel checks/11nativeguards/21selectednodes3026refs PASS;0new production mathnodes. First TEST API failure preserved/v2fixedsameheaders. DistinctBODY/package gates pending, Chapter2/wholeGoal incomplete.",
    "run_id": "online-subgradient-differentiability-migration-20261007"
  },
  "memory_policy": {
    "recent_role_relevant_limit": 5,
    "explicit_verified_lemma_ids": [],
    "whole_history_default": false
  },
  "shadow_gate": {
    "status": "pending",
    "analyzed_trial_rows": 1,
    "mismatches": [],
    "replay_transitions": 0
  },
  "mutation_policy": {
    "canonical_path_queue": true,
    "cross_process_lock": true,
    "same_file_serialized": true,
    "disjoint_files_parallel": true
  },
  "autonomous_execution": {
    "enabled": false,
    "requires_deterministic_gates": true,
    "requires_explicit_user_request": true
  }
}
