{
  "id": "mem-d5550ab340ee3da8",
  "created_at": "2026-10-06T17:17:45+00:00",
  "type": "source_fact",
  "task": "ONLINE-SUBGRADIENT-DIFFERENTIABILITY-MIGRATION-20261007",
  "provenance": {
    "kind": "local_first_retrieval",
    "reference": "Pinned Lean4.29.1/current mathlib actual API #checks PASS15.141s; retained focused3315jobs; 12selected compiled nodes1880direct refs/14required producer-chain valuepairs. Readiness only, distinct source contract pending; no full terminal source acceptance or graph-wide recertification."
  },
  "assumptions": [],
  "declaration": "",
  "file": "",
  "status": "verified",
  "verifier_evidence": [
    "runs/online-subgradient-differentiability-migration-20261007/leaves/pinned-required-APIs-v1.lean"
  ],
  "supersession": {
    "supersedes": [],
    "reason": ""
  },
  "roles": [],
  "details": {
    "query": "T2.22 singleton global supports, real local germ, finite-dimensional compactness and derivative identity",
    "search_order": [
      "local declarations",
      "ABRL theorem cards",
      "Mathlib cards"
    ],
    "candidates": [
      "BanditRL.OnlineConvex.supporting_functional_at_closure",
      "BanditRL.OnlineConvex.affine_support_of_finite_neighborhood",
      "BanditRL.OnlineConvex.theorem_2_7",
      "ConvexOn.locallyLipschitzOn_interior",
      "IsCompact.tendsto_nhds_of_unique_mapClusterPt",
      "hasFDerivAt_iff_isLittleO"
    ],
    "rejections": [],
    "compiled_scratch": "runs/online-subgradient-differentiability-migration-20261007/leaves/pinned-required-APIs-v1.lean"
  }
}
