{
  "schema_version": 1,
  "entry_id": "entry-c0cdb0afc78ee284",
  "session_id": "ONLINE-SUBGRADIENT-DIFFERENTIABILITY-MIGRATION-20261007",
  "sequence": 7,
  "parent_id": "entry-17120cedb29b1623",
  "event_type": "candidate",
  "created_at": "2026-10-06T17:48:31+00:00",
  "payload": {
    "run_id": "online-subgradient-differentiability-migration-20261007",
    "reader_route_repair": "v2",
    "frozen_mathematics_changed": false,
    "fresh_combined_Lean_gate_still_applicable": true,
    "remaining_gates": [
      "full harness after reader repair",
      "site",
      "FINAL"
    ]
  }
}
