public-fence-v1-subgradient_norm_le_lipschitz_ball exit 0 seconds 0.219
safe-public-v1-subgradient_norm_le_lipschitz_ball exit 0 seconds 0.219
public-fence-v1-subgradients_locally_bounded exit 0 seconds 0.218
safe-public-v1-subgradients_locally_bounded exit 0 seconds 0.234
public-fence-v1-subgradient_limit_of_continuousAt exit 0 seconds 0.234
safe-public-v1-subgradient_limit_of_continuousAt exit 0 seconds 0.235
public-fence-v1-singleton_subgradient_tendsto exit 0 seconds 0.234
safe-public-v1-singleton_subgradient_tendsto exit 0 seconds 0.25
public-fence-v1-singleton_subdifferential_interior exit 0 seconds 0.266
safe-public-v1-singleton_subdifferential_interior exit 0 seconds 0.234
public-fence-v1-singleton_subdifferential_hasGradientAt exit 0 seconds 0.219
safe-public-v1-singleton_subdifferential_hasGradientAt exit 0 seconds 0.219
public-fence-v1-sourceDifferentiableAt_regular exit 0 seconds 0.234
safe-public-v1-sourceDifferentiableAt_regular exit 0 seconds 0.219
public-fence-v1-subgradient_eq_gradient_at_interior exit 0 seconds 0.203
safe-public-v1-subgradient_eq_gradient_at_interior exit 0 seconds 0.219
public-fence-v1-theorem_2_22_gradient exit 0 seconds 0.218
safe-public-v1-theorem_2_22_gradient exit 0 seconds 0.234
public-fence-v1-theorem_2_22_forward exit 0 seconds 0.203
safe-public-v1-theorem_2_22_forward exit 0 seconds 0.219
public-fence-v1-theorem_2_22 exit 0 seconds 0.218
safe-public-v1-theorem_2_22 exit 0 seconds 0.219
Eleven native guards passed; full definition tokens/old source bytes/testprefix/3newtest headers fixed. Compilation separate.
