Try this:
  [apply] ring_nf
  
  The `ring` tactic failed to close the goal. Use `ring_nf` to obtain a normal form.
    
  Note that `ring` works primarily in *commutative* rings. If you have a noncommutative ring, abelian group or module, consider using `noncomm_ring`, `abel` or `module` instead.
BanditRLProof/OnlineGradientDescent.lean:163:13: error: unsolved goals
E : Type u_1
inst✝² : NormedAddCommGroup E
inst✝¹ : InnerProductSpace ℝ E
inst✝ : CompleteSpace E
V : Domain E
η : ℝ
hη : 0 < η
loss : ℕ → E → ℝ
x₁ : E
hx₁ : x₁ ∈ V.carrier
T : ℕ
hloss : ∀ t < T, RegularLoss V (loss t)
u : E
hu : u ∈ V.carrier
hscaled :
  η * regret V η loss x₁ u T ≤
    ‖x₁ - u‖ ^ 2 / 2 - ‖iterate V η loss x₁ T - u‖ ^ 2 / 2 +
      η ^ 2 / 2 * ∑ t ∈ Finset.range T, ‖gradient (loss t) (iterate V η loss x₁ t)‖ ^ 2
⊢ ‖x₁ - u‖ ^ 2 - ‖iterate V η loss x₁ T - u‖ ^ 2 +
      η ^ 2 * ∑ x ∈ Finset.range T, ‖gradient (loss x) (iterate V η loss x₁ x)‖ ^ 2 =
    ‖x₁ - u‖ * 2
BanditRLProof/OnlineGradientDescent.lean:161:4: error: invalid 'calc' step, left-hand side is
  regret V η loss x₁ u T * η : Real
but is expected to be
  η * regret V η loss x₁ u T : Real
BanditRLProof/OnlineGradientDescent.lean:163:4: error: invalid 'calc' step, right-hand side is
  ‖x₁ - u‖ : Real
but is expected to be
  η *
    (‖x₁ - u‖ ^ 2 / (2 * η) + η / 2 * ∑ t ∈ Finset.range T, ‖gradient (loss t) (iterate V η loss x₁ t)‖ ^ 2 -
      ‖iterate V η loss x₁ T - u‖ ^ 2 / (2 * η)) : Real
