SITE CHECK PASSED
- HTML pages: 733
- modules: 663
- declarations: 8899
- highlights: 126
- milestones: 83
- textbook crosswalks: 11
- source theorem restatements: 18
- BanditRLwiki settings/cases/papers: 7/13/19
- BanditRLwiki theorem surfaces: 27
- BanditRLwiki literature-open/formalization-open cases: 0/13
- BanditRLwiki named formalization leaves: 36
- BanditRLwiki active source-frozen ports: 2
- Live Formalization mappings: 126
- Mermaid blocks: 18
- Lean source links: 9738
- internal links and anchors: valid
- README relative links: valid
- MathJax loader and readable mathematical fallbacks: valid
- GitHub Pages workflow: complete
