{
  "time": "2026-10-04T13:12:21+00:00",
  "task": "ONLINE-OPTIMAL-STEP-20261004",
  "role": "reviewer",
  "kind": "review",
  "status": "compiled",
  "notes": "Final distinct source reader accepted with explicit delta; immutable audit1194 rows,11 unchanged targets,23canaries,41namedaxioms,13sharedregistry nodes,rootTests full466/7,clean site02/applicable contributor8paths. Only scalar package accepted; Chapter2/book/PR separate.",
  "lean": "",
  "source": "",
  "run_id": "online-optimal-step-20261004",
  "changed_files": [],
  "statement_hash": "",
  "parent_id": "",
  "route_fingerprint": "",
  "verifier_evidence": [
    "runs/online-optimal-step-20261004/final-reader-receipt.json",
    "runs/online-optimal-step-20261004/accepted-binding-audit.json"
  ],
  "harness": "",
  "experiment_id": "",
  "target_fingerprint": "",
  "route_packet_hash": "",
  "attempt_id": "ONLINE-OPTIMAL-PUBLIC11-BODY01",
  "worker_id": "",
  "progress_class": "closed-frontier",
  "reviewer_validated": true,
  "obligations_before": 0,
  "obligations_after": 0,
  "new_declarations": [],
  "reused_declarations": [],
  "dag_nodes": 0,
  "dag_depth": 0,
  "elapsed_seconds": 0.0,
  "lean_check_seconds": 0.0,
  "prompt_chars": 0,
  "input_tokens": 0,
  "output_tokens": 0,
  "error_signature": ""
}
