{
  "schema_version": 1,
  "entry_id": "entry-91a4016f9fcd6e9f",
  "session_id": "ONLINE-OPTIMAL-STEP-20261004",
  "sequence": 3,
  "parent_id": "entry-ee9c1080f5bb1a53",
  "event_type": "accepted",
  "created_at": "2026-10-04T13:12:21+00:00",
  "payload": {
    "run_id": "online-optimal-step-20261004",
    "scope": "C2-optimal-step scalar package only",
    "public_proofs": 11,
    "canaries": 23,
    "semantic_verdict": "accepted-with-explicit-delta",
    "immutable_raw_rows": 1194,
    "chapter_complete": false,
    "book_complete": false,
    "merged": false,
    "deployed": false
  }
}
