{
  "time": "2026-10-04T12:52:35+00:00",
  "task": "ONLINE-OPTIMAL-STEP-20261004",
  "role": "reviewer",
  "kind": "review",
  "status": "compiled",
  "notes": "Distinct actual body v1 and additive T0 v2 accepted with explicit delta;11 public proofs,23 canaries,202 v2 raw rows,41 standard axiom names. Full package gates remain pending.",
  "lean": "",
  "source": "",
  "run_id": "online-optimal-step-20261004",
  "changed_files": [],
  "statement_hash": "",
  "parent_id": "",
  "route_fingerprint": "",
  "verifier_evidence": [
    "runs/online-optimal-step-20261004/public-body-receipt-v2.json"
  ],
  "harness": "",
  "experiment_id": "",
  "target_fingerprint": "",
  "route_packet_hash": "",
  "attempt_id": "ONLINE-OPTIMAL-PUBLIC11-BODY01",
  "worker_id": "",
  "progress_class": "closed-frontier",
  "reviewer_validated": true,
  "obligations_before": 0,
  "obligations_after": 0,
  "new_declarations": [],
  "reused_declarations": [],
  "dag_nodes": 0,
  "dag_depth": 0,
  "elapsed_seconds": 0.0,
  "lean_check_seconds": 0.0,
  "prompt_chars": 0,
  "input_tokens": 0,
  "output_tokens": 0,
  "error_signature": ""
}
