Tests/OnlineOptimalStepCanary.lean:5:5: error: unknown namespace `BanditRL.OnlineOptimalStep`
Tests/OnlineOptimalStepCanary.lean:11:33: error: Function expected at
  optimalStep
but this term has type
  ?m.1

Note: Expected a function because this term is being applied to the argument
  9

Hint: The identifier `optimalStep` is unknown, and Lean's `autoImplicit` option causes an unknown identifier to be treated as an implicitly bound variable with an unknown type. However, the unknown type cannot be a function, and a function is what Lean expects here. This is often the result of a typo or a missing `import` or `open` statement.
Tests/OnlineOptimalStepCanary.lean:12:2: error(lean.unknownIdentifier): Unknown identifier `optimal_positive`
Tests/OnlineOptimalStepCanary.lean:14:17: error: Function expected at
  optimalStep
but this term has type
  ?m.1

Note: Expected a function because this term is being applied to the argument
  9

Hint: The identifier `optimalStep` is unknown, and Lean's `autoImplicit` option causes an unknown identifier to be treated as an implicitly bound variable with an unknown type. However, the unknown type cannot be a function, and a function is what Lean expects here. This is often the result of a typo or a missing `import` or `open` statement.
Tests/OnlineOptimalStepCanary.lean:15:12: error: Invalid argument: Variable `optimalStep` is not a proposition or let-declaration
Tests/OnlineOptimalStepCanary.lean:14:44: error: unsolved goals
x✝ : Sort u_1
optimalStep : x✝
⊢ sorry () = 1
Tests/OnlineOptimalStepCanary.lean:17:19: error: Function expected at
  upperBound
but this term has type
  ?m.1

Note: Expected a function because this term is being applied to the argument
  9

Hint: The identifier `upperBound` is unknown, and Lean's `autoImplicit` option causes an unknown identifier to be treated as an implicitly bound variable with an unknown type. However, the unknown type cannot be a function, and a function is what Lean expects here. This is often the result of a typo or a missing `import` or `open` statement.
Tests/OnlineOptimalStepCanary.lean:18:12: error: Invalid argument: Variable `upperBound` is not a proposition or let-declaration
Tests/OnlineOptimalStepCanary.lean:17:49: error: unsolved goals
x✝ : Sort u_1
upperBound : x✝
⊢ sorry () = 6
Tests/OnlineOptimalStepCanary.lean:21:8: error: Function expected at
  optimalStep
but this term has type
  ?m.1

Note: Expected a function because this term is being applied to the argument
  9

Hint: The identifier `optimalStep` is unknown, and Lean's `autoImplicit` option causes an unknown identifier to be treated as an implicitly bound variable with an unknown type. However, the unknown type cannot be a function, and a function is what Lean expects here. This is often the result of a typo or a missing `import` or `open` statement.
Tests/OnlineOptimalStepCanary.lean:21:26: error: Function expected at
  upperBound
but this term has type
  ?m.2

Note: Expected a function because this term is being applied to the argument
  9

Hint: The identifier `upperBound` is unknown, and Lean's `autoImplicit` option causes an unknown identifier to be treated as an implicitly bound variable with an unknown type. However, the unknown type cannot be a function, and a function is what Lean expects here. This is often the result of a typo or a missing `import` or `open` statement.
Tests/OnlineOptimalStepCanary.lean:22:21: error: Function expected at
  upperBound
but this term has type
  ?m.2

Note: Expected a function because this term is being applied to the argument
  9

Hint: The identifier `upperBound` is unknown, and Lean's `autoImplicit` option causes an unknown identifier to be treated as an implicitly bound variable with an unknown type. However, the unknown type cannot be a function, and a function is what Lean expects here. This is often the result of a typo or a missing `import` or `open` statement.
Tests/OnlineOptimalStepCanary.lean:22:56: error: Function expected at
  upperBound
but this term has type
  ?m.2

Note: Expected a function because this term is being applied to the argument
  9

Hint: The identifier `upperBound` is unknown, and Lean's `autoImplicit` option causes an unknown identifier to be treated as an implicitly bound variable with an unknown type. However, the unknown type cannot be a function, and a function is what Lean expects here. This is often the result of a typo or a missing `import` or `open` statement.
Tests/OnlineOptimalStepCanary.lean:23:2: error(lean.unknownIdentifier): Unknown identifier `source_argmin`
Tests/OnlineOptimalStepCanary.lean:25:45: error: Function expected at
  upperBound
but this term has type
  ?m.1

Note: Expected a function because this term is being applied to the argument
  9

Hint: The identifier `upperBound` is unknown, and Lean's `autoImplicit` option causes an unknown identifier to be treated as an implicitly bound variable with an unknown type. However, the unknown type cannot be a function, and a function is what Lean expects here. This is often the result of a typo or a missing `import` or `open` statement.
Tests/OnlineOptimalStepCanary.lean:26:12: error(lean.unknownIdentifier): Unknown identifier `lower_bound`
Tests/OnlineOptimalStepCanary.lean:25:65: error: unsolved goals
x✝ : Sort u_1
upperBound : x✝
η : ℝ
hη : 0 < η
⊢ 6 ≤ sorry
Tests/OnlineOptimalStepCanary.lean:30:38: error: Function expected at
  upperBound
but this term has type
  ?m.1

Note: Expected a function because this term is being applied to the argument
  9

Hint: The identifier `upperBound` is unknown, and Lean's `autoImplicit` option causes an unknown identifier to be treated as an implicitly bound variable with an unknown type. However, the unknown type cannot be a function, and a function is what Lean expects here. This is often the result of a typo or a missing `import` or `open` statement.
Tests/OnlineOptimalStepCanary.lean:31:38: error(lean.unknownIdentifier): Unknown identifier `optimal_unique`
Tests/OnlineOptimalStepCanary.lean:33:27: error: Function expected at
  upperBound
but this term has type
  ?m.1

Note: Expected a function because this term is being applied to the argument
  9

Hint: The identifier `upperBound` is unknown, and Lean's `autoImplicit` option causes an unknown identifier to be treated as an implicitly bound variable with an unknown type. However, the unknown type cannot be a function, and a function is what Lean expects here. This is often the result of a typo or a missing `import` or `open` statement.
Tests/OnlineOptimalStepCanary.lean:33:59: error: Function expected at
  upperBound
but this term has type
  ?m.1

Note: Expected a function because this term is being applied to the argument
  9

Hint: The identifier `upperBound` is unknown, and Lean's `autoImplicit` option causes an unknown identifier to be treated as an implicitly bound variable with an unknown type. However, the unknown type cannot be a function, and a function is what Lean expects here. This is often the result of a typo or a missing `import` or `open` statement.
Tests/OnlineOptimalStepCanary.lean:34:12: error: Invalid argument: Variable `upperBound` is not a proposition or let-declaration
Tests/OnlineOptimalStepCanary.lean:33:79: error: unsolved goals
x✝ : Sort u_1
upperBound : x✝
⊢ sorry () = 6 ∧ 6 < sorry ()
Tests/OnlineOptimalStepCanary.lean:37:4: error: Function expected at
  optimalStep
but this term has type
  ?m.1

Note: Expected a function because this term is being applied to the argument
  9

Hint: The identifier `optimalStep` is unknown, and Lean's `autoImplicit` option causes an unknown identifier to be treated as an implicitly bound variable with an unknown type. However, the unknown type cannot be a function, and a function is what Lean expects here. This is often the result of a typo or a missing `import` or `open` statement.
Tests/OnlineOptimalStepCanary.lean:37:31: error: Function expected at
  upperBound
but this term has type
  ?m.2

Note: Expected a function because this term is being applied to the argument
  9

Hint: The identifier `upperBound` is unknown, and Lean's `autoImplicit` option causes an unknown identifier to be treated as an implicitly bound variable with an unknown type. However, the unknown type cannot be a function, and a function is what Lean expects here. This is often the result of a typo or a missing `import` or `open` statement.
Tests/OnlineOptimalStepCanary.lean:38:21: error: Function expected at
  upperBound
but this term has type
  ?m.2

Note: Expected a function because this term is being applied to the argument
  9

Hint: The identifier `upperBound` is unknown, and Lean's `autoImplicit` option causes an unknown identifier to be treated as an implicitly bound variable with an unknown type. However, the unknown type cannot be a function, and a function is what Lean expects here. This is often the result of a typo or a missing `import` or `open` statement.
Tests/OnlineOptimalStepCanary.lean:38:47: error: Function expected at
  upperBound
but this term has type
  ?m.2

Note: Expected a function because this term is being applied to the argument
  9

Hint: The identifier `upperBound` is unknown, and Lean's `autoImplicit` option causes an unknown identifier to be treated as an implicitly bound variable with an unknown type. However, the unknown type cannot be a function, and a function is what Lean expects here. This is often the result of a typo or a missing `import` or `open` statement.
Tests/OnlineOptimalStepCanary.lean:39:12: error(lean.unknownIdentifier): Unknown identifier `diameter_argmin`
Tests/OnlineOptimalStepCanary.lean:38:68: error: unsolved goals
x✝¹ : Sort u_1
optimalStep : x✝¹
x✝ : Sort u_2
upperBound : x✝
⊢ sorry = 3 / 4 ∧ sorry = 12 ∧ ∀ (η : ℝ), 0 < η → ?m.24 ≤ ?m.26
Tests/OnlineOptimalStepCanary.lean:44:4: error: Function expected at
  optimalStep
but this term has type
  ?m.1

Note: Expected a function because this term is being applied to the argument
  9

Hint: The identifier `optimalStep` is unknown, and Lean's `autoImplicit` option causes an unknown identifier to be treated as an implicitly bound variable with an unknown type. However, the unknown type cannot be a function, and a function is what Lean expects here. This is often the result of a typo or a missing `import` or `open` statement.
Tests/OnlineOptimalStepCanary.lean:44:30: error: Function expected at
  upperBound
but this term has type
  ?m.2

Note: Expected a function because this term is being applied to the argument
  9

Hint: The identifier `upperBound` is unknown, and Lean's `autoImplicit` option causes an unknown identifier to be treated as an implicitly bound variable with an unknown type. However, the unknown type cannot be a function, and a function is what Lean expects here. This is often the result of a typo or a missing `import` or `open` statement.
Tests/OnlineOptimalStepCanary.lean:45:21: error: Function expected at
  upperBound
but this term has type
  ?m.2

Note: Expected a function because this term is being applied to the argument
  9

Hint: The identifier `upperBound` is unknown, and Lean's `autoImplicit` option causes an unknown identifier to be treated as an implicitly bound variable with an unknown type. However, the unknown type cannot be a function, and a function is what Lean expects here. This is often the result of a typo or a missing `import` or `open` statement.
Tests/OnlineOptimalStepCanary.lean:45:46: error: Function expected at
  upperBound
but this term has type
  ?m.2

Note: Expected a function because this term is being applied to the argument
  9

Hint: The identifier `upperBound` is unknown, and Lean's `autoImplicit` option causes an unknown identifier to be treated as an implicitly bound variable with an unknown type. However, the unknown type cannot be a function, and a function is what Lean expects here. This is often the result of a typo or a missing `import` or `open` statement.
Tests/OnlineOptimalStepCanary.lean:46:12: error(lean.unknownIdentifier): Unknown identifier `diameter_argmin`
Tests/OnlineOptimalStepCanary.lean:45:66: error: unsolved goals
x✝¹ : Sort u_1
optimalStep : x✝¹
x✝ : Sort u_2
upperBound : x✝
⊢ sorry = 3 / 2 ∧ sorry = 6 ∧ ∀ (η : ℝ), 0 < η → ?m.24 ≤ ?m.26
Tests/OnlineOptimalStepCanary.lean:51:21: error: Function expected at
  upperBound
but this term has type
  ?m.1

Note: Expected a function because this term is being applied to the argument
  0

Hint: The identifier `upperBound` is unknown, and Lean's `autoImplicit` option causes an unknown identifier to be treated as an implicitly bound variable with an unknown type. However, the unknown type cannot be a function, and a function is what Lean expects here. This is often the result of a typo or a missing `import` or `open` statement.
Tests/OnlineOptimalStepCanary.lean:51:40: error: Function expected at
  upperBound
but this term has type
  ?m.1

Note: Expected a function because this term is being applied to the argument
  0

Hint: The identifier `upperBound` is unknown, and Lean's `autoImplicit` option causes an unknown identifier to be treated as an implicitly bound variable with an unknown type. However, the unknown type cannot be a function, and a function is what Lean expects here. This is often the result of a typo or a missing `import` or `open` statement.
Tests/OnlineOptimalStepCanary.lean:52:10: error(lean.unknownIdentifier): Unknown identifier `zero_distance_decreases`
Tests/OnlineOptimalStepCanary.lean:55:21: error: Function expected at
  upperBound
but this term has type
  ?m.1

Note: Expected a function because this term is being applied to the argument
  9

Hint: The identifier `upperBound` is unknown, and Lean's `autoImplicit` option causes an unknown identifier to be treated as an implicitly bound variable with an unknown type. However, the unknown type cannot be a function, and a function is what Lean expects here. This is often the result of a typo or a missing `import` or `open` statement.
Tests/OnlineOptimalStepCanary.lean:55:40: error: Function expected at
  upperBound
but this term has type
  ?m.1

Note: Expected a function because this term is being applied to the argument
  9

Hint: The identifier `upperBound` is unknown, and Lean's `autoImplicit` option causes an unknown identifier to be treated as an implicitly bound variable with an unknown type. However, the unknown type cannot be a function, and a function is what Lean expects here. This is often the result of a typo or a missing `import` or `open` statement.
Tests/OnlineOptimalStepCanary.lean:56:10: error(lean.unknownIdentifier): Unknown identifier `zero_energy_decreases`
Tests/OnlineOptimalStepCanary.lean:58:27: error: Function expected at
  upperBound
but this term has type
  ?m.1

Note: Expected a function because this term is being applied to the argument
  0

Hint: The identifier `upperBound` is unknown, and Lean's `autoImplicit` option causes an unknown identifier to be treated as an implicitly bound variable with an unknown type. However, the unknown type cannot be a function, and a function is what Lean expects here. This is often the result of a typo or a missing `import` or `open` statement.
Tests/OnlineOptimalStepCanary.lean:58:51: error(lean.unknownIdentifier): Unknown identifier `zero_coefficients`
Tests/OnlineOptimalStepCanary.lean:61:4: error: Function expected at
  optimalStep
but this term has type
  ?m.1

Note: Expected a function because this term is being applied to the argument
  0

Hint: The identifier `optimalStep` is unknown, and Lean's `autoImplicit` option causes an unknown identifier to be treated as an implicitly bound variable with an unknown type. However, the unknown type cannot be a function, and a function is what Lean expects here. This is often the result of a typo or a missing `import` or `open` statement.
Tests/OnlineOptimalStepCanary.lean:61:32: error: Function expected at
  optimalStep
but this term has type
  ?m.1

Note: Expected a function because this term is being applied to the argument
  0

Hint: The identifier `optimalStep` is unknown, and Lean's `autoImplicit` option causes an unknown identifier to be treated as an implicitly bound variable with an unknown type. However, the unknown type cannot be a function, and a function is what Lean expects here. This is often the result of a typo or a missing `import` or `open` statement.
Tests/OnlineOptimalStepCanary.lean:62:12: error: Invalid argument: Variable `optimalStep` is not a proposition or let-declaration
Tests/OnlineOptimalStepCanary.lean:61:51: error: unsolved goals
x✝ : Sort u_1
optimalStep : x✝
⊢ sorry () = 0
Tests/OnlineOptimalStepCanary.lean:65:4: error: Function expected at
  upperBound
but this term has type
  ?m.1

Note: Expected a function because this term is being applied to the argument
  9

Hint: The identifier `upperBound` is unknown, and Lean's `autoImplicit` option causes an unknown identifier to be treated as an implicitly bound variable with an unknown type. However, the unknown type cannot be a function, and a function is what Lean expects here. This is often the result of a typo or a missing `import` or `open` statement.
Tests/OnlineOptimalStepCanary.lean:65:48: error: Function expected at
  upperBound
but this term has type
  ?m.1

Note: Expected a function because this term is being applied to the argument
  9

Hint: The identifier `upperBound` is unknown, and Lean's `autoImplicit` option causes an unknown identifier to be treated as an implicitly bound variable with an unknown type. However, the unknown type cannot be a function, and a function is what Lean expects here. This is often the result of a typo or a missing `import` or `open` statement.
Tests/OnlineOptimalStepCanary.lean:67:14: error: Invalid argument: Variable `upperBound` is not a proposition or let-declaration
Tests/OnlineOptimalStepCanary.lean:67:2: error: unsolved goals
case left
x✝ : Sort u_1
upperBound : x✝
⊢ sorry () = 0
Tests/OnlineOptimalStepCanary.lean:69:11: error: Invalid argument: Variable `upperBound` is not a proposition or let-declaration
Tests/OnlineOptimalStepCanary.lean:70:4: error: failed to prove strict positivity, but it would be possible to prove nonnegativity if desired
Tests/OnlineOptimalStepCanary.lean:83:19: warning: 'ring' tactic does nothing

Note: This linter can be disabled with `set_option linter.unusedTactic false`
Tests/OnlineOptimalStepCanary.lean:83:19: warning: this tactic is never executed

Note: This linter can be disabled with `set_option linter.unreachableTactic false`
Tests/OnlineOptimalStepCanary.lean:82:78: warning: Used `tac1 <;> tac2` where `(tac1; tac2)` would suffice

Note: This linter can be disabled with `set_option linter.unnecessarySeqFocus false`
Tests/OnlineOptimalStepCanary.lean:98:8: warning: This simp argument is unused:
  smul_eq_mul

Hint: Omit it from the simp argument list.
  simp ̵[̵s̵m̵u̵l̵_̵e̵q̵_̵m̵u̵l̵]̵

Note: This linter can be disabled with `set_option linter.unusedSimpArgs false`
