runs/online-optimal-step-20261004/canary-focused-01.log:514: trailing whitespace.
+  
runs/online-optimal-step-20261004/canary-focused-01.log:516: trailing whitespace.
+    
runs/online-optimal-step-20261004/canary-focused-01.log:665: trailing whitespace.
+  
runs/online-optimal-step-20261004/canary-focused-01.log:667: trailing whitespace.
+    
runs/online-optimal-step-20261004/canary-focused-01.log:1100: trailing whitespace.
+  
runs/online-optimal-step-20261004/canary-focused-01.log:1102: trailing whitespace.
+    
runs/online-optimal-step-20261004/canary-focused-01.log:1142: trailing whitespace.
+  
runs/online-optimal-step-20261004/canary-focused-01.log:1144: trailing whitespace.
+    
runs/online-optimal-step-20261004/canary-focused-01.log:1693: trailing whitespace.
+  
runs/online-optimal-step-20261004/canary-focused-01.log:1695: trailing whitespace.
+    
runs/online-optimal-step-20261004/canary-focused-01.log:1700: trailing whitespace.
+  
runs/online-optimal-step-20261004/canary-focused-01.log:1702: trailing whitespace.
+    
runs/online-optimal-step-20261004/canary-focused-01.log:1750: trailing whitespace.
+  
runs/online-optimal-step-20261004/canary-focused-01.log:1752: trailing whitespace.
+    
runs/online-optimal-step-20261004/canary-focused-01.log:1801: trailing whitespace.
+  
runs/online-optimal-step-20261004/canary-focused-01.log:1803: trailing whitespace.
+    
runs/online-optimal-step-20261004/canary-focused-02.log:790: trailing whitespace.
+  
runs/online-optimal-step-20261004/canary-focused-02.log:792: trailing whitespace.
+    
runs/online-optimal-step-20261004/canary-focused-02.log:797: trailing whitespace.
+  
runs/online-optimal-step-20261004/canary-focused-02.log:799: trailing whitespace.
+    
runs/online-optimal-step-20261004/canary-focused-02.log:891: trailing whitespace.
+  
runs/online-optimal-step-20261004/canary-focused-02.log:893: trailing whitespace.
+    
runs/online-optimal-step-20261004/canary-focused-02.log:1042: trailing whitespace.
+  
runs/online-optimal-step-20261004/canary-focused-02.log:1044: trailing whitespace.
+    
runs/online-optimal-step-20261004/canary-focused-02.log:1213: trailing whitespace.
+  
runs/online-optimal-step-20261004/canary-focused-02.log:1215: trailing whitespace.
+    
runs/online-optimal-step-20261004/canary-focused-02.log:1255: trailing whitespace.
+  
runs/online-optimal-step-20261004/canary-focused-02.log:1257: trailing whitespace.
+    
runs/online-optimal-step-20261004/canary-focused-02.log:1750: trailing whitespace.
+  
runs/online-optimal-step-20261004/canary-focused-02.log:1752: trailing whitespace.
+    
runs/online-optimal-step-20261004/canary-focused-02.log:1794: trailing whitespace.
+  
runs/online-optimal-step-20261004/canary-focused-02.log:1796: trailing whitespace.
+    
runs/online-optimal-step-20261004/root-01.log:719: trailing whitespace.
+  
runs/online-optimal-step-20261004/root-01.log:721: trailing whitespace.
+    
runs/online-optimal-step-20261004/root-01.log:726: trailing whitespace.
+  
runs/online-optimal-step-20261004/root-01.log:728: trailing whitespace.
+    
runs/online-optimal-step-20261004/root-01.log:889: trailing whitespace.
+  
runs/online-optimal-step-20261004/root-01.log:891: trailing whitespace.
+    
runs/online-optimal-step-20261004/root-01.log:1040: trailing whitespace.
+  
runs/online-optimal-step-20261004/root-01.log:1042: trailing whitespace.
+    
runs/online-optimal-step-20261004/root-01.log:1211: trailing whitespace.
+  
runs/online-optimal-step-20261004/root-01.log:1213: trailing whitespace.
+    
runs/online-optimal-step-20261004/root-01.log:1253: trailing whitespace.
+  
runs/online-optimal-step-20261004/root-01.log:1255: trailing whitespace.
+    
runs/online-optimal-step-20261004/root-01.log:1748: trailing whitespace.
+  
runs/online-optimal-step-20261004/root-01.log:1750: trailing whitespace.
+    
runs/online-optimal-step-20261004/root-01.log:1799: trailing whitespace.
+  
runs/online-optimal-step-20261004/root-01.log:1801: trailing whitespace.
+    
runs/online-optimal-step-20261004/tests-01.log:1310: trailing whitespace.
+  
runs/online-optimal-step-20261004/tests-01.log:1312: trailing whitespace.
+    
runs/online-optimal-step-20261004/tests-01.log:1317: trailing whitespace.
+  
runs/online-optimal-step-20261004/tests-01.log:1319: trailing whitespace.
+    
runs/online-optimal-step-20261004/tests-01.log:1480: trailing whitespace.
+  
runs/online-optimal-step-20261004/tests-01.log:1482: trailing whitespace.
+    
runs/online-optimal-step-20261004/tests-01.log:1631: trailing whitespace.
+  
runs/online-optimal-step-20261004/tests-01.log:1633: trailing whitespace.
+    
runs/online-optimal-step-20261004/tests-01.log:1802: trailing whitespace.
+  
runs/online-optimal-step-20261004/tests-01.log:1804: trailing whitespace.
+    
runs/online-optimal-step-20261004/tests-01.log:1844: trailing whitespace.
+  
runs/online-optimal-step-20261004/tests-01.log:1846: trailing whitespace.
+    
runs/online-optimal-step-20261004/tests-01.log:2339: trailing whitespace.
+  
runs/online-optimal-step-20261004/tests-01.log:2341: trailing whitespace.
+    
runs/online-optimal-step-20261004/tests-01.log:2390: trailing whitespace.
+  
runs/online-optimal-step-20261004/tests-01.log:2392: trailing whitespace.
+    
runs/online-optimal-step-20261004/tests-01.log:6742: trailing whitespace.
+  
runs/online-optimal-step-20261004/tests-01.log:6744: trailing whitespace.
+    
runs/online-optimal-step-20261004/tests-02.log:1310: trailing whitespace.
+  
runs/online-optimal-step-20261004/tests-02.log:1312: trailing whitespace.
+    
runs/online-optimal-step-20261004/tests-02.log:1317: trailing whitespace.
+  
runs/online-optimal-step-20261004/tests-02.log:1319: trailing whitespace.
+    
runs/online-optimal-step-20261004/tests-02.log:1480: trailing whitespace.
+  
runs/online-optimal-step-20261004/tests-02.log:1482: trailing whitespace.
+    
runs/online-optimal-step-20261004/tests-02.log:1631: trailing whitespace.
+  
runs/online-optimal-step-20261004/tests-02.log:1633: trailing whitespace.
+    
runs/online-optimal-step-20261004/tests-02.log:1802: trailing whitespace.
+  
runs/online-optimal-step-20261004/tests-02.log:1804: trailing whitespace.
+    
runs/online-optimal-step-20261004/tests-02.log:1844: trailing whitespace.
+  
runs/online-optimal-step-20261004/tests-02.log:1846: trailing whitespace.
+    
runs/online-optimal-step-20261004/tests-02.log:2339: trailing whitespace.
+  
runs/online-optimal-step-20261004/tests-02.log:2341: trailing whitespace.
+    
runs/online-optimal-step-20261004/tests-02.log:2390: trailing whitespace.
+  
runs/online-optimal-step-20261004/tests-02.log:2392: trailing whitespace.
+    
runs/online-optimal-step-20261004/tests-02.log:6742: trailing whitespace.
+  
runs/online-optimal-step-20261004/tests-02.log:6744: trailing whitespace.
+    
