{
  "time": "2026-10-04T12:10:50+00:00",
  "task": "ONLINE-OPTIMAL-STEP-20261004",
  "role": "upper",
  "kind": "plan",
  "status": "queued",
  "notes": "11frozen unproved Prop headers/2definitions typed; distinct neutraldecoder complete, sourcecontractreviewpending; no proof body. Frozen coefficients, no reruneta optimization/algorithm guarantee.",
  "lean": "",
  "source": "ORABONA-V10-P15-SCALAR-ARGMIN",
  "run_id": "online-optimal-step-20261004",
  "changed_files": [
    "docs/contracts/online-optimal-step-v1/context.lean.txt"
  ],
  "statement_hash": "",
  "parent_id": "",
  "route_fingerprint": "",
  "verifier_evidence": [],
  "harness": "",
  "experiment_id": "",
  "target_fingerprint": "",
  "route_packet_hash": "",
  "attempt_id": "",
  "worker_id": "",
  "progress_class": "unreviewed",
  "reviewer_validated": false,
  "obligations_before": 0,
  "obligations_after": 0,
  "new_declarations": [],
  "reused_declarations": [],
  "dag_nodes": 0,
  "dag_depth": 0,
  "elapsed_seconds": 0.0,
  "lean_check_seconds": 0.0,
  "prompt_chars": 0,
  "input_tokens": 0,
  "output_tokens": 0,
  "error_signature": ""
}
