{
  "time": "2026-10-04T12:19:17+00:00",
  "task": "ONLINE-OPTIMAL-STEP-20261004",
  "role": "lower",
  "kind": "build",
  "status": "compiled",
  "notes": "Actualgapidentity proofbody kernelcompiled, actualfence/guard unchanged; 10frozenbodyobligations remain, sourceargmin package notclosed.",
  "lean": "runs\\online-optimal-step-20261004\\leaves\\gap-01.lean",
  "source": "",
  "run_id": "online-optimal-step-20261004",
  "changed_files": [],
  "statement_hash": "",
  "parent_id": "",
  "route_fingerprint": "",
  "verifier_evidence": [
    "runs\\online-optimal-step-20261004\\gap-actual-binding.json"
  ],
  "harness": "",
  "experiment_id": "",
  "target_fingerprint": "",
  "route_packet_hash": "",
  "attempt_id": "ONLINE-OPTIMAL-GAP-BODY01",
  "worker_id": "",
  "progress_class": "compiled-leaf",
  "reviewer_validated": false,
  "obligations_before": 11,
  "obligations_after": 10,
  "new_declarations": [],
  "reused_declarations": [],
  "dag_nodes": 0,
  "dag_depth": 0,
  "elapsed_seconds": 0.0,
  "lean_check_seconds": 0.0,
  "prompt_chars": 0,
  "input_tokens": 0,
  "output_tokens": 0,
  "error_signature": ""
}
