∀ (A B η : ℝ), 0 ≤ A → 0 ≤ B → 0 < η → q A B η - √A * √B = (√A - η * √B) ^ 2 / (2 * η) : Prop
runs\online-optimal-step-20261004\leaves\neutral-types-v1.lean:9:23: warning: unused variable `hA`

Note: This linter can be disabled with `set_option linter.unusedVariables false`
runs\online-optimal-step-20261004\leaves\neutral-types-v1.lean:9:36: warning: unused variable `hB`

Note: This linter can be disabled with `set_option linter.unusedVariables false`
runs\online-optimal-step-20261004\leaves\neutral-types-v1.lean:9:49: warning: unused variable `hη`

Note: This linter can be disabled with `set_option linter.unusedVariables false`
∀ (A B η : ℝ), 0 ≤ A → 0 ≤ B → 0 < η → √A * √B ≤ q A B η : Prop
runs\online-optimal-step-20261004\leaves\neutral-types-v1.lean:12:23: warning: unused variable `hA`

Note: This linter can be disabled with `set_option linter.unusedVariables false`
runs\online-optimal-step-20261004\leaves\neutral-types-v1.lean:12:36: warning: unused variable `hB`

Note: This linter can be disabled with `set_option linter.unusedVariables false`
runs\online-optimal-step-20261004\leaves\neutral-types-v1.lean:12:49: warning: unused variable `hη`

Note: This linter can be disabled with `set_option linter.unusedVariables false`
∀ (A B : ℝ), 0 < A → 0 < B → 0 < r A B : Prop
runs\online-optimal-step-20261004\leaves\neutral-types-v1.lean:14:21: warning: unused variable `hA`

Note: This linter can be disabled with `set_option linter.unusedVariables false`
runs\online-optimal-step-20261004\leaves\neutral-types-v1.lean:14:34: warning: unused variable `hB`

Note: This linter can be disabled with `set_option linter.unusedVariables false`
∀ (A B : ℝ), 0 < A → 0 < B → q A B (r A B) = √A * √B : Prop
runs\online-optimal-step-20261004\leaves\neutral-types-v1.lean:16:21: warning: unused variable `hA`

Note: This linter can be disabled with `set_option linter.unusedVariables false`
runs\online-optimal-step-20261004\leaves\neutral-types-v1.lean:16:34: warning: unused variable `hB`

Note: This linter can be disabled with `set_option linter.unusedVariables false`
∀ (A B η : ℝ), 0 < A → 0 < B → 0 < η → (q A B η = q A B (r A B) ↔ η = r A B) : Prop
runs\online-optimal-step-20261004\leaves\neutral-types-v1.lean:18:23: warning: unused variable `hA`

Note: This linter can be disabled with `set_option linter.unusedVariables false`
runs\online-optimal-step-20261004\leaves\neutral-types-v1.lean:18:36: warning: unused variable `hB`

Note: This linter can be disabled with `set_option linter.unusedVariables false`
runs\online-optimal-step-20261004\leaves\neutral-types-v1.lean:18:49: warning: unused variable `hη`

Note: This linter can be disabled with `set_option linter.unusedVariables false`
∀ (A B : ℝ), 0 < A → 0 < B → 0 < r A B ∧ q A B (r A B) = √(A * B) ∧ ∀ (η : ℝ), 0 < η → q A B (r A B) ≤ q A B η : Prop
runs\online-optimal-step-20261004\leaves\neutral-types-v1.lean:20:21: warning: unused variable `hA`

Note: This linter can be disabled with `set_option linter.unusedVariables false`
runs\online-optimal-step-20261004\leaves\neutral-types-v1.lean:20:34: warning: unused variable `hB`

Note: This linter can be disabled with `set_option linter.unusedVariables false`
∀ (R B : ℝ),
  0 < R →
    0 < B →
      r (R ^ 2) B = R / √B ∧
        q (R ^ 2) B (R / √B) = R * √B ∧ ∀ (η : ℝ), 0 < η → q (R ^ 2) B (R / √B) ≤ q (R ^ 2) B η : Prop
runs\online-optimal-step-20261004\leaves\neutral-types-v1.lean:24:21: warning: unused variable `hR`

Note: This linter can be disabled with `set_option linter.unusedVariables false`
runs\online-optimal-step-20261004\leaves\neutral-types-v1.lean:24:34: warning: unused variable `hB`

Note: This linter can be disabled with `set_option linter.unusedVariables false`
∀ (D G : ℝ) (T : ℕ),
  0 < D →
    0 < G →
      0 < T →
        r (D ^ 2) (G ^ 2 * ↑T) = D / (G * √↑T) ∧
          q (D ^ 2) (G ^ 2 * ↑T) (D / (G * √↑T)) = D * G * √↑T ∧
            ∀ (η : ℝ), 0 < η → q (D ^ 2) (G ^ 2 * ↑T) (D / (G * √↑T)) ≤ q (D ^ 2) (G ^ 2 * ↑T) η : Prop
runs\online-optimal-step-20261004\leaves\neutral-types-v1.lean:28:29: warning: unused variable `hD`

Note: This linter can be disabled with `set_option linter.unusedVariables false`
runs\online-optimal-step-20261004\leaves\neutral-types-v1.lean:28:42: warning: unused variable `hG`

Note: This linter can be disabled with `set_option linter.unusedVariables false`
runs\online-optimal-step-20261004\leaves\neutral-types-v1.lean:28:55: warning: unused variable `hT`

Note: This linter can be disabled with `set_option linter.unusedVariables false`
∀ (B η : ℝ), 0 < B → 0 < η → 0 < η / 2 ∧ q 0 B (η / 2) < q 0 B η : Prop
runs\online-optimal-step-20261004\leaves\neutral-types-v1.lean:35:21: warning: unused variable `hB`

Note: This linter can be disabled with `set_option linter.unusedVariables false`
runs\online-optimal-step-20261004\leaves\neutral-types-v1.lean:35:34: warning: unused variable `hη`

Note: This linter can be disabled with `set_option linter.unusedVariables false`
∀ (A η : ℝ), 0 < A → 0 < η → 0 < 2 * η ∧ q A 0 (2 * η) < q A 0 η : Prop
runs\online-optimal-step-20261004\leaves\neutral-types-v1.lean:37:21: warning: unused variable `hA`

Note: This linter can be disabled with `set_option linter.unusedVariables false`
runs\online-optimal-step-20261004\leaves\neutral-types-v1.lean:37:34: warning: unused variable `hη`

Note: This linter can be disabled with `set_option linter.unusedVariables false`
∀ (η : ℝ), q 0 0 η = 0 : Prop
