BanditRL.OnlineOptimalStep.upperBound (A B η : ℝ) : ℝ
'BanditRL.OnlineOptimalStep.upperBound' depends on axioms: [propext, Classical.choice, Quot.sound]
BanditRL.OnlineOptimalStep.optimalStep (A B : ℝ) : ℝ
'BanditRL.OnlineOptimalStep.optimalStep' depends on axioms: [propext, Classical.choice, Quot.sound]
BanditRL.OnlineOptimalStep.gap_identity (A B η : ℝ) (hA : 0 ≤ A) (hB : 0 ≤ B) (hη : 0 < η) :
  BanditRL.OnlineOptimalStep.upperBound A B η - √A * √B = (√A - η * √B) ^ 2 / (2 * η)
'BanditRL.OnlineOptimalStep.gap_identity' depends on axioms: [propext, Classical.choice, Quot.sound]
BanditRL.OnlineOptimalStep.lower_bound (A B η : ℝ) (hA : 0 ≤ A) (hB : 0 ≤ B) (hη : 0 < η) :
  √A * √B ≤ BanditRL.OnlineOptimalStep.upperBound A B η
'BanditRL.OnlineOptimalStep.lower_bound' depends on axioms: [propext, Classical.choice, Quot.sound]
BanditRL.OnlineOptimalStep.optimal_positive (A B : ℝ) (hA : 0 < A) (hB : 0 < B) :
  0 < BanditRL.OnlineOptimalStep.optimalStep A B
'BanditRL.OnlineOptimalStep.optimal_positive' depends on axioms: [propext, Classical.choice, Quot.sound]
BanditRL.OnlineOptimalStep.optimal_value (A B : ℝ) (hA : 0 < A) (hB : 0 < B) :
  BanditRL.OnlineOptimalStep.upperBound A B (BanditRL.OnlineOptimalStep.optimalStep A B) = √A * √B
'BanditRL.OnlineOptimalStep.optimal_value' depends on axioms: [propext, Classical.choice, Quot.sound]
BanditRL.OnlineOptimalStep.optimal_unique (A B η : ℝ) (hA : 0 < A) (hB : 0 < B) (hη : 0 < η) :
  BanditRL.OnlineOptimalStep.upperBound A B η =
      BanditRL.OnlineOptimalStep.upperBound A B (BanditRL.OnlineOptimalStep.optimalStep A B) ↔
    η = BanditRL.OnlineOptimalStep.optimalStep A B
'BanditRL.OnlineOptimalStep.optimal_unique' depends on axioms: [propext, Classical.choice, Quot.sound]
BanditRL.OnlineOptimalStep.source_argmin (A B : ℝ) (hA : 0 < A) (hB : 0 < B) :
  0 < BanditRL.OnlineOptimalStep.optimalStep A B ∧
    BanditRL.OnlineOptimalStep.upperBound A B (BanditRL.OnlineOptimalStep.optimalStep A B) = √(A * B) ∧
      ∀ (η : ℝ),
        0 < η →
          BanditRL.OnlineOptimalStep.upperBound A B (BanditRL.OnlineOptimalStep.optimalStep A B) ≤
            BanditRL.OnlineOptimalStep.upperBound A B η
'BanditRL.OnlineOptimalStep.source_argmin' depends on axioms: [propext, Classical.choice, Quot.sound]
BanditRL.OnlineOptimalStep.distance_energy_argmin (R B : ℝ) (hR : 0 < R) (hB : 0 < B) :
  BanditRL.OnlineOptimalStep.optimalStep (R ^ 2) B = R / √B ∧
    BanditRL.OnlineOptimalStep.upperBound (R ^ 2) B (R / √B) = R * √B ∧
      ∀ (η : ℝ),
        0 < η →
          BanditRL.OnlineOptimalStep.upperBound (R ^ 2) B (R / √B) ≤ BanditRL.OnlineOptimalStep.upperBound (R ^ 2) B η
'BanditRL.OnlineOptimalStep.distance_energy_argmin' depends on axioms: [propext, Classical.choice, Quot.sound]
BanditRL.OnlineOptimalStep.diameter_argmin (D G : ℝ) (T : ℕ) (hD : 0 < D) (hG : 0 < G) (hT : 0 < T) :
  BanditRL.OnlineOptimalStep.optimalStep (D ^ 2) (G ^ 2 * ↑T) = D / (G * √↑T) ∧
    BanditRL.OnlineOptimalStep.upperBound (D ^ 2) (G ^ 2 * ↑T) (D / (G * √↑T)) = D * G * √↑T ∧
      ∀ (η : ℝ),
        0 < η →
          BanditRL.OnlineOptimalStep.upperBound (D ^ 2) (G ^ 2 * ↑T) (D / (G * √↑T)) ≤
            BanditRL.OnlineOptimalStep.upperBound (D ^ 2) (G ^ 2 * ↑T) η
'BanditRL.OnlineOptimalStep.diameter_argmin' depends on axioms: [propext, Classical.choice, Quot.sound]
BanditRL.OnlineOptimalStep.zero_distance_decreases (B η : ℝ) (hB : 0 < B) (hη : 0 < η) :
  0 < η / 2 ∧ BanditRL.OnlineOptimalStep.upperBound 0 B (η / 2) < BanditRL.OnlineOptimalStep.upperBound 0 B η
'BanditRL.OnlineOptimalStep.zero_distance_decreases' depends on axioms: [propext, Classical.choice, Quot.sound]
BanditRL.OnlineOptimalStep.zero_energy_decreases (A η : ℝ) (hA : 0 < A) (hη : 0 < η) :
  0 < 2 * η ∧ BanditRL.OnlineOptimalStep.upperBound A 0 (2 * η) < BanditRL.OnlineOptimalStep.upperBound A 0 η
'BanditRL.OnlineOptimalStep.zero_energy_decreases' depends on axioms: [propext, Classical.choice, Quot.sound]
BanditRL.OnlineOptimalStep.zero_coefficients (η : ℝ) : BanditRL.OnlineOptimalStep.upperBound 0 0 η = 0
'BanditRL.OnlineOptimalStep.zero_coefficients' depends on axioms: [propext, Classical.choice, Quot.sound]
OptimalStepProbe.positive_optimizer : 0 < BanditRL.OnlineOptimalStep.optimalStep 9 4
'OptimalStepProbe.positive_optimizer' depends on axioms: [propext, Classical.choice, Quot.sound]
OptimalStepProbe.chosen : BanditRL.OnlineOptimalStep.optimalStep 9 4 = 3 / 2
'OptimalStepProbe.chosen' depends on axioms: [propext, Classical.choice, Quot.sound]
OptimalStepProbe.attained : BanditRL.OnlineOptimalStep.upperBound 9 4 (3 / 2) = 6
'OptimalStepProbe.attained' depends on axioms: [propext, Classical.choice, Quot.sound]
OptimalStepProbe.public_argmin :
  0 < BanditRL.OnlineOptimalStep.optimalStep 9 4 ∧
    BanditRL.OnlineOptimalStep.upperBound 9 4 (BanditRL.OnlineOptimalStep.optimalStep 9 4) = √(9 * 4) ∧
      ∀ (η : ℝ),
        0 < η →
          BanditRL.OnlineOptimalStep.upperBound 9 4 (BanditRL.OnlineOptimalStep.optimalStep 9 4) ≤
            BanditRL.OnlineOptimalStep.upperBound 9 4 η
'OptimalStepProbe.public_argmin' depends on axioms: [propext, Classical.choice, Quot.sound]
OptimalStepProbe.universal (η : ℝ) (hη : 0 < η) : 6 ≤ BanditRL.OnlineOptimalStep.upperBound 9 4 η
'OptimalStepProbe.universal' depends on axioms: [propext, Classical.choice, Quot.sound]
OptimalStepProbe.unique (η : ℝ) (hη : 0 < η) : BanditRL.OnlineOptimalStep.upperBound 9 4 η = 6 ↔ η = 3 / 2
'OptimalStepProbe.unique' depends on axioms: [propext, Classical.choice, Quot.sound]
OptimalStepProbe.wrong_eta_strict :
  BanditRL.OnlineOptimalStep.upperBound 9 4 1 = 13 / 2 ∧ 6 < BanditRL.OnlineOptimalStep.upperBound 9 4 1
'OptimalStepProbe.wrong_eta_strict' depends on axioms: [propext, Classical.choice, Quot.sound]
OptimalStepProbe.tuned :
  BanditRL.OnlineOptimalStep.optimalStep 9 16 = 3 / 4 ∧
    BanditRL.OnlineOptimalStep.upperBound 9 16 (3 / 4) = 12 ∧
      ∀ (η : ℝ),
        0 < η → BanditRL.OnlineOptimalStep.upperBound 9 16 (3 / 4) ≤ BanditRL.OnlineOptimalStep.upperBound 9 16 η
'OptimalStepProbe.tuned' depends on axioms: [propext, Classical.choice, Quot.sound]
OptimalStepProbe.horizon_one :
  BanditRL.OnlineOptimalStep.optimalStep 9 4 = 3 / 2 ∧
    BanditRL.OnlineOptimalStep.upperBound 9 4 (3 / 2) = 6 ∧
      ∀ (η : ℝ), 0 < η → BanditRL.OnlineOptimalStep.upperBound 9 4 (3 / 2) ≤ BanditRL.OnlineOptimalStep.upperBound 9 4 η
'OptimalStepProbe.horizon_one' depends on axioms: [propext, Classical.choice, Quot.sound]
OptimalStepProbe.zero_distance_no_min (η : ℝ) (hη : 0 < η) :
  ∃ θ, 0 < θ ∧ BanditRL.OnlineOptimalStep.upperBound 0 4 θ < BanditRL.OnlineOptimalStep.upperBound 0 4 η
'OptimalStepProbe.zero_distance_no_min' depends on axioms: [propext, Classical.choice, Quot.sound]
OptimalStepProbe.zero_energy_no_min (η : ℝ) (hη : 0 < η) :
  ∃ θ, 0 < θ ∧ BanditRL.OnlineOptimalStep.upperBound 9 0 θ < BanditRL.OnlineOptimalStep.upperBound 9 0 η
'OptimalStepProbe.zero_energy_no_min' depends on axioms: [propext, Classical.choice, Quot.sound]
OptimalStepProbe.all_zero (η : ℝ) : BanditRL.OnlineOptimalStep.upperBound 0 0 η = 0
'OptimalStepProbe.all_zero' depends on axioms: [propext, Classical.choice, Quot.sound]
OptimalStepProbe.zero_distance_optimizer_inadmissible :
  BanditRL.OnlineOptimalStep.optimalStep 0 4 = 0 ∧ ¬0 < BanditRL.OnlineOptimalStep.optimalStep 0 4
'OptimalStepProbe.zero_distance_optimizer_inadmissible' depends on axioms: [propext, Classical.choice, Quot.sound]
OptimalStepProbe.division_zero_inadmissible :
  BanditRL.OnlineOptimalStep.upperBound 9 0 0 = 0 ∧ ∀ (η : ℝ), 0 < η → 0 < BanditRL.OnlineOptimalStep.upperBound 9 0 η
'OptimalStepProbe.division_zero_inadmissible' depends on axioms: [propext, Classical.choice, Quot.sound]
OptimalStepProbe.V : BanditRL.OnlineGradientDescent.Domain ℝ
'OptimalStepProbe.V' depends on axioms: [propext, Classical.choice, Quot.sound]
OptimalStepProbe.loss (x : ℝ) : ℝ
'OptimalStepProbe.loss' depends on axioms: [propext, Classical.choice, Quot.sound]
OptimalStepProbe.X (η : ℝ) : ℕ → ℝ
'OptimalStepProbe.X' depends on axioms: [propext, Classical.choice, Quot.sound]
OptimalStepProbe.feedback (η : ℝ) (t : ℕ) : ℝ
'OptimalStepProbe.feedback' depends on axioms: [propext, Classical.choice, Quot.sound]
OptimalStepProbe.energy (η : ℝ) : ℝ
'OptimalStepProbe.energy' depends on axioms: [propext, Classical.choice, Quot.sound]
OptimalStepProbe.actual_gradient (x : ℝ) : gradient OptimalStepProbe.loss x = x - 1
'OptimalStepProbe.actual_gradient' depends on axioms: [propext, Classical.choice, Quot.sound]
OptimalStepProbe.actual_projection (z : ℝ) : BanditRL.OnlineGradientDescent.project OptimalStepProbe.V z = z
'OptimalStepProbe.actual_projection' depends on axioms: [propext, Classical.choice, Quot.sound]
OptimalStepProbe.first_output (η : ℝ) : OptimalStepProbe.X η 0 = 0
'OptimalStepProbe.first_output' depends on axioms: [propext, Classical.choice, Quot.sound]
OptimalStepProbe.after_one (η : ℝ) : OptimalStepProbe.X η 1 = η
'OptimalStepProbe.after_one' depends on axioms: [propext, Classical.choice, Quot.sound]
OptimalStepProbe.first_feedback (η : ℝ) : OptimalStepProbe.feedback η 0 = -1
'OptimalStepProbe.first_feedback' depends on axioms: [propext, Classical.choice, Quot.sound]
OptimalStepProbe.second_feedback (η : ℝ) : OptimalStepProbe.feedback η 1 = η - 1
'OptimalStepProbe.second_feedback' depends on axioms: [propext, Classical.choice, Quot.sound]
OptimalStepProbe.energy_formula (η : ℝ) : OptimalStepProbe.energy η = 1 + (η - 1) ^ 2
'OptimalStepProbe.energy_formula' depends on axioms: [propext, Classical.choice, Quot.sound]
OptimalStepProbe.same_loss_different_energy :
  OptimalStepProbe.energy 1 = 1 ∧ OptimalStepProbe.energy 2 = 2 ∧ OptimalStepProbe.energy 1 ≠ OptimalStepProbe.energy 2
'OptimalStepProbe.same_loss_different_energy' depends on axioms: [propext, Classical.choice, Quot.sound]
