{
  "time": "2026-10-04T12:28:47+00:00",
  "task": "ONLINE-OPTIMAL-STEP-20261004",
  "role": "lower",
  "kind": "build",
  "status": "compiled",
  "notes": "Actual11frozen publicproofbodies kernelcompile focused, sameactualnativeheaders/context/guards. Actual22canarydirect kernelpass after explicitmoduleimport repair; package/sourcebodyreview/combinedgates pending.",
  "lean": "BanditRLProof\\OnlineOptimalStep.lean",
  "source": "",
  "run_id": "online-optimal-step-20261004",
  "changed_files": [],
  "statement_hash": "",
  "parent_id": "",
  "route_fingerprint": "",
  "verifier_evidence": [
    "runs\\online-optimal-step-20261004\\public-actual-bindings.json",
    "runs\\online-optimal-step-20261004\\public-focused-01-exit.json"
  ],
  "harness": "",
  "experiment_id": "",
  "target_fingerprint": "",
  "route_packet_hash": "",
  "attempt_id": "ONLINE-OPTIMAL-PUBLIC11-BODY01",
  "worker_id": "",
  "progress_class": "compiled-leaf",
  "reviewer_validated": false,
  "obligations_before": 11,
  "obligations_after": 0,
  "new_declarations": [],
  "reused_declarations": [],
  "dag_nodes": 0,
  "dag_depth": 0,
  "elapsed_seconds": 0.0,
  "lean_check_seconds": 0.0,
  "prompt_chars": 0,
  "input_tokens": 0,
  "output_tokens": 0,
  "error_signature": ""
}
