SITE CHECK PASSED
- HTML pages: 941
- modules: 837
- declarations: 10764
- highlights: 286
- milestones: 97
- textbook crosswalks: 39
- source theorem restatements: 73
- BanditRLwiki settings/cases/papers: 7/13/19
- BanditRLwiki theorem surfaces: 27
- BanditRLwiki literature-open/formalization-open cases: 0/13
- BanditRLwiki named formalization leaves: 36
- BanditRLwiki active source-frozen ports: 2
- Live Formalization mappings: 286
- Mermaid blocks: 19
- Lean source links: 11937
- internal links and anchors: valid
- README relative links: valid
- MathJax loader and readable mathematical fallbacks: valid
- GitHub Pages workflow: complete
