{
  "schema_version": 1,
  "entry_id": "entry-25b41f2230730a74",
  "session_id": "ONLINE-IID-SUCCESS-20261008",
  "sequence": 5,
  "parent_id": "entry-68dcaa39b4775212",
  "event_type": "accepted",
  "created_at": "2026-10-08T10:32:53+00:00",
  "payload": {
    "run_id": "online-iid-success-20261008",
    "contract_version": 1,
    "accepted_decision": "E:/ABRL/worktrees/research-online-book/runs/online-iid-success-20261008/accepted-decision-v1.json",
    "scope_only": "Four frozen C1 terminals only: generic centered-total success iff, actual private-seed strict-history IID policy criterion, actual unknown-law meanPredict expected-fixed 4log upper without independence and ordinary normalized zero/little-o under IID.",
    "source_package_accepted": true,
    "chapter_complete": false,
    "goal_complete": false,
    "merged": false,
    "live": false,
    "new_public_proofs": 4,
    "new_public_definitions": 0,
    "bounded_terminals_closed": 4,
    "whole_source_items_closed": 0
  }
}
