{
  "id": "mem-2bd03fdc0147efb8",
  "created_at": "2026-10-08T10:32:54+00:00",
  "type": "source_fact",
  "task": "ONLINE-IID-SUCCESS-20261008",
  "provenance": {
    "kind": "local_first_retrieval",
    "reference": "E:\\ABRL\\worktrees\\research-online-book\\runs\\online-iid-success-20261008\\canary-focused-build-v1-exit.json"
  },
  "assumptions": [],
  "declaration": "",
  "file": "",
  "status": "verified",
  "verifier_evidence": [
    "Tests\\OnlineGuessingIIDSuccessCanary.lean"
  ],
  "supersession": {
    "supersedes": [],
    "reason": ""
  },
  "roles": [],
  "details": {
    "query": "Actual unknown-law meanPredict ordinary IID stochastic success",
    "search_order": [
      "local declarations",
      "ABRL theorem cards",
      "Mathlib cards"
    ],
    "candidates": [
      "BanditRL.OnlineLearning.centered_total_sublinear_iff_average",
      "BanditRL.OnlineLearning.meanPredict_iid_success"
    ],
    "rejections": [],
    "compiled_scratch": "Tests\\OnlineGuessingIIDSuccessCanary.lean"
  }
}
