{
  "time": "2026-10-08T10:32:53+00:00",
  "task": "ONLINE-IID-SUCCESS-20261008",
  "role": "reviewer",
  "kind": "review",
  "status": "accepted",
  "notes": "ONLINE-IID-SUCCESS-20261008 Four frozen C1 terminals only: generic centered-total success iff, actual private-seed strict-history IID policy criterion, actual unknown-law meanPredict expected-fixed 4log upper without independence and ordinary normalized zero/little-o under IID. Only this bounded explicit private-tape model is covered by the policy result. Universal stochastic-kernel, completed-information and AE-factorization source coverage remains required. Five old main-relative module audits remain required; the remote push contributor check still fails on those contracts. Original sixteen Chapter1 source objects and unknown(null) proof-leaf total are retained. Chapter1/2 remain open, Chapters3–16 are unenumerated, necessary appendices are required and the total Goal is ACTIVE. This work is stacked on OPEN draft unmerged PR195 exact372c9a6c138c50d7a5e08e91351238f231565219. Canonical main6847 is unchanged; no merge, deployment or live update. No high-probability, almost-sure, minimax or full strategy-class guarantee is asserted. Actual 45 named kernel checks/14 direct VALUE pairs/14 nondegenerate canary proofs; actual root9099/Tests9257/fullharness472skip7/stacked contributor5paths1contract. Clean applicable local site1cffe4be,10931 old nodes preserved+4 new,ten original current panels ROOT and distinct FINAL inspected. Distinct staged automated reviews; no human/external/absolute blind/runtime attestation. Frozen bounded progress4->0 only. Raw failures/eleven byte-bound log or historical snapshot diff exceptions retained, zero executable/production/Test/reader/contract exception. Native acceptance/draft delivery separately recorded, whole Goal remains active.",
  "lean": "",
  "source": "",
  "run_id": "online-iid-success-20261008",
  "changed_files": [],
  "statement_hash": "5ecb5bab6e32438a9b116822bfcfc397a27118432bdb8b2374e16251782aab13",
  "parent_id": "",
  "route_fingerprint": "",
  "verifier_evidence": [
    "E:\\ABRL\\worktrees\\research-online-book\\runs\\online-iid-success-20261008\\final-reader-receipt-v1.json"
  ],
  "harness": "hierarchical",
  "experiment_id": "",
  "target_fingerprint": "",
  "route_packet_hash": "",
  "attempt_id": "IID-SUCCESS-V1",
  "worker_id": "",
  "progress_class": "terminal",
  "reviewer_validated": true,
  "obligations_before": 4,
  "obligations_after": 0,
  "new_declarations": [
    "BanditRL.OnlineLearning.meanPredict_iid_success"
  ],
  "reused_declarations": [],
  "dag_nodes": 0,
  "dag_depth": 0,
  "elapsed_seconds": 0.0,
  "lean_check_seconds": 0.0,
  "prompt_chars": 0,
  "input_tokens": 0,
  "output_tokens": 0,
  "error_signature": ""
}
