E:\ABRL\worktrees\research-online-book\runs\online-iid-success-20261008\actual-public-canary-types-kernel-v1.lean:14:5: warning: unused variable `hY`

Note: This linter can be disabled with `set_option linter.unusedVariables false`
E:\ABRL\worktrees\research-online-book\runs\online-iid-success-20261008\actual-public-canary-types-kernel-v1.lean:15:5: warning: unused variable `hlaw`

Note: This linter can be disabled with `set_option linter.unusedVariables false`
E:\ABRL\worktrees\research-online-book\runs\online-iid-success-20261008\actual-public-canary-types-kernel-v1.lean:16:5: warning: unused variable `hb`

Note: This linter can be disabled with `set_option linter.unusedVariables false`
E:\ABRL\worktrees\research-online-book\runs\online-iid-success-20261008\actual-public-canary-types-kernel-v1.lean:17:5: warning: unused variable `hind`

Note: This linter can be disabled with `set_option linter.unusedVariables false`
E:\ABRL\worktrees\research-online-book\runs\online-iid-success-20261008\actual-public-canary-types-kernel-v1.lean:18:20: warning: unused variable `hS`

Note: This linter can be disabled with `set_option linter.unusedVariables false`
E:\ABRL\worktrees\research-online-book\runs\online-iid-success-20261008\actual-public-canary-types-kernel-v1.lean:19:5: warning: unused variable `hseed`

Note: This linter can be disabled with `set_option linter.unusedVariables false`
E:\ABRL\worktrees\research-online-book\runs\online-iid-success-20261008\actual-public-canary-types-kernel-v1.lean:21:5: warning: unused variable `hp`

Note: This linter can be disabled with `set_option linter.unusedVariables false`
E:\ABRL\worktrees\research-online-book\runs\online-iid-success-20261008\actual-public-canary-types-kernel-v1.lean:22:5: warning: unused variable `hpb`

Note: This linter can be disabled with `set_option linter.unusedVariables false`
E:\ABRL\worktrees\research-online-book\runs\online-iid-success-20261008\actual-public-canary-types-kernel-v1.lean:35:5: warning: unused variable `hY`

Note: This linter can be disabled with `set_option linter.unusedVariables false`
E:\ABRL\worktrees\research-online-book\runs\online-iid-success-20261008\actual-public-canary-types-kernel-v1.lean:36:5: warning: unused variable `hlaw`

Note: This linter can be disabled with `set_option linter.unusedVariables false`
E:\ABRL\worktrees\research-online-book\runs\online-iid-success-20261008\actual-public-canary-types-kernel-v1.lean:37:5: warning: unused variable `hb`

Note: This linter can be disabled with `set_option linter.unusedVariables false`
E:\ABRL\worktrees\research-online-book\runs\online-iid-success-20261008\actual-public-canary-types-kernel-v1.lean:37:60: warning: unused variable `hT`

Note: This linter can be disabled with `set_option linter.unusedVariables false`
E:\ABRL\worktrees\research-online-book\runs\online-iid-success-20261008\actual-public-canary-types-kernel-v1.lean:42:5: warning: unused variable `hY`

Note: This linter can be disabled with `set_option linter.unusedVariables false`
E:\ABRL\worktrees\research-online-book\runs\online-iid-success-20261008\actual-public-canary-types-kernel-v1.lean:43:5: warning: unused variable `hlaw`

Note: This linter can be disabled with `set_option linter.unusedVariables false`
E:\ABRL\worktrees\research-online-book\runs\online-iid-success-20261008\actual-public-canary-types-kernel-v1.lean:44:5: warning: unused variable `hb`

Note: This linter can be disabled with `set_option linter.unusedVariables false`
E:\ABRL\worktrees\research-online-book\runs\online-iid-success-20261008\actual-public-canary-types-kernel-v1.lean:44:52: warning: unused variable `hind`

Note: This linter can be disabled with `set_option linter.unusedVariables false`
E:\ABRL\worktrees\research-online-book\runs\online-iid-success-20261008\actual-public-canary-types-kernel-v1.lean:72:5: warning: unused variable `hY`

Note: This linter can be disabled with `set_option linter.unusedVariables false`
E:\ABRL\worktrees\research-online-book\runs\online-iid-success-20261008\actual-public-canary-types-kernel-v1.lean:73:5: warning: unused variable `hlaw`

Note: This linter can be disabled with `set_option linter.unusedVariables false`
E:\ABRL\worktrees\research-online-book\runs\online-iid-success-20261008\actual-public-canary-types-kernel-v1.lean:74:5: warning: unused variable `hb`

Note: This linter can be disabled with `set_option linter.unusedVariables false`
E:\ABRL\worktrees\research-online-book\runs\online-iid-success-20261008\actual-public-canary-types-kernel-v1.lean:75:5: warning: unused variable `hind`

Note: This linter can be disabled with `set_option linter.unusedVariables false`
E:\ABRL\worktrees\research-online-book\runs\online-iid-success-20261008\actual-public-canary-types-kernel-v1.lean:76:20: warning: unused variable `hS`

Note: This linter can be disabled with `set_option linter.unusedVariables false`
E:\ABRL\worktrees\research-online-book\runs\online-iid-success-20261008\actual-public-canary-types-kernel-v1.lean:77:5: warning: unused variable `hseed`

Note: This linter can be disabled with `set_option linter.unusedVariables false`
E:\ABRL\worktrees\research-online-book\runs\online-iid-success-20261008\actual-public-canary-types-kernel-v1.lean:79:5: warning: unused variable `hp`

Note: This linter can be disabled with `set_option linter.unusedVariables false`
E:\ABRL\worktrees\research-online-book\runs\online-iid-success-20261008\actual-public-canary-types-kernel-v1.lean:80:5: warning: unused variable `hpb`

Note: This linter can be disabled with `set_option linter.unusedVariables false`
E:\ABRL\worktrees\research-online-book\runs\online-iid-success-20261008\actual-public-canary-types-kernel-v1.lean:93:5: warning: unused variable `hY`

Note: This linter can be disabled with `set_option linter.unusedVariables false`
E:\ABRL\worktrees\research-online-book\runs\online-iid-success-20261008\actual-public-canary-types-kernel-v1.lean:94:5: warning: unused variable `hlaw`

Note: This linter can be disabled with `set_option linter.unusedVariables false`
E:\ABRL\worktrees\research-online-book\runs\online-iid-success-20261008\actual-public-canary-types-kernel-v1.lean:95:5: warning: unused variable `hb`

Note: This linter can be disabled with `set_option linter.unusedVariables false`
E:\ABRL\worktrees\research-online-book\runs\online-iid-success-20261008\actual-public-canary-types-kernel-v1.lean:95:60: warning: unused variable `hT`

Note: This linter can be disabled with `set_option linter.unusedVariables false`
E:\ABRL\worktrees\research-online-book\runs\online-iid-success-20261008\actual-public-canary-types-kernel-v1.lean:100:5: warning: unused variable `hY`

Note: This linter can be disabled with `set_option linter.unusedVariables false`
E:\ABRL\worktrees\research-online-book\runs\online-iid-success-20261008\actual-public-canary-types-kernel-v1.lean:101:5: warning: unused variable `hlaw`

Note: This linter can be disabled with `set_option linter.unusedVariables false`
E:\ABRL\worktrees\research-online-book\runs\online-iid-success-20261008\actual-public-canary-types-kernel-v1.lean:102:5: warning: unused variable `hb`

Note: This linter can be disabled with `set_option linter.unusedVariables false`
E:\ABRL\worktrees\research-online-book\runs\online-iid-success-20261008\actual-public-canary-types-kernel-v1.lean:102:52: warning: unused variable `hind`

Note: This linter can be disabled with `set_option linter.unusedVariables false`
BanditRL.OnlineLearning.centered_total_sublinear_iff_average (total : ℕ → ℝ) (c : ℝ) :
  ((fun T => total T - ↑T * c) =o[atTop] fun T => ↑T) ↔ Tendsto (fun T => total T / ↑T - c) atTop (nhds 0)
'BanditRL.OnlineLearning.centered_total_sublinear_iff_average' depends on axioms: [propext,
 Classical.choice,
 Quot.sound]
BanditRL.OnlineLearning.randomized_history_policy_success_iff.{u, v} {Ω : Type u} {Seed : Type v} [MeasurableSpace Ω]
  [MeasurableSpace Seed] (μ : Measure Ω) [IsProbabilityMeasure μ] (Y : ℕ → Ω → ℝ) (hY : ∀ (t : ℕ), Measurable (Y t))
  (hlaw : ∀ (t : ℕ), IdentDistrib (Y t) (Y 0) μ μ) (hb : ∀ (t : ℕ), ∀ᵐ (ω : Ω) ∂μ, Y t ω ∈ Set.Icc 0 1)
  (hind : iIndepFun Y μ) (S : Ω → Seed) (hS : Measurable S) (hseed : S ⟂ᵢ[μ] fun ω t => Y t ω)
  (policy : (t : ℕ) → Seed × (↥(Finset.range t) → ℝ) → ℝ) (hp : ∀ (t : ℕ), Measurable (policy t))
  (hpb :
    ∀ (t : ℕ) (s : Seed) (z : ↥(Finset.range t) → ℝ),
      (∀ (i : ↥(Finset.range t)), z i ∈ Set.Icc 0 1) → policy t (s, z) ∈ Set.Icc 0 1) :
  have prediction := fun t ω => policy t (S ω, fun i => Y (↑i) ω);
  (∀ (T : ℕ), 0 ≤ expectedFixedRegret μ Y prediction T) ∧
    (((fun T => expectedFixedRegret μ Y prediction T) =o[atTop] fun T => ↑T) ↔
        Tendsto (fun T => (∫ (ω : Ω), ∑ t ∈ Finset.range T, (prediction t ω - Y t ω) ^ 2 ∂μ) / ↑T - Var[Y 0; μ]) atTop
          (nhds 0)) ∧
      (Tendsto (fun T => (∫ (ω : Ω), ∑ t ∈ Finset.range T, (prediction t ω - Y t ω) ^ 2 ∂μ) / ↑T - Var[Y 0; μ]) atTop
          (nhds 0) ↔
        Tendsto (fun T => (∑ t ∈ Finset.range T, ∫ (ω : Ω), (prediction t ω - ∫ (ω : Ω), Y 0 ω ∂μ) ^ 2 ∂μ) / ↑T) atTop
          (nhds 0))
'BanditRL.OnlineLearning.randomized_history_policy_success_iff' depends on axioms: [propext,
 Classical.choice,
 Quot.sound]
BanditRL.OnlineLearning.meanPredict_expectedFixed_upper.{u} {Ω : Type u} [MeasurableSpace Ω] (μ : Measure Ω)
  [IsProbabilityMeasure μ] (Y : ℕ → Ω → ℝ) (hY : ∀ (t : ℕ), Measurable (Y t))
  (hlaw : ∀ (t : ℕ), IdentDistrib (Y t) (Y 0) μ μ) (hb : ∀ (t : ℕ), ∀ᵐ (ω : Ω) ∂μ, Y t ω ∈ Set.Icc 0 1) (T : ℕ)
  (hT : 0 < T) : expectedFixedRegret μ Y (fun t ω => meanPredict (fun i => Y i ω) t) T ≤ 4 + 4 * Real.log ↑T
'BanditRL.OnlineLearning.meanPredict_expectedFixed_upper' depends on axioms: [propext, Classical.choice, Quot.sound]
BanditRL.OnlineLearning.meanPredict_iid_success.{u} {Ω : Type u} [MeasurableSpace Ω] (μ : Measure Ω)
  [IsProbabilityMeasure μ] (Y : ℕ → Ω → ℝ) (hY : ∀ (t : ℕ), Measurable (Y t))
  (hlaw : ∀ (t : ℕ), IdentDistrib (Y t) (Y 0) μ μ) (hb : ∀ (t : ℕ), ∀ᵐ (ω : Ω) ∂μ, Y t ω ∈ Set.Icc 0 1)
  (hind : iIndepFun Y μ) :
  Tendsto (fun T => expectedFixedRegret μ Y (fun t ω => meanPredict (fun i => Y i ω) t) T / ↑T) atTop (nhds 0) ∧
    (fun T => expectedFixedRegret μ Y (fun t ω => meanPredict (fun i => Y i ω) t) T) =o[atTop] fun T => ↑T
'BanditRL.OnlineLearning.meanPredict_iid_success' depends on axioms: [propext, Classical.choice, Quot.sound]
Tests.OnlineGuessingIIDSuccess.actual_meanPredict_success :
  Tendsto
      (fun T =>
        expectedFixedRegret Tests.OnlineGuessingIIDBenchmark.iidLaw Tests.OnlineGuessingIIDBenchmark.observation
            (fun t ω => meanPredict ω t) T /
          ↑T)
      atTop (nhds 0) ∧
    (fun T =>
        expectedFixedRegret Tests.OnlineGuessingIIDBenchmark.iidLaw Tests.OnlineGuessingIIDBenchmark.observation
          (fun t ω => meanPredict ω t) T) =o[atTop]
      fun T => ↑T
'Tests.OnlineGuessingIIDSuccess.actual_meanPredict_success' depends on axioms: [propext, Classical.choice, Quot.sound]
Tests.OnlineGuessingIIDSuccess.actual_meanPredict_upper (T : ℕ) (hT : 0 < T) :
  expectedFixedRegret Tests.OnlineGuessingIIDBenchmark.iidLaw Tests.OnlineGuessingIIDBenchmark.observation
      (fun t ω => meanPredict ω t) T ≤
    4 + 4 * Real.log ↑T
'Tests.OnlineGuessingIIDSuccess.actual_meanPredict_upper' depends on axioms: [propext, Classical.choice, Quot.sound]
Tests.OnlineGuessingIIDSuccess.actual_meanPredict_two_round_positive :
  expectedFixedRegret Tests.OnlineGuessingIIDBenchmark.iidLaw Tests.OnlineGuessingIIDBenchmark.observation
      (fun t ω => meanPredict ω t) 2 =
    1 / 4
'Tests.OnlineGuessingIIDSuccess.actual_meanPredict_two_round_positive' depends on axioms: [propext,
 Classical.choice,
 Quot.sound]
Tests.OnlineGuessingIIDSuccess.actual_positive_variance :
  Var[Tests.OnlineGuessingIIDBenchmark.observation 0; Tests.OnlineGuessingIIDBenchmark.iidLaw] = 1 / 4
'Tests.OnlineGuessingIIDSuccess.actual_positive_variance' depends on axioms: [propext, Classical.choice, Quot.sound]
Tests.OnlineGuessingIIDSuccess.persistentPolicy (t : ℕ) (q : ℝ × (↥(Finset.range t) → ℝ)) : ℝ
'Tests.OnlineGuessingIIDSuccess.persistentPolicy' depends on axioms: [propext, Classical.choice, Quot.sound]
Tests.OnlineGuessingIIDSuccess.persistentPolicy_measurable (t : ℕ) :
  Measurable (Tests.OnlineGuessingIIDSuccess.persistentPolicy t)
'Tests.OnlineGuessingIIDSuccess.persistentPolicy_measurable' depends on axioms: [propext, Classical.choice, Quot.sound]
Tests.OnlineGuessingIIDSuccess.persistentPolicy_legal (t : ℕ) (s : ℝ) (z : ↥(Finset.range t) → ℝ) :
  (∀ (i : ↥(Finset.range t)), z i ∈ Set.Icc 0 1) →
    Tests.OnlineGuessingIIDSuccess.persistentPolicy t (s, z) ∈ Set.Icc 0 1
'Tests.OnlineGuessingIIDSuccess.persistentPolicy_legal' depends on axioms: [propext, Classical.choice, Quot.sound]
Tests.OnlineGuessingIIDSuccess.persistentPrediction (t : ℕ) (ω : ℝ × (ℕ → ℝ)) : ℝ
'Tests.OnlineGuessingIIDSuccess.persistentPrediction' depends on axioms: [propext, Classical.choice, Quot.sound]
Tests.OnlineGuessingIIDSuccess.persistent_excess (T : ℕ) :
  expectedFixedRegret Tests.OnlineGuessingRandomizedIID.seededLaw Tests.OnlineGuessingRandomizedIID.target
      Tests.OnlineGuessingIIDSuccess.persistentPrediction T =
    ↑T / 4
'Tests.OnlineGuessingIIDSuccess.persistent_excess' depends on axioms: [propext, Classical.choice, Quot.sound]
Tests.OnlineGuessingIIDSuccess.persistent_normalized_limit :
  Tendsto
    (fun T =>
      expectedFixedRegret Tests.OnlineGuessingRandomizedIID.seededLaw Tests.OnlineGuessingRandomizedIID.target
          Tests.OnlineGuessingIIDSuccess.persistentPrediction T /
        ↑T)
    atTop (nhds (1 / 4))
'Tests.OnlineGuessingIIDSuccess.persistent_normalized_limit' depends on axioms: [propext, Classical.choice, Quot.sound]
Tests.OnlineGuessingIIDSuccess.persistent_not_sublinear :
  ¬(fun T =>
        expectedFixedRegret Tests.OnlineGuessingRandomizedIID.seededLaw Tests.OnlineGuessingRandomizedIID.target
          Tests.OnlineGuessingIIDSuccess.persistentPrediction T) =o[atTop]
      fun T => ↑T
'Tests.OnlineGuessingIIDSuccess.persistent_not_sublinear' depends on axioms: [propext, Classical.choice, Quot.sound]
Tests.OnlineGuessingIIDSuccess.persistent_policy_not_successful :
  ¬Tendsto
      (fun T =>
        (∫ (ω : ℝ × (ℕ → ℝ)),
              ∑ t ∈ Finset.range T,
                (Tests.OnlineGuessingIIDSuccess.persistentPrediction t ω -
                    Tests.OnlineGuessingRandomizedIID.target t ω) ^
                  2 ∂Tests.OnlineGuessingRandomizedIID.seededLaw) /
            ↑T -
          Var[Tests.OnlineGuessingRandomizedIID.target 0; Tests.OnlineGuessingRandomizedIID.seededLaw])
      atTop (nhds 0)
'Tests.OnlineGuessingIIDSuccess.persistent_policy_not_successful' depends on axioms: [propext,
 Classical.choice,
 Quot.sound]
Tests.OnlineGuessingIIDSuccess.zero_horizon_difference :
  (∫ (ω : ℕ → ℝ),
            ∑ t ∈ Finset.range 0,
              (meanPredict ω t - Tests.OnlineGuessingIIDBenchmark.observation t ω) ^
                2 ∂Tests.OnlineGuessingIIDBenchmark.iidLaw) /
          0 -
        Var[Tests.OnlineGuessingIIDBenchmark.observation 0; Tests.OnlineGuessingIIDBenchmark.iidLaw] =
      -1 / 4 ∧
    expectedFixedRegret Tests.OnlineGuessingIIDBenchmark.iidLaw Tests.OnlineGuessingIIDBenchmark.observation
          (fun t ω => meanPredict ω t) 0 /
        0 =
      0
'Tests.OnlineGuessingIIDSuccess.zero_horizon_difference' depends on axioms: [propext, Classical.choice, Quot.sound]
Tests.OnlineGuessingIIDSuccess.nonzero_initial_total_sublinear : (fun T => 5 + 3 * ↑T - ↑T * 3) =o[atTop] fun T => ↑T
'Tests.OnlineGuessingIIDSuccess.nonzero_initial_total_sublinear' depends on axioms: [propext,
 Classical.choice,
 Quot.sound]
Tests.OnlineGuessingIIDSuccess.correlated_meanPredict_upper (T : ℕ) (hT : 0 < T) :
  expectedFixedRegret Tests.OnlineGuessingIIDBenchmark.iidLaw (fun x => Tests.OnlineGuessingIIDBenchmark.observation 0)
      (fun t ω => meanPredict (fun x => Tests.OnlineGuessingIIDBenchmark.observation 0 ω) t) T ≤
    4 + 4 * Real.log ↑T
'Tests.OnlineGuessingIIDSuccess.correlated_meanPredict_upper' depends on axioms: [propext, Classical.choice, Quot.sound]
Tests.OnlineGuessingIIDSuccess.correlated_meanPredict_negative_two :
  expectedFixedRegret Tests.OnlineGuessingIIDBenchmark.iidLaw (fun x => Tests.OnlineGuessingIIDBenchmark.observation 0)
      (fun t ω => meanPredict (fun x => Tests.OnlineGuessingIIDBenchmark.observation 0 ω) t) 2 =
    -1 / 4
'Tests.OnlineGuessingIIDSuccess.correlated_meanPredict_negative_two' depends on axioms: [propext,
 Classical.choice,
 Quot.sound]
BanditRL.OnlineLearning.expectedFixedMinimum.{u_1} {Ω : Type u_1} [MeasurableSpace Ω] (μ : Measure Ω) (Y : ℕ → Ω → ℝ)
  (T : ℕ) : ℝ
'BanditRL.OnlineLearning.expectedFixedMinimum' depends on axioms: [propext, Classical.choice, Quot.sound]
BanditRL.OnlineLearning.expectedFixedRegret.{u_1} {Ω : Type u_1} [MeasurableSpace Ω] (μ : Measure Ω)
  (Y prediction : ℕ → Ω → ℝ) (T : ℕ) : ℝ
'BanditRL.OnlineLearning.expectedFixedRegret' depends on axioms: [propext, Classical.choice, Quot.sound]
BanditRL.OnlineLearning.expectedFixedMinimum_eq_variance.{u_1} {Ω : Type u_1} [MeasurableSpace Ω] (μ : Measure Ω)
  [IsProbabilityMeasure μ] (Y : ℕ → Ω → ℝ) (hY : ∀ (t : ℕ), Measurable (Y t))
  (hlaw : ∀ (t : ℕ), IdentDistrib (Y t) (Y 0) μ μ) (hb : ∀ (t : ℕ), ∀ᵐ (ω : Ω) ∂μ, Y t ω ∈ Set.Icc 0 1) (T : ℕ) :
  expectedFixedMinimum μ Y T = ↑T * Var[Y 0; μ]
'BanditRL.OnlineLearning.expectedFixedMinimum_eq_variance' depends on axioms: [propext, Classical.choice, Quot.sound]
BanditRL.OnlineLearning.expected_fixed_prefix_decomposition.{u_1} {Ω : Type u_1} [MeasurableSpace Ω] (μ : Measure Ω)
  [IsProbabilityMeasure μ] (Y : ℕ → Ω → ℝ) (hY : ∀ (t : ℕ), Measurable (Y t))
  (hlaw : ∀ (t : ℕ), IdentDistrib (Y t) (Y 0) μ μ) (hb : ∀ (t : ℕ), ∀ᵐ (ω : Ω) ∂μ, Y t ω ∈ Set.Icc 0 1) (T : ℕ)
  (u : ℝ) : ∫ (ω : Ω), ∑ t ∈ Finset.range T, (u - Y t ω) ^ 2 ∂μ = ↑T * Var[Y 0; μ] + ↑T * (u - ∫ (ω : Ω), Y 0 ω ∂μ) ^ 2
'BanditRL.OnlineLearning.expected_fixed_prefix_decomposition' depends on axioms: [propext, Classical.choice, Quot.sound]
BanditRL.OnlineLearning.meanPredict_expectedFixed_excess.{u_1} {Ω : Type u_1} [MeasurableSpace Ω] (μ : Measure Ω)
  [IsProbabilityMeasure μ] (Y : ℕ → Ω → ℝ) (hY : ∀ (t : ℕ), Measurable (Y t))
  (hlaw : ∀ (t : ℕ), IdentDistrib (Y t) (Y 0) μ μ) (hb : ∀ (t : ℕ), ∀ᵐ (ω : Ω) ∂μ, Y t ω ∈ Set.Icc 0 1)
  (hind : iIndepFun Y μ) (T : ℕ) :
  expectedFixedRegret μ Y (fun t ω => meanPredict (fun i => Y i ω) t) T =
      ∑ t ∈ Finset.range T, ∫ (ω : Ω), (meanPredict (fun i => Y i ω) t - ∫ (ω : Ω), Y 0 ω ∂μ) ^ 2 ∂μ ∧
    0 ≤ expectedFixedRegret μ Y (fun t ω => meanPredict (fun i => Y i ω) t) T
'BanditRL.OnlineLearning.meanPredict_expectedFixed_excess' depends on axioms: [propext, Classical.choice, Quot.sound]
BanditRL.OnlineLearning.randomized_history_policy_expectedFixed_excess.{u, v} {Ω : Type u} {Seed : Type v}
  [MeasurableSpace Ω] [MeasurableSpace Seed] (μ : Measure Ω) [IsProbabilityMeasure μ] (Y : ℕ → Ω → ℝ)
  (hY : ∀ (t : ℕ), Measurable (Y t)) (hlaw : ∀ (t : ℕ), IdentDistrib (Y t) (Y 0) μ μ)
  (hb : ∀ (t : ℕ), ∀ᵐ (ω : Ω) ∂μ, Y t ω ∈ Set.Icc 0 1) (hind : iIndepFun Y μ) (S : Ω → Seed) (hS : Measurable S)
  (hseed : S ⟂ᵢ[μ] fun ω t => Y t ω) (policy : (t : ℕ) → Seed × (↥(Finset.range t) → ℝ) → ℝ)
  (hp : ∀ (t : ℕ), Measurable (policy t))
  (hpb :
    ∀ (t : ℕ) (s : Seed) (z : ↥(Finset.range t) → ℝ),
      (∀ (i : ↥(Finset.range t)), z i ∈ Set.Icc 0 1) → policy t (s, z) ∈ Set.Icc 0 1)
  (T : ℕ) :
  expectedFixedRegret μ Y (fun t ω => policy t (S ω, fun i => Y (↑i) ω)) T =
      ∑ t ∈ Finset.range T, ∫ (ω : Ω), (policy t (S ω, fun i => Y (↑i) ω) - ∫ (ω : Ω), Y 0 ω ∂μ) ^ 2 ∂μ ∧
    0 ≤ expectedFixedRegret μ Y (fun t ω => policy t (S ω, fun i => Y (↑i) ω)) T
'BanditRL.OnlineLearning.randomized_history_policy_expectedFixed_excess' depends on axioms: [propext,
 Classical.choice,
 Quot.sound]
BanditRL.OnlineLearning.theorem_1_3 (y : ℕ → ℝ) (T : ℕ) (hT : 0 < T) (hy : ∀ t < T, y t ∈ Set.Icc 0 1) :
  ∑ t ∈ Finset.range T, (meanPredict y t - y t) ^ 2 - ∑ t ∈ Finset.range T, (empiricalMean y T - y t) ^ 2 ≤
    4 + 4 * Real.log ↑T
'BanditRL.OnlineLearning.theorem_1_3' depends on axioms: [propext, Classical.choice, Quot.sound]
BanditRL.OnlineLearning.empiricalMean_minimizes (y : ℕ → ℝ) (n : ℕ) (hn : 0 < n) (u : ℝ) :
  ∑ t ∈ Finset.range n, (empiricalMean y n - y t) ^ 2 ≤ ∑ t ∈ Finset.range n, (u - y t) ^ 2
'BanditRL.OnlineLearning.empiricalMean_minimizes' depends on axioms: [propext, Classical.choice, Quot.sound]
BanditRL.OnlineLearning.meanPredict (y : ℕ → ℝ) (t : ℕ) : ℝ
'BanditRL.OnlineLearning.meanPredict' depends on axioms: [propext, Classical.choice, Quot.sound]
BanditRL.OnlineLearning.empiricalMean (y : ℕ → ℝ) (n : ℕ) : ℝ
'BanditRL.OnlineLearning.empiricalMean' depends on axioms: [propext, Classical.choice, Quot.sound]
Tests.OnlineGuessingIIDBenchmark.coinLaw : Measure ℝ
'Tests.OnlineGuessingIIDBenchmark.coinLaw' depends on axioms: [propext, Classical.choice, Quot.sound]
Tests.OnlineGuessingIIDBenchmark.iidLaw : Measure (ℕ → ℝ)
'Tests.OnlineGuessingIIDBenchmark.iidLaw' depends on axioms: [propext, Classical.choice, Quot.sound]
Tests.OnlineGuessingIIDBenchmark.observation (t : ℕ) (ω : ℕ → ℝ) : ℝ
'Tests.OnlineGuessingIIDBenchmark.observation' depends on axioms: [propext, Classical.choice, Quot.sound]
Tests.OnlineGuessingIIDBenchmark.iidLaw_probability : IsProbabilityMeasure Tests.OnlineGuessingIIDBenchmark.iidLaw
'Tests.OnlineGuessingIIDBenchmark.iidLaw_probability' depends on axioms: [propext, Classical.choice, Quot.sound]
Tests.OnlineGuessingIIDBenchmark.observation_independent :
  iIndepFun Tests.OnlineGuessingIIDBenchmark.observation Tests.OnlineGuessingIIDBenchmark.iidLaw
'Tests.OnlineGuessingIIDBenchmark.observation_independent' depends on axioms: [propext, Classical.choice, Quot.sound]
Tests.OnlineGuessingIIDBenchmark.observation_support (t : ℕ) :
  ∀ᵐ (ω : ℕ → ℝ) ∂Tests.OnlineGuessingIIDBenchmark.iidLaw,
    Tests.OnlineGuessingIIDBenchmark.observation t ω ∈ Set.Icc 0 1
'Tests.OnlineGuessingIIDBenchmark.observation_support' depends on axioms: [propext, Classical.choice, Quot.sound]
Tests.OnlineGuessingIIDBenchmark.observation_sameLaw (t : ℕ) :
  IdentDistrib (Tests.OnlineGuessingIIDBenchmark.observation t) (Tests.OnlineGuessingIIDBenchmark.observation 0)
    Tests.OnlineGuessingIIDBenchmark.iidLaw Tests.OnlineGuessingIIDBenchmark.iidLaw
'Tests.OnlineGuessingIIDBenchmark.observation_sameLaw' depends on axioms: [propext, Classical.choice, Quot.sound]
Tests.OnlineGuessingIIDBenchmark.meanPredict_two_round_excess :
  expectedFixedRegret Tests.OnlineGuessingIIDBenchmark.iidLaw Tests.OnlineGuessingIIDBenchmark.observation
      (fun t ω => meanPredict ω t) 2 =
    1 / 4
'Tests.OnlineGuessingIIDBenchmark.meanPredict_two_round_excess' depends on axioms: [propext,
 Classical.choice,
 Quot.sound]
Tests.OnlineGuessingRandomizedIID.seededLaw : Measure (ℝ × (ℕ → ℝ))
'Tests.OnlineGuessingRandomizedIID.seededLaw' depends on axioms: [propext, Classical.choice, Quot.sound]
Tests.OnlineGuessingRandomizedIID.seed (ω : ℝ × (ℕ → ℝ)) : ℝ
'Tests.OnlineGuessingRandomizedIID.seed' depends on axioms: [propext, Classical.choice, Quot.sound]
Tests.OnlineGuessingRandomizedIID.target (t : ℕ) (ω : ℝ × (ℕ → ℝ)) : ℝ
'Tests.OnlineGuessingRandomizedIID.target' depends on axioms: [propext, Classical.choice, Quot.sound]
Tests.OnlineGuessingRandomizedIID.seedBit (s : ℝ) : ℝ
'Tests.OnlineGuessingRandomizedIID.seedBit' depends on axioms: [propext, Classical.choice, Quot.sound]
Tests.OnlineGuessingRandomizedIID.seededLaw_probability :
  IsProbabilityMeasure Tests.OnlineGuessingRandomizedIID.seededLaw
'Tests.OnlineGuessingRandomizedIID.seededLaw_probability' depends on axioms: [propext, Classical.choice, Quot.sound]
Tests.OnlineGuessingRandomizedIID.seed_independent_whole_process :
  Tests.OnlineGuessingRandomizedIID.seed ⟂ᵢ[Tests.OnlineGuessingRandomizedIID.seededLaw] fun ω t =>
    Tests.OnlineGuessingRandomizedIID.target t ω
'Tests.OnlineGuessingRandomizedIID.seed_independent_whole_process' depends on axioms: [propext,
 Classical.choice,
 Quot.sound]
Tests.OnlineGuessingRandomizedIID.target_independent :
  iIndepFun Tests.OnlineGuessingRandomizedIID.target Tests.OnlineGuessingRandomizedIID.seededLaw
'Tests.OnlineGuessingRandomizedIID.target_independent' depends on axioms: [propext, Classical.choice, Quot.sound]
