{
  "schema_version": 1,
  "mode": "shadow-read-only",
  "analyzed_at": "2026-10-08T10:10:21+00:00",
  "trials_path": "E:\\ABRL\\worktrees\\research-online-book\\runs\\online-iid-success-20261008\\candidate-scoped-trials-v1.jsonl",
  "trial_rows": 11,
  "status_counts": {
    "compiled": 5,
    "failed": 2,
    "running": 4
  },
  "inferred_frontier": {
    "selected_task": "ONLINE-IID-SUCCESS-20261008",
    "selected_leaf": "ONLINE-IID-SUCCESS-20261008",
    "source_status": "compiled",
    "last_accepted_verifier": {
      "trial_index": 10,
      "time": "2026-10-08T10:10:19+00:00",
      "task": "ONLINE-IID-SUCCESS-20261008",
      "role": "lower",
      "kind": "build",
      "status": "compiled",
      "lean": "Tests\\OnlineGuessingIIDSuccessCanary.lean",
      "notes": "Actual14nondegeneratecanaryproofs/2fixtures; trueunknown-lawmeanPredict success withpositivefiniteexcess, persistentprivate-bitT/4nonsuccess, correlatednegativeexcess andzero-horizon/genericnonzeroinitial boundary. Header/kernel/VALUE audits passed; FINAL/site/package pending.",
      "run_id": "online-iid-success-20261008"
    }
  },
  "memory_digest": {
    "path": "E:\\ABRL\\worktrees\\research-online-book\\runs\\online-iid-success-20261008\\memory-digest-candidate-v1.md",
    "task": ""
  },
  "recorded_frontier": {
    "schema_version": 1,
    "record_id": "frontier-91aaf07ab98fef8a",
    "updated_at": "2026-10-08T10:10:20+00:00",
    "root_objective": "Persistent Orabona Chapters1–16; bounded C1 expectedfixed stochastic success andactualmeanPredict",
    "current_leaf": {
      "id": "ONLINE-IID-SUCCESS-20261008",
      "kind": "lean",
      "status": "gate-pending",
      "statement": "theorem meanPredict_iid_success {Ω : Type u} [MeasurableSpace Ω] (μ : Measure Ω) [IsProbabilityMeasure μ] (Y : ℕ → Ω → ℝ) (hY : ∀ t, Measurable (Y t)) (hlaw : ∀ t, IdentDistrib (Y t) (Y 0) μ μ) (hb : ∀ t, ∀ᵐ ω ∂μ, Y t ω ∈ Set.Icc (0 : ℝ) 1) (hind : iIndepFun Y μ) : Tendsto (fun T => expectedFixedRegret μ Y (fun t ω => meanPredict (fun i => Y i ω) t) T / (T : ℝ)) atTop (nhds (0 : ℝ)) ∧ (fun T => expectedFixedRegret μ Y (fun t ω => meanPredict (fun i => Y i ω) t) T) =o[atTop] (fun T : ℕ => (T : ℝ))",
      "statement_hash": "5ecb5bab6e32438a9b116822bfcfc397a27118432bdb8b2374e16251782aab13",
      "declaration": "BanditRL.OnlineLearning.meanPredict_iid_success",
      "file": "BanditRLProof\\OnlineGuessingIIDSuccess.lean",
      "source_status": "source-reviewed",
      "dependencies": [
        {
          "kind": "review",
          "name": "source-body",
          "status": "accepted"
        },
        {
          "kind": "lean",
          "name": "BanditRL.OnlineLearning.meanPredict_expectedFixed_upper",
          "status": "compiled"
        },
        {
          "kind": "lean",
          "name": "BanditRL.OnlineLearning.centered_total_sublinear_iff_average",
          "status": "compiled"
        }
      ]
    },
    "dag": {
      "nodes": [
        {
          "id": "ONLINE-IID-SUCCESS-20261008",
          "kind": "lean",
          "status": "gate-pending",
          "dependencies": [
            {
              "kind": "review",
              "name": "source-body",
              "status": "accepted"
            },
            {
              "kind": "lean",
              "name": "BanditRL.OnlineLearning.meanPredict_expectedFixed_upper",
              "status": "compiled"
            },
            {
              "kind": "lean",
              "name": "BanditRL.OnlineLearning.centered_total_sublinear_iff_average",
              "status": "compiled"
            }
          ],
          "dispatch_count": 0
        }
      ]
    },
    "last_accepted_verifier": {
      "trial_index": 10,
      "time": "2026-10-08T10:10:19+00:00",
      "task": "ONLINE-IID-SUCCESS-20261008",
      "role": "lower",
      "kind": "build",
      "status": "compiled",
      "lean": "Tests\\OnlineGuessingIIDSuccessCanary.lean",
      "notes": "Actual14nondegeneratecanaryproofs/2fixtures; trueunknown-lawmeanPredict success withpositivefiniteexcess, persistentprivate-bitT/4nonsuccess, correlatednegativeexcess andzero-horizon/genericnonzeroinitial boundary. Header/kernel/VALUE audits passed; FINAL/site/package pending.",
      "run_id": "online-iid-success-20261008"
    },
    "memory_policy": {
      "recent_role_relevant_limit": 5,
      "explicit_verified_lemma_ids": [],
      "whole_history_default": false
    },
    "shadow_gate": {
      "status": "pending",
      "analyzed_trial_rows": 11,
      "mismatches": [],
      "replay_transitions": 0
    },
    "mutation_policy": {
      "canonical_path_queue": true,
      "cross_process_lock": true,
      "same_file_serialized": true,
      "disjoint_files_parallel": true
    },
    "autonomous_execution": {
      "enabled": false,
      "requires_deterministic_gates": true,
      "requires_explicit_user_request": true
    }
  },
  "mismatches": [],
  "would_mutate": false
}
