docs\contracts\online-iid-success-v1\neutral-context-v1.lean:25:5: warning: unused variable `hY`

Note: This linter can be disabled with `set_option linter.unusedVariables false`
docs\contracts\online-iid-success-v1\neutral-context-v1.lean:26:5: warning: unused variable `hlaw`

Note: This linter can be disabled with `set_option linter.unusedVariables false`
docs\contracts\online-iid-success-v1\neutral-context-v1.lean:27:5: warning: unused variable `hb`

Note: This linter can be disabled with `set_option linter.unusedVariables false`
docs\contracts\online-iid-success-v1\neutral-context-v1.lean:28:5: warning: unused variable `hind`

Note: This linter can be disabled with `set_option linter.unusedVariables false`
docs\contracts\online-iid-success-v1\neutral-context-v1.lean:29:20: warning: unused variable `hS`

Note: This linter can be disabled with `set_option linter.unusedVariables false`
docs\contracts\online-iid-success-v1\neutral-context-v1.lean:30:5: warning: unused variable `hseed`

Note: This linter can be disabled with `set_option linter.unusedVariables false`
docs\contracts\online-iid-success-v1\neutral-context-v1.lean:32:5: warning: unused variable `hp`

Note: This linter can be disabled with `set_option linter.unusedVariables false`
docs\contracts\online-iid-success-v1\neutral-context-v1.lean:33:5: warning: unused variable `hpb`

Note: This linter can be disabled with `set_option linter.unusedVariables false`
docs\contracts\online-iid-success-v1\neutral-context-v1.lean:46:5: warning: unused variable `hY`

Note: This linter can be disabled with `set_option linter.unusedVariables false`
docs\contracts\online-iid-success-v1\neutral-context-v1.lean:47:5: warning: unused variable `hlaw`

Note: This linter can be disabled with `set_option linter.unusedVariables false`
docs\contracts\online-iid-success-v1\neutral-context-v1.lean:48:5: warning: unused variable `hb`

Note: This linter can be disabled with `set_option linter.unusedVariables false`
docs\contracts\online-iid-success-v1\neutral-context-v1.lean:48:60: warning: unused variable `hT`

Note: This linter can be disabled with `set_option linter.unusedVariables false`
docs\contracts\online-iid-success-v1\neutral-context-v1.lean:53:5: warning: unused variable `hY`

Note: This linter can be disabled with `set_option linter.unusedVariables false`
docs\contracts\online-iid-success-v1\neutral-context-v1.lean:54:5: warning: unused variable `hlaw`

Note: This linter can be disabled with `set_option linter.unusedVariables false`
docs\contracts\online-iid-success-v1\neutral-context-v1.lean:55:5: warning: unused variable `hb`

Note: This linter can be disabled with `set_option linter.unusedVariables false`
docs\contracts\online-iid-success-v1\neutral-context-v1.lean:55:52: warning: unused variable `hind`

Note: This linter can be disabled with `set_option linter.unusedVariables false`
