docs\contracts\online-iid-success-v1\public-context-v1.lean:14:5: warning: unused variable `hY`

Note: This linter can be disabled with `set_option linter.unusedVariables false`
docs\contracts\online-iid-success-v1\public-context-v1.lean:15:5: warning: unused variable `hlaw`

Note: This linter can be disabled with `set_option linter.unusedVariables false`
docs\contracts\online-iid-success-v1\public-context-v1.lean:16:5: warning: unused variable `hb`

Note: This linter can be disabled with `set_option linter.unusedVariables false`
docs\contracts\online-iid-success-v1\public-context-v1.lean:17:5: warning: unused variable `hind`

Note: This linter can be disabled with `set_option linter.unusedVariables false`
docs\contracts\online-iid-success-v1\public-context-v1.lean:18:20: warning: unused variable `hS`

Note: This linter can be disabled with `set_option linter.unusedVariables false`
docs\contracts\online-iid-success-v1\public-context-v1.lean:19:5: warning: unused variable `hseed`

Note: This linter can be disabled with `set_option linter.unusedVariables false`
docs\contracts\online-iid-success-v1\public-context-v1.lean:21:5: warning: unused variable `hp`

Note: This linter can be disabled with `set_option linter.unusedVariables false`
docs\contracts\online-iid-success-v1\public-context-v1.lean:22:5: warning: unused variable `hpb`

Note: This linter can be disabled with `set_option linter.unusedVariables false`
docs\contracts\online-iid-success-v1\public-context-v1.lean:35:5: warning: unused variable `hY`

Note: This linter can be disabled with `set_option linter.unusedVariables false`
docs\contracts\online-iid-success-v1\public-context-v1.lean:36:5: warning: unused variable `hlaw`

Note: This linter can be disabled with `set_option linter.unusedVariables false`
docs\contracts\online-iid-success-v1\public-context-v1.lean:37:5: warning: unused variable `hb`

Note: This linter can be disabled with `set_option linter.unusedVariables false`
docs\contracts\online-iid-success-v1\public-context-v1.lean:37:60: warning: unused variable `hT`

Note: This linter can be disabled with `set_option linter.unusedVariables false`
docs\contracts\online-iid-success-v1\public-context-v1.lean:42:5: warning: unused variable `hY`

Note: This linter can be disabled with `set_option linter.unusedVariables false`
docs\contracts\online-iid-success-v1\public-context-v1.lean:43:5: warning: unused variable `hlaw`

Note: This linter can be disabled with `set_option linter.unusedVariables false`
docs\contracts\online-iid-success-v1\public-context-v1.lean:44:5: warning: unused variable `hb`

Note: This linter can be disabled with `set_option linter.unusedVariables false`
docs\contracts\online-iid-success-v1\public-context-v1.lean:44:52: warning: unused variable `hind`

Note: This linter can be disabled with `set_option linter.unusedVariables false`
