E:\ABRL\worktrees\research-online-book\runs\online-iid-success-20261008\neutral-type-diagnosis-v3.lean:14:5: warning: unused variable `hY`

Note: This linter can be disabled with `set_option linter.unusedVariables false`
E:\ABRL\worktrees\research-online-book\runs\online-iid-success-20261008\neutral-type-diagnosis-v3.lean:15:5: warning: unused variable `hlaw`

Note: This linter can be disabled with `set_option linter.unusedVariables false`
E:\ABRL\worktrees\research-online-book\runs\online-iid-success-20261008\neutral-type-diagnosis-v3.lean:16:5: warning: unused variable `hb`

Note: This linter can be disabled with `set_option linter.unusedVariables false`
E:\ABRL\worktrees\research-online-book\runs\online-iid-success-20261008\neutral-type-diagnosis-v3.lean:17:5: warning: unused variable `hind`

Note: This linter can be disabled with `set_option linter.unusedVariables false`
E:\ABRL\worktrees\research-online-book\runs\online-iid-success-20261008\neutral-type-diagnosis-v3.lean:18:20: warning: unused variable `hS`

Note: This linter can be disabled with `set_option linter.unusedVariables false`
E:\ABRL\worktrees\research-online-book\runs\online-iid-success-20261008\neutral-type-diagnosis-v3.lean:19:5: warning: unused variable `hseed`

Note: This linter can be disabled with `set_option linter.unusedVariables false`
E:\ABRL\worktrees\research-online-book\runs\online-iid-success-20261008\neutral-type-diagnosis-v3.lean:21:5: warning: unused variable `hp`

Note: This linter can be disabled with `set_option linter.unusedVariables false`
E:\ABRL\worktrees\research-online-book\runs\online-iid-success-20261008\neutral-type-diagnosis-v3.lean:22:5: warning: unused variable `hpb`

Note: This linter can be disabled with `set_option linter.unusedVariables false`
E:\ABRL\worktrees\research-online-book\runs\online-iid-success-20261008\neutral-type-diagnosis-v3.lean:35:5: warning: unused variable `hY`

Note: This linter can be disabled with `set_option linter.unusedVariables false`
E:\ABRL\worktrees\research-online-book\runs\online-iid-success-20261008\neutral-type-diagnosis-v3.lean:36:5: warning: unused variable `hlaw`

Note: This linter can be disabled with `set_option linter.unusedVariables false`
E:\ABRL\worktrees\research-online-book\runs\online-iid-success-20261008\neutral-type-diagnosis-v3.lean:37:5: warning: unused variable `hb`

Note: This linter can be disabled with `set_option linter.unusedVariables false`
E:\ABRL\worktrees\research-online-book\runs\online-iid-success-20261008\neutral-type-diagnosis-v3.lean:37:60: warning: unused variable `hT`

Note: This linter can be disabled with `set_option linter.unusedVariables false`
E:\ABRL\worktrees\research-online-book\runs\online-iid-success-20261008\neutral-type-diagnosis-v3.lean:42:5: warning: unused variable `hY`

Note: This linter can be disabled with `set_option linter.unusedVariables false`
E:\ABRL\worktrees\research-online-book\runs\online-iid-success-20261008\neutral-type-diagnosis-v3.lean:43:5: warning: unused variable `hlaw`

Note: This linter can be disabled with `set_option linter.unusedVariables false`
E:\ABRL\worktrees\research-online-book\runs\online-iid-success-20261008\neutral-type-diagnosis-v3.lean:44:5: warning: unused variable `hb`

Note: This linter can be disabled with `set_option linter.unusedVariables false`
E:\ABRL\worktrees\research-online-book\runs\online-iid-success-20261008\neutral-type-diagnosis-v3.lean:44:52: warning: unused variable `hind`

Note: This linter can be disabled with `set_option linter.unusedVariables false`
E:\ABRL\worktrees\research-online-book\runs\online-iid-success-20261008\neutral-type-diagnosis-v3.lean:52:9: error: a universe level named `u` has already been declared
E:\ABRL\worktrees\research-online-book\runs\online-iid-success-20261008\neutral-type-diagnosis-v3.lean:74:5: warning: unused variable `hY`

Note: This linter can be disabled with `set_option linter.unusedVariables false`
E:\ABRL\worktrees\research-online-book\runs\online-iid-success-20261008\neutral-type-diagnosis-v3.lean:75:5: warning: unused variable `hlaw`

Note: This linter can be disabled with `set_option linter.unusedVariables false`
E:\ABRL\worktrees\research-online-book\runs\online-iid-success-20261008\neutral-type-diagnosis-v3.lean:76:5: warning: unused variable `hb`

Note: This linter can be disabled with `set_option linter.unusedVariables false`
E:\ABRL\worktrees\research-online-book\runs\online-iid-success-20261008\neutral-type-diagnosis-v3.lean:77:5: warning: unused variable `hind`

Note: This linter can be disabled with `set_option linter.unusedVariables false`
E:\ABRL\worktrees\research-online-book\runs\online-iid-success-20261008\neutral-type-diagnosis-v3.lean:78:20: warning: unused variable `hS`

Note: This linter can be disabled with `set_option linter.unusedVariables false`
E:\ABRL\worktrees\research-online-book\runs\online-iid-success-20261008\neutral-type-diagnosis-v3.lean:79:5: warning: unused variable `hseed`

Note: This linter can be disabled with `set_option linter.unusedVariables false`
E:\ABRL\worktrees\research-online-book\runs\online-iid-success-20261008\neutral-type-diagnosis-v3.lean:81:5: warning: unused variable `hp`

Note: This linter can be disabled with `set_option linter.unusedVariables false`
E:\ABRL\worktrees\research-online-book\runs\online-iid-success-20261008\neutral-type-diagnosis-v3.lean:82:5: warning: unused variable `hpb`

Note: This linter can be disabled with `set_option linter.unusedVariables false`
E:\ABRL\worktrees\research-online-book\runs\online-iid-success-20261008\neutral-type-diagnosis-v3.lean:95:5: warning: unused variable `hY`

Note: This linter can be disabled with `set_option linter.unusedVariables false`
E:\ABRL\worktrees\research-online-book\runs\online-iid-success-20261008\neutral-type-diagnosis-v3.lean:96:5: warning: unused variable `hlaw`

Note: This linter can be disabled with `set_option linter.unusedVariables false`
E:\ABRL\worktrees\research-online-book\runs\online-iid-success-20261008\neutral-type-diagnosis-v3.lean:97:5: warning: unused variable `hb`

Note: This linter can be disabled with `set_option linter.unusedVariables false`
E:\ABRL\worktrees\research-online-book\runs\online-iid-success-20261008\neutral-type-diagnosis-v3.lean:97:60: warning: unused variable `hT`

Note: This linter can be disabled with `set_option linter.unusedVariables false`
E:\ABRL\worktrees\research-online-book\runs\online-iid-success-20261008\neutral-type-diagnosis-v3.lean:102:5: warning: unused variable `hY`

Note: This linter can be disabled with `set_option linter.unusedVariables false`
E:\ABRL\worktrees\research-online-book\runs\online-iid-success-20261008\neutral-type-diagnosis-v3.lean:103:5: warning: unused variable `hlaw`

Note: This linter can be disabled with `set_option linter.unusedVariables false`
E:\ABRL\worktrees\research-online-book\runs\online-iid-success-20261008\neutral-type-diagnosis-v3.lean:104:5: warning: unused variable `hb`

Note: This linter can be disabled with `set_option linter.unusedVariables false`
E:\ABRL\worktrees\research-online-book\runs\online-iid-success-20261008\neutral-type-diagnosis-v3.lean:104:52: warning: unused variable `hind`

Note: This linter can be disabled with `set_option linter.unusedVariables false`
def BanditRL.OnlineLearning.S002.{u, v} : Prop :=
∀ {Ω : Type u} {Seed : Type v} [inst : MeasurableSpace.{u} Ω] [inst_1 : MeasurableSpace.{v} Seed]
  (μ : @MeasureTheory.Measure.{u} Ω inst) [@MeasureTheory.IsProbabilityMeasure.{u} Ω inst μ] (Y : Nat → Ω → Real)
  (hY : ∀ (t : Nat), @Measurable.{u, 0} Ω Real inst Real.measurableSpace (Y t))
  (hlaw :
    ∀ (t : Nat),
      @ProbabilityTheory.IdentDistrib.{u, u, 0} Ω Ω Real inst inst Real.measurableSpace (Y t)
        (Y (@OfNat.ofNat.{0} Nat (nat_lit 0) (instOfNatNat (nat_lit 0)))) μ μ)
  (hb :
    ∀ (t : Nat),
      @Filter.Eventually.{u} Ω
        (fun (ω : Ω) =>
          @Membership.mem.{0, 0} Real (Set.{0} Real) (@Set.instMembership.{0} Real)
            (@Set.Icc.{0} Real Real.instPreorder
              (@OfNat.ofNat.{0} Real (nat_lit 0) (@Zero.toOfNat0.{0} Real Real.instZero))
              (@OfNat.ofNat.{0} Real (nat_lit 1) (@One.toOfNat1.{0} Real Real.instOne)))
            (Y t ω))
        (@MeasureTheory.ae.{u, u} Ω (@MeasureTheory.Measure.{u} Ω inst) (@MeasureTheory.Measure.instFunLike.{u} Ω inst)
          (@MeasureTheory.Measure.instOuterMeasureClass.{u} Ω inst) μ))
  (hind :
    @ProbabilityTheory.iIndepFun.{u, 0, 0} Ω Nat inst (fun (x : Nat) => Real) (fun (x : Nat) => Real.measurableSpace) Y
      μ)
  (S : Ω → Seed) (hS : @Measurable.{u, v} Ω Seed inst inst_1 S)
  (hseed :
    @ProbabilityTheory.IndepFun.{u, v, 0} Ω Seed ((t : Nat) → Real) inst inst_1
      (@MeasurableSpace.pi.{0, 0} Nat (fun (t : Nat) => Real) fun (a : Nat) => Real.measurableSpace) S
      (fun (ω : Ω) (t : Nat) => Y t ω) μ)
  (policy :
    (t : Nat) →
      Prod.{v, 0} Seed
          ((@Subtype.{1} Nat fun (x : Nat) =>
              @Membership.mem.{0, 0} Nat (Finset.{0} Nat)
                (@SetLike.instMembership.{0, 0} (Finset.{0} Nat) Nat (@Finset.instSetLike.{0} Nat)) (Finset.range t)
                x) →
            Real) →
        Real)
  (hp :
    ∀ (t : Nat),
      @Measurable.{v, 0}
        (Prod.{v, 0} Seed
          ((@Subtype.{1} Nat fun (x : Nat) =>
              @Membership.mem.{0, 0} Nat (Finset.{0} Nat)
                (@SetLike.instMembership.{0, 0} (Finset.{0} Nat) Nat (@Finset.instSetLike.{0} Nat)) (Finset.range t)
                x) →
            Real))
        Real
        (@Prod.instMeasurableSpace.{v, 0} Seed
          ((@Subtype.{1} Nat fun (x : Nat) =>
              @Membership.mem.{0, 0} Nat (Finset.{0} Nat)
                (@SetLike.instMembership.{0, 0} (Finset.{0} Nat) Nat (@Finset.instSetLike.{0} Nat)) (Finset.range t)
                x) →
            Real)
          inst_1
          (@MeasurableSpace.pi.{0, 0}
            (@Subtype.{1} Nat fun (x : Nat) =>
              @Membership.mem.{0, 0} Nat (Finset.{0} Nat)
                (@SetLike.instMembership.{0, 0} (Finset.{0} Nat) Nat (@Finset.instSetLike.{0} Nat)) (Finset.range t) x)
            (fun
                (a :
                  @Subtype.{1} Nat fun (x : Nat) =>
                    @Membership.mem.{0, 0} Nat (Finset.{0} Nat)
                      (@SetLike.instMembership.{0, 0} (Finset.{0} Nat) Nat (@Finset.instSetLike.{0} Nat))
                      (Finset.range t) x) =>
              Real)
            fun
              (a :
                @Subtype.{1} Nat fun (x : Nat) =>
                  @Membership.mem.{0, 0} Nat (Finset.{0} Nat)
                    (@SetLike.instMembership.{0, 0} (Finset.{0} Nat) Nat (@Finset.instSetLike.{0} Nat)) (Finset.range t)
                    x) =>
            Real.measurableSpace))
        Real.measurableSpace (policy t))
  (hpb :
    ∀ (t : Nat) (s : Seed)
      (z :
        (@Subtype.{1} Nat fun (x : Nat) =>
            @Membership.mem.{0, 0} Nat (Finset.{0} Nat)
              (@SetLike.instMembership.{0, 0} (Finset.{0} Nat) Nat (@Finset.instSetLike.{0} Nat)) (Finset.range t) x) →
          Real),
      (∀
          (i :
            @Subtype.{1} Nat fun (x : Nat) =>
              @Membership.mem.{0, 0} Nat (Finset.{0} Nat)
                (@SetLike.instMembership.{0, 0} (Finset.{0} Nat) Nat (@Finset.instSetLike.{0} Nat)) (Finset.range t) x),
          @Membership.mem.{0, 0} Real (Set.{0} Real) (@Set.instMembership.{0} Real)
            (@Set.Icc.{0} Real Real.instPreorder
              (@OfNat.ofNat.{0} Real (nat_lit 0) (@Zero.toOfNat0.{0} Real Real.instZero))
              (@OfNat.ofNat.{0} Real (nat_lit 1) (@One.toOfNat1.{0} Real Real.instOne)))
            (z i)) →
        @Membership.mem.{0, 0} Real (Set.{0} Real) (@Set.instMembership.{0} Real)
          (@Set.Icc.{0} Real Real.instPreorder
            (@OfNat.ofNat.{0} Real (nat_lit 0) (@Zero.toOfNat0.{0} Real Real.instZero))
            (@OfNat.ofNat.{0} Real (nat_lit 1) (@One.toOfNat1.{0} Real Real.instOne)))
          (policy t
            (@Prod.mk.{v, 0} Seed
              ((@Subtype.{1} Nat fun (x : Nat) =>
                  @Membership.mem.{0, 0} Nat (Finset.{0} Nat)
                    (@SetLike.instMembership.{0, 0} (Finset.{0} Nat) Nat (@Finset.instSetLike.{0} Nat)) (Finset.range t)
                    x) →
                Real)
              s z))),
  have prediction : (t : Nat) → (ω : Ω) → Real := fun (t : Nat) (ω : Ω) =>
    policy t
      (@Prod.mk.{v, 0} Seed
        ((@Subtype.{1} Nat fun (x : Nat) =>
            @Membership.mem.{0, 0} Nat (Finset.{0} Nat)
              (@SetLike.instMembership.{0, 0} (Finset.{0} Nat) Nat (@Finset.instSetLike.{0} Nat)) (Finset.range t) x) →
          Real)
        (S ω)
        fun
          (i :
            @Subtype.{1} Nat fun (x : Nat) =>
              @Membership.mem.{0, 0} Nat (Finset.{0} Nat)
                (@SetLike.instMembership.{0, 0} (Finset.{0} Nat) Nat (@Finset.instSetLike.{0} Nat)) (Finset.range t)
                x) =>
        Y
          (@Subtype.val.{1} Nat
            (fun (x : Nat) =>
              @Membership.mem.{0, 0} Nat (Finset.{0} Nat)
                (@SetLike.instMembership.{0, 0} (Finset.{0} Nat) Nat (@Finset.instSetLike.{0} Nat)) (Finset.range t) x)
            i)
          ω);
  And
    (∀ (T : Nat),
      @LE.le.{0} Real Real.instLE (@OfNat.ofNat.{0} Real (nat_lit 0) (@Zero.toOfNat0.{0} Real Real.instZero))
        (@BanditRL.OnlineLearning.expectedFixedRegret.{u} Ω inst μ Y prediction T))
    (And
      (Iff
        (@Asymptotics.IsLittleO.{0, 0, 0} Nat Real Real Real.norm Real.norm (@Filter.atTop.{0} Nat Nat.instPreorder)
          (fun (T : Nat) => @BanditRL.OnlineLearning.expectedFixedRegret.{u} Ω inst μ Y prediction T) fun (T : Nat) =>
          @Nat.cast.{0} Real Real.instNatCast T)
        (@Filter.Tendsto.{0, 0} Nat Real
          (fun (T : Nat) =>
            @HSub.hSub.{0, 0, 0} Real Real Real (@instHSub.{0} Real Real.instSub)
              (@HDiv.hDiv.{0, 0, 0} Real Real Real
                (@instHDiv.{0} Real (@DivInvMonoid.toDiv.{0} Real Real.instDivInvMonoid))
                (@MeasureTheory.integral.{u, 0} Ω Real Real.normedAddCommGroup
                  (@InnerProductSpace.toNormedSpace.{0, 0} Real Real Real.instRCLike
                    (@NormedAddCommGroup.toSeminormedAddCommGroup.{0} Real Real.normedAddCommGroup)
                    (@RCLike.toInnerProductSpaceReal.{0} Real Real.instRCLike))
                  inst μ fun (ω : Ω) =>
                  @Finset.sum.{0, 0} Nat Real Real.instAddCommMonoid (Finset.range T) fun (t : Nat) =>
                    @HPow.hPow.{0, 0, 0} Real Nat Real
                      (@instHPow.{0, 0} Real Nat (@Monoid.toPow.{0} Real Real.instMonoid))
                      (@HSub.hSub.{0, 0, 0} Real Real Real (@instHSub.{0} Real Real.instSub) (prediction t ω) (Y t ω))
                      (@OfNat.ofNat.{0} Nat (nat_lit 2) (instOfNatNat (nat_lit 2))))
                (@Nat.cast.{0} Real Real.instNatCast T))
              (@ProbabilityTheory.variance.{u} Ω inst (Y (@OfNat.ofNat.{0} Nat (nat_lit 0) (instOfNatNat (nat_lit 0))))
                μ))
          (@Filter.atTop.{0} Nat Nat.instPreorder)
          (@nhds.{0} Real
            (@UniformSpace.toTopologicalSpace.{0} Real
              (@PseudoMetricSpace.toUniformSpace.{0} Real Real.pseudoMetricSpace))
            (@OfNat.ofNat.{0} Real (nat_lit 0) (@Zero.toOfNat0.{0} Real Real.instZero)))))
      (Iff
        (@Filter.Tendsto.{0, 0} Nat Real
          (fun (T : Nat) =>
            @HSub.hSub.{0, 0, 0} Real Real Real (@instHSub.{0} Real Real.instSub)
              (@HDiv.hDiv.{0, 0, 0} Real Real Real
                (@instHDiv.{0} Real (@DivInvMonoid.toDiv.{0} Real Real.instDivInvMonoid))
                (@MeasureTheory.integral.{u, 0} Ω Real Real.normedAddCommGroup
                  (@InnerProductSpace.toNormedSpace.{0, 0} Real Real Real.instRCLike
                    (@NormedAddCommGroup.toSeminormedAddCommGroup.{0} Real Real.normedAddCommGroup)
                    (@RCLike.toInnerProductSpaceReal.{0} Real Real.instRCLike))
                  inst μ fun (ω : Ω) =>
                  @Finset.sum.{0, 0} Nat Real Real.instAddCommMonoid (Finset.range T) fun (t : Nat) =>
                    @HPow.hPow.{0, 0, 0} Real Nat Real
                      (@instHPow.{0, 0} Real Nat (@Monoid.toPow.{0} Real Real.instMonoid))
                      (@HSub.hSub.{0, 0, 0} Real Real Real (@instHSub.{0} Real Real.instSub) (prediction t ω) (Y t ω))
                      (@OfNat.ofNat.{0} Nat (nat_lit 2) (instOfNatNat (nat_lit 2))))
                (@Nat.cast.{0} Real Real.instNatCast T))
              (@ProbabilityTheory.variance.{u} Ω inst (Y (@OfNat.ofNat.{0} Nat (nat_lit 0) (instOfNatNat (nat_lit 0))))
                μ))
          (@Filter.atTop.{0} Nat Nat.instPreorder)
          (@nhds.{0} Real
            (@UniformSpace.toTopologicalSpace.{0} Real
              (@PseudoMetricSpace.toUniformSpace.{0} Real Real.pseudoMetricSpace))
            (@OfNat.ofNat.{0} Real (nat_lit 0) (@Zero.toOfNat0.{0} Real Real.instZero))))
        (@Filter.Tendsto.{0, 0} Nat Real
          (fun (T : Nat) =>
            @HDiv.hDiv.{0, 0, 0} Real Real Real
              (@instHDiv.{0} Real (@DivInvMonoid.toDiv.{0} Real Real.instDivInvMonoid))
              (@Finset.sum.{0, 0} Nat Real Real.instAddCommMonoid (Finset.range T) fun (t : Nat) =>
                @MeasureTheory.integral.{u, 0} Ω Real Real.normedAddCommGroup
                  (@InnerProductSpace.toNormedSpace.{0, 0} Real Real Real.instRCLike
                    (@NormedAddCommGroup.toSeminormedAddCommGroup.{0} Real Real.normedAddCommGroup)
                    (@RCLike.toInnerProductSpaceReal.{0} Real Real.instRCLike))
                  inst μ fun (ω : Ω) =>
                  @HPow.hPow.{0, 0, 0} Real Nat Real
                    (@instHPow.{0, 0} Real Nat (@Monoid.toPow.{0} Real Real.instMonoid))
                    (@HSub.hSub.{0, 0, 0} Real Real Real (@instHSub.{0} Real Real.instSub) (prediction t ω)
                      (@MeasureTheory.integral.{u, 0} Ω Real Real.normedAddCommGroup
                        (@InnerProductSpace.toNormedSpace.{0, 0} Real Real Real.instRCLike
                          (@NormedAddCommGroup.toSeminormedAddCommGroup.{0} Real Real.normedAddCommGroup)
                          (@RCLike.toInnerProductSpaceReal.{0} Real Real.instRCLike))
                        inst μ fun (ω : Ω) => Y (@OfNat.ofNat.{0} Nat (nat_lit 0) (instOfNatNat (nat_lit 0))) ω))
                    (@OfNat.ofNat.{0} Nat (nat_lit 2) (instOfNatNat (nat_lit 2))))
              (@Nat.cast.{0} Real Real.instNatCast T))
          (@Filter.atTop.{0} Nat Nat.instPreorder)
          (@nhds.{0} Real
            (@UniformSpace.toTopologicalSpace.{0} Real
              (@PseudoMetricSpace.toUniformSpace.{0} Real Real.pseudoMetricSpace))
            (@OfNat.ofNat.{0} Real (nat_lit 0) (@Zero.toOfNat0.{0} Real Real.instZero))))))
def NeutralLimit.Q002.{u, v} : Prop :=
∀ {Ω : Type u} {Seed : Type v} [inst : MeasurableSpace.{u} Ω] [inst_1 : MeasurableSpace.{v} Seed]
  (μ : @MeasureTheory.Measure.{u} Ω inst) [@MeasureTheory.IsProbabilityMeasure.{u} Ω inst μ] (Y : Nat → Ω → Real)
  (hY : ∀ (t : Nat), @Measurable.{u, 0} Ω Real inst Real.measurableSpace (Y t))
  (hlaw :
    ∀ (t : Nat),
      @ProbabilityTheory.IdentDistrib.{u, u, 0} Ω Ω Real inst inst Real.measurableSpace (Y t)
        (Y (@OfNat.ofNat.{0} Nat (nat_lit 0) (instOfNatNat (nat_lit 0)))) μ μ)
  (hb :
    ∀ (t : Nat),
      @Filter.Eventually.{u} Ω
        (fun (ω : Ω) =>
          @Membership.mem.{0, 0} Real (Set.{0} Real) (@Set.instMembership.{0} Real)
            (@Set.Icc.{0} Real Real.instPreorder
              (@OfNat.ofNat.{0} Real (nat_lit 0) (@Zero.toOfNat0.{0} Real Real.instZero))
              (@OfNat.ofNat.{0} Real (nat_lit 1) (@One.toOfNat1.{0} Real Real.instOne)))
            (Y t ω))
        (@MeasureTheory.ae.{u, u} Ω (@MeasureTheory.Measure.{u} Ω inst) (@MeasureTheory.Measure.instFunLike.{u} Ω inst)
          (@MeasureTheory.Measure.instOuterMeasureClass.{u} Ω inst) μ))
  (hind :
    @ProbabilityTheory.iIndepFun.{u, 0, 0} Ω Nat inst (fun (x : Nat) => Real) (fun (x : Nat) => Real.measurableSpace) Y
      μ)
  (S : Ω → Seed) (hS : @Measurable.{u, v} Ω Seed inst inst_1 S)
  (hseed :
    @ProbabilityTheory.IndepFun.{u, v, 0} Ω Seed ((t : Nat) → Real) inst inst_1
      (@MeasurableSpace.pi.{0, 0} Nat (fun (t : Nat) => Real) fun (a : Nat) => Real.measurableSpace) S
      (fun (ω : Ω) (t : Nat) => Y t ω) μ)
  (policy :
    (t : Nat) →
      Prod.{v, 0} Seed
          ((@Subtype.{1} Nat fun (x : Nat) =>
              @Membership.mem.{0, 0} Nat (Finset.{0} Nat)
                (@SetLike.instMembership.{0, 0} (Finset.{0} Nat) Nat (@Finset.instSetLike.{0} Nat)) (Finset.range t)
                x) →
            Real) →
        Real)
  (hp :
    ∀ (t : Nat),
      @Measurable.{v, 0}
        (Prod.{v, 0} Seed
          ((@Subtype.{1} Nat fun (x : Nat) =>
              @Membership.mem.{0, 0} Nat (Finset.{0} Nat)
                (@SetLike.instMembership.{0, 0} (Finset.{0} Nat) Nat (@Finset.instSetLike.{0} Nat)) (Finset.range t)
                x) →
            Real))
        Real
        (@Prod.instMeasurableSpace.{v, 0} Seed
          ((@Subtype.{1} Nat fun (x : Nat) =>
              @Membership.mem.{0, 0} Nat (Finset.{0} Nat)
                (@SetLike.instMembership.{0, 0} (Finset.{0} Nat) Nat (@Finset.instSetLike.{0} Nat)) (Finset.range t)
                x) →
            Real)
          inst_1
          (@MeasurableSpace.pi.{0, 0}
            (@Subtype.{1} Nat fun (x : Nat) =>
              @Membership.mem.{0, 0} Nat (Finset.{0} Nat)
                (@SetLike.instMembership.{0, 0} (Finset.{0} Nat) Nat (@Finset.instSetLike.{0} Nat)) (Finset.range t) x)
            (fun
                (a :
                  @Subtype.{1} Nat fun (x : Nat) =>
                    @Membership.mem.{0, 0} Nat (Finset.{0} Nat)
                      (@SetLike.instMembership.{0, 0} (Finset.{0} Nat) Nat (@Finset.instSetLike.{0} Nat))
                      (Finset.range t) x) =>
              Real)
            fun
              (a :
                @Subtype.{1} Nat fun (x : Nat) =>
                  @Membership.mem.{0, 0} Nat (Finset.{0} Nat)
                    (@SetLike.instMembership.{0, 0} (Finset.{0} Nat) Nat (@Finset.instSetLike.{0} Nat)) (Finset.range t)
                    x) =>
            Real.measurableSpace))
        Real.measurableSpace (policy t))
  (hpb :
    ∀ (t : Nat) (s : Seed)
      (z :
        (@Subtype.{1} Nat fun (x : Nat) =>
            @Membership.mem.{0, 0} Nat (Finset.{0} Nat)
              (@SetLike.instMembership.{0, 0} (Finset.{0} Nat) Nat (@Finset.instSetLike.{0} Nat)) (Finset.range t) x) →
          Real),
      (∀
          (i :
            @Subtype.{1} Nat fun (x : Nat) =>
              @Membership.mem.{0, 0} Nat (Finset.{0} Nat)
                (@SetLike.instMembership.{0, 0} (Finset.{0} Nat) Nat (@Finset.instSetLike.{0} Nat)) (Finset.range t) x),
          @Membership.mem.{0, 0} Real (Set.{0} Real) (@Set.instMembership.{0} Real)
            (@Set.Icc.{0} Real Real.instPreorder
              (@OfNat.ofNat.{0} Real (nat_lit 0) (@Zero.toOfNat0.{0} Real Real.instZero))
              (@OfNat.ofNat.{0} Real (nat_lit 1) (@One.toOfNat1.{0} Real Real.instOne)))
            (z i)) →
        @Membership.mem.{0, 0} Real (Set.{0} Real) (@Set.instMembership.{0} Real)
          (@Set.Icc.{0} Real Real.instPreorder
            (@OfNat.ofNat.{0} Real (nat_lit 0) (@Zero.toOfNat0.{0} Real Real.instZero))
            (@OfNat.ofNat.{0} Real (nat_lit 1) (@One.toOfNat1.{0} Real Real.instOne)))
          (policy t
            (@Prod.mk.{v, 0} Seed
              ((@Subtype.{1} Nat fun (x : Nat) =>
                  @Membership.mem.{0, 0} Nat (Finset.{0} Nat)
                    (@SetLike.instMembership.{0, 0} (Finset.{0} Nat) Nat (@Finset.instSetLike.{0} Nat)) (Finset.range t)
                    x) →
                Real)
              s z))),
  have prediction : (t : Nat) → (ω : Ω) → Real := fun (t : Nat) (ω : Ω) =>
    policy t
      (@Prod.mk.{v, 0} Seed
        ((@Subtype.{1} Nat fun (x : Nat) =>
            @Membership.mem.{0, 0} Nat (Finset.{0} Nat)
              (@SetLike.instMembership.{0, 0} (Finset.{0} Nat) Nat (@Finset.instSetLike.{0} Nat)) (Finset.range t) x) →
          Real)
        (S ω)
        fun
          (i :
            @Subtype.{1} Nat fun (x : Nat) =>
              @Membership.mem.{0, 0} Nat (Finset.{0} Nat)
                (@SetLike.instMembership.{0, 0} (Finset.{0} Nat) Nat (@Finset.instSetLike.{0} Nat)) (Finset.range t)
                x) =>
        Y
          (@Subtype.val.{1} Nat
            (fun (x : Nat) =>
              @Membership.mem.{0, 0} Nat (Finset.{0} Nat)
                (@SetLike.instMembership.{0, 0} (Finset.{0} Nat) Nat (@Finset.instSetLike.{0} Nat)) (Finset.range t) x)
            i)
          ω);
  And
    (∀ (T : Nat),
      @LE.le.{0} Real Real.instLE (@OfNat.ofNat.{0} Real (nat_lit 0) (@Zero.toOfNat0.{0} Real Real.instZero))
        (@NeutralLimit.C1.{u} Ω inst μ Y prediction T))
    (And
      (Iff
        (@Asymptotics.IsLittleO.{0, 0, 0} Nat Real Real Real.norm Real.norm (@Filter.atTop.{0} Nat Nat.instPreorder)
          (fun (T : Nat) => @NeutralLimit.C1.{u} Ω inst μ Y prediction T) fun (T : Nat) =>
          @Nat.cast.{0} Real Real.instNatCast T)
        (@Filter.Tendsto.{0, 0} Nat Real
          (fun (T : Nat) =>
            @HSub.hSub.{0, 0, 0} Real Real Real (@instHSub.{0} Real Real.instSub)
              (@HDiv.hDiv.{0, 0, 0} Real Real Real
                (@instHDiv.{0} Real (@DivInvMonoid.toDiv.{0} Real Real.instDivInvMonoid))
                (@MeasureTheory.integral.{u, 0} Ω Real Real.normedAddCommGroup
                  (@InnerProductSpace.toNormedSpace.{0, 0} Real Real Real.instRCLike
                    (@NormedAddCommGroup.toSeminormedAddCommGroup.{0} Real Real.normedAddCommGroup)
                    (@RCLike.toInnerProductSpaceReal.{0} Real Real.instRCLike))
                  inst μ fun (ω : Ω) =>
                  @Finset.sum.{0, 0} Nat Real Real.instAddCommMonoid (Finset.range T) fun (t : Nat) =>
                    @HPow.hPow.{0, 0, 0} Real Nat Real
                      (@instHPow.{0, 0} Real Nat (@Monoid.toPow.{0} Real Real.instMonoid))
                      (@HSub.hSub.{0, 0, 0} Real Real Real (@instHSub.{0} Real Real.instSub) (prediction t ω) (Y t ω))
                      (@OfNat.ofNat.{0} Nat (nat_lit 2) (instOfNatNat (nat_lit 2))))
                (@Nat.cast.{0} Real Real.instNatCast T))
              (@ProbabilityTheory.variance.{u} Ω inst (Y (@OfNat.ofNat.{0} Nat (nat_lit 0) (instOfNatNat (nat_lit 0))))
                μ))
          (@Filter.atTop.{0} Nat Nat.instPreorder)
          (@nhds.{0} Real
            (@UniformSpace.toTopologicalSpace.{0} Real
              (@PseudoMetricSpace.toUniformSpace.{0} Real Real.pseudoMetricSpace))
            (@OfNat.ofNat.{0} Real (nat_lit 0) (@Zero.toOfNat0.{0} Real Real.instZero)))))
      (Iff
        (@Filter.Tendsto.{0, 0} Nat Real
          (fun (T : Nat) =>
            @HSub.hSub.{0, 0, 0} Real Real Real (@instHSub.{0} Real Real.instSub)
              (@HDiv.hDiv.{0, 0, 0} Real Real Real
                (@instHDiv.{0} Real (@DivInvMonoid.toDiv.{0} Real Real.instDivInvMonoid))
                (@MeasureTheory.integral.{u, 0} Ω Real Real.normedAddCommGroup
                  (@InnerProductSpace.toNormedSpace.{0, 0} Real Real Real.instRCLike
                    (@NormedAddCommGroup.toSeminormedAddCommGroup.{0} Real Real.normedAddCommGroup)
                    (@RCLike.toInnerProductSpaceReal.{0} Real Real.instRCLike))
                  inst μ fun (ω : Ω) =>
                  @Finset.sum.{0, 0} Nat Real Real.instAddCommMonoid (Finset.range T) fun (t : Nat) =>
                    @HPow.hPow.{0, 0, 0} Real Nat Real
                      (@instHPow.{0, 0} Real Nat (@Monoid.toPow.{0} Real Real.instMonoid))
                      (@HSub.hSub.{0, 0, 0} Real Real Real (@instHSub.{0} Real Real.instSub) (prediction t ω) (Y t ω))
                      (@OfNat.ofNat.{0} Nat (nat_lit 2) (instOfNatNat (nat_lit 2))))
                (@Nat.cast.{0} Real Real.instNatCast T))
              (@ProbabilityTheory.variance.{u} Ω inst (Y (@OfNat.ofNat.{0} Nat (nat_lit 0) (instOfNatNat (nat_lit 0))))
                μ))
          (@Filter.atTop.{0} Nat Nat.instPreorder)
          (@nhds.{0} Real
            (@UniformSpace.toTopologicalSpace.{0} Real
              (@PseudoMetricSpace.toUniformSpace.{0} Real Real.pseudoMetricSpace))
            (@OfNat.ofNat.{0} Real (nat_lit 0) (@Zero.toOfNat0.{0} Real Real.instZero))))
        (@Filter.Tendsto.{0, 0} Nat Real
          (fun (T : Nat) =>
            @HDiv.hDiv.{0, 0, 0} Real Real Real
              (@instHDiv.{0} Real (@DivInvMonoid.toDiv.{0} Real Real.instDivInvMonoid))
              (@Finset.sum.{0, 0} Nat Real Real.instAddCommMonoid (Finset.range T) fun (t : Nat) =>
                @MeasureTheory.integral.{u, 0} Ω Real Real.normedAddCommGroup
                  (@InnerProductSpace.toNormedSpace.{0, 0} Real Real Real.instRCLike
                    (@NormedAddCommGroup.toSeminormedAddCommGroup.{0} Real Real.normedAddCommGroup)
                    (@RCLike.toInnerProductSpaceReal.{0} Real Real.instRCLike))
                  inst μ fun (ω : Ω) =>
                  @HPow.hPow.{0, 0, 0} Real Nat Real
                    (@instHPow.{0, 0} Real Nat (@Monoid.toPow.{0} Real Real.instMonoid))
                    (@HSub.hSub.{0, 0, 0} Real Real Real (@instHSub.{0} Real Real.instSub) (prediction t ω)
                      (@MeasureTheory.integral.{u, 0} Ω Real Real.normedAddCommGroup
                        (@InnerProductSpace.toNormedSpace.{0, 0} Real Real Real.instRCLike
                          (@NormedAddCommGroup.toSeminormedAddCommGroup.{0} Real Real.normedAddCommGroup)
                          (@RCLike.toInnerProductSpaceReal.{0} Real Real.instRCLike))
                        inst μ fun (ω : Ω) => Y (@OfNat.ofNat.{0} Nat (nat_lit 0) (instOfNatNat (nat_lit 0))) ω))
                    (@OfNat.ofNat.{0} Nat (nat_lit 2) (instOfNatNat (nat_lit 2))))
              (@Nat.cast.{0} Real Real.instNatCast T))
          (@Filter.atTop.{0} Nat Nat.instPreorder)
          (@nhds.{0} Real
            (@UniformSpace.toTopologicalSpace.{0} Real
              (@PseudoMetricSpace.toUniformSpace.{0} Real Real.pseudoMetricSpace))
            (@OfNat.ofNat.{0} Real (nat_lit 0) (@Zero.toOfNat0.{0} Real Real.instZero))))))
def BanditRL.OnlineLearning.S003.{u} : Prop :=
∀ {Ω : Type u} [inst : MeasurableSpace.{u} Ω] (μ : @MeasureTheory.Measure.{u} Ω inst)
  [@MeasureTheory.IsProbabilityMeasure.{u} Ω inst μ] (Y : Nat → Ω → Real)
  (hY : ∀ (t : Nat), @Measurable.{u, 0} Ω Real inst Real.measurableSpace (Y t))
  (hlaw :
    ∀ (t : Nat),
      @ProbabilityTheory.IdentDistrib.{u, u, 0} Ω Ω Real inst inst Real.measurableSpace (Y t)
        (Y (@OfNat.ofNat.{0} Nat (nat_lit 0) (instOfNatNat (nat_lit 0)))) μ μ)
  (hb :
    ∀ (t : Nat),
      @Filter.Eventually.{u} Ω
        (fun (ω : Ω) =>
          @Membership.mem.{0, 0} Real (Set.{0} Real) (@Set.instMembership.{0} Real)
            (@Set.Icc.{0} Real Real.instPreorder
              (@OfNat.ofNat.{0} Real (nat_lit 0) (@Zero.toOfNat0.{0} Real Real.instZero))
              (@OfNat.ofNat.{0} Real (nat_lit 1) (@One.toOfNat1.{0} Real Real.instOne)))
            (Y t ω))
        (@MeasureTheory.ae.{u, u} Ω (@MeasureTheory.Measure.{u} Ω inst) (@MeasureTheory.Measure.instFunLike.{u} Ω inst)
          (@MeasureTheory.Measure.instOuterMeasureClass.{u} Ω inst) μ))
  (T : Nat) (hT : @LT.lt.{0} Nat instLTNat (@OfNat.ofNat.{0} Nat (nat_lit 0) (instOfNatNat (nat_lit 0))) T),
  @LE.le.{0} Real Real.instLE
    (@BanditRL.OnlineLearning.expectedFixedRegret.{u} Ω inst μ Y
      (fun (t : Nat) (ω : Ω) => BanditRL.OnlineLearning.meanPredict (fun (i : Nat) => Y i ω) t) T)
    (@HAdd.hAdd.{0, 0, 0} Real Real Real (@instHAdd.{0} Real Real.instAdd)
      (@OfNat.ofNat.{0} Real (nat_lit 4)
        (@instOfNatAtLeastTwo.{0} Real (nat_lit 4) Real.instNatCast BanditRL.OnlineLearning.S003._proof_1))
      (@HMul.hMul.{0, 0, 0} Real Real Real (@instHMul.{0} Real Real.instMul)
        (@OfNat.ofNat.{0} Real (nat_lit 4)
          (@instOfNatAtLeastTwo.{0} Real (nat_lit 4) Real.instNatCast BanditRL.OnlineLearning.S003._proof_1))
        (Real.log (@Nat.cast.{0} Real Real.instNatCast T))))
def NeutralLimit.Q003.{u} : Prop :=
∀ {Ω : Type u} [inst : MeasurableSpace.{u} Ω] (μ : @MeasureTheory.Measure.{u} Ω inst)
  [@MeasureTheory.IsProbabilityMeasure.{u} Ω inst μ] (Y : Nat → Ω → Real)
  (hY : ∀ (t : Nat), @Measurable.{u, 0} Ω Real inst Real.measurableSpace (Y t))
  (hlaw :
    ∀ (t : Nat),
      @ProbabilityTheory.IdentDistrib.{u, u, 0} Ω Ω Real inst inst Real.measurableSpace (Y t)
        (Y (@OfNat.ofNat.{0} Nat (nat_lit 0) (instOfNatNat (nat_lit 0)))) μ μ)
  (hb :
    ∀ (t : Nat),
      @Filter.Eventually.{u} Ω
        (fun (ω : Ω) =>
          @Membership.mem.{0, 0} Real (Set.{0} Real) (@Set.instMembership.{0} Real)
            (@Set.Icc.{0} Real Real.instPreorder
              (@OfNat.ofNat.{0} Real (nat_lit 0) (@Zero.toOfNat0.{0} Real Real.instZero))
              (@OfNat.ofNat.{0} Real (nat_lit 1) (@One.toOfNat1.{0} Real Real.instOne)))
            (Y t ω))
        (@MeasureTheory.ae.{u, u} Ω (@MeasureTheory.Measure.{u} Ω inst) (@MeasureTheory.Measure.instFunLike.{u} Ω inst)
          (@MeasureTheory.Measure.instOuterMeasureClass.{u} Ω inst) μ))
  (T : Nat) (hT : @LT.lt.{0} Nat instLTNat (@OfNat.ofNat.{0} Nat (nat_lit 0) (instOfNatNat (nat_lit 0))) T),
  @LE.le.{0} Real Real.instLE
    (@NeutralLimit.C1.{u} Ω inst μ Y (fun (t : Nat) (ω : Ω) => NeutralLimit.C2 (fun (i : Nat) => Y i ω) t) T)
    (@HAdd.hAdd.{0, 0, 0} Real Real Real (@instHAdd.{0} Real Real.instAdd)
      (@OfNat.ofNat.{0} Real (nat_lit 4)
        (@instOfNatAtLeastTwo.{0} Real (nat_lit 4) Real.instNatCast BanditRL.OnlineLearning.S003._proof_1))
      (@HMul.hMul.{0, 0, 0} Real Real Real (@instHMul.{0} Real Real.instMul)
        (@OfNat.ofNat.{0} Real (nat_lit 4)
          (@instOfNatAtLeastTwo.{0} Real (nat_lit 4) Real.instNatCast BanditRL.OnlineLearning.S003._proof_1))
        (Real.log (@Nat.cast.{0} Real Real.instNatCast T))))
def NeutralLimit.C0.{u_1} : {Ω : Type u_1} →
  [inst : MeasurableSpace.{u_1} Ω] →
    (μ : @MeasureTheory.Measure.{u_1} Ω inst) → (Y : Nat → Ω → Real) → (T : Nat) → Real :=
fun {Ω : Type u_1} [inst : MeasurableSpace.{u_1} Ω] (μ : @MeasureTheory.Measure.{u_1} Ω inst) (Y : Nat → Ω → Real)
    (T : Nat) =>
  @InfSet.sInf.{0} Real Real.instInfSet
    (@Set.image.{0, 0} Real Real
      (fun (u : Real) =>
        @MeasureTheory.integral.{u_1, 0} Ω Real Real.normedAddCommGroup
          (@InnerProductSpace.toNormedSpace.{0, 0} Real Real Real.instRCLike
            (@NormedAddCommGroup.toSeminormedAddCommGroup.{0} Real Real.normedAddCommGroup)
            (@RCLike.toInnerProductSpaceReal.{0} Real Real.instRCLike))
          inst μ fun (ω : Ω) =>
          @Finset.sum.{0, 0} Nat Real Real.instAddCommMonoid (Finset.range T) fun (t : Nat) =>
            @HPow.hPow.{0, 0, 0} Real Nat Real (@instHPow.{0, 0} Real Nat (@Monoid.toPow.{0} Real Real.instMonoid))
              (@HSub.hSub.{0, 0, 0} Real Real Real (@instHSub.{0} Real Real.instSub) u (Y t ω))
              (@OfNat.ofNat.{0} Nat (nat_lit 2) (instOfNatNat (nat_lit 2))))
      (@Set.Icc.{0} Real Real.instPreorder (@OfNat.ofNat.{0} Real (nat_lit 0) (@Zero.toOfNat0.{0} Real Real.instZero))
        (@OfNat.ofNat.{0} Real (nat_lit 1) (@One.toOfNat1.{0} Real Real.instOne))))
def NeutralLimit.C1.{u_1} : {Ω : Type u_1} →
  [inst : MeasurableSpace.{u_1} Ω] →
    (μ : @MeasureTheory.Measure.{u_1} Ω inst) → (Y prediction : Nat → Ω → Real) → (T : Nat) → Real :=
fun {Ω : Type u_1} [inst : MeasurableSpace.{u_1} Ω] (μ : @MeasureTheory.Measure.{u_1} Ω inst)
    (Y prediction : Nat → Ω → Real) (T : Nat) =>
  @HSub.hSub.{0, 0, 0} Real Real Real (@instHSub.{0} Real Real.instSub)
    (@MeasureTheory.integral.{u_1, 0} Ω Real Real.normedAddCommGroup
      (@InnerProductSpace.toNormedSpace.{0, 0} Real Real Real.instRCLike
        (@NormedAddCommGroup.toSeminormedAddCommGroup.{0} Real Real.normedAddCommGroup)
        (@RCLike.toInnerProductSpaceReal.{0} Real Real.instRCLike))
      inst μ fun (ω : Ω) =>
      @Finset.sum.{0, 0} Nat Real Real.instAddCommMonoid (Finset.range T) fun (t : Nat) =>
        @HPow.hPow.{0, 0, 0} Real Nat Real (@instHPow.{0, 0} Real Nat (@Monoid.toPow.{0} Real Real.instMonoid))
          (@HSub.hSub.{0, 0, 0} Real Real Real (@instHSub.{0} Real Real.instSub) (prediction t ω) (Y t ω))
          (@OfNat.ofNat.{0} Nat (nat_lit 2) (instOfNatNat (nat_lit 2))))
    (@NeutralLimit.C0.{u_1} Ω inst μ Y T)
def NeutralLimit.C2 : (y : Nat → Real) → (t : Nat) → Real :=
fun (y : Nat → Real) (t : Nat) =>
  @ite.{1} Real (@Eq.{1} Nat t (@OfNat.ofNat.{0} Nat (nat_lit 0) (instOfNatNat (nat_lit 0))))
    (instDecidableEqNat t (@OfNat.ofNat.{0} Nat (nat_lit 0) (instOfNatNat (nat_lit 0))))
    (@HDiv.hDiv.{0, 0, 0} Real Real Real (@instHDiv.{0} Real (@DivInvMonoid.toDiv.{0} Real Real.instDivInvMonoid))
      (@OfNat.ofNat.{0} Real (nat_lit 1) (@One.toOfNat1.{0} Real Real.instOne))
      (@OfNat.ofNat.{0} Real (nat_lit 2)
        (@instOfNatAtLeastTwo.{0} Real (nat_lit 2) Real.instNatCast NeutralLimit.C2._proof_1)))
    (@HDiv.hDiv.{0, 0, 0} Real Real Real (@instHDiv.{0} Real (@DivInvMonoid.toDiv.{0} Real Real.instDivInvMonoid))
      (@Finset.sum.{0, 0} Nat Real Real.instAddCommMonoid (Finset.range t) fun (i : Nat) => y i)
      (@Nat.cast.{0} Real Real.instNatCast t))
def BanditRL.OnlineLearning.meanPredict : (y : Nat → Real) → (t : Nat) → Real :=
fun (y : Nat → Real) (t : Nat) =>
  @ite.{1} Real (@Eq.{1} Nat t (@OfNat.ofNat.{0} Nat (nat_lit 0) (instOfNatNat (nat_lit 0))))
    (instDecidableEqNat t (@OfNat.ofNat.{0} Nat (nat_lit 0) (instOfNatNat (nat_lit 0))))
    (@HDiv.hDiv.{0, 0, 0} Real Real Real (@instHDiv.{0} Real (@DivInvMonoid.toDiv.{0} Real Real.instDivInvMonoid))
      (@OfNat.ofNat.{0} Real (nat_lit 1) (@One.toOfNat1.{0} Real Real.instOne))
      (@OfNat.ofNat.{0} Real (nat_lit 2)
        (@instOfNatAtLeastTwo.{0} Real (nat_lit 2) Real.instNatCast BanditRL.OnlineLearning.meanPredict._proof_1)))
    (BanditRL.OnlineLearning.empiricalMean y t)
