E:\ABRL\worktrees\research-online-book\runs\online-iid-success-20261008\neutral-identities-v1.lean:14:5: warning: unused variable `hY`

Note: This linter can be disabled with `set_option linter.unusedVariables false`
E:\ABRL\worktrees\research-online-book\runs\online-iid-success-20261008\neutral-identities-v1.lean:15:5: warning: unused variable `hlaw`

Note: This linter can be disabled with `set_option linter.unusedVariables false`
E:\ABRL\worktrees\research-online-book\runs\online-iid-success-20261008\neutral-identities-v1.lean:16:5: warning: unused variable `hb`

Note: This linter can be disabled with `set_option linter.unusedVariables false`
E:\ABRL\worktrees\research-online-book\runs\online-iid-success-20261008\neutral-identities-v1.lean:17:5: warning: unused variable `hind`

Note: This linter can be disabled with `set_option linter.unusedVariables false`
E:\ABRL\worktrees\research-online-book\runs\online-iid-success-20261008\neutral-identities-v1.lean:18:20: warning: unused variable `hS`

Note: This linter can be disabled with `set_option linter.unusedVariables false`
E:\ABRL\worktrees\research-online-book\runs\online-iid-success-20261008\neutral-identities-v1.lean:19:5: warning: unused variable `hseed`

Note: This linter can be disabled with `set_option linter.unusedVariables false`
E:\ABRL\worktrees\research-online-book\runs\online-iid-success-20261008\neutral-identities-v1.lean:21:5: warning: unused variable `hp`

Note: This linter can be disabled with `set_option linter.unusedVariables false`
E:\ABRL\worktrees\research-online-book\runs\online-iid-success-20261008\neutral-identities-v1.lean:22:5: warning: unused variable `hpb`

Note: This linter can be disabled with `set_option linter.unusedVariables false`
E:\ABRL\worktrees\research-online-book\runs\online-iid-success-20261008\neutral-identities-v1.lean:35:5: warning: unused variable `hY`

Note: This linter can be disabled with `set_option linter.unusedVariables false`
E:\ABRL\worktrees\research-online-book\runs\online-iid-success-20261008\neutral-identities-v1.lean:36:5: warning: unused variable `hlaw`

Note: This linter can be disabled with `set_option linter.unusedVariables false`
E:\ABRL\worktrees\research-online-book\runs\online-iid-success-20261008\neutral-identities-v1.lean:37:5: warning: unused variable `hb`

Note: This linter can be disabled with `set_option linter.unusedVariables false`
E:\ABRL\worktrees\research-online-book\runs\online-iid-success-20261008\neutral-identities-v1.lean:37:60: warning: unused variable `hT`

Note: This linter can be disabled with `set_option linter.unusedVariables false`
E:\ABRL\worktrees\research-online-book\runs\online-iid-success-20261008\neutral-identities-v1.lean:42:5: warning: unused variable `hY`

Note: This linter can be disabled with `set_option linter.unusedVariables false`
E:\ABRL\worktrees\research-online-book\runs\online-iid-success-20261008\neutral-identities-v1.lean:43:5: warning: unused variable `hlaw`

Note: This linter can be disabled with `set_option linter.unusedVariables false`
E:\ABRL\worktrees\research-online-book\runs\online-iid-success-20261008\neutral-identities-v1.lean:44:5: warning: unused variable `hb`

Note: This linter can be disabled with `set_option linter.unusedVariables false`
E:\ABRL\worktrees\research-online-book\runs\online-iid-success-20261008\neutral-identities-v1.lean:44:52: warning: unused variable `hind`

Note: This linter can be disabled with `set_option linter.unusedVariables false`
E:\ABRL\worktrees\research-online-book\runs\online-iid-success-20261008\neutral-identities-v1.lean:52:9: error: a universe level named `u` has already been declared
E:\ABRL\worktrees\research-online-book\runs\online-iid-success-20261008\neutral-identities-v1.lean:74:5: warning: unused variable `hY`

Note: This linter can be disabled with `set_option linter.unusedVariables false`
E:\ABRL\worktrees\research-online-book\runs\online-iid-success-20261008\neutral-identities-v1.lean:75:5: warning: unused variable `hlaw`

Note: This linter can be disabled with `set_option linter.unusedVariables false`
E:\ABRL\worktrees\research-online-book\runs\online-iid-success-20261008\neutral-identities-v1.lean:76:5: warning: unused variable `hb`

Note: This linter can be disabled with `set_option linter.unusedVariables false`
E:\ABRL\worktrees\research-online-book\runs\online-iid-success-20261008\neutral-identities-v1.lean:77:5: warning: unused variable `hind`

Note: This linter can be disabled with `set_option linter.unusedVariables false`
E:\ABRL\worktrees\research-online-book\runs\online-iid-success-20261008\neutral-identities-v1.lean:78:20: warning: unused variable `hS`

Note: This linter can be disabled with `set_option linter.unusedVariables false`
E:\ABRL\worktrees\research-online-book\runs\online-iid-success-20261008\neutral-identities-v1.lean:79:5: warning: unused variable `hseed`

Note: This linter can be disabled with `set_option linter.unusedVariables false`
E:\ABRL\worktrees\research-online-book\runs\online-iid-success-20261008\neutral-identities-v1.lean:81:5: warning: unused variable `hp`

Note: This linter can be disabled with `set_option linter.unusedVariables false`
E:\ABRL\worktrees\research-online-book\runs\online-iid-success-20261008\neutral-identities-v1.lean:82:5: warning: unused variable `hpb`

Note: This linter can be disabled with `set_option linter.unusedVariables false`
E:\ABRL\worktrees\research-online-book\runs\online-iid-success-20261008\neutral-identities-v1.lean:95:5: warning: unused variable `hY`

Note: This linter can be disabled with `set_option linter.unusedVariables false`
E:\ABRL\worktrees\research-online-book\runs\online-iid-success-20261008\neutral-identities-v1.lean:96:5: warning: unused variable `hlaw`

Note: This linter can be disabled with `set_option linter.unusedVariables false`
E:\ABRL\worktrees\research-online-book\runs\online-iid-success-20261008\neutral-identities-v1.lean:97:5: warning: unused variable `hb`

Note: This linter can be disabled with `set_option linter.unusedVariables false`
E:\ABRL\worktrees\research-online-book\runs\online-iid-success-20261008\neutral-identities-v1.lean:97:60: warning: unused variable `hT`

Note: This linter can be disabled with `set_option linter.unusedVariables false`
E:\ABRL\worktrees\research-online-book\runs\online-iid-success-20261008\neutral-identities-v1.lean:102:5: warning: unused variable `hY`

Note: This linter can be disabled with `set_option linter.unusedVariables false`
E:\ABRL\worktrees\research-online-book\runs\online-iid-success-20261008\neutral-identities-v1.lean:103:5: warning: unused variable `hlaw`

Note: This linter can be disabled with `set_option linter.unusedVariables false`
E:\ABRL\worktrees\research-online-book\runs\online-iid-success-20261008\neutral-identities-v1.lean:104:5: warning: unused variable `hb`

Note: This linter can be disabled with `set_option linter.unusedVariables false`
E:\ABRL\worktrees\research-online-book\runs\online-iid-success-20261008\neutral-identities-v1.lean:104:52: warning: unused variable `hind`

Note: This linter can be disabled with `set_option linter.unusedVariables false`
E:\ABRL\worktrees\research-online-book\runs\online-iid-success-20261008\neutral-identities-v1.lean:118:25: error: Type mismatch
  rfl
has type
  ?m.3 = ?m.3
but is expected to have type
  S002 = Q002
E:\ABRL\worktrees\research-online-book\runs\online-iid-success-20261008\neutral-identities-v1.lean:119:25: error: Type mismatch
  rfl
has type
  ?m.3 = ?m.3
but is expected to have type
  S003 = Q003
E:\ABRL\worktrees\research-online-book\runs\online-iid-success-20261008\neutral-identities-v1.lean:120:25: error: Type mismatch
  rfl
has type
  ?m.3 = ?m.3
but is expected to have type
  S004 = Q004
