E:\ABRL\worktrees\research-online-book\runs\online-iid-success-20261008\neutral-identities-v4.lean:14:5: warning: unused variable `hY`

Note: This linter can be disabled with `set_option linter.unusedVariables false`
E:\ABRL\worktrees\research-online-book\runs\online-iid-success-20261008\neutral-identities-v4.lean:15:5: warning: unused variable `hlaw`

Note: This linter can be disabled with `set_option linter.unusedVariables false`
E:\ABRL\worktrees\research-online-book\runs\online-iid-success-20261008\neutral-identities-v4.lean:16:5: warning: unused variable `hb`

Note: This linter can be disabled with `set_option linter.unusedVariables false`
E:\ABRL\worktrees\research-online-book\runs\online-iid-success-20261008\neutral-identities-v4.lean:17:5: warning: unused variable `hind`

Note: This linter can be disabled with `set_option linter.unusedVariables false`
E:\ABRL\worktrees\research-online-book\runs\online-iid-success-20261008\neutral-identities-v4.lean:18:20: warning: unused variable `hS`

Note: This linter can be disabled with `set_option linter.unusedVariables false`
E:\ABRL\worktrees\research-online-book\runs\online-iid-success-20261008\neutral-identities-v4.lean:19:5: warning: unused variable `hseed`

Note: This linter can be disabled with `set_option linter.unusedVariables false`
E:\ABRL\worktrees\research-online-book\runs\online-iid-success-20261008\neutral-identities-v4.lean:21:5: warning: unused variable `hp`

Note: This linter can be disabled with `set_option linter.unusedVariables false`
E:\ABRL\worktrees\research-online-book\runs\online-iid-success-20261008\neutral-identities-v4.lean:22:5: warning: unused variable `hpb`

Note: This linter can be disabled with `set_option linter.unusedVariables false`
E:\ABRL\worktrees\research-online-book\runs\online-iid-success-20261008\neutral-identities-v4.lean:35:5: warning: unused variable `hY`

Note: This linter can be disabled with `set_option linter.unusedVariables false`
E:\ABRL\worktrees\research-online-book\runs\online-iid-success-20261008\neutral-identities-v4.lean:36:5: warning: unused variable `hlaw`

Note: This linter can be disabled with `set_option linter.unusedVariables false`
E:\ABRL\worktrees\research-online-book\runs\online-iid-success-20261008\neutral-identities-v4.lean:37:5: warning: unused variable `hb`

Note: This linter can be disabled with `set_option linter.unusedVariables false`
E:\ABRL\worktrees\research-online-book\runs\online-iid-success-20261008\neutral-identities-v4.lean:37:60: warning: unused variable `hT`

Note: This linter can be disabled with `set_option linter.unusedVariables false`
E:\ABRL\worktrees\research-online-book\runs\online-iid-success-20261008\neutral-identities-v4.lean:42:5: warning: unused variable `hY`

Note: This linter can be disabled with `set_option linter.unusedVariables false`
E:\ABRL\worktrees\research-online-book\runs\online-iid-success-20261008\neutral-identities-v4.lean:43:5: warning: unused variable `hlaw`

Note: This linter can be disabled with `set_option linter.unusedVariables false`
E:\ABRL\worktrees\research-online-book\runs\online-iid-success-20261008\neutral-identities-v4.lean:44:5: warning: unused variable `hb`

Note: This linter can be disabled with `set_option linter.unusedVariables false`
E:\ABRL\worktrees\research-online-book\runs\online-iid-success-20261008\neutral-identities-v4.lean:44:52: warning: unused variable `hind`

Note: This linter can be disabled with `set_option linter.unusedVariables false`
E:\ABRL\worktrees\research-online-book\runs\online-iid-success-20261008\neutral-identities-v4.lean:73:5: warning: unused variable `hY`

Note: This linter can be disabled with `set_option linter.unusedVariables false`
E:\ABRL\worktrees\research-online-book\runs\online-iid-success-20261008\neutral-identities-v4.lean:74:5: warning: unused variable `hlaw`

Note: This linter can be disabled with `set_option linter.unusedVariables false`
E:\ABRL\worktrees\research-online-book\runs\online-iid-success-20261008\neutral-identities-v4.lean:75:5: warning: unused variable `hb`

Note: This linter can be disabled with `set_option linter.unusedVariables false`
E:\ABRL\worktrees\research-online-book\runs\online-iid-success-20261008\neutral-identities-v4.lean:76:5: warning: unused variable `hind`

Note: This linter can be disabled with `set_option linter.unusedVariables false`
E:\ABRL\worktrees\research-online-book\runs\online-iid-success-20261008\neutral-identities-v4.lean:77:20: warning: unused variable `hS`

Note: This linter can be disabled with `set_option linter.unusedVariables false`
E:\ABRL\worktrees\research-online-book\runs\online-iid-success-20261008\neutral-identities-v4.lean:78:5: warning: unused variable `hseed`

Note: This linter can be disabled with `set_option linter.unusedVariables false`
E:\ABRL\worktrees\research-online-book\runs\online-iid-success-20261008\neutral-identities-v4.lean:80:5: warning: unused variable `hp`

Note: This linter can be disabled with `set_option linter.unusedVariables false`
E:\ABRL\worktrees\research-online-book\runs\online-iid-success-20261008\neutral-identities-v4.lean:81:5: warning: unused variable `hpb`

Note: This linter can be disabled with `set_option linter.unusedVariables false`
E:\ABRL\worktrees\research-online-book\runs\online-iid-success-20261008\neutral-identities-v4.lean:94:5: warning: unused variable `hY`

Note: This linter can be disabled with `set_option linter.unusedVariables false`
E:\ABRL\worktrees\research-online-book\runs\online-iid-success-20261008\neutral-identities-v4.lean:95:5: warning: unused variable `hlaw`

Note: This linter can be disabled with `set_option linter.unusedVariables false`
E:\ABRL\worktrees\research-online-book\runs\online-iid-success-20261008\neutral-identities-v4.lean:96:5: warning: unused variable `hb`

Note: This linter can be disabled with `set_option linter.unusedVariables false`
E:\ABRL\worktrees\research-online-book\runs\online-iid-success-20261008\neutral-identities-v4.lean:96:60: warning: unused variable `hT`

Note: This linter can be disabled with `set_option linter.unusedVariables false`
E:\ABRL\worktrees\research-online-book\runs\online-iid-success-20261008\neutral-identities-v4.lean:101:5: warning: unused variable `hY`

Note: This linter can be disabled with `set_option linter.unusedVariables false`
E:\ABRL\worktrees\research-online-book\runs\online-iid-success-20261008\neutral-identities-v4.lean:102:5: warning: unused variable `hlaw`

Note: This linter can be disabled with `set_option linter.unusedVariables false`
E:\ABRL\worktrees\research-online-book\runs\online-iid-success-20261008\neutral-identities-v4.lean:103:5: warning: unused variable `hb`

Note: This linter can be disabled with `set_option linter.unusedVariables false`
E:\ABRL\worktrees\research-online-book\runs\online-iid-success-20261008\neutral-identities-v4.lean:103:52: warning: unused variable `hind`

Note: This linter can be disabled with `set_option linter.unusedVariables false`
