{
  "time": "2026-10-08T09:49:30+00:00",
  "task": "ONLINE-IID-SUCCESS-20261008",
  "role": "lower",
  "kind": "build",
  "status": "compiled",
  "notes": "Actual generic frozen S001 body build/kernel, no zero-horizon strengthening. Three bounded terminals plus canaries/BODY/root/Tests/harness/readers/site/FINAL/PR remain; whole Goal active.",
  "lean": "BanditRLProof\\OnlineGuessingIIDSuccess.lean",
  "source": "",
  "run_id": "online-iid-success-20261008",
  "changed_files": [],
  "statement_hash": "",
  "parent_id": "",
  "route_fingerprint": "",
  "verifier_evidence": [
    "E:\\ABRL\\worktrees\\research-online-book\\runs\\online-iid-success-20261008\\S001-focused-build-v1-exit.json"
  ],
  "harness": "hierarchical",
  "experiment_id": "",
  "target_fingerprint": "14872a83f6390970fb4167b51c1953a42e01eba8679e97ccb936683743887023",
  "route_packet_hash": "",
  "attempt_id": "SUCCESS-S001-V1",
  "worker_id": "",
  "progress_class": "compiled-leaf",
  "reviewer_validated": false,
  "obligations_before": 4,
  "obligations_after": 3,
  "new_declarations": [
    "BanditRL.OnlineLearning.centered_total_sublinear_iff_average"
  ],
  "reused_declarations": [],
  "dag_nodes": 0,
  "dag_depth": 0,
  "elapsed_seconds": 0.0,
  "lean_check_seconds": 0.0,
  "prompt_chars": 0,
  "input_tokens": 0,
  "output_tokens": 0,
  "error_signature": ""
}
