{
  "time": "2026-10-08T09:51:13+00:00",
  "task": "ONLINE-IID-SUCCESS-20261008",
  "role": "lower",
  "kind": "build",
  "status": "compiled",
  "notes": "Actual jointly measurable private-seed strict-history policy success equivalences; convergence is characterized, not asserted for every policy.",
  "lean": "BanditRLProof\\OnlineGuessingIIDSuccess.lean",
  "source": "",
  "run_id": "online-iid-success-20261008",
  "changed_files": [],
  "statement_hash": "",
  "parent_id": "",
  "route_fingerprint": "",
  "verifier_evidence": [
    "E:\\ABRL\\worktrees\\research-online-book\\runs\\online-iid-success-20261008\\S002-focused-build-v2-exit.json"
  ],
  "harness": "hierarchical",
  "experiment_id": "",
  "target_fingerprint": "14872a83f6390970fb4167b51c1953a42e01eba8679e97ccb936683743887023",
  "route_packet_hash": "",
  "attempt_id": "SUCCESS-S002-V2",
  "worker_id": "",
  "progress_class": "compiled-leaf",
  "reviewer_validated": false,
  "obligations_before": 3,
  "obligations_after": 2,
  "new_declarations": [
    "BanditRL.OnlineLearning.randomized_history_policy_success_iff"
  ],
  "reused_declarations": [],
  "dag_nodes": 0,
  "dag_depth": 0,
  "elapsed_seconds": 0.0,
  "lean_check_seconds": 0.0,
  "prompt_chars": 0,
  "input_tokens": 0,
  "output_tokens": 0,
  "error_signature": ""
}
