{
  "time": "2026-10-08T09:54:19+00:00",
  "task": "ONLINE-IID-SUCCESS-20261008",
  "role": "lower",
  "kind": "build",
  "status": "failed",
  "notes": "First Pi rewrite now resolved. New failure is a guessed simplification name, not an extra assumption or false target. Use standard zero-power simp normalization at population comparator; retain all failures.",
  "lean": "BanditRLProof\\OnlineGuessingIIDSuccess.lean",
  "source": "",
  "run_id": "online-iid-success-20261008",
  "changed_files": [],
  "statement_hash": "",
  "parent_id": "",
  "route_fingerprint": "",
  "verifier_evidence": [
    "E:\\ABRL\\worktrees\\research-online-book\\runs\\online-iid-success-20261008\\S003-focused-build-v2-exit.json"
  ],
  "harness": "hierarchical",
  "experiment_id": "",
  "target_fingerprint": "",
  "route_packet_hash": "",
  "attempt_id": "SUCCESS-S003-V2",
  "worker_id": "",
  "progress_class": "diagnostic",
  "reviewer_validated": false,
  "obligations_before": 0,
  "obligations_after": 0,
  "new_declarations": [],
  "reused_declarations": [],
  "dag_nodes": 0,
  "dag_depth": 0,
  "elapsed_seconds": 0.0,
  "lean_check_seconds": 0.0,
  "prompt_chars": 0,
  "input_tokens": 0,
  "output_tokens": 0,
  "error_signature": "Nonexistent sq_zero simplification lemma; actual residual T*0^2"
}
