{
  "time": "2026-10-08T09:54:46+00:00",
  "task": "ONLINE-IID-SUCCESS-20261008",
  "role": "lower",
  "kind": "build",
  "status": "compiled",
  "notes": "Actual no-independence4log upper producer with derived a.s.support integrability, empirical minimum-to-population comparator pathwise comparison, and literal expected-fixed benchmark. Two proof-only API/representation repairs retained; terminal unchanged.",
  "lean": "BanditRLProof\\OnlineGuessingIIDSuccess.lean",
  "source": "",
  "run_id": "online-iid-success-20261008",
  "changed_files": [],
  "statement_hash": "",
  "parent_id": "",
  "route_fingerprint": "",
  "verifier_evidence": [
    "E:\\ABRL\\worktrees\\research-online-book\\runs\\online-iid-success-20261008\\S003-focused-build-v3-exit.json"
  ],
  "harness": "hierarchical",
  "experiment_id": "",
  "target_fingerprint": "14872a83f6390970fb4167b51c1953a42e01eba8679e97ccb936683743887023",
  "route_packet_hash": "",
  "attempt_id": "SUCCESS-S003-V3",
  "worker_id": "",
  "progress_class": "compiled-leaf",
  "reviewer_validated": false,
  "obligations_before": 2,
  "obligations_after": 1,
  "new_declarations": [
    "BanditRL.OnlineLearning.meanPredict_expectedFixed_upper"
  ],
  "reused_declarations": [],
  "dag_nodes": 0,
  "dag_depth": 0,
  "elapsed_seconds": 0.0,
  "lean_check_seconds": 0.0,
  "prompt_chars": 0,
  "input_tokens": 0,
  "output_tokens": 0,
  "error_signature": ""
}
