{
  "time": "2026-10-08T09:53:19+00:00",
  "task": "ONLINE-IID-SUCCESS-20261008",
  "role": "lower",
  "kind": "build",
  "status": "failed",
  "notes": "Actual failed proof rewrite; no hypothesis/terminal change, no integrability gap. Normalize Pi.sub_apply only; raw prior full body/log retained.",
  "lean": "BanditRLProof\\OnlineGuessingIIDSuccess.lean",
  "source": "",
  "run_id": "online-iid-success-20261008",
  "changed_files": [],
  "statement_hash": "",
  "parent_id": "",
  "route_fingerprint": "",
  "verifier_evidence": [
    "E:\\ABRL\\worktrees\\research-online-book\\runs\\online-iid-success-20261008\\S003-focused-build-v1-exit.json"
  ],
  "harness": "hierarchical",
  "experiment_id": "",
  "target_fingerprint": "",
  "route_packet_hash": "",
  "attempt_id": "SUCCESS-S003-V1",
  "worker_id": "",
  "progress_class": "diagnostic",
  "reviewer_validated": false,
  "obligations_before": 0,
  "obligations_after": 0,
  "new_declarations": [],
  "reused_declarations": [],
  "dag_nodes": 0,
  "dag_depth": 0,
  "elapsed_seconds": 0.0,
  "lean_check_seconds": 0.0,
  "prompt_chars": 0,
  "input_tokens": 0,
  "output_tokens": 0,
  "error_signature": "Pi function subtraction not pointwise-normalized for integral_sub rewrite"
}
