{
  "time": "2026-10-08T09:55:00+00:00",
  "task": "ONLINE-IID-SUCCESS-20261008",
  "role": "lower",
  "kind": "attempt",
  "status": "running",
  "notes": "Actual unknown-law strictpast meanPredict stochastic success: IID nonnegative excess and integrated4log upper produce ordinary zero normalized limit and little-o.",
  "lean": "BanditRLProof\\OnlineGuessingIIDSuccess.lean",
  "source": "",
  "run_id": "online-iid-success-20261008",
  "changed_files": [],
  "statement_hash": "",
  "parent_id": "",
  "route_fingerprint": "",
  "verifier_evidence": [],
  "harness": "hierarchical",
  "experiment_id": "",
  "target_fingerprint": "14872a83f6390970fb4167b51c1953a42e01eba8679e97ccb936683743887023",
  "route_packet_hash": "",
  "attempt_id": "SUCCESS-S004-V1",
  "worker_id": "",
  "progress_class": "unreviewed",
  "reviewer_validated": false,
  "obligations_before": 0,
  "obligations_after": 0,
  "new_declarations": [],
  "reused_declarations": [],
  "dag_nodes": 0,
  "dag_depth": 0,
  "elapsed_seconds": 0.0,
  "lean_check_seconds": 0.0,
  "prompt_chars": 0,
  "input_tokens": 0,
  "output_tokens": 0,
  "error_signature": ""
}
