SITE CHECK PASSED
- HTML pages: 956
- modules: 851
- declarations: 10935
- highlights: 386
- milestones: 97
- textbook crosswalks: 40
- source theorem restatements: 92
- BanditRLwiki settings/cases/papers: 7/13/19
- BanditRLwiki theorem surfaces: 27
- BanditRLwiki literature-open/formalization-open cases: 0/13
- BanditRLwiki named formalization leaves: 36
- BanditRLwiki active source-frozen ports: 2
- Live Formalization mappings: 386
- Mermaid blocks: 19
- Lean source links: 12222
- internal links and anchors: valid
- README relative links: valid
- MathJax loader and readable mathematical fallbacks: valid
- GitHub Pages workflow: complete
