conversion-windows/ONLINE-IID-SUCCESS-20261008.md:80: new blank line at EOF.
proof-blueprints/ONLINE-IID-SUCCESS-20261008.md:116420: new blank line at EOF.
proof-obligations/ONLINE-IID-SUCCESS-20261008.md:70: new blank line at EOF.
runs/online-iid-success-20261008/combined-Tests-v1.log:1310: trailing whitespace.
+  
runs/online-iid-success-20261008/combined-Tests-v1.log:1312: trailing whitespace.
+    
runs/online-iid-success-20261008/combined-Tests-v1.log:1317: trailing whitespace.
+  
runs/online-iid-success-20261008/combined-Tests-v1.log:1319: trailing whitespace.
+    
runs/online-iid-success-20261008/combined-Tests-v1.log:1480: trailing whitespace.
+  
runs/online-iid-success-20261008/combined-Tests-v1.log:1482: trailing whitespace.
+    
runs/online-iid-success-20261008/combined-Tests-v1.log:1631: trailing whitespace.
+  
runs/online-iid-success-20261008/combined-Tests-v1.log:1633: trailing whitespace.
+    
runs/online-iid-success-20261008/combined-Tests-v1.log:1802: trailing whitespace.
+  
runs/online-iid-success-20261008/combined-Tests-v1.log:1804: trailing whitespace.
+    
runs/online-iid-success-20261008/combined-Tests-v1.log:1844: trailing whitespace.
+  
runs/online-iid-success-20261008/combined-Tests-v1.log:1846: trailing whitespace.
+    
runs/online-iid-success-20261008/combined-Tests-v1.log:2339: trailing whitespace.
+  
runs/online-iid-success-20261008/combined-Tests-v1.log:2341: trailing whitespace.
+    
runs/online-iid-success-20261008/combined-Tests-v1.log:2390: trailing whitespace.
+  
runs/online-iid-success-20261008/combined-Tests-v1.log:2392: trailing whitespace.
+    
runs/online-iid-success-20261008/combined-Tests-v1.log:6824: trailing whitespace.
+  
runs/online-iid-success-20261008/combined-Tests-v1.log:6826: trailing whitespace.
+    
runs/online-iid-success-20261008/combined-root-v1.log:491: trailing whitespace.
+  
runs/online-iid-success-20261008/combined-root-v1.log:493: trailing whitespace.
+    
runs/online-iid-success-20261008/combined-root-v1.log:646: trailing whitespace.
+  
runs/online-iid-success-20261008/combined-root-v1.log:648: trailing whitespace.
+    
runs/online-iid-success-20261008/combined-root-v1.log:834: trailing whitespace.
+  
runs/online-iid-success-20261008/combined-root-v1.log:836: trailing whitespace.
+    
runs/online-iid-success-20261008/combined-root-v1.log:876: trailing whitespace.
+  
runs/online-iid-success-20261008/combined-root-v1.log:878: trailing whitespace.
+    
runs/online-iid-success-20261008/combined-root-v1.log:1706: trailing whitespace.
+  
runs/online-iid-success-20261008/combined-root-v1.log:1708: trailing whitespace.
+    
runs/online-iid-success-20261008/combined-root-v1.log:1713: trailing whitespace.
+  
runs/online-iid-success-20261008/combined-root-v1.log:1715: trailing whitespace.
+    
runs/online-iid-success-20261008/combined-root-v1.log:1748: trailing whitespace.
+  
runs/online-iid-success-20261008/combined-root-v1.log:1750: trailing whitespace.
+    
runs/online-iid-success-20261008/combined-root-v1.log:1792: trailing whitespace.
+  
runs/online-iid-success-20261008/combined-root-v1.log:1794: trailing whitespace.
+    
runs/online-iid-success-20261008/full-harness-v1.log:571: trailing whitespace.
+  
runs/online-iid-success-20261008/full-harness-v1.log:573: trailing whitespace.
+    
runs/online-iid-success-20261008/full-harness-v1.log:722: trailing whitespace.
+  
runs/online-iid-success-20261008/full-harness-v1.log:724: trailing whitespace.
+    
runs/online-iid-success-20261008/full-harness-v1.log:1099: trailing whitespace.
+  
runs/online-iid-success-20261008/full-harness-v1.log:1101: trailing whitespace.
+    
runs/online-iid-success-20261008/full-harness-v1.log:1141: trailing whitespace.
+  
runs/online-iid-success-20261008/full-harness-v1.log:1143: trailing whitespace.
+    
runs/online-iid-success-20261008/full-harness-v1.log:1677: trailing whitespace.
+  
runs/online-iid-success-20261008/full-harness-v1.log:1679: trailing whitespace.
+    
runs/online-iid-success-20261008/full-harness-v1.log:1714: trailing whitespace.
+  
runs/online-iid-success-20261008/full-harness-v1.log:1716: trailing whitespace.
+    
runs/online-iid-success-20261008/full-harness-v1.log:1755: trailing whitespace.
+  
runs/online-iid-success-20261008/full-harness-v1.log:1757: trailing whitespace.
+    
runs/online-iid-success-20261008/full-harness-v1.log:1773: trailing whitespace.
+  
runs/online-iid-success-20261008/full-harness-v1.log:1775: trailing whitespace.
+    
runs/online-iid-success-20261008/full-harness-v1.log:3662: trailing whitespace.
+  
runs/online-iid-success-20261008/full-harness-v1.log:3664: trailing whitespace.
+    
runs/online-iid-success-20261008/full-harness-v1.log:3669: trailing whitespace.
+  
runs/online-iid-success-20261008/full-harness-v1.log:3671: trailing whitespace.
+    
runs/online-iid-success-20261008/full-harness-v1.log:3832: trailing whitespace.
+  
runs/online-iid-success-20261008/full-harness-v1.log:3834: trailing whitespace.
+    
runs/online-iid-success-20261008/full-harness-v1.log:3983: trailing whitespace.
+  
runs/online-iid-success-20261008/full-harness-v1.log:3985: trailing whitespace.
+    
runs/online-iid-success-20261008/full-harness-v1.log:4154: trailing whitespace.
+  
runs/online-iid-success-20261008/full-harness-v1.log:4156: trailing whitespace.
+    
runs/online-iid-success-20261008/full-harness-v1.log:4196: trailing whitespace.
+  
runs/online-iid-success-20261008/full-harness-v1.log:4198: trailing whitespace.
+    
runs/online-iid-success-20261008/full-harness-v1.log:4691: trailing whitespace.
+  
runs/online-iid-success-20261008/full-harness-v1.log:4693: trailing whitespace.
+    
runs/online-iid-success-20261008/full-harness-v1.log:4742: trailing whitespace.
+  
runs/online-iid-success-20261008/full-harness-v1.log:4744: trailing whitespace.
+    
runs/online-iid-success-20261008/full-harness-v1.log:9172: trailing whitespace.
+  
runs/online-iid-success-20261008/full-harness-v1.log:9174: trailing whitespace.
+    
runs/online-iid-success-20261008/snapshots/BODY-current--conversion-windows--ONLINE-IID-SUCCESS-20261008.md.raw:80: new blank line at EOF.
runs/online-iid-success-20261008/snapshots/BODY-current--proof-blueprints--ONLINE-IID-SUCCESS-20261008.md.raw:116420: new blank line at EOF.
runs/online-iid-success-20261008/snapshots/BODY-current--proof-obligations--ONLINE-IID-SUCCESS-20261008.md.raw:70: new blank line at EOF.
runs/online-iid-success-20261008/snapshots/BODY-current--tasks--ONLINE-IID-SUCCESS-20261008.md.raw:93: new blank line at EOF.
runs/online-iid-success-20261008/snapshots/BanditRLProof--OnlineGradientDescent.lean.raw:221: new blank line at EOF.
runs/online-iid-success-20261008/snapshots/BanditRLProof--OnlineSubgradientDifferentiability.lean.raw:382: new blank line at EOF.
tasks/ONLINE-IID-SUCCESS-20261008.md:93: new blank line at EOF.
