runs/online-iid-success-20261008/combined-Tests-v1.log:1310: trailing whitespace.
+  
runs/online-iid-success-20261008/combined-Tests-v1.log:1312: trailing whitespace.
+    
runs/online-iid-success-20261008/combined-Tests-v1.log:1317: trailing whitespace.
+  
runs/online-iid-success-20261008/combined-Tests-v1.log:1319: trailing whitespace.
+    
runs/online-iid-success-20261008/combined-Tests-v1.log:1480: trailing whitespace.
+  
runs/online-iid-success-20261008/combined-Tests-v1.log:1482: trailing whitespace.
+    
runs/online-iid-success-20261008/combined-Tests-v1.log:1631: trailing whitespace.
+  
runs/online-iid-success-20261008/combined-Tests-v1.log:1633: trailing whitespace.
+    
runs/online-iid-success-20261008/combined-Tests-v1.log:1802: trailing whitespace.
+  
runs/online-iid-success-20261008/combined-Tests-v1.log:1804: trailing whitespace.
+    
runs/online-iid-success-20261008/combined-Tests-v1.log:1844: trailing whitespace.
+  
runs/online-iid-success-20261008/combined-Tests-v1.log:1846: trailing whitespace.
+    
runs/online-iid-success-20261008/combined-Tests-v1.log:2339: trailing whitespace.
+  
runs/online-iid-success-20261008/combined-Tests-v1.log:2341: trailing whitespace.
+    
runs/online-iid-success-20261008/combined-Tests-v1.log:2390: trailing whitespace.
+  
runs/online-iid-success-20261008/combined-Tests-v1.log:2392: trailing whitespace.
+    
runs/online-iid-success-20261008/combined-Tests-v1.log:6824: trailing whitespace.
+  
runs/online-iid-success-20261008/combined-Tests-v1.log:6826: trailing whitespace.
+    
runs/online-iid-success-20261008/combined-root-v1.log:491: trailing whitespace.
+  
runs/online-iid-success-20261008/combined-root-v1.log:493: trailing whitespace.
+    
runs/online-iid-success-20261008/combined-root-v1.log:646: trailing whitespace.
+  
runs/online-iid-success-20261008/combined-root-v1.log:648: trailing whitespace.
+    
runs/online-iid-success-20261008/combined-root-v1.log:834: trailing whitespace.
+  
runs/online-iid-success-20261008/combined-root-v1.log:836: trailing whitespace.
+    
runs/online-iid-success-20261008/combined-root-v1.log:876: trailing whitespace.
+  
runs/online-iid-success-20261008/combined-root-v1.log:878: trailing whitespace.
+    
runs/online-iid-success-20261008/combined-root-v1.log:1706: trailing whitespace.
+  
runs/online-iid-success-20261008/combined-root-v1.log:1708: trailing whitespace.
+    
runs/online-iid-success-20261008/combined-root-v1.log:1713: trailing whitespace.
+  
runs/online-iid-success-20261008/combined-root-v1.log:1715: trailing whitespace.
+    
runs/online-iid-success-20261008/combined-root-v1.log:1748: trailing whitespace.
+  
runs/online-iid-success-20261008/combined-root-v1.log:1750: trailing whitespace.
+    
runs/online-iid-success-20261008/combined-root-v1.log:1792: trailing whitespace.
+  
runs/online-iid-success-20261008/combined-root-v1.log:1794: trailing whitespace.
+    
runs/online-iid-success-20261008/full-harness-v1.log:571: trailing whitespace.
+  
runs/online-iid-success-20261008/full-harness-v1.log:573: trailing whitespace.
+    
runs/online-iid-success-20261008/full-harness-v1.log:722: trailing whitespace.
+  
runs/online-iid-success-20261008/full-harness-v1.log:724: trailing whitespace.
+    
runs/online-iid-success-20261008/full-harness-v1.log:1099: trailing whitespace.
+  
runs/online-iid-success-20261008/full-harness-v1.log:1101: trailing whitespace.
+    
runs/online-iid-success-20261008/full-harness-v1.log:1141: trailing whitespace.
+  
runs/online-iid-success-20261008/full-harness-v1.log:1143: trailing whitespace.
+    
runs/online-iid-success-20261008/full-harness-v1.log:1677: trailing whitespace.
+  
runs/online-iid-success-20261008/full-harness-v1.log:1679: trailing whitespace.
+    
runs/online-iid-success-20261008/full-harness-v1.log:1714: trailing whitespace.
+  
runs/online-iid-success-20261008/full-harness-v1.log:1716: trailing whitespace.
+    
runs/online-iid-success-20261008/full-harness-v1.log:1755: trailing whitespace.
+  
runs/online-iid-success-20261008/full-harness-v1.log:1757: trailing whitespace.
+    
runs/online-iid-success-20261008/full-harness-v1.log:1773: trailing whitespace.
+  
runs/online-iid-success-20261008/full-harness-v1.log:1775: trailing whitespace.
+    
runs/online-iid-success-20261008/full-harness-v1.log:3662: trailing whitespace.
+  
runs/online-iid-success-20261008/full-harness-v1.log:3664: trailing whitespace.
+    
runs/online-iid-success-20261008/full-harness-v1.log:3669: trailing whitespace.
+  
runs/online-iid-success-20261008/full-harness-v1.log:3671: trailing whitespace.
+    
runs/online-iid-success-20261008/full-harness-v1.log:3832: trailing whitespace.
+  
runs/online-iid-success-20261008/full-harness-v1.log:3834: trailing whitespace.
+    
runs/online-iid-success-20261008/full-harness-v1.log:3983: trailing whitespace.
+  
runs/online-iid-success-20261008/full-harness-v1.log:3985: trailing whitespace.
+    
runs/online-iid-success-20261008/full-harness-v1.log:4154: trailing whitespace.
+  
runs/online-iid-success-20261008/full-harness-v1.log:4156: trailing whitespace.
+    
runs/online-iid-success-20261008/full-harness-v1.log:4196: trailing whitespace.
+  
runs/online-iid-success-20261008/full-harness-v1.log:4198: trailing whitespace.
+    
runs/online-iid-success-20261008/full-harness-v1.log:4691: trailing whitespace.
+  
runs/online-iid-success-20261008/full-harness-v1.log:4693: trailing whitespace.
+    
runs/online-iid-success-20261008/full-harness-v1.log:4742: trailing whitespace.
+  
runs/online-iid-success-20261008/full-harness-v1.log:4744: trailing whitespace.
+    
runs/online-iid-success-20261008/full-harness-v1.log:9172: trailing whitespace.
+  
runs/online-iid-success-20261008/full-harness-v1.log:9174: trailing whitespace.
+    
runs/online-iid-success-20261008/snapshots/BODY-current--conversion-windows--ONLINE-IID-SUCCESS-20261008.md.raw:80: new blank line at EOF.
runs/online-iid-success-20261008/snapshots/BODY-current--proof-blueprints--ONLINE-IID-SUCCESS-20261008.md.raw:116420: new blank line at EOF.
runs/online-iid-success-20261008/snapshots/BODY-current--proof-obligations--ONLINE-IID-SUCCESS-20261008.md.raw:70: new blank line at EOF.
runs/online-iid-success-20261008/snapshots/BODY-current--tasks--ONLINE-IID-SUCCESS-20261008.md.raw:93: new blank line at EOF.
runs/online-iid-success-20261008/snapshots/BanditRLProof--OnlineGradientDescent.lean.raw:221: new blank line at EOF.
runs/online-iid-success-20261008/snapshots/BanditRLProof--OnlineSubgradientDifferentiability.lean.raw:382: new blank line at EOF.
runs/online-iid-success-20261008/source-full-diff-v1.log:5: trailing whitespace.
++  
runs/online-iid-success-20261008/source-full-diff-v1.log:7: trailing whitespace.
++    
runs/online-iid-success-20261008/source-full-diff-v1.log:9: trailing whitespace.
++  
runs/online-iid-success-20261008/source-full-diff-v1.log:11: trailing whitespace.
++    
runs/online-iid-success-20261008/source-full-diff-v1.log:13: trailing whitespace.
++  
runs/online-iid-success-20261008/source-full-diff-v1.log:15: trailing whitespace.
++    
runs/online-iid-success-20261008/source-full-diff-v1.log:17: trailing whitespace.
++  
runs/online-iid-success-20261008/source-full-diff-v1.log:19: trailing whitespace.
++    
runs/online-iid-success-20261008/source-full-diff-v1.log:21: trailing whitespace.
++  
runs/online-iid-success-20261008/source-full-diff-v1.log:23: trailing whitespace.
++    
runs/online-iid-success-20261008/source-full-diff-v1.log:25: trailing whitespace.
++  
runs/online-iid-success-20261008/source-full-diff-v1.log:27: trailing whitespace.
++    
runs/online-iid-success-20261008/source-full-diff-v1.log:29: trailing whitespace.
++  
runs/online-iid-success-20261008/source-full-diff-v1.log:31: trailing whitespace.
++    
runs/online-iid-success-20261008/source-full-diff-v1.log:33: trailing whitespace.
++  
runs/online-iid-success-20261008/source-full-diff-v1.log:35: trailing whitespace.
++    
runs/online-iid-success-20261008/source-full-diff-v1.log:37: trailing whitespace.
++  
runs/online-iid-success-20261008/source-full-diff-v1.log:39: trailing whitespace.
++    
runs/online-iid-success-20261008/source-full-diff-v1.log:41: trailing whitespace.
++  
runs/online-iid-success-20261008/source-full-diff-v1.log:43: trailing whitespace.
++    
runs/online-iid-success-20261008/source-full-diff-v1.log:45: trailing whitespace.
++  
runs/online-iid-success-20261008/source-full-diff-v1.log:47: trailing whitespace.
++    
runs/online-iid-success-20261008/source-full-diff-v1.log:49: trailing whitespace.
++  
runs/online-iid-success-20261008/source-full-diff-v1.log:51: trailing whitespace.
++    
runs/online-iid-success-20261008/source-full-diff-v1.log:53: trailing whitespace.
++  
runs/online-iid-success-20261008/source-full-diff-v1.log:55: trailing whitespace.
++    
runs/online-iid-success-20261008/source-full-diff-v1.log:57: trailing whitespace.
++  
runs/online-iid-success-20261008/source-full-diff-v1.log:59: trailing whitespace.
++    
runs/online-iid-success-20261008/source-full-diff-v1.log:61: trailing whitespace.
++  
runs/online-iid-success-20261008/source-full-diff-v1.log:63: trailing whitespace.
++    
runs/online-iid-success-20261008/source-full-diff-v1.log:65: trailing whitespace.
++  
runs/online-iid-success-20261008/source-full-diff-v1.log:67: trailing whitespace.
++    
runs/online-iid-success-20261008/source-full-diff-v1.log:69: trailing whitespace.
++  
runs/online-iid-success-20261008/source-full-diff-v1.log:71: trailing whitespace.
++    
runs/online-iid-success-20261008/source-full-diff-v1.log:73: trailing whitespace.
++  
runs/online-iid-success-20261008/source-full-diff-v1.log:75: trailing whitespace.
++    
runs/online-iid-success-20261008/source-full-diff-v1.log:77: trailing whitespace.
++  
runs/online-iid-success-20261008/source-full-diff-v1.log:79: trailing whitespace.
++    
runs/online-iid-success-20261008/source-full-diff-v1.log:81: trailing whitespace.
++  
runs/online-iid-success-20261008/source-full-diff-v1.log:83: trailing whitespace.
++    
runs/online-iid-success-20261008/source-full-diff-v1.log:85: trailing whitespace.
++  
runs/online-iid-success-20261008/source-full-diff-v1.log:87: trailing whitespace.
++    
runs/online-iid-success-20261008/source-full-diff-v1.log:89: trailing whitespace.
++  
runs/online-iid-success-20261008/source-full-diff-v1.log:91: trailing whitespace.
++    
runs/online-iid-success-20261008/source-full-diff-v1.log:93: trailing whitespace.
++  
runs/online-iid-success-20261008/source-full-diff-v1.log:95: trailing whitespace.
++    
runs/online-iid-success-20261008/source-full-diff-v1.log:97: trailing whitespace.
++  
runs/online-iid-success-20261008/source-full-diff-v1.log:99: trailing whitespace.
++    
runs/online-iid-success-20261008/source-full-diff-v1.log:101: trailing whitespace.
++  
runs/online-iid-success-20261008/source-full-diff-v1.log:103: trailing whitespace.
++    
runs/online-iid-success-20261008/source-full-diff-v1.log:105: trailing whitespace.
++  
runs/online-iid-success-20261008/source-full-diff-v1.log:107: trailing whitespace.
++    
runs/online-iid-success-20261008/source-full-diff-v1.log:109: trailing whitespace.
++  
runs/online-iid-success-20261008/source-full-diff-v1.log:111: trailing whitespace.
++    
runs/online-iid-success-20261008/source-full-diff-v1.log:113: trailing whitespace.
++  
runs/online-iid-success-20261008/source-full-diff-v1.log:115: trailing whitespace.
++    
runs/online-iid-success-20261008/source-full-diff-v1.log:117: trailing whitespace.
++  
runs/online-iid-success-20261008/source-full-diff-v1.log:119: trailing whitespace.
++    
runs/online-iid-success-20261008/source-full-diff-v1.log:121: trailing whitespace.
++  
runs/online-iid-success-20261008/source-full-diff-v1.log:123: trailing whitespace.
++    
runs/online-iid-success-20261008/source-full-diff-v1.log:125: trailing whitespace.
++  
runs/online-iid-success-20261008/source-full-diff-v1.log:127: trailing whitespace.
++    
runs/online-iid-success-20261008/source-full-diff-v1.log:129: trailing whitespace.
++  
runs/online-iid-success-20261008/source-full-diff-v1.log:131: trailing whitespace.
++    
runs/online-iid-success-20261008/source-full-diff-v1.log:133: trailing whitespace.
++  
runs/online-iid-success-20261008/source-full-diff-v1.log:135: trailing whitespace.
++    
runs/online-iid-success-20261008/source-full-diff-v1.log:137: trailing whitespace.
++  
runs/online-iid-success-20261008/source-full-diff-v1.log:139: trailing whitespace.
++    
