SITE CHECK PASSED
- HTML pages: 754
- modules: 679
- declarations: 8969
- highlights: 147
- milestones: 83
- textbook crosswalks: 16
- source theorem restatements: 30
- BanditRLwiki settings/cases/papers: 7/13/19
- BanditRLwiki theorem surfaces: 27
- BanditRLwiki literature-open/formalization-open cases: 0/13
- BanditRLwiki named formalization leaves: 36
- BanditRLwiki active source-frozen ports: 2
- Live Formalization mappings: 147
- Mermaid blocks: 18
- Lean source links: 9845
- internal links and anchors: valid
- README relative links: valid
- MathJax loader and readable mathematical fallbacks: valid
- GitHub Pages workflow: complete
