{
  "id": "mem-53bd4453ce81cd16",
  "created_at": "2026-10-07T07:52:36+00:00",
  "type": "source_fact",
  "task": "ONLINE-GUESSING-PUBLIC-20261007",
  "provenance": {
    "kind": "local_first_retrieval",
    "reference": "E:\\ABRL\\worktrees\\research-online-book\\runs\\online-guessing-public-20261007\\all-public-types-v1-01-exit.json"
  },
  "assumptions": [],
  "declaration": "",
  "file": "",
  "status": "verified",
  "verifier_evidence": [
    "E:\\ABRL\\worktrees\\research-online-book\\runs\\online-guessing-public-20261007\\leaves\\all-public-types-v1.lean"
  ],
  "supersession": {
    "supersedes": [],
    "reason": ""
  },
  "roles": [],
  "details": {
    "query": "Canonical global absolute supports/current-choice true OSD actual same-run guessing tuning",
    "search_order": [
      "local declarations",
      "ABRL theorem cards",
      "Mathlib cards"
    ],
    "candidates": [
      "BanditRL.OnlineGuessingSubgradient.example_2_32",
      "BanditRL.OnlineSubgradientDescent.regret_tuned"
    ],
    "rejections": [],
    "compiled_scratch": "E:\\ABRL\\worktrees\\research-online-book\\runs\\online-guessing-public-20261007\\leaves\\all-public-types-v1.lean"
  }
}
