{
  "schema_version": 1,
  "entry_id": "entry-9037ca752c2abfc1",
  "session_id": "ONLINE-GUESSING-PUBLIC-20261007",
  "sequence": 7,
  "parent_id": "entry-9162f9f53980f878",
  "event_type": "accepted",
  "created_at": "2026-10-07T07:52:35+00:00",
  "payload": {
    "run_id": "online-guessing-public-20261007",
    "contract_version": 1,
    "accepted_decision": "E:/ABRL/worktrees/research-online-book/runs/online-guessing-public-20261007/accepted-decision-v1.json",
    "source_package_accepted": true,
    "new_proofs": 0,
    "new_source_math_closures": 0,
    "chapter_complete": false,
    "goal_complete": false,
    "merged": false,
    "live": false
  }
}
