{
  "id": "mem-eda641222c8b6023",
  "created_at": "2026-10-07T07:52:36+00:00",
  "type": "verified_lemma",
  "task": "ONLINE-GUESSING-PUBLIC-20261007",
  "provenance": {
    "kind": "source-reviewed-existing-proof-reuse",
    "reference": "E:\\ABRL\\worktrees\\research-online-book\\runs\\online-guessing-public-20261007\\accepted-decision-v1.json"
  },
  "assumptions": [],
  "declaration": "BanditRL.OnlineGuessingSubgradient.example_2_32",
  "file": "BanditRLProof\\OnlineGuessingSubgradient.lean",
  "status": "verified",
  "verifier_evidence": [
    "E:\\ABRL\\worktrees\\research-online-book\\runs\\online-guessing-public-20261007\\final-reader-receipt-v1.json"
  ],
  "supersession": {
    "supersedes": [],
    "reason": ""
  },
  "roles": [
    "reviewer"
  ],
  "details": {
    "scope": "Current canonical Example2.32 source/public reuse: existing12 proofs/one finite loss definition and whole27canary proofs/6definitions/one abbreviation. ZERO new mathematical proofs/definitions/registry nodes/source-mathematical terminal closures.",
    "new_proofs": 0,
    "new_source_math_closures": 0,
    "remaining_required": "Linearization/optimal-step/unit-analysis current migration, remaining Chapter1/2 maintext, nine OTHERChapter1 origin/main contributor gaps and necessary appendices REQUIRED; Chapter2 mandatory total null/incomplete; Chapters3-16 unenumerated; whole Goal ACTIVE unbudgeted.",
    "chapter_complete": false,
    "goal_complete": false
  }
}
