{
  "schema_version": 1,
  "record_id": "frontier-da87ff553e2c61b9",
  "updated_at": "2026-10-07T07:52:35+00:00",
  "root_objective": "Persistent Orabona Chapters1-16; current canonical source/public reuse accepted",
  "current_leaf": {
    "id": "ONLINE-GUESSING-PUBLIC-20261007",
    "kind": "lean",
    "status": "accepted",
    "statement": "theorem example_2_32 (y : ℕ → ℝ) (x₁ : ℝ) (hx₁ : x₁ ∈ Icc (0 : ℝ) 1) (T : ℕ) (hT : 0 < T) (hy : ∀ t < T, y t ∈ Icc (0 : ℝ) 1) : ∀ u ∈ Icc (0 : ℝ) 1, (∑ t ∈ range T, (|iterate BanditRL.OnlineGradientDescent.unitInterval (fun _ => 1 / Real.sqrt T) (fun s => loss (y s)) x₁ t - y t| - |u - y t|)) ≤ Real.sqrt T",
    "statement_hash": "14b02b3adc4c26c798258696e2e19943095a4423a232363b7f7ba59248f42b52",
    "declaration": "BanditRL.OnlineGuessingSubgradient.example_2_32",
    "file": "BanditRLProof\\OnlineGuessingSubgradient.lean",
    "source_status": "source-reviewed",
    "dependencies": [
      {
        "kind": "lean",
        "name": "BanditRL.OnlineSubgradientDescent.regret_tuned",
        "status": "compiled"
      },
      {
        "kind": "lean",
        "name": "BanditRL.OnlineGuessingSubgradient.current_subgradient_bound",
        "status": "compiled"
      },
      {
        "kind": "review",
        "name": "source-reader",
        "status": "accepted"
      }
    ]
  },
  "dag": {
    "nodes": [
      {
        "id": "ONLINE-GUESSING-PUBLIC-20261007",
        "kind": "lean",
        "status": "accepted",
        "dependencies": [
          {
            "kind": "lean",
            "name": "BanditRL.OnlineSubgradientDescent.regret_tuned",
            "status": "compiled"
          },
          {
            "kind": "lean",
            "name": "BanditRL.OnlineGuessingSubgradient.current_subgradient_bound",
            "status": "compiled"
          },
          {
            "kind": "review",
            "name": "source-reader",
            "status": "accepted"
          }
        ],
        "dispatch_count": 0
      }
    ]
  },
  "last_accepted_verifier": {
    "trial_index": 1,
    "time": "2026-10-07T07:52:35+00:00",
    "task": "ONLINE-GUESSING-PUBLIC-20261007",
    "role": "reviewer",
    "kind": "review",
    "status": "accepted",
    "lean": "",
    "notes": "ONLINE-GUESSING-PUBLIC-20261007 Current canonical Example2.32 source/public reuse: existing12 proofs/one finite loss definition and whole27canary proofs/6definitions/one abbreviation. ZERO new mathematical proofs/definitions/registry nodes/source-mathematical terminal closures. Linearization/optimal-step/unit-analysis current migration, remaining Chapter1/2 maintext, nine OTHERChapter1 origin/main contributor gaps and necessary appendices REQUIRED; Chapter2 mandatory total null/incomplete; Chapters3-16 unenumerated; whole Goal ACTIVE unbudgeted. Generic policy family PR182 already delivered; allR1-R8 satisfied. Requested Astra/medium distinct required automated actors, no human/external/runtime attestation. No merge/main/live/retirement.",
    "run_id": "online-guessing-public-20261007"
  },
  "memory_policy": {
    "recent_role_relevant_limit": 5,
    "explicit_verified_lemma_ids": [],
    "whole_history_default": false
  },
  "shadow_gate": {
    "status": "pending",
    "analyzed_trial_rows": 2,
    "mismatches": [],
    "replay_transitions": 0
  },
  "mutation_policy": {
    "canonical_path_queue": true,
    "cross_process_lock": true,
    "same_file_serialized": true,
    "disjoint_files_parallel": true
  },
  "autonomous_execution": {
    "enabled": false,
    "requires_deterministic_gates": true,
    "requires_explicit_user_request": true
  }
}
