{
  "time": "2026-10-07T07:52:35+00:00",
  "task": "ONLINE-GUESSING-PUBLIC-20261007",
  "role": "reviewer",
  "kind": "review",
  "status": "accepted",
  "notes": "ONLINE-GUESSING-PUBLIC-20261007 Current canonical Example2.32 source/public reuse: existing12 proofs/one finite loss definition and whole27canary proofs/6definitions/one abbreviation. ZERO new mathematical proofs/definitions/registry nodes/source-mathematical terminal closures. Linearization/optimal-step/unit-analysis current migration, remaining Chapter1/2 maintext, nine OTHERChapter1 origin/main contributor gaps and necessary appendices REQUIRED; Chapter2 mandatory total null/incomplete; Chapters3-16 unenumerated; whole Goal ACTIVE unbudgeted. Generic policy family PR182 already delivered; allR1-R8 satisfied. Requested Astra/medium distinct required automated actors, no human/external/runtime attestation. No merge/main/live/retirement.",
  "lean": "",
  "source": "",
  "run_id": "online-guessing-public-20261007",
  "changed_files": [],
  "statement_hash": "14b02b3adc4c26c798258696e2e19943095a4423a232363b7f7ba59248f42b52",
  "parent_id": "",
  "route_fingerprint": "",
  "verifier_evidence": [
    "E:\\ABRL\\worktrees\\research-online-book\\runs\\online-guessing-public-20261007\\final-reader-receipt-v1.json"
  ],
  "harness": "hierarchical",
  "experiment_id": "",
  "target_fingerprint": "",
  "route_packet_hash": "",
  "attempt_id": "GUESSING-PUBLIC-REUSE-V1",
  "worker_id": "",
  "progress_class": "retrieval-reuse",
  "reviewer_validated": true,
  "obligations_before": 0,
  "obligations_after": 0,
  "new_declarations": [],
  "reused_declarations": [
    "BanditRL.OnlineGuessingSubgradient.example_2_32"
  ],
  "dag_nodes": 0,
  "dag_depth": 0,
  "elapsed_seconds": 0.0,
  "lean_check_seconds": 0.0,
  "prompt_chars": 0,
  "input_tokens": 0,
  "output_tokens": 0,
  "error_signature": ""
}
