'BanditRL.OnlineGuessingSubgradient.loss_subdifferential_translate' depends on axioms: [propext,
 Classical.choice,
 Quot.sound]
'BanditRL.OnlineGuessingSubgradient.loss_subgradient_positive' depends on axioms: [propext,
 Classical.choice,
 Quot.sound]
'BanditRL.OnlineGuessingSubgradient.loss_subgradient_zero' depends on axioms: [propext, Classical.choice, Quot.sound]
'BanditRL.OnlineGuessingSubgradient.loss_subgradient_negative' depends on axioms: [propext,
 Classical.choice,
 Quot.sound]
'BanditRL.OnlineGuessingSubgradient.example_2_32_subdifferential' depends on axioms: [propext,
 Classical.choice,
 Quot.sound]
'BanditRL.OnlineGuessingSubgradient.loss_on_unitInterval' depends on axioms: [propext, Classical.choice, Quot.sound]
'BanditRL.OnlineGuessingSubgradient.loss_subgradient_bound' depends on axioms: [propext, Classical.choice, Quot.sound]
'BanditRL.OnlineGuessingSubgradient.current_subgradient_bound' depends on axioms: [propext,
 Classical.choice,
 Quot.sound]
'BanditRL.OnlineGuessingSubgradient.loss_step_clamp' depends on axioms: [propext, Classical.choice, Quot.sound]
'BanditRL.OnlineGuessingSubgradient.guessing_prefix' depends on axioms: [propext, Classical.choice, Quot.sound]
'BanditRL.OnlineGuessingSubgradient.example_2_32' depends on axioms: [propext, Classical.choice, Quot.sound]
'BanditRL.OnlineGuessingSubgradient.example_2_32_average_eventually' depends on axioms: [propext,
 Classical.choice,
 Quot.sound]
'BanditRL.OnlineGuessingSubgradient.loss' depends on axioms: [propext, Classical.choice, Quot.sound]
'GuessingOSDProbe.shifted_positive' depends on axioms: [propext, Classical.choice, Quot.sound]
'GuessingOSDProbe.shifted_negative' depends on axioms: [propext, Classical.choice, Quot.sound]
'GuessingOSDProbe.shifted_equal' depends on axioms: [propext, Classical.choice, Quot.sound]
'GuessingOSDProbe.nonzero_tie_support' depends on axioms: [propext, Classical.choice, Quot.sound]
'GuessingOSDProbe.invalid_tie_support' depends on axioms: [propext, Classical.choice, Quot.sound]
'GuessingOSDProbe.canonical_tie_in_full_interval' depends on axioms: [propext, Classical.choice, Quot.sound]
'GuessingOSDProbe.chosen_above' depends on axioms: [propext, Classical.choice, Quot.sound]
'GuessingOSDProbe.chosen_below' depends on axioms: [propext, Classical.choice, Quot.sound]
'GuessingOSDProbe.labels_feasible' depends on axioms: [propext, Classical.choice, Quot.sound]
'GuessingOSDProbe.output_zero' depends on axioms: [propext, Classical.choice, Quot.sound]
'GuessingOSDProbe.output_one' depends on axioms: [propext, Classical.choice, Quot.sound]
'GuessingOSDProbe.output_two' depends on axioms: [propext, Classical.choice, Quot.sound]
'GuessingOSDProbe.output_three' depends on axioms: [propext, Classical.choice, Quot.sound]
'GuessingOSDProbe.output_four' depends on axioms: [propext, Classical.choice, Quot.sound]
'GuessingOSDProbe.four_round_real_regret' depends on axioms: [propext, Classical.choice, Quot.sound]
'GuessingOSDProbe.four_round_fixed_with_terminal' depends on axioms: [propext, Classical.choice, Quot.sound]
'GuessingOSDProbe.four_round_energy' depends on axioms: [propext, Classical.choice, Quot.sound]
'GuessingOSDProbe.four_round_positive_terminal' depends on axioms: [propext, Classical.choice, Quot.sound]
'GuessingOSDProbe.four_round_bound_rhs_exact' depends on axioms: [propext, Classical.choice, Quot.sound]
'GuessingOSDProbe.horizon_four_tuned_same_eta' depends on axioms: [propext, Classical.choice, Quot.sound]
'GuessingOSDProbe.all_comparators_four' depends on axioms: [propext, Classical.choice, Quot.sound]
'GuessingOSDProbe.chosen_clipping' depends on axioms: [propext, Classical.choice, Quot.sound]
'GuessingOSDProbe.actual_raw_overshoot_and_clamp' depends on axioms: [propext, Classical.choice, Quot.sound]
'GuessingOSDProbe.invalid_future_does_not_change_output' depends on axioms: [propext, Classical.choice, Quot.sound]
'GuessingOSDProbe.no_future_feasibility_assumed' depends on axioms: [propext, Classical.choice, Quot.sound]
'GuessingOSDProbe.zero_horizon_regret' depends on axioms: [propext, Classical.choice, Quot.sound]
'GuessingOSDProbe.eventual_one_sided_horizon_family' depends on axioms: [propext, Classical.choice, Quot.sound]
'GuessingOSDProbe.labels' depends on axioms: [propext, Classical.choice, Quot.sound]
'GuessingOSDProbe.losses' depends on axioms: [propext, Classical.choice, Quot.sound]
'GuessingOSDProbe.eta' depends on axioms: [propext, Classical.choice, Quot.sound]
'GuessingOSDProbe.output' depends on axioms: [propext, Classical.choice, Quot.sound]
'GuessingOSDProbe.futureLabels' depends on axioms: [propext, Classical.choice, Quot.sound]
'GuessingOSDProbe.futureEta' depends on axioms: [propext, Classical.choice, Quot.sound]
'GuessingOSDProbe.interval' depends on axioms: [propext, Classical.choice, Quot.sound]
