{
  "schema_version": 1,
  "mode": "shadow-read-only",
  "analyzed_at": "2026-10-07T07:41:49+00:00",
  "trials_path": "E:\\ABRL\\worktrees\\research-online-book\\runs\\online-guessing-public-20261007\\candidate-scoped-trials-v1.jsonl",
  "trial_rows": 1,
  "status_counts": {
    "compiled": 1
  },
  "inferred_frontier": {
    "selected_task": "ONLINE-GUESSING-PUBLIC-20261007",
    "selected_leaf": "ONLINE-GUESSING-PUBLIC-20261007",
    "source_status": "compiled",
    "last_accepted_verifier": {
      "trial_index": 0,
      "time": "2026-10-07T07:31:38+00:00",
      "task": "ONLINE-GUESSING-PUBLIC-20261007",
      "role": "lower",
      "kind": "build",
      "status": "compiled",
      "lean": "BanditRLProof\\OnlineGuessingSubgradient.lean",
      "notes": "Existing twelve proof bodies/one loss definition/full27canaries6defs1abbr unchanged;47named-kernel/twelveguards/25directVALUEpairs. ZERO new math. BODY/combined/reader/FINAL/nativeaccepted/PR pending; chapter/Goal incomplete.",
      "run_id": "online-guessing-public-20261007"
    }
  },
  "memory_digest": {
    "path": "E:\\ABRL\\worktrees\\research-online-book\\runs\\online-guessing-public-20261007\\memory-digest-candidate-v1.md",
    "task": ""
  },
  "recorded_frontier": {
    "schema_version": 1,
    "record_id": "frontier-663822673c36ea09",
    "updated_at": "2026-10-07T07:41:49+00:00",
    "root_objective": "Persistent Orabona Chapters1-16; current canonical Example2.32 source/public reuse",
    "current_leaf": {
      "id": "ONLINE-GUESSING-PUBLIC-20261007",
      "kind": "lean",
      "status": "gate-pending",
      "statement": "theorem example_2_32 (y : ℕ → ℝ) (x₁ : ℝ) (hx₁ : x₁ ∈ Icc (0 : ℝ) 1) (T : ℕ) (hT : 0 < T) (hy : ∀ t < T, y t ∈ Icc (0 : ℝ) 1) : ∀ u ∈ Icc (0 : ℝ) 1, (∑ t ∈ range T, (|iterate BanditRL.OnlineGradientDescent.unitInterval (fun _ => 1 / Real.sqrt T) (fun s => loss (y s)) x₁ t - y t| - |u - y t|)) ≤ Real.sqrt T",
      "statement_hash": "14b02b3adc4c26c798258696e2e19943095a4423a232363b7f7ba59248f42b52",
      "declaration": "BanditRL.OnlineGuessingSubgradient.example_2_32",
      "file": "BanditRLProof\\OnlineGuessingSubgradient.lean",
      "source_status": "source-reviewed",
      "dependencies": [
        {
          "kind": "lean",
          "name": "BanditRL.OnlineSubgradientDescent.regret_tuned",
          "status": "compiled"
        },
        {
          "kind": "lean",
          "name": "BanditRL.OnlineGuessingSubgradient.current_subgradient_bound",
          "status": "compiled"
        }
      ]
    },
    "dag": {
      "nodes": [
        {
          "id": "ONLINE-GUESSING-PUBLIC-20261007",
          "kind": "lean",
          "status": "gate-pending",
          "dependencies": [
            {
              "kind": "lean",
              "name": "BanditRL.OnlineSubgradientDescent.regret_tuned",
              "status": "compiled"
            },
            {
              "kind": "lean",
              "name": "BanditRL.OnlineGuessingSubgradient.current_subgradient_bound",
              "status": "compiled"
            }
          ],
          "dispatch_count": 0
        }
      ]
    },
    "last_accepted_verifier": {
      "trial_index": 0,
      "time": "2026-10-07T07:31:38+00:00",
      "task": "ONLINE-GUESSING-PUBLIC-20261007",
      "role": "lower",
      "kind": "build",
      "status": "compiled",
      "lean": "BanditRLProof\\OnlineGuessingSubgradient.lean",
      "notes": "Existing twelve proof bodies/one loss definition/full27canaries6defs1abbr unchanged;47named-kernel/twelveguards/25directVALUEpairs. ZERO new math. BODY/combined/reader/FINAL/nativeaccepted/PR pending; chapter/Goal incomplete.",
      "run_id": "online-guessing-public-20261007"
    },
    "memory_policy": {
      "recent_role_relevant_limit": 5,
      "explicit_verified_lemma_ids": [],
      "whole_history_default": false
    },
    "shadow_gate": {
      "status": "pending",
      "analyzed_trial_rows": 1,
      "mismatches": [],
      "replay_transitions": 0
    },
    "mutation_policy": {
      "canonical_path_queue": true,
      "cross_process_lock": true,
      "same_file_serialized": true,
      "disjoint_files_parallel": true
    },
    "autonomous_execution": {
      "enabled": false,
      "requires_deterministic_gates": true,
      "requires_explicit_user_request": true
    }
  },
  "mismatches": [],
  "would_mutate": false
}
