E:\ABRL\worktrees\research-online-book\runs\online-guessing-public-20261007\leaves\closed-type-comparison-v1.lean:21:15: warning: unused variable `hxy`

Note: This linter can be disabled with `set_option linter.unusedVariables false`
E:\ABRL\worktrees\research-online-book\runs\online-guessing-public-20261007\leaves\closed-type-comparison-v1.lean:29:15: warning: unused variable `hxy`

Note: This linter can be disabled with `set_option linter.unusedVariables false`
E:\ABRL\worktrees\research-online-book\runs\online-guessing-public-20261007\leaves\closed-type-comparison-v1.lean:43:5: warning: unused variable `hg`

Note: This linter can be disabled with `set_option linter.unusedVariables false`
E:\ABRL\worktrees\research-online-book\runs\online-guessing-public-20261007\leaves\closed-type-comparison-v1.lean:48:5: warning: unused variable `hx`

Note: This linter can be disabled with `set_option linter.unusedVariables false`
E:\ABRL\worktrees\research-online-book\runs\online-guessing-public-20261007\leaves\closed-type-comparison-v1.lean:58:5: warning: unused variable `hη`

Note: This linter can be disabled with `set_option linter.unusedVariables false`
E:\ABRL\worktrees\research-online-book\runs\online-guessing-public-20261007\leaves\closed-type-comparison-v1.lean:58:32: warning: unused variable `hy`

Note: This linter can be disabled with `set_option linter.unusedVariables false`
E:\ABRL\worktrees\research-online-book\runs\online-guessing-public-20261007\leaves\closed-type-comparison-v1.lean:63:26: warning: unused variable `hx₁`

Note: This linter can be disabled with `set_option linter.unusedVariables false`
E:\ABRL\worktrees\research-online-book\runs\online-guessing-public-20261007\leaves\closed-type-comparison-v1.lean:64:13: warning: unused variable `hT`

Note: This linter can be disabled with `set_option linter.unusedVariables false`
E:\ABRL\worktrees\research-online-book\runs\online-guessing-public-20261007\leaves\closed-type-comparison-v1.lean:64:26: warning: unused variable `hy`

Note: This linter can be disabled with `set_option linter.unusedVariables false`
E:\ABRL\worktrees\research-online-book\runs\online-guessing-public-20261007\leaves\closed-type-comparison-v1.lean:72:5: warning: unused variable `hx₁`

Note: This linter can be disabled with `set_option linter.unusedVariables false`
E:\ABRL\worktrees\research-online-book\runs\online-guessing-public-20261007\leaves\closed-type-comparison-v1.lean:72:32: warning: unused variable `hy`

Note: This linter can be disabled with `set_option linter.unusedVariables false`
E:\ABRL\worktrees\research-online-book\runs\online-guessing-public-20261007\leaves\closed-type-comparison-v1.lean:73:13: warning: unused variable `hu`

Note: This linter can be disabled with `set_option linter.unusedVariables false`
E:\ABRL\worktrees\research-online-book\runs\online-guessing-public-20261007\leaves\closed-type-comparison-v1.lean:73:46: warning: unused variable `hε`

Note: This linter can be disabled with `set_option linter.unusedVariables false`
NeutralRealLoss.Q01 : Prop
NeutralRealLoss.Q02 : Prop
NeutralRealLoss.Q03 : Prop
NeutralRealLoss.Q04 : Prop
NeutralRealLoss.Q05 : Prop
NeutralRealLoss.Q06 : Prop
NeutralRealLoss.Q07 : Prop
NeutralRealLoss.Q08 : Prop
NeutralRealLoss.Q09 : Prop
NeutralRealLoss.Q10 : Prop
NeutralRealLoss.Q11 : Prop
NeutralRealLoss.Q12 : Prop
E:\ABRL\worktrees\research-online-book\runs\online-guessing-public-20261007\leaves\closed-type-comparison-v1.lean:101:15: warning: unused variable `hxy`

Note: This linter can be disabled with `set_option linter.unusedVariables false`
E:\ABRL\worktrees\research-online-book\runs\online-guessing-public-20261007\leaves\closed-type-comparison-v1.lean:109:15: warning: unused variable `hxy`

Note: This linter can be disabled with `set_option linter.unusedVariables false`
E:\ABRL\worktrees\research-online-book\runs\online-guessing-public-20261007\leaves\closed-type-comparison-v1.lean:123:5: warning: unused variable `hg`

Note: This linter can be disabled with `set_option linter.unusedVariables false`
E:\ABRL\worktrees\research-online-book\runs\online-guessing-public-20261007\leaves\closed-type-comparison-v1.lean:128:5: warning: unused variable `hx`

Note: This linter can be disabled with `set_option linter.unusedVariables false`
E:\ABRL\worktrees\research-online-book\runs\online-guessing-public-20261007\leaves\closed-type-comparison-v1.lean:138:5: warning: unused variable `hη`

Note: This linter can be disabled with `set_option linter.unusedVariables false`
E:\ABRL\worktrees\research-online-book\runs\online-guessing-public-20261007\leaves\closed-type-comparison-v1.lean:138:32: warning: unused variable `hy`

Note: This linter can be disabled with `set_option linter.unusedVariables false`
E:\ABRL\worktrees\research-online-book\runs\online-guessing-public-20261007\leaves\closed-type-comparison-v1.lean:143:26: warning: unused variable `hx₁`

Note: This linter can be disabled with `set_option linter.unusedVariables false`
E:\ABRL\worktrees\research-online-book\runs\online-guessing-public-20261007\leaves\closed-type-comparison-v1.lean:144:13: warning: unused variable `hT`

Note: This linter can be disabled with `set_option linter.unusedVariables false`
E:\ABRL\worktrees\research-online-book\runs\online-guessing-public-20261007\leaves\closed-type-comparison-v1.lean:144:26: warning: unused variable `hy`

Note: This linter can be disabled with `set_option linter.unusedVariables false`
E:\ABRL\worktrees\research-online-book\runs\online-guessing-public-20261007\leaves\closed-type-comparison-v1.lean:152:5: warning: unused variable `hx₁`

Note: This linter can be disabled with `set_option linter.unusedVariables false`
E:\ABRL\worktrees\research-online-book\runs\online-guessing-public-20261007\leaves\closed-type-comparison-v1.lean:152:32: warning: unused variable `hy`

Note: This linter can be disabled with `set_option linter.unusedVariables false`
E:\ABRL\worktrees\research-online-book\runs\online-guessing-public-20261007\leaves\closed-type-comparison-v1.lean:153:13: warning: unused variable `hu`

Note: This linter can be disabled with `set_option linter.unusedVariables false`
E:\ABRL\worktrees\research-online-book\runs\online-guessing-public-20261007\leaves\closed-type-comparison-v1.lean:153:46: warning: unused variable `hε`

Note: This linter can be disabled with `set_option linter.unusedVariables false`
