{
  "time": "2026-10-07T07:31:38+00:00",
  "task": "ONLINE-GUESSING-PUBLIC-20261007",
  "role": "lower",
  "kind": "build",
  "status": "compiled",
  "notes": "Existing twelve proof bodies/one loss definition/full27canaries6defs1abbr unchanged;47named-kernel/twelveguards/25directVALUEpairs. ZERO new math. BODY/combined/reader/FINAL/nativeaccepted/PR pending; chapter/Goal incomplete.",
  "lean": "BanditRLProof\\OnlineGuessingSubgradient.lean",
  "source": "",
  "run_id": "online-guessing-public-20261007",
  "changed_files": [],
  "statement_hash": "14b02b3adc4c26c798258696e2e19943095a4423a232363b7f7ba59248f42b52",
  "parent_id": "",
  "route_fingerprint": "",
  "verifier_evidence": [
    "E:\\ABRL\\worktrees\\research-online-book\\runs\\online-guessing-public-20261007\\body-bindings-v1.json"
  ],
  "harness": "hierarchical",
  "experiment_id": "",
  "target_fingerprint": "",
  "route_packet_hash": "",
  "attempt_id": "GUESSING-PUBLIC-REUSE-V1",
  "worker_id": "",
  "progress_class": "retrieval-reuse",
  "reviewer_validated": false,
  "obligations_before": 0,
  "obligations_after": 0,
  "new_declarations": [],
  "reused_declarations": [
    "BanditRL.OnlineGuessingSubgradient.example_2_32"
  ],
  "dag_nodes": 0,
  "dag_depth": 0,
  "elapsed_seconds": 0.0,
  "lean_check_seconds": 0.0,
  "prompt_chars": 0,
  "input_tokens": 0,
  "output_tokens": 0,
  "error_signature": ""
}
