E:\ABRL\worktrees\research-online-book\runs\online-guessing-public-20261007\leaves\neutral-propositions-v1.lean:20:15: warning: unused variable `hxy`

Note: This linter can be disabled with `set_option linter.unusedVariables false`
E:\ABRL\worktrees\research-online-book\runs\online-guessing-public-20261007\leaves\neutral-propositions-v1.lean:28:15: warning: unused variable `hxy`

Note: This linter can be disabled with `set_option linter.unusedVariables false`
E:\ABRL\worktrees\research-online-book\runs\online-guessing-public-20261007\leaves\neutral-propositions-v1.lean:42:5: warning: unused variable `hg`

Note: This linter can be disabled with `set_option linter.unusedVariables false`
E:\ABRL\worktrees\research-online-book\runs\online-guessing-public-20261007\leaves\neutral-propositions-v1.lean:47:5: warning: unused variable `hx`

Note: This linter can be disabled with `set_option linter.unusedVariables false`
E:\ABRL\worktrees\research-online-book\runs\online-guessing-public-20261007\leaves\neutral-propositions-v1.lean:57:5: warning: unused variable `hη`

Note: This linter can be disabled with `set_option linter.unusedVariables false`
E:\ABRL\worktrees\research-online-book\runs\online-guessing-public-20261007\leaves\neutral-propositions-v1.lean:57:32: warning: unused variable `hy`

Note: This linter can be disabled with `set_option linter.unusedVariables false`
E:\ABRL\worktrees\research-online-book\runs\online-guessing-public-20261007\leaves\neutral-propositions-v1.lean:62:26: warning: unused variable `hx₁`

Note: This linter can be disabled with `set_option linter.unusedVariables false`
E:\ABRL\worktrees\research-online-book\runs\online-guessing-public-20261007\leaves\neutral-propositions-v1.lean:63:13: warning: unused variable `hT`

Note: This linter can be disabled with `set_option linter.unusedVariables false`
E:\ABRL\worktrees\research-online-book\runs\online-guessing-public-20261007\leaves\neutral-propositions-v1.lean:63:26: warning: unused variable `hy`

Note: This linter can be disabled with `set_option linter.unusedVariables false`
E:\ABRL\worktrees\research-online-book\runs\online-guessing-public-20261007\leaves\neutral-propositions-v1.lean:71:5: warning: unused variable `hx₁`

Note: This linter can be disabled with `set_option linter.unusedVariables false`
E:\ABRL\worktrees\research-online-book\runs\online-guessing-public-20261007\leaves\neutral-propositions-v1.lean:71:32: warning: unused variable `hy`

Note: This linter can be disabled with `set_option linter.unusedVariables false`
E:\ABRL\worktrees\research-online-book\runs\online-guessing-public-20261007\leaves\neutral-propositions-v1.lean:72:13: warning: unused variable `hu`

Note: This linter can be disabled with `set_option linter.unusedVariables false`
E:\ABRL\worktrees\research-online-book\runs\online-guessing-public-20261007\leaves\neutral-propositions-v1.lean:72:46: warning: unused variable `hε`

Note: This linter can be disabled with `set_option linter.unusedVariables false`
NeutralRealLoss.Q01 : Prop
NeutralRealLoss.Q02 : Prop
NeutralRealLoss.Q03 : Prop
NeutralRealLoss.Q04 : Prop
NeutralRealLoss.Q05 : Prop
NeutralRealLoss.Q06 : Prop
NeutralRealLoss.Q07 : Prop
NeutralRealLoss.Q08 : Prop
NeutralRealLoss.Q09 : Prop
NeutralRealLoss.Q10 : Prop
NeutralRealLoss.Q11 : Prop
NeutralRealLoss.Q12 : Prop
