⚠ [3300/3324] Replayed BanditRLProof.OnlineConvexBarycenter
warning: BanditRLProof/OnlineConvexBarycenter.lean:59:0: automatically included section variable(s) unused in theorem `BanditRL.OnlineConvex.integral_mem_convex_finiteDimensional`:
  [MeasurableSpace E]
  [BorelSpace E]
consider restructuring your `variable` declarations so that the variables are not in scope or explicitly omit them:
  omit [MeasurableSpace E] [BorelSpace E] in theorem ...

Note: This linter can be disabled with `set_option linter.unusedSectionVars false`
⚠ [3312/3324] Replayed BanditRLProof.OnlineConvexExtended
warning: BanditRLProof/OnlineConvexExtended.lean:46:0: automatically included section variable(s) unused in theorem `BanditRL.OnlineConvex.effectiveDomain_indicator`:
  [AddCommGroup E]
  [Module ℝ E]
consider restructuring your `variable` declarations so that the variables are not in scope or explicitly omit them:
  omit [AddCommGroup E] [Module ℝ E] in theorem ...

Note: This linter can be disabled with `set_option linter.unusedSectionVars false`
warning: BanditRLProof/OnlineConvexExtended.lean:66:0: automatically included section variable(s) unused in theorem `BanditRL.OnlineConvex.realEpigraph_toReal`:
  [AddCommGroup E]
  [Module ℝ E]
consider restructuring your `variable` declarations so that the variables are not in scope or explicitly omit them:
  omit [AddCommGroup E] [Module ℝ E] in theorem ...

Note: This linter can be disabled with `set_option linter.unusedSectionVars false`
⚠ [3314/3324] Replayed BanditRLProof.OnlineClosedProper
warning: BanditRLProof/OnlineClosedProper.lean:59:0: automatically included section variable(s) unused in theorem `BanditRL.OnlineConvex.sourceProper_indicator_iff`:
  [TopologicalSpace E]
consider restructuring your `variable` declarations so that the variables are not in scope or explicitly omit them:
  omit [TopologicalSpace E] in theorem ...

Note: This linter can be disabled with `set_option linter.unusedSectionVars false`
⚠ [3316/3324] Replayed BanditRLProof.OnlineConvexFirstOrder
warning: BanditRLProof/OnlineConvexFirstOrder.lean:11:0: automatically included section variable(s) unused in theorem `BanditRL.OnlineConvex.finitePart_eventually`:
  [InnerProductSpace ℝ E]
  [CompleteSpace E]
consider restructuring your `variable` declarations so that the variables are not in scope or explicitly omit them:
  omit [InnerProductSpace ℝ E] [CompleteSpace E] in theorem ...

Note: This linter can be disabled with `set_option linter.unusedSectionVars false`
⚠ [3318/3324] Replayed BanditRLProof.OnlineSubgradientDifferentiability
warning: BanditRLProof/OnlineSubgradientDifferentiability.lean:17:0: automatically included section variable(s) unused in theorem `BanditRL.OnlineConvex.subgradient_norm_le_lipschitz_ball`:
  [FiniteDimensional ℝ E]
consider restructuring your `variable` declarations so that the variables are not in scope or explicitly omit them:
  omit [FiniteDimensional ℝ E] in theorem ...

Note: This linter can be disabled with `set_option linter.unusedSectionVars false`
warning: BanditRLProof/OnlineSubgradientDifferentiability.lean:247:0: automatically included section variable(s) unused in theorem `BanditRL.OnlineConvex.sourceDifferentiableAt_regular`:
  [FiniteDimensional ℝ E]
consider restructuring your `variable` declarations so that the variables are not in scope or explicitly omit them:
  omit [FiniteDimensional ℝ E] in theorem ...

Note: This linter can be disabled with `set_option linter.unusedSectionVars false`
warning: BanditRLProof/OnlineSubgradientDifferentiability.lean:294:13: unused variable `hx`

Note: This linter can be disabled with `set_option linter.unusedVariables false`
⚠ [3321/3324] Replayed BanditRLProof.OnlineSubgradientMax
warning: BanditRLProof/OnlineSubgradientMax.lean:47:0: automatically included section variable(s) unused in theorem `BanditRL.OnlineConvex.finiteMax_attained`:
  [NormedAddCommGroup E]
  [InnerProductSpace ℝ E]
consider restructuring your `variable` declarations so that the variables are not in scope or explicitly omit them:
  omit [NormedAddCommGroup E] [InnerProductSpace ℝ E] in theorem ...

Note: This linter can be disabled with `set_option linter.unusedSectionVars false`
warning: BanditRLProof/OnlineSubgradientMax.lean:95:0: automatically included section variable(s) unused in theorem `BanditRL.OnlineConvex.continuousAt_mem_domain_interior`:
  [InnerProductSpace ℝ E]
consider restructuring your `variable` declarations so that the variables are not in scope or explicitly omit them:
  omit [InnerProductSpace ℝ E] in theorem ...

Note: This linter can be disabled with `set_option linter.unusedSectionVars false`
warning: BanditRLProof/OnlineSubgradientMax.lean:228:0: automatically included section variable(s) unused in theorem `BanditRL.OnlineConvex.continuousAt_finite_toReal`:
  [InnerProductSpace ℝ E]
consider restructuring your `variable` declarations so that the variables are not in scope or explicitly omit them:
  omit [InnerProductSpace ℝ E] in theorem ...

Note: This linter can be disabled with `set_option linter.unusedSectionVars false`
⚠ [3322/3324] Replayed BanditRLProof.OnlineHinge
warning: BanditRLProof/OnlineHinge.lean:79:6: try 'simp' instead of 'simpa'

Note: This linter can be disabled with `set_option linter.unnecessarySimpa false`
⚠ [3323/3324] Built BanditRLProof.OnlineSubgradientDescent (14s)
warning: BanditRLProof/OnlineSubgradientDescent.lean:71:0: automatically included section variable(s) unused in theorem `BanditRL.OnlineSubgradientDescent.currentSubgradient_mem`:
  [FiniteDimensional ℝ E]
consider restructuring your `variable` declarations so that the variables are not in scope or explicitly omit them:
  omit [FiniteDimensional ℝ E] in theorem ...

Note: This linter can be disabled with `set_option linter.unusedSectionVars false`
⚠ [3324/3324] Built Tests.OnlineSubgradientDescentCanary (18s)
info: Tests/OnlineSubgradientDescentCanary.lean:47:0: 'OSDOutsideProbe.arbitrary_current_and_actual_clipping' depends on axioms: [propext, Classical.choice, Quot.sound]
warning: Tests/OnlineSubgradientDescentCanary.lean:168:30: Used `tac1 <;> tac2` where `(tac1; tac2)` would suffice

Note: This linter can be disabled with `set_option linter.unnecessarySeqFocus false`
info: Tests/OnlineSubgradientDescentCanary.lean:227:0: 'OSDAlgorithmProbe.absolute_on' depends on axioms: [propext, Classical.choice, Quot.sound]
info: Tests/OnlineSubgradientDescentCanary.lean:228:0: 'OSDAlgorithmProbe.chosen_norm' depends on axioms: [propext, Classical.choice, Quot.sound]
info: Tests/OnlineSubgradientDescentCanary.lean:229:0: 'OSDAlgorithmProbe.fixed_clipped_two_round' depends on axioms: [propext, Classical.choice, Quot.sound]
info: Tests/OnlineSubgradientDescentCanary.lean:230:0: 'OSDAlgorithmProbe.fixed_bound_with_terminal' depends on axioms: [propext, Classical.choice, Quot.sound]
info: Tests/OnlineSubgradientDescentCanary.lean:231:0: 'OSDAlgorithmProbe.fixed_terminal_positive' depends on axioms: [propext, Classical.choice, Quot.sound]
info: Tests/OnlineSubgradientDescentCanary.lean:232:0: 'OSDAlgorithmProbe.variable_bound_with_terminal' depends on axioms: [propext, Classical.choice, Quot.sound]
info: Tests/OnlineSubgradientDescentCanary.lean:233:0: 'OSDAlgorithmProbe.variable_nonconstant_and_terminal' depends on axioms: [propext, Classical.choice, Quot.sound]
info: Tests/OnlineSubgradientDescentCanary.lean:234:0: 'OSDAlgorithmProbe.tuned_all_comparators' depends on axioms: [propext, Classical.choice, Quot.sound]
info: Tests/OnlineSubgradientDescentCanary.lean:235:0: 'OSDAlgorithmProbe.future_inputs_do_not_change_output' depends on axioms: [propext, Classical.choice, Quot.sound]
info: Tests/OnlineSubgradientDescentCanary.lean:236:0: 'OSDAlgorithmProbe.zero_horizon' depends on axioms: [propext, Classical.choice, Quot.sound]
Build completed successfully (3324 jobs).
