'BanditRL.OnlineSubgradientDescent.Domain' depends on axioms: [propext, Classical.choice, Quot.sound]
'BanditRL.OnlineSubgradientDescent.SubdifferentiableOn' depends on axioms: [propext, Classical.choice, Quot.sound]
'BanditRL.OnlineSubgradientDescent.currentSubgradient' depends on axioms: [propext, Classical.choice, Quot.sound]
'BanditRL.OnlineSubgradientDescent.step' depends on axioms: [propext, Classical.choice, Quot.sound]
'BanditRL.OnlineSubgradientDescent.iterate' depends on axioms: [propext, Classical.choice, Quot.sound]
'BanditRL.OnlineSubgradientDescent.regret' depends on axioms: [propext, Classical.choice, Quot.sound]
'BanditRL.OnlineSubgradientDescent.lemma_2_31' depends on axioms: [propext, Classical.choice, Quot.sound]
'BanditRL.OnlineSubgradientDescent.currentSubgradient_mem' depends on axioms: [propext, Classical.choice, Quot.sound]
'BanditRL.OnlineSubgradientDescent.finite_loss' depends on axioms: [propext, Classical.choice, Quot.sound]
'BanditRL.OnlineSubgradientDescent.iterate_mem' depends on axioms: [propext, Classical.choice, Quot.sound]
'BanditRL.OnlineSubgradientDescent.iterate_prefix' depends on axioms: [propext, Classical.choice, Quot.sound]
'BanditRL.OnlineSubgradientDescent.iterate_support' depends on axioms: [propext, Classical.choice, Quot.sound]
'BanditRL.OnlineSubgradientDescent.iterate_finite_loss' depends on axioms: [propext, Classical.choice, Quot.sound]
'BanditRL.OnlineSubgradientDescent.one_step_chain' depends on axioms: [propext, Classical.choice, Quot.sound]
'BanditRL.OnlineSubgradientDescent.one_step' depends on axioms: [propext, Classical.choice, Quot.sound]
'BanditRL.OnlineSubgradientDescent.regret_fixed' depends on axioms: [propext, Classical.choice, Quot.sound]
'BanditRL.OnlineSubgradientDescent.regret_fixed_coarse' depends on axioms: [propext, Classical.choice, Quot.sound]
'BanditRL.OnlineSubgradientDescent.regret_variable_bound' depends on axioms: [propext, Classical.choice, Quot.sound]
'BanditRL.OnlineSubgradientDescent.regret_variable' depends on axioms: [propext, Classical.choice, Quot.sound]
'BanditRL.OnlineSubgradientDescent.regret_tuned_distance' depends on axioms: [propext, Classical.choice, Quot.sound]
'BanditRL.OnlineSubgradientDescent.regret_tuned' depends on axioms: [propext, Classical.choice, Quot.sound]
'OSDOutsideProbe.interval' depends on axioms: [propext, Classical.choice, Quot.sound]
'OSDOutsideProbe.linearLoss' depends on axioms: [propext, Classical.choice, Quot.sound]
'OSDOutsideProbe.linear_on' depends on axioms: [propext, Classical.choice, Quot.sound]
'OSDOutsideProbe.support_at_two' depends on axioms: [propext, Classical.choice, Quot.sound]
'OSDOutsideProbe.project_neg_four' depends on axioms: [propext, Classical.choice, Quot.sound]
'OSDOutsideProbe.arbitrary_current_and_actual_clipping' depends on axioms: [propext, Classical.choice, Quot.sound]
'OSDAlgorithmProbe.interval' depends on axioms: [propext, Classical.choice, Quot.sound]
'OSDAlgorithmProbe.absoluteLoss' depends on axioms: [propext, Classical.choice, Quot.sound]
'OSDAlgorithmProbe.losses' depends on axioms: [propext, Classical.choice, Quot.sound]
'OSDAlgorithmProbe.absolute_on' depends on axioms: [propext, Classical.choice, Quot.sound]
'OSDAlgorithmProbe.chosen_positive' depends on axioms: [propext, Classical.choice, Quot.sound]
'OSDAlgorithmProbe.chosen_negative' depends on axioms: [propext, Classical.choice, Quot.sound]
'OSDAlgorithmProbe.chosen_norm' depends on axioms: [propext, Classical.choice, Quot.sound]
'OSDAlgorithmProbe.project_neg_two' depends on axioms: [propext, Classical.choice, Quot.sound]
'OSDAlgorithmProbe.project_two' depends on axioms: [propext, Classical.choice, Quot.sound]
'OSDAlgorithmProbe.project_one' depends on axioms: [propext, Classical.choice, Quot.sound]
'OSDAlgorithmProbe.fixed_first' depends on axioms: [propext, Classical.choice, Quot.sound]
'OSDAlgorithmProbe.fixed_second' depends on axioms: [propext, Classical.choice, Quot.sound]
'OSDAlgorithmProbe.fixed_clipped_two_round' depends on axioms: [propext, Classical.choice, Quot.sound]
'OSDAlgorithmProbe.fixed_bound_with_terminal' depends on axioms: [propext, Classical.choice, Quot.sound]
'OSDAlgorithmProbe.fixed_terminal_positive' depends on axioms: [propext, Classical.choice, Quot.sound]
'OSDAlgorithmProbe.variableEta' depends on axioms: [propext, Classical.choice, Quot.sound]
'OSDAlgorithmProbe.variable_first' depends on axioms: [propext, Classical.choice, Quot.sound]
'OSDAlgorithmProbe.variable_second' depends on axioms: [propext, Classical.choice, Quot.sound]
'OSDAlgorithmProbe.diameter_two' depends on axioms: [propext, Classical.choice, Quot.sound]
'OSDAlgorithmProbe.variable_bound_with_terminal' depends on axioms: [propext, Classical.choice, Quot.sound]
'OSDAlgorithmProbe.variable_nonconstant_and_terminal' depends on axioms: [propext, Classical.choice, Quot.sound]
'OSDAlgorithmProbe.tuned_all_comparators' depends on axioms: [propext, Classical.choice, Quot.sound]
'OSDAlgorithmProbe.futureEta' depends on axioms: [propext, Classical.choice, Quot.sound]
'OSDAlgorithmProbe.futureLoss' depends on axioms: [propext, Classical.choice, Quot.sound]
'OSDAlgorithmProbe.future_inputs_do_not_change_output' depends on axioms: [propext, Classical.choice, Quot.sound]
'OSDAlgorithmProbe.zero_horizon' depends on axioms: [propext, Classical.choice, Quot.sound]
