runs/online-osd-20261004/full-harness-02.log:720: trailing whitespace.
+  
runs/online-osd-20261004/full-harness-02.log:722: trailing whitespace.
+    
runs/online-osd-20261004/full-harness-02.log:727: trailing whitespace.
+  
runs/online-osd-20261004/full-harness-02.log:729: trailing whitespace.
+    
runs/online-osd-20261004/full-harness-02.log:890: trailing whitespace.
+  
runs/online-osd-20261004/full-harness-02.log:892: trailing whitespace.
+    
runs/online-osd-20261004/full-harness-02.log:1041: trailing whitespace.
+  
runs/online-osd-20261004/full-harness-02.log:1043: trailing whitespace.
+    
runs/online-osd-20261004/full-harness-02.log:1212: trailing whitespace.
+  
runs/online-osd-20261004/full-harness-02.log:1214: trailing whitespace.
+    
runs/online-osd-20261004/full-harness-02.log:1254: trailing whitespace.
+  
runs/online-osd-20261004/full-harness-02.log:1256: trailing whitespace.
+    
runs/online-osd-20261004/full-harness-02.log:1749: trailing whitespace.
+  
runs/online-osd-20261004/full-harness-02.log:1751: trailing whitespace.
+    
runs/online-osd-20261004/full-harness-02.log:1800: trailing whitespace.
+  
runs/online-osd-20261004/full-harness-02.log:1802: trailing whitespace.
+    
runs/online-osd-20261004/full-harness-02.log:3537: trailing whitespace.
+  
runs/online-osd-20261004/full-harness-02.log:3539: trailing whitespace.
+    
runs/online-osd-20261004/full-harness-02.log:3544: trailing whitespace.
+  
runs/online-osd-20261004/full-harness-02.log:3546: trailing whitespace.
+    
runs/online-osd-20261004/full-harness-02.log:3707: trailing whitespace.
+  
runs/online-osd-20261004/full-harness-02.log:3709: trailing whitespace.
+    
runs/online-osd-20261004/full-harness-02.log:3858: trailing whitespace.
+  
runs/online-osd-20261004/full-harness-02.log:3860: trailing whitespace.
+    
runs/online-osd-20261004/full-harness-02.log:4029: trailing whitespace.
+  
runs/online-osd-20261004/full-harness-02.log:4031: trailing whitespace.
+    
runs/online-osd-20261004/full-harness-02.log:4071: trailing whitespace.
+  
runs/online-osd-20261004/full-harness-02.log:4073: trailing whitespace.
+    
runs/online-osd-20261004/full-harness-02.log:4566: trailing whitespace.
+  
runs/online-osd-20261004/full-harness-02.log:4568: trailing whitespace.
+    
runs/online-osd-20261004/full-harness-02.log:4617: trailing whitespace.
+  
runs/online-osd-20261004/full-harness-02.log:4619: trailing whitespace.
+    
runs/online-osd-20261004/full-harness-02.log:8922: trailing whitespace.
+  
runs/online-osd-20261004/full-harness-02.log:8924: trailing whitespace.
+    
runs/online-osd-20261004/full-harness.log:792: trailing whitespace.
+  
runs/online-osd-20261004/full-harness.log:794: trailing whitespace.
+    
runs/online-osd-20261004/full-harness.log:943: trailing whitespace.
+  
runs/online-osd-20261004/full-harness.log:945: trailing whitespace.
+    
runs/online-osd-20261004/full-harness.log:1114: trailing whitespace.
+  
runs/online-osd-20261004/full-harness.log:1116: trailing whitespace.
+    
runs/online-osd-20261004/full-harness.log:1156: trailing whitespace.
+  
runs/online-osd-20261004/full-harness.log:1158: trailing whitespace.
+    
runs/online-osd-20261004/full-harness.log:1638: trailing whitespace.
+  
runs/online-osd-20261004/full-harness.log:1640: trailing whitespace.
+    
runs/online-osd-20261004/full-harness.log:1645: trailing whitespace.
+  
runs/online-osd-20261004/full-harness.log:1647: trailing whitespace.
+    
runs/online-osd-20261004/full-harness.log:1749: trailing whitespace.
+  
runs/online-osd-20261004/full-harness.log:1751: trailing whitespace.
+    
runs/online-osd-20261004/full-harness.log:1800: trailing whitespace.
+  
runs/online-osd-20261004/full-harness.log:1802: trailing whitespace.
+    
runs/online-osd-20261004/full-harness.log:3537: trailing whitespace.
+  
runs/online-osd-20261004/full-harness.log:3539: trailing whitespace.
+    
runs/online-osd-20261004/full-harness.log:3544: trailing whitespace.
+  
runs/online-osd-20261004/full-harness.log:3546: trailing whitespace.
+    
runs/online-osd-20261004/full-harness.log:3707: trailing whitespace.
+  
runs/online-osd-20261004/full-harness.log:3709: trailing whitespace.
+    
runs/online-osd-20261004/full-harness.log:3858: trailing whitespace.
+  
runs/online-osd-20261004/full-harness.log:3860: trailing whitespace.
+    
runs/online-osd-20261004/full-harness.log:4029: trailing whitespace.
+  
runs/online-osd-20261004/full-harness.log:4031: trailing whitespace.
+    
runs/online-osd-20261004/full-harness.log:4071: trailing whitespace.
+  
runs/online-osd-20261004/full-harness.log:4073: trailing whitespace.
+    
runs/online-osd-20261004/full-harness.log:4566: trailing whitespace.
+  
runs/online-osd-20261004/full-harness.log:4568: trailing whitespace.
+    
runs/online-osd-20261004/full-harness.log:4617: trailing whitespace.
+  
runs/online-osd-20261004/full-harness.log:4619: trailing whitespace.
+    
runs/online-osd-20261004/full-harness.log:8922: trailing whitespace.
+  
runs/online-osd-20261004/full-harness.log:8924: trailing whitespace.
+    
runs/online-osd-20261004/root-build.log:686: trailing whitespace.
+  
runs/online-osd-20261004/root-build.log:688: trailing whitespace.
+    
runs/online-osd-20261004/root-build.log:837: trailing whitespace.
+  
runs/online-osd-20261004/root-build.log:839: trailing whitespace.
+    
runs/online-osd-20261004/root-build.log:1098: trailing whitespace.
+  
runs/online-osd-20261004/root-build.log:1100: trailing whitespace.
+    
runs/online-osd-20261004/root-build.log:1140: trailing whitespace.
+  
runs/online-osd-20261004/root-build.log:1142: trailing whitespace.
+    
runs/online-osd-20261004/root-build.log:1706: trailing whitespace.
+  
runs/online-osd-20261004/root-build.log:1708: trailing whitespace.
+    
runs/online-osd-20261004/root-build.log:1713: trailing whitespace.
+  
runs/online-osd-20261004/root-build.log:1715: trailing whitespace.
+    
runs/online-osd-20261004/root-build.log:1754: trailing whitespace.
+  
runs/online-osd-20261004/root-build.log:1756: trailing whitespace.
+    
runs/online-osd-20261004/root-build.log:1810: trailing whitespace.
+  
runs/online-osd-20261004/root-build.log:1812: trailing whitespace.
+    
runs/online-osd-20261004/tests-build.log:1310: trailing whitespace.
+  
runs/online-osd-20261004/tests-build.log:1312: trailing whitespace.
+    
runs/online-osd-20261004/tests-build.log:1317: trailing whitespace.
+  
runs/online-osd-20261004/tests-build.log:1319: trailing whitespace.
+    
runs/online-osd-20261004/tests-build.log:1480: trailing whitespace.
+  
runs/online-osd-20261004/tests-build.log:1482: trailing whitespace.
+    
runs/online-osd-20261004/tests-build.log:1631: trailing whitespace.
+  
runs/online-osd-20261004/tests-build.log:1633: trailing whitespace.
+    
runs/online-osd-20261004/tests-build.log:1802: trailing whitespace.
+  
runs/online-osd-20261004/tests-build.log:1804: trailing whitespace.
+    
runs/online-osd-20261004/tests-build.log:1844: trailing whitespace.
+  
runs/online-osd-20261004/tests-build.log:1846: trailing whitespace.
+    
runs/online-osd-20261004/tests-build.log:2339: trailing whitespace.
+  
runs/online-osd-20261004/tests-build.log:2341: trailing whitespace.
+    
runs/online-osd-20261004/tests-build.log:2390: trailing whitespace.
+  
runs/online-osd-20261004/tests-build.log:2392: trailing whitespace.
+    
runs/online-osd-20261004/tests-build.log:6695: trailing whitespace.
+  
runs/online-osd-20261004/tests-build.log:6697: trailing whitespace.
+    
