SITE CHECK PASSED
- HTML pages: 933
- modules: 833
- declarations: 10678
- highlights: 224
- milestones: 97
- textbook crosswalks: 35
- source theorem restatements: 62
- BanditRLwiki settings/cases/papers: 7/13/19
- BanditRLwiki theorem surfaces: 27
- BanditRLwiki literature-open/formalization-open cases: 0/13
- BanditRLwiki named formalization leaves: 36
- BanditRLwiki active source-frozen ports: 2
- Live Formalization mappings: 224
- Mermaid blocks: 19
- Lean source links: 11785
- internal links and anchors: valid
- README relative links: valid
- MathJax loader and readable mathematical fallbacks: valid
- GitHub Pages workflow: complete
