{
  "id": "mem-9cccf2455b96658c",
  "created_at": "2026-10-07T16:54:53+00:00",
  "type": "source_fact",
  "task": "ONLINE-REGRET-DOMAINS-20261007",
  "provenance": {
    "kind": "local_first_retrieval",
    "reference": "E:\\ABRL\\worktrees\\research-online-book\\runs\\online-regret-domains-20261007\\all-canary-bodies-v1-exit.json"
  },
  "assumptions": [],
  "declaration": "",
  "file": "",
  "status": "verified",
  "verifier_evidence": [
    "Tests\\OnlineLearningRegretDomainsCanary.lean"
  ],
  "supersession": {
    "supersedes": [],
    "reason": ""
  },
  "roles": [],
  "details": {
    "query": "Typed W-loss W-output V comparator embedding and per-comparator eventual upper no-regret",
    "search_order": [
      "local declarations",
      "ABRL theorem cards",
      "Mathlib cards"
    ],
    "candidates": [
      "BanditRL.OnlineLearning.comparatorRegret_eq_sum",
      "BanditRL.OnlineLearning.noRegret_of_vanishing_bound"
    ],
    "rejections": [],
    "compiled_scratch": "Tests\\OnlineLearningRegretDomainsCanary.lean"
  }
}
