{
  "schema_version": 1,
  "entry_id": "entry-22b76988bbf19505",
  "session_id": "ONLINE-REGRET-DOMAINS-20261007",
  "sequence": 8,
  "parent_id": "entry-9c15335251cde9d9",
  "event_type": "accepted",
  "created_at": "2026-10-07T16:54:52+00:00",
  "payload": {
    "run_id": "online-regret-domains-20261007",
    "contract_version": 1,
    "accepted_decision": "E:/ABRL/worktrees/research-online-book/runs/online-regret-domains-20261007/accepted-decision-v1.json",
    "source_package_accepted": true,
    "chapter_complete": false,
    "goal_complete": false,
    "merged": false,
    "live": false,
    "new_public_math": 0,
    "new_public_definitions": 0,
    "new_source_subobligation_closures": 1,
    "new_production_registry_nodes": 0,
    "new_named_validation_proofs": 8
  }
}
