{
  "time": "2026-10-07T16:54:52+00:00",
  "task": "ONLINE-REGRET-DOMAINS-20261007",
  "role": "reviewer",
  "kind": "review",
  "status": "accepted",
  "notes": "ONLINE-REGRET-DOMAINS-20261007 One required typed W/V loss-domain/comparator model mapping audited with actual shared Regret API. Existing two public proofs/two definitions reused; zero new production mathematics/definitions/registry nodes. Eight validation proofs/eight fixture definitions are tests. Full C1 regret/minimum and no-regret reconciliation, logarithmic lower-bound/source claim and other mandatory module audits remain required. Inventory16 source items/mandatory proof totalnull. Six OTHER main-relative contributor gaps FAILUNWAIVED. Chapter2incomplete/null;3–16unenumerated/necessaryappendicesrequired/totalGoalACTIVE. ExactOPENunmergedPR189stack; no main/live/merge/deploy/retirement. Distinct required reused automated roles/history disclosed/requestedAstra-medium/no external human or runtime attestation. Actual20kernel10Props10definitionidentities10fullnativeguards3VALUEpairs/root9093Tests9245/harness472skip7. Source arbitrary-carrier/ordinarylimit versus eventualepsilon interpretation explicit. Supplied sameprediction, no causal producer/minimumexistence; concrete negativegame loss/output derivedbound0. Same10835registryIDsURLs/hashesequal,8currentpanels root-viewed. Retained untrackedcanary,index-orderN/A,manifestcase,verifierUI/raw-copy failures repaired without target weakening.",
  "lean": "",
  "source": "",
  "run_id": "online-regret-domains-20261007",
  "changed_files": [],
  "statement_hash": "050a5f1f69f3fd5ac7629a4c3f6f32cdafd356f3ca02446032778f8b1c903d06",
  "parent_id": "",
  "route_fingerprint": "",
  "verifier_evidence": [
    "E:\\ABRL\\worktrees\\research-online-book\\runs\\online-regret-domains-20261007\\final-reader-receipt-v1.json"
  ],
  "harness": "hierarchical",
  "experiment_id": "",
  "target_fingerprint": "",
  "route_packet_hash": "",
  "attempt_id": "REGRET-DOMAINS-BODIES-V1",
  "worker_id": "",
  "progress_class": "retrieval-reuse",
  "reviewer_validated": true,
  "obligations_before": 0,
  "obligations_after": 0,
  "new_declarations": [],
  "reused_declarations": [
    "BanditRL.OnlineLearning.comparatorRegret_eq_sum",
    "BanditRL.OnlineLearning.noRegret_of_vanishing_bound"
  ],
  "dag_nodes": 0,
  "dag_depth": 0,
  "elapsed_seconds": 0.0,
  "lean_check_seconds": 0.0,
  "prompt_chars": 0,
  "input_tokens": 0,
  "output_tokens": 0,
  "error_signature": ""
}
