{
  "id": "mem-e831ed773c9dbb5f",
  "created_at": "2026-10-07T16:54:53+00:00",
  "type": "checkpoint",
  "task": "ONLINE-REGRET-DOMAINS-20261007",
  "provenance": {
    "kind": "source-reviewed-shared-API-model-mapping",
    "reference": "E:\\ABRL\\worktrees\\research-online-book\\runs\\online-regret-domains-20261007\\accepted-decision-v1.json"
  },
  "assumptions": [],
  "declaration": "BanditRL.OnlineLearning.comparatorRegret_eq_sum",
  "file": "BanditRLProof\\OnlineLearningRegret.lean",
  "status": "accepted",
  "verifier_evidence": [
    "E:\\ABRL\\worktrees\\research-online-book\\runs\\online-regret-domains-20261007\\final-reader-receipt-v1.json"
  ],
  "supersession": {
    "supersedes": [],
    "reason": ""
  },
  "roles": [
    "reviewer"
  ],
  "details": {
    "scope": "One required typed W/V loss-domain/comparator model mapping audited with actual shared Regret API. Existing two public proofs/two definitions reused; zero new production mathematics/definitions/registry nodes. Eight validation proofs/eight fixture definitions are tests.",
    "remaining_required": "Full C1 regret/minimum and no-regret reconciliation, logarithmic lower-bound/source claim and other mandatory module audits remain required. Inventory16 source items/mandatory proof totalnull. Six OTHER main-relative contributor gaps FAILUNWAIVED. Chapter2incomplete/null;3–16unenumerated/necessaryappendicesrequired/totalGoalACTIVE. ExactOPENunmergedPR189stack; no main/live/merge/deploy/retirement.",
    "source_package_accepted": true,
    "chapter_complete": false,
    "goal_complete": false,
    "merged": false,
    "live": false,
    "new_public_math": 0,
    "new_public_definitions": 0,
    "new_source_subobligation_closures": 1,
    "new_production_registry_nodes": 0,
    "new_named_validation_proofs": 8
  }
}
