{
  "time": "2026-10-07T16:08:44+00:00",
  "task": "ONLINE-REGRET-DOMAINS-20261007",
  "role": "lower",
  "kind": "build",
  "status": "compiled",
  "notes": "Actual8typedcanaries/8fixturedefs,20namedkernel/10exactProps/10definition identities/10fullguards/3prespecifiedVALUE pairs. W/V modelmapping only;0newproductionmath; BODY/combined/reader/native/PR/chapter/Goal pending.",
  "lean": "Tests\\OnlineLearningRegretDomainsCanary.lean",
  "source": "",
  "run_id": "online-regret-domains-20261007",
  "changed_files": [],
  "statement_hash": "",
  "parent_id": "",
  "route_fingerprint": "",
  "verifier_evidence": [
    "E:\\ABRL\\worktrees\\research-online-book\\runs\\online-regret-domains-20261007\\body-bindings-v1.json"
  ],
  "harness": "hierarchical",
  "experiment_id": "",
  "target_fingerprint": "",
  "route_packet_hash": "",
  "attempt_id": "",
  "worker_id": "",
  "progress_class": "retrieval-reuse",
  "reviewer_validated": false,
  "obligations_before": 0,
  "obligations_after": 0,
  "new_declarations": [],
  "reused_declarations": [
    "BanditRL.OnlineLearning.comparatorRegret_eq_sum",
    "BanditRL.OnlineLearning.noRegret_of_vanishing_bound"
  ],
  "dag_nodes": 0,
  "dag_depth": 0,
  "elapsed_seconds": 0.0,
  "lean_check_seconds": 0.0,
  "prompt_chars": 0,
  "input_tokens": 0,
  "output_tokens": 0,
  "error_signature": ""
}
