E:\ABRL\worktrees\research-online-book\runs\online-regret-domains-20261007\leaves\existing-public-type-identities-v1.lean:32:91: warning: unused variable `hb`

Note: This linter can be disabled with `set_option linter.unusedVariables false`
E:\ABRL\worktrees\research-online-book\runs\online-regret-domains-20261007\leaves\existing-public-type-identities-v1.lean:32:160: warning: unused variable `hl`

Note: This linter can be disabled with `set_option linter.unusedVariables false`
E:\ABRL\worktrees\research-online-book\runs\online-regret-domains-20261007\leaves\existing-public-type-identities-v1.lean:53:5: warning: unused variable `h`

Note: This linter can be disabled with `set_option linter.unusedVariables false`
Neutral.N01.{u_1} : Prop
Neutral.N02.{u_1} : Prop
Neutral.N03.{u_1} : Prop
Neutral.N04.{u_1} : Prop
Neutral.N05 : Prop
Neutral.N06.{u_1} : Prop
Neutral.N07.{u_1} : Prop
Neutral.N08 : Prop
Neutral.N09 : Prop
Neutral.N10 : Prop
E:\ABRL\worktrees\research-online-book\runs\online-regret-domains-20261007\leaves\existing-public-type-identities-v1.lean:85:95: error: Tactic `rfl` failed: The left-hand side
  Neutral.N01
is not definitionally equal to the right-hand side
  propositionOf @BanditRL.OnlineLearning.comparatorRegret_eq_sum

⊢ Neutral.N01 = propositionOf @BanditRL.OnlineLearning.comparatorRegret_eq_sum
E:\ABRL\worktrees\research-online-book\runs\online-regret-domains-20261007\leaves\existing-public-type-identities-v1.lean:86:99: error: Tactic `rfl` failed: The left-hand side
  Neutral.N02
is not definitionally equal to the right-hand side
  propositionOf @BanditRL.OnlineLearning.noRegret_of_vanishing_bound

⊢ Neutral.N02 = propositionOf @BanditRL.OnlineLearning.noRegret_of_vanishing_bound
