{
  "id": "mem-e613deda71cfbca5",
  "created_at": "2026-10-07T15:50:23+00:00",
  "type": "source_fact",
  "task": "ONLINE-REGRET-DOMAINS-20261007",
  "provenance": {
    "kind": "local_first_retrieval",
    "reference": "E:/ABRL/worktrees/research-online-book/runs/online-regret-domains-20261007/retrieve-comparator-v1.log"
  },
  "assumptions": [],
  "declaration": "",
  "file": "",
  "status": "searched",
  "verifier_evidence": [],
  "supersession": {
    "supersedes": [],
    "reason": ""
  },
  "roles": [],
  "details": {
    "query": "Typed W-loss/V-comparator instantiation, finite-prefix invariance and eventual upper NoRegret",
    "search_order": [
      "local declarations",
      "ABRL theorem cards",
      "Mathlib cards"
    ],
    "candidates": [
      "BanditRL.OnlineLearning.comparatorRegret",
      "BanditRL.OnlineLearning.comparatorRegret_eq_sum",
      "BanditRL.OnlineLearning.NoRegret",
      "BanditRL.OnlineLearning.noRegret_of_vanishing_bound"
    ],
    "rejections": [
      {
        "candidate": "generic W performance theorem",
        "reason": "Footnote1 supplies no such guarantee"
      }
    ],
    "compiled_scratch": ""
  }
}
