SITE CHECK PASSED
- HTML pages: 749
- modules: 676
- declarations: 8953
- highlights: 139
- milestones: 83
- textbook crosswalks: 14
- source theorem restatements: 27
- BanditRLwiki settings/cases/papers: 7/13/19
- BanditRLwiki theorem surfaces: 27
- BanditRLwiki literature-open/formalization-open cases: 0/13
- BanditRLwiki named formalization leaves: 36
- BanditRLwiki active source-frozen ports: 2
- Live Formalization mappings: 139
- Mermaid blocks: 18
- Lean source links: 9818
- internal links and anchors: valid
- README relative links: valid
- MathJax loader and readable mathematical fallbacks: valid
- GitHub Pages workflow: complete
