{
  "schema_version": 1,
  "entry_id": "entry-d8ad839e5a435005",
  "session_id": "ONLINE-LIPSCHITZ-MIGRATION-20261007",
  "sequence": 5,
  "parent_id": "entry-f609b15a21e3f6d7",
  "event_type": "accepted",
  "created_at": "2026-10-06T23:42:15+00:00",
  "payload": {
    "run_id": "online-lipschitz-migration-20261007",
    "chapter_complete": false,
    "goal_complete": false,
    "accepted_decision": "E:/ABRL/worktrees/research-online-book/runs/online-lipschitz-migration-20261007/accepted-decision-v1.json",
    "retained_proofs": 1,
    "retained_definitions": 1,
    "new_proofs": 0,
    "merged": false,
    "live": false,
    "source_package_accepted": true
  }
}
