{
  "schema_version": 1,
  "record_id": "frontier-22d57233aa104a21",
  "updated_at": "2026-10-06T23:42:15+00:00",
  "root_objective": "Persistent Orabona Chapters1-16 Goal; only Definition2.29/Theorem2.30 accepted, chapter/book incomplete",
  "current_leaf": {
    "id": "ONLINE-LIPSCHITZ-MIGRATION-20261007",
    "kind": "lean",
    "status": "accepted",
    "statement": "theorem theorem_2_30 [FiniteDimensional ℝ E] (f : E → EReal) (hp : SourceProper f) (hc : IsConvexExtended f) (L : ℝ≥0) : SourceLipschitzOn f (interior (effectiveDomain f)) L ↔ ∀ x ∈ interior (effectiveDomain f), ∀ g ∈ SourceSubdifferential f x, ‖g‖ ≤ (L : ℝ)",
    "statement_hash": "28e6bbd66484942562d9b8053b3d3d473170b7c51478f9cdc4f31e97f91fe106",
    "declaration": "BanditRL.OnlineConvex.theorem_2_30",
    "file": "BanditRLProof\\OnlineLipschitzSubgradient.lean",
    "source_status": "source-reviewed",
    "dependencies": [
      {
        "kind": "lean",
        "name": "BanditRL.OnlineConvex.subgradient_exists_of_domain_interior",
        "status": "compiled"
      },
      {
        "kind": "review",
        "name": "source-reader",
        "status": "accepted"
      }
    ]
  },
  "dag": {
    "nodes": [
      {
        "id": "ONLINE-LIPSCHITZ-MIGRATION-20261007",
        "kind": "lean",
        "status": "accepted",
        "dependencies": [
          {
            "kind": "lean",
            "name": "BanditRL.OnlineConvex.subgradient_exists_of_domain_interior",
            "status": "compiled"
          },
          {
            "kind": "review",
            "name": "source-reader",
            "status": "accepted"
          }
        ],
        "dispatch_count": 0
      }
    ]
  },
  "last_accepted_verifier": {
    "trial_index": 1,
    "time": "2026-10-06T23:42:14+00:00",
    "task": "ONLINE-LIPSCHITZ-MIGRATION-20261007",
    "role": "reviewer",
    "kind": "review",
    "status": "accepted",
    "lean": "",
    "notes": "Actual finite-values/allpairs definition and full interior iff with both actualsupport producers reviewed after currentcombined/siteFINAL gates; NNReal convention explicitlyqualified and negativeL0Dobstruction retained. Oneproof/onedef retained,0newmathTEST; sourcepackageonly, no Chapterbook/productivity experiment.",
    "run_id": "online-lipschitz-migration-20261007"
  },
  "memory_policy": {
    "recent_role_relevant_limit": 5,
    "explicit_verified_lemma_ids": [],
    "whole_history_default": false
  },
  "shadow_gate": {
    "status": "pending",
    "analyzed_trial_rows": 2,
    "mismatches": [],
    "replay_transitions": 0
  },
  "mutation_policy": {
    "canonical_path_queue": true,
    "cross_process_lock": true,
    "same_file_serialized": true,
    "disjoint_files_parallel": true
  },
  "autonomous_execution": {
    "enabled": false,
    "requires_deterministic_gates": true,
    "requires_explicit_user_request": true
  }
}
