{
  "time": "2026-10-06T23:42:14+00:00",
  "task": "ONLINE-LIPSCHITZ-MIGRATION-20261007",
  "role": "reviewer",
  "kind": "review",
  "status": "accepted",
  "notes": "Actual finite-values/allpairs definition and full interior iff with both actualsupport producers reviewed after currentcombined/siteFINAL gates; NNReal convention explicitlyqualified and negativeL0Dobstruction retained. Oneproof/onedef retained,0newmathTEST; sourcepackageonly, no Chapterbook/productivity experiment.",
  "lean": "",
  "source": "",
  "run_id": "online-lipschitz-migration-20261007",
  "changed_files": [],
  "statement_hash": "28e6bbd66484942562d9b8053b3d3d473170b7c51478f9cdc4f31e97f91fe106",
  "parent_id": "",
  "route_fingerprint": "",
  "verifier_evidence": [
    "E:\\ABRL\\worktrees\\research-online-book\\runs\\online-lipschitz-migration-20261007\\final-reader-receipt-v1.json"
  ],
  "harness": "hierarchical",
  "experiment_id": "",
  "target_fingerprint": "",
  "route_packet_hash": "",
  "attempt_id": "LIPSCHITZ-RETAINED-BODY-V1",
  "worker_id": "",
  "progress_class": "retrieval-reuse",
  "reviewer_validated": true,
  "obligations_before": 0,
  "obligations_after": 0,
  "new_declarations": [],
  "reused_declarations": [
    "BanditRL.OnlineConvex.theorem_2_30",
    "BanditRL.OnlineConvex.SourceLipschitzOn"
  ],
  "dag_nodes": 0,
  "dag_depth": 0,
  "elapsed_seconds": 0.0,
  "lean_check_seconds": 0.0,
  "prompt_chars": 0,
  "input_tokens": 0,
  "output_tokens": 0,
  "error_signature": ""
}
