{
  "schema_version": 1,
  "entry_id": "entry-f609b15a21e3f6d7",
  "session_id": "ONLINE-LIPSCHITZ-MIGRATION-20261007",
  "sequence": 4,
  "parent_id": "entry-453a7ff1e9a2f247",
  "event_type": "candidate",
  "created_at": "2026-10-06T23:30:46+00:00",
  "payload": {
    "run_id": "online-lipschitz-migration-20261007",
    "chapter_complete": false,
    "goal_complete": false,
    "frozen_headers": {
      "SourceLipschitzOn": "c75388dcbb1f81fe35d20be7a6df27acb23cb91b54f700a7c5a0c5a64e4b74e0",
      "theorem_2_30": "28e6bbd66484942562d9b8053b3d3d473170b7c51478f9cdc4f31e97f91fe106"
    },
    "sequential_jobs": {
      "root-v1-01": 9089,
      "Tests-v1-01": 9234
    },
    "source_package_accepted": false,
    "remaining_gates": [
      "fullharness",
      "exactcontributor/diff/history",
      "site/registry/pixels/FINAL/native",
      "rawPR"
    ]
  }
}
