{
  "schema_version": 1,
  "mode": "shadow-read-only",
  "analyzed_at": "2026-10-06T23:30:46+00:00",
  "trials_path": "E:\\ABRL\\worktrees\\research-online-book\\runs\\online-lipschitz-migration-20261007\\candidate-scoped-trials-v1.jsonl",
  "trial_rows": 1,
  "status_counts": {
    "compiled": 1
  },
  "inferred_frontier": {
    "selected_task": "ONLINE-LIPSCHITZ-MIGRATION-20261007",
    "selected_leaf": "ONLINE-LIPSCHITZ-MIGRATION-20261007",
    "source_status": "compiled",
    "last_accepted_verifier": {
      "trial_index": 0,
      "time": "2026-10-06T23:21:51+00:00",
      "task": "ONLINE-LIPSCHITZ-MIGRATION-20261007",
      "role": "lower",
      "kind": "build",
      "status": "compiled",
      "lean": "BanditRLProof\\OnlineLipschitzSubgradient.lean",
      "notes": "Actual1retainedproof1owneddefinition/whole18canaryproof6TESTdefs2abbrevs/28kernelchecks2guards/28selectednodes;0newmathTEST. Explicit NNReal source convention and negativeL0Dobstruction retained. BODY/packagepending; Chapterbookincomplete.",
      "run_id": "online-lipschitz-migration-20261007"
    }
  },
  "memory_digest": {
    "path": "E:\\ABRL\\worktrees\\research-online-book\\runs\\online-lipschitz-migration-20261007\\memory-digest-candidate-v1.md",
    "task": ""
  },
  "recorded_frontier": {
    "schema_version": 1,
    "record_id": "frontier-9865f871e22accb3",
    "updated_at": "2026-10-06T23:30:46+00:00",
    "root_objective": "Persistent Orabona Chapters1-16 Goal; only Definition2.29/Theorem2.30 candidate, chapter/book incomplete",
    "current_leaf": {
      "id": "ONLINE-LIPSCHITZ-MIGRATION-20261007",
      "kind": "lean",
      "status": "gate-pending",
      "statement": "theorem theorem_2_30 [FiniteDimensional ℝ E] (f : E → EReal) (hp : SourceProper f) (hc : IsConvexExtended f) (L : ℝ≥0) : SourceLipschitzOn f (interior (effectiveDomain f)) L ↔ ∀ x ∈ interior (effectiveDomain f), ∀ g ∈ SourceSubdifferential f x, ‖g‖ ≤ (L : ℝ)",
      "statement_hash": "28e6bbd66484942562d9b8053b3d3d473170b7c51478f9cdc4f31e97f91fe106",
      "declaration": "BanditRL.OnlineConvex.theorem_2_30",
      "file": "BanditRLProof\\OnlineLipschitzSubgradient.lean",
      "source_status": "source-body-reviewed",
      "dependencies": [
        {
          "kind": "lean",
          "name": "BanditRL.OnlineConvex.subgradient_exists_of_domain_interior",
          "status": "compiled"
        },
        {
          "kind": "review",
          "name": "source-body",
          "status": "accepted"
        }
      ]
    },
    "dag": {
      "nodes": [
        {
          "id": "ONLINE-LIPSCHITZ-MIGRATION-20261007",
          "kind": "lean",
          "status": "gate-pending",
          "dependencies": [
            {
              "kind": "lean",
              "name": "BanditRL.OnlineConvex.subgradient_exists_of_domain_interior",
              "status": "compiled"
            },
            {
              "kind": "review",
              "name": "source-body",
              "status": "accepted"
            }
          ],
          "dispatch_count": 0
        }
      ]
    },
    "last_accepted_verifier": {
      "trial_index": 0,
      "time": "2026-10-06T23:21:51+00:00",
      "task": "ONLINE-LIPSCHITZ-MIGRATION-20261007",
      "role": "lower",
      "kind": "build",
      "status": "compiled",
      "lean": "BanditRLProof\\OnlineLipschitzSubgradient.lean",
      "notes": "Actual1retainedproof1owneddefinition/whole18canaryproof6TESTdefs2abbrevs/28kernelchecks2guards/28selectednodes;0newmathTEST. Explicit NNReal source convention and negativeL0Dobstruction retained. BODY/packagepending; Chapterbookincomplete.",
      "run_id": "online-lipschitz-migration-20261007"
    },
    "memory_policy": {
      "recent_role_relevant_limit": 5,
      "explicit_verified_lemma_ids": [],
      "whole_history_default": false
    },
    "shadow_gate": {
      "status": "pending",
      "analyzed_trial_rows": 1,
      "mismatches": [],
      "replay_transitions": 0
    },
    "mutation_policy": {
      "canonical_path_queue": true,
      "cross_process_lock": true,
      "same_file_serialized": true,
      "disjoint_files_parallel": true
    },
    "autonomous_execution": {
      "enabled": false,
      "requires_deterministic_gates": true,
      "requires_explicit_user_request": true
    }
  },
  "mismatches": [],
  "would_mutate": false
}
