{
  "schema_version": 1,
  "entry_id": "entry-8e0ff7f08a6ddbe1",
  "session_id": "ONLINE-LIPSCHITZ-MIGRATION-20261007",
  "sequence": 0,
  "parent_id": "",
  "event_type": "draft",
  "created_at": "2026-10-06T23:15:14+00:00",
  "payload": {
    "run_id": "online-lipschitz-migration-20261007",
    "chapter_complete": false,
    "goal_complete": false,
    "frozen_headers": {
      "SourceLipschitzOn": "c75388dcbb1f81fe35d20be7a6df27acb23cb91b54f700a7c5a0c5a64e4b74e0",
      "theorem_2_30": "28e6bbd66484942562d9b8053b3d3d473170b7c51478f9cdc4f31e97f91fe106"
    },
    "source_package_accepted": false,
    "retained_proofs": 1,
    "retained_definitions": 1,
    "new_proofs": 0,
    "source_convention": "Explicit NNReal incl0; literal negative real-L zero-dimensional obstruction requires reviewer judgment."
  }
}
