statement-fence-help-v1-01 exit 0 seconds 0.219
retrieval-record-help-v1-01 exit 0 seconds 0.203
lifecycle-event-help-v1-01 exit 0 seconds 0.218
list-lean-decls-help-v1-01 exit 0 seconds 0.219
search-memory-help-v1-01 exit 0 seconds 0.203
reference-index-help-v1-01 exit 0 seconds 0.204
list-mathlib-help-v1-01 exit 0 seconds 0.203
list-papers-help-v1-01 exit 0 seconds 0.203
list-weapons-help-v1-01 exit 0 seconds 0.203
safe-verify-help-v1-01 exit 0 seconds 0.203
trial-log-help-v1-01 exit 0 seconds 0.218
frontier-refresh-help-v1-01 exit 0 seconds 0.219
frontier-shadow-help-v1-01 exit 0 seconds 0.219
draft-lifecycle-v1 exit 0 seconds 0.219
list-mathlib-v1 exit 0 seconds 0.203
list-papers-v1 exit 0 seconds 0.203
list-weapons-v1 exit 0 seconds 0.203
local-declaration-search-v1 exit 0 seconds 5.969
local-declaration-search-v2 exit 0 seconds 5.828
local-memory-search-v1 exit 0 seconds 5.906
retained-focused-v1-01 exit 0 seconds 2.141
actual-types-v1-01 exit 0 seconds 9.61
pinned-APIs-v1-01 exit 0 seconds 9.656
compiled-ready-graph-v1-01 exit 0 seconds 34.265
reference-index-scoped-v1-01 exit 0 seconds 6.266
Actual focused/types/APIs/compiled readiness/retrieval passed; source-convention stabilization remainspending.
