{
  "schema_version": 1,
  "entry_id": "entry-453a7ff1e9a2f247",
  "session_id": "ONLINE-LIPSCHITZ-MIGRATION-20261007",
  "sequence": 3,
  "parent_id": "entry-21eac574e6e0e7f0",
  "event_type": "repair",
  "created_at": "2026-10-06T23:25:48+00:00",
  "payload": {
    "run_id": "online-lipschitz-migration-20261007",
    "chapter_complete": false,
    "goal_complete": false,
    "failure": "ordinary leading-comment lexical delimiter in slope prose beforewrite",
    "resolution": "newversion ordinary prose, exact mathematical suffix/header/canary fixed",
    "frozen_headers": {
      "SourceLipschitzOn": "c75388dcbb1f81fe35d20be7a6df27acb23cb91b54f700a7c5a0c5a64e4b74e0",
      "theorem_2_30": "28e6bbd66484942562d9b8053b3d3d473170b7c51478f9cdc4f31e97f91fe106"
    },
    "mathematical_repairs": [],
    "source_package_accepted": false
  }
}
