{
  "time": "2026-10-06T23:21:51+00:00",
  "task": "ONLINE-LIPSCHITZ-MIGRATION-20261007",
  "role": "lower",
  "kind": "build",
  "status": "compiled",
  "notes": "Actual1retainedproof1owneddefinition/whole18canaryproof6TESTdefs2abbrevs/28kernelchecks2guards/28selectednodes;0newmathTEST. Explicit NNReal source convention and negativeL0Dobstruction retained. BODY/packagepending; Chapterbookincomplete.",
  "lean": "BanditRLProof\\OnlineLipschitzSubgradient.lean",
  "source": "",
  "run_id": "online-lipschitz-migration-20261007",
  "changed_files": [],
  "statement_hash": "28e6bbd66484942562d9b8053b3d3d473170b7c51478f9cdc4f31e97f91fe106",
  "parent_id": "",
  "route_fingerprint": "",
  "verifier_evidence": [
    "E:\\ABRL\\worktrees\\research-online-book\\runs\\online-lipschitz-migration-20261007\\public-actual-bindings-v1.json"
  ],
  "harness": "",
  "experiment_id": "",
  "target_fingerprint": "",
  "route_packet_hash": "",
  "attempt_id": "LIPSCHITZ-RETAINED-BODY-V1",
  "worker_id": "",
  "progress_class": "retrieval-reuse",
  "reviewer_validated": false,
  "obligations_before": 0,
  "obligations_after": 0,
  "new_declarations": [],
  "reused_declarations": [
    "BanditRL.OnlineConvex.theorem_2_30",
    "BanditRL.OnlineConvex.SourceLipschitzOn"
  ],
  "dag_nodes": 0,
  "dag_depth": 0,
  "elapsed_seconds": 0.0,
  "lean_check_seconds": 0.0,
  "prompt_chars": 0,
  "input_tokens": 0,
  "output_tokens": 0,
  "error_signature": ""
}
