{
  "id": "mem-b8a950ede84d3967",
  "created_at": "2026-10-06T23:17:00+00:00",
  "type": "source_fact",
  "task": "ONLINE-LIPSCHITZ-MIGRATION-20261007",
  "provenance": {
    "kind": "local_first_retrieval",
    "reference": "MLIB-CONVEX-LINALG; actual pinned API/types/compiled producer value edges; no unchecked external library, assumed support existence or theorem wrapper."
  },
  "assumptions": [],
  "declaration": "",
  "file": "",
  "status": "verified",
  "verifier_evidence": [
    "E:\\ABRL\\worktrees\\research-online-book\\runs\\online-lipschitz-migration-20261007\\actual-types-v1-01.log"
  ],
  "supersession": {
    "supersedes": [],
    "reason": ""
  },
  "roles": [],
  "details": {
    "query": "proper convex extended-real finite values ambient interior Lipschitz iff every global supporting vector norm bounded nonnegative constant",
    "search_order": [
      "local declarations",
      "ABRL theorem cards",
      "Mathlib cards"
    ],
    "candidates": [
      "BanditRL.OnlineConvex.theorem_2_30",
      "BanditRL.OnlineConvex.SourceLipschitzOn",
      "BanditRL.OnlineConvex.subgradient_norm_le_lipschitz_ball",
      "BanditRL.OnlineConvex.subgradient_exists_of_domain_interior"
    ],
    "rejections": [],
    "compiled_scratch": "E:\\ABRL\\worktrees\\research-online-book\\runs\\online-lipschitz-migration-20261007\\actual-types-v1-01.log"
  }
}
