{
  "schema_version": 1,
  "entry_id": "entry-a6fcd52a011eb1d9",
  "session_id": "ONLINE-LIPSCHITZ-MIGRATION-20261007",
  "sequence": 1,
  "parent_id": "entry-8e0ff7f08a6ddbe1",
  "event_type": "stabilized",
  "created_at": "2026-10-06T23:21:01+00:00",
  "payload": {
    "run_id": "online-lipschitz-migration-20261007",
    "chapter_complete": false,
    "goal_complete": false,
    "contract_report_sha256": "ac39bcec615d96a5d96148ffc0e7ab5052053543807cc32dcc8e9ea108a45028",
    "frozen_headers": {
      "SourceLipschitzOn": "c75388dcbb1f81fe35d20be7a6df27acb23cb91b54f700a7c5a0c5a64e4b74e0",
      "theorem_2_30": "28e6bbd66484942562d9b8053b3d3d473170b7c51478f9cdc4f31e97f91fe106"
    },
    "source_package_accepted": false,
    "source_convention_verdict": {
      "verdict": "accepted-with-explicit-delta",
      "explanation": "Printed Definition2.29/Theorem2.30 omit an explicit nonnegative condition. The proof calls zero-norm support trivially bounded, requiring L>=0. NNReal is accepted as the ordinary nonnegative Lipschitz convention, including zero, not literal all-real-L equivalence. In admitted dimension zero the actual constant-zero proper convex fixture has all distances zero and satisfies every pair inequality with L=-1, while its genuine zero support violates norm<=-1. This refutes the unrestricted reading for that admitted dimension, not a separately positive-dimensional source formulation. No positive dimension or nonempty interior restriction is introduced."
    }
  }
}
