{
  "time": "2026-10-08T15:32:17+00:00",
  "task": "ONLINE-COMPLETED-CAUSAL-20261008",
  "role": "reviewer",
  "kind": "review",
  "status": "accepted",
  "notes": "Task: `ONLINE-COMPLETED-CAUSAL-20261008`\n\nFour derived ambient-completion proofs only: actual real measurable-version producer, one same-process all-time bounded history family, original current-target independence and exact original IID expected-fixed excess for every natural horizon. Original16 Chapter1 source objects/null unknown proof total, general causal stochastic-kernel realization, other source-required information/completion constructions, remaining Chapter1/2, unenumerated Chapters3-16 and necessary appendices remain REQUIRED; whole Goal ACTIVE, main/live unchanged. Four focused public proofs and11actual canary proofs;56 standard axiom records;52selected compiled nodes2614coalesced TYPE_VALUE edges18required directVALUEpairs. Actual root9101/Tests9262/fullharness passed (exact test/skip counts in raw log), both contributor bases and own shadow passed. Applicable clean local site preserves10938COMPLETE old nodes plus4actual declarations;10original current images separately viewed by formalizer/source reviewer. CONTRACT175/BODY285/FINAL current receipt, exactR1-R7; proof/type-printer/receipt-schema failures retained. Distinct reused staged automated actors, no absolute blind/human/external/runtime attestation. Native/post-native/draft delivery separately recorded.",
  "lean": "",
  "source": "",
  "run_id": "online-completed-causal-20261008",
  "changed_files": [],
  "statement_hash": "",
  "parent_id": "",
  "route_fingerprint": "",
  "verifier_evidence": [
    "E:\\ABRL\\worktrees\\research-online-book\\runs\\online-completed-causal-20261008\\final-reader-receipt-v1.json"
  ],
  "harness": "hierarchical",
  "experiment_id": "",
  "target_fingerprint": "",
  "route_packet_hash": "",
  "attempt_id": "COMPLETED-CAUSAL-FINAL-V1",
  "worker_id": "",
  "progress_class": "closed-frontier",
  "reviewer_validated": true,
  "obligations_before": 4,
  "obligations_after": 0,
  "new_declarations": [
    "BanditRL.OnlineLearning.completed_measurable_real_exists_version",
    "BanditRL.OnlineLearning.completed_predictable_exists_bounded_history_policy",
    "BanditRL.OnlineLearning.completed_predictable_private_seed_independent",
    "BanditRL.OnlineLearning.completed_predictable_private_seed_expectedFixed_excess"
  ],
  "reused_declarations": [],
  "dag_nodes": 0,
  "dag_depth": 0,
  "elapsed_seconds": 0.0,
  "lean_check_seconds": 0.0,
  "prompt_chars": 0,
  "input_tokens": 0,
  "output_tokens": 0,
  "error_signature": ""
}
