{
  "schema_version": 1,
  "entry_id": "entry-da49f9364278e6a3",
  "session_id": "ONLINE-COMPLETED-CAUSAL-20261008",
  "sequence": 8,
  "parent_id": "entry-52a4a14c0461bd22",
  "event_type": "accepted",
  "created_at": "2026-10-08T15:32:17+00:00",
  "payload": {
    "run_id": "online-completed-causal-20261008",
    "mathematical_contract_version": 1,
    "scope": "Four derived ambient-completion proofs only: actual real measurable-version producer, one same-process all-time bounded history family, original current-target independence and exact original IID expected-fixed excess for every natural horizon.",
    "accepted_decision": "E:/ABRL/worktrees/research-online-book/runs/online-completed-causal-20261008/accepted-decision-v1.json",
    "derived_obligations_before": 4,
    "derived_obligations_after": 0,
    "accepted_production_proofs": 4,
    "whole_source_items_closed": 0,
    "chapter_complete": false,
    "goal_complete": false,
    "merged": false,
    "live": false
  }
}
