{
  "id": "mem-83d1fe049f838180",
  "created_at": "2026-10-08T15:32:18+00:00",
  "type": "verified_lemma",
  "task": "ONLINE-COMPLETED-CAUSAL-20261008",
  "provenance": {
    "kind": "source-reviewed-compiled-completed-causal-producer",
    "reference": "E:\\ABRL\\worktrees\\research-online-book\\runs\\online-completed-causal-20261008\\accepted-decision-v1.json"
  },
  "assumptions": [],
  "declaration": "",
  "file": "",
  "status": "accepted",
  "verifier_evidence": [
    "E:\\ABRL\\worktrees\\research-online-book\\runs\\online-completed-causal-20261008\\final-reader-receipt-v1.json"
  ],
  "supersession": {
    "supersedes": [],
    "reason": ""
  },
  "roles": [
    "reviewer"
  ],
  "details": {
    "scope": "Four derived ambient-completion proofs only: actual real measurable-version producer, one same-process all-time bounded history family, original current-target independence and exact original IID expected-fixed excess for every natural horizon.",
    "remaining_required": "Original16 Chapter1 source objects/null unknown proof total, general causal stochastic-kernel realization, other source-required information/completion constructions, remaining Chapter1/2, unenumerated Chapters3-16 and necessary appendices remain REQUIRED; whole Goal ACTIVE, main/live unchanged.",
    "derived_obligations_before": 4,
    "derived_obligations_after": 0,
    "accepted_production_proofs": 4,
    "whole_source_items_closed": 0,
    "chapter_complete": false,
    "goal_complete": false,
    "merged": false,
    "live": false
  }
}
