{
  "id": "mem-9fdfdefc241f72c4",
  "created_at": "2026-10-08T15:32:18+00:00",
  "type": "source_fact",
  "task": "ONLINE-COMPLETED-CAUSAL-20261008",
  "provenance": {
    "kind": "local_first_retrieval",
    "reference": "E:\\ABRL\\worktrees\\research-online-book\\runs\\online-completed-causal-20261008\\canary-focused-v1-exit.json"
  },
  "assumptions": [],
  "declaration": "",
  "file": "",
  "status": "verified",
  "verifier_evidence": [
    "E:\\ABRL\\worktrees\\research-online-book\\Tests\\OnlineGuessingCompletedCausalCanary.lean"
  ],
  "supersession": {
    "supersedes": [],
    "reason": ""
  },
  "roles": [],
  "details": {
    "query": "Actual completed-information real versions, original causal history/current independence/IID expected fixed excess",
    "search_order": [
      "local declarations",
      "ABRL theorem cards",
      "Mathlib cards"
    ],
    "candidates": [
      "BanditRL.OnlineLearning.completed_measurable_real_exists_version",
      "BanditRL.OnlineLearning.completed_predictable_exists_bounded_history_policy",
      "BanditRL.OnlineLearning.completed_predictable_private_seed_independent",
      "BanditRL.OnlineLearning.completed_predictable_private_seed_expectedFixed_excess"
    ],
    "rejections": [],
    "compiled_scratch": "E:\\ABRL\\worktrees\\research-online-book\\Tests\\OnlineGuessingCompletedCausalCanary.lean"
  }
}
