{
  "time": "2026-10-08T14:43:04+00:00",
  "task": "ONLINE-COMPLETED-CAUSAL-20261008",
  "role": "lower",
  "kind": "build",
  "status": "compiled",
  "notes": "Eleven actual named canary proof bodies: augmented-measurable but not ordinary predictable, all four public targets instantiated; positive variance, random seed, nonzero original excess1/2, empty horizon. Package acceptance pending.",
  "lean": "Tests/OnlineGuessingCompletedCausalCanary.lean",
  "source": "",
  "run_id": "online-completed-causal-20261008",
  "changed_files": [],
  "statement_hash": "",
  "parent_id": "",
  "route_fingerprint": "",
  "verifier_evidence": [
    "E:\\ABRL\\worktrees\\research-online-book\\runs\\online-completed-causal-20261008\\canary-focused-v1-exit.json"
  ],
  "harness": "",
  "experiment_id": "",
  "target_fingerprint": "",
  "route_packet_hash": "",
  "attempt_id": "",
  "worker_id": "",
  "progress_class": "compiled-leaf",
  "reviewer_validated": false,
  "obligations_before": 4,
  "obligations_after": 4,
  "new_declarations": [],
  "reused_declarations": [],
  "dag_nodes": 0,
  "dag_depth": 0,
  "elapsed_seconds": 0.0,
  "lean_check_seconds": 0.0,
  "prompt_chars": 0,
  "input_tokens": 0,
  "output_tokens": 0,
  "error_signature": ""
}
