{
  "schema_version": 1,
  "mode": "shadow-read-only",
  "analyzed_at": "2026-10-08T15:00:29+00:00",
  "trials_path": "E:\\ABRL\\worktrees\\research-online-book\\runs\\online-completed-causal-20261008\\candidate-scoped-trials-v1.jsonl",
  "trial_rows": 6,
  "status_counts": {
    "compiled": 5,
    "failed": 1
  },
  "inferred_frontier": {
    "selected_task": "ONLINE-COMPLETED-CAUSAL-20261008",
    "selected_leaf": "ONLINE-COMPLETED-CAUSAL-20261008",
    "source_status": "compiled",
    "last_accepted_verifier": {
      "trial_index": 5,
      "time": "2026-10-08T14:43:04+00:00",
      "task": "ONLINE-COMPLETED-CAUSAL-20261008",
      "role": "lower",
      "kind": "build",
      "status": "compiled",
      "lean": "Tests/OnlineGuessingCompletedCausalCanary.lean",
      "notes": "Eleven actual named canary proof bodies: augmented-measurable but not ordinary predictable, all four public targets instantiated; positive variance, random seed, nonzero original excess1/2, empty horizon. Package acceptance pending.",
      "run_id": "online-completed-causal-20261008"
    }
  },
  "memory_digest": {
    "path": "E:\\ABRL\\worktrees\\research-online-book\\runs\\online-completed-causal-20261008\\memory-digest-shadow-v1.md",
    "task": "ONLINE-COMPLETED-CAUSAL-20261008"
  },
  "recorded_frontier": {
    "schema_version": 1,
    "record_id": "frontier-0538108a3801f833",
    "updated_at": "2026-10-08T15:00:28+00:00",
    "root_objective": "Persistent Orabona Chapters1-16; four derived ambient-completion causal producers; whole program required",
    "current_leaf": {
      "id": "ONLINE-COMPLETED-CAUSAL-20261008",
      "kind": "review",
      "status": "gate-pending",
      "statement": "Four frozen completed-information bodies compiled, actual original-process expected fixed excess and completed-but-not-ordinary positive-variance canary; combined/reader/FINAL/native acceptance pending.",
      "statement_hash": "634aa7dd46763c7e5f8eb2232dd0cbcc0ac225739630cefac788a40112812eab",
      "declaration": "",
      "file": "E:\\ABRL\\worktrees\\research-online-book\\runs\\online-completed-causal-20261008\\public-body-review-v1.md",
      "source_status": "source-reviewed",
      "dependencies": [
        {
          "kind": "review",
          "name": "source-body",
          "status": "accepted"
        },
        {
          "kind": "lean",
          "name": "BanditRL.OnlineLearning.completed_predictable_private_seed_expectedFixed_excess",
          "status": "compiled"
        }
      ]
    },
    "dag": {
      "nodes": [
        {
          "id": "ONLINE-COMPLETED-CAUSAL-20261008",
          "kind": "review",
          "status": "gate-pending",
          "dependencies": [
            {
              "kind": "review",
              "name": "source-body",
              "status": "accepted"
            },
            {
              "kind": "lean",
              "name": "BanditRL.OnlineLearning.completed_predictable_private_seed_expectedFixed_excess",
              "status": "compiled"
            }
          ],
          "dispatch_count": 0
        }
      ]
    },
    "last_accepted_verifier": {
      "trial_index": 5,
      "time": "2026-10-08T14:43:04+00:00",
      "task": "ONLINE-COMPLETED-CAUSAL-20261008",
      "role": "lower",
      "kind": "build",
      "status": "compiled",
      "lean": "Tests/OnlineGuessingCompletedCausalCanary.lean",
      "notes": "Eleven actual named canary proof bodies: augmented-measurable but not ordinary predictable, all four public targets instantiated; positive variance, random seed, nonzero original excess1/2, empty horizon. Package acceptance pending.",
      "run_id": "online-completed-causal-20261008"
    },
    "memory_policy": {
      "recent_role_relevant_limit": 5,
      "explicit_verified_lemma_ids": [],
      "whole_history_default": false
    },
    "shadow_gate": {
      "status": "pending",
      "analyzed_trial_rows": 6,
      "mismatches": [
        {
          "kind": "stale_memory_digest",
          "memory_task": "ONLINE-AE-CAUSAL-20261008",
          "trial_task": "ONLINE-COMPLETED-CAUSAL-20261008"
        }
      ],
      "replay_transitions": 0
    },
    "mutation_policy": {
      "canonical_path_queue": true,
      "cross_process_lock": true,
      "same_file_serialized": true,
      "disjoint_files_parallel": true
    },
    "autonomous_execution": {
      "enabled": false,
      "requires_deterministic_gates": true,
      "requires_explicit_user_request": true
    }
  },
  "mismatches": [],
  "would_mutate": false
}
