{
  "schema_version": 1,
  "entry_id": "entry-52a4a14c0461bd22",
  "session_id": "ONLINE-COMPLETED-CAUSAL-20261008",
  "sequence": 7,
  "parent_id": "entry-39b744f67b6d03bd",
  "event_type": "candidate",
  "created_at": "2026-10-08T14:48:24+00:00",
  "payload": {
    "run_id": "online-completed-causal-20261008",
    "contract_version": 1,
    "actual_bodies": 4,
    "actual_canary_proofs": 11,
    "public_sha256": "ef88487377f0dd6e9d6877810348c40277b25b0a76cb3943edae18d1c95fbf93",
    "canary_sha256": "57ffdae457e9b3844e3260b075573617d31537977567382bb892785aca912cea",
    "accepted_obligations": 0,
    "pending": 4,
    "combined_and_reader_gate_pending": true,
    "chapter_complete": false,
    "goal_complete": false
  }
}
