runs/online-completed-causal-20261008/combined-Tests-build-v1.log:1310: trailing whitespace.
+  
runs/online-completed-causal-20261008/combined-Tests-build-v1.log:1312: trailing whitespace.
+    
runs/online-completed-causal-20261008/combined-Tests-build-v1.log:1317: trailing whitespace.
+  
runs/online-completed-causal-20261008/combined-Tests-build-v1.log:1319: trailing whitespace.
+    
runs/online-completed-causal-20261008/combined-Tests-build-v1.log:1480: trailing whitespace.
+  
runs/online-completed-causal-20261008/combined-Tests-build-v1.log:1482: trailing whitespace.
+    
runs/online-completed-causal-20261008/combined-Tests-build-v1.log:1631: trailing whitespace.
+  
runs/online-completed-causal-20261008/combined-Tests-build-v1.log:1633: trailing whitespace.
+    
runs/online-completed-causal-20261008/combined-Tests-build-v1.log:1802: trailing whitespace.
+  
runs/online-completed-causal-20261008/combined-Tests-build-v1.log:1804: trailing whitespace.
+    
runs/online-completed-causal-20261008/combined-Tests-build-v1.log:1844: trailing whitespace.
+  
runs/online-completed-causal-20261008/combined-Tests-build-v1.log:1846: trailing whitespace.
+    
runs/online-completed-causal-20261008/combined-Tests-build-v1.log:2339: trailing whitespace.
+  
runs/online-completed-causal-20261008/combined-Tests-build-v1.log:2341: trailing whitespace.
+    
runs/online-completed-causal-20261008/combined-Tests-build-v1.log:2390: trailing whitespace.
+  
runs/online-completed-causal-20261008/combined-Tests-build-v1.log:2392: trailing whitespace.
+    
runs/online-completed-causal-20261008/combined-Tests-build-v1.log:6828: trailing whitespace.
+  
runs/online-completed-causal-20261008/combined-Tests-build-v1.log:6830: trailing whitespace.
+    
runs/online-completed-causal-20261008/combined-full-harness-v1.log:687: trailing whitespace.
+  
runs/online-completed-causal-20261008/combined-full-harness-v1.log:689: trailing whitespace.
+    
runs/online-completed-causal-20261008/combined-full-harness-v1.log:838: trailing whitespace.
+  
runs/online-completed-causal-20261008/combined-full-harness-v1.log:840: trailing whitespace.
+    
runs/online-completed-causal-20261008/combined-full-harness-v1.log:1099: trailing whitespace.
+  
runs/online-completed-causal-20261008/combined-full-harness-v1.log:1101: trailing whitespace.
+    
runs/online-completed-causal-20261008/combined-full-harness-v1.log:1141: trailing whitespace.
+  
runs/online-completed-causal-20261008/combined-full-harness-v1.log:1143: trailing whitespace.
+    
runs/online-completed-causal-20261008/combined-full-harness-v1.log:1677: trailing whitespace.
+  
runs/online-completed-causal-20261008/combined-full-harness-v1.log:1679: trailing whitespace.
+    
runs/online-completed-causal-20261008/combined-full-harness-v1.log:1684: trailing whitespace.
+  
runs/online-completed-causal-20261008/combined-full-harness-v1.log:1686: trailing whitespace.
+    
runs/online-completed-causal-20261008/combined-full-harness-v1.log:1755: trailing whitespace.
+  
runs/online-completed-causal-20261008/combined-full-harness-v1.log:1757: trailing whitespace.
+    
runs/online-completed-causal-20261008/combined-full-harness-v1.log:1836: trailing whitespace.
+  
runs/online-completed-causal-20261008/combined-full-harness-v1.log:1838: trailing whitespace.
+    
runs/online-completed-causal-20261008/combined-full-harness-v1.log:3670: trailing whitespace.
+  
runs/online-completed-causal-20261008/combined-full-harness-v1.log:3672: trailing whitespace.
+    
runs/online-completed-causal-20261008/combined-full-harness-v1.log:3677: trailing whitespace.
+  
runs/online-completed-causal-20261008/combined-full-harness-v1.log:3679: trailing whitespace.
+    
runs/online-completed-causal-20261008/combined-full-harness-v1.log:3840: trailing whitespace.
+  
runs/online-completed-causal-20261008/combined-full-harness-v1.log:3842: trailing whitespace.
+    
runs/online-completed-causal-20261008/combined-full-harness-v1.log:3991: trailing whitespace.
+  
runs/online-completed-causal-20261008/combined-full-harness-v1.log:3993: trailing whitespace.
+    
runs/online-completed-causal-20261008/combined-full-harness-v1.log:4162: trailing whitespace.
+  
runs/online-completed-causal-20261008/combined-full-harness-v1.log:4164: trailing whitespace.
+    
runs/online-completed-causal-20261008/combined-full-harness-v1.log:4204: trailing whitespace.
+  
runs/online-completed-causal-20261008/combined-full-harness-v1.log:4206: trailing whitespace.
+    
runs/online-completed-causal-20261008/combined-full-harness-v1.log:4699: trailing whitespace.
+  
runs/online-completed-causal-20261008/combined-full-harness-v1.log:4701: trailing whitespace.
+    
runs/online-completed-causal-20261008/combined-full-harness-v1.log:4750: trailing whitespace.
+  
runs/online-completed-causal-20261008/combined-full-harness-v1.log:4752: trailing whitespace.
+    
runs/online-completed-causal-20261008/combined-full-harness-v1.log:9188: trailing whitespace.
+  
runs/online-completed-causal-20261008/combined-full-harness-v1.log:9190: trailing whitespace.
+    
runs/online-completed-causal-20261008/combined-root-build-v1.log:512: trailing whitespace.
+  
runs/online-completed-causal-20261008/combined-root-build-v1.log:514: trailing whitespace.
+    
runs/online-completed-causal-20261008/combined-root-build-v1.log:927: trailing whitespace.
+  
runs/online-completed-causal-20261008/combined-root-build-v1.log:929: trailing whitespace.
+    
runs/online-completed-causal-20261008/combined-root-build-v1.log:1098: trailing whitespace.
+  
runs/online-completed-causal-20261008/combined-root-build-v1.log:1100: trailing whitespace.
+    
runs/online-completed-causal-20261008/combined-root-build-v1.log:1140: trailing whitespace.
+  
runs/online-completed-causal-20261008/combined-root-build-v1.log:1142: trailing whitespace.
+    
runs/online-completed-causal-20261008/combined-root-build-v1.log:1706: trailing whitespace.
+  
runs/online-completed-causal-20261008/combined-root-build-v1.log:1708: trailing whitespace.
+    
runs/online-completed-causal-20261008/combined-root-build-v1.log:1713: trailing whitespace.
+  
runs/online-completed-causal-20261008/combined-root-build-v1.log:1715: trailing whitespace.
+    
runs/online-completed-causal-20261008/combined-root-build-v1.log:1748: trailing whitespace.
+  
runs/online-completed-causal-20261008/combined-root-build-v1.log:1750: trailing whitespace.
+    
runs/online-completed-causal-20261008/combined-root-build-v1.log:1799: trailing whitespace.
+  
runs/online-completed-causal-20261008/combined-root-build-v1.log:1801: trailing whitespace.
+    
