{
  "schema_version": 1,
  "entry_id": "entry-9961cfd439f9a489",
  "session_id": "ONLINE-COMPLETED-CAUSAL-20261008",
  "sequence": 0,
  "parent_id": "",
  "event_type": "draft",
  "created_at": "2026-10-08T14:25:17+00:00",
  "payload": {
    "run_id": "online-completed-causal-20261008",
    "contract_version": 1,
    "source_sha256": "cef4edfa97a6e063e53e9c532717c50aa156e5bc782ea49f969b3385011a1b17",
    "target_statement_hashes": [
      "e96006c9a0a3030b0f60524e0d50e28d81f7c2409cac5a3bafce5547cca6c81a",
      "4f231254a34734ab05b9881c8457b7099d89890aef03650d895bf54de363c59f",
      "a7f2430c83efaf370b428370b651aaa07923e2819aa190ee60c534ef51f45bfd",
      "622f106e02e67b96148091282549b263d6c57c20e1ca313279fb15f5eb8d9753"
    ],
    "obligations": 4,
    "compiled": 0,
    "chapter_complete": false,
    "goal_complete": false
  }
}
