{
  "time": "2026-10-08T14:39:32+00:00",
  "task": "ONLINE-COMPLETED-CAUSAL-20261008",
  "role": "lower",
  "kind": "attempt",
  "status": "compiled",
  "notes": "L2 actual core-produced relative AE version and immutable original-process causal endpoint; no supplied independence/stability bound. Focused compile only; all package gates pending.",
  "lean": "BanditRLProof/OnlineGuessingCompletedCausal.lean",
  "source": "",
  "run_id": "online-completed-causal-20261008",
  "changed_files": [],
  "statement_hash": "4f231254a34734ab05b9881c8457b7099d89890aef03650d895bf54de363c59f",
  "parent_id": "",
  "route_fingerprint": "",
  "verifier_evidence": [],
  "harness": "",
  "experiment_id": "",
  "target_fingerprint": "",
  "route_packet_hash": "",
  "attempt_id": "",
  "worker_id": "",
  "progress_class": "compiled-leaf",
  "reviewer_validated": false,
  "obligations_before": 4,
  "obligations_after": 4,
  "new_declarations": [],
  "reused_declarations": [],
  "dag_nodes": 0,
  "dag_depth": 0,
  "elapsed_seconds": 0.0,
  "lean_check_seconds": 0.0,
  "prompt_chars": 0,
  "input_tokens": 0,
  "output_tokens": 0,
  "error_signature": ""
}
