{
  "time": "2026-10-08T14:36:23+00:00",
  "task": "ONLINE-COMPLETED-CAUSAL-20261008",
  "role": "lower",
  "kind": "attempt",
  "status": "failed",
  "notes": "Actual completed-real-version core focused attempt; immutable target. Command0 alone not compilation. Source/BODY/full/reader/acceptance/delivery gates pending.",
  "lean": "BanditRLProof/OnlineGuessingCompletedCausal.lean",
  "source": "",
  "run_id": "online-completed-causal-20261008",
  "changed_files": [],
  "statement_hash": "e96006c9a0a3030b0f60524e0d50e28d81f7c2409cac5a3bafce5547cca6c81a",
  "parent_id": "",
  "route_fingerprint": "",
  "verifier_evidence": [],
  "harness": "",
  "experiment_id": "",
  "target_fingerprint": "",
  "route_packet_hash": "",
  "attempt_id": "",
  "worker_id": "",
  "progress_class": "diagnostic",
  "reviewer_validated": false,
  "obligations_before": 4,
  "obligations_after": 4,
  "new_declarations": [],
  "reused_declarations": [],
  "dag_nodes": 0,
  "dag_depth": 0,
  "elapsed_seconds": 0.0,
  "lean_check_seconds": 0.0,
  "prompt_chars": 0,
  "input_tokens": 0,
  "output_tokens": 0,
  "error_signature": ""
}
