{
  "schema_version": 1,
  "mode": "shadow-read-only",
  "analyzed_at": "2026-10-07T04:40:34+00:00",
  "trials_path": "E:\\ABRL\\worktrees\\research-online-book\\runs\\online-osd-public-20261007\\accepted-scoped-trials-v1.jsonl",
  "trial_rows": 3,
  "status_counts": {
    "accepted": 1,
    "compiled": 1,
    "failed": 1
  },
  "inferred_frontier": {
    "selected_task": "ONLINE-OSD-PUBLIC-20261007",
    "selected_leaf": "ONLINE-OSD-PUBLIC-20261007",
    "source_status": "accepted",
    "last_accepted_verifier": {
      "trial_index": 2,
      "time": "2026-10-07T04:39:02+00:00",
      "task": "ONLINE-OSD-PUBLIC-20261007",
      "role": "reviewer",
      "kind": "review",
      "status": "accepted",
      "lean": "",
      "notes": "Existing canonical OSD reuse/public evidence accepted after actual combined/site and distinct FINAL. Zero newly authored proofs/definitions; generic finite-history family and chapters REQUIRED.",
      "run_id": "online-osd-public-20261007"
    }
  },
  "memory_digest": {
    "path": "E:\\ABRL\\worktrees\\research-online-book\\runs\\online-osd-public-20261007\\memory-digest-accepted-v1.md",
    "task": ""
  },
  "recorded_frontier": {
    "schema_version": 1,
    "record_id": "frontier-ec3b3001adecb685",
    "updated_at": "2026-10-07T04:40:33+00:00",
    "root_objective": "Persistent Orabona Chapters1-16 Goal; existing canonical OSD reuse audit accepted only, generic policy and chapters REQUIRED",
    "current_leaf": {
      "id": "ONLINE-OSD-PUBLIC-20261007",
      "kind": "lean",
      "status": "accepted",
      "statement": "theorem regret_tuned (V : Domain (E := E)) (loss : ℕ → E → EReal) (x₁ : E) (hx₁ : x₁ ∈ V.carrier) (T : ℕ) (hT : 0 < T) (D G : ℝ) (hD : 0 < D) (hG : 0 < G) (hdiam : ∀ x ∈ V.carrier, ∀ y ∈ V.carrier, ‖x - y‖ ≤ D) (hloss : ∀ t < T, SubdifferentiableOn V (loss t)) (hgrad : ∀ t < T, ‖currentSubgradient (loss t) (iterate V (fun _ => D / (G * Real.sqrt T)) loss x₁ t)‖ ≤ G) : ∀ u ∈ V.carrier, regret V (fun _ => D / (G * Real.sqrt T)) loss x₁ u T ≤ D * G * Real.sqrt T",
      "statement_hash": "92c67b89457da0885d80685ece7b5000f96ffc3b6bca29329c5cbb406847bc77",
      "declaration": "BanditRL.OnlineSubgradientDescent.regret_tuned",
      "file": "BanditRLProof\\OnlineSubgradientDescent.lean",
      "source_status": "source-reviewed",
      "dependencies": [
        {
          "kind": "lean",
          "name": "BanditRL.OnlineSubgradientDescent.regret_tuned_distance",
          "status": "compiled"
        },
        {
          "kind": "lean",
          "name": "BanditRL.OnlineSubgradientDescent.regret_fixed",
          "status": "compiled"
        },
        {
          "kind": "review",
          "name": "source-reader",
          "status": "accepted"
        }
      ]
    },
    "dag": {
      "nodes": [
        {
          "id": "ONLINE-OSD-PUBLIC-20261007",
          "kind": "lean",
          "status": "accepted",
          "dependencies": [
            {
              "kind": "lean",
              "name": "BanditRL.OnlineSubgradientDescent.regret_tuned_distance",
              "status": "compiled"
            },
            {
              "kind": "lean",
              "name": "BanditRL.OnlineSubgradientDescent.regret_fixed",
              "status": "compiled"
            },
            {
              "kind": "review",
              "name": "source-reader",
              "status": "accepted"
            }
          ],
          "dispatch_count": 0
        }
      ]
    },
    "last_accepted_verifier": {
      "trial_index": 2,
      "time": "2026-10-07T04:39:02+00:00",
      "task": "ONLINE-OSD-PUBLIC-20261007",
      "role": "reviewer",
      "kind": "review",
      "status": "accepted",
      "lean": "",
      "notes": "Existing canonical OSD reuse/public evidence accepted after actual combined/site and distinct FINAL. Zero newly authored proofs/definitions; generic finite-history family and chapters REQUIRED.",
      "run_id": "online-osd-public-20261007"
    },
    "memory_policy": {
      "recent_role_relevant_limit": 5,
      "explicit_verified_lemma_ids": [],
      "whole_history_default": false
    },
    "shadow_gate": {
      "status": "pending",
      "analyzed_trial_rows": 3,
      "mismatches": [],
      "replay_transitions": 0
    },
    "mutation_policy": {
      "canonical_path_queue": true,
      "cross_process_lock": true,
      "same_file_serialized": true,
      "disjoint_files_parallel": true
    },
    "autonomous_execution": {
      "enabled": false,
      "requires_deterministic_gates": true,
      "requires_explicit_user_request": true
    }
  },
  "mismatches": [],
  "would_mutate": false
}
