{
  "schema_version": 1,
  "entry_id": "entry-ee5d6d660d812717",
  "session_id": "ONLINE-OSD-PUBLIC-20261007",
  "sequence": 11,
  "parent_id": "entry-d44e5405dd3cccd0",
  "event_type": "accepted",
  "created_at": "2026-10-07T04:40:33+00:00",
  "payload": {
    "run_id": "online-osd-public-20261007",
    "chapter_complete": false,
    "goal_complete": false,
    "accepted_decision": "E:/ABRL/worktrees/research-online-book/runs/online-osd-public-20261007/accepted-decision-v1.json",
    "source_package_accepted": true,
    "new_proofs": 0,
    "new_definitions": 0,
    "merged": false,
    "live": false
  }
}
