{
  "time": "2026-10-07T04:39:02+00:00",
  "task": "ONLINE-OSD-PUBLIC-20261007",
  "role": "reviewer",
  "kind": "review",
  "status": "accepted",
  "notes": "Existing canonical OSD reuse/public evidence accepted after actual combined/site and distinct FINAL. Zero newly authored proofs/definitions; generic finite-history family and chapters REQUIRED.",
  "lean": "",
  "source": "",
  "run_id": "online-osd-public-20261007",
  "changed_files": [],
  "statement_hash": "92c67b89457da0885d80685ece7b5000f96ffc3b6bca29329c5cbb406847bc77",
  "parent_id": "",
  "route_fingerprint": "",
  "verifier_evidence": [
    "E:\\ABRL\\worktrees\\research-online-book\\runs\\online-osd-public-20261007\\final-reader-receipt-v2.json"
  ],
  "harness": "hierarchical",
  "experiment_id": "",
  "target_fingerprint": "",
  "route_packet_hash": "",
  "attempt_id": "OSD-PUBLIC-REUSE-V1",
  "worker_id": "",
  "progress_class": "retrieval-reuse",
  "reviewer_validated": true,
  "obligations_before": 0,
  "obligations_after": 0,
  "new_declarations": [],
  "reused_declarations": [
    "BanditRL.OnlineSubgradientDescent.regret_tuned"
  ],
  "dag_nodes": 0,
  "dag_depth": 0,
  "elapsed_seconds": 0.0,
  "lean_check_seconds": 0.0,
  "prompt_chars": 0,
  "input_tokens": 0,
  "output_tokens": 0,
  "error_signature": ""
}
