{
  "schema_version": 1,
  "record_id": "frontier-cdadf0cf7aa3b95e",
  "updated_at": "2026-10-07T04:07:52+00:00",
  "root_objective": "Persistent Orabona Chapters1-16; existing canonical OSD current public reuse audit only",
  "current_leaf": {
    "id": "ONLINE-OSD-PUBLIC-20261007",
    "kind": "lean",
    "status": "gate-pending",
    "statement": "theorem regret_tuned (V : Domain (E := E)) (loss : ℕ → E → EReal) (x₁ : E) (hx₁ : x₁ ∈ V.carrier) (T : ℕ) (hT : 0 < T) (D G : ℝ) (hD : 0 < D) (hG : 0 < G) (hdiam : ∀ x ∈ V.carrier, ∀ y ∈ V.carrier, ‖x - y‖ ≤ D) (hloss : ∀ t < T, SubdifferentiableOn V (loss t)) (hgrad : ∀ t < T, ‖currentSubgradient (loss t) (iterate V (fun _ => D / (G * Real.sqrt T)) loss x₁ t)‖ ≤ G) : ∀ u ∈ V.carrier, regret V (fun _ => D / (G * Real.sqrt T)) loss x₁ u T ≤ D * G * Real.sqrt T",
    "statement_hash": "92c67b89457da0885d80685ece7b5000f96ffc3b6bca29329c5cbb406847bc77",
    "declaration": "BanditRL.OnlineSubgradientDescent.regret_tuned",
    "file": "BanditRLProof\\OnlineSubgradientDescent.lean",
    "source_status": "source-reviewed",
    "dependencies": [
      {
        "kind": "lean",
        "name": "BanditRL.OnlineSubgradientDescent.regret_tuned_distance",
        "status": "compiled"
      },
      {
        "kind": "lean",
        "name": "BanditRL.OnlineSubgradientDescent.regret_fixed",
        "status": "compiled"
      }
    ]
  },
  "dag": {
    "nodes": [
      {
        "id": "ONLINE-OSD-PUBLIC-20261007",
        "kind": "lean",
        "status": "gate-pending",
        "dependencies": [
          {
            "kind": "lean",
            "name": "BanditRL.OnlineSubgradientDescent.regret_tuned_distance",
            "status": "compiled"
          },
          {
            "kind": "lean",
            "name": "BanditRL.OnlineSubgradientDescent.regret_fixed",
            "status": "compiled"
          }
        ],
        "dispatch_count": 0
      }
    ]
  },
  "last_accepted_verifier": {
    "trial_index": 1,
    "time": "2026-10-07T03:58:30+00:00",
    "task": "ONLINE-OSD-PUBLIC-20261007",
    "role": "lower",
    "kind": "build",
    "status": "compiled",
    "lean": "BanditRLProof\\OnlineSubgradientDescent.lean",
    "notes": "Actual existing15 public proofs/5defs/1abbrev and whole24 TESTproofs/7defs/1abbrev compile;53 named/kernel audits15 guards and genuine producer value graph. ZERO newly authored proof, current BODY/combined/reader/FINAL/native/PR pending. Same canonical choice only; generic legal finite-history family and chapters remain REQUIRED.",
    "run_id": "online-osd-public-20261007"
  },
  "memory_policy": {
    "recent_role_relevant_limit": 5,
    "explicit_verified_lemma_ids": [],
    "whole_history_default": false
  },
  "shadow_gate": {
    "status": "pending",
    "analyzed_trial_rows": 2,
    "mismatches": [],
    "replay_transitions": 0
  },
  "mutation_policy": {
    "canonical_path_queue": true,
    "cross_process_lock": true,
    "same_file_serialized": true,
    "disjoint_files_parallel": true
  },
  "autonomous_execution": {
    "enabled": false,
    "requires_deterministic_gates": true,
    "requires_explicit_user_request": true
  }
}
