{
  "time": "2026-10-07T03:58:30+00:00",
  "task": "ONLINE-OSD-PUBLIC-20261007",
  "role": "lower",
  "kind": "build",
  "status": "compiled",
  "notes": "Actual existing15 public proofs/5defs/1abbrev and whole24 TESTproofs/7defs/1abbrev compile;53 named/kernel audits15 guards and genuine producer value graph. ZERO newly authored proof, current BODY/combined/reader/FINAL/native/PR pending. Same canonical choice only; generic legal finite-history family and chapters remain REQUIRED.",
  "lean": "BanditRLProof\\OnlineSubgradientDescent.lean",
  "source": "",
  "run_id": "online-osd-public-20261007",
  "changed_files": [],
  "statement_hash": "92c67b89457da0885d80685ece7b5000f96ffc3b6bca29329c5cbb406847bc77",
  "parent_id": "",
  "route_fingerprint": "",
  "verifier_evidence": [
    "E:\\ABRL\\worktrees\\research-online-book\\runs\\online-osd-public-20261007\\public-actual-bindings-v1.json"
  ],
  "harness": "hierarchical",
  "experiment_id": "",
  "target_fingerprint": "",
  "route_packet_hash": "",
  "attempt_id": "OSD-PUBLIC-REUSE-V1",
  "worker_id": "",
  "progress_class": "retrieval-reuse",
  "reviewer_validated": false,
  "obligations_before": 0,
  "obligations_after": 0,
  "new_declarations": [],
  "reused_declarations": [
    "BanditRL.OnlineSubgradientDescent.regret_tuned"
  ],
  "dag_nodes": 0,
  "dag_depth": 0,
  "elapsed_seconds": 0.0,
  "lean_check_seconds": 0.0,
  "prompt_chars": 0,
  "input_tokens": 0,
  "output_tokens": 0,
  "error_signature": ""
}
