BanditRL.OnlineLinearization.oracle_feedback [theorem] BanditRLProof/OnlineLinearization.lean:113
BanditRL.OnlineLinearization.canonical_feedback [theorem] BanditRLProof/OnlineLinearization.lean:123
BanditRL.OnlineLinearization.trajectory_finite_loss [theorem] BanditRLProof/OnlineLinearization.lean:128
BanditRL.OnlineLinearization.support_gap [theorem] BanditRLProof/OnlineLinearization.lean:133
BanditRL.OnlineLinearization.regret_comparison [theorem] BanditRLProof/OnlineLinearization.lean:142
BanditRL.OnlineLinearization.regret_transfer [theorem] BanditRLProof/OnlineLinearization.lean:152
BanditRL.OnlineLinearization.canonical_regret_comparison [theorem] BanditRLProof/OnlineLinearization.lean:157
BanditRL.OnlineSubgradientDescent.Domain [abbrev] BanditRLProof/OnlineSubgradientDescent.lean:24
BanditRL.OnlineSubgradientDescent.SubdifferentiableOn [def] BanditRLProof/OnlineSubgradientDescent.lean:26
BanditRL.OnlineSubgradientDescent.currentSubgradient [def] BanditRLProof/OnlineSubgradientDescent.lean:29
BanditRL.OnlineSubgradientDescent.step [def] BanditRLProof/OnlineSubgradientDescent.lean:33
BanditRL.OnlineSubgradientDescent.iterate [def] BanditRLProof/OnlineSubgradientDescent.lean:35
BanditRL.OnlineSubgradientDescent.regret [def] BanditRLProof/OnlineSubgradientDescent.lean:38
BanditRL.OnlineSubgradientDescent.lemma_2_31 [theorem] BanditRLProof/OnlineSubgradientDescent.lean:40
BanditRL.OnlineSubgradientDescent.currentSubgradient_mem [theorem] BanditRLProof/OnlineSubgradientDescent.lean:71
BanditRL.OnlineSubgradientDescent.finite_loss [theorem] BanditRLProof/OnlineSubgradientDescent.lean:80
BanditRL.OnlineSubgradientDescent.iterate_mem [theorem] BanditRLProof/OnlineSubgradientDescent.lean:87
BanditRL.OnlineSubgradientDescent.iterate_prefix [theorem] BanditRLProof/OnlineSubgradientDescent.lean:94
BanditRL.OnlineSubgradientDescent.iterate_support [theorem] BanditRLProof/OnlineSubgradientDescent.lean:105
BanditRL.OnlineSubgradientDescent.iterate_finite_loss [theorem] BanditRLProof/OnlineSubgradientDescent.lean:112
BanditRL.OnlineSubgradientDescent.one_step_chain [theorem] BanditRLProof/OnlineSubgradientDescent.lean:120
BanditRL.OnlineSubgradientDescent.one_step [theorem] BanditRLProof/OnlineSubgradientDescent.lean:137
BanditRL.OnlineSubgradientDescent.regret_fixed [theorem] BanditRLProof/OnlineSubgradientDescent.lean:159
BanditRL.OnlineSubgradientDescent.regret_fixed_coarse [theorem] BanditRLProof/OnlineSubgradientDescent.lean:186
BanditRL.OnlineSubgradientDescent.regret_variable_bound [theorem] BanditRLProof/OnlineSubgradientDescent.lean:196
BanditRL.OnlineSubgradientDescent.regret_variable [theorem] BanditRLProof/OnlineSubgradientDescent.lean:216
BanditRL.OnlineSubgradientDescent.regret_tuned_distance [theorem] BanditRLProof/OnlineSubgradientDescent.lean:229
BanditRL.OnlineSubgradientDescent.regret_tuned [theorem] BanditRLProof/OnlineSubgradientDescent.lean:263
BanditRL.OnlineSubgradientPolicy.oracle_feedback [theorem] BanditRLProof/OnlineSubgradientPolicy.lean:116
BanditRL.OnlineSubgradientPolicy.trajectory_finite_loss [theorem] BanditRLProof/OnlineSubgradientPolicy.lean:125
BanditRL.OnlineSubgradientPolicy.one_step_chain [theorem] BanditRLProof/OnlineSubgradientPolicy.lean:135
BanditRL.OnlineSubgradientPolicy.one_step [theorem] BanditRLProof/OnlineSubgradientPolicy.lean:150
BanditRL.OnlineSubgradientPolicy.regret_fixed [theorem] BanditRLProof/OnlineSubgradientPolicy.lean:171
BanditRL.OnlineSubgradientPolicy.regret_fixed_coarse [theorem] BanditRLProof/OnlineSubgradientPolicy.lean:198
BanditRL.OnlineSubgradientPolicy.regret_variable_bound [theorem] BanditRLProof/OnlineSubgradientPolicy.lean:209
BanditRL.OnlineSubgradientPolicy.regret_variable [theorem] BanditRLProof/OnlineSubgradientPolicy.lean:230
BanditRL.OnlineSubgradientPolicy.regret_tuned_distance [theorem] BanditRLProof/OnlineSubgradientPolicy.lean:243
BanditRL.OnlineSubgradientPolicy.regret_tuned [theorem] BanditRLProof/OnlineSubgradientPolicy.lean:276
BanditRL.OnlineSubgradientPolicy.canonical_output [theorem] BanditRLProof/OnlineSubgradientPolicy.lean:294
BanditRL.OnlineSubgradientPolicy.canonical_selected [theorem] BanditRLProof/OnlineSubgradientPolicy.lean:309
BanditRL.OnlineUnitScaling.subdifferentiable_scaled [theorem] BanditRLProof/OnlineUnitScaling.lean:62
BanditRL.OnlineUnitScaling.regret_fixed_scaled [theorem] BanditRLProof/OnlineUnitScaling.lean:180
