BanditRL.OnlineLinearization.oracle_feedback [theorem] BanditRLProof/OnlineLinearization.lean:113
  theorem oracle_feedback (V : Domain (E := E)) (A : LinearPolicy (E := E)) (hA : Feasible V A) (loss : ℕ → E → EReal) (p : SupportPolicy (E := E)) (hp : BanditRL.OnlineSubgradientPolicy.OracleLaw V p) (T : ℕ) (hloss : ∀ t < T, BanditRL.OnlineSubgradientDescent.SubdifferentiableOn V (loss t)) : LegalFeedback A loss p T
BanditRL.OnlineLinearization.canonical_feedback [theorem] BanditRLProof/OnlineLinearization.lean:123
  theorem canonical_feedback (V : Domain (E := E)) (A : LinearPolicy (E := E)) (hA : Feasible V A) (loss : ℕ → E → EReal) (T : ℕ) (hloss : ∀ t < T, BanditRL.OnlineSubgradientDescent.SubdifferentiableOn V (loss t)) : LegalFeedback A loss BanditRL.OnlineSubgradientPolicy.canonicalPolicy T
BanditRL.OnlineLinearization.trajectory_finite_loss [theorem] BanditRLProof/OnlineLinearization.lean:128
  theorem trajectory_finite_loss (V : Domain (E := E)) (A : LinearPolicy (E := E)) (hA : Feasible V A) (loss : ℕ → E → EReal) (p : SupportPolicy (E := E)) (T : ℕ) (hloss : ∀ t < T, BanditRL.OnlineSubgradientDescent.SubdifferentiableOn V (loss t)) (t : ℕ) (ht : t < T) : loss t (output A loss p t) = ((loss t (output A loss p t)).toReal : EReal)
BanditRL.OnlineLinearization.support_gap [theorem] BanditRLProof/OnlineLinearization.lean:133
  theorem support_gap (V : Domain (E := E)) (f : E → EReal) (hf : BanditRL.OnlineSubgradientDescent.SubdifferentiableOn V f) (x g u : E) (hu : u ∈ V.carrier) (hg : g ∈ SourceSubdifferential f x) : (f x).toReal - (f u).toReal ≤ inner ℝ g (x - u)
BanditRL.OnlineLinearization.regret_comparison [theorem] BanditRLProof/OnlineLinearization.lean:142
  theorem regret_comparison (V : Domain (E := E)) (A : LinearPolicy (E := E)) (loss : ℕ → E → EReal) (p : SupportPolicy (E := E)) (T : ℕ) (hloss : ∀ t < T, BanditRL.OnlineSubgradientDescent.SubdifferentiableOn V (loss t)) (hlegal : LegalFeedback A loss p T) (u : E) (hu : u ∈ V.carrier) : regret A loss p u T ≤ BanditRL.OnlineLearning.comparatorRegret (fun t => linearLoss (selected A loss p t)) (linearRun A (selected A loss p)) u T
BanditRL.OnlineLinearization.regret_transfer [theorem] BanditRLProof/OnlineLinearization.lean:152
  theorem regret_transfer (V : Domain (E := E)) (A : LinearPolicy (E := E)) (loss : ℕ → E → EReal) (p : SupportPolicy (E := E)) (T : ℕ) (hloss : ∀ t < T, BanditRL.OnlineSubgradientDescent.SubdifferentiableOn V (loss t)) (hlegal : LegalFeedback A loss p T) (B : (ℕ → E) → E → ℕ → ℝ) (hB : ∀ g u, u ∈ V.carrier → BanditRL.OnlineLearning.comparatorRegret (fun t => linearLoss (g t)) (linearRun A g) u T ≤ B g u T) (u : E) (hu : u ∈ V.carrier) : regret A loss p u T ≤ B (selected A loss p) u T
BanditRL.OnlineLinearization.canonical_regret_comparison [theorem] BanditRLProof/OnlineLinearization.lean:157
  theorem canonical_regret_comparison (V : Domain (E := E)) (A : LinearPolicy (E := E)) (hA : Feasible V A) (loss : ℕ → E → EReal) (T : ℕ) (hloss : ∀ t < T, BanditRL.OnlineSubgradientDescent.SubdifferentiableOn V (loss t)) (u : E) (hu : u ∈ V.carrier) : regret A loss BanditRL.OnlineSubgradientPolicy.canonicalPolicy u T ≤ BanditRL.OnlineLearning.comparatorRegret (fun t => linearLoss (selected A loss BanditRL.OnlineSubgradientPolicy.canonicalPolicy t)) (linearRun A (selected A loss BanditRL.OnlineSubgradientPolicy.canonicalPolicy)) u T
BanditRL.OnlineSubgradientDescent.Domain [abbrev] BanditRLProof/OnlineSubgradientDescent.lean:24
  abbrev Domain
BanditRL.OnlineSubgradientDescent.SubdifferentiableOn [def] BanditRLProof/OnlineSubgradientDescent.lean:26
  def SubdifferentiableOn (V : Domain (E := E)) (f : E → EReal) : Prop
BanditRL.OnlineSubgradientDescent.currentSubgradient [def] BanditRLProof/OnlineSubgradientDescent.lean:29
  def currentSubgradient (f : E → EReal) (x : E) : E
BanditRL.OnlineSubgradientDescent.step [def] BanditRLProof/OnlineSubgradientDescent.lean:33
  def step (V : Domain (E := E)) (η : ℝ) (f : E → EReal) (x : E) : E
BanditRL.OnlineSubgradientDescent.iterate [def] BanditRLProof/OnlineSubgradientDescent.lean:35
  def iterate (V : Domain (E := E)) (η : ℕ → ℝ) (loss : ℕ → E → EReal) (x₁ : E) : ℕ → E | 0 => x₁ | t + 1 => step V (η t) (loss t) (iterate V η loss x₁ t)
BanditRL.OnlineSubgradientDescent.regret [def] BanditRLProof/OnlineSubgradientDescent.lean:38
  def regret (V : Domain (E := E)) (η : ℕ → ℝ) (loss : ℕ → E → EReal) (x₁ u : E) (T : ℕ) : ℝ
BanditRL.OnlineSubgradientDescent.lemma_2_31 [theorem] BanditRLProof/OnlineSubgradientDescent.lean:40
  theorem lemma_2_31 (V : Domain (E := E)) (f : E → EReal) (hf : SubdifferentiableOn V f) (η : ℝ) (hη : 0 < η) (x u : E) (hu : u ∈ V.carrier) (g : E) (hg : g ∈ SourceSubdifferential f x) : η * ((f x).toReal - (f u).toReal) ≤ η * inner ℝ g (x - u) ∧ η * inner ℝ g (x - u) ≤ ‖x - u‖ ^ 2 / 2 - ‖BanditRL.OnlineGradientDescent.project V (x - η • g) - u‖ ^ 2 / 2 + η ^ 2 / 2 * ‖g‖ ^ 2
BanditRL.OnlineSubgradientDescent.currentSubgradient_mem [theorem] BanditRLProof/OnlineSubgradientDescent.lean:71
  theorem currentSubgradient_mem (V : Domain (E := E)) (f : E → EReal) (hf : SubdifferentiableOn V f) (x : E) (hx : x ∈ V.carrier) : currentSubgradient f x ∈ SourceSubdifferential f x
BanditRL.OnlineSubgradientDescent.finite_loss [theorem] BanditRLProof/OnlineSubgradientDescent.lean:80
  theorem finite_loss (V : Domain (E := E)) (f : E → EReal) (hf : SubdifferentiableOn V f) (x : E) (hx : x ∈ V.carrier) : f x = ((f x).toReal : EReal)
BanditRL.OnlineSubgradientDescent.iterate_mem [theorem] BanditRLProof/OnlineSubgradientDescent.lean:87
  theorem iterate_mem (V : Domain (E := E)) (η : ℕ → ℝ) (loss : ℕ → E → EReal) (x₁ : E) (hx₁ : x₁ ∈ V.carrier) (t : ℕ) : iterate V η loss x₁ t ∈ V.carrier
BanditRL.OnlineSubgradientDescent.iterate_prefix [theorem] BanditRLProof/OnlineSubgradientDescent.lean:94
  theorem iterate_prefix (V : Domain (E := E)) (η η' : ℕ → ℝ) (loss loss' : ℕ → E → EReal) (x₁ : E) (t : ℕ) (hη : ∀ s < t, η s = η' s) (hloss : ∀ s < t, loss s = loss' s) : iterate V η loss x₁ t = iterate V η' loss' x₁ t
BanditRL.OnlineSubgradientDescent.iterate_support [theorem] BanditRLProof/OnlineSubgradientDescent.lean:105
  theorem iterate_support (V : Domain (E := E)) (η : ℕ → ℝ) (loss : ℕ → E → EReal) (x₁ : E) (hx₁ : x₁ ∈ V.carrier) (t : ℕ) (hloss : SubdifferentiableOn V (loss t)) : currentSubgradient (loss t) (iterate V η loss x₁ t) ∈ SourceSubdifferential (loss t) (iterate V η loss x₁ t)
BanditRL.OnlineSubgradientDescent.iterate_finite_loss [theorem] BanditRLProof/OnlineSubgradientDescent.lean:112
  theorem iterate_finite_loss (V : Domain (E := E)) (η : ℕ → ℝ) (loss : ℕ → E → EReal) (x₁ : E) (hx₁ : x₁ ∈ V.carrier) (t : ℕ) (hloss : SubdifferentiableOn V (loss t)) (u : E) (hu : u ∈ V.carrier) : loss t (iterate V η loss x₁ t) = ((loss t (iterate V η loss x₁ t)).toReal : EReal) ∧ loss t u = ((loss t u).toReal : EReal)
BanditRL.OnlineSubgradientDescent.one_step_chain [theorem] BanditRLProof/OnlineSubgradientDescent.lean:120
  theorem one_step_chain (V : Domain (E := E)) (η : ℕ → ℝ) (loss : ℕ → E → EReal) (x₁ : E) (hx₁ : x₁ ∈ V.carrier) (t : ℕ) (hη : 0 < η t) (hloss : SubdifferentiableOn V (loss t)) (u : E) (hu : u ∈ V.carrier) : η t * ((loss t (iterate V η loss x₁ t)).toReal - (loss t u).toReal) ≤ η t * inner ℝ (currentSubgradient (loss t) (iterate V η loss x₁ t)) (iterate V η loss x₁ t - u) ∧ η t * inner ℝ (currentSubgradient (loss t) (iterate V η loss x₁ t)) (iterate V η loss x₁ t - u) ≤ ‖iterate V η loss x₁ t - u‖ ^ 2 / 2 - ‖iterate V η loss x₁ (t + 1) - u‖ ^ 2 / 2 + (η t) ^ 2 / 2 * ‖currentSubgradient (loss t) (iterate V η loss x₁ t)‖ ^ 2
BanditRL.OnlineSubgradientDescent.one_step [theorem] BanditRLProof/OnlineSubgradientDescent.lean:137
  theorem one_step (V : Domain (E := E)) (η : ℕ → ℝ) (loss : ℕ → E → EReal) (x₁ : E) (hx₁ : x₁ ∈ V.carrier) (t : ℕ) (hη : 0 < η t) (hloss : SubdifferentiableOn V (loss t)) (u : E) (hu : u ∈ V.carrier) : (loss t (iterate V η loss x₁ t)).toReal - (loss t u).toReal ≤ (‖iterate V η loss x₁ t - u‖ ^ 2 - ‖iterate V η loss x₁ (t + 1) - u‖ ^ 2) / (2 * η t) + η t / 2 * ‖currentSubgradient (loss t) (iterate V η loss x₁ t)‖ ^ 2
BanditRL.OnlineSubgradientDescent.regret_fixed [theorem] BanditRLProof/OnlineSubgradientDescent.lean:159
  theorem regret_fixed (V : Domain (E := E)) (η : ℝ) (hη : 0 < η) (loss : ℕ → E → EReal) (x₁ : E) (hx₁ : x₁ ∈ V.carrier) (T : ℕ) (hloss : ∀ t < T, SubdifferentiableOn V (loss t)) (u : E) (hu : u ∈ V.carrier) : regret V (fun _ => η) loss x₁ u T ≤ ‖x₁ - u‖ ^ 2 / (2 * η) + η / 2 * (∑ t ∈ range T, ‖currentSubgradient (loss t) (iterate V (fun _ => η) loss x₁ t)‖ ^ 2) - ‖iterate V (fun _ => η) loss x₁ T - u‖ ^ 2 / (2 * η)
BanditRL.OnlineSubgradientDescent.regret_fixed_coarse [theorem] BanditRLProof/OnlineSubgradientDescent.lean:186
  theorem regret_fixed_coarse (V : Domain (E := E)) (η : ℝ) (hη : 0 < η) (loss : ℕ → E → EReal) (x₁ : E) (hx₁ : x₁ ∈ V.carrier) (T : ℕ) (hloss : ∀ t < T, SubdifferentiableOn V (loss t)) (u : E) (hu : u ∈ V.carrier) : regret V (fun _ => η) loss x₁ u T ≤ ‖x₁ - u‖ ^ 2 / (2 * η) + η / 2 * (∑ t ∈ range T, ‖currentSubgradient (loss t) (iterate V (fun _ => η) loss x₁ t)‖ ^ 2)
BanditRL.OnlineSubgradientDescent.regret_variable_bound [theorem] BanditRLProof/OnlineSubgradientDescent.lean:196
  theorem regret_variable_bound (V : Domain (E := E)) (η : ℕ → ℝ) (loss : ℕ → E → EReal) (x₁ : E) (hx₁ : x₁ ∈ V.carrier) (T : ℕ) (hT : 0 < T) (hη : ∀ t < T, 0 < η t) (hmono : ∀ t, t + 1 < T → η (t + 1) ≤ η t) (hloss : ∀ t < T, SubdifferentiableOn V (loss t)) (D : ℝ) (hdiam : ∀ x ∈ V.carrier, ∀ y ∈ V.carrier, ‖x - y‖ ≤ D) (u : E) (hu : u ∈ V.carrier) : regret V η loss x₁ u T ≤ D ^ 2 / (2 * η (T - 1)) + (∑ t ∈ range T, η t / 2 * ‖currentSubgradient (loss t) (iterate V η loss x₁ t)‖ ^ 2) - ‖iterate V η loss x₁ T - u‖ ^ 2 / (2 * η (T - 1))
BanditRL.OnlineSubgradientDescent.regret_variable [theorem] BanditRLProof/OnlineSubgradientDescent.lean:216
  theorem regret_variable (V : Domain (E := E)) (hV : Bornology.IsBounded V.carrier) (η : ℕ → ℝ) (loss : ℕ → E → EReal) (x₁ : E) (hx₁ : x₁ ∈ V.carrier) (T : ℕ) (hT : 0 < T) (hη : ∀ t < T, 0 < η t) (hmono : ∀ t, t + 1 < T → η (t + 1) ≤ η t) (hloss : ∀ t < T, SubdifferentiableOn V (loss t)) (u : E) (hu : u ∈ V.carrier) : regret V η loss x₁ u T ≤ (Metric.diam V.carrier) ^ 2 / (2 * η (T - 1)) + (∑ t ∈ range T, η t / 2 * ‖currentSubgradient (loss t) (iterate V η loss x₁ t)‖ ^ 2) - ‖iterate V η loss x₁ T - u‖ ^ 2 / (2 * η (T - 1))
BanditRL.OnlineSubgradientDescent.regret_tuned_distance [theorem] BanditRLProof/OnlineSubgradientDescent.lean:229
  theorem regret_tuned_distance (V : Domain (E := E)) (loss : ℕ → E → EReal) (x₁ : E) (hx₁ : x₁ ∈ V.carrier) (T : ℕ) (hT : 0 < T) (D G : ℝ) (hD : 0 < D) (hG : 0 < G) (hloss : ∀ t < T, SubdifferentiableOn V (loss t)) (u : E) (hu : u ∈ V.carrier) (hdist : ‖x₁ - u‖ ≤ D) (hgrad : ∀ t < T, ‖currentSubgradient (loss t) (iterate V (fun _ => D / (G * Real.sqrt T)) loss x₁ t)‖ ≤ G) : regret V (fun _ => D / (G * Real.sqrt T)) loss x₁ u T ≤ D * G * Real.sqrt T
BanditRL.OnlineSubgradientDescent.regret_tuned [theorem] BanditRLProof/OnlineSubgradientDescent.lean:263
  theorem regret_tuned (V : Domain (E := E)) (loss : ℕ → E → EReal) (x₁ : E) (hx₁ : x₁ ∈ V.carrier) (T : ℕ) (hT : 0 < T) (D G : ℝ) (hD : 0 < D) (hG : 0 < G) (hdiam : ∀ x ∈ V.carrier, ∀ y ∈ V.carrier, ‖x - y‖ ≤ D) (hloss : ∀ t < T, SubdifferentiableOn V (loss t)) (hgrad : ∀ t < T, ‖currentSubgradient (loss t) (iterate V (fun _ => D / (G * Real.sqrt T)) loss x₁ t)‖ ≤ G) : ∀ u ∈ V.carrier, regret V (fun _ => D / (G * Real.sqrt T)) loss x₁ u T ≤ D * G * Real.sqrt T
BanditRL.OnlineSubgradientPolicy.oracle_feedback [theorem] BanditRLProof/OnlineSubgradientPolicy.lean:116
  theorem oracle_feedback (V : Domain (E := E)) (η : ℕ → ℝ) (loss : ℕ → E → EReal) (x₁ : E) (p : SupportPolicy (E := E)) (hx₁ : x₁ ∈ V.carrier) (T : ℕ) (hp : OracleLaw V p) (hloss : ∀ t < T, BanditRL.OnlineSubgradientDescent.SubdifferentiableOn V (loss t)) : LegalFeedback V η loss x₁ p T
BanditRL.OnlineSubgradientPolicy.trajectory_finite_loss [theorem] BanditRLProof/OnlineSubgradientPolicy.lean:125
  theorem trajectory_finite_loss (V : Domain (E := E)) (η : ℕ → ℝ) (loss : ℕ → E → EReal) (x₁ : E) (p : SupportPolicy (E := E)) (hx₁ : x₁ ∈ V.carrier) (t : ℕ) (hloss : BanditRL.OnlineSubgradientDescent.SubdifferentiableOn V (loss t)) (u : E) (hu : u ∈ V.carrier) : loss t (output V η loss x₁ p t) = ((loss t (output V η loss x₁ p t)).toReal : EReal) ∧ loss t u = ((loss t u).toReal : EReal)
BanditRL.OnlineSubgradientPolicy.one_step_chain [theorem] BanditRLProof/OnlineSubgradientPolicy.lean:135
  theorem one_step_chain (V : Domain (E := E)) (η : ℕ → ℝ) (loss : ℕ → E → EReal) (x₁ : E) (p : SupportPolicy (E := E)) (t : ℕ) (hη : 0 < η t) (hloss : BanditRL.OnlineSubgradientDescent.SubdifferentiableOn V (loss t)) (hg : selected V η loss x₁ p t ∈ SourceSubdifferential (loss t) (output V η loss x₁ p t)) (u : E) (hu : u ∈ V.carrier) : η t * ((loss t (output V η loss x₁ p t)).toReal - (loss t u).toReal) ≤ η t * inner ℝ (selected V η loss x₁ p t) (output V η loss x₁ p t - u) ∧ η t * inner ℝ (selected V η loss x₁ p t) (output V η loss x₁ p t - u) ≤ ‖output V η loss x₁ p t - u‖ ^ 2 / 2 - ‖output V η loss x₁ p (t + 1) - u‖ ^ 2 / 2 + (η t) ^ 2 / 2 * ‖selected V η loss x₁ p t‖ ^ 2
BanditRL.OnlineSubgradientPolicy.one_step [theorem] BanditRLProof/OnlineSubgradientPolicy.lean:150
  theorem one_step (V : Domain (E := E)) (η : ℕ → ℝ) (loss : ℕ → E → EReal) (x₁ : E) (p : SupportPolicy (E := E)) (t : ℕ) (hη : 0 < η t) (hloss : BanditRL.OnlineSubgradientDescent.SubdifferentiableOn V (loss t)) (hg : selected V η loss x₁ p t ∈ SourceSubdifferential (loss t) (output V η loss x₁ p t)) (u : E) (hu : u ∈ V.carrier) : (loss t (output V η loss x₁ p t)).toReal - (loss t u).toReal ≤ (‖output V η loss x₁ p t - u‖ ^ 2 - ‖output V η loss x₁ p (t + 1) - u‖ ^ 2) / (2 * η t) + η t / 2 * ‖selected V η loss x₁ p t‖ ^ 2
BanditRL.OnlineSubgradientPolicy.regret_fixed [theorem] BanditRLProof/OnlineSubgradientPolicy.lean:171
  theorem regret_fixed (V : Domain (E := E)) (η : ℝ) (hη : 0 < η) (loss : ℕ → E → EReal) (x₁ : E) (p : SupportPolicy (E := E)) (hx₁ : x₁ ∈ V.carrier) (T : ℕ) (hloss : ∀ t < T, BanditRL.OnlineSubgradientDescent.SubdifferentiableOn V (loss t)) (hlegal : LegalFeedback V (fun _ => η) loss x₁ p T) (u : E) (hu : u ∈ V.carrier) : regret V (fun _ => η) loss x₁ p u T ≤ ‖x₁ - u‖ ^ 2 / (2 * η) + η / 2 * (∑ t ∈ range T, ‖selected V (fun _ => η) loss x₁ p t‖ ^ 2) - ‖output V (fun _ => η) loss x₁ p T - u‖ ^ 2 / (2 * η)
BanditRL.OnlineSubgradientPolicy.regret_fixed_coarse [theorem] BanditRLProof/OnlineSubgradientPolicy.lean:198
  theorem regret_fixed_coarse (V : Domain (E := E)) (η : ℝ) (hη : 0 < η) (loss : ℕ → E → EReal) (x₁ : E) (p : SupportPolicy (E := E)) (hx₁ : x₁ ∈ V.carrier) (T : ℕ) (hloss : ∀ t < T, BanditRL.OnlineSubgradientDescent.SubdifferentiableOn V (loss t)) (hlegal : LegalFeedback V (fun _ => η) loss x₁ p T) (u : E) (hu : u ∈ V.carrier) : regret V (fun _ => η) loss x₁ p u T ≤ ‖x₁ - u‖ ^ 2 / (2 * η) + η / 2 * (∑ t ∈ range T, ‖selected V (fun _ => η) loss x₁ p t‖ ^ 2)
BanditRL.OnlineSubgradientPolicy.regret_variable_bound [theorem] BanditRLProof/OnlineSubgradientPolicy.lean:209
  theorem regret_variable_bound (V : Domain (E := E)) (η : ℕ → ℝ) (loss : ℕ → E → EReal) (x₁ : E) (p : SupportPolicy (E := E)) (hx₁ : x₁ ∈ V.carrier) (T : ℕ) (hT : 0 < T) (hη : ∀ t < T, 0 < η t) (hmono : ∀ t, t + 1 < T → η (t + 1) ≤ η t) (hloss : ∀ t < T, BanditRL.OnlineSubgradientDescent.SubdifferentiableOn V (loss t)) (hlegal : LegalFeedback V η loss x₁ p T) (D : ℝ) (hdiam : ∀ x ∈ V.carrier, ∀ y ∈ V.carrier, ‖x - y‖ ≤ D) (u : E) (hu : u ∈ V.carrier) : regret V η loss x₁ p u T ≤ D ^ 2 / (2 * η (T - 1)) + (∑ t ∈ range T, η t / 2 * ‖selected V η loss x₁ p t‖ ^ 2) - ‖output V η loss x₁ p T - u‖ ^ 2 / (2 * η (T - 1))
BanditRL.OnlineSubgradientPolicy.regret_variable [theorem] BanditRLProof/OnlineSubgradientPolicy.lean:230
  theorem regret_variable (V : Domain (E := E)) (η : ℕ → ℝ) (loss : ℕ → E → EReal) (x₁ : E) (p : SupportPolicy (E := E)) (hx₁ : x₁ ∈ V.carrier) (T : ℕ) (hT : 0 < T) (hη : ∀ t < T, 0 < η t) (hmono : ∀ t, t + 1 < T → η (t + 1) ≤ η t) (hloss : ∀ t < T, BanditRL.OnlineSubgradientDescent.SubdifferentiableOn V (loss t)) (hlegal : LegalFeedback V η loss x₁ p T) (hV : Bornology.IsBounded V.carrier) (u : E) (hu : u ∈ V.carrier) : regret V η loss x₁ p u T ≤ (Metric.diam V.carrier) ^ 2 / (2 * η (T - 1)) + (∑ t ∈ range T, η t / 2 * ‖selected V η loss x₁ p t‖ ^ 2) - ‖output V η loss x₁ p T - u‖ ^ 2 / (2 * η (T - 1))
BanditRL.OnlineSubgradientPolicy.regret_tuned_distance [theorem] BanditRLProof/OnlineSubgradientPolicy.lean:243
  theorem regret_tuned_distance (V : Domain (E := E)) (loss : ℕ → E → EReal) (x₁ : E) (p : SupportPolicy (E := E)) (hx₁ : x₁ ∈ V.carrier) (T : ℕ) (hT : 0 < T) (D G : ℝ) (hD : 0 < D) (hG : 0 < G) (hloss : ∀ t < T, BanditRL.OnlineSubgradientDescent.SubdifferentiableOn V (loss t)) (hlegal : LegalFeedback V (fun _ => D / (G * Real.sqrt T)) loss x₁ p T) (u : E) (hu : u ∈ V.carrier) (hdist : ‖x₁ - u‖ ≤ D) (hgrad : ∀ t < T, ‖selected V (fun _ => D / (G * Real.sqrt T)) loss x₁ p t‖ ≤ G) : regret V (fun _ => D / (G * Real.sqrt T)) loss x₁ p u T ≤ D * G * Real.sqrt T
BanditRL.OnlineSubgradientPolicy.regret_tuned [theorem] BanditRLProof/OnlineSubgradientPolicy.lean:276
  theorem regret_tuned (V : Domain (E := E)) (loss : ℕ → E → EReal) (x₁ : E) (p : SupportPolicy (E := E)) (hx₁ : x₁ ∈ V.carrier) (T : ℕ) (hT : 0 < T) (D G : ℝ) (hD : 0 < D) (hG : 0 < G) (hloss : ∀ t < T, BanditRL.OnlineSubgradientDescent.SubdifferentiableOn V (loss t)) (hlegal : LegalFeedback V (fun _ => D / (G * Real.sqrt T)) loss x₁ p T) (hdiam : ∀ x ∈ V.carrier, ∀ y ∈ V.carrier, ‖x - y‖ ≤ D) (hgrad : ∀ t < T, ‖selected V (fun _ => D / (G * Real.sqrt T)) loss x₁ p t‖ ≤ G) : ∀ u ∈ V.carrier, regret V (fun _ => D / (G * Real.sqrt T)) loss x₁ p u T ≤ D * G * Real.sqrt T
BanditRL.OnlineSubgradientPolicy.canonical_output [theorem] BanditRLProof/OnlineSubgradientPolicy.lean:294
  theorem canonical_output (V : Domain (E := E)) (η : ℕ → ℝ) (loss : ℕ → E → EReal) (x₁ : E) (t : ℕ) : output V η loss x₁ canonicalPolicy t = BanditRL.OnlineSubgradientDescent.iterate V η loss x₁ t
BanditRL.OnlineSubgradientPolicy.canonical_selected [theorem] BanditRLProof/OnlineSubgradientPolicy.lean:309
  theorem canonical_selected (V : Domain (E := E)) (η : ℕ → ℝ) (loss : ℕ → E → EReal) (x₁ : E) (t : ℕ) : selected V η loss x₁ canonicalPolicy t = BanditRL.OnlineSubgradientDescent.currentSubgradient (loss t) (BanditRL.OnlineSubgradientDescent.iterate V η loss x₁ t)
BanditRL.OnlineUnitScaling.subdifferentiable_scaled [theorem] BanditRLProof/OnlineUnitScaling.lean:62
  theorem subdifferentiable_scaled (c : ℝ) (hc : 0 < c) (f : E → EReal) (hf : BanditRL.OnlineSubgradientDescent.SubdifferentiableOn V f) : BanditRL.OnlineSubgradientDescent.SubdifferentiableOn V (scaledLoss c f)
BanditRL.OnlineUnitScaling.regret_fixed_scaled [theorem] BanditRLProof/OnlineUnitScaling.lean:180
  theorem regret_fixed_scaled (c : ℝ) (hc : 0 < c) (η : ℝ) (hη : 0 < η) (loss : ℕ → E → EReal) (x₁ : E) (p : SupportPolicy (E := E)) (T : ℕ) (hloss : ∀ t < T, BanditRL.OnlineSubgradientDescent.SubdifferentiableOn V (loss t)) (hlegal : LegalFeedback V (fun _ => η) loss x₁ p T) (u : E) : regret V (scaledEta c (fun _ => η)) (fun s => scaledLoss c (loss s)) (c⁻¹ • x₁) (scaledPolicy c p) (c⁻¹ • u) T ≤ ‖x₁ - u‖ ^ 2 / (2 * η) + η / 2 * (∑ t ∈ range T, ‖selected V (fun _ => η) loss x₁ p t‖ ^ 2) - ‖output V (fun _ => η) loss x₁ p T - u‖ ^ 2 / (2 * η)
