local: LOCAL-LEAF-OFUL-PSD-GAUSSIAN-QUADRATIC-EXPONENTIAL: BanditRLProof.OFULGaussianSpectralMixture
local: LOCAL-LEAF-OFUL-POSDEF-COVARIANCE-GAUSSIAN-QUADRATIC-EXPONENTIAL: BanditRLProof.OFULGaussianCovarianceMixture
local: LOCAL-LEAF-OFUL-GAUSSIAN-MIXTURE-JOINT-MEASURABILITY-TONELLI: BanditRLProof.OFULGaussianMixtureMeasurability
local: LOCAL-LEAF-OFUL-FINITE-HORIZON-SCORE-GRAM-EXPECTATION-TRANSPORT: BanditRLProof.OFULFiniteHorizonScoreGram
local: LOCAL-LEAF-OFUL-EVALUATED-GAUSSIAN-MIXTURE-EXPECTATION: BanditRLProof.OFULGaussianEvaluatedMixture
local: LOCAL-LEAF-OFUL-SELF-NORMALIZED-MARKOV-EVENT-TRANSPORT: BanditRLProof.OFULSelfNormalizedMarkov
local: LOCAL-LEAF-OFUL-LEAST-SQUARES-CONFIDENCE-ELLIPSOID: BanditRLProof.OFULConfidenceEllipsoid
local: LOCAL-LEAF-OFUL-SCALAR-REGULARIZATION-BIAS: BanditRLProof.OFULScalarRegularizationBias
local: LOCAL-LEAF-OFUL-FINITE-ACTION-OPTIMISM: BanditRLProof.OFULFiniteActionOptimism
local: LOCAL-LEAF-OFUL-SELECTED-WIDTH-SUMMATION: BanditRLProof.OFULSelectedWidthSummation
local: LOCAL-LEAF-OFUL-GENERATED-TRAJECTORY-NORMALIZED-RADIUS-WIDTH-GAP-TAIL: BanditRLProof.OFULNormalizedRadiusWidth
local: LOCAL-LEAF-OFUL-STANDARD-LOG-ELLIPTICAL-POTENTIAL-FOUNDATION: BanditRLProof.OFULEllipticalPotentialFoundation
local: LOCAL-LEAF-OFUL-REGULARIZED-GRAM-DET-POS: BanditRLProof.OFULEllipticalPotential
local: LOCAL-LEAF-OFUL-LOG-DET-UPDATE: BanditRLProof.OFULEllipticalPotential
local: LOCAL-LEAF-OFUL-PREFIX-LOG-DET-TELESCOPE: BanditRLProof.OFULEllipticalPotential
local: LOCAL-LEAF-OFUL-DETERMINANT-GROWTH-CONSUMER: BanditRLProof.OFULEllipticalPotential
local: LOCAL-LEAF-OFUL-CLIPPED-SUM-LOG-UPPER: BanditRLProof.OFULEllipticalPotential
local: LOCAL-LEAF-OFUL-UNCLIPPED-SMALL-UPDATE-SUM-LOG: BanditRLProof.OFULEllipticalPotential
local: LOCAL-LEAF-OFUL-UNCLIPPED-SMALL-UPDATE-SUM-LOG-UPPER: BanditRLProof.OFULEllipticalPotential
local: LOCAL-LEAF-OFUL-UNCLIPPED-SMALL-UPDATE-LOG-DET-EXPLICIT-NONNEG: BanditRLProof.OFULEllipticalPotential
local: LOCAL-LEAF-OFUL-INVERSE-QUADRATIC-NONNEG-CONSUMER: BanditRLProof.OFULEllipticalPotential
local: LOCAL-LEAF-OFUL-DET-MUL-EXP-UPPER-CONSUMER: BanditRLProof.OFULEllipticalPotential
local: LOCAL-LEAF-OFUL-TRACE-AVERAGE-DET-CONSUMER: BanditRLProof.OFULEllipticalPotential
local: LOCAL-LEAF-OFUL-AMGM-DET-TRACE-BOUND: BanditRLProof.OFULEllipticalPotential
lean: BanditRLProof.OFUL.matrixNorm_add_le [theorem] BanditRLProof/OFULConfidenceEllipsoid.lean:26
  theorem matrixNorm_add_le [Fintype Feature] [DecidableEq Feature] (A : Matrix Feature Feature Real) (hA : A.PosDef) (x y : Feature -> Real) : matrixNorm A (x + y) <= matrixNorm A x + matrixNorm A y
lean: BanditRLProof.OFUL.matrixNorm_sub_le [theorem] BanditRLProof/OFULConfidenceEllipsoid.lean:43
  theorem matrixNorm_sub_le [Fintype Feature] [DecidableEq Feature] (A : Matrix Feature Feature Real) (hA : A.PosDef) (x y : Feature -> Real) : matrixNorm A (x - y) <= matrixNorm A x + matrixNorm A y
lean: BanditRLProof.OFUL.matrixNorm_sq [theorem] BanditRLProof/OFULConfidenceEllipsoid.lean:60
  theorem matrixNorm_sq [Fintype Feature] [DecidableEq Feature] (A : Matrix Feature Feature Real) (hA : A.PosDef) (x : Feature -> Real) : matrixNorm A x ^ 2 = x ⬝ᵥ A.mulVec x
lean: BanditRLProof.OFUL.one_le_det_add_posSemidef_div_det [theorem] BanditRLProof/OFULConfidenceEllipsoid.lean:113
  theorem one_le_det_add_posSemidef_div_det [Fintype Feature] [DecidableEq Feature] (V0 G : Matrix Feature Feature Real) (hV0 : V0.PosDef) (hG : G.PosSemidef) : 1 <= Matrix.det (V0 + G) / Matrix.det V0
lean: BanditRLProof.OFUL.finiteHorizonConfidenceThreshold_nonneg [theorem] BanditRLProof/OFULConfidenceEllipsoid.lean:130
  theorem finiteHorizonConfidenceThreshold_nonneg [Fintype Feature] [DecidableEq Feature] (V0 : Matrix Feature Feature Real) (hV0 : V0.PosDef) (feature : Nat -> Omega -> Feature -> Real) (R delta : Real) (n : Nat) (omega : Omega) (hdelta : 0 < delta) (hdelta_one : delta <= 1) : 0 <= finiteHorizonConfidenceThreshold V0 feature R delta n omega
lean: BanditRLProof.OFUL.posDef_nonsingInv_mulVec_mulVec [theorem] BanditRLProof/OFULConfidenceEllipsoid.lean:197
  theorem posDef_nonsingInv_mulVec_mulVec [Fintype Feature] [DecidableEq Feature] (A : Matrix Feature Feature Real) (hA : A.PosDef) (x : Feature -> Real) : A⁻¹.mulVec (A.mulVec x) = x
lean: BanditRLProof.OFUL.posDef_mulVec_nonsingInv_mulVec [theorem] BanditRLProof/OFULConfidenceEllipsoid.lean:207
  theorem posDef_mulVec_nonsingInv_mulVec [Fintype Feature] [DecidableEq Feature] (A : Matrix Feature Feature Real) (hA : A.PosDef) (x : Feature -> Real) : A.mulVec (A⁻¹.mulVec x) = x
lean: BanditRLProof.OFUL.matrixNorm_nonsingInv_mulVec_sq [theorem] BanditRLProof/OFULConfidenceEllipsoid.lean:219
  theorem matrixNorm_nonsingInv_mulVec_sq [Fintype Feature] [DecidableEq Feature] (A : Matrix Feature Feature Real) (hA : A.PosDef) (x : Feature -> Real) : matrixNorm A (A⁻¹.mulVec x) ^ 2 = x ⬝ᵥ A⁻¹.mulVec x
lean: BanditRLProof.OFUL.finiteHorizonRidgeEstimate_sub_eq_inverseScore_sub_inverseBias [theorem] BanditRLProof/OFULConfidenceEllipsoid.lean:232
  theorem finiteHorizonRidgeEstimate_sub_eq_inverseScore_sub_inverseBias [Fintype Feature] [DecidableEq Feature] (V0 : Matrix Feature Feature Real) (hV0 : V0.PosDef) (thetaStar : Feature -> Real) (feature : Nat -> Omega -> Feature -> Real) (response noise : Nat -> Omega -> Real) (n : Nat) (omega : Omega) (hresponse : forall i, i < n -> response i omega = dotProduct thetaStar (feature i omega) + noise i omega) : finiteHorizonRidgeEstimate V0 feature response n omega - thetaStar = (V0 + finiteHorizonFeatureGram feature n omega)⁻¹.mulVec (WithLp.ofLp (finiteHorizonNoiseScore feature noise n omega)) - (V0 + finiteHorizonFeatureGram feature n omega)⁻¹.mulVec (V0.mulVec thetaStar)
lean: BanditRLProof.OFUL.finiteHorizonRidgeEstimate_error_matrixNorm_le_score_add_bias [theorem] BanditRLProof/OFULConfidenceEllipsoid.lean:294
  theorem finiteHorizonRidgeEstimate_error_matrixNorm_le_score_add_bias [Fintype Feature] [DecidableEq Feature] (V0 : Matrix Feature Feature Real) (hV0 : V0.PosDef) (thetaStar : Feature -> Real) (feature : Nat -> Omega -> Feature -> Real) (response noise : Nat -> Omega -> Real) (n : Nat) (omega : Omega) (hresponse : forall i, i < n -> response i omega = dotProduct thetaStar (feature i omega) + noise i omega) : matrixNorm (V0 + finiteHorizonFeatureGram feature n omega) (finiteHorizonRidgeEstimate V0 feature response n omega - thetaStar) <= matrixNorm (V0 + finiteHorizonFeatureGram feature n omega) ((V0 + finiteHorizonFeatureGram feature n omega)⁻¹.mulVec (WithLp.ofLp (finiteHorizonNoiseScore feature noise n omega))) + matrixNorm (V0 + finiteHorizonFeatureGram feature n omega) ((V0 + finiteHorizonFeatureGram feature n omega)⁻¹.mulVec (V0.mulVec thetaStar))
lean: BanditRLProof.OFUL.selfNormalizedQuadratic_gt_of_ridgeEstimate_error_matrixNorm_gt_confidenceRadius [theorem] BanditRLProof/OFULConfidenceEllipsoid.lean:325
  theorem selfNormalizedQuadratic_gt_of_ridgeEstimate_error_matrixNorm_gt_confidenceRadius [Fintype Feature] [DecidableEq Feature] (V0 : Matrix Feature Feature Real) (hV0 : V0.PosDef) (thetaStar : Feature -> Real) (feature : Nat -> Omega -> Feature -> Real) (response noise : Nat -> Omega -> Real) (R delta biasRadius : Real) (n : Nat) (omega : Omega) (hdelta : 0 < delta) (hdelta_one : delta <= 1) (hresponse : forall i, i < n -> response i omega = dotProduct thetaStar (feature i omega) + noise i omega) (hbias : matrixNorm (V0 + finiteHorizonFeatureGram feature n omega) ((V0 + finiteHorizonFeatureGram feature n omega)⁻¹.mulVec (V0.mulVec thetaStar)) <= biasRadius) (hbad : matrixNorm (V0 + finiteHorizonFeatureGram feature n omega) (finiteHorizonRidgeEstimate V0 feature response n omega - thetaStar) > finiteHorizonConfidenceRadius V0 feature R delta biasRadius n omega) : (finiteHorizonNoiseScore feature noise n omega) ⬝ᵥ (V0 + finiteHorizonFeatureGram feature n omega)⁻¹.mulVec (finiteHorizonNoiseScore feature noise n omega) > finiteHorizonConfidenceThreshold V0 feature R delta n omega
lean: BanditRLProof.OFUL.measure_finiteHorizonRidgeEstimate_error_matrixNorm_gt_confidenceRadius_le [theorem] BanditRLProof/OFULConfidenceEllipsoid.lean:401
  theorem measure_finiteHorizonRidgeEstimate_error_matrixNorm_gt_confidenceRadius_le [mOmega : MeasurableSpace Omega] [StandardBorelSpace Omega] [Fintype Feature] [DecidableEq Feature] [Nonempty Feature] (mu : Measure Omega) [IsProbabilityMeasure mu] (V0 : Matrix Feature Feature Real) (hV0 : V0.PosDef) (thetaStar : Feature -> Real) (F : Filtration Nat mOmega) (feature : Nat -> Omega -> Feature -> Real) (response noise : Nat -> Omega -> Real) (R : Real) (hR : 0 < R) (projectionBound : EuclideanSpace Real Feature -> Nat -> Real) (hfeature : forall i j, StronglyMeasurable[F i] (fun omega => feature i omega j)) (hnoise : StronglyAdapted F (fun t omega => match t with | 0 => 0 | i + 1 => noise i omega)) (hprojectionBound_nonneg : forall theta i, 0 <= projectionBound theta i) (hprojectionBound : forall theta i omega, |dotProduct (WithLp.ofLp theta) (feature i omega)| <= projectionBound theta i) (n : Nat) (hsubGaussian : forall i, i < n -> HasCondSubgaussianMGF (F i) (F.le i) (noise i) (constantSquaredVarianceProxy R i) mu) (delta : Real) (hdelta : 0 < delta) (hdelta_one : delta <= 1) (biasRadius : Real) (hresponse : forall omega i, i < n -> response i omega = dotProduct thetaStar (feature i omega) + noise i omega) (hbias : forall omega, matrixNorm (V0 + finiteHorizonFeatureGram feature n omega) ((V0 + finiteHorizonFeatureGram feature n omega)⁻¹.mulVec (V0.mulVec thetaStar)) <= biasRadius) : mu {omega | matrixNorm (V0 + finiteHorizonFeatureGram feature n omega) (finiteHorizonRidgeEstimate V0 feature response n omega - thetaStar) > finiteHorizonConfidenceRadius V0 feature R delta biasRadius n omega} <= ENNReal.ofReal delta
lean: BanditRLProof.OFUL.regularizedFeatureGram_posDef [theorem] BanditRLProof/OFULEllipticalPotential.lean:796
  theorem regularizedFeatureGram_posDef {Time : Type v} {Feature : Type u} [Fintype Time] [Fintype Feature] [DecidableEq Feature] (lambda : Real) (hlambda : 0 < lambda) (x : Time -> Feature -> Real) : (regularizedFeatureGram lambda x).PosDef
lean: BanditRLProof.OFUL.regularizedPrefixFeatureGram_posDef [theorem] BanditRLProof/OFULEllipticalPotential.lean:814
  theorem regularizedPrefixFeatureGram_posDef {Feature : Type u} [Fintype Feature] [DecidableEq Feature] (lambda : Real) (hlambda : 0 < lambda) (x : Nat -> Feature -> Real) (T : Nat) : (regularizedPrefixFeatureGram lambda x T).PosDef
lean: BanditRLProof.OFUL.regularizedPrefixFeatureGram_inv_posDef [theorem] BanditRLProof/OFULEllipticalPotential.lean:870
  theorem regularizedPrefixFeatureGram_inv_posDef {Feature : Type u} [Fintype Feature] [DecidableEq Feature] (lambda : Real) (hlambda : 0 < lambda) (x : Nat -> Feature -> Real) (T : Nat) : ((regularizedPrefixFeatureGram lambda x T)⁻¹).PosDef
lean: BanditRLProof.OFUL.regularizedFeatureGram_add_rankOneGram_posDef [theorem] BanditRLProof/OFULEllipticalPotential.lean:995
  theorem regularizedFeatureGram_add_rankOneGram_posDef {Time : Type v} {Feature : Type u} [Fintype Time] [Fintype Feature] [DecidableEq Feature] (lambda : Real) (hlambda : 0 < lambda) (history : Time -> Feature -> Real) (x : Feature -> Real) : (regularizedFeatureGram lambda history + rankOneGram x).PosDef
lean: BanditRLProof.OFUL.regularizedPrefixFeatureGram_add_rankOneGram_posDef [theorem] BanditRLProof/OFULEllipticalPotential.lean:1006
  theorem regularizedPrefixFeatureGram_add_rankOneGram_posDef {Feature : Type u} [Fintype Feature] [DecidableEq Feature] (lambda : Real) (hlambda : 0 < lambda) (history : Nat -> Feature -> Real) (T : Nat) (x : Feature -> Real) : (regularizedPrefixFeatureGram lambda history T + rankOneGram x).PosDef
lean: BanditRLProof.OFUL.abs_dotProduct_le_matrixNorm_mul_confidenceWidth [theorem] BanditRLProof/OFULFiniteActionOptimism.lean:54
  theorem abs_dotProduct_le_matrixNorm_mul_confidenceWidth [Fintype Feature] [DecidableEq Feature] (V : Matrix Feature Feature Real) (hV : V.PosDef) (error x : Feature -> Real) : |dotProduct error x| <= matrixNorm V error * confidenceWidth V x
lean: BanditRLProof.OFUL.linearValue_le_optimisticScore_of_matrixNorm_sub_le [theorem] BanditRLProof/OFULFiniteActionOptimism.lean:93
  theorem linearValue_le_optimisticScore_of_matrixNorm_sub_le [Fintype Feature] [DecidableEq Feature] (V : Matrix Feature Feature Real) (hV : V.PosDef) (thetaHat thetaStar : Feature -> Real) (beta : Real) (x : Feature -> Real) (hconfidence : matrixNorm V (thetaHat - thetaStar) <= beta) : linearValue thetaStar x <= optimisticScore thetaHat V beta x
lean: BanditRLProof.OFUL.optimisticScore_le_linearValue_add_two_mul_bonus_of_matrixNorm_sub_le [theorem] BanditRLProof/OFULFiniteActionOptimism.lean:120
  theorem optimisticScore_le_linearValue_add_two_mul_bonus_of_matrixNorm_sub_le [Fintype Feature] [DecidableEq Feature] (V : Matrix Feature Feature Real) (hV : V.PosDef) (thetaHat thetaStar : Feature -> Real) (beta : Real) (x : Feature -> Real) (hconfidence : matrixNorm V (thetaHat - thetaStar) <= beta) : optimisticScore thetaHat V beta x <= linearValue thetaStar x + 2 * beta * confidenceWidth V x
lean: BanditRLProof.OFUL.linearValue_sub_finiteActionOptimisticChoice_le_two_mul_bonus [theorem] BanditRLProof/OFULFiniteActionOptimism.lean:174
  theorem linearValue_sub_finiteActionOptimisticChoice_le_two_mul_bonus [Finite Action] [Nonempty Action] [Fintype Feature] [DecidableEq Feature] (V : Matrix Feature Feature Real) (hV : V.PosDef) (thetaHat thetaStar : Feature -> Real) (beta : Real) (actionFeature : Action -> Feature -> Real) (hconfidence : matrixNorm V (thetaHat - thetaStar) <= beta) (action : Action) : linearValue thetaStar (actionFeature action) - linearValue thetaStar (actionFeature (finiteActionOptimisticChoice thetaHat V beta actionFeature)) <= 2 * beta * confidenceWidth V (actionFeature (finiteActionOptimisticChoice thetaHat V beta actionFeature))
lean: BanditRLProof.OFUL.det_one_add_sqrt_inv_congruence_eq_ratio [theorem] BanditRLProof/OFULGaussianCovarianceMixture.lean:130
  theorem det_one_add_sqrt_inv_congruence_eq_ratio (V0 G : Matrix Feature Feature Real) (hV0 : V0.PosDef) : let C := CFC.sqrt V0⁻¹ Matrix.det (1 + C * G * C) = Matrix.det (V0 + G) / Matrix.det V0
lean: BanditRLProof.OFUL.sqrt_inv_congruence_inverse [theorem] BanditRLProof/OFULGaussianCovarianceMixture.lean:162
  theorem sqrt_inv_congruence_inverse (V0 G : Matrix Feature Feature Real) (hV0 : V0.PosDef) : let C := CFC.sqrt V0⁻¹ C * (1 + C * G * C)⁻¹ * C = (V0 + G)⁻¹
lean: BanditRLProof.OFUL.dotProduct_sqrt_inv_congruence_inverse [theorem] BanditRLProof/OFULGaussianCovarianceMixture.lean:187
  theorem dotProduct_sqrt_inv_congruence_inverse (V0 G : Matrix Feature Feature Real) (hV0 : V0.PosDef) (score : EuclideanSpace Real Feature) : let C := CFC.sqrt V0⁻¹ (Matrix.toEuclideanCLM (𝕜 := Real) C score) ⬝ᵥ (1 + C * G * C)⁻¹.mulVec (Matrix.toEuclideanCLM (𝕜 := Real) C score) = score ⬝ᵥ (V0 + G)⁻¹.mulVec score
lean: BanditRLProof.OFUL.integral_exp_inner_sub_quadratic_multivariateGaussian_zero_inv_detRatio [theorem] BanditRLProof/OFULGaussianCovarianceMixture.lean:222
  theorem integral_exp_inner_sub_quadratic_multivariateGaussian_zero_inv_detRatio (V0 G : Matrix Feature Feature Real) (hV0 : V0.PosDef) (hG : G.PosSemidef) (score : EuclideanSpace Real Feature) : integral (ProbabilityTheory.multivariateGaussian 0 V0⁻¹) (fun z : EuclideanSpace Real Feature => Real.exp (⟪score, z⟫_ℝ - ⟪z, Matrix.toEuclideanCLM (𝕜 := Real) G z⟫_ℝ / 2)) = (Real.sqrt (Matrix.det (V0 + G) / Matrix.det V0))⁻¹ * Real.exp (score ⬝ᵥ (V0 + G)⁻¹.mulVec score / 2)
lean: BanditRLProof.OFUL.integral_exp_inner_sub_quadratic_multivariateGaussian_zero_inv [theorem] BanditRLProof/OFULGaussianCovarianceMixture.lean:240
  theorem integral_exp_inner_sub_quadratic_multivariateGaussian_zero_inv (V0 G : Matrix Feature Feature Real) (hV0 : V0.PosDef) (hG : G.PosSemidef) (score : EuclideanSpace Real Feature) : integral (ProbabilityTheory.multivariateGaussian 0 V0⁻¹) (fun z : EuclideanSpace Real Feature => Real.exp (⟪score, z⟫_ℝ - ⟪z, Matrix.toEuclideanCLM (𝕜 := Real) G z⟫_ℝ / 2)) = Real.sqrt (Matrix.det V0 / Matrix.det (V0 + G)) * Real.exp (score ⬝ᵥ (V0 + G)⁻¹.mulVec score / 2)
lean: BanditRLProof.OFUL.lintegral_gaussianQuadraticExponentialENNReal_multivariateGaussian_zero_inv [theorem] BanditRLProof/OFULGaussianEvaluatedMixture.lean:103
  theorem lintegral_gaussianQuadraticExponentialENNReal_multivariateGaussian_zero_inv [Fintype Feature] [DecidableEq Feature] (V0 G : Matrix Feature Feature Real) (hV0 : V0.PosDef) (hG : G.PosSemidef) (score : EuclideanSpace Real Feature) : ∫⁻ z : EuclideanSpace Real Feature, ENNReal.ofReal (Real.exp (⟪score, z⟫_ℝ - ⟪z, Matrix.toEuclideanCLM (𝕜 := Real) G z⟫_ℝ / 2)) ∂ProbabilityTheory.multivariateGaussian 0 V0⁻¹ = ENNReal.ofReal (Real.sqrt (Matrix.det V0 / Matrix.det (V0 + G)) * Real.exp (score ⬝ᵥ (V0 + G)⁻¹.mulVec score / 2))
lean: BanditRLProof.OFUL.lintegral_gaussianQuadraticExponentialENNReal_finiteHorizon_multivariateGaussian_zero_inv [theorem] BanditRLProof/OFULGaussianEvaluatedMixture.lean:151
  theorem lintegral_gaussianQuadraticExponentialENNReal_finiteHorizon_multivariateGaussian_zero_inv [Fintype Feature] [DecidableEq Feature] (V0 : Matrix Feature Feature Real) (hV0 : V0.PosDef) (feature : Nat -> Omega -> Feature -> Real) (noise : Nat -> Omega -> Real) (varianceProxy : Nat -> NNReal) (n : Nat) (omega : Omega) : ∫⁻ theta : EuclideanSpace Real Feature, gaussianQuadraticExponentialENNReal (finiteHorizonNoiseScore feature noise n) (finiteHorizonVarianceGram feature varianceProxy n) (omega, theta) ∂ProbabilityTheory.multivariateGaussian 0 V0⁻¹ = finiteHorizonDetRatioInvGramExponential V0 feature noise varianceProxy n omega
lean: BanditRLProof.OFUL.measurable_finiteHorizonDetRatioInvGramExponential [theorem] BanditRLProof/OFULGaussianEvaluatedMixture.lean:180
  theorem measurable_finiteHorizonDetRatioInvGramExponential [MeasurableSpace Omega] [Fintype Feature] [DecidableEq Feature] (V0 : Matrix Feature Feature Real) (hV0 : V0.PosDef) (feature : Nat -> Omega -> Feature -> Real) (noise : Nat -> Omega -> Real) (varianceProxy : Nat -> NNReal) (n : Nat) (hfeature : forall i j, Measurable (fun omega => feature i omega j)) (hnoise : forall i, Measurable (noise i)) : Measurable (finiteHorizonDetRatioInvGramExponential V0 feature noise varianceProxy n)
lean: BanditRLProof.OFUL.lintegral_finiteHorizon_detRatio_invGramExponential_le_one [theorem] BanditRLProof/OFULGaussianEvaluatedMixture.lean:230
  theorem lintegral_finiteHorizon_detRatio_invGramExponential_le_one [mOmega : MeasurableSpace Omega] [StandardBorelSpace Omega] [Fintype Feature] [DecidableEq Feature] [Nonempty Feature] (mu : Measure Omega) [IsProbabilityMeasure mu] (V0 : Matrix Feature Feature Real) (hV0 : V0.PosDef) (F : Filtration Nat mOmega) (feature : Nat -> Omega -> Feature -> Real) (noise : Nat -> Omega -> Real) (varianceProxy : Nat -> NNReal) (projectionBound : EuclideanSpace Real Feature -> Nat -> Real) (hfeature : forall i j, StronglyMeasurable[F i] (fun omega => feature i omega j)) (hnoise : StronglyAdapted F (fun t omega => match t with | 0 => 0 | i + 1 => noise i omega)) (hprojectionBound_nonneg : forall theta i, 0 <= projectionBound theta i) (hprojectionBound : forall theta i omega, |dotProduct (WithLp.ofLp theta) (feature i omega)| <= projectionBound theta i) (n : Nat) (hsubGaussian : forall i, i < n -> HasCondSubgaussianMGF (F i) (F.le i) (noise i) (varianceProxy i) mu) : ∫⁻ omega, finiteHorizonDetRatioInvGramExponential V0 feature noise varianceProxy n omega ∂mu <= 1
lean: BanditRLProof.OFUL.linearValue_sub_selected_le_two_mul_bonus_of_score_max [theorem] BanditRLProof/OFULGeneratedTrajectoryConfidenceGap.lean:25
  theorem linearValue_sub_selected_le_two_mul_bonus_of_score_max {Feature Action : Type*} [Fintype Feature] [DecidableEq Feature] (V : Matrix Feature Feature Real) (hV : V.PosDef) (thetaHat thetaStar : Feature -> Real) (beta : Real) (actionFeature : Action -> Feature -> Real) (selected comparator : Action) (hconfidence : matrixNorm V (thetaHat - thetaStar) <= beta) (hscoreMax : optimisticScore thetaHat V beta (actionFeature comparator) <= optimisticScore thetaHat V beta (actionFeature selected)) : linearValue thetaStar (actionFeature comparator) - linearValue thetaStar (actionFeature selected) <= 2 * beta * confidenceWidth V (actionFeature selected)
lean: BanditRLProof.OFUL.scalarIdentity_posDef [theorem] BanditRLProof/OFULScalarRegularizationBias.lean:23
  theorem scalarIdentity_posDef [Fintype Feature] [DecidableEq Feature] (lambda : Real) (hlambda : 0 < lambda) : (Matrix.scalar Feature lambda : Matrix Feature Feature Real).PosDef
lean: BanditRLProof.OFUL.clippedConfidenceWidth_eq_min_one_confidenceWidth [theorem] BanditRLProof/OFULSelectedWidthSummation.lean:27
  theorem clippedConfidenceWidth_eq_min_one_confidenceWidth {Feature : Type u} [Fintype Feature] [DecidableEq Feature] (V : Matrix Feature Feature Real) (hV : V.PosDef) (x : Feature -> Real) : clippedConfidenceWidth V x = min 1 (confidenceWidth V x)
lean: BanditRLProof.OFUL.sq_smul_posDef [theorem] BanditRLProof/OFULSelfNormalizedMarkov.lean:64
  theorem sq_smul_posDef [Fintype Feature] [DecidableEq Feature] (R : Real) (hR : 0 < R) (V0 : Matrix Feature Feature Real) (hV0 : V0.PosDef) : (R ^ 2 • V0).PosDef
lean: BanditRLProof.OFUL.dotProduct_sq_smul_inv_mulVec [theorem] BanditRLProof/OFULSelfNormalizedMarkov.lean:91
  theorem dotProduct_sq_smul_inv_mulVec [Fintype Feature] [DecidableEq Feature] (R : Real) (hR : 0 < R) (A : Matrix Feature Feature Real) (hA : A.PosDef) (score : EuclideanSpace Real Feature) : score ⬝ᵥ (R ^ 2 • A)⁻¹.mulVec score = (score ⬝ᵥ A⁻¹.mulVec score) / R ^ 2
lean: BanditRLProof.OFUL.measure_inv_le_finiteHorizonDetRatioInvGramExponential_le [theorem] BanditRLProof/OFULSelfNormalizedMarkov.lean:109
  theorem measure_inv_le_finiteHorizonDetRatioInvGramExponential_le [mOmega : MeasurableSpace Omega] [StandardBorelSpace Omega] [Fintype Feature] [DecidableEq Feature] [Nonempty Feature] (mu : Measure Omega) [IsProbabilityMeasure mu] (V0 : Matrix Feature Feature Real) (hV0 : V0.PosDef) (F : Filtration Nat mOmega) (feature : Nat -> Omega -> Feature -> Real) (noise : Nat -> Omega -> Real) (varianceProxy : Nat -> NNReal) (projectionBound : EuclideanSpace Real Feature -> Nat -> Real) (hfeature : forall i j, StronglyMeasurable[F i] (fun omega => feature i omega j)) (hnoise : StronglyAdapted F (fun t omega => match t with | 0 => 0 | i + 1 => noise i omega)) (hprojectionBound_nonneg : forall theta i, 0 <= projectionBound theta i) (hprojectionBound : forall theta i omega, |dotProduct (WithLp.ofLp theta) (feature i omega)| <= projectionBound theta i) (n : Nat) (hsubGaussian : forall i, i < n -> HasCondSubgaussianMGF (F i) (F.le i) (noise i) (varianceProxy i) mu) (delta : ENNReal) (hdelta_zero : delta ≠ 0) (hdelta_top : delta ≠ ∞) : mu {omega | delta⁻¹ <= finiteHorizonDetRatioInvGramExponential V0 feature noise varianceProxy n omega} <= delta
lean: BanditRLProof.OFUL.measure_invOfReal_le_finiteHorizonDetRatioInvGramExponential_le [theorem] BanditRLProof/OFULSelfNormalizedMarkov.lean:182
  theorem measure_invOfReal_le_finiteHorizonDetRatioInvGramExponential_le [mOmega : MeasurableSpace Omega] [StandardBorelSpace Omega] [Fintype Feature] [DecidableEq Feature] [Nonempty Feature] (mu : Measure Omega) [IsProbabilityMeasure mu] (V0 : Matrix Feature Feature Real) (hV0 : V0.PosDef) (F : Filtration Nat mOmega) (feature : Nat -> Omega -> Feature -> Real) (noise : Nat -> Omega -> Real) (varianceProxy : Nat -> NNReal) (projectionBound : EuclideanSpace Real Feature -> Nat -> Real) (hfeature : forall i j, StronglyMeasurable[F i] (fun omega => feature i omega j)) (hnoise : StronglyAdapted F (fun t omega => match t with | 0 => 0 | i + 1 => noise i omega)) (hprojectionBound_nonneg : forall theta i, 0 <= projectionBound theta i) (hprojectionBound : forall theta i omega, |dotProduct (WithLp.ofLp theta) (feature i omega)| <= projectionBound theta i) (n : Nat) (hsubGaussian : forall i, i < n -> HasCondSubgaussianMGF (F i) (F.le i) (noise i) (varianceProxy i) mu) (delta : Real) (hdelta : 0 < delta) : mu {omega | (ENNReal.ofReal delta)⁻¹ <= finiteHorizonDetRatioInvGramExponential V0 feature noise varianceProxy n omega} <= ENNReal.ofReal delta
lean: BanditRLProof.OFUL.invOfReal_le_gaussianDetRatioExponential_of_invGramQuadratic_gt [theorem] BanditRLProof/OFULSelfNormalizedMarkov.lean:225
  theorem invOfReal_le_gaussianDetRatioExponential_of_invGramQuadratic_gt [Fintype Feature] [DecidableEq Feature] (V0 G : Matrix Feature Feature Real) (hV0 : V0.PosDef) (hG : G.PosSemidef) (score : EuclideanSpace Real Feature) (delta : Real) (hdelta : 0 < delta) (hbad : score ⬝ᵥ (V0 + G)⁻¹.mulVec score > 2 * Real.log (Real.sqrt (Matrix.det (V0 + G) / Matrix.det V0) / delta)) : (ENNReal.ofReal delta)⁻¹ <= ENNReal.ofReal (Real.sqrt (Matrix.det V0 / Matrix.det (V0 + G)) * Real.exp (score ⬝ᵥ (V0 + G)⁻¹.mulVec score / 2))
lean: BanditRLProof.OFUL.measure_finiteHorizon_invGramQuadratic_gt_two_log_detRatio_div_le [theorem] BanditRLProof/OFULSelfNormalizedMarkov.lean:296
  theorem measure_finiteHorizon_invGramQuadratic_gt_two_log_detRatio_div_le [mOmega : MeasurableSpace Omega] [StandardBorelSpace Omega] [Fintype Feature] [DecidableEq Feature] [Nonempty Feature] (mu : Measure Omega) [IsProbabilityMeasure mu] (V0 : Matrix Feature Feature Real) (hV0 : V0.PosDef) (F : Filtration Nat mOmega) (feature : Nat -> Omega -> Feature -> Real) (noise : Nat -> Omega -> Real) (varianceProxy : Nat -> NNReal) (projectionBound : EuclideanSpace Real Feature -> Nat -> Real) (hfeature : forall i j, StronglyMeasurable[F i] (fun omega => feature i omega j)) (hnoise : StronglyAdapted F (fun t omega => match t with | 0 => 0 | i + 1 => noise i omega)) (hprojectionBound_nonneg : forall theta i, 0 <= projectionBound theta i) (hprojectionBound : forall theta i omega, |dotProduct (WithLp.ofLp theta) (feature i omega)| <= projectionBound theta i) (n : Nat) (hsubGaussian : forall i, i < n -> HasCondSubgaussianMGF (F i) (F.le i) (noise i) (varianceProxy i) mu) (delta : Real) (hdelta : 0 < delta) : mu {omega | (finiteHorizonNoiseScore feature noise n omega) ⬝ᵥ (V0 + finiteHorizonVarianceGram feature varianceProxy n omega)⁻¹.mulVec (finiteHorizonNoiseScore feature noise n omega) > 2 * Real.log (Real.sqrt (Matrix.det (V0 + finiteHorizonVarianceGram feature varianceProxy n omega) / Matrix.det V0) / delta)} <= ENNReal.ofReal delta
lean: BanditRLProof.OFUL.measure_finiteHorizon_selfNormalizedQuadratic_gt_two_mul_sq_mul_log_detRatio_div_le [theorem] BanditRLProof/OFULSelfNormalizedMarkov.lean:380
  theorem measure_finiteHorizon_selfNormalizedQuadratic_gt_two_mul_sq_mul_log_detRatio_div_le [mOmega : MeasurableSpace Omega] [StandardBorelSpace Omega] [Fintype Feature] [DecidableEq Feature] [Nonempty Feature] (mu : Measure Omega) [IsProbabilityMeasure mu] (V0 : Matrix Feature Feature Real) (hV0 : V0.PosDef) (F : Filtration Nat mOmega) (feature : Nat -> Omega -> Feature -> Real) (noise : Nat -> Omega -> Real) (R : Real) (hR : 0 < R) (projectionBound : EuclideanSpace Real Feature -> Nat -> Real) (hfeature : forall i j, StronglyMeasurable[F i] (fun omega => feature i omega j)) (hnoise : StronglyAdapted F (fun t omega => match t with | 0 => 0 | i + 1 => noise i omega)) (hprojectionBound_nonneg : forall theta i, 0 <= projectionBound theta i) (hprojectionBound : forall theta i omega, |dotProduct (WithLp.ofLp theta) (feature i omega)| <= projectionBound theta i) (n : Nat) (hsubGaussian : forall i, i < n -> HasCondSubgaussianMGF (F i) (F.le i) (noise i) (constantSquaredVarianceProxy R i) mu) (delta : Real) (hdelta : 0 < delta) : mu {omega | (finiteHorizonNoiseScore feature noise n omega) ⬝ᵥ (V0 + finiteHorizonFeatureGram feature n omega)⁻¹.mulVec (finiteHorizonNoiseScore feature noise n omega) > 2 * R ^ 2 * Real.log (Real.sqrt (Matrix.det (V0 + finiteHorizonFeatureGram feature n omega) / Matrix.det V0) / delta)} <= ENNReal.ofReal delta
