{
  "time": "2026-10-07T03:56:32+00:00",
  "task": "ONLINE-OSD-PUBLIC-20261007",
  "role": "middle",
  "kind": "attempt",
  "status": "failed",
  "notes": "Original failures and rejected source contract preserved. Public/canary bodies and all actual15 headers unchanged; metadata repairs independently reviewed M1/M3/M4. No new mathematical proof progress.",
  "lean": "",
  "source": "",
  "run_id": "online-osd-public-20261007",
  "changed_files": [],
  "statement_hash": "c0c785c373909f3b27cea91e44a85f90a7e94a3036f5c167bc2ac95a7f529462",
  "parent_id": "",
  "route_fingerprint": "",
  "verifier_evidence": [
    "E:\\ABRL\\worktrees\\research-online-book\\runs\\online-osd-public-20261007\\neutral-comparison-repair-v3.json"
  ],
  "harness": "hierarchical",
  "experiment_id": "",
  "target_fingerprint": "",
  "route_packet_hash": "",
  "attempt_id": "OSD-METADATA-V1",
  "worker_id": "",
  "progress_class": "diagnostic",
  "reviewer_validated": false,
  "obligations_before": 0,
  "obligations_after": 0,
  "new_declarations": [],
  "reused_declarations": [],
  "dag_nodes": 0,
  "dag_depth": 0,
  "elapsed_seconds": 0.0,
  "lean_check_seconds": 0.0,
  "prompt_chars": 0,
  "input_tokens": 0,
  "output_tokens": 0,
  "error_signature": "Raw header truncation; renderer environment; missing neutral FD; independently named recursion comparison"
}
