E:\ABRL\worktrees\research-online-book\runs\online-osd-public-20261007\leaves\neutral-propositions-v2.lean:26:43: warning: unused variable `hf`

Note: This linter can be disabled with `set_option linter.unusedVariables false`
E:\ABRL\worktrees\research-online-book\runs\online-osd-public-20261007\leaves\neutral-propositions-v2.lean:27:13: warning: unused variable `hη`

Note: This linter can be disabled with `set_option linter.unusedVariables false`
E:\ABRL\worktrees\research-online-book\runs\online-osd-public-20261007\leaves\neutral-propositions-v2.lean:27:36: warning: unused variable `hu`

Note: This linter can be disabled with `set_option linter.unusedVariables false`
E:\ABRL\worktrees\research-online-book\runs\online-osd-public-20261007\leaves\neutral-propositions-v2.lean:28:13: warning: unused variable `hg`

Note: This linter can be disabled with `set_option linter.unusedVariables false`
E:\ABRL\worktrees\research-online-book\runs\online-osd-public-20261007\leaves\neutral-propositions-v2.lean:35:9: warning: unused variable `instFD`

Note: This linter can be disabled with `set_option linter.unusedVariables false`
E:\ABRL\worktrees\research-online-book\runs\online-osd-public-20261007\leaves\neutral-propositions-v2.lean:37:5: warning: unused variable `hf`

Note: This linter can be disabled with `set_option linter.unusedVariables false`
E:\ABRL\worktrees\research-online-book\runs\online-osd-public-20261007\leaves\neutral-propositions-v2.lean:37:44: warning: unused variable `hx`

Note: This linter can be disabled with `set_option linter.unusedVariables false`
E:\ABRL\worktrees\research-online-book\runs\online-osd-public-20261007\leaves\neutral-propositions-v2.lean:40:9: warning: unused variable `instFD`

Note: This linter can be disabled with `set_option linter.unusedVariables false`
E:\ABRL\worktrees\research-online-book\runs\online-osd-public-20261007\leaves\neutral-propositions-v2.lean:42:5: warning: unused variable `hf`

Note: This linter can be disabled with `set_option linter.unusedVariables false`
E:\ABRL\worktrees\research-online-book\runs\online-osd-public-20261007\leaves\neutral-propositions-v2.lean:42:44: warning: unused variable `hx`

Note: This linter can be disabled with `set_option linter.unusedVariables false`
E:\ABRL\worktrees\research-online-book\runs\online-osd-public-20261007\leaves\neutral-propositions-v2.lean:47:37: warning: unused variable `hx₁`

Note: This linter can be disabled with `set_option linter.unusedVariables false`
E:\ABRL\worktrees\research-online-book\runs\online-osd-public-20261007\leaves\neutral-propositions-v2.lean:53:5: warning: unused variable `hη`

Note: This linter can be disabled with `set_option linter.unusedVariables false`
E:\ABRL\worktrees\research-online-book\runs\online-osd-public-20261007\leaves\neutral-propositions-v2.lean:53:32: warning: unused variable `hloss`

Note: This linter can be disabled with `set_option linter.unusedVariables false`
E:\ABRL\worktrees\research-online-book\runs\online-osd-public-20261007\leaves\neutral-propositions-v2.lean:58:37: warning: unused variable `hx₁`

Note: This linter can be disabled with `set_option linter.unusedVariables false`
E:\ABRL\worktrees\research-online-book\runs\online-osd-public-20261007\leaves\neutral-propositions-v2.lean:59:5: warning: unused variable `hloss`

Note: This linter can be disabled with `set_option linter.unusedVariables false`
E:\ABRL\worktrees\research-online-book\runs\online-osd-public-20261007\leaves\neutral-propositions-v2.lean:65:37: warning: unused variable `hx₁`

Note: This linter can be disabled with `set_option linter.unusedVariables false`
E:\ABRL\worktrees\research-online-book\runs\online-osd-public-20261007\leaves\neutral-propositions-v2.lean:66:5: warning: unused variable `hloss`

Note: This linter can be disabled with `set_option linter.unusedVariables false`
E:\ABRL\worktrees\research-online-book\runs\online-osd-public-20261007\leaves\neutral-propositions-v2.lean:66:54: warning: unused variable `hu`

Note: This linter can be disabled with `set_option linter.unusedVariables false`
E:\ABRL\worktrees\research-online-book\runs\online-osd-public-20261007\leaves\neutral-propositions-v2.lean:72:37: warning: unused variable `hx₁`

Note: This linter can be disabled with `set_option linter.unusedVariables false`
E:\ABRL\worktrees\research-online-book\runs\online-osd-public-20261007\leaves\neutral-propositions-v2.lean:73:5: warning: unused variable `hη`

Note: This linter can be disabled with `set_option linter.unusedVariables false`
E:\ABRL\worktrees\research-online-book\runs\online-osd-public-20261007\leaves\neutral-propositions-v2.lean:73:20: warning: unused variable `hloss`

Note: This linter can be disabled with `set_option linter.unusedVariables false`
E:\ABRL\worktrees\research-online-book\runs\online-osd-public-20261007\leaves\neutral-propositions-v2.lean:74:13: warning: unused variable `hu`

Note: This linter can be disabled with `set_option linter.unusedVariables false`
E:\ABRL\worktrees\research-online-book\runs\online-osd-public-20261007\leaves\neutral-propositions-v2.lean:86:37: warning: unused variable `hx₁`

Note: This linter can be disabled with `set_option linter.unusedVariables false`
E:\ABRL\worktrees\research-online-book\runs\online-osd-public-20261007\leaves\neutral-propositions-v2.lean:87:5: warning: unused variable `hη`

Note: This linter can be disabled with `set_option linter.unusedVariables false`
E:\ABRL\worktrees\research-online-book\runs\online-osd-public-20261007\leaves\neutral-propositions-v2.lean:87:20: warning: unused variable `hloss`

Note: This linter can be disabled with `set_option linter.unusedVariables false`
E:\ABRL\worktrees\research-online-book\runs\online-osd-public-20261007\leaves\neutral-propositions-v2.lean:88:13: warning: unused variable `hu`

Note: This linter can be disabled with `set_option linter.unusedVariables false`
E:\ABRL\worktrees\research-online-book\runs\online-osd-public-20261007\leaves\neutral-propositions-v2.lean:95:35: warning: unused variable `hη`

Note: This linter can be disabled with `set_option linter.unusedVariables false`
E:\ABRL\worktrees\research-online-book\runs\online-osd-public-20261007\leaves\neutral-propositions-v2.lean:96:37: warning: unused variable `hx₁`

Note: This linter can be disabled with `set_option linter.unusedVariables false`
E:\ABRL\worktrees\research-online-book\runs\online-osd-public-20261007\leaves\neutral-propositions-v2.lean:97:5: warning: unused variable `hloss`

Note: This linter can be disabled with `set_option linter.unusedVariables false`
E:\ABRL\worktrees\research-online-book\runs\online-osd-public-20261007\leaves\neutral-propositions-v2.lean:97:63: warning: unused variable `hu`

Note: This linter can be disabled with `set_option linter.unusedVariables false`
E:\ABRL\worktrees\research-online-book\runs\online-osd-public-20261007\leaves\neutral-propositions-v2.lean:104:35: warning: unused variable `hη`

Note: This linter can be disabled with `set_option linter.unusedVariables false`
E:\ABRL\worktrees\research-online-book\runs\online-osd-public-20261007\leaves\neutral-propositions-v2.lean:105:37: warning: unused variable `hx₁`

Note: This linter can be disabled with `set_option linter.unusedVariables false`
E:\ABRL\worktrees\research-online-book\runs\online-osd-public-20261007\leaves\neutral-propositions-v2.lean:106:5: warning: unused variable `hloss`

Note: This linter can be disabled with `set_option linter.unusedVariables false`
E:\ABRL\worktrees\research-online-book\runs\online-osd-public-20261007\leaves\neutral-propositions-v2.lean:106:63: warning: unused variable `hu`

Note: This linter can be disabled with `set_option linter.unusedVariables false`
E:\ABRL\worktrees\research-online-book\runs\online-osd-public-20261007\leaves\neutral-propositions-v2.lean:113:37: warning: unused variable `hx₁`

Note: This linter can be disabled with `set_option linter.unusedVariables false`
E:\ABRL\worktrees\research-online-book\runs\online-osd-public-20261007\leaves\neutral-propositions-v2.lean:113:68: warning: unused variable `hT`

Note: This linter can be disabled with `set_option linter.unusedVariables false`
E:\ABRL\worktrees\research-online-book\runs\online-osd-public-20261007\leaves\neutral-propositions-v2.lean:114:5: warning: unused variable `hη`

Note: This linter can be disabled with `set_option linter.unusedVariables false`
E:\ABRL\worktrees\research-online-book\runs\online-osd-public-20261007\leaves\neutral-propositions-v2.lean:114:29: warning: unused variable `hmono`

Note: This linter can be disabled with `set_option linter.unusedVariables false`
E:\ABRL\worktrees\research-online-book\runs\online-osd-public-20261007\leaves\neutral-propositions-v2.lean:115:5: warning: unused variable `hloss`

Note: This linter can be disabled with `set_option linter.unusedVariables false`
E:\ABRL\worktrees\research-online-book\runs\online-osd-public-20261007\leaves\neutral-propositions-v2.lean:116:5: warning: unused variable `hdiam`

Note: This linter can be disabled with `set_option linter.unusedVariables false`
E:\ABRL\worktrees\research-online-book\runs\online-osd-public-20261007\leaves\neutral-propositions-v2.lean:117:13: warning: unused variable `hu`

Note: This linter can be disabled with `set_option linter.unusedVariables false`
E:\ABRL\worktrees\research-online-book\runs\online-osd-public-20261007\leaves\neutral-propositions-v2.lean:123:27: warning: unused variable `hV`

Note: This linter can be disabled with `set_option linter.unusedVariables false`
E:\ABRL\worktrees\research-online-book\runs\online-osd-public-20261007\leaves\neutral-propositions-v2.lean:124:49: warning: unused variable `hx₁`

Note: This linter can be disabled with `set_option linter.unusedVariables false`
E:\ABRL\worktrees\research-online-book\runs\online-osd-public-20261007\leaves\neutral-propositions-v2.lean:125:13: warning: unused variable `hT`

Note: This linter can be disabled with `set_option linter.unusedVariables false`
E:\ABRL\worktrees\research-online-book\runs\online-osd-public-20261007\leaves\neutral-propositions-v2.lean:125:26: warning: unused variable `hη`

Note: This linter can be disabled with `set_option linter.unusedVariables false`
E:\ABRL\worktrees\research-online-book\runs\online-osd-public-20261007\leaves\neutral-propositions-v2.lean:126:5: warning: unused variable `hmono`

Note: This linter can be disabled with `set_option linter.unusedVariables false`
E:\ABRL\worktrees\research-online-book\runs\online-osd-public-20261007\leaves\neutral-propositions-v2.lean:127:5: warning: unused variable `hloss`

Note: This linter can be disabled with `set_option linter.unusedVariables false`
E:\ABRL\worktrees\research-online-book\runs\online-osd-public-20261007\leaves\neutral-propositions-v2.lean:127:63: warning: unused variable `hu`

Note: This linter can be disabled with `set_option linter.unusedVariables false`
E:\ABRL\worktrees\research-online-book\runs\online-osd-public-20261007\leaves\neutral-propositions-v2.lean:134:14: warning: unused variable `hx₁`

Note: This linter can be disabled with `set_option linter.unusedVariables false`
E:\ABRL\worktrees\research-online-book\runs\online-osd-public-20261007\leaves\neutral-propositions-v2.lean:134:45: warning: unused variable `hT`

Note: This linter can be disabled with `set_option linter.unusedVariables false`
E:\ABRL\worktrees\research-online-book\runs\online-osd-public-20261007\leaves\neutral-propositions-v2.lean:135:15: warning: unused variable `hD`

Note: This linter can be disabled with `set_option linter.unusedVariables false`
E:\ABRL\worktrees\research-online-book\runs\online-osd-public-20261007\leaves\neutral-propositions-v2.lean:135:28: warning: unused variable `hG`

Note: This linter can be disabled with `set_option linter.unusedVariables false`
E:\ABRL\worktrees\research-online-book\runs\online-osd-public-20261007\leaves\neutral-propositions-v2.lean:136:5: warning: unused variable `hloss`

Note: This linter can be disabled with `set_option linter.unusedVariables false`
E:\ABRL\worktrees\research-online-book\runs\online-osd-public-20261007\leaves\neutral-propositions-v2.lean:136:63: warning: unused variable `hu`

Note: This linter can be disabled with `set_option linter.unusedVariables false`
E:\ABRL\worktrees\research-online-book\runs\online-osd-public-20261007\leaves\neutral-propositions-v2.lean:137:5: warning: unused variable `hdist`

Note: This linter can be disabled with `set_option linter.unusedVariables false`
E:\ABRL\worktrees\research-online-book\runs\online-osd-public-20261007\leaves\neutral-propositions-v2.lean:138:5: warning: unused variable `hgrad`

Note: This linter can be disabled with `set_option linter.unusedVariables false`
E:\ABRL\worktrees\research-online-book\runs\online-osd-public-20261007\leaves\neutral-propositions-v2.lean:144:14: warning: unused variable `hx₁`

Note: This linter can be disabled with `set_option linter.unusedVariables false`
E:\ABRL\worktrees\research-online-book\runs\online-osd-public-20261007\leaves\neutral-propositions-v2.lean:144:45: warning: unused variable `hT`

Note: This linter can be disabled with `set_option linter.unusedVariables false`
E:\ABRL\worktrees\research-online-book\runs\online-osd-public-20261007\leaves\neutral-propositions-v2.lean:145:15: warning: unused variable `hD`

Note: This linter can be disabled with `set_option linter.unusedVariables false`
E:\ABRL\worktrees\research-online-book\runs\online-osd-public-20261007\leaves\neutral-propositions-v2.lean:145:28: warning: unused variable `hG`

Note: This linter can be disabled with `set_option linter.unusedVariables false`
E:\ABRL\worktrees\research-online-book\runs\online-osd-public-20261007\leaves\neutral-propositions-v2.lean:146:5: warning: unused variable `hdiam`

Note: This linter can be disabled with `set_option linter.unusedVariables false`
E:\ABRL\worktrees\research-online-book\runs\online-osd-public-20261007\leaves\neutral-propositions-v2.lean:147:5: warning: unused variable `hloss`

Note: This linter can be disabled with `set_option linter.unusedVariables false`
E:\ABRL\worktrees\research-online-book\runs\online-osd-public-20261007\leaves\neutral-propositions-v2.lean:148:5: warning: unused variable `hgrad`

Note: This linter can be disabled with `set_option linter.unusedVariables false`
structure BanditRL.OnlineGradientDescent.Domain.{u_2} (E : Type u_2) [NormedAddCommGroup E] [InnerProductSpace ℝ E] :
  Type u_2
number of parameters: 3
fields:
  BanditRL.OnlineGradientDescent.Domain.carrier : Set E
  BanditRL.OnlineGradientDescent.Domain.nonempty : self.carrier.Nonempty
  BanditRL.OnlineGradientDescent.Domain.closed : IsClosed self.carrier
  BanditRL.OnlineGradientDescent.Domain.convex : Convex ℝ self.carrier
constructor:
  BanditRL.OnlineGradientDescent.Domain.mk.{u_2} {E : Type u_2} [NormedAddCommGroup E] [InnerProductSpace ℝ E]
    (carrier : Set E) (nonempty : carrier.Nonempty) (closed : IsClosed carrier) (convex : Convex ℝ carrier) :
    BanditRL.OnlineGradientDescent.Domain E
def BanditRL.OnlineConvex.SourceProper.{u_1} : {E : Type u_1} → (E → EReal) → Prop :=
fun {E} f => (∀ (x : E), f x ≠ ⊥) ∧ ∃ x r, f x = ↑r
def BanditRL.OnlineConvex.SourceSubdifferential.{u_1} : {E : Type u_1} →
  [inst : NormedAddCommGroup E] → [InnerProductSpace ℝ E] → (E → EReal) → E → Set E :=
fun {E} [NormedAddCommGroup E] [InnerProductSpace ℝ E] f x => {g | ∀ (y : E), f x + ↑⟪g, y - x⟫_ℝ ≤ f y}
def BanditRL.OnlineConvex.effectiveDomain.{u_1} : {E : Type u_1} → (E → EReal) → Set E :=
fun {E} f => {x | f x < ⊤}
@BanditRL.OnlineGradientDescent.project_spec : ∀ {E : Type u_2} [inst : NormedAddCommGroup E]
  [inst_1 : InnerProductSpace ℝ E] [inst_2 : CompleteSpace E] (V : BanditRL.OnlineGradientDescent.Domain E) (z : E),
  BanditRL.OnlineGradientDescent.project V z ∈ V.carrier ∧
    ‖z - BanditRL.OnlineGradientDescent.project V z‖ = ⨅ w, ‖z - ↑w‖
@BanditRL.OnlineGradientDescent.proposition_2_11 : ∀ {E : Type u_2} [inst : NormedAddCommGroup E]
  [inst_1 : InnerProductSpace ℝ E] [inst_2 : CompleteSpace E] (V : BanditRL.OnlineGradientDescent.Domain E) (z u : E),
  u ∈ V.carrier → ‖BanditRL.OnlineGradientDescent.project V z - u‖ ≤ ‖z - u‖
def NeutralUpdate.P01.{u_1} : {E : Type u_1} →
  [inst : NormedAddCommGroup E] → [inst_1 : InnerProductSpace ℝ E] → [instFD : FiniteDimensional ℝ E] → Prop :=
fun {E} [NormedAddCommGroup E] [InnerProductSpace ℝ E] [FiniteDimensional ℝ E] =>
  ∀ (V : Domain) (f : E → EReal),
    SubdifferentiableOn V f →
      ∀ (η : ℝ),
        0 < η →
          ∀ (x u : E),
            u ∈ V.carrier →
              ∀ g ∈ SourceSubdifferential f x,
                η * ((f x).toReal - (f u).toReal) ≤ η * ⟪g, x - u⟫_ℝ ∧
                  η * ⟪g, x - u⟫_ℝ ≤
                    ‖x - u‖ ^ 2 / 2 - ‖BanditRL.OnlineGradientDescent.project V (x - η • g) - u‖ ^ 2 / 2 +
                      η ^ 2 / 2 * ‖g‖ ^ 2
def NeutralUpdate.P02.{u_1} : {E : Type u_1} →
  [inst : NormedAddCommGroup E] → [inst_1 : InnerProductSpace ℝ E] → [instFD : FiniteDimensional ℝ E] → Prop :=
fun {E} [NormedAddCommGroup E] [InnerProductSpace ℝ E] [FiniteDimensional ℝ E] =>
  ∀ (V : Domain) (f : E → EReal),
    SubdifferentiableOn V f → ∀ x ∈ V.carrier, currentSubgradient f x ∈ SourceSubdifferential f x
def NeutralUpdate.P03.{u_1} : {E : Type u_1} →
  [inst : NormedAddCommGroup E] → [inst_1 : InnerProductSpace ℝ E] → [instFD : FiniteDimensional ℝ E] → Prop :=
fun {E} [NormedAddCommGroup E] [InnerProductSpace ℝ E] [FiniteDimensional ℝ E] =>
  ∀ (V : Domain) (f : E → EReal), SubdifferentiableOn V f → ∀ x ∈ V.carrier, f x = ↑(f x).toReal
def NeutralUpdate.P04.{u_1} : {E : Type u_1} →
  [inst : NormedAddCommGroup E] → [inst_1 : InnerProductSpace ℝ E] → [instFD : FiniteDimensional ℝ E] → Prop :=
fun {E} [NormedAddCommGroup E] [InnerProductSpace ℝ E] [FiniteDimensional ℝ E] =>
  ∀ (V : Domain) (η : ℕ → ℝ) (loss : ℕ → E → EReal), ∀ x₁ ∈ V.carrier, ∀ (t : ℕ), iterate V η loss x₁ t ∈ V.carrier
def NeutralUpdate.P05.{u_1} : {E : Type u_1} →
  [inst : NormedAddCommGroup E] → [inst_1 : InnerProductSpace ℝ E] → [instFD : FiniteDimensional ℝ E] → Prop :=
fun {E} [NormedAddCommGroup E] [InnerProductSpace ℝ E] [FiniteDimensional ℝ E] =>
  ∀ (V : Domain) (η η' : ℕ → ℝ) (loss loss' : ℕ → E → EReal) (x₁ : E) (t : ℕ),
    (∀ s < t, η s = η' s) → (∀ s < t, loss s = loss' s) → iterate V η loss x₁ t = iterate V η' loss' x₁ t
def NeutralUpdate.P06.{u_1} : {E : Type u_1} →
  [inst : NormedAddCommGroup E] → [inst_1 : InnerProductSpace ℝ E] → [instFD : FiniteDimensional ℝ E] → Prop :=
fun {E} [NormedAddCommGroup E] [InnerProductSpace ℝ E] [FiniteDimensional ℝ E] =>
  ∀ (V : Domain) (η : ℕ → ℝ) (loss : ℕ → E → EReal),
    ∀ x₁ ∈ V.carrier,
      ∀ (t : ℕ),
        SubdifferentiableOn V (loss t) →
          currentSubgradient (loss t) (iterate V η loss x₁ t) ∈ SourceSubdifferential (loss t) (iterate V η loss x₁ t)
def NeutralUpdate.P07.{u_1} : {E : Type u_1} →
  [inst : NormedAddCommGroup E] → [inst_1 : InnerProductSpace ℝ E] → [instFD : FiniteDimensional ℝ E] → Prop :=
fun {E} [NormedAddCommGroup E] [InnerProductSpace ℝ E] [FiniteDimensional ℝ E] =>
  ∀ (V : Domain) (η : ℕ → ℝ) (loss : ℕ → E → EReal),
    ∀ x₁ ∈ V.carrier,
      ∀ (t : ℕ),
        SubdifferentiableOn V (loss t) →
          ∀ u ∈ V.carrier,
            loss t (iterate V η loss x₁ t) = ↑(loss t (iterate V η loss x₁ t)).toReal ∧ loss t u = ↑(loss t u).toReal
def NeutralUpdate.P08.{u_1} : {E : Type u_1} →
  [inst : NormedAddCommGroup E] → [inst_1 : InnerProductSpace ℝ E] → [instFD : FiniteDimensional ℝ E] → Prop :=
fun {E} [NormedAddCommGroup E] [InnerProductSpace ℝ E] [FiniteDimensional ℝ E] =>
  ∀ (V : Domain) (η : ℕ → ℝ) (loss : ℕ → E → EReal),
    ∀ x₁ ∈ V.carrier,
      ∀ (t : ℕ),
        0 < η t →
          SubdifferentiableOn V (loss t) →
            ∀ u ∈ V.carrier,
              η t * ((loss t (iterate V η loss x₁ t)).toReal - (loss t u).toReal) ≤
                  η t * ⟪currentSubgradient (loss t) (iterate V η loss x₁ t), iterate V η loss x₁ t - u⟫_ℝ ∧
                η t * ⟪currentSubgradient (loss t) (iterate V η loss x₁ t), iterate V η loss x₁ t - u⟫_ℝ ≤
                  ‖iterate V η loss x₁ t - u‖ ^ 2 / 2 - ‖iterate V η loss x₁ (t + 1) - u‖ ^ 2 / 2 +
                    η t ^ 2 / 2 * ‖currentSubgradient (loss t) (iterate V η loss x₁ t)‖ ^ 2
def NeutralUpdate.P09.{u_1} : {E : Type u_1} →
  [inst : NormedAddCommGroup E] → [inst_1 : InnerProductSpace ℝ E] → [instFD : FiniteDimensional ℝ E] → Prop :=
fun {E} [NormedAddCommGroup E] [InnerProductSpace ℝ E] [FiniteDimensional ℝ E] =>
  ∀ (V : Domain) (η : ℕ → ℝ) (loss : ℕ → E → EReal),
    ∀ x₁ ∈ V.carrier,
      ∀ (t : ℕ),
        0 < η t →
          SubdifferentiableOn V (loss t) →
            ∀ u ∈ V.carrier,
              (loss t (iterate V η loss x₁ t)).toReal - (loss t u).toReal ≤
                (‖iterate V η loss x₁ t - u‖ ^ 2 - ‖iterate V η loss x₁ (t + 1) - u‖ ^ 2) / (2 * η t) +
                  η t / 2 * ‖currentSubgradient (loss t) (iterate V η loss x₁ t)‖ ^ 2
def NeutralUpdate.P10.{u_1} : {E : Type u_1} →
  [inst : NormedAddCommGroup E] → [inst_1 : InnerProductSpace ℝ E] → [instFD : FiniteDimensional ℝ E] → Prop :=
fun {E} [NormedAddCommGroup E] [InnerProductSpace ℝ E] [FiniteDimensional ℝ E] =>
  ∀ (V : Domain) (η : ℝ),
    0 < η →
      ∀ (loss : ℕ → E → EReal),
        ∀ x₁ ∈ V.carrier,
          ∀ (T : ℕ),
            (∀ t < T, SubdifferentiableOn V (loss t)) →
              ∀ u ∈ V.carrier,
                regret V (fun x => η) loss x₁ u T ≤
                  ‖x₁ - u‖ ^ 2 / (2 * η) +
                      η / 2 *
                        ∑ t ∈ Finset.range T, ‖currentSubgradient (loss t) (iterate V (fun x => η) loss x₁ t)‖ ^ 2 -
                    ‖iterate V (fun x => η) loss x₁ T - u‖ ^ 2 / (2 * η)
def NeutralUpdate.P11.{u_1} : {E : Type u_1} →
  [inst : NormedAddCommGroup E] → [inst_1 : InnerProductSpace ℝ E] → [instFD : FiniteDimensional ℝ E] → Prop :=
fun {E} [NormedAddCommGroup E] [InnerProductSpace ℝ E] [FiniteDimensional ℝ E] =>
  ∀ (V : Domain) (η : ℝ),
    0 < η →
      ∀ (loss : ℕ → E → EReal),
        ∀ x₁ ∈ V.carrier,
          ∀ (T : ℕ),
            (∀ t < T, SubdifferentiableOn V (loss t)) →
              ∀ u ∈ V.carrier,
                regret V (fun x => η) loss x₁ u T ≤
                  ‖x₁ - u‖ ^ 2 / (2 * η) +
                    η / 2 * ∑ t ∈ Finset.range T, ‖currentSubgradient (loss t) (iterate V (fun x => η) loss x₁ t)‖ ^ 2
def NeutralUpdate.P12.{u_1} : {E : Type u_1} →
  [inst : NormedAddCommGroup E] → [inst_1 : InnerProductSpace ℝ E] → [instFD : FiniteDimensional ℝ E] → Prop :=
fun {E} [NormedAddCommGroup E] [InnerProductSpace ℝ E] [FiniteDimensional ℝ E] =>
  ∀ (V : Domain) (η : ℕ → ℝ) (loss : ℕ → E → EReal),
    ∀ x₁ ∈ V.carrier,
      ∀ (T : ℕ),
        0 < T →
          (∀ t < T, 0 < η t) →
            (∀ (t : ℕ), t + 1 < T → η (t + 1) ≤ η t) →
              (∀ t < T, SubdifferentiableOn V (loss t)) →
                ∀ (D : ℝ),
                  (∀ x ∈ V.carrier, ∀ y ∈ V.carrier, ‖x - y‖ ≤ D) →
                    ∀ u ∈ V.carrier,
                      regret V η loss x₁ u T ≤
                        D ^ 2 / (2 * η (T - 1)) +
                            ∑ t ∈ Finset.range T, η t / 2 * ‖currentSubgradient (loss t) (iterate V η loss x₁ t)‖ ^ 2 -
                          ‖iterate V η loss x₁ T - u‖ ^ 2 / (2 * η (T - 1))
def NeutralUpdate.P13.{u_1} : {E : Type u_1} →
  [inst : NormedAddCommGroup E] → [inst_1 : InnerProductSpace ℝ E] → [instFD : FiniteDimensional ℝ E] → Prop :=
fun {E} [NormedAddCommGroup E] [InnerProductSpace ℝ E] [FiniteDimensional ℝ E] =>
  ∀ (V : Domain),
    Bornology.IsBounded V.carrier →
      ∀ (η : ℕ → ℝ) (loss : ℕ → E → EReal),
        ∀ x₁ ∈ V.carrier,
          ∀ (T : ℕ),
            0 < T →
              (∀ t < T, 0 < η t) →
                (∀ (t : ℕ), t + 1 < T → η (t + 1) ≤ η t) →
                  (∀ t < T, SubdifferentiableOn V (loss t)) →
                    ∀ u ∈ V.carrier,
                      regret V η loss x₁ u T ≤
                        Metric.diam V.carrier ^ 2 / (2 * η (T - 1)) +
                            ∑ t ∈ Finset.range T, η t / 2 * ‖currentSubgradient (loss t) (iterate V η loss x₁ t)‖ ^ 2 -
                          ‖iterate V η loss x₁ T - u‖ ^ 2 / (2 * η (T - 1))
def NeutralUpdate.P14.{u_1} : {E : Type u_1} →
  [inst : NormedAddCommGroup E] → [inst_1 : InnerProductSpace ℝ E] → [instFD : FiniteDimensional ℝ E] → Prop :=
fun {E} [NormedAddCommGroup E] [InnerProductSpace ℝ E] [FiniteDimensional ℝ E] =>
  ∀ (V : Domain) (loss : ℕ → E → EReal),
    ∀ x₁ ∈ V.carrier,
      ∀ (T : ℕ),
        0 < T →
          ∀ (D G : ℝ),
            0 < D →
              0 < G →
                (∀ t < T, SubdifferentiableOn V (loss t)) →
                  ∀ u ∈ V.carrier,
                    ‖x₁ - u‖ ≤ D →
                      (∀ t < T, ‖currentSubgradient (loss t) (iterate V (fun x => D / (G * √↑T)) loss x₁ t)‖ ≤ G) →
                        regret V (fun x => D / (G * √↑T)) loss x₁ u T ≤ D * G * √↑T
def NeutralUpdate.P15.{u_1} : {E : Type u_1} →
  [inst : NormedAddCommGroup E] → [inst_1 : InnerProductSpace ℝ E] → [instFD : FiniteDimensional ℝ E] → Prop :=
fun {E} [NormedAddCommGroup E] [InnerProductSpace ℝ E] [FiniteDimensional ℝ E] =>
  ∀ (V : Domain) (loss : ℕ → E → EReal),
    ∀ x₁ ∈ V.carrier,
      ∀ (T : ℕ),
        0 < T →
          ∀ (D G : ℝ),
            0 < D →
              0 < G →
                (∀ x ∈ V.carrier, ∀ y ∈ V.carrier, ‖x - y‖ ≤ D) →
                  (∀ t < T, SubdifferentiableOn V (loss t)) →
                    (∀ t < T, ‖currentSubgradient (loss t) (iterate V (fun x => D / (G * √↑T)) loss x₁ t)‖ ≤ G) →
                      ∀ u ∈ V.carrier, regret V (fun x => D / (G * √↑T)) loss x₁ u T ≤ D * G * √↑T
