actual-all-public-types-v1-01 exit 0 seconds 9.969
public-all-axioms-v1-01 exit 0 seconds 26.469
compiled-public-graph-v1-01 exit 0 seconds 52.781
public-fence-lemma_2_31-v1 exit 0 seconds 0.204
public-safe-lemma_2_31-v1 exit 0 seconds 0.219
public-fence-currentSubgradient_mem-v1 exit 0 seconds 0.234
public-safe-currentSubgradient_mem-v1 exit 0 seconds 0.219
public-fence-finite_loss-v1 exit 0 seconds 0.218
public-safe-finite_loss-v1 exit 0 seconds 0.203
public-fence-iterate_mem-v1 exit 0 seconds 0.219
public-safe-iterate_mem-v1 exit 0 seconds 0.219
public-fence-iterate_prefix-v1 exit 0 seconds 0.219
public-safe-iterate_prefix-v1 exit 0 seconds 0.218
public-fence-iterate_support-v1 exit 0 seconds 0.219
public-safe-iterate_support-v1 exit 0 seconds 0.235
public-fence-iterate_finite_loss-v1 exit 0 seconds 0.219
public-safe-iterate_finite_loss-v1 exit 0 seconds 0.219
public-fence-one_step_chain-v1 exit 0 seconds 0.219
public-safe-one_step_chain-v1 exit 0 seconds 0.219
public-fence-one_step-v1 exit 0 seconds 0.219
public-safe-one_step-v1 exit 0 seconds 0.218
public-fence-regret_fixed-v1 exit 0 seconds 0.219
public-safe-regret_fixed-v1 exit 0 seconds 0.219
public-fence-regret_fixed_coarse-v1 exit 0 seconds 0.203
public-safe-regret_fixed_coarse-v1 exit 0 seconds 0.219
public-fence-regret_variable_bound-v1 exit 0 seconds 0.235
public-safe-regret_variable_bound-v1 exit 0 seconds 0.218
public-fence-regret_variable-v1 exit 0 seconds 0.219
public-safe-regret_variable-v1 exit 0 seconds 0.218
public-fence-regret_tuned_distance-v1 exit 0 seconds 0.219
public-safe-regret_tuned_distance-v1 exit 0 seconds 0.219
public-fence-regret_tuned-v1 exit 0 seconds 0.219
public-safe-regret_tuned-v1 exit 0 seconds 0.219
compiled-worker-trial-v1 exit 0 seconds 0.203
Actual existing15 proof/5def/1abbrev wholecanary24 proof/7def/1abbrev,53 kernel checks/15 guards/selected53 nodes/4835 directrefs/24 required valuepairs; current BODY pending/newproofs0.
