neutral-propositions-v1-01 exit 0 seconds 10.704
actual-public-types-v1-01 exit 0 seconds 9.938
mathlib-cards-v1-01 exit 0 seconds 0.203
paper-cards-v1-01 exit 0 seconds 0.203
weapon-cards-v1-01 exit 0 seconds 0.203
memory-OSD-v1-01 exit 0 seconds 6.031
declarations-OSD-v1-01 exit 0 seconds 6.063
declarations-OSD-statements-v1-01 exit 0 seconds 6.047
retrieval-record-v1-01 exit 0 seconds 0.203
draft-lifecycle-v1 exit 0 seconds 0.219
wrote runs/online-osd-public-20261007/retrieval-snapshot-v1/lml_bandit_cards.json
wrote runs/online-osd-public-20261007/retrieval-snapshot-v1/mathlib_bandit_cards.json
wrote runs/online-osd-public-20261007/retrieval-snapshot-v1/bandit_textbook_cards.json
wrote runs/online-osd-public-20261007/retrieval-snapshot-v1/bandit_paper_cards.json
wrote runs/online-osd-public-20261007/retrieval-snapshot-v1/bandit_scenario_cards.json
wrote runs/online-osd-public-20261007/retrieval-snapshot-v1/proof_weapon_cards.json
wrote runs/online-osd-public-20261007/retrieval-snapshot-v1/local_leaf_cards.json
wrote runs/online-osd-public-20261007/retrieval-snapshot-v1/local_lean_declarations.json
wrote runs/online-osd-public-20261007/reference-index-manifest-v1.md
All15 actual propositions/public types/eight sharedAPI types and current retrieval ready; new source-blind packet prepared, current source stabilization/body gates pending.
