{
  "id": "mem-18ab65869fe6fed3",
  "created_at": "2026-10-07T03:38:50+00:00",
  "type": "source_fact",
  "task": "ONLINE-OSD-PUBLIC-20261007",
  "provenance": {
    "kind": "local_first_retrieval",
    "reference": "Actual public15 types and eight pinned shared/Mathlib API types; unchanged producer modules; Orabona v10 printed16/19/20/21. Reuse, no duplicate or external unchecked dependency."
  },
  "assumptions": [],
  "declaration": "",
  "file": "",
  "status": "verified",
  "verifier_evidence": [
    "E:\\ABRL\\worktrees\\research-online-book\\runs\\online-osd-public-20261007\\leaves\\actual-public-types-v1.lean"
  ],
  "supersession": {
    "supersedes": [],
    "reason": ""
  },
  "roles": [],
  "details": {
    "query": "exact arbitrary-current global-support step and canonical projected subgradient recursion/fixed variable residuals",
    "search_order": [
      "local declarations",
      "ABRL theorem cards",
      "Mathlib cards"
    ],
    "candidates": [
      "BanditRL.OnlineSubgradientDescent.lemma_2_31",
      "BanditRL.OnlineSubgradientDescent.iterate_prefix",
      "BanditRL.OnlineSubgradientDescent.regret_fixed",
      "BanditRL.OnlineSubgradientDescent.regret_variable",
      "BanditRL.OnlineSubgradientDescent.regret_tuned"
    ],
    "rejections": [],
    "compiled_scratch": "E:\\ABRL\\worktrees\\research-online-book\\runs\\online-osd-public-20261007\\leaves\\actual-public-types-v1.lean"
  }
}
