{
  "id": "mem-a4741d51b48247a4",
  "created_at": "2026-10-03T13:43:24+00:00",
  "type": "source_fact",
  "task": "ONLINE-SUBGRADIENT-MAX",
  "provenance": {
    "kind": "local_first_retrieval",
    "reference": "Pinned Orabona v10 printed18/PDF30, actual public compiler/root/Tests/fullharness and distinct automated semantic body review; package final reader/binding pending"
  },
  "assumptions": [],
  "declaration": "",
  "file": "",
  "status": "verified",
  "verifier_evidence": [
    "runs/online-subgradient-max-20261003/attempts/max-full-leaf-01.lean"
  ],
  "supersession": {
    "supersedes": [],
    "reason": ""
  },
  "roles": [],
  "details": {
    "query": "finite maximum full active hull subdifferential rule",
    "search_order": [
      "local declarations",
      "ABRL theorem cards",
      "Mathlib cards"
    ],
    "candidates": [
      "BanditRL.OnlineConvex.theorem_2_26",
      "BanditRL.OnlineConvex.subgradient_limit_of_continuousAt"
    ],
    "rejections": [],
    "compiled_scratch": "runs/online-subgradient-max-20261003/attempts/max-full-leaf-01.lean"
  }
}
