runs/online-lipschitz-20261004/attempts/lipschitz-full-01.lean:32:53: error: Application type mismatch: The argument
  hx
has type
  Membership.mem.{u_1, u_1} (interior (effectiveDomain f)) x
but is expected to have type
  Membership.mem.{0, 0} (interior (Preorder.toLT.1 ?m.132)) ⊤
in the application
  interior_subset hx
runs/online-lipschitz-20261004/attempts/lipschitz-full-01.lean:36:62: error: Application type mismatch: The argument
  hx
has type
  Membership.mem.{u_1, u_1} (interior (effectiveDomain f)) x
but is expected to have type
  Membership.mem.{0, 0} (interior (Preorder.toLT.1 ?m.183)) ⊤
in the application
  interior_subset hx
runs/online-lipschitz-20261004/attempts/lipschitz-full-01.lean:37:62: error: Application type mismatch: The argument
  hy
has type
  Membership.mem.{u_1, u_1} (interior (effectiveDomain f)) y
but is expected to have type
  Membership.mem.{0, 0} (interior (Preorder.toLT.1 ?m.197)) ⊤
in the application
  interior_subset hy
'BanditRL.OnlineConvex.theorem_2_30' depends on axioms: [propext, sorryAx, Classical.choice, Quot.sound]
