runs/online-lipschitz-20261004/attempts/lipschitz-full-02.lean:31:46: error: Application type mismatch: The argument
  hx
has type
  Membership.mem.{u_1, u_1} (interior (effectiveDomain f)) x
but is expected to have type
  Membership.mem.{0, 0} (interior (WithBot.LT (f x))) ⊤
in the application
  interior_subset hx
runs/online-lipschitz-20261004/attempts/lipschitz-full-02.lean:37:46: error: Application type mismatch: The argument
  hx
has type
  Membership.mem.{u_1, u_1} (interior (effectiveDomain f)) x
but is expected to have type
  Membership.mem.{0, 0} (interior (WithBot.LT (f x))) ⊤
in the application
  interior_subset hx
runs/online-lipschitz-20261004/attempts/lipschitz-full-02.lean:38:46: error: Application type mismatch: The argument
  hy
has type
  Membership.mem.{u_1, u_1} (interior (effectiveDomain f)) y
but is expected to have type
  Membership.mem.{0, 0} (interior (WithBot.LT (f y))) ⊤
in the application
  interior_subset hy
'BanditRL.OnlineConvex.theorem_2_30' depends on axioms: [propext, sorryAx, Classical.choice, Quot.sound]
