{
  "time": "2026-10-05T17:23:41+00:00",
  "task": "ONLINE-GUESSING-MIGRATION-20261006",
  "role": "reviewer",
  "kind": "review",
  "status": "accepted",
  "notes": "Same actual compiled comparison bundle accepted after distinct source/reader and integrated gates. One printedexample9retained3newproofs1domain. Actual terminal closed, not Chapter2/book/productivity experiment.",
  "lean": "",
  "source": "",
  "run_id": "online-guessing-migration-20261006",
  "changed_files": [],
  "statement_hash": "a2a866bff8d028a3f4f3009e9ac8e33252a1d326158a29b838ad95576fc8255f",
  "parent_id": "",
  "route_fingerprint": "",
  "verifier_evidence": [
    "runs\\online-guessing-migration-20261006\\final-reader-receipt-v1.json"
  ],
  "harness": "hierarchical",
  "experiment_id": "",
  "target_fingerprint": "",
  "route_packet_hash": "",
  "attempt_id": "GUESSING-COMPARISON-V1",
  "worker_id": "",
  "progress_class": "terminal",
  "reviewer_validated": true,
  "obligations_before": 0,
  "obligations_after": 0,
  "new_declarations": [
    "BanditRL.OnlineGradientDescent.guessing_vs_mean_unbounded"
  ],
  "reused_declarations": [],
  "dag_nodes": 0,
  "dag_depth": 0,
  "elapsed_seconds": 0.0,
  "lean_check_seconds": 0.0,
  "prompt_chars": 0,
  "input_tokens": 0,
  "output_tokens": 0,
  "error_signature": ""
}
