{
  "schema_version": 1,
  "entry_id": "entry-760950a6354d520c",
  "session_id": "ONLINE-GUESSING-MIGRATION-20261006",
  "sequence": 15,
  "parent_id": "entry-3201ab0dac811937",
  "event_type": "accepted",
  "created_at": "2026-10-05T17:23:42+00:00",
  "payload": {
    "run_id": "online-guessing-migration-20261006",
    "accepted_decision": "runs\\online-guessing-migration-20261006\\accepted-decision-v1.json",
    "retained_proofs": 9,
    "retained_definitions": 1,
    "new_proofs": 3,
    "merged": false,
    "live": false,
    "source_package_accepted": true,
    "derived_comparison_accepted": true,
    "chapter_complete": false,
    "goal_complete": false
  }
}
