{
  "schema_version": 1,
  "entry_id": "entry-03f1108ad3d59077",
  "session_id": "ONLINE-GUESSING-MIGRATION-20261006",
  "sequence": 0,
  "parent_id": "",
  "event_type": "draft",
  "created_at": "2026-10-05T16:18:28+00:00",
  "payload": {
    "run_id": "online-guessing-migration-20261006",
    "frozen_headers": {
      "project_unitInterval": "74e296da20d13f398c5ad1761937b336b7a959365d4ae9a294211a202aeb52ee",
      "square_regular": "8695f4370529aa657c45adf5b588919c6beb84abb8e9bd056211b91aba1a23b9",
      "gradient_square": "42c40493d4c43e991f63b66c4b9c2c4e239a80a3214cceb195605ede181841f4",
      "gradient_square_bound": "4a764e490eb6a43c07bf3b973b7859de4e8ab75f77a5f351f348afb09c7fb190",
      "square_step_clamp": "2f92641d1018ae93c21a2bf66421beacc65f4bdc39feadf618b67a4883b87f16",
      "example_2_14": "e9e684185cc6529bb8cfb4c36aca24b4ac87b4f2e1bbc5bdb4776f18f44ced8c",
      "guessing_zero_trajectory": "f60570876fc0bcc04b467c5a568aa5ea1d0b08accc012fa28cc5fb07e450bd56",
      "guessing_tuned_eta_square": "bdc383809eb58df7f902620edaf4e85b8dc02bea962bfd1234f224f32b3bce41",
      "guessing_squared_horizon_lower": "8c990acef734ccaea3a69e9a593f56f74fca18338a66e44ea7d74c9fe1662d8b",
      "meanPredict_zero_cumulativeLoss": "732235ffdac5aac0ee2f5c0bcb170850d511e27dd320f3843547ce76f2c2e56d",
      "guessing_vs_mean_lower": "592818577c4713e87ee2443c9bcb4d287b12fd443b006f08b234e72d62eca6e0",
      "guessing_vs_mean_unbounded": "d8c3da8740880ceef1e4ab5d6a3195fe02f93c5779438d4a6edb8a375e0b9b6c"
    },
    "retained_proofs": 9,
    "new_proofs_planned": 3,
    "new_bodies_compiled": false,
    "chapter_complete": false,
    "goal_complete": false
  }
}
