{
  "time": "2026-10-05T16:33:49+00:00",
  "task": "ONLINE-GUESSING-MIGRATION-20261006",
  "role": "lower",
  "kind": "build",
  "status": "compiled",
  "notes": "Actual frozen scratch body Lean elaborated; no source/body/package/public integration acceptance yet. Dependency frontier moved, not raw declaration count.",
  "lean": "runs\\online-guessing-migration-20261006\\leaves\\gap-lower-v1.lean",
  "source": "",
  "run_id": "online-guessing-migration-20261006",
  "changed_files": [],
  "statement_hash": "358251b87f4a9254c828f0683ef3186f3f87e1f76884ed72f55c9d9f7ad5b9be",
  "parent_id": "",
  "route_fingerprint": "",
  "verifier_evidence": [
    "runs\\online-guessing-migration-20261006\\gap-lower-v1-01.log"
  ],
  "harness": "",
  "experiment_id": "",
  "target_fingerprint": "",
  "route_packet_hash": "",
  "attempt_id": "GUESSING-GAP-LOWER-V1",
  "worker_id": "",
  "progress_class": "compiled-leaf",
  "reviewer_validated": false,
  "obligations_before": 0,
  "obligations_after": 0,
  "new_declarations": [
    "BanditRL.OnlineGradientDescent.guessing_vs_mean_lower"
  ],
  "reused_declarations": [],
  "dag_nodes": 0,
  "dag_depth": 0,
  "elapsed_seconds": 0.0,
  "lean_check_seconds": 0.0,
  "prompt_chars": 0,
  "input_tokens": 0,
  "output_tokens": 0,
  "error_signature": ""
}
