{
  "schema_version": 1,
  "entry_id": "entry-09c28354bd1b4b70",
  "session_id": "ONLINE-GUESSING-MIGRATION-20261006",
  "sequence": 4,
  "parent_id": "entry-eed1373240903997",
  "event_type": "proving",
  "created_at": "2026-10-05T16:37:36+00:00",
  "payload": {
    "run_id": "online-guessing-migration-20261006",
    "frozen_headers": {
      "project_unitInterval": "74e296da20d13f398c5ad1761937b336b7a959365d4ae9a294211a202aeb52ee",
      "square_regular": "8695f4370529aa657c45adf5b588919c6beb84abb8e9bd056211b91aba1a23b9",
      "gradient_square": "42c40493d4c43e991f63b66c4b9c2c4e239a80a3214cceb195605ede181841f4",
      "gradient_square_bound": "4a764e490eb6a43c07bf3b973b7859de4e8ab75f77a5f351f348afb09c7fb190",
      "square_step_clamp": "2f92641d1018ae93c21a2bf66421beacc65f4bdc39feadf618b67a4883b87f16",
      "example_2_14": "e9e684185cc6529bb8cfb4c36aca24b4ac87b4f2e1bbc5bdb4776f18f44ced8c",
      "guessing_zero_trajectory": "f60570876fc0bcc04b467c5a568aa5ea1d0b08accc012fa28cc5fb07e450bd56",
      "guessing_tuned_eta_square": "bdc383809eb58df7f902620edaf4e85b8dc02bea962bfd1234f224f32b3bce41",
      "guessing_squared_horizon_lower": "8c990acef734ccaea3a69e9a593f56f74fca18338a66e44ea7d74c9fe1662d8b",
      "meanPredict_zero_cumulativeLoss": "8172fa53508b408b9a9e25b5c385bbc5c94ab572f778ef0f3b9b5171eae9a38f",
      "guessing_vs_mean_lower": "358251b87f4a9254c828f0683ef3186f3f87e1f76884ed72f55c9d9f7ad5b9be",
      "guessing_vs_mean_unbounded": "a2a866bff8d028a3f4f3009e9ac8e33252a1d326158a29b838ad95576fc8255f"
    },
    "repair": "import-comment-repair-v2.json",
    "terminal": "guessing_vs_mean_unbounded unchanged",
    "route": "same single lower",
    "public_gate_pending": true,
    "chapter_complete": false,
    "goal_complete": false
  }
}
