BanditRL.OnlineGradientDescent.project_unitInterval : ∀ (z : ℝ),
  BanditRL.OnlineGradientDescent.project BanditRL.OnlineGradientDescent.unitInterval z = min (max z 0) 1
'BanditRL.OnlineGradientDescent.project_unitInterval' depends on axioms: [propext, Classical.choice, Quot.sound]
BanditRL.OnlineGradientDescent.square_regular : ∀ (y : ℝ),
  BanditRL.OnlineGradientDescent.RegularLoss BanditRL.OnlineGradientDescent.unitInterval fun x => (x - y) ^ 2
'BanditRL.OnlineGradientDescent.square_regular' depends on axioms: [propext, Classical.choice, Quot.sound]
BanditRL.OnlineGradientDescent.gradient_square : ∀ (y x : ℝ), gradient (fun x => (x - y) ^ 2) x = 2 * (x - y)
'BanditRL.OnlineGradientDescent.gradient_square' depends on axioms: [propext, Classical.choice, Quot.sound]
BanditRL.OnlineGradientDescent.gradient_square_bound : ∀ (y x : ℝ),
  y ∈ Set.Icc 0 1 → x ∈ Set.Icc 0 1 → ‖gradient (fun x => (x - y) ^ 2) x‖ ≤ 2
'BanditRL.OnlineGradientDescent.gradient_square_bound' depends on axioms: [propext, Classical.choice, Quot.sound]
BanditRL.OnlineGradientDescent.square_step_clamp : ∀ (η y x : ℝ),
  BanditRL.OnlineGradientDescent.step BanditRL.OnlineGradientDescent.unitInterval η (fun x => (x - y) ^ 2) x =
    min (max (x - 2 * η * (x - y)) 0) 1
'BanditRL.OnlineGradientDescent.square_step_clamp' depends on axioms: [propext, Classical.choice, Quot.sound]
BanditRL.OnlineGradientDescent.example_2_14 : ∀ (y : ℕ → ℝ),
  ∀ x0 ∈ Set.Icc 0 1,
    ∀ (T : ℕ),
      0 < T →
        (∀ t < T, y t ∈ Set.Icc 0 1) →
          ∀ u ∈ Set.Icc 0 1,
            BanditRL.OnlineGradientDescent.regret BanditRL.OnlineGradientDescent.unitInterval (1 / (2 * √↑T))
                (fun t x => (x - y t) ^ 2) x0 u T ≤
              2 * √↑T
'BanditRL.OnlineGradientDescent.example_2_14' depends on axioms: [propext, Classical.choice, Quot.sound]
BanditRL.OnlineGradientDescent.guessing_zero_trajectory : ∀ (n : ℕ),
  0 < n →
    ∀ (t : ℕ),
      BanditRL.OnlineGradientDescent.iterate BanditRL.OnlineGradientDescent.unitInterval (1 / (4 * ↑n))
          (fun x x_1 => (x_1 - 0) ^ 2) 1 t =
        (1 - 1 / (2 * ↑n)) ^ t
'BanditRL.OnlineGradientDescent.guessing_zero_trajectory' depends on axioms: [propext, Classical.choice, Quot.sound]
BanditRL.OnlineGradientDescent.guessing_tuned_eta_square : ∀ (n : ℕ), 1 / (2 * √↑((2 * n) ^ 2)) = 1 / (4 * ↑n)
'BanditRL.OnlineGradientDescent.guessing_tuned_eta_square' depends on axioms: [propext, Classical.choice, Quot.sound]
BanditRL.OnlineGradientDescent.guessing_squared_horizon_lower : ∀ (n : ℕ),
  0 < n →
    ↑n / 4 ≤
      BanditRL.OnlineGradientDescent.regret BanditRL.OnlineGradientDescent.unitInterval (1 / (2 * √↑((2 * n) ^ 2)))
        (fun x x_1 => (x_1 - 0) ^ 2) 1 0 ((2 * n) ^ 2)
'BanditRL.OnlineGradientDescent.guessing_squared_horizon_lower' depends on axioms: [propext,
 Classical.choice,
 Quot.sound]
BanditRL.OnlineGradientDescent.meanPredict_zero_cumulativeLoss : ∀ (T : ℕ),
  0 < T → ∑ t ∈ Finset.range T, BanditRL.OnlineLearning.meanPredict (fun x => 0) t ^ 2 = 1 / 4
'BanditRL.OnlineGradientDescent.meanPredict_zero_cumulativeLoss' depends on axioms: [propext,
 Classical.choice,
 Quot.sound]
BanditRL.OnlineGradientDescent.guessing_vs_mean_lower : ∀ (n : ℕ),
  0 < n →
    ↑n / 4 - 1 / 4 ≤
      BanditRL.OnlineGradientDescent.regret BanditRL.OnlineGradientDescent.unitInterval (1 / (2 * √↑((2 * n) ^ 2)))
          (fun x x_1 => (x_1 - 0) ^ 2) 1 0 ((2 * n) ^ 2) -
        ∑ t ∈ Finset.range ((2 * n) ^ 2), BanditRL.OnlineLearning.meanPredict (fun x => 0) t ^ 2
'BanditRL.OnlineGradientDescent.guessing_vs_mean_lower' depends on axioms: [propext, Classical.choice, Quot.sound]
BanditRL.OnlineGradientDescent.guessing_vs_mean_unbounded : ∀ (C : ℝ) (N : ℕ),
  ∃ n,
    N < n ∧
      C <
        BanditRL.OnlineGradientDescent.regret BanditRL.OnlineGradientDescent.unitInterval (1 / (2 * √↑((2 * n) ^ 2)))
            (fun x x_1 => (x_1 - 0) ^ 2) 1 0 ((2 * n) ^ 2) -
          ∑ t ∈ Finset.range ((2 * n) ^ 2), BanditRL.OnlineLearning.meanPredict (fun x => 0) t ^ 2
'BanditRL.OnlineGradientDescent.guessing_vs_mean_unbounded' depends on axioms: [propext, Classical.choice, Quot.sound]
BanditRL.OnlineGradientDescent.unitInterval : BanditRL.OnlineGradientDescent.Domain ℝ
'BanditRL.OnlineGradientDescent.unitInterval' depends on axioms: [propext, Classical.choice, Quot.sound]
Tests.OnlineGuessingOGD.labels : ℕ → ℝ
'Tests.OnlineGuessingOGD.labels' depends on axioms: [propext, Classical.choice, Quot.sound]
Tests.OnlineGuessingOGD.losses : ℕ → ℝ → ℝ
'Tests.OnlineGuessingOGD.losses' depends on axioms: [propext, Classical.choice, Quot.sound]
Tests.OnlineGuessingOGD.first_projected : BanditRL.OnlineGradientDescent.iterate
    BanditRL.OnlineGradientDescent.unitInterval 1 Tests.OnlineGuessingOGD.losses (1 / 2) 1 =
  1
'Tests.OnlineGuessingOGD.first_projected' depends on axioms: [propext, Classical.choice, Quot.sound]
Tests.OnlineGuessingOGD.second_projected : BanditRL.OnlineGradientDescent.iterate
    BanditRL.OnlineGradientDescent.unitInterval 1 Tests.OnlineGuessingOGD.losses (1 / 2) 2 =
  0
'Tests.OnlineGuessingOGD.second_projected' depends on axioms: [propext, Classical.choice, Quot.sound]
Tests.OnlineGuessingOGD.source_four_rounds : ∀ u ∈ Set.Icc 0 1,
  BanditRL.OnlineGradientDescent.regret BanditRL.OnlineGradientDescent.unitInterval (1 / 4)
      Tests.OnlineGuessingOGD.losses (1 / 2) u 4 ≤
    4
'Tests.OnlineGuessingOGD.source_four_rounds' depends on axioms: [propext, Classical.choice, Quot.sound]
Tests.OnlineGuessingLower.first_state : BanditRL.OnlineGradientDescent.iterate
    BanditRL.OnlineGradientDescent.unitInterval (1 / 16) (fun x x_1 => (x_1 - 0) ^ 2) 1 1 =
  7 / 8
'Tests.OnlineGuessingLower.first_state' depends on axioms: [propext, Classical.choice, Quot.sound]
Tests.OnlineGuessingLower.source_lower : 1 ≤
  BanditRL.OnlineGradientDescent.regret BanditRL.OnlineGradientDescent.unitInterval (1 / 16)
    (fun x x_1 => (x_1 - 0) ^ 2) 1 0 64
'Tests.OnlineGuessingLower.source_lower' depends on axioms: [propext, Classical.choice, Quot.sound]
Tests.OnlineGuessingComparison.actual_zero_stream_gap : 3 / 4 ≤
  BanditRL.OnlineGradientDescent.regret BanditRL.OnlineGradientDescent.unitInterval (1 / 16)
      (fun x x_1 => (x_1 - 0) ^ 2) 1 0 64 -
    ∑ t ∈ Finset.range 64, BanditRL.OnlineLearning.meanPredict (fun x => 0) t ^ 2
'Tests.OnlineGuessingComparison.actual_zero_stream_gap' depends on axioms: [propext, Classical.choice, Quot.sound]
