{
  "time": "2026-10-05T16:44:36+00:00",
  "task": "ONLINE-GUESSING-MIGRATION-20261006",
  "role": "lower",
  "kind": "build",
  "status": "compiled",
  "notes": "Actual3new comparison bodies plus9retainedproofs1definition/fresh root9089/canaries21namedaxes12guards. Frozen arbitrary-threshold source comparison terminal closed, distinct BODY/package acceptance still pending; not chapter/book/productivity experiment.",
  "lean": "BanditRLProof/OnlineGuessingComparison.lean",
  "source": "",
  "run_id": "online-guessing-migration-20261006",
  "changed_files": [],
  "statement_hash": "a2a866bff8d028a3f4f3009e9ac8e33252a1d326158a29b838ad95576fc8255f",
  "parent_id": "",
  "route_fingerprint": "",
  "verifier_evidence": [
    "runs\\online-guessing-migration-20261006\\public-axioms-v1-01.log"
  ],
  "harness": "",
  "experiment_id": "",
  "target_fingerprint": "",
  "route_packet_hash": "",
  "attempt_id": "GUESSING-COMPARISON-V1",
  "worker_id": "",
  "progress_class": "terminal",
  "reviewer_validated": false,
  "obligations_before": 0,
  "obligations_after": 0,
  "new_declarations": [
    "BanditRL.OnlineGradientDescent.guessing_vs_mean_unbounded"
  ],
  "reused_declarations": [],
  "dag_nodes": 0,
  "dag_depth": 0,
  "elapsed_seconds": 0.0,
  "lean_check_seconds": 0.0,
  "prompt_chars": 0,
  "input_tokens": 0,
  "output_tokens": 0,
  "error_signature": ""
}
