runs/online-guessing-migration-20261006/Tests-v1-01.log:1310: trailing whitespace.
+  
runs/online-guessing-migration-20261006/Tests-v1-01.log:1312: trailing whitespace.
+    
runs/online-guessing-migration-20261006/Tests-v1-01.log:1317: trailing whitespace.
+  
runs/online-guessing-migration-20261006/Tests-v1-01.log:1319: trailing whitespace.
+    
runs/online-guessing-migration-20261006/Tests-v1-01.log:1480: trailing whitespace.
+  
runs/online-guessing-migration-20261006/Tests-v1-01.log:1482: trailing whitespace.
+    
runs/online-guessing-migration-20261006/Tests-v1-01.log:1631: trailing whitespace.
+  
runs/online-guessing-migration-20261006/Tests-v1-01.log:1633: trailing whitespace.
+    
runs/online-guessing-migration-20261006/Tests-v1-01.log:1802: trailing whitespace.
+  
runs/online-guessing-migration-20261006/Tests-v1-01.log:1804: trailing whitespace.
+    
runs/online-guessing-migration-20261006/Tests-v1-01.log:1844: trailing whitespace.
+  
runs/online-guessing-migration-20261006/Tests-v1-01.log:1846: trailing whitespace.
+    
runs/online-guessing-migration-20261006/Tests-v1-01.log:2339: trailing whitespace.
+  
runs/online-guessing-migration-20261006/Tests-v1-01.log:2341: trailing whitespace.
+    
runs/online-guessing-migration-20261006/Tests-v1-01.log:2390: trailing whitespace.
+  
runs/online-guessing-migration-20261006/Tests-v1-01.log:2392: trailing whitespace.
+    
runs/online-guessing-migration-20261006/Tests-v1-01.log:6793: trailing whitespace.
+  
runs/online-guessing-migration-20261006/Tests-v1-01.log:6795: trailing whitespace.
+    
runs/online-guessing-migration-20261006/full-harness-v1-01.log:720: trailing whitespace.
+  
runs/online-guessing-migration-20261006/full-harness-v1-01.log:722: trailing whitespace.
+    
runs/online-guessing-migration-20261006/full-harness-v1-01.log:727: trailing whitespace.
+  
runs/online-guessing-migration-20261006/full-harness-v1-01.log:729: trailing whitespace.
+    
runs/online-guessing-migration-20261006/full-harness-v1-01.log:890: trailing whitespace.
+  
runs/online-guessing-migration-20261006/full-harness-v1-01.log:892: trailing whitespace.
+    
runs/online-guessing-migration-20261006/full-harness-v1-01.log:1041: trailing whitespace.
+  
runs/online-guessing-migration-20261006/full-harness-v1-01.log:1043: trailing whitespace.
+    
runs/online-guessing-migration-20261006/full-harness-v1-01.log:1212: trailing whitespace.
+  
runs/online-guessing-migration-20261006/full-harness-v1-01.log:1214: trailing whitespace.
+    
runs/online-guessing-migration-20261006/full-harness-v1-01.log:1254: trailing whitespace.
+  
runs/online-guessing-migration-20261006/full-harness-v1-01.log:1256: trailing whitespace.
+    
runs/online-guessing-migration-20261006/full-harness-v1-01.log:1749: trailing whitespace.
+  
runs/online-guessing-migration-20261006/full-harness-v1-01.log:1751: trailing whitespace.
+    
runs/online-guessing-migration-20261006/full-harness-v1-01.log:1800: trailing whitespace.
+  
runs/online-guessing-migration-20261006/full-harness-v1-01.log:1802: trailing whitespace.
+    
runs/online-guessing-migration-20261006/full-harness-v1-01.log:3635: trailing whitespace.
+  
runs/online-guessing-migration-20261006/full-harness-v1-01.log:3637: trailing whitespace.
+    
runs/online-guessing-migration-20261006/full-harness-v1-01.log:3642: trailing whitespace.
+  
runs/online-guessing-migration-20261006/full-harness-v1-01.log:3644: trailing whitespace.
+    
runs/online-guessing-migration-20261006/full-harness-v1-01.log:3805: trailing whitespace.
+  
runs/online-guessing-migration-20261006/full-harness-v1-01.log:3807: trailing whitespace.
+    
runs/online-guessing-migration-20261006/full-harness-v1-01.log:3956: trailing whitespace.
+  
runs/online-guessing-migration-20261006/full-harness-v1-01.log:3958: trailing whitespace.
+    
runs/online-guessing-migration-20261006/full-harness-v1-01.log:4127: trailing whitespace.
+  
runs/online-guessing-migration-20261006/full-harness-v1-01.log:4129: trailing whitespace.
+    
runs/online-guessing-migration-20261006/full-harness-v1-01.log:4169: trailing whitespace.
+  
runs/online-guessing-migration-20261006/full-harness-v1-01.log:4171: trailing whitespace.
+    
runs/online-guessing-migration-20261006/full-harness-v1-01.log:4664: trailing whitespace.
+  
runs/online-guessing-migration-20261006/full-harness-v1-01.log:4666: trailing whitespace.
+    
runs/online-guessing-migration-20261006/full-harness-v1-01.log:4715: trailing whitespace.
+  
runs/online-guessing-migration-20261006/full-harness-v1-01.log:4717: trailing whitespace.
+    
runs/online-guessing-migration-20261006/full-harness-v1-01.log:9118: trailing whitespace.
+  
runs/online-guessing-migration-20261006/full-harness-v1-01.log:9120: trailing whitespace.
+    
runs/online-guessing-migration-20261006/full-harness-v2-01.log:720: trailing whitespace.
+  
runs/online-guessing-migration-20261006/full-harness-v2-01.log:722: trailing whitespace.
+    
runs/online-guessing-migration-20261006/full-harness-v2-01.log:727: trailing whitespace.
+  
runs/online-guessing-migration-20261006/full-harness-v2-01.log:729: trailing whitespace.
+    
runs/online-guessing-migration-20261006/full-harness-v2-01.log:890: trailing whitespace.
+  
runs/online-guessing-migration-20261006/full-harness-v2-01.log:892: trailing whitespace.
+    
runs/online-guessing-migration-20261006/full-harness-v2-01.log:1041: trailing whitespace.
+  
runs/online-guessing-migration-20261006/full-harness-v2-01.log:1043: trailing whitespace.
+    
runs/online-guessing-migration-20261006/full-harness-v2-01.log:1212: trailing whitespace.
+  
runs/online-guessing-migration-20261006/full-harness-v2-01.log:1214: trailing whitespace.
+    
runs/online-guessing-migration-20261006/full-harness-v2-01.log:1254: trailing whitespace.
+  
runs/online-guessing-migration-20261006/full-harness-v2-01.log:1256: trailing whitespace.
+    
runs/online-guessing-migration-20261006/full-harness-v2-01.log:1749: trailing whitespace.
+  
runs/online-guessing-migration-20261006/full-harness-v2-01.log:1751: trailing whitespace.
+    
runs/online-guessing-migration-20261006/full-harness-v2-01.log:1800: trailing whitespace.
+  
runs/online-guessing-migration-20261006/full-harness-v2-01.log:1802: trailing whitespace.
+    
runs/online-guessing-migration-20261006/full-harness-v2-01.log:3635: trailing whitespace.
+  
runs/online-guessing-migration-20261006/full-harness-v2-01.log:3637: trailing whitespace.
+    
runs/online-guessing-migration-20261006/full-harness-v2-01.log:3642: trailing whitespace.
+  
runs/online-guessing-migration-20261006/full-harness-v2-01.log:3644: trailing whitespace.
+    
runs/online-guessing-migration-20261006/full-harness-v2-01.log:3805: trailing whitespace.
+  
runs/online-guessing-migration-20261006/full-harness-v2-01.log:3807: trailing whitespace.
+    
runs/online-guessing-migration-20261006/full-harness-v2-01.log:3956: trailing whitespace.
+  
runs/online-guessing-migration-20261006/full-harness-v2-01.log:3958: trailing whitespace.
+    
runs/online-guessing-migration-20261006/full-harness-v2-01.log:4127: trailing whitespace.
+  
runs/online-guessing-migration-20261006/full-harness-v2-01.log:4129: trailing whitespace.
+    
runs/online-guessing-migration-20261006/full-harness-v2-01.log:4169: trailing whitespace.
+  
runs/online-guessing-migration-20261006/full-harness-v2-01.log:4171: trailing whitespace.
+    
runs/online-guessing-migration-20261006/full-harness-v2-01.log:4664: trailing whitespace.
+  
runs/online-guessing-migration-20261006/full-harness-v2-01.log:4666: trailing whitespace.
+    
runs/online-guessing-migration-20261006/full-harness-v2-01.log:4715: trailing whitespace.
+  
runs/online-guessing-migration-20261006/full-harness-v2-01.log:4717: trailing whitespace.
+    
runs/online-guessing-migration-20261006/full-harness-v2-01.log:9118: trailing whitespace.
+  
runs/online-guessing-migration-20261006/full-harness-v2-01.log:9120: trailing whitespace.
+    
runs/online-guessing-migration-20261006/public-canaries-v1-01.log:719: trailing whitespace.
+  
runs/online-guessing-migration-20261006/public-canaries-v1-01.log:721: trailing whitespace.
+    
runs/online-guessing-migration-20261006/public-canaries-v1-01.log:726: trailing whitespace.
+  
runs/online-guessing-migration-20261006/public-canaries-v1-01.log:728: trailing whitespace.
+    
runs/online-guessing-migration-20261006/public-canaries-v1-01.log:889: trailing whitespace.
+  
runs/online-guessing-migration-20261006/public-canaries-v1-01.log:891: trailing whitespace.
+    
runs/online-guessing-migration-20261006/public-canaries-v1-01.log:1040: trailing whitespace.
+  
runs/online-guessing-migration-20261006/public-canaries-v1-01.log:1042: trailing whitespace.
+    
runs/online-guessing-migration-20261006/public-canaries-v1-01.log:1211: trailing whitespace.
+  
runs/online-guessing-migration-20261006/public-canaries-v1-01.log:1213: trailing whitespace.
+    
runs/online-guessing-migration-20261006/public-canaries-v1-01.log:1253: trailing whitespace.
+  
runs/online-guessing-migration-20261006/public-canaries-v1-01.log:1255: trailing whitespace.
+    
runs/online-guessing-migration-20261006/public-canaries-v1-01.log:1748: trailing whitespace.
+  
runs/online-guessing-migration-20261006/public-canaries-v1-01.log:1750: trailing whitespace.
+    
runs/online-guessing-migration-20261006/public-canaries-v1-01.log:1799: trailing whitespace.
+  
runs/online-guessing-migration-20261006/public-canaries-v1-01.log:1801: trailing whitespace.
+    
runs/online-guessing-migration-20261006/root-v1-01.log:719: trailing whitespace.
+  
runs/online-guessing-migration-20261006/root-v1-01.log:721: trailing whitespace.
+    
runs/online-guessing-migration-20261006/root-v1-01.log:726: trailing whitespace.
+  
runs/online-guessing-migration-20261006/root-v1-01.log:728: trailing whitespace.
+    
runs/online-guessing-migration-20261006/root-v1-01.log:889: trailing whitespace.
+  
runs/online-guessing-migration-20261006/root-v1-01.log:891: trailing whitespace.
+    
runs/online-guessing-migration-20261006/root-v1-01.log:1040: trailing whitespace.
+  
runs/online-guessing-migration-20261006/root-v1-01.log:1042: trailing whitespace.
+    
runs/online-guessing-migration-20261006/root-v1-01.log:1211: trailing whitespace.
+  
runs/online-guessing-migration-20261006/root-v1-01.log:1213: trailing whitespace.
+    
runs/online-guessing-migration-20261006/root-v1-01.log:1253: trailing whitespace.
+  
runs/online-guessing-migration-20261006/root-v1-01.log:1255: trailing whitespace.
+    
runs/online-guessing-migration-20261006/root-v1-01.log:1748: trailing whitespace.
+  
runs/online-guessing-migration-20261006/root-v1-01.log:1750: trailing whitespace.
+    
runs/online-guessing-migration-20261006/root-v1-01.log:1799: trailing whitespace.
+  
runs/online-guessing-migration-20261006/root-v1-01.log:1801: trailing whitespace.
+    
