lean: BanditRL.OnlineGradientDescent.guessing_zero_trajectory [theorem] BanditRLProof/OnlineGuessingLower.lean:7
  theorem guessing_zero_trajectory (n : ℕ) (hn : 0 < n) (t : ℕ) : iterate unitInterval (1/(4*(n:ℝ))) (fun _ x => (x-0)^2) 1 t = (1 - 1/(2*(n:ℝ)))^t
lean: BanditRL.OnlineGradientDescent.guessing_tuned_eta_square [theorem] BanditRLProof/OnlineGuessingLower.lean:31
  theorem guessing_tuned_eta_square (n : ℕ) : 1/(2*Real.sqrt (((2*n)^2 : ℕ) : ℝ)) = 1/(4*(n:ℝ))
lean: BanditRL.OnlineGradientDescent.guessing_squared_horizon_lower [theorem] BanditRLProof/OnlineGuessingLower.lean:37
  theorem guessing_squared_horizon_lower (n : ℕ) (hn : 0 < n) : (n:ℝ)/4 ≤ regret unitInterval (1/(2*Real.sqrt (((2*n)^2 : ℕ) : ℝ))) (fun _ x => (x-0)^2) 1 0 ((2*n)^2)
lean: BanditRL.OnlineGradientDescent.unitInterval [def] BanditRLProof/OnlineGuessingOGD.lean:8
  def unitInterval : Domain ℝ where
lean: BanditRL.OnlineGradientDescent.project_unitInterval [theorem] BanditRLProof/OnlineGuessingOGD.lean:14
  theorem project_unitInterval (z : ℝ) : project unitInterval z = min (max z 0) 1
lean: BanditRL.OnlineGradientDescent.square_regular [theorem] BanditRLProof/OnlineGuessingOGD.lean:38
  theorem square_regular (y : ℝ) : RegularLoss unitInterval (fun x : ℝ => (x-y)^2)
lean: BanditRL.OnlineGradientDescent.gradient_square [theorem] BanditRLProof/OnlineGuessingOGD.lean:45
  theorem gradient_square (y x : ℝ) : gradient (fun x : ℝ => (x-y)^2) x = 2 * (x-y)
lean: BanditRL.OnlineGradientDescent.gradient_square_bound [theorem] BanditRLProof/OnlineGuessingOGD.lean:49
  theorem gradient_square_bound (y x : ℝ) (hy : y ∈ Icc (0 : ℝ) 1) (hx : x ∈ Icc (0 : ℝ) 1) : ‖gradient (fun x : ℝ => (x-y)^2) x‖ ≤ 2
lean: BanditRL.OnlineGradientDescent.square_step_clamp [theorem] BanditRLProof/OnlineGuessingOGD.lean:54
  theorem square_step_clamp (η y x : ℝ) : step unitInterval η (fun x : ℝ => (x-y)^2) x = min (max (x - 2 * η * (x-y)) 0) 1
lean: BanditRL.OnlineGradientDescent.example_2_14 [theorem] BanditRLProof/OnlineGuessingOGD.lean:62
  theorem example_2_14 (y : ℕ → ℝ) (x0 : ℝ) (hx0 : x0 ∈ Icc (0 : ℝ) 1) (T : ℕ) (hT : 0 < T) (hy : ∀ t < T, y t ∈ Icc (0 : ℝ) 1) : ∀ u ∈ Icc (0 : ℝ) 1, regret unitInterval (1 / (2 * Real.sqrt T)) (fun t x => (x-y t)^2) x0 u T ≤ 2 * Real.sqrt T
lean: BanditRL.OnlineGuessingSubgradient.loss [def] BanditRLProof/OnlineGuessingSubgradient.lean:25
  def loss (y x : ℝ) : EReal
lean: BanditRL.OnlineGuessingSubgradient.loss_subdifferential_translate [theorem] BanditRLProof/OnlineGuessingSubgradient.lean:27
  theorem loss_subdifferential_translate (y x : ℝ) : SourceSubdifferential (loss y) x = SourceSubdifferential (fun z : ℝ => ((|z| : ℝ) : EReal)) (x - y)
lean: BanditRL.OnlineGuessingSubgradient.loss_subgradient_positive [theorem] BanditRLProof/OnlineGuessingSubgradient.lean:40
  theorem loss_subgradient_positive (y x : ℝ) (hxy : y < x) : SourceSubdifferential (loss y) x = {(1 : ℝ)}
lean: BanditRL.OnlineGuessingSubgradient.loss_subgradient_zero [theorem] BanditRLProof/OnlineGuessingSubgradient.lean:45
  theorem loss_subgradient_zero (y : ℝ) : SourceSubdifferential (loss y) y = Icc (-1 : ℝ) 1
lean: BanditRL.OnlineGuessingSubgradient.loss_subgradient_negative [theorem] BanditRLProof/OnlineGuessingSubgradient.lean:50
  theorem loss_subgradient_negative (y x : ℝ) (hxy : x < y) : SourceSubdifferential (loss y) x = {(-1 : ℝ)}
lean: BanditRL.OnlineGuessingSubgradient.example_2_32_subdifferential [theorem] BanditRLProof/OnlineGuessingSubgradient.lean:55
  theorem example_2_32_subdifferential (y x : ℝ) : SourceSubdifferential (loss y) x = if y < x then {(1 : ℝ)} else if x = y then Icc (-1 : ℝ) 1 else {(-1 : ℝ)}
lean: BanditRL.OnlineGuessingSubgradient.loss_on_unitInterval [theorem] BanditRLProof/OnlineGuessingSubgradient.lean:64
  theorem loss_on_unitInterval (y : ℝ) : SubdifferentiableOn BanditRL.OnlineGradientDescent.unitInterval (loss y)
lean: BanditRL.OnlineGuessingSubgradient.loss_subgradient_bound [theorem] BanditRLProof/OnlineGuessingSubgradient.lean:78
  theorem loss_subgradient_bound (y x g : ℝ) (hg : g ∈ SourceSubdifferential (loss y) x) : ‖g‖ ≤ 1
lean: BanditRL.OnlineGuessingSubgradient.current_subgradient_bound [theorem] BanditRLProof/OnlineGuessingSubgradient.lean:93
  theorem current_subgradient_bound (y x : ℝ) (hx : x ∈ Icc (0 : ℝ) 1) : ‖currentSubgradient (loss y) x‖ ≤ 1
lean: BanditRL.OnlineGuessingSubgradient.loss_step_clamp [theorem] BanditRLProof/OnlineGuessingSubgradient.lean:100
  theorem loss_step_clamp (η y x : ℝ) : step BanditRL.OnlineGradientDescent.unitInterval η (loss y) x = min (max (x - η * currentSubgradient (loss y) x) 0) 1
lean: BanditRL.OnlineGuessingSubgradient.guessing_prefix [theorem] BanditRLProof/OnlineGuessingSubgradient.lean:105
  theorem guessing_prefix (η η' : ℕ → ℝ) (y y' : ℕ → ℝ) (x₁ : ℝ) (t : ℕ) (hη : ∀ s < t, η s = η' s) (hy : ∀ s < t, y s = y' s) : iterate BanditRL.OnlineGradientDescent.unitInterval η (fun s => loss (y s)) x₁ t = iterate BanditRL.OnlineGradientDescent.unitInterval η' (fun s => loss (y' s)) x₁ t
lean: BanditRL.OnlineGuessingSubgradient.example_2_32 [theorem] BanditRLProof/OnlineGuessingSubgradient.lean:113
  theorem example_2_32 (y : ℕ → ℝ) (x₁ : ℝ) (hx₁ : x₁ ∈ Icc (0 : ℝ) 1) (T : ℕ) (hT : 0 < T) (hy : ∀ t < T, y t ∈ Icc (0 : ℝ) 1) : ∀ u ∈ Icc (0 : ℝ) 1, (∑ t ∈ range T, (|iterate BanditRL.OnlineGradientDescent.unitInterval (fun _ => 1 / Real.sqrt T) (fun s => loss (y s)) x₁ t - y t| - |u - y t|)) ≤ Real.sqrt T
lean: BanditRL.OnlineGuessingSubgradient.example_2_32_average_eventually [theorem] BanditRLProof/OnlineGuessingSubgradient.lean:133
  theorem example_2_32_average_eventually (y : ℕ → ℝ) (x₁ : ℝ) (hx₁ : x₁ ∈ Icc (0 : ℝ) 1) (hy : ∀ t, y t ∈ Icc (0 : ℝ) 1) (u : ℝ) (hu : u ∈ Icc (0 : ℝ) 1) (ε : ℝ) (hε : 0 < ε) : ∀ᶠ T : ℕ in atTop, (∑ t ∈ range T, (|iterate BanditRL.OnlineGradientDescent.unitInterval (fun _ => 1 / Real.sqrt T) (fun s => loss (y s)) x₁ t - y t| - |u - y t|)) / T < ε
