public-fence-v1-project_unitInterval exit 0 seconds 0.219
safe-public-v1-project_unitInterval exit 0 seconds 0.203
public-fence-v1-square_regular exit 0 seconds 0.219
safe-public-v1-square_regular exit 0 seconds 0.203
public-fence-v1-gradient_square exit 0 seconds 0.219
safe-public-v1-gradient_square exit 0 seconds 0.219
public-fence-v1-gradient_square_bound exit 0 seconds 0.203
safe-public-v1-gradient_square_bound exit 0 seconds 0.218
public-fence-v1-square_step_clamp exit 0 seconds 0.219
safe-public-v1-square_step_clamp exit 0 seconds 0.203
public-fence-v1-example_2_14 exit 0 seconds 0.219
safe-public-v1-example_2_14 exit 0 seconds 0.204
public-fence-v1-guessing_zero_trajectory exit 0 seconds 0.203
safe-public-v1-guessing_zero_trajectory exit 0 seconds 0.203
public-fence-v1-guessing_tuned_eta_square exit 0 seconds 0.219
safe-public-v1-guessing_tuned_eta_square exit 0 seconds 0.219
public-fence-v1-guessing_squared_horizon_lower exit 0 seconds 0.219
safe-public-v1-guessing_squared_horizon_lower exit 0 seconds 0.219
public-fence-v1-meanPredict_zero_cumulativeLoss exit 0 seconds 0.219
safe-public-v1-meanPredict_zero_cumulativeLoss exit 0 seconds 0.219
public-fence-v1-guessing_vs_mean_lower exit 0 seconds 0.234
safe-public-v1-guessing_vs_mean_lower exit 0 seconds 0.203
public-fence-v1-guessing_vs_mean_unbounded exit 0 seconds 0.204
safe-public-v1-guessing_vs_mean_unbounded exit 0 seconds 0.219
Twelve native guards passed; separately no compilation claim.
