{
  "schema_version": 1,
  "entry_id": "entry-e9e72982035d6c79",
  "session_id": "ONLINE-IID-BENCHMARK-20261008",
  "sequence": 5,
  "parent_id": "entry-c40c78d08de34e5c",
  "event_type": "accepted",
  "created_at": "2026-10-08T06:40:36+00:00",
  "payload": {
    "run_id": "online-iid-benchmark-20261008",
    "contract_version": 2,
    "accepted_decision": "E:/ABRL/worktrees/research-online-book/runs/online-iid-benchmark-20261008/accepted-decision-v4.json",
    "scope_only": "bounded-expected-fixed-deterministic-IID",
    "source_package_accepted": true,
    "chapter_complete": false,
    "goal_complete": false,
    "merged": false,
    "live": false,
    "new_public_proofs": 8,
    "new_public_definitions": 2,
    "bounded_subobligation_closures": 1,
    "whole_source_items_closed": 0,
    "new_registry_nodes": 10
  }
}
