{
  "id": "mem-67b777f03eff54bc",
  "created_at": "2026-10-08T06:40:37+00:00",
  "type": "verified_lemma",
  "task": "ONLINE-IID-BENCHMARK-20261008",
  "provenance": {
    "kind": "source-reviewed-compiled-expected-fixed-deterministic-IID",
    "reference": "E:\\ABRL\\worktrees\\research-online-book\\runs\\online-iid-benchmark-20261008\\accepted-decision-v4.json"
  },
  "assumptions": [],
  "declaration": "BanditRL.OnlineLearning.history_policy_expectedFixed_excess",
  "file": "BanditRLProof\\OnlineGuessingIIDBenchmark.lean",
  "status": "accepted",
  "verifier_evidence": [
    "E:\\ABRL\\worktrees\\research-online-book\\runs\\online-iid-benchmark-20261008\\final-reader-receipt-v4.json"
  ],
  "supersession": {
    "supersedes": [],
    "reason": ""
  },
  "roles": [
    "reviewer"
  ],
  "details": {
    "scope": "Expected FIXED-loss minimum and deterministic finite-history causal IID core only: probability/measurable/a.s.unit targets, same-law expected square decomposition, actual feasible population mean and IsLeast before real csInf, joint-IID actual strict-history policy and first1/2 meanPredict excess identity/nonnegativity, known-law mean oracle zero excess, positiveT finite normalization. Eight derived producer/representation/adapters and two definitions, not eight source theorems or new rate mathematics. V2 policy feasibility only on legal histories; T0 empty extension without uniqueness.",
    "remaining_required": "Randomized/external-seed/general-filtration cannot-beat source coverage and asymptotic-success equivalence REQUIRED; original16C1source items/proof-totalnull/fullC1open and five old main-relative Foundations/History/IID/Information/Stochastic audits unwaived. Chapter2incomplete, Chapters3–16unenumerated/necessaryappendices required, totalGoalACTIVE. No min/expectation exchange, unknown-law oracle implementation or high-probability claim. OPENdraft/unmerged PR193 exactbf9f896cdfebb2b836dacb01f3d4b209466c2100 stack; no main/live/merge/deploy/retirement.",
    "source_package_accepted": true,
    "chapter_complete": false,
    "goal_complete": false,
    "merged": false,
    "live": false,
    "new_public_proofs": 8,
    "new_public_definitions": 2,
    "bounded_subobligation_closures": 1,
    "whole_source_items_closed": 0,
    "new_registry_nodes": 10
  }
}
