{
  "id": "mem-14f35ccff68626f0",
  "created_at": "2026-10-08T06:40:37+00:00",
  "type": "source_fact",
  "task": "ONLINE-IID-BENCHMARK-20261008",
  "provenance": {
    "kind": "local_first_retrieval",
    "reference": "E:\\ABRL\\worktrees\\research-online-book\\runs\\online-iid-benchmark-20261008\\causal-canary-focused-build-v6-exit.json"
  },
  "assumptions": [],
  "declaration": "",
  "file": "",
  "status": "verified",
  "verifier_evidence": [
    "Tests\\OnlineGuessingIIDBenchmarkCanary.lean"
  ],
  "supersession": {
    "supersedes": [],
    "reason": ""
  },
  "roles": [],
  "details": {
    "query": "Produce expected fixed interval minimum and actual a.s.-supported strict-past IID excess",
    "search_order": [
      "local declarations",
      "ABRL theorem cards",
      "Mathlib cards"
    ],
    "candidates": [
      "BanditRL.OnlineLearning.expectedFixedMinimum_eq_variance",
      "BanditRL.OnlineLearning.history_policy_expectedFixed_excess"
    ],
    "rejections": [],
    "compiled_scratch": "Tests\\OnlineGuessingIIDBenchmarkCanary.lean"
  }
}
