docs\contracts\online-iid-benchmark-v1\neutral-context-v1.lean:20:5: warning: unused variable `hY`

Note: This linter can be disabled with `set_option linter.unusedVariables false`
docs\contracts\online-iid-benchmark-v1\neutral-context-v1.lean:21:5: warning: unused variable `hlaw`

Note: This linter can be disabled with `set_option linter.unusedVariables false`
docs\contracts\online-iid-benchmark-v1\neutral-context-v1.lean:22:5: warning: unused variable `hb`

Note: This linter can be disabled with `set_option linter.unusedVariables false`
docs\contracts\online-iid-benchmark-v1\neutral-context-v1.lean:29:5: warning: unused variable `hY`

Note: This linter can be disabled with `set_option linter.unusedVariables false`
docs\contracts\online-iid-benchmark-v1\neutral-context-v1.lean:30:5: warning: unused variable `hlaw`

Note: This linter can be disabled with `set_option linter.unusedVariables false`
docs\contracts\online-iid-benchmark-v1\neutral-context-v1.lean:31:5: warning: unused variable `hb`

Note: This linter can be disabled with `set_option linter.unusedVariables false`
docs\contracts\online-iid-benchmark-v1\neutral-context-v1.lean:38:5: warning: unused variable `hY`

Note: This linter can be disabled with `set_option linter.unusedVariables false`
docs\contracts\online-iid-benchmark-v1\neutral-context-v1.lean:39:5: warning: unused variable `hlaw`

Note: This linter can be disabled with `set_option linter.unusedVariables false`
docs\contracts\online-iid-benchmark-v1\neutral-context-v1.lean:40:5: warning: unused variable `hb`

Note: This linter can be disabled with `set_option linter.unusedVariables false`
docs\contracts\online-iid-benchmark-v1\neutral-context-v1.lean:45:5: warning: unused variable `hY`

Note: This linter can be disabled with `set_option linter.unusedVariables false`
docs\contracts\online-iid-benchmark-v1\neutral-context-v1.lean:46:5: warning: unused variable `hlaw`

Note: This linter can be disabled with `set_option linter.unusedVariables false`
docs\contracts\online-iid-benchmark-v1\neutral-context-v1.lean:47:5: warning: unused variable `hb`

Note: This linter can be disabled with `set_option linter.unusedVariables false`
docs\contracts\online-iid-benchmark-v1\neutral-context-v1.lean:49:5: warning: unused variable `hP`

Note: This linter can be disabled with `set_option linter.unusedVariables false`
docs\contracts\online-iid-benchmark-v1\neutral-context-v1.lean:50:5: warning: unused variable `hInd`

Note: This linter can be disabled with `set_option linter.unusedVariables false`
docs\contracts\online-iid-benchmark-v1\neutral-context-v1.lean:58:5: warning: unused variable `hY`

Note: This linter can be disabled with `set_option linter.unusedVariables false`
docs\contracts\online-iid-benchmark-v1\neutral-context-v1.lean:59:5: warning: unused variable `hlaw`

Note: This linter can be disabled with `set_option linter.unusedVariables false`
docs\contracts\online-iid-benchmark-v1\neutral-context-v1.lean:60:5: warning: unused variable `hb`

Note: This linter can be disabled with `set_option linter.unusedVariables false`
docs\contracts\online-iid-benchmark-v1\neutral-context-v1.lean:61:5: warning: unused variable `hind`

Note: This linter can be disabled with `set_option linter.unusedVariables false`
docs\contracts\online-iid-benchmark-v1\neutral-context-v1.lean:63:5: warning: unused variable `hp`

Note: This linter can be disabled with `set_option linter.unusedVariables false`
docs\contracts\online-iid-benchmark-v1\neutral-context-v1.lean:64:5: warning: unused variable `hpb`

Note: This linter can be disabled with `set_option linter.unusedVariables false`
docs\contracts\online-iid-benchmark-v1\neutral-context-v1.lean:72:5: warning: unused variable `hY`

Note: This linter can be disabled with `set_option linter.unusedVariables false`
docs\contracts\online-iid-benchmark-v1\neutral-context-v1.lean:73:5: warning: unused variable `hlaw`

Note: This linter can be disabled with `set_option linter.unusedVariables false`
docs\contracts\online-iid-benchmark-v1\neutral-context-v1.lean:74:5: warning: unused variable `hb`

Note: This linter can be disabled with `set_option linter.unusedVariables false`
docs\contracts\online-iid-benchmark-v1\neutral-context-v1.lean:75:5: warning: unused variable `hind`

Note: This linter can be disabled with `set_option linter.unusedVariables false`
docs\contracts\online-iid-benchmark-v1\neutral-context-v1.lean:83:5: warning: unused variable `hY`

Note: This linter can be disabled with `set_option linter.unusedVariables false`
docs\contracts\online-iid-benchmark-v1\neutral-context-v1.lean:84:5: warning: unused variable `hlaw`

Note: This linter can be disabled with `set_option linter.unusedVariables false`
docs\contracts\online-iid-benchmark-v1\neutral-context-v1.lean:85:5: warning: unused variable `hb`

Note: This linter can be disabled with `set_option linter.unusedVariables false`
docs\contracts\online-iid-benchmark-v1\neutral-context-v1.lean:91:5: warning: unused variable `hY`

Note: This linter can be disabled with `set_option linter.unusedVariables false`
docs\contracts\online-iid-benchmark-v1\neutral-context-v1.lean:92:5: warning: unused variable `hlaw`

Note: This linter can be disabled with `set_option linter.unusedVariables false`
docs\contracts\online-iid-benchmark-v1\neutral-context-v1.lean:93:5: warning: unused variable `hb`

Note: This linter can be disabled with `set_option linter.unusedVariables false`
docs\contracts\online-iid-benchmark-v1\neutral-context-v1.lean:94:5: warning: unused variable `hind`

Note: This linter can be disabled with `set_option linter.unusedVariables false`
docs\contracts\online-iid-benchmark-v1\neutral-context-v1.lean:96:5: warning: unused variable `hp`

Note: This linter can be disabled with `set_option linter.unusedVariables false`
docs\contracts\online-iid-benchmark-v1\neutral-context-v1.lean:97:5: warning: unused variable `hpb`

Note: This linter can be disabled with `set_option linter.unusedVariables false`
docs\contracts\online-iid-benchmark-v1\neutral-context-v1.lean:98:13: warning: unused variable `hT`

Note: This linter can be disabled with `set_option linter.unusedVariables false`
