E:\ABRL\worktrees\research-online-book\runs\online-iid-benchmark-20261008\draft-neutral-identities-universe-v2.lean:25:5: warning: unused variable `hY`

Note: This linter can be disabled with `set_option linter.unusedVariables false`
E:\ABRL\worktrees\research-online-book\runs\online-iid-benchmark-20261008\draft-neutral-identities-universe-v2.lean:26:5: warning: unused variable `hlaw`

Note: This linter can be disabled with `set_option linter.unusedVariables false`
E:\ABRL\worktrees\research-online-book\runs\online-iid-benchmark-20261008\draft-neutral-identities-universe-v2.lean:27:5: warning: unused variable `hb`

Note: This linter can be disabled with `set_option linter.unusedVariables false`
E:\ABRL\worktrees\research-online-book\runs\online-iid-benchmark-20261008\draft-neutral-identities-universe-v2.lean:34:5: warning: unused variable `hY`

Note: This linter can be disabled with `set_option linter.unusedVariables false`
E:\ABRL\worktrees\research-online-book\runs\online-iid-benchmark-20261008\draft-neutral-identities-universe-v2.lean:35:5: warning: unused variable `hlaw`

Note: This linter can be disabled with `set_option linter.unusedVariables false`
E:\ABRL\worktrees\research-online-book\runs\online-iid-benchmark-20261008\draft-neutral-identities-universe-v2.lean:36:5: warning: unused variable `hb`

Note: This linter can be disabled with `set_option linter.unusedVariables false`
E:\ABRL\worktrees\research-online-book\runs\online-iid-benchmark-20261008\draft-neutral-identities-universe-v2.lean:43:5: warning: unused variable `hY`

Note: This linter can be disabled with `set_option linter.unusedVariables false`
E:\ABRL\worktrees\research-online-book\runs\online-iid-benchmark-20261008\draft-neutral-identities-universe-v2.lean:44:5: warning: unused variable `hlaw`

Note: This linter can be disabled with `set_option linter.unusedVariables false`
E:\ABRL\worktrees\research-online-book\runs\online-iid-benchmark-20261008\draft-neutral-identities-universe-v2.lean:45:5: warning: unused variable `hb`

Note: This linter can be disabled with `set_option linter.unusedVariables false`
E:\ABRL\worktrees\research-online-book\runs\online-iid-benchmark-20261008\draft-neutral-identities-universe-v2.lean:50:5: warning: unused variable `hY`

Note: This linter can be disabled with `set_option linter.unusedVariables false`
E:\ABRL\worktrees\research-online-book\runs\online-iid-benchmark-20261008\draft-neutral-identities-universe-v2.lean:51:5: warning: unused variable `hlaw`

Note: This linter can be disabled with `set_option linter.unusedVariables false`
E:\ABRL\worktrees\research-online-book\runs\online-iid-benchmark-20261008\draft-neutral-identities-universe-v2.lean:52:5: warning: unused variable `hb`

Note: This linter can be disabled with `set_option linter.unusedVariables false`
E:\ABRL\worktrees\research-online-book\runs\online-iid-benchmark-20261008\draft-neutral-identities-universe-v2.lean:54:5: warning: unused variable `hP`

Note: This linter can be disabled with `set_option linter.unusedVariables false`
E:\ABRL\worktrees\research-online-book\runs\online-iid-benchmark-20261008\draft-neutral-identities-universe-v2.lean:55:5: warning: unused variable `hInd`

Note: This linter can be disabled with `set_option linter.unusedVariables false`
E:\ABRL\worktrees\research-online-book\runs\online-iid-benchmark-20261008\draft-neutral-identities-universe-v2.lean:63:5: warning: unused variable `hY`

Note: This linter can be disabled with `set_option linter.unusedVariables false`
E:\ABRL\worktrees\research-online-book\runs\online-iid-benchmark-20261008\draft-neutral-identities-universe-v2.lean:64:5: warning: unused variable `hlaw`

Note: This linter can be disabled with `set_option linter.unusedVariables false`
E:\ABRL\worktrees\research-online-book\runs\online-iid-benchmark-20261008\draft-neutral-identities-universe-v2.lean:65:5: warning: unused variable `hb`

Note: This linter can be disabled with `set_option linter.unusedVariables false`
E:\ABRL\worktrees\research-online-book\runs\online-iid-benchmark-20261008\draft-neutral-identities-universe-v2.lean:66:5: warning: unused variable `hind`

Note: This linter can be disabled with `set_option linter.unusedVariables false`
E:\ABRL\worktrees\research-online-book\runs\online-iid-benchmark-20261008\draft-neutral-identities-universe-v2.lean:68:5: warning: unused variable `hp`

Note: This linter can be disabled with `set_option linter.unusedVariables false`
E:\ABRL\worktrees\research-online-book\runs\online-iid-benchmark-20261008\draft-neutral-identities-universe-v2.lean:69:5: warning: unused variable `hpb`

Note: This linter can be disabled with `set_option linter.unusedVariables false`
E:\ABRL\worktrees\research-online-book\runs\online-iid-benchmark-20261008\draft-neutral-identities-universe-v2.lean:77:5: warning: unused variable `hY`

Note: This linter can be disabled with `set_option linter.unusedVariables false`
E:\ABRL\worktrees\research-online-book\runs\online-iid-benchmark-20261008\draft-neutral-identities-universe-v2.lean:78:5: warning: unused variable `hlaw`

Note: This linter can be disabled with `set_option linter.unusedVariables false`
E:\ABRL\worktrees\research-online-book\runs\online-iid-benchmark-20261008\draft-neutral-identities-universe-v2.lean:79:5: warning: unused variable `hb`

Note: This linter can be disabled with `set_option linter.unusedVariables false`
E:\ABRL\worktrees\research-online-book\runs\online-iid-benchmark-20261008\draft-neutral-identities-universe-v2.lean:80:5: warning: unused variable `hind`

Note: This linter can be disabled with `set_option linter.unusedVariables false`
E:\ABRL\worktrees\research-online-book\runs\online-iid-benchmark-20261008\draft-neutral-identities-universe-v2.lean:88:5: warning: unused variable `hY`

Note: This linter can be disabled with `set_option linter.unusedVariables false`
E:\ABRL\worktrees\research-online-book\runs\online-iid-benchmark-20261008\draft-neutral-identities-universe-v2.lean:89:5: warning: unused variable `hlaw`

Note: This linter can be disabled with `set_option linter.unusedVariables false`
E:\ABRL\worktrees\research-online-book\runs\online-iid-benchmark-20261008\draft-neutral-identities-universe-v2.lean:90:5: warning: unused variable `hb`

Note: This linter can be disabled with `set_option linter.unusedVariables false`
E:\ABRL\worktrees\research-online-book\runs\online-iid-benchmark-20261008\draft-neutral-identities-universe-v2.lean:96:5: warning: unused variable `hY`

Note: This linter can be disabled with `set_option linter.unusedVariables false`
E:\ABRL\worktrees\research-online-book\runs\online-iid-benchmark-20261008\draft-neutral-identities-universe-v2.lean:97:5: warning: unused variable `hlaw`

Note: This linter can be disabled with `set_option linter.unusedVariables false`
E:\ABRL\worktrees\research-online-book\runs\online-iid-benchmark-20261008\draft-neutral-identities-universe-v2.lean:98:5: warning: unused variable `hb`

Note: This linter can be disabled with `set_option linter.unusedVariables false`
E:\ABRL\worktrees\research-online-book\runs\online-iid-benchmark-20261008\draft-neutral-identities-universe-v2.lean:99:5: warning: unused variable `hind`

Note: This linter can be disabled with `set_option linter.unusedVariables false`
E:\ABRL\worktrees\research-online-book\runs\online-iid-benchmark-20261008\draft-neutral-identities-universe-v2.lean:101:5: warning: unused variable `hp`

Note: This linter can be disabled with `set_option linter.unusedVariables false`
E:\ABRL\worktrees\research-online-book\runs\online-iid-benchmark-20261008\draft-neutral-identities-universe-v2.lean:102:5: warning: unused variable `hpb`

Note: This linter can be disabled with `set_option linter.unusedVariables false`
E:\ABRL\worktrees\research-online-book\runs\online-iid-benchmark-20261008\draft-neutral-identities-universe-v2.lean:103:13: warning: unused variable `hT`

Note: This linter can be disabled with `set_option linter.unusedVariables false`
BanditRL.OnlineLearning.expected_square_decomposition.{u_1} {Ω : Type u_1} [MeasurableSpace Ω] (μ : Measure Ω)
  [IsProbabilityMeasure μ] (Y : Ω → ℝ) (hY : MemLp Y 2 μ) (u : ℝ) :
  ∫ (ω : Ω), (u - Y ω) ^ 2 ∂μ = Var[Y; μ] + (u - ∫ (ω : Ω), Y ω ∂μ) ^ 2
BanditRL.OnlineLearning.independent_prediction_square.{u_1} {Ω : Type u_1} [MeasurableSpace Ω] (μ : Measure Ω)
  [IsProbabilityMeasure μ] (P Y : Ω → ℝ) (hP : MemLp P 2 μ) (hY : MemLp Y 2 μ) (h : P ⟂ᵢ[μ] Y) :
  ∫ (ω : Ω), (P ω - Y ω) ^ 2 ∂μ = ∫ (ω : Ω), (P ω - ∫ (ω : Ω), Y ω ∂μ) ^ 2 ∂μ + Var[Y; μ]
BanditRL.OnlineLearning.history_policy_independent.{u_1} {Ω : Type u_1} [MeasurableSpace Ω] (μ : Measure Ω)
  [IsProbabilityMeasure μ] (Y : ℕ → Ω → ℝ) (hY : ∀ (t : ℕ), Measurable (Y t)) (hind : iIndepFun Y μ) (t : ℕ)
  (policy : (↥(Finset.range t) → ℝ) → ℝ) (hp : Measurable policy) : (fun ω => policy fun i => Y (↑i) ω) ⟂ᵢ[μ] Y t
BanditRL.OnlineLearning.meanPredict_independent.{u_1} {Ω : Type u_1} [MeasurableSpace Ω] (μ : Measure Ω)
  [IsProbabilityMeasure μ] (Y : ℕ → Ω → ℝ) (hY : ∀ (t : ℕ), Measurable (Y t)) (hind : iIndepFun Y μ) (t : ℕ) :
  (fun ω => meanPredict (fun i => Y i ω) t) ⟂ᵢ[μ] Y t
BanditRL.OnlineLearning.meanPredict_measurable.{u_1} {Ω : Type u_1} [MeasurableSpace Ω] (Y : ℕ → Ω → ℝ)
  (hY : ∀ (t : ℕ), Measurable (Y t)) (t : ℕ) : Measurable fun ω => meanPredict (fun i => Y i ω) t
BanditRL.OnlineLearning.meanPredict_mem (y : ℕ → ℝ) (t : ℕ) (hy : ∀ i < t, y i ∈ Set.Icc 0 1) :
  meanPredict y t ∈ Set.Icc 0 1
BanditRL.OnlineLearning.source_mean_optimal.{u_1} {Ω : Type u_1} [MeasurableSpace Ω] (μ : Measure Ω)
  [IsProbabilityMeasure μ] (Y : Ω → ℝ) (hY : Measurable Y) (hb : ∀ (ω : Ω), Y ω ∈ Set.Icc 0 1) :
  ∫ (ω : Ω), Y ω ∂μ ∈ Set.Icc 0 1 ∧
    ∫ (ω : Ω), (∫ (ω : Ω), Y ω ∂μ - Y ω) ^ 2 ∂μ = Var[Y; μ] ∧ ∀ (u : ℝ), Var[Y; μ] ≤ ∫ (ω : Ω), (u - Y ω) ^ 2 ∂μ
BanditRL.OnlineLearning.iid_meanPredict_excess.{u_1} {Ω : Type u_1} [MeasurableSpace Ω] (μ : Measure Ω)
  [IsProbabilityMeasure μ] (Y : ℕ → Ω → ℝ) (hY : ∀ (t : ℕ), Measurable (Y t)) (hind : iIndepFun Y μ)
  (hlaw : ∀ (t : ℕ), IdentDistrib (Y t) (Y 0) μ μ) (hb : ∀ (t : ℕ) (ω : Ω), Y t ω ∈ Set.Icc 0 1) (T : ℕ) :
  ∫ (ω : Ω), ∑ t ∈ Finset.range T, (meanPredict (fun i => Y i ω) t - Y t ω) ^ 2 ∂μ - ↑T * Var[Y 0; μ] =
    ∑ t ∈ Finset.range T, ∫ (ω : Ω), (meanPredict (fun i => Y i ω) t - ∫ (ω : Ω), Y 0 ω ∂μ) ^ 2 ∂μ
BanditRL.OnlineLearning.normalized_excess (total variance : ℝ) (T : ℕ) (hT : 0 < T) :
  total / ↑T - variance = (total - ↑T * variance) / ↑T
MeasureTheory.integral_finset_sum.{u_1, u_5, u_6} {α : Type u_1} {G : Type u_5} [NormedAddCommGroup G] [NormedSpace ℝ G]
  {m : MeasurableSpace α} {μ : Measure α} {ι : Type u_6} (s : Finset ι) {f : ι → α → G}
  (hf : ∀ i ∈ s, Integrable (f i) μ) : ∫ (a : α), ∑ i ∈ s, f i a ∂μ = ∑ i ∈ s, ∫ (a : α), f i a ∂μ
MeasureTheory.integral_mono_ae.{u_1, u_2} {α : Type u_1} {E : Type u_2} [NormedAddCommGroup E] [NormedSpace ℝ E]
  {m : MeasurableSpace α} {μ : Measure α} [PartialOrder E] [IsOrderedAddMonoid E] [IsOrderedModule ℝ E]
  [ClosedIciTopology E] {f g : α → E} (hf : Integrable f μ) (hg : Integrable g μ) (h : f ≤ᶠ[ae μ] g) :
  ∫ (x : α), f x ∂μ ≤ ∫ (x : α), g x ∂μ
MeasureTheory.integral_nonneg_of_ae.{u_1, u_2} {α : Type u_1} {E : Type u_2} [NormedAddCommGroup E] [NormedSpace ℝ E]
  {m : MeasurableSpace α} {μ : Measure α} [PartialOrder E] [IsOrderedAddMonoid E] [IsOrderedModule ℝ E]
  [ClosedIciTopology E] {f : α → E} (hf : 0 ≤ᶠ[ae μ] f) : 0 ≤ ∫ (x : α), f x ∂μ
MeasureTheory.ae_all_iff.{u_1, u_3, u_4} {α : Type u_1} {F : Type u_3} [FunLike F (Set α) ENNReal]
  [OuterMeasureClass F α] {μ : F} {ι : Sort u_4} [Countable ι] {p : α → ι → Prop} :
  (∀ᵐ (a : α) ∂μ, ∀ (i : ι), p a i) ↔ ∀ (i : ι), ∀ᵐ (a : α) ∂μ, p a i
IsLeast.csInf_eq.{u_1} {α : Type u_1} [ConditionallyCompletePartialOrderInf α] {s : Set α} {a : α} (H : IsLeast s a) :
  sInf s = a
MeasureTheory.MemLp.integrable_sq.{u_1} {α : Type u_1} {m : MeasurableSpace α} {μ : Measure α} {f : α → ℝ}
  (h : MemLp f 2 μ) : Integrable (fun x => f x ^ 2) μ
E:\ABRL\worktrees\research-online-book\runs\online-iid-benchmark-20261008\draft-neutral-identities-universe-v2.lean:143:5: warning: unused variable `hY`

Note: This linter can be disabled with `set_option linter.unusedVariables false`
E:\ABRL\worktrees\research-online-book\runs\online-iid-benchmark-20261008\draft-neutral-identities-universe-v2.lean:144:5: warning: unused variable `hlaw`

Note: This linter can be disabled with `set_option linter.unusedVariables false`
E:\ABRL\worktrees\research-online-book\runs\online-iid-benchmark-20261008\draft-neutral-identities-universe-v2.lean:145:5: warning: unused variable `hb`

Note: This linter can be disabled with `set_option linter.unusedVariables false`
E:\ABRL\worktrees\research-online-book\runs\online-iid-benchmark-20261008\draft-neutral-identities-universe-v2.lean:152:5: warning: unused variable `hY`

Note: This linter can be disabled with `set_option linter.unusedVariables false`
E:\ABRL\worktrees\research-online-book\runs\online-iid-benchmark-20261008\draft-neutral-identities-universe-v2.lean:153:5: warning: unused variable `hlaw`

Note: This linter can be disabled with `set_option linter.unusedVariables false`
E:\ABRL\worktrees\research-online-book\runs\online-iid-benchmark-20261008\draft-neutral-identities-universe-v2.lean:154:5: warning: unused variable `hb`

Note: This linter can be disabled with `set_option linter.unusedVariables false`
E:\ABRL\worktrees\research-online-book\runs\online-iid-benchmark-20261008\draft-neutral-identities-universe-v2.lean:161:5: warning: unused variable `hY`

Note: This linter can be disabled with `set_option linter.unusedVariables false`
E:\ABRL\worktrees\research-online-book\runs\online-iid-benchmark-20261008\draft-neutral-identities-universe-v2.lean:162:5: warning: unused variable `hlaw`

Note: This linter can be disabled with `set_option linter.unusedVariables false`
E:\ABRL\worktrees\research-online-book\runs\online-iid-benchmark-20261008\draft-neutral-identities-universe-v2.lean:163:5: warning: unused variable `hb`

Note: This linter can be disabled with `set_option linter.unusedVariables false`
E:\ABRL\worktrees\research-online-book\runs\online-iid-benchmark-20261008\draft-neutral-identities-universe-v2.lean:168:5: warning: unused variable `hY`

Note: This linter can be disabled with `set_option linter.unusedVariables false`
E:\ABRL\worktrees\research-online-book\runs\online-iid-benchmark-20261008\draft-neutral-identities-universe-v2.lean:169:5: warning: unused variable `hlaw`

Note: This linter can be disabled with `set_option linter.unusedVariables false`
E:\ABRL\worktrees\research-online-book\runs\online-iid-benchmark-20261008\draft-neutral-identities-universe-v2.lean:170:5: warning: unused variable `hb`

Note: This linter can be disabled with `set_option linter.unusedVariables false`
E:\ABRL\worktrees\research-online-book\runs\online-iid-benchmark-20261008\draft-neutral-identities-universe-v2.lean:172:5: warning: unused variable `hP`

Note: This linter can be disabled with `set_option linter.unusedVariables false`
E:\ABRL\worktrees\research-online-book\runs\online-iid-benchmark-20261008\draft-neutral-identities-universe-v2.lean:173:5: warning: unused variable `hInd`

Note: This linter can be disabled with `set_option linter.unusedVariables false`
E:\ABRL\worktrees\research-online-book\runs\online-iid-benchmark-20261008\draft-neutral-identities-universe-v2.lean:181:5: warning: unused variable `hY`

Note: This linter can be disabled with `set_option linter.unusedVariables false`
E:\ABRL\worktrees\research-online-book\runs\online-iid-benchmark-20261008\draft-neutral-identities-universe-v2.lean:182:5: warning: unused variable `hlaw`

Note: This linter can be disabled with `set_option linter.unusedVariables false`
E:\ABRL\worktrees\research-online-book\runs\online-iid-benchmark-20261008\draft-neutral-identities-universe-v2.lean:183:5: warning: unused variable `hb`

Note: This linter can be disabled with `set_option linter.unusedVariables false`
E:\ABRL\worktrees\research-online-book\runs\online-iid-benchmark-20261008\draft-neutral-identities-universe-v2.lean:184:5: warning: unused variable `hind`

Note: This linter can be disabled with `set_option linter.unusedVariables false`
E:\ABRL\worktrees\research-online-book\runs\online-iid-benchmark-20261008\draft-neutral-identities-universe-v2.lean:186:5: warning: unused variable `hp`

Note: This linter can be disabled with `set_option linter.unusedVariables false`
E:\ABRL\worktrees\research-online-book\runs\online-iid-benchmark-20261008\draft-neutral-identities-universe-v2.lean:187:5: warning: unused variable `hpb`

Note: This linter can be disabled with `set_option linter.unusedVariables false`
E:\ABRL\worktrees\research-online-book\runs\online-iid-benchmark-20261008\draft-neutral-identities-universe-v2.lean:195:5: warning: unused variable `hY`

Note: This linter can be disabled with `set_option linter.unusedVariables false`
E:\ABRL\worktrees\research-online-book\runs\online-iid-benchmark-20261008\draft-neutral-identities-universe-v2.lean:196:5: warning: unused variable `hlaw`

Note: This linter can be disabled with `set_option linter.unusedVariables false`
E:\ABRL\worktrees\research-online-book\runs\online-iid-benchmark-20261008\draft-neutral-identities-universe-v2.lean:197:5: warning: unused variable `hb`

Note: This linter can be disabled with `set_option linter.unusedVariables false`
E:\ABRL\worktrees\research-online-book\runs\online-iid-benchmark-20261008\draft-neutral-identities-universe-v2.lean:198:5: warning: unused variable `hind`

Note: This linter can be disabled with `set_option linter.unusedVariables false`
E:\ABRL\worktrees\research-online-book\runs\online-iid-benchmark-20261008\draft-neutral-identities-universe-v2.lean:206:5: warning: unused variable `hY`

Note: This linter can be disabled with `set_option linter.unusedVariables false`
E:\ABRL\worktrees\research-online-book\runs\online-iid-benchmark-20261008\draft-neutral-identities-universe-v2.lean:207:5: warning: unused variable `hlaw`

Note: This linter can be disabled with `set_option linter.unusedVariables false`
E:\ABRL\worktrees\research-online-book\runs\online-iid-benchmark-20261008\draft-neutral-identities-universe-v2.lean:208:5: warning: unused variable `hb`

Note: This linter can be disabled with `set_option linter.unusedVariables false`
E:\ABRL\worktrees\research-online-book\runs\online-iid-benchmark-20261008\draft-neutral-identities-universe-v2.lean:214:5: warning: unused variable `hY`

Note: This linter can be disabled with `set_option linter.unusedVariables false`
E:\ABRL\worktrees\research-online-book\runs\online-iid-benchmark-20261008\draft-neutral-identities-universe-v2.lean:215:5: warning: unused variable `hlaw`

Note: This linter can be disabled with `set_option linter.unusedVariables false`
E:\ABRL\worktrees\research-online-book\runs\online-iid-benchmark-20261008\draft-neutral-identities-universe-v2.lean:216:5: warning: unused variable `hb`

Note: This linter can be disabled with `set_option linter.unusedVariables false`
E:\ABRL\worktrees\research-online-book\runs\online-iid-benchmark-20261008\draft-neutral-identities-universe-v2.lean:217:5: warning: unused variable `hind`

Note: This linter can be disabled with `set_option linter.unusedVariables false`
E:\ABRL\worktrees\research-online-book\runs\online-iid-benchmark-20261008\draft-neutral-identities-universe-v2.lean:219:5: warning: unused variable `hp`

Note: This linter can be disabled with `set_option linter.unusedVariables false`
E:\ABRL\worktrees\research-online-book\runs\online-iid-benchmark-20261008\draft-neutral-identities-universe-v2.lean:220:5: warning: unused variable `hpb`

Note: This linter can be disabled with `set_option linter.unusedVariables false`
E:\ABRL\worktrees\research-online-book\runs\online-iid-benchmark-20261008\draft-neutral-identities-universe-v2.lean:221:13: warning: unused variable `hT`

Note: This linter can be disabled with `set_option linter.unusedVariables false`
