E:\ABRL\worktrees\research-online-book\runs\online-iid-benchmark-20261008\leaves\all-exact-types-v2.lean:11:9: error(lean.unknownIdentifier): Unknown identifier `Measure`
E:\ABRL\worktrees\research-online-book\runs\online-iid-benchmark-20261008\leaves\all-exact-types-v2.lean:11:21: error(lean.unknownIdentifier): Unknown identifier `IsProbabilityMeasure`
E:\ABRL\worktrees\research-online-book\runs\online-iid-benchmark-20261008\leaves\all-exact-types-v2.lean:20:9: error(lean.unknownIdentifier): Unknown identifier `Measure`
E:\ABRL\worktrees\research-online-book\runs\online-iid-benchmark-20261008\leaves\all-exact-types-v2.lean:20:21: error(lean.unknownIdentifier): Unknown identifier `IsProbabilityMeasure`
E:\ABRL\worktrees\research-online-book\runs\online-iid-benchmark-20261008\leaves\all-exact-types-v2.lean:29:9: error(lean.unknownIdentifier): Unknown identifier `Measure`
E:\ABRL\worktrees\research-online-book\runs\online-iid-benchmark-20261008\leaves\all-exact-types-v2.lean:29:21: error(lean.unknownIdentifier): Unknown identifier `IsProbabilityMeasure`
E:\ABRL\worktrees\research-online-book\runs\online-iid-benchmark-20261008\leaves\all-exact-types-v2.lean:36:9: error(lean.unknownIdentifier): Unknown identifier `Measure`
E:\ABRL\worktrees\research-online-book\runs\online-iid-benchmark-20261008\leaves\all-exact-types-v2.lean:36:21: error(lean.unknownIdentifier): Unknown identifier `IsProbabilityMeasure`
E:\ABRL\worktrees\research-online-book\runs\online-iid-benchmark-20261008\leaves\all-exact-types-v2.lean:49:9: error(lean.unknownIdentifier): Unknown identifier `Measure`
E:\ABRL\worktrees\research-online-book\runs\online-iid-benchmark-20261008\leaves\all-exact-types-v2.lean:49:21: error(lean.unknownIdentifier): Unknown identifier `IsProbabilityMeasure`
E:\ABRL\worktrees\research-online-book\runs\online-iid-benchmark-20261008\leaves\all-exact-types-v2.lean:64:9: error(lean.unknownIdentifier): Unknown identifier `Measure`
E:\ABRL\worktrees\research-online-book\runs\online-iid-benchmark-20261008\leaves\all-exact-types-v2.lean:64:21: error(lean.unknownIdentifier): Unknown identifier `IsProbabilityMeasure`
E:\ABRL\worktrees\research-online-book\runs\online-iid-benchmark-20261008\leaves\all-exact-types-v2.lean:75:9: error(lean.unknownIdentifier): Unknown identifier `Measure`
E:\ABRL\worktrees\research-online-book\runs\online-iid-benchmark-20261008\leaves\all-exact-types-v2.lean:75:21: error(lean.unknownIdentifier): Unknown identifier `IsProbabilityMeasure`
E:\ABRL\worktrees\research-online-book\runs\online-iid-benchmark-20261008\leaves\all-exact-types-v2.lean:83:9: error(lean.unknownIdentifier): Unknown identifier `Measure`
E:\ABRL\worktrees\research-online-book\runs\online-iid-benchmark-20261008\leaves\all-exact-types-v2.lean:83:21: error(lean.unknownIdentifier): Unknown identifier `IsProbabilityMeasure`
BanditRL.OnlineLearning.expected_square_decomposition.{u_1} {Ω : Type u_1} [MeasurableSpace Ω]
  (μ : MeasureTheory.Measure Ω) [MeasureTheory.IsProbabilityMeasure μ] (Y : Ω → ℝ) (hY : MeasureTheory.MemLp Y 2 μ)
  (u : ℝ) : ∫ (ω : Ω), (u - Y ω) ^ 2 ∂μ = ProbabilityTheory.variance Y μ + (u - ∫ (ω : Ω), Y ω ∂μ) ^ 2
BanditRL.OnlineLearning.independent_prediction_square.{u_1} {Ω : Type u_1} [MeasurableSpace Ω]
  (μ : MeasureTheory.Measure Ω) [MeasureTheory.IsProbabilityMeasure μ] (P Y : Ω → ℝ) (hP : MeasureTheory.MemLp P 2 μ)
  (hY : MeasureTheory.MemLp Y 2 μ) (h : ProbabilityTheory.IndepFun P Y μ) :
  ∫ (ω : Ω), (P ω - Y ω) ^ 2 ∂μ = ∫ (ω : Ω), (P ω - ∫ (ω : Ω), Y ω ∂μ) ^ 2 ∂μ + ProbabilityTheory.variance Y μ
BanditRL.OnlineLearning.history_policy_independent.{u_1} {Ω : Type u_1} [MeasurableSpace Ω]
  (μ : MeasureTheory.Measure Ω) [MeasureTheory.IsProbabilityMeasure μ] (Y : ℕ → Ω → ℝ)
  (hY : ∀ (t : ℕ), Measurable (Y t)) (hind : ProbabilityTheory.iIndepFun Y μ) (t : ℕ)
  (policy : (↥(Finset.range t) → ℝ) → ℝ) (hp : Measurable policy) :
  ProbabilityTheory.IndepFun (fun ω => policy fun i => Y (↑i) ω) (Y t) μ
BanditRL.OnlineLearning.meanPredict_independent.{u_1} {Ω : Type u_1} [MeasurableSpace Ω] (μ : MeasureTheory.Measure Ω)
  [MeasureTheory.IsProbabilityMeasure μ] (Y : ℕ → Ω → ℝ) (hY : ∀ (t : ℕ), Measurable (Y t))
  (hind : ProbabilityTheory.iIndepFun Y μ) (t : ℕ) :
  ProbabilityTheory.IndepFun (fun ω => meanPredict (fun i => Y i ω) t) (Y t) μ
BanditRL.OnlineLearning.meanPredict_measurable.{u_1} {Ω : Type u_1} [MeasurableSpace Ω] (Y : ℕ → Ω → ℝ)
  (hY : ∀ (t : ℕ), Measurable (Y t)) (t : ℕ) : Measurable fun ω => meanPredict (fun i => Y i ω) t
BanditRL.OnlineLearning.meanPredict_mem (y : ℕ → ℝ) (t : ℕ) (hy : ∀ i < t, y i ∈ Set.Icc 0 1) :
  meanPredict y t ∈ Set.Icc 0 1
BanditRL.OnlineLearning.source_mean_optimal.{u_1} {Ω : Type u_1} [MeasurableSpace Ω] (μ : MeasureTheory.Measure Ω)
  [MeasureTheory.IsProbabilityMeasure μ] (Y : Ω → ℝ) (hY : Measurable Y) (hb : ∀ (ω : Ω), Y ω ∈ Set.Icc 0 1) :
  ∫ (ω : Ω), Y ω ∂μ ∈ Set.Icc 0 1 ∧
    ∫ (ω : Ω), (∫ (ω : Ω), Y ω ∂μ - Y ω) ^ 2 ∂μ = ProbabilityTheory.variance Y μ ∧
      ∀ (u : ℝ), ProbabilityTheory.variance Y μ ≤ ∫ (ω : Ω), (u - Y ω) ^ 2 ∂μ
BanditRL.OnlineLearning.iid_meanPredict_excess.{u_1} {Ω : Type u_1} [MeasurableSpace Ω] (μ : MeasureTheory.Measure Ω)
  [MeasureTheory.IsProbabilityMeasure μ] (Y : ℕ → Ω → ℝ) (hY : ∀ (t : ℕ), Measurable (Y t))
  (hind : ProbabilityTheory.iIndepFun Y μ) (hlaw : ∀ (t : ℕ), ProbabilityTheory.IdentDistrib (Y t) (Y 0) μ μ)
  (hb : ∀ (t : ℕ) (ω : Ω), Y t ω ∈ Set.Icc 0 1) (T : ℕ) :
  ∫ (ω : Ω), ∑ t ∈ Finset.range T, (meanPredict (fun i => Y i ω) t - Y t ω) ^ 2 ∂μ -
      ↑T * ProbabilityTheory.variance (Y 0) μ =
    ∑ t ∈ Finset.range T, ∫ (ω : Ω), (meanPredict (fun i => Y i ω) t - ∫ (ω : Ω), Y 0 ω ∂μ) ^ 2 ∂μ
BanditRL.OnlineLearning.normalized_excess (total variance : ℝ) (T : ℕ) (hT : 0 < T) :
  total / ↑T - variance = (total - ↑T * variance) / ↑T
MeasureTheory.integral_finset_sum.{u_1, u_5, u_6} {α : Type u_1} {G : Type u_5} [NormedAddCommGroup G] [NormedSpace ℝ G]
  {m : MeasurableSpace α} {μ : MeasureTheory.Measure α} {ι : Type u_6} (s : Finset ι) {f : ι → α → G}
  (hf : ∀ i ∈ s, MeasureTheory.Integrable (f i) μ) : ∫ (a : α), ∑ i ∈ s, f i a ∂μ = ∑ i ∈ s, ∫ (a : α), f i a ∂μ
MeasureTheory.integral_mono_ae.{u_1, u_2} {α : Type u_1} {E : Type u_2} [NormedAddCommGroup E] [NormedSpace ℝ E]
  {m : MeasurableSpace α} {μ : MeasureTheory.Measure α} [PartialOrder E] [IsOrderedAddMonoid E] [IsOrderedModule ℝ E]
  [ClosedIciTopology E] {f g : α → E} (hf : MeasureTheory.Integrable f μ) (hg : MeasureTheory.Integrable g μ)
  (h : f ≤ᵐ[μ] g) : ∫ (x : α), f x ∂μ ≤ ∫ (x : α), g x ∂μ
MeasureTheory.integral_nonneg_of_ae.{u_1, u_2} {α : Type u_1} {E : Type u_2} [NormedAddCommGroup E] [NormedSpace ℝ E]
  {m : MeasurableSpace α} {μ : MeasureTheory.Measure α} [PartialOrder E] [IsOrderedAddMonoid E] [IsOrderedModule ℝ E]
  [ClosedIciTopology E] {f : α → E} (hf : 0 ≤ᵐ[μ] f) : 0 ≤ ∫ (x : α), f x ∂μ
E:\ABRL\worktrees\research-online-book\runs\online-iid-benchmark-20261008\leaves\all-exact-types-v2.lean:110:7: error(lean.unknownIdentifier): Unknown identifier `ae_all_iff`
IsLeast.csInf_eq.{u_1} {α : Type u_1} [ConditionallyCompletePartialOrderInf α] {s : Set α} {a : α} (H : IsLeast s a) :
  sInf s = a
E:\ABRL\worktrees\research-online-book\runs\online-iid-benchmark-20261008\leaves\all-exact-types-v2.lean:112:7: error(lean.unknownIdentifier): Unknown identifier `MemLp.integrable_sq`
E:\ABRL\worktrees\research-online-book\runs\online-iid-benchmark-20261008\leaves\all-exact-types-v2.lean:132:5: warning: unused variable `hY`

Note: This linter can be disabled with `set_option linter.unusedVariables false`
E:\ABRL\worktrees\research-online-book\runs\online-iid-benchmark-20261008\leaves\all-exact-types-v2.lean:133:5: warning: unused variable `hlaw`

Note: This linter can be disabled with `set_option linter.unusedVariables false`
E:\ABRL\worktrees\research-online-book\runs\online-iid-benchmark-20261008\leaves\all-exact-types-v2.lean:134:5: warning: unused variable `hb`

Note: This linter can be disabled with `set_option linter.unusedVariables false`
E:\ABRL\worktrees\research-online-book\runs\online-iid-benchmark-20261008\leaves\all-exact-types-v2.lean:141:5: warning: unused variable `hY`

Note: This linter can be disabled with `set_option linter.unusedVariables false`
E:\ABRL\worktrees\research-online-book\runs\online-iid-benchmark-20261008\leaves\all-exact-types-v2.lean:142:5: warning: unused variable `hlaw`

Note: This linter can be disabled with `set_option linter.unusedVariables false`
E:\ABRL\worktrees\research-online-book\runs\online-iid-benchmark-20261008\leaves\all-exact-types-v2.lean:143:5: warning: unused variable `hb`

Note: This linter can be disabled with `set_option linter.unusedVariables false`
E:\ABRL\worktrees\research-online-book\runs\online-iid-benchmark-20261008\leaves\all-exact-types-v2.lean:150:5: warning: unused variable `hY`

Note: This linter can be disabled with `set_option linter.unusedVariables false`
E:\ABRL\worktrees\research-online-book\runs\online-iid-benchmark-20261008\leaves\all-exact-types-v2.lean:151:5: warning: unused variable `hlaw`

Note: This linter can be disabled with `set_option linter.unusedVariables false`
E:\ABRL\worktrees\research-online-book\runs\online-iid-benchmark-20261008\leaves\all-exact-types-v2.lean:152:5: warning: unused variable `hb`

Note: This linter can be disabled with `set_option linter.unusedVariables false`
E:\ABRL\worktrees\research-online-book\runs\online-iid-benchmark-20261008\leaves\all-exact-types-v2.lean:157:5: warning: unused variable `hY`

Note: This linter can be disabled with `set_option linter.unusedVariables false`
E:\ABRL\worktrees\research-online-book\runs\online-iid-benchmark-20261008\leaves\all-exact-types-v2.lean:158:5: warning: unused variable `hlaw`

Note: This linter can be disabled with `set_option linter.unusedVariables false`
E:\ABRL\worktrees\research-online-book\runs\online-iid-benchmark-20261008\leaves\all-exact-types-v2.lean:159:5: warning: unused variable `hb`

Note: This linter can be disabled with `set_option linter.unusedVariables false`
E:\ABRL\worktrees\research-online-book\runs\online-iid-benchmark-20261008\leaves\all-exact-types-v2.lean:161:5: warning: unused variable `hP`

Note: This linter can be disabled with `set_option linter.unusedVariables false`
E:\ABRL\worktrees\research-online-book\runs\online-iid-benchmark-20261008\leaves\all-exact-types-v2.lean:162:5: warning: unused variable `hInd`

Note: This linter can be disabled with `set_option linter.unusedVariables false`
E:\ABRL\worktrees\research-online-book\runs\online-iid-benchmark-20261008\leaves\all-exact-types-v2.lean:170:5: warning: unused variable `hY`

Note: This linter can be disabled with `set_option linter.unusedVariables false`
E:\ABRL\worktrees\research-online-book\runs\online-iid-benchmark-20261008\leaves\all-exact-types-v2.lean:171:5: warning: unused variable `hlaw`

Note: This linter can be disabled with `set_option linter.unusedVariables false`
E:\ABRL\worktrees\research-online-book\runs\online-iid-benchmark-20261008\leaves\all-exact-types-v2.lean:172:5: warning: unused variable `hb`

Note: This linter can be disabled with `set_option linter.unusedVariables false`
E:\ABRL\worktrees\research-online-book\runs\online-iid-benchmark-20261008\leaves\all-exact-types-v2.lean:173:5: warning: unused variable `hind`

Note: This linter can be disabled with `set_option linter.unusedVariables false`
E:\ABRL\worktrees\research-online-book\runs\online-iid-benchmark-20261008\leaves\all-exact-types-v2.lean:175:5: warning: unused variable `hp`

Note: This linter can be disabled with `set_option linter.unusedVariables false`
E:\ABRL\worktrees\research-online-book\runs\online-iid-benchmark-20261008\leaves\all-exact-types-v2.lean:176:5: warning: unused variable `hpb`

Note: This linter can be disabled with `set_option linter.unusedVariables false`
E:\ABRL\worktrees\research-online-book\runs\online-iid-benchmark-20261008\leaves\all-exact-types-v2.lean:185:5: warning: unused variable `hY`

Note: This linter can be disabled with `set_option linter.unusedVariables false`
E:\ABRL\worktrees\research-online-book\runs\online-iid-benchmark-20261008\leaves\all-exact-types-v2.lean:186:5: warning: unused variable `hlaw`

Note: This linter can be disabled with `set_option linter.unusedVariables false`
E:\ABRL\worktrees\research-online-book\runs\online-iid-benchmark-20261008\leaves\all-exact-types-v2.lean:187:5: warning: unused variable `hb`

Note: This linter can be disabled with `set_option linter.unusedVariables false`
E:\ABRL\worktrees\research-online-book\runs\online-iid-benchmark-20261008\leaves\all-exact-types-v2.lean:188:5: warning: unused variable `hind`

Note: This linter can be disabled with `set_option linter.unusedVariables false`
E:\ABRL\worktrees\research-online-book\runs\online-iid-benchmark-20261008\leaves\all-exact-types-v2.lean:196:5: warning: unused variable `hY`

Note: This linter can be disabled with `set_option linter.unusedVariables false`
E:\ABRL\worktrees\research-online-book\runs\online-iid-benchmark-20261008\leaves\all-exact-types-v2.lean:197:5: warning: unused variable `hlaw`

Note: This linter can be disabled with `set_option linter.unusedVariables false`
E:\ABRL\worktrees\research-online-book\runs\online-iid-benchmark-20261008\leaves\all-exact-types-v2.lean:198:5: warning: unused variable `hb`

Note: This linter can be disabled with `set_option linter.unusedVariables false`
E:\ABRL\worktrees\research-online-book\runs\online-iid-benchmark-20261008\leaves\all-exact-types-v2.lean:204:5: warning: unused variable `hY`

Note: This linter can be disabled with `set_option linter.unusedVariables false`
E:\ABRL\worktrees\research-online-book\runs\online-iid-benchmark-20261008\leaves\all-exact-types-v2.lean:205:5: warning: unused variable `hlaw`

Note: This linter can be disabled with `set_option linter.unusedVariables false`
E:\ABRL\worktrees\research-online-book\runs\online-iid-benchmark-20261008\leaves\all-exact-types-v2.lean:206:5: warning: unused variable `hb`

Note: This linter can be disabled with `set_option linter.unusedVariables false`
E:\ABRL\worktrees\research-online-book\runs\online-iid-benchmark-20261008\leaves\all-exact-types-v2.lean:207:5: warning: unused variable `hind`

Note: This linter can be disabled with `set_option linter.unusedVariables false`
E:\ABRL\worktrees\research-online-book\runs\online-iid-benchmark-20261008\leaves\all-exact-types-v2.lean:209:5: warning: unused variable `hp`

Note: This linter can be disabled with `set_option linter.unusedVariables false`
E:\ABRL\worktrees\research-online-book\runs\online-iid-benchmark-20261008\leaves\all-exact-types-v2.lean:210:5: warning: unused variable `hpb`

Note: This linter can be disabled with `set_option linter.unusedVariables false`
E:\ABRL\worktrees\research-online-book\runs\online-iid-benchmark-20261008\leaves\all-exact-types-v2.lean:212:13: warning: unused variable `hT`

Note: This linter can be disabled with `set_option linter.unusedVariables false`
E:\ABRL\worktrees\research-online-book\runs\online-iid-benchmark-20261008\leaves\all-exact-types-v2.lean:220:10: error: too many explicit universe levels for `DraftExpected.Q001`
E:\ABRL\worktrees\research-online-book\runs\online-iid-benchmark-20261008\leaves\all-exact-types-v2.lean:221:10: error: too many explicit universe levels for `DraftExpected.Q002`
E:\ABRL\worktrees\research-online-book\runs\online-iid-benchmark-20261008\leaves\all-exact-types-v2.lean:222:10: error: too many explicit universe levels for `DraftExpected.Q003`
E:\ABRL\worktrees\research-online-book\runs\online-iid-benchmark-20261008\leaves\all-exact-types-v2.lean:223:10: error: too many explicit universe levels for `DraftExpected.Q004`
E:\ABRL\worktrees\research-online-book\runs\online-iid-benchmark-20261008\leaves\all-exact-types-v2.lean:224:10: error: too many explicit universe levels for `DraftExpected.Q005`
E:\ABRL\worktrees\research-online-book\runs\online-iid-benchmark-20261008\leaves\all-exact-types-v2.lean:225:10: error: too many explicit universe levels for `DraftExpected.Q006`
E:\ABRL\worktrees\research-online-book\runs\online-iid-benchmark-20261008\leaves\all-exact-types-v2.lean:226:10: error: too many explicit universe levels for `DraftExpected.Q007`
E:\ABRL\worktrees\research-online-book\runs\online-iid-benchmark-20261008\leaves\all-exact-types-v2.lean:227:10: error: too many explicit universe levels for `DraftExpected.Q008`
E:\ABRL\worktrees\research-online-book\runs\online-iid-benchmark-20261008\leaves\all-exact-types-v2.lean:235:10: error: too many explicit universe levels for `DraftExpected.Q001`
E:\ABRL\worktrees\research-online-book\runs\online-iid-benchmark-20261008\leaves\all-exact-types-v2.lean:236:10: error: too many explicit universe levels for `DraftExpected.Q002`
E:\ABRL\worktrees\research-online-book\runs\online-iid-benchmark-20261008\leaves\all-exact-types-v2.lean:237:10: error: too many explicit universe levels for `DraftExpected.Q003`
E:\ABRL\worktrees\research-online-book\runs\online-iid-benchmark-20261008\leaves\all-exact-types-v2.lean:238:10: error: too many explicit universe levels for `DraftExpected.Q004`
E:\ABRL\worktrees\research-online-book\runs\online-iid-benchmark-20261008\leaves\all-exact-types-v2.lean:239:10: error: too many explicit universe levels for `DraftExpected.Q005`
E:\ABRL\worktrees\research-online-book\runs\online-iid-benchmark-20261008\leaves\all-exact-types-v2.lean:240:10: error: too many explicit universe levels for `DraftExpected.Q006`
E:\ABRL\worktrees\research-online-book\runs\online-iid-benchmark-20261008\leaves\all-exact-types-v2.lean:241:10: error: too many explicit universe levels for `DraftExpected.Q007`
E:\ABRL\worktrees\research-online-book\runs\online-iid-benchmark-20261008\leaves\all-exact-types-v2.lean:242:10: error: too many explicit universe levels for `DraftExpected.Q008`
E:\ABRL\worktrees\research-online-book\runs\online-iid-benchmark-20261008\leaves\all-exact-types-v2.lean:308:5: warning: unused variable `hz`

Note: This linter can be disabled with `set_option linter.unusedVariables false`
E:\ABRL\worktrees\research-online-book\runs\online-iid-benchmark-20261008\leaves\all-exact-types-v2.lean:348:14: error: expected token
E:\ABRL\worktrees\research-online-book\runs\online-iid-benchmark-20261008\leaves\all-exact-types-v2.lean:349:76: error: Tactic `rfl` failed: The left-hand side
  coinLawFixture
is not definitionally equal to the right-hand side
  coinLaw

⊢ coinLawFixture = coinLaw
E:\ABRL\worktrees\research-online-book\runs\online-iid-benchmark-20261008\leaves\all-exact-types-v2.lean:351:4: error(lean.dependsOnNoncomputable): failed to compile definition, consider marking it as 'noncomputable' because it depends on 'Measure.infinitePi', which is 'noncomputable'
E:\ABRL\worktrees\research-online-book\runs\online-iid-benchmark-20261008\leaves\all-exact-types-v2.lean:357:4: error(lean.dependsOnNoncomputable): failed to compile definition, consider marking it as 'noncomputable' because it depends on 'Real.instDivInvMonoid', which is 'noncomputable'
E:\ABRL\worktrees\research-online-book\runs\online-iid-benchmark-20261008\leaves\all-exact-types-v2.lean:362:4: error(lean.dependsOnNoncomputable): failed to compile definition, consider marking it as 'noncomputable' because it depends on 'Real.instInfSet', which is 'noncomputable'
