⚠ [3327/3431] Replayed BanditRLProof.OnlineLearningFTL
warning: BanditRLProof/OnlineLearningFTL.lean:81:41: unused variable `hT`

Note: This linter can be disabled with `set_option linter.unusedVariables false`
⚠ [3371/3431] Replayed BanditRLProof.OnlineLearningHistory
warning: BanditRLProof/OnlineLearningHistory.lean:42:6: 'ring' tactic does nothing

Note: This linter can be disabled with `set_option linter.unusedTactic false`
warning: BanditRLProof/OnlineLearningHistory.lean:42:6: this tactic is never executed

Note: This linter can be disabled with `set_option linter.unreachableTactic false`
⚠ [3372/3431] Replayed BanditRLProof.OnlineGuessingIIDBenchmark
warning: BanditRLProof/OnlineGuessingIIDBenchmark.lean:38:8: This simp argument is unused:
  Finset.sum_add_distrib

Hint: Omit it from the simp argument list.
  simp ̵[̵F̵i̵n̵s̵e̵t̵.̵s̵u̵m̵_̵a̵d̵d̵_̵d̵i̵s̵t̵r̵i̵b̵]̵

Note: This linter can be disabled with `set_option linter.unusedSimpArgs false`
warning: BanditRLProof/OnlineGuessingIIDBenchmark.lean:185:5: unused variable `hind`

Note: This linter can be disabled with `set_option linter.unusedVariables false`
warning: BanditRLProof/OnlineGuessingIIDBenchmark.lean:187:5: unused variable `hp`

Note: This linter can be disabled with `set_option linter.unusedVariables false`
warning: BanditRLProof/OnlineGuessingIIDBenchmark.lean:188:5: unused variable `hpb`

Note: This linter can be disabled with `set_option linter.unusedVariables false`
✖ [3431/3431] Building Tests.OnlineGuessingIIDBenchmarkCanary (8.3s)
trace: .> LEAN_PATH=E:\ABRL\research\.lake\packages\Cli\.lake\build\lib\lean;E:\ABRL\research\.lake\packages\batteries\.lake\build\lib\lean;E:\ABRL\research\.lake\packages\Qq\.lake\build\lib\lean;E:\ABRL\research\.lake\packages\aesop\.lake\build\lib\lean;E:\ABRL\research\.lake\packages\proofwidgets\.lake\build\lib\lean;E:\ABRL\research\.lake\packages\importGraph\.lake\build\lib\lean;E:\ABRL\research\.lake\packages\LeanSearchClient\.lake\build\lib\lean;E:\ABRL\research\.lake\packages\plausible\.lake\build\lib\lean;E:\ABRL\research\.lake\packages\mathlib\.lake\build\lib\lean;E:\ABRL\worktrees\research-online-book\.lake\build\lib\lean c:\Users\admin\.elan\toolchains\leanprover--lean4---v4.29.1\bin\lean.exe E:\ABRL\worktrees\research-online-book\Tests\OnlineGuessingIIDBenchmarkCanary.lean -o E:\ABRL\worktrees\research-online-book\.lake\build\lib\lean\Tests\OnlineGuessingIIDBenchmarkCanary.olean -i E:\ABRL\worktrees\research-online-book\.lake\build\lib\lean\Tests\OnlineGuessingIIDBenchmarkCanary.ilean -c E:\ABRL\worktrees\research-online-book\.lake\build\ir\Tests\OnlineGuessingIIDBenchmarkCanary.c --setup E:\ABRL\worktrees\research-online-book\.lake\build\ir\Tests\OnlineGuessingIIDBenchmarkCanary.setup.json --json
warning: Tests/OnlineGuessingIIDBenchmarkCanary.lean:199:4: Used `tac1 <;> tac2` where `(tac1; tac2)` would suffice

Note: This linter can be disabled with `set_option linter.unnecessarySeqFocus false`
error: Tests/OnlineGuessingIIDBenchmarkCanary.lean:213:69: unsolved goals
⊢ -2⁻¹ = -1 / 2
error: Lean exited with code 1
Some required targets logged failures:
- Tests.OnlineGuessingIIDBenchmarkCanary
error: build failed
