{
  "schema_version": 1,
  "entry_id": "entry-f04af57506b6454d",
  "session_id": "ONLINE-IID-BENCHMARK-20261008",
  "sequence": 1,
  "parent_id": "entry-76477c0ad41ac665",
  "event_type": "repair",
  "created_at": "2026-10-08T05:09:45+00:00",
  "payload": {
    "phase": "draft source-hypothesis audit",
    "contract_version": 2,
    "prior_contract_version": 1,
    "revision": "E:/ABRL/worktrees/research-online-book/runs/online-iid-benchmark-20261008/contract-revision-v2.json",
    "body_proofs_not_started": true,
    "conclusion_unchanged": true,
    "source_accepted": false,
    "chapter_complete": false,
    "goal_complete": false
  }
}
