{
  "time": "2026-10-08T05:27:00+00:00",
  "task": "ONLINE-IID-BENCHMARK-20261008",
  "role": "lower",
  "kind": "attempt",
  "status": "running",
  "notes": "Dependency-ready exact minimum leaf; derive actual mean feasibility/image membership/lower comparisons before applying csInf_eq. No supplied argmin or target edit.",
  "lean": "BanditRLProof\\OnlineGuessingIIDBenchmark.lean",
  "source": "",
  "run_id": "online-iid-benchmark-20261008",
  "changed_files": [],
  "statement_hash": "",
  "parent_id": "",
  "route_fingerprint": "",
  "verifier_evidence": [],
  "harness": "hierarchical",
  "experiment_id": "",
  "target_fingerprint": "61e24727f67fa84fa359bfbbd4d3955e08b36ca48c25e611bacfebaf5d0b68cb",
  "route_packet_hash": "",
  "attempt_id": "IID-I002-V2",
  "worker_id": "",
  "progress_class": "unreviewed",
  "reviewer_validated": false,
  "obligations_before": 0,
  "obligations_after": 0,
  "new_declarations": [
    "BanditRL.OnlineLearning.expected_fixed_prefix_minimum"
  ],
  "reused_declarations": [],
  "dag_nodes": 0,
  "dag_depth": 0,
  "elapsed_seconds": 0.0,
  "lean_check_seconds": 0.0,
  "prompt_chars": 0,
  "input_tokens": 0,
  "output_tokens": 0,
  "error_signature": ""
}
