{
  "time": "2026-10-08T05:31:36+00:00",
  "task": "ONLINE-IID-BENCHMARK-20261008",
  "role": "lower",
  "kind": "build",
  "status": "compiled",
  "notes": "Actual frozen body focused-builds. IsLeast is produced by actual feasible population mean plus all lower comparisons; infimum adapter uses that certificate. Only eight-target frontier advances, package/reader/canary/combined/FINAL gates pending.",
  "lean": "BanditRLProof\\OnlineGuessingIIDBenchmark.lean",
  "source": "",
  "run_id": "online-iid-benchmark-20261008",
  "changed_files": [],
  "statement_hash": "",
  "parent_id": "",
  "route_fingerprint": "",
  "verifier_evidence": [
    "E:\\ABRL\\worktrees\\research-online-book\\runs\\online-iid-benchmark-20261008\\I003-focused-build-v2-exit.json"
  ],
  "harness": "hierarchical",
  "experiment_id": "",
  "target_fingerprint": "61e24727f67fa84fa359bfbbd4d3955e08b36ca48c25e611bacfebaf5d0b68cb",
  "route_packet_hash": "",
  "attempt_id": "IID-I003-V2",
  "worker_id": "",
  "progress_class": "compiled-leaf",
  "reviewer_validated": false,
  "obligations_before": 6,
  "obligations_after": 5,
  "new_declarations": [
    "BanditRL.OnlineLearning.expectedFixedMinimum_eq_variance"
  ],
  "reused_declarations": [],
  "dag_nodes": 0,
  "dag_depth": 0,
  "elapsed_seconds": 0.0,
  "lean_check_seconds": 0.0,
  "prompt_chars": 0,
  "input_tokens": 0,
  "output_tokens": 0,
  "error_signature": ""
}
