{
  "time": "2026-10-08T05:33:06+00:00",
  "task": "ONLINE-IID-BENCHMARK-20261008",
  "role": "lower",
  "kind": "build",
  "status": "compiled",
  "notes": "Actual first-half strict-past meanPredict: a.s. support produces L2 without pointwise strengthening. Actual frozen body builds. Only this eight-target frontier advances; BODY/canary/kernel/combined/reader/FINAL gates pending.",
  "lean": "BanditRLProof\\OnlineGuessingIIDBenchmark.lean",
  "source": "",
  "run_id": "online-iid-benchmark-20261008",
  "changed_files": [],
  "statement_hash": "",
  "parent_id": "",
  "route_fingerprint": "",
  "verifier_evidence": [
    "E:\\ABRL\\worktrees\\research-online-book\\runs\\online-iid-benchmark-20261008\\I006-focused-build-v2-exit.json"
  ],
  "harness": "hierarchical",
  "experiment_id": "",
  "target_fingerprint": "61e24727f67fa84fa359bfbbd4d3955e08b36ca48c25e611bacfebaf5d0b68cb",
  "route_packet_hash": "",
  "attempt_id": "IID-I006-V2",
  "worker_id": "",
  "progress_class": "compiled-leaf",
  "reviewer_validated": false,
  "obligations_before": 3,
  "obligations_after": 2,
  "new_declarations": [
    "BanditRL.OnlineLearning.meanPredict_expectedFixed_excess"
  ],
  "reused_declarations": [],
  "dag_nodes": 0,
  "dag_depth": 0,
  "elapsed_seconds": 0.0,
  "lean_check_seconds": 0.0,
  "prompt_chars": 0,
  "input_tokens": 0,
  "output_tokens": 0,
  "error_signature": ""
}
