runs/online-iid-benchmark-20261008/blind-reconstruction-v1.md:224: new blank line at EOF.
runs/online-iid-benchmark-20261008/combined-Tests-v2.log:1310: trailing whitespace.
+  
runs/online-iid-benchmark-20261008/combined-Tests-v2.log:1312: trailing whitespace.
+    
runs/online-iid-benchmark-20261008/combined-Tests-v2.log:1317: trailing whitespace.
+  
runs/online-iid-benchmark-20261008/combined-Tests-v2.log:1319: trailing whitespace.
+    
runs/online-iid-benchmark-20261008/combined-Tests-v2.log:1480: trailing whitespace.
+  
runs/online-iid-benchmark-20261008/combined-Tests-v2.log:1482: trailing whitespace.
+    
runs/online-iid-benchmark-20261008/combined-Tests-v2.log:1631: trailing whitespace.
+  
runs/online-iid-benchmark-20261008/combined-Tests-v2.log:1633: trailing whitespace.
+    
runs/online-iid-benchmark-20261008/combined-Tests-v2.log:1802: trailing whitespace.
+  
runs/online-iid-benchmark-20261008/combined-Tests-v2.log:1804: trailing whitespace.
+    
runs/online-iid-benchmark-20261008/combined-Tests-v2.log:1844: trailing whitespace.
+  
runs/online-iid-benchmark-20261008/combined-Tests-v2.log:1846: trailing whitespace.
+    
runs/online-iid-benchmark-20261008/combined-Tests-v2.log:2339: trailing whitespace.
+  
runs/online-iid-benchmark-20261008/combined-Tests-v2.log:2341: trailing whitespace.
+    
runs/online-iid-benchmark-20261008/combined-Tests-v2.log:2390: trailing whitespace.
+  
runs/online-iid-benchmark-20261008/combined-Tests-v2.log:2392: trailing whitespace.
+    
runs/online-iid-benchmark-20261008/combined-Tests-v2.log:6818: trailing whitespace.
+  
runs/online-iid-benchmark-20261008/combined-Tests-v2.log:6820: trailing whitespace.
+    
runs/online-iid-benchmark-20261008/combined-root-v2.log:686: trailing whitespace.
+  
runs/online-iid-benchmark-20261008/combined-root-v2.log:688: trailing whitespace.
+    
runs/online-iid-benchmark-20261008/combined-root-v2.log:837: trailing whitespace.
+  
runs/online-iid-benchmark-20261008/combined-root-v2.log:839: trailing whitespace.
+    
runs/online-iid-benchmark-20261008/combined-root-v2.log:1098: trailing whitespace.
+  
runs/online-iid-benchmark-20261008/combined-root-v2.log:1100: trailing whitespace.
+    
runs/online-iid-benchmark-20261008/combined-root-v2.log:1140: trailing whitespace.
+  
runs/online-iid-benchmark-20261008/combined-root-v2.log:1142: trailing whitespace.
+    
runs/online-iid-benchmark-20261008/combined-root-v2.log:1706: trailing whitespace.
+  
runs/online-iid-benchmark-20261008/combined-root-v2.log:1708: trailing whitespace.
+    
runs/online-iid-benchmark-20261008/combined-root-v2.log:1713: trailing whitespace.
+  
runs/online-iid-benchmark-20261008/combined-root-v2.log:1715: trailing whitespace.
+    
runs/online-iid-benchmark-20261008/combined-root-v2.log:1754: trailing whitespace.
+  
runs/online-iid-benchmark-20261008/combined-root-v2.log:1756: trailing whitespace.
+    
runs/online-iid-benchmark-20261008/combined-root-v2.log:1829: trailing whitespace.
+  
runs/online-iid-benchmark-20261008/combined-root-v2.log:1831: trailing whitespace.
+    
runs/online-iid-benchmark-20261008/common_reviewed_v2.py:50: new blank line at EOF.
runs/online-iid-benchmark-20261008/common_v1.py:47: new blank line at EOF.
runs/online-iid-benchmark-20261008/full-harness-v2.log:513: trailing whitespace.
+  
runs/online-iid-benchmark-20261008/full-harness-v2.log:515: trailing whitespace.
+    
runs/online-iid-benchmark-20261008/full-harness-v2.log:928: trailing whitespace.
+  
runs/online-iid-benchmark-20261008/full-harness-v2.log:930: trailing whitespace.
+    
runs/online-iid-benchmark-20261008/full-harness-v2.log:1099: trailing whitespace.
+  
runs/online-iid-benchmark-20261008/full-harness-v2.log:1101: trailing whitespace.
+    
runs/online-iid-benchmark-20261008/full-harness-v2.log:1141: trailing whitespace.
+  
runs/online-iid-benchmark-20261008/full-harness-v2.log:1143: trailing whitespace.
+    
runs/online-iid-benchmark-20261008/full-harness-v2.log:1677: trailing whitespace.
+  
runs/online-iid-benchmark-20261008/full-harness-v2.log:1679: trailing whitespace.
+    
runs/online-iid-benchmark-20261008/full-harness-v2.log:1684: trailing whitespace.
+  
runs/online-iid-benchmark-20261008/full-harness-v2.log:1686: trailing whitespace.
+    
runs/online-iid-benchmark-20261008/full-harness-v2.log:1749: trailing whitespace.
+  
runs/online-iid-benchmark-20261008/full-harness-v2.log:1751: trailing whitespace.
+    
runs/online-iid-benchmark-20261008/full-harness-v2.log:1800: trailing whitespace.
+  
runs/online-iid-benchmark-20261008/full-harness-v2.log:1802: trailing whitespace.
+    
runs/online-iid-benchmark-20261008/full-harness-v2.log:3660: trailing whitespace.
+  
runs/online-iid-benchmark-20261008/full-harness-v2.log:3662: trailing whitespace.
+    
runs/online-iid-benchmark-20261008/full-harness-v2.log:3667: trailing whitespace.
+  
runs/online-iid-benchmark-20261008/full-harness-v2.log:3669: trailing whitespace.
+    
runs/online-iid-benchmark-20261008/full-harness-v2.log:3830: trailing whitespace.
+  
runs/online-iid-benchmark-20261008/full-harness-v2.log:3832: trailing whitespace.
+    
runs/online-iid-benchmark-20261008/full-harness-v2.log:3981: trailing whitespace.
+  
runs/online-iid-benchmark-20261008/full-harness-v2.log:3983: trailing whitespace.
+    
runs/online-iid-benchmark-20261008/full-harness-v2.log:4152: trailing whitespace.
+  
runs/online-iid-benchmark-20261008/full-harness-v2.log:4154: trailing whitespace.
+    
runs/online-iid-benchmark-20261008/full-harness-v2.log:4194: trailing whitespace.
+  
runs/online-iid-benchmark-20261008/full-harness-v2.log:4196: trailing whitespace.
+    
runs/online-iid-benchmark-20261008/full-harness-v2.log:4689: trailing whitespace.
+  
runs/online-iid-benchmark-20261008/full-harness-v2.log:4691: trailing whitespace.
+    
runs/online-iid-benchmark-20261008/full-harness-v2.log:4740: trailing whitespace.
+  
runs/online-iid-benchmark-20261008/full-harness-v2.log:4742: trailing whitespace.
+    
runs/online-iid-benchmark-20261008/full-harness-v2.log:9168: trailing whitespace.
+  
runs/online-iid-benchmark-20261008/full-harness-v2.log:9170: trailing whitespace.
+    
