{
  "time": "2026-10-07T19:28:46+00:00",
  "task": "ONLINE-GUESSING-LOG-LOWER-20261008",
  "role": "reviewer",
  "kind": "review",
  "status": "accepted",
  "notes": "ONLINE-GUESSING-LOG-LOWER-20261008 C1-LOG-UNAVOIDABLE required qualitative source claim supported by actual same-process normalized binary-law/moment/variance/causal-loss/shared-mean-minimum producer and true integrable bounded measurable seed averaging yielding ONE fixed path with H(T+1)/6 and log(T+2)/6 regret. All16frozen terminals have actual bodies.48publicproofs/10publicdefinition components;16named validation proofs/2fixtures. Registry adds58public+1explicitprivate source identity. C1 full regret/minimum and NoRegret source reconciliation plus six OTHER main-relative contributor modules remain required and FAILUNWAIVED. Original16C1sourceitems/proof-totalnull;Chapter1open. Chapter2incomplete;3–16unenumerated/necessaryappendicesrequired/totalGoalACTIVE. ExactOPENunmergedPR190stack; no main/live/merge/deploy/retirement. H/log coefficient1/6 is derived notprinted/sharp; noHP/AS/uniformseed/infinitepath/oracle representation. Distinct required reused automated roles/history disclosed/requestedAstra-medium/no external human/runtime attestation. Actual76kernel/64closedProps12definitionidentities/64fullnativeguards/30VALUEpairs; root9094Tests9247/harness472skip7. Actual10835oldregistry IDsURLshashes preserved,13v2currentimages individuallyviewed. Failed proof/test/neutral equality/law-promotion/site-dependency/registry58vs59/pixel forallh attempts and exact independent-report trailing blank exception preserved; no target weakening. Complete terminal progress, not a declaration-count proxy.",
  "lean": "",
  "source": "",
  "run_id": "online-log-lower-20261008",
  "changed_files": [],
  "statement_hash": "32bd5e443de1ec751e5c4c8d9c99134fc3319f1777ef7cc397966ae963221828",
  "parent_id": "",
  "route_fingerprint": "",
  "verifier_evidence": [
    "E:\\ABRL\\worktrees\\research-online-book\\runs\\online-log-lower-20261008\\final-reader-receipt-v1.json"
  ],
  "harness": "hierarchical",
  "experiment_id": "",
  "target_fingerprint": "",
  "route_packet_hash": "",
  "attempt_id": "GUESSING-LOG-LOWER-V1",
  "worker_id": "",
  "progress_class": "terminal",
  "reviewer_validated": true,
  "obligations_before": 16,
  "obligations_after": 0,
  "new_declarations": [
    "BanditRL.OnlineLearning.GuessingLower.randomized_log_lower"
  ],
  "reused_declarations": [],
  "dag_nodes": 0,
  "dag_depth": 0,
  "elapsed_seconds": 0.0,
  "lean_check_seconds": 0.0,
  "prompt_chars": 0,
  "input_tokens": 0,
  "output_tokens": 0,
  "error_signature": ""
}
