{
  "schema_version": 1,
  "mode": "shadow-read-only",
  "analyzed_at": "2026-10-07T19:28:47+00:00",
  "trials_path": "E:\\ABRL\\worktrees\\research-online-book\\runs\\online-log-lower-20261008\\accepted-scoped-trials-v1.jsonl",
  "trial_rows": 3,
  "status_counts": {
    "accepted": 1,
    "compiled": 2
  },
  "inferred_frontier": {
    "selected_task": "ONLINE-GUESSING-LOG-LOWER-20261008",
    "selected_leaf": "ONLINE-GUESSING-LOG-LOWER-20261008",
    "source_status": "accepted",
    "last_accepted_verifier": {
      "trial_index": 2,
      "time": "2026-10-07T19:28:46+00:00",
      "task": "ONLINE-GUESSING-LOG-LOWER-20261008",
      "role": "reviewer",
      "kind": "review",
      "status": "accepted",
      "lean": "",
      "notes": "ONLINE-GUESSING-LOG-LOWER-20261008 C1-LOG-UNAVOIDABLE required qualitative source claim supported by actual same-process normalized binary-law/moment/variance/causal-loss/shared-mean-minimum producer and true integrable bounded measurable seed averaging yielding ONE fixed path with H(T+1)/6 and log(T+2)/6 regret. All16frozen terminals have actual bodies.48publicproofs/10publicdefinition components;16named validation proofs/2fixtures. Registry adds58public+1explicitprivate source identity. C1 full regret/minimum and NoRegret source reconciliation plus six OTHER main-relative contributor modules remain required and FAILUNWAIVED. Original16C1sourceitems/proof-totalnull;Chapter1open. Chapter2incomplete;3–16unenumerated/necessaryappendicesrequired/totalGoalACTIVE. ExactOPENunmergedPR190stack; no main/live/merge/deploy/retirement. H/log coefficient1/6 is derived notprinted/sharp; noHP/AS/uniformseed/infinitepath/oracle representation. Distinct required reused automated roles/history disclosed/requestedAstra-medium/no external human/runtime attestation. Actual76kernel/64closedProps12definitionidentities/64fullnativeguards/30VALUEpairs; root9094Tests9247/harness472skip7. Actual10835oldregistry IDsURLshashes preserved,13v2currentimages individuallyviewed. Failed proof/test/neutral equality/law-promotion/site-dependency/registry58vs59/pixel forallh attempts and exact independent-report trailing blank exception preserved; no target weakening. Complete terminal progress, not a declaration-count proxy.",
      "run_id": "online-log-lower-20261008"
    }
  },
  "memory_digest": {
    "path": "E:\\ABRL\\worktrees\\research-online-book\\runs\\online-log-lower-20261008\\memory-digest-accepted-v1.md",
    "task": ""
  },
  "recorded_frontier": {
    "schema_version": 1,
    "record_id": "frontier-e42524468e7d632f",
    "updated_at": "2026-10-07T19:28:47+00:00",
    "root_objective": "Persistent Orabona Chapters1–16; only C1 logarithmic lower source dependency accepted",
    "current_leaf": {
      "id": "ONLINE-GUESSING-LOG-LOWER-20261008",
      "kind": "lean",
      "status": "accepted",
      "statement": "theorem randomized_log_lower {Ω : Type*} [MeasurableSpace Ω] (μ : Measure Ω) [IsProbabilityMeasure μ] (A : Ω → List Bool → ℝ) (hA : ∀ h, Measurable (fun ω => A ω h)) (hbound : ∀ ω h, A ω h ∈ Icc (0 : ℝ) 1) (T : ℕ) (hT : 0 < T) : ∃ v : List.Vector Bool T, Real.log ((T : ℝ) + 2) / 6 ≤ ∫ ω, pathRegret (A ω) v.toList ∂μ",
      "statement_hash": "32bd5e443de1ec751e5c4c8d9c99134fc3319f1777ef7cc397966ae963221828",
      "declaration": "BanditRL.OnlineLearning.GuessingLower.randomized_log_lower",
      "file": "BanditRLProof\\OnlineGuessingLogLower.lean",
      "source_status": "source-reviewed",
      "dependencies": [
        {
          "kind": "lean",
          "name": "BanditRL.OnlineLearning.GuessingLower.randomized_harmonic_lower",
          "status": "compiled"
        },
        {
          "kind": "review",
          "name": "source-reader",
          "status": "accepted"
        }
      ]
    },
    "dag": {
      "nodes": [
        {
          "id": "ONLINE-GUESSING-LOG-LOWER-20261008",
          "kind": "lean",
          "status": "accepted",
          "dependencies": [
            {
              "kind": "lean",
              "name": "BanditRL.OnlineLearning.GuessingLower.randomized_harmonic_lower",
              "status": "compiled"
            },
            {
              "kind": "review",
              "name": "source-reader",
              "status": "accepted"
            }
          ],
          "dispatch_count": 0
        }
      ]
    },
    "last_accepted_verifier": {
      "trial_index": 2,
      "time": "2026-10-07T19:28:46+00:00",
      "task": "ONLINE-GUESSING-LOG-LOWER-20261008",
      "role": "reviewer",
      "kind": "review",
      "status": "accepted",
      "lean": "",
      "notes": "ONLINE-GUESSING-LOG-LOWER-20261008 C1-LOG-UNAVOIDABLE required qualitative source claim supported by actual same-process normalized binary-law/moment/variance/causal-loss/shared-mean-minimum producer and true integrable bounded measurable seed averaging yielding ONE fixed path with H(T+1)/6 and log(T+2)/6 regret. All16frozen terminals have actual bodies.48publicproofs/10publicdefinition components;16named validation proofs/2fixtures. Registry adds58public+1explicitprivate source identity. C1 full regret/minimum and NoRegret source reconciliation plus six OTHER main-relative contributor modules remain required and FAILUNWAIVED. Original16C1sourceitems/proof-totalnull;Chapter1open. Chapter2incomplete;3–16unenumerated/necessaryappendicesrequired/totalGoalACTIVE. ExactOPENunmergedPR190stack; no main/live/merge/deploy/retirement. H/log coefficient1/6 is derived notprinted/sharp; noHP/AS/uniformseed/infinitepath/oracle representation. Distinct required reused automated roles/history disclosed/requestedAstra-medium/no external human/runtime attestation. Actual76kernel/64closedProps12definitionidentities/64fullnativeguards/30VALUEpairs; root9094Tests9247/harness472skip7. Actual10835oldregistry IDsURLshashes preserved,13v2currentimages individuallyviewed. Failed proof/test/neutral equality/law-promotion/site-dependency/registry58vs59/pixel forallh attempts and exact independent-report trailing blank exception preserved; no target weakening. Complete terminal progress, not a declaration-count proxy.",
      "run_id": "online-log-lower-20261008"
    },
    "memory_policy": {
      "recent_role_relevant_limit": 5,
      "explicit_verified_lemma_ids": [],
      "whole_history_default": false
    },
    "shadow_gate": {
      "status": "pending",
      "analyzed_trial_rows": 3,
      "mismatches": [],
      "replay_transitions": 0
    },
    "mutation_policy": {
      "canonical_path_queue": true,
      "cross_process_lock": true,
      "same_file_serialized": true,
      "disjoint_files_parallel": true
    },
    "autonomous_execution": {
      "enabled": false,
      "requires_deterministic_gates": true,
      "requires_explicit_user_request": true
    }
  },
  "mismatches": [],
  "would_mutate": false
}
