{
  "id": "mem-0890d97a7339d291",
  "created_at": "2026-10-07T19:28:47+00:00",
  "type": "verified_lemma",
  "task": "ONLINE-GUESSING-LOG-LOWER-20261008",
  "provenance": {
    "kind": "source-reviewed-compiled-causal-lower-producer",
    "reference": "E:\\ABRL\\worktrees\\research-online-book\\runs\\online-log-lower-20261008\\accepted-decision-v1.json"
  },
  "assumptions": [],
  "declaration": "BanditRL.OnlineLearning.GuessingLower.randomized_log_lower",
  "file": "BanditRLProof\\OnlineGuessingLogLower.lean",
  "status": "accepted",
  "verifier_evidence": [
    "E:\\ABRL\\worktrees\\research-online-book\\runs\\online-log-lower-20261008\\final-reader-receipt-v1.json"
  ],
  "supersession": {
    "supersedes": [],
    "reason": ""
  },
  "roles": [
    "reviewer"
  ],
  "details": {
    "scope": "C1-LOG-UNAVOIDABLE required qualitative source claim supported by actual same-process normalized binary-law/moment/variance/causal-loss/shared-mean-minimum producer and true integrable bounded measurable seed averaging yielding ONE fixed path with H(T+1)/6 and log(T+2)/6 regret. All16frozen terminals have actual bodies.48publicproofs/10publicdefinition components;16named validation proofs/2fixtures. Registry adds58public+1explicitprivate source identity.",
    "remaining_required": "C1 full regret/minimum and NoRegret source reconciliation plus six OTHER main-relative contributor modules remain required and FAILUNWAIVED. Original16C1sourceitems/proof-totalnull;Chapter1open. Chapter2incomplete;3–16unenumerated/necessaryappendicesrequired/totalGoalACTIVE. ExactOPENunmergedPR190stack; no main/live/merge/deploy/retirement. H/log coefficient1/6 is derived notprinted/sharp; noHP/AS/uniformseed/infinitepath/oracle representation.",
    "source_package_accepted": true,
    "chapter_complete": false,
    "goal_complete": false,
    "merged": false,
    "live": false,
    "new_public_proofs": 48,
    "new_public_definitions": 10,
    "new_source_subobligation_closures": 1,
    "new_public_registry_nodes": 58,
    "new_private_source_registry_nodes": 1,
    "new_production_registry_nodes": 59,
    "new_named_validation_proofs": 16
  }
}
