{
  "id": "mem-8ded36a09203cf26",
  "created_at": "2026-10-07T19:28:47+00:00",
  "type": "source_fact",
  "task": "ONLINE-GUESSING-LOG-LOWER-20261008",
  "provenance": {
    "kind": "local_first_retrieval",
    "reference": "E:\\ABRL\\worktrees\\research-online-book\\runs\\online-log-lower-20261008\\public-canary-build-v3-exit.json"
  },
  "assumptions": [],
  "declaration": "",
  "file": "",
  "status": "verified",
  "verifier_evidence": [
    "Tests\\OnlineGuessingLogLowerCanary.lean"
  ],
  "supersession": {
    "supersedes": [],
    "reason": ""
  },
  "roles": [],
  "details": {
    "query": "Causal squared guessing logarithmic lower regret with policy-independent actual binary law and fixed sequence outside seed integration",
    "search_order": [
      "local declarations",
      "ABRL theorem cards",
      "Mathlib cards"
    ],
    "candidates": [
      "BanditRL.OnlineLearning.GuessingLower.randomized_harmonic_lower",
      "BanditRL.OnlineLearning.GuessingLower.randomized_log_lower"
    ],
    "rejections": [],
    "compiled_scratch": "Tests\\OnlineGuessingLogLowerCanary.lean"
  }
}
