{
  "schema_version": 1,
  "entry_id": "entry-f6eef8bc3ea71a0e",
  "session_id": "ONLINE-GUESSING-LOG-LOWER-20261008",
  "sequence": 10,
  "parent_id": "entry-99458dfd4bcefaea",
  "event_type": "accepted",
  "created_at": "2026-10-07T19:28:47+00:00",
  "payload": {
    "run_id": "online-log-lower-20261008",
    "contract_version": 1,
    "accepted_decision": "E:/ABRL/worktrees/research-online-book/runs/online-log-lower-20261008/accepted-decision-v1.json",
    "scope_only": "C1-LOG-UNAVOIDABLE",
    "source_package_accepted": true,
    "chapter_complete": false,
    "goal_complete": false,
    "merged": false,
    "live": false,
    "new_public_proofs": 48,
    "new_public_definitions": 10,
    "new_source_subobligation_closures": 1,
    "new_public_registry_nodes": 58,
    "new_private_source_registry_nodes": 1,
    "new_production_registry_nodes": 59,
    "new_named_validation_proofs": 16
  }
}
