BanditRL.OnlineLearning.GuessingLower.polyaNext [def] BanditRLProof/OnlineGuessingLogLower.lean:25
  noncomputable def polyaNext (h : List Bool) : ℝ
BanditRL.OnlineLearning.GuessingLower.pathWeight [def] BanditRLProof/OnlineGuessingLogLower.lean:29
  noncomputable def pathWeight (h : List Bool) : ℝ
BanditRL.OnlineLearning.GuessingLower.binaryStream [def] BanditRLProof/OnlineGuessingLogLower.lean:35
  def binaryStream (h : List Bool) (t : ℕ) : Bool
BanditRL.OnlineLearning.GuessingLower.binaryValues [def] BanditRLProof/OnlineGuessingLogLower.lean:38
  def binaryValues (h : List Bool) (t : ℕ) : ℝ
BanditRL.OnlineLearning.GuessingLower.causalPredict [def] BanditRLProof/OnlineGuessingLogLower.lean:42
  noncomputable def causalPredict (A : List Bool → ℝ) (y : ℕ → Bool) (t : ℕ) : ℝ
BanditRL.OnlineLearning.GuessingLower.pathRegret [def] BanditRLProof/OnlineGuessingLogLower.lean:46
  noncomputable def pathRegret (A : List Bool → ℝ) (h : List Bool) : ℝ
BanditRL.OnlineLearning.GuessingLower.pathExpectation [def] BanditRLProof/OnlineGuessingLogLower.lean:50
  noncomputable def pathExpectation (T : ℕ) (f : List Bool → ℝ) : ℝ
BanditRL.OnlineLearning.GuessingLower.prefixMeasure [def] BanditRLProof/OnlineGuessingLogLower.lean:54
  noncomputable def prefixMeasure (T : ℕ) [MeasurableSpace (List.Vector Bool T)] : Measure (List.Vector Bool T)
BanditRL.OnlineLearning.GuessingLower.probability_mem [theorem] BanditRLProof/OnlineGuessingLogLower.lean:58
  theorem probability_mem (h : List Bool) : polyaNext h ∈ Ioo (0 : ℝ) 1
BanditRL.OnlineLearning.GuessingLower.branch_mass [theorem] BanditRLProof/OnlineGuessingLogLower.lean:69
  theorem branch_mass (h : List Bool) : pathWeight (false :: h) + pathWeight (true :: h) = pathWeight h
BanditRL.OnlineLearning.GuessingLower.pathWeight_nonneg [theorem] BanditRLProof/OnlineGuessingLogLower.lean:74
  theorem pathWeight_nonneg (h : List Bool) : 0 ≤ pathWeight h
BanditRL.OnlineLearning.GuessingLower.sum_vectors_succ [theorem] BanditRLProof/OnlineGuessingLogLower.lean:91
  theorem sum_vectors_succ (T : ℕ) (f : List Bool → ℝ) : (∑ v : List.Vector Bool (T + 1), f v.toList) = ∑ v : List.Vector Bool T, (f (false :: v.toList) + f (true :: v.toList))
BanditRL.OnlineLearning.GuessingLower.prefix_mass_one [theorem] BanditRLProof/OnlineGuessingLogLower.lean:98
  theorem prefix_mass_one (T : ℕ) : (∑ v : List.Vector Bool T, pathWeight v.toList) = 1
BanditRL.OnlineLearning.GuessingLower.prefix_distribution [theorem] BanditRLProof/OnlineGuessingLogLower.lean:106
  theorem prefix_distribution (T : ℕ) : BanditRLProof.Exp3.FiniteActionDistribution (univ : Finset (List.Vector Bool T)) (fun v => pathWeight v.toList)
BanditRL.OnlineLearning.GuessingLower.prefixMeasure_probability [theorem] BanditRLProof/OnlineGuessingLogLower.lean:113
  theorem prefixMeasure_probability (T : ℕ) [MeasurableSpace (List.Vector Bool T)] [MeasurableSingletonClass (List.Vector Bool T)] : IsProbabilityMeasure (prefixMeasure T)
BanditRL.OnlineLearning.GuessingLower.pathExpectation_integral [theorem] BanditRLProof/OnlineGuessingLogLower.lean:118
  theorem pathExpectation_integral (T : ℕ) [MeasurableSpace (List.Vector Bool T)] [MeasurableSingletonClass (List.Vector Bool T)] (f : List Bool → ℝ) : (∫ v, f v.toList ∂prefixMeasure T) = pathExpectation T f
BanditRL.OnlineLearning.GuessingLower.pathExpectation_congr [theorem] BanditRLProof/OnlineGuessingLogLower.lean:124
  theorem pathExpectation_congr (T : ℕ) (f g : List Bool → ℝ) (hfg : ∀ h, h.length = T → f h = g h) : pathExpectation T f = pathExpectation T g
BanditRL.OnlineLearning.GuessingLower.pathExpectation_const [theorem] BanditRLProof/OnlineGuessingLogLower.lean:131
  theorem pathExpectation_const (T : ℕ) (c : ℝ) : pathExpectation T (fun _ => c) = c
BanditRL.OnlineLearning.GuessingLower.pathExpectation_add [theorem] BanditRLProof/OnlineGuessingLogLower.lean:135
  theorem pathExpectation_add (T : ℕ) (f g : List Bool → ℝ) : pathExpectation T (fun h => f h + g h) = pathExpectation T f + pathExpectation T g
BanditRL.OnlineLearning.GuessingLower.pathExpectation_sub [theorem] BanditRLProof/OnlineGuessingLogLower.lean:139
  theorem pathExpectation_sub (T : ℕ) (f g : List Bool → ℝ) : pathExpectation T (fun h => f h - g h) = pathExpectation T f - pathExpectation T g
BanditRL.OnlineLearning.GuessingLower.pathExpectation_const_mul [theorem] BanditRLProof/OnlineGuessingLogLower.lean:143
  theorem pathExpectation_const_mul (T : ℕ) (c : ℝ) (f : List Bool → ℝ) : pathExpectation T (fun h => c * f h) = c * pathExpectation T f
BanditRL.OnlineLearning.GuessingLower.pathExpectation_div [theorem] BanditRLProof/OnlineGuessingLogLower.lean:150
  theorem pathExpectation_div (T : ℕ) (f : List Bool → ℝ) (c : ℝ) : pathExpectation T (fun h => f h / c) = pathExpectation T f / c
BanditRL.OnlineLearning.GuessingLower.pathExpectation_succ [theorem] BanditRLProof/OnlineGuessingLogLower.lean:155
  theorem pathExpectation_succ (T : ℕ) (f : List Bool → ℝ) : pathExpectation (T + 1) f = pathExpectation T (fun h => (1 - polyaNext h) * f (false :: h) + polyaNext h * f (true :: h))
BanditRL.OnlineLearning.GuessingLower.heads_succ [theorem] BanditRLProof/OnlineGuessingLogLower.lean:165
  theorem heads_succ (T : ℕ) : pathExpectation (T + 1) (fun h => (h.count true : ℝ)) = pathExpectation T (fun h => (h.count true : ℝ)) + (pathExpectation T (fun h => (h.count true : ℝ)) + 1) / ((T : ℝ) + 2)
BanditRL.OnlineLearning.GuessingLower.heads_sq_succ [theorem] BanditRLProof/OnlineGuessingLogLower.lean:181
  theorem heads_sq_succ (T : ℕ) : pathExpectation (T + 1) (fun h => (h.count true : ℝ)^2) = pathExpectation T (fun h => (h.count true : ℝ)^2) + (2 * pathExpectation T (fun h => (h.count true : ℝ)^2) + 3 * pathExpectation T (fun h => (h.count true : ℝ)) + 1) / ((T : ℝ) + 2)
BanditRL.OnlineLearning.GuessingLower.expected_heads [theorem] BanditRLProof/OnlineGuessingLogLower.lean:201
  theorem expected_heads (T : ℕ) : pathExpectation T (fun h => (h.count true : ℝ)) = (T : ℝ) / 2
BanditRL.OnlineLearning.GuessingLower.expected_heads_sq [theorem] BanditRLProof/OnlineGuessingLogLower.lean:211
  theorem expected_heads_sq (T : ℕ) : pathExpectation T (fun h => (h.count true : ℝ)^2) = (T : ℝ) * (2 * (T : ℝ) + 1) / 6
BanditRL.OnlineLearning.GuessingLower.expected_next_variance [theorem] BanditRLProof/OnlineGuessingLogLower.lean:222
  theorem expected_next_variance (T : ℕ) : pathExpectation T (fun h => polyaNext h * (1 - polyaNext h)) = ((T : ℝ) + 3) / (6 * ((T : ℝ) + 2))
BanditRL.OnlineLearning.GuessingLower.causalPredict_prefix [theorem] BanditRLProof/OnlineGuessingLogLower.lean:241
  theorem causalPredict_prefix (A : List Bool → ℝ) (y z : ℕ → Bool) (t : ℕ) (hpast : ∀ i < t, y i = z i) : causalPredict A y t = causalPredict A z t
BanditRL.OnlineLearning.GuessingLower.binary_mean_minimizer [theorem] BanditRLProof/OnlineGuessingLogLower.lean:249
  theorem binary_mean_minimizer (h : List Bool) (hpos : 0 < h.length) : empiricalMean (binaryValues h) h.length ∈ Icc (0 : ℝ) 1 ∧ ∀ u ∈ Icc (0 : ℝ) 1, (∑ t ∈ range h.length, (empiricalMean (binaryValues h) h.length - binaryValues h t)^2) ≤ ∑ t ∈ range h.length, (u - binaryValues h t)^2
BanditRL.OnlineLearning.GuessingLower.conditional_square_lower [theorem] BanditRLProof/OnlineGuessingLogLower.lean:258
  theorem conditional_square_lower (h : List Bool) (x : ℝ) : polyaNext h * (1 - polyaNext h) ≤ (1 - polyaNext h) * x^2 + polyaNext h * (x - 1)^2
BanditRL.OnlineLearning.GuessingLower.binaryStream_cons_prefix [theorem] BanditRLProof/OnlineGuessingLogLower.lean:262
  theorem binaryStream_cons_prefix (b : Bool) (h : List Bool) (t : ℕ) (ht : t < h.length) : binaryStream (b :: h) t = binaryStream h t
BanditRL.OnlineLearning.GuessingLower.binaryStream_cons_last [theorem] BanditRLProof/OnlineGuessingLogLower.lean:268
  theorem binaryStream_cons_last (b : Bool) (h : List Bool) : binaryStream (b :: h) h.length = b
BanditRL.OnlineLearning.GuessingLower.binaryValues_cons_prefix [theorem] BanditRLProof/OnlineGuessingLogLower.lean:272
  theorem binaryValues_cons_prefix (b : Bool) (h : List Bool) (t : ℕ) (ht : t < h.length) : binaryValues (b :: h) t = binaryValues h t
BanditRL.OnlineLearning.GuessingLower.causalPredict_history [theorem] BanditRLProof/OnlineGuessingLogLower.lean:276
  theorem causalPredict_history (A : List Bool → ℝ) (h : List Bool) : causalPredict A (binaryStream h) h.length = A h
BanditRL.OnlineLearning.GuessingLower.causalPredict_cons_last [theorem] BanditRLProof/OnlineGuessingLogLower.lean:286
  theorem causalPredict_cons_last (A : List Bool → ℝ) (b : Bool) (h : List Bool) : causalPredict A (binaryStream (b :: h)) h.length = A h
BanditRL.OnlineLearning.GuessingLower.pathLearnerLoss [def] BanditRLProof/OnlineGuessingLogLower.lean:295
  noncomputable def pathLearnerLoss (A : List Bool → ℝ) (h : List Bool) : ℝ
BanditRL.OnlineLearning.GuessingLower.pathBestLoss [def] BanditRLProof/OnlineGuessingLogLower.lean:299
  noncomputable def pathBestLoss (h : List Bool) : ℝ
BanditRL.OnlineLearning.GuessingLower.pathRegret_eq_losses [theorem] BanditRLProof/OnlineGuessingLogLower.lean:302
  theorem pathRegret_eq_losses (A : List Bool → ℝ) (h : List Bool) : pathRegret A h = pathLearnerLoss A h - pathBestLoss h
BanditRL.OnlineLearning.GuessingLower.pathLearnerLoss_cons [theorem] BanditRLProof/OnlineGuessingLogLower.lean:305
  theorem pathLearnerLoss_cons (A : List Bool → ℝ) (b : Bool) (h : List Bool) : pathLearnerLoss A (b :: h) = pathLearnerLoss A h + (A h - if b then 1 else 0)^2
BanditRL.OnlineLearning.GuessingLower.binaryValues_sum [theorem] BanditRLProof/OnlineGuessingLogLower.lean:321
  theorem binaryValues_sum (h : List Bool) : (∑ t ∈ range h.length, binaryValues h t) = (h.count true : ℝ)
BanditRL.OnlineLearning.GuessingLower.binaryValues_sq [theorem] BanditRLProof/OnlineGuessingLogLower.lean:335
  theorem binaryValues_sq (h : List Bool) (t : ℕ) : (binaryValues h t)^2 = binaryValues h t
BanditRL.OnlineLearning.GuessingLower.pathBestLoss_count [theorem] BanditRLProof/OnlineGuessingLogLower.lean:340
  theorem pathBestLoss_count (h : List Bool) (hpos : 0 < h.length) : pathBestLoss h = (h.count true : ℝ) - (h.count true : ℝ)^2 / (h.length : ℝ)
BanditRL.OnlineLearning.GuessingLower.expected_pathBestLoss [theorem] BanditRLProof/OnlineGuessingLogLower.lean:365
  theorem expected_pathBestLoss (T : ℕ) (hT : 0 < T) : pathExpectation T pathBestLoss = ((T : ℝ) - 1) / 6
BanditRL.OnlineLearning.GuessingLower.pathExpectation_mono [theorem] BanditRLProof/OnlineGuessingLogLower.lean:379
  theorem pathExpectation_mono (T : ℕ) (f g : List Bool → ℝ) (hfg : ∀ h, h.length = T → f h ≤ g h) : pathExpectation T f ≤ pathExpectation T g
BanditRL.OnlineLearning.GuessingLower.expected_pathLearnerLoss_succ [theorem] BanditRLProof/OnlineGuessingLogLower.lean:386
  theorem expected_pathLearnerLoss_succ (A : List Bool → ℝ) (T : ℕ) : pathExpectation (T + 1) (pathLearnerLoss A) = pathExpectation T (pathLearnerLoss A) + pathExpectation T (fun h => (1 - polyaNext h) * (A h)^2 + polyaNext h * (A h - 1)^2)
BanditRL.OnlineLearning.GuessingLower.expected_pathLearnerLoss_step [theorem] BanditRLProof/OnlineGuessingLogLower.lean:402
  theorem expected_pathLearnerLoss_step (A : List Bool → ℝ) (T : ℕ) : pathExpectation T (pathLearnerLoss A) + ((T : ℝ) + 3) / (6 * ((T : ℝ) + 2)) ≤ pathExpectation (T + 1) (pathLearnerLoss A)
BanditRL.OnlineLearning.GuessingLower.variance_sum [theorem] BanditRLProof/OnlineGuessingLogLower.lean:411
  theorem variance_sum (T : ℕ) : (∑ t ∈ range T, ((t : ℝ) + 3) / (6 * ((t : ℝ) + 2))) = (T : ℝ) / 6 + ((harmonic (T + 1) : ℝ) - 1) / 6
BanditRL.OnlineLearning.GuessingLower.expected_pathLearnerLoss_lower [theorem] BanditRLProof/OnlineGuessingLogLower.lean:423
  theorem expected_pathLearnerLoss_lower (A : List Bool → ℝ) (T : ℕ) : (∑ t ∈ range T, ((t : ℝ) + 3) / (6 * ((t : ℝ) + 2))) ≤ pathExpectation T (pathLearnerLoss A)
BanditRL.OnlineLearning.GuessingLower.expected_pathRegret_lower [theorem] BanditRLProof/OnlineGuessingLogLower.lean:432
  theorem expected_pathRegret_lower (A : List Bool → ℝ) (T : ℕ) (hT : 0 < T) : (harmonic (T + 1) : ℝ) / 6 ≤ pathExpectation T (pathRegret A)
BanditRL.OnlineLearning.GuessingLower.pathWeight_pos [theorem] BanditRLProof/OnlineGuessingLogLower.lean:444
  theorem pathWeight_pos (h : List Bool) : 0 < pathWeight h
BanditRL.OnlineLearning.GuessingLower.square_loss_mem [theorem] BanditRLProof/OnlineGuessingLogLower.lean:452
  theorem square_loss_mem (x y : ℝ) (hx : x ∈ Icc (0 : ℝ) 1) (hy : y ∈ Icc (0 : ℝ) 1) : (x - y)^2 ∈ Icc (0 : ℝ) 1
BanditRL.OnlineLearning.GuessingLower.square_loss_sum_mem [theorem] BanditRLProof/OnlineGuessingLogLower.lean:459
  theorem square_loss_sum_mem (T : ℕ) (p y : ℕ → ℝ) (hp : ∀ t < T, p t ∈ Icc (0 : ℝ) 1) (hy : ∀ t < T, y t ∈ Icc (0 : ℝ) 1) : (∑ t ∈ range T, (p t - y t)^2) ∈ Icc (0 : ℝ) T
BanditRL.OnlineLearning.GuessingLower.pathRegret_abs_le [theorem] BanditRLProof/OnlineGuessingLogLower.lean:470
  theorem pathRegret_abs_le (A : List Bool → ℝ) (h : List Bool) (hbound : ∀ k, A k ∈ Icc (0 : ℝ) 1) : |pathRegret A h| ≤ (h.length : ℝ)
BanditRL.OnlineLearning.GuessingLower.pathRegret_measurable [theorem] BanditRLProof/OnlineGuessingLogLower.lean:491
  theorem pathRegret_measurable {Ω : Type*} [MeasurableSpace Ω] (A : Ω → List Bool → ℝ) (hA : ∀ h, Measurable (fun ω => A ω h)) (h : List Bool) : Measurable (fun ω => pathRegret (A ω) h)
BanditRL.OnlineLearning.GuessingLower.pathRegret_integrable [theorem] BanditRLProof/OnlineGuessingLogLower.lean:501
  theorem pathRegret_integrable {Ω : Type*} [MeasurableSpace Ω] (μ : Measure Ω) [IsProbabilityMeasure μ] (A : Ω → List Bool → ℝ) (hA : ∀ h, Measurable (fun ω => A ω h)) (hbound : ∀ ω h, A ω h ∈ Icc (0 : ℝ) 1) (h : List Bool) : Integrable (fun ω => pathRegret (A ω) h) μ
BanditRL.OnlineLearning.GuessingLower.randomized_harmonic_lower [theorem] BanditRLProof/OnlineGuessingLogLower.lean:509
  theorem randomized_harmonic_lower {Ω : Type*} [MeasurableSpace Ω] (μ : Measure Ω) [IsProbabilityMeasure μ] (A : Ω → List Bool → ℝ) (hA : ∀ h, Measurable (fun ω => A ω h)) (hbound : ∀ ω h, A ω h ∈ Icc (0 : ℝ) 1) (T : ℕ) (hT : 0 < T) : ∃ v : List.Vector Bool T, (harmonic (T + 1) : ℝ) / 6 ≤ ∫ ω, pathRegret (A ω) v.toList ∂μ
BanditRL.OnlineLearning.GuessingLower.randomized_log_lower [theorem] BanditRLProof/OnlineGuessingLogLower.lean:542
  theorem randomized_log_lower {Ω : Type*} [MeasurableSpace Ω] (μ : Measure Ω) [IsProbabilityMeasure μ] (A : Ω → List Bool → ℝ) (hA : ∀ h, Measurable (fun ω => A ω h)) (hbound : ∀ ω h, A ω h ∈ Icc (0 : ℝ) 1) (T : ℕ) (hT : 0 < T) : ∃ v : List.Vector Bool T, Real.log ((T : ℝ) + 2) / 6 ≤ ∫ ω, pathRegret (A ω) v.toList ∂μ
