E:\ABRL\worktrees\research-online-book\runs\online-log-lower-20261008\leaves\all-exact-types-v2.lean:80:35: warning: unused variable `hfg`

Note: This linter can be disabled with `set_option linter.unusedVariables false`
E:\ABRL\worktrees\research-online-book\runs\online-log-lower-20261008\leaves\all-exact-types-v2.lean:116:50: warning: unused variable `hpast`

Note: This linter can be disabled with `set_option linter.unusedVariables false`
E:\ABRL\worktrees\research-online-book\runs\online-log-lower-20261008\leaves\all-exact-types-v2.lean:119:21: warning: unused variable `hpos`

Note: This linter can be disabled with `set_option linter.unusedVariables false`
E:\ABRL\worktrees\research-online-book\runs\online-log-lower-20261008\leaves\all-exact-types-v2.lean:125:40: warning: unused variable `ht`

Note: This linter can be disabled with `set_option linter.unusedVariables false`
E:\ABRL\worktrees\research-online-book\runs\online-log-lower-20261008\leaves\all-exact-types-v2.lean:131:40: warning: unused variable `ht`

Note: This linter can be disabled with `set_option linter.unusedVariables false`
E:\ABRL\worktrees\research-online-book\runs\online-log-lower-20261008\leaves\all-exact-types-v2.lean:152:21: warning: unused variable `hpos`

Note: This linter can be disabled with `set_option linter.unusedVariables false`
E:\ABRL\worktrees\research-online-book\runs\online-log-lower-20261008\leaves\all-exact-types-v2.lean:155:13: warning: unused variable `hT`

Note: This linter can be disabled with `set_option linter.unusedVariables false`
E:\ABRL\worktrees\research-online-book\runs\online-log-lower-20261008\leaves\all-exact-types-v2.lean:158:35: warning: unused variable `hfg`

Note: This linter can be disabled with `set_option linter.unusedVariables false`
E:\ABRL\worktrees\research-online-book\runs\online-log-lower-20261008\leaves\all-exact-types-v2.lean:173:33: warning: unused variable `hT`

Note: This linter can be disabled with `set_option linter.unusedVariables false`
E:\ABRL\worktrees\research-online-book\runs\online-log-lower-20261008\leaves\all-exact-types-v2.lean:179:15: warning: unused variable `hx`

Note: This linter can be disabled with `set_option linter.unusedVariables false`
E:\ABRL\worktrees\research-online-book\runs\online-log-lower-20261008\leaves\all-exact-types-v2.lean:179:40: warning: unused variable `hy`

Note: This linter can be disabled with `set_option linter.unusedVariables false`
E:\ABRL\worktrees\research-online-book\runs\online-log-lower-20261008\leaves\all-exact-types-v2.lean:182:27: warning: unused variable `hp`

Note: This linter can be disabled with `set_option linter.unusedVariables false`
E:\ABRL\worktrees\research-online-book\runs\online-log-lower-20261008\leaves\all-exact-types-v2.lean:182:63: warning: unused variable `hy`

Note: This linter can be disabled with `set_option linter.unusedVariables false`
E:\ABRL\worktrees\research-online-book\runs\online-log-lower-20261008\leaves\all-exact-types-v2.lean:185:41: warning: unused variable `hbound`

Note: This linter can be disabled with `set_option linter.unusedVariables false`
E:\ABRL\worktrees\research-online-book\runs\online-log-lower-20261008\leaves\all-exact-types-v2.lean:188:62: warning: unused variable `hA`

Note: This linter can be disabled with `set_option linter.unusedVariables false`
E:\ABRL\worktrees\research-online-book\runs\online-log-lower-20261008\leaves\all-exact-types-v2.lean:191:103: warning: unused variable `hA`

Note: This linter can be disabled with `set_option linter.unusedVariables false`
E:\ABRL\worktrees\research-online-book\runs\online-log-lower-20261008\leaves\all-exact-types-v2.lean:191:143: warning: unused variable `hbound`

Note: This linter can be disabled with `set_option linter.unusedVariables false`
E:\ABRL\worktrees\research-online-book\runs\online-log-lower-20261008\leaves\all-exact-types-v2.lean:194:103: warning: unused variable `hA`

Note: This linter can be disabled with `set_option linter.unusedVariables false`
E:\ABRL\worktrees\research-online-book\runs\online-log-lower-20261008\leaves\all-exact-types-v2.lean:194:143: warning: unused variable `hbound`

Note: This linter can be disabled with `set_option linter.unusedVariables false`
E:\ABRL\worktrees\research-online-book\runs\online-log-lower-20261008\leaves\all-exact-types-v2.lean:194:191: warning: unused variable `hT`

Note: This linter can be disabled with `set_option linter.unusedVariables false`
E:\ABRL\worktrees\research-online-book\runs\online-log-lower-20261008\leaves\all-exact-types-v2.lean:197:103: warning: unused variable `hA`

Note: This linter can be disabled with `set_option linter.unusedVariables false`
E:\ABRL\worktrees\research-online-book\runs\online-log-lower-20261008\leaves\all-exact-types-v2.lean:197:143: warning: unused variable `hbound`

Note: This linter can be disabled with `set_option linter.unusedVariables false`
E:\ABRL\worktrees\research-online-book\runs\online-log-lower-20261008\leaves\all-exact-types-v2.lean:197:191: warning: unused variable `hT`

Note: This linter can be disabled with `set_option linter.unusedVariables false`
E:\ABRL\worktrees\research-online-book\runs\online-log-lower-20261008\leaves\all-exact-types-v2.lean:245:13: warning: unused variable `hT`

Note: This linter can be disabled with `set_option linter.unusedVariables false`
E:\ABRL\worktrees\research-online-book\runs\online-log-lower-20261008\leaves\all-exact-types-v2.lean:262:2: error: `simp` made no progress
E:\ABRL\worktrees\research-online-book\runs\online-log-lower-20261008\leaves\all-exact-types-v2.lean:264:2: error: `simp` made no progress
E:\ABRL\worktrees\research-online-book\runs\online-log-lower-20261008\leaves\all-exact-types-v2.lean:279:2: error: `simp` made no progress
E:\ABRL\worktrees\research-online-book\runs\online-log-lower-20261008\leaves\all-exact-types-v2.lean:282:35: warning: This simp argument is unused:
  NeutralContext.f7_eq

Hint: Omit it from the simp argument list.
  simp only [NeutralContext.f2_eq, NeutralContext.f7̵_̵e̵q̵,̵ ̵N̵e̵u̵t̵r̵a̵l̵C̵o̵n̵t̵e̵x̵t̵.̵f̵8_eq, NeutralContext.P_eq]

Note: This linter can be disabled with `set_option linter.unusedSimpArgs false`
E:\ABRL\worktrees\research-online-book\runs\online-log-lower-20261008\leaves\all-exact-types-v2.lean:282:57: warning: This simp argument is unused:
  NeutralContext.f8_eq

Hint: Omit it from the simp argument list.
  simp only [NeutralContext.f2_eq, NeutralContext.f7_eq, NeutralContext.f̵8̵_̵e̵q̵,̵ ̵N̵e̵u̵t̵r̵a̵l̵C̵o̵n̵t̵e̵x̵t̵.̵P_eq]

Note: This linter can be disabled with `set_option linter.unusedSimpArgs false`
E:\ABRL\worktrees\research-online-book\runs\online-log-lower-20261008\leaves\all-exact-types-v2.lean:282:79: warning: This simp argument is unused:
  NeutralContext.P_eq

Hint: Omit it from the simp argument list.
  simp only [NeutralContext.f2_eq, NeutralContext.f7_eq, NeutralContext.f8_eq,̵ ̵N̵e̵u̵t̵r̵a̵l̵C̵o̵n̵t̵e̵x̵t̵.̵P̵_̵e̵q̵]

Note: This linter can be disabled with `set_option linter.unusedSimpArgs false`
E:\ABRL\worktrees\research-online-book\runs\online-log-lower-20261008\leaves\all-exact-types-v2.lean:282:104: warning: 'rfl' tactic does nothing

Note: This linter can be disabled with `set_option linter.unusedTactic false`
E:\ABRL\worktrees\research-online-book\runs\online-log-lower-20261008\leaves\all-exact-types-v2.lean:282:104: warning: this tactic is never executed

Note: This linter can be disabled with `set_option linter.unreachableTactic false`
E:\ABRL\worktrees\research-online-book\runs\online-log-lower-20261008\leaves\all-exact-types-v2.lean:285:35: warning: This simp argument is unused:
  NeutralContext.f7_eq

Hint: Omit it from the simp argument list.
  simp only [NeutralContext.f2_eq, NeutralContext.f7̵_̵e̵q̵,̵ ̵N̵e̵u̵t̵r̵a̵l̵C̵o̵n̵t̵e̵x̵t̵.̵f̵8_eq, NeutralContext.P_eq]

Note: This linter can be disabled with `set_option linter.unusedSimpArgs false`
E:\ABRL\worktrees\research-online-book\runs\online-log-lower-20261008\leaves\all-exact-types-v2.lean:285:57: warning: This simp argument is unused:
  NeutralContext.f8_eq

Hint: Omit it from the simp argument list.
  simp only [NeutralContext.f2_eq, NeutralContext.f7_eq, NeutralContext.f̵8̵_̵e̵q̵,̵ ̵N̵e̵u̵t̵r̵a̵l̵C̵o̵n̵t̵e̵x̵t̵.̵P_eq]

Note: This linter can be disabled with `set_option linter.unusedSimpArgs false`
E:\ABRL\worktrees\research-online-book\runs\online-log-lower-20261008\leaves\all-exact-types-v2.lean:285:79: warning: This simp argument is unused:
  NeutralContext.P_eq

Hint: Omit it from the simp argument list.
  simp only [NeutralContext.f2_eq, NeutralContext.f7_eq, NeutralContext.f8_eq,̵ ̵N̵e̵u̵t̵r̵a̵l̵C̵o̵n̵t̵e̵x̵t̵.̵P̵_̵e̵q̵]

Note: This linter can be disabled with `set_option linter.unusedSimpArgs false`
E:\ABRL\worktrees\research-online-book\runs\online-log-lower-20261008\leaves\all-exact-types-v2.lean:285:104: warning: 'rfl' tactic does nothing

Note: This linter can be disabled with `set_option linter.unusedTactic false`
E:\ABRL\worktrees\research-online-book\runs\online-log-lower-20261008\leaves\all-exact-types-v2.lean:285:104: warning: this tactic is never executed

Note: This linter can be disabled with `set_option linter.unreachableTactic false`
E:\ABRL\worktrees\research-online-book\runs\online-log-lower-20261008\leaves\all-exact-types-v2.lean:288:13: warning: This simp argument is unused:
  NeutralContext.f2_eq

Hint: Omit it from the simp argument list.
  simp only [NeutralContext.f2̵_̵e̵q̵,̵ ̵N̵e̵u̵t̵r̵a̵l̵C̵o̵n̵t̵e̵x̵t̵.̵f̵7_eq, NeutralContext.f8_eq, NeutralContext.P_eq]

Note: This linter can be disabled with `set_option linter.unusedSimpArgs false`
E:\ABRL\worktrees\research-online-book\runs\online-log-lower-20261008\leaves\all-exact-types-v2.lean:288:35: warning: This simp argument is unused:
  NeutralContext.f7_eq

Hint: Omit it from the simp argument list.
  simp only [NeutralContext.f2_eq, NeutralContext.f7̵_̵e̵q̵,̵ ̵N̵e̵u̵t̵r̵a̵l̵C̵o̵n̵t̵e̵x̵t̵.̵f̵8_eq, NeutralContext.P_eq]

Note: This linter can be disabled with `set_option linter.unusedSimpArgs false`
E:\ABRL\worktrees\research-online-book\runs\online-log-lower-20261008\leaves\all-exact-types-v2.lean:288:57: warning: This simp argument is unused:
  NeutralContext.f8_eq

Hint: Omit it from the simp argument list.
  simp only [NeutralContext.f2_eq, NeutralContext.f7_eq, NeutralContext.f̵8̵_̵e̵q̵,̵ ̵N̵e̵u̵t̵r̵a̵l̵C̵o̵n̵t̵e̵x̵t̵.̵P_eq]

Note: This linter can be disabled with `set_option linter.unusedSimpArgs false`
E:\ABRL\worktrees\research-online-book\runs\online-log-lower-20261008\leaves\all-exact-types-v2.lean:288:79: warning: This simp argument is unused:
  NeutralContext.P_eq

Hint: Omit it from the simp argument list.
  simp only [NeutralContext.f2_eq, NeutralContext.f7_eq, NeutralContext.f8_eq,̵ ̵N̵e̵u̵t̵r̵a̵l̵C̵o̵n̵t̵e̵x̵t̵.̵P̵_̵e̵q̵]

Note: This linter can be disabled with `set_option linter.unusedSimpArgs false`
E:\ABRL\worktrees\research-online-book\runs\online-log-lower-20261008\leaves\all-exact-types-v2.lean:288:104: warning: 'rfl' tactic does nothing

Note: This linter can be disabled with `set_option linter.unusedTactic false`
E:\ABRL\worktrees\research-online-book\runs\online-log-lower-20261008\leaves\all-exact-types-v2.lean:288:104: warning: this tactic is never executed

Note: This linter can be disabled with `set_option linter.unreachableTactic false`
E:\ABRL\worktrees\research-online-book\runs\online-log-lower-20261008\leaves\all-exact-types-v2.lean:291:35: warning: This simp argument is unused:
  NeutralContext.f7_eq

Hint: Omit it from the simp argument list.
  simp only [NeutralContext.f2_eq, NeutralContext.f7̵_̵e̵q̵,̵ ̵N̵e̵u̵t̵r̵a̵l̵C̵o̵n̵t̵e̵x̵t̵.̵f̵8_eq, NeutralContext.P_eq]

Note: This linter can be disabled with `set_option linter.unusedSimpArgs false`
E:\ABRL\worktrees\research-online-book\runs\online-log-lower-20261008\leaves\all-exact-types-v2.lean:291:57: warning: This simp argument is unused:
  NeutralContext.f8_eq

Hint: Omit it from the simp argument list.
  simp only [NeutralContext.f2_eq, NeutralContext.f7_eq, NeutralContext.f̵8̵_̵e̵q̵,̵ ̵N̵e̵u̵t̵r̵a̵l̵C̵o̵n̵t̵e̵x̵t̵.̵P_eq]

Note: This linter can be disabled with `set_option linter.unusedSimpArgs false`
E:\ABRL\worktrees\research-online-book\runs\online-log-lower-20261008\leaves\all-exact-types-v2.lean:291:79: warning: This simp argument is unused:
  NeutralContext.P_eq

Hint: Omit it from the simp argument list.
  simp only [NeutralContext.f2_eq, NeutralContext.f7_eq, NeutralContext.f8_eq,̵ ̵N̵e̵u̵t̵r̵a̵l̵C̵o̵n̵t̵e̵x̵t̵.̵P̵_̵e̵q̵]

Note: This linter can be disabled with `set_option linter.unusedSimpArgs false`
E:\ABRL\worktrees\research-online-book\runs\online-log-lower-20261008\leaves\all-exact-types-v2.lean:291:104: warning: 'rfl' tactic does nothing

Note: This linter can be disabled with `set_option linter.unusedTactic false`
E:\ABRL\worktrees\research-online-book\runs\online-log-lower-20261008\leaves\all-exact-types-v2.lean:291:104: warning: this tactic is never executed

Note: This linter can be disabled with `set_option linter.unreachableTactic false`
E:\ABRL\worktrees\research-online-book\runs\online-log-lower-20261008\leaves\all-exact-types-v2.lean:294:35: warning: This simp argument is unused:
  NeutralContext.f7_eq

Hint: Omit it from the simp argument list.
  simp only [NeutralContext.f2_eq, NeutralContext.f7̵_̵e̵q̵,̵ ̵N̵e̵u̵t̵r̵a̵l̵C̵o̵n̵t̵e̵x̵t̵.̵f̵8_eq, NeutralContext.P_eq]

Note: This linter can be disabled with `set_option linter.unusedSimpArgs false`
E:\ABRL\worktrees\research-online-book\runs\online-log-lower-20261008\leaves\all-exact-types-v2.lean:294:57: warning: This simp argument is unused:
  NeutralContext.f8_eq

Hint: Omit it from the simp argument list.
  simp only [NeutralContext.f2_eq, NeutralContext.f7_eq, NeutralContext.f̵8̵_̵e̵q̵,̵ ̵N̵e̵u̵t̵r̵a̵l̵C̵o̵n̵t̵e̵x̵t̵.̵P_eq]

Note: This linter can be disabled with `set_option linter.unusedSimpArgs false`
E:\ABRL\worktrees\research-online-book\runs\online-log-lower-20261008\leaves\all-exact-types-v2.lean:294:104: warning: 'rfl' tactic does nothing

Note: This linter can be disabled with `set_option linter.unusedTactic false`
E:\ABRL\worktrees\research-online-book\runs\online-log-lower-20261008\leaves\all-exact-types-v2.lean:294:104: warning: this tactic is never executed

Note: This linter can be disabled with `set_option linter.unreachableTactic false`
E:\ABRL\worktrees\research-online-book\runs\online-log-lower-20261008\leaves\all-exact-types-v2.lean:297:13: warning: This simp argument is unused:
  NeutralContext.f2_eq

Hint: Omit it from the simp argument list.
  simp only [NeutralContext.f2̵_̵e̵q̵,̵ ̵N̵e̵u̵t̵r̵a̵l̵C̵o̵n̵t̵e̵x̵t̵.̵f̵7_eq, NeutralContext.f8_eq, NeutralContext.P_eq]

Note: This linter can be disabled with `set_option linter.unusedSimpArgs false`
E:\ABRL\worktrees\research-online-book\runs\online-log-lower-20261008\leaves\all-exact-types-v2.lean:297:35: warning: This simp argument is unused:
  NeutralContext.f7_eq

Hint: Omit it from the simp argument list.
  simp only [NeutralContext.f2_eq, NeutralContext.f7̵_̵e̵q̵,̵ ̵N̵e̵u̵t̵r̵a̵l̵C̵o̵n̵t̵e̵x̵t̵.̵f̵8_eq, NeutralContext.P_eq]

Note: This linter can be disabled with `set_option linter.unusedSimpArgs false`
E:\ABRL\worktrees\research-online-book\runs\online-log-lower-20261008\leaves\all-exact-types-v2.lean:297:79: warning: This simp argument is unused:
  NeutralContext.P_eq

Hint: Omit it from the simp argument list.
  simp only [NeutralContext.f2_eq, NeutralContext.f7_eq, NeutralContext.f8_eq,̵ ̵N̵e̵u̵t̵r̵a̵l̵C̵o̵n̵t̵e̵x̵t̵.̵P̵_̵e̵q̵]

Note: This linter can be disabled with `set_option linter.unusedSimpArgs false`
E:\ABRL\worktrees\research-online-book\runs\online-log-lower-20261008\leaves\all-exact-types-v2.lean:297:104: warning: 'rfl' tactic does nothing

Note: This linter can be disabled with `set_option linter.unusedTactic false`
E:\ABRL\worktrees\research-online-book\runs\online-log-lower-20261008\leaves\all-exact-types-v2.lean:297:104: warning: this tactic is never executed

Note: This linter can be disabled with `set_option linter.unreachableTactic false`
E:\ABRL\worktrees\research-online-book\runs\online-log-lower-20261008\leaves\all-exact-types-v2.lean:300:13: warning: This simp argument is unused:
  NeutralContext.f2_eq

Hint: Omit it from the simp argument list.
  simp only [NeutralContext.f2̵_̵e̵q̵,̵ ̵N̵e̵u̵t̵r̵a̵l̵C̵o̵n̵t̵e̵x̵t̵.̵f̵7_eq, NeutralContext.f8_eq, NeutralContext.P_eq]

Note: This linter can be disabled with `set_option linter.unusedSimpArgs false`
E:\ABRL\worktrees\research-online-book\runs\online-log-lower-20261008\leaves\all-exact-types-v2.lean:300:79: warning: This simp argument is unused:
  NeutralContext.P_eq

Hint: Omit it from the simp argument list.
  simp only [NeutralContext.f2_eq, NeutralContext.f7_eq, NeutralContext.f8_eq,̵ ̵N̵e̵u̵t̵r̵a̵l̵C̵o̵n̵t̵e̵x̵t̵.̵P̵_̵e̵q̵]

Note: This linter can be disabled with `set_option linter.unusedSimpArgs false`
E:\ABRL\worktrees\research-online-book\runs\online-log-lower-20261008\leaves\all-exact-types-v2.lean:300:104: warning: 'rfl' tactic does nothing

Note: This linter can be disabled with `set_option linter.unusedTactic false`
E:\ABRL\worktrees\research-online-book\runs\online-log-lower-20261008\leaves\all-exact-types-v2.lean:300:104: warning: this tactic is never executed

Note: This linter can be disabled with `set_option linter.unreachableTactic false`
E:\ABRL\worktrees\research-online-book\runs\online-log-lower-20261008\leaves\all-exact-types-v2.lean:303:13: warning: This simp argument is unused:
  NeutralContext.f2_eq

Hint: Omit it from the simp argument list.
  simp only [NeutralContext.f2̵_̵e̵q̵,̵ ̵N̵e̵u̵t̵r̵a̵l̵C̵o̵n̵t̵e̵x̵t̵.̵f̵7_eq, NeutralContext.f8_eq, NeutralContext.P_eq]

Note: This linter can be disabled with `set_option linter.unusedSimpArgs false`
E:\ABRL\worktrees\research-online-book\runs\online-log-lower-20261008\leaves\all-exact-types-v2.lean:303:57: warning: This simp argument is unused:
  NeutralContext.f8_eq

Hint: Omit it from the simp argument list.
  simp only [NeutralContext.f2_eq, NeutralContext.f7_eq, NeutralContext.f̵8̵_̵e̵q̵,̵ ̵N̵e̵u̵t̵r̵a̵l̵C̵o̵n̵t̵e̵x̵t̵.̵P_eq]

Note: This linter can be disabled with `set_option linter.unusedSimpArgs false`
E:\ABRL\worktrees\research-online-book\runs\online-log-lower-20261008\leaves\all-exact-types-v2.lean:303:79: warning: This simp argument is unused:
  NeutralContext.P_eq

Hint: Omit it from the simp argument list.
  simp only [NeutralContext.f2_eq, NeutralContext.f7_eq, NeutralContext.f8_eq,̵ ̵N̵e̵u̵t̵r̵a̵l̵C̵o̵n̵t̵e̵x̵t̵.̵P̵_̵e̵q̵]

Note: This linter can be disabled with `set_option linter.unusedSimpArgs false`
E:\ABRL\worktrees\research-online-book\runs\online-log-lower-20261008\leaves\all-exact-types-v2.lean:303:104: warning: 'rfl' tactic does nothing

Note: This linter can be disabled with `set_option linter.unusedTactic false`
E:\ABRL\worktrees\research-online-book\runs\online-log-lower-20261008\leaves\all-exact-types-v2.lean:303:104: warning: this tactic is never executed

Note: This linter can be disabled with `set_option linter.unreachableTactic false`
E:\ABRL\worktrees\research-online-book\runs\online-log-lower-20261008\leaves\all-exact-types-v2.lean:306:13: warning: This simp argument is unused:
  NeutralContext.f2_eq

Hint: Omit it from the simp argument list.
  simp only [NeutralContext.f2̵_̵e̵q̵,̵ ̵N̵e̵u̵t̵r̵a̵l̵C̵o̵n̵t̵e̵x̵t̵.̵f̵7_eq, NeutralContext.f8_eq, NeutralContext.P_eq]

Note: This linter can be disabled with `set_option linter.unusedSimpArgs false`
E:\ABRL\worktrees\research-online-book\runs\online-log-lower-20261008\leaves\all-exact-types-v2.lean:306:57: warning: This simp argument is unused:
  NeutralContext.f8_eq

Hint: Omit it from the simp argument list.
  simp only [NeutralContext.f2_eq, NeutralContext.f7_eq, NeutralContext.f̵8̵_̵e̵q̵,̵ ̵N̵e̵u̵t̵r̵a̵l̵C̵o̵n̵t̵e̵x̵t̵.̵P_eq]

Note: This linter can be disabled with `set_option linter.unusedSimpArgs false`
E:\ABRL\worktrees\research-online-book\runs\online-log-lower-20261008\leaves\all-exact-types-v2.lean:306:79: warning: This simp argument is unused:
  NeutralContext.P_eq

Hint: Omit it from the simp argument list.
  simp only [NeutralContext.f2_eq, NeutralContext.f7_eq, NeutralContext.f8_eq,̵ ̵N̵e̵u̵t̵r̵a̵l̵C̵o̵n̵t̵e̵x̵t̵.̵P̵_̵e̵q̵]

Note: This linter can be disabled with `set_option linter.unusedSimpArgs false`
E:\ABRL\worktrees\research-online-book\runs\online-log-lower-20261008\leaves\all-exact-types-v2.lean:306:104: warning: 'rfl' tactic does nothing

Note: This linter can be disabled with `set_option linter.unusedTactic false`
E:\ABRL\worktrees\research-online-book\runs\online-log-lower-20261008\leaves\all-exact-types-v2.lean:306:104: warning: this tactic is never executed

Note: This linter can be disabled with `set_option linter.unreachableTactic false`
E:\ABRL\worktrees\research-online-book\runs\online-log-lower-20261008\leaves\all-exact-types-v2.lean:309:13: warning: This simp argument is unused:
  NeutralContext.f2_eq

Hint: Omit it from the simp argument list.
  simp only [NeutralContext.f2̵_̵e̵q̵,̵ ̵N̵e̵u̵t̵r̵a̵l̵C̵o̵n̵t̵e̵x̵t̵.̵f̵7_eq, NeutralContext.f8_eq, NeutralContext.P_eq]

Note: This linter can be disabled with `set_option linter.unusedSimpArgs false`
E:\ABRL\worktrees\research-online-book\runs\online-log-lower-20261008\leaves\all-exact-types-v2.lean:309:57: warning: This simp argument is unused:
  NeutralContext.f8_eq

Hint: Omit it from the simp argument list.
  simp only [NeutralContext.f2_eq, NeutralContext.f7_eq, NeutralContext.f̵8̵_̵e̵q̵,̵ ̵N̵e̵u̵t̵r̵a̵l̵C̵o̵n̵t̵e̵x̵t̵.̵P_eq]

Note: This linter can be disabled with `set_option linter.unusedSimpArgs false`
E:\ABRL\worktrees\research-online-book\runs\online-log-lower-20261008\leaves\all-exact-types-v2.lean:309:79: warning: This simp argument is unused:
  NeutralContext.P_eq

Hint: Omit it from the simp argument list.
  simp only [NeutralContext.f2_eq, NeutralContext.f7_eq, NeutralContext.f8_eq,̵ ̵N̵e̵u̵t̵r̵a̵l̵C̵o̵n̵t̵e̵x̵t̵.̵P̵_̵e̵q̵]

Note: This linter can be disabled with `set_option linter.unusedSimpArgs false`
E:\ABRL\worktrees\research-online-book\runs\online-log-lower-20261008\leaves\all-exact-types-v2.lean:309:104: warning: 'rfl' tactic does nothing

Note: This linter can be disabled with `set_option linter.unusedTactic false`
E:\ABRL\worktrees\research-online-book\runs\online-log-lower-20261008\leaves\all-exact-types-v2.lean:309:104: warning: this tactic is never executed

Note: This linter can be disabled with `set_option linter.unreachableTactic false`
E:\ABRL\worktrees\research-online-book\runs\online-log-lower-20261008\leaves\all-exact-types-v2.lean:312:13: warning: This simp argument is unused:
  NeutralContext.f2_eq

Hint: Omit it from the simp argument list.
  simp only [NeutralContext.f2̵_̵e̵q̵,̵ ̵N̵e̵u̵t̵r̵a̵l̵C̵o̵n̵t̵e̵x̵t̵.̵f̵7_eq, NeutralContext.f8_eq, NeutralContext.P_eq]

Note: This linter can be disabled with `set_option linter.unusedSimpArgs false`
E:\ABRL\worktrees\research-online-book\runs\online-log-lower-20261008\leaves\all-exact-types-v2.lean:312:57: warning: This simp argument is unused:
  NeutralContext.f8_eq

Hint: Omit it from the simp argument list.
  simp only [NeutralContext.f2_eq, NeutralContext.f7_eq, NeutralContext.f̵8̵_̵e̵q̵,̵ ̵N̵e̵u̵t̵r̵a̵l̵C̵o̵n̵t̵e̵x̵t̵.̵P_eq]

Note: This linter can be disabled with `set_option linter.unusedSimpArgs false`
E:\ABRL\worktrees\research-online-book\runs\online-log-lower-20261008\leaves\all-exact-types-v2.lean:312:79: warning: This simp argument is unused:
  NeutralContext.P_eq

Hint: Omit it from the simp argument list.
  simp only [NeutralContext.f2_eq, NeutralContext.f7_eq, NeutralContext.f8_eq,̵ ̵N̵e̵u̵t̵r̵a̵l̵C̵o̵n̵t̵e̵x̵t̵.̵P̵_̵e̵q̵]

Note: This linter can be disabled with `set_option linter.unusedSimpArgs false`
E:\ABRL\worktrees\research-online-book\runs\online-log-lower-20261008\leaves\all-exact-types-v2.lean:312:104: warning: 'rfl' tactic does nothing

Note: This linter can be disabled with `set_option linter.unusedTactic false`
E:\ABRL\worktrees\research-online-book\runs\online-log-lower-20261008\leaves\all-exact-types-v2.lean:312:104: warning: this tactic is never executed

Note: This linter can be disabled with `set_option linter.unreachableTactic false`
E:\ABRL\worktrees\research-online-book\runs\online-log-lower-20261008\leaves\all-exact-types-v2.lean:315:13: warning: This simp argument is unused:
  NeutralContext.f2_eq

Hint: Omit it from the simp argument list.
  simp only [NeutralContext.f2̵_̵e̵q̵,̵ ̵N̵e̵u̵t̵r̵a̵l̵C̵o̵n̵t̵e̵x̵t̵.̵f̵7_eq, NeutralContext.f8_eq, NeutralContext.P_eq]

Note: This linter can be disabled with `set_option linter.unusedSimpArgs false`
E:\ABRL\worktrees\research-online-book\runs\online-log-lower-20261008\leaves\all-exact-types-v2.lean:315:57: warning: This simp argument is unused:
  NeutralContext.f8_eq

Hint: Omit it from the simp argument list.
  simp only [NeutralContext.f2_eq, NeutralContext.f7_eq, NeutralContext.f̵8̵_̵e̵q̵,̵ ̵N̵e̵u̵t̵r̵a̵l̵C̵o̵n̵t̵e̵x̵t̵.̵P_eq]

Note: This linter can be disabled with `set_option linter.unusedSimpArgs false`
E:\ABRL\worktrees\research-online-book\runs\online-log-lower-20261008\leaves\all-exact-types-v2.lean:315:79: warning: This simp argument is unused:
  NeutralContext.P_eq

Hint: Omit it from the simp argument list.
  simp only [NeutralContext.f2_eq, NeutralContext.f7_eq, NeutralContext.f8_eq,̵ ̵N̵e̵u̵t̵r̵a̵l̵C̵o̵n̵t̵e̵x̵t̵.̵P̵_̵e̵q̵]

Note: This linter can be disabled with `set_option linter.unusedSimpArgs false`
E:\ABRL\worktrees\research-online-book\runs\online-log-lower-20261008\leaves\all-exact-types-v2.lean:315:104: warning: 'rfl' tactic does nothing

Note: This linter can be disabled with `set_option linter.unusedTactic false`
E:\ABRL\worktrees\research-online-book\runs\online-log-lower-20261008\leaves\all-exact-types-v2.lean:315:104: warning: this tactic is never executed

Note: This linter can be disabled with `set_option linter.unreachableTactic false`
E:\ABRL\worktrees\research-online-book\runs\online-log-lower-20261008\leaves\all-exact-types-v2.lean:318:13: warning: This simp argument is unused:
  NeutralContext.f2_eq

Hint: Omit it from the simp argument list.
  simp only [NeutralContext.f2̵_̵e̵q̵,̵ ̵N̵e̵u̵t̵r̵a̵l̵C̵o̵n̵t̵e̵x̵t̵.̵f̵7_eq, NeutralContext.f8_eq, NeutralContext.P_eq]

Note: This linter can be disabled with `set_option linter.unusedSimpArgs false`
E:\ABRL\worktrees\research-online-book\runs\online-log-lower-20261008\leaves\all-exact-types-v2.lean:318:57: warning: This simp argument is unused:
  NeutralContext.f8_eq

Hint: Omit it from the simp argument list.
  simp only [NeutralContext.f2_eq, NeutralContext.f7_eq, NeutralContext.f̵8̵_̵e̵q̵,̵ ̵N̵e̵u̵t̵r̵a̵l̵C̵o̵n̵t̵e̵x̵t̵.̵P_eq]

Note: This linter can be disabled with `set_option linter.unusedSimpArgs false`
E:\ABRL\worktrees\research-online-book\runs\online-log-lower-20261008\leaves\all-exact-types-v2.lean:318:79: warning: This simp argument is unused:
  NeutralContext.P_eq

Hint: Omit it from the simp argument list.
  simp only [NeutralContext.f2_eq, NeutralContext.f7_eq, NeutralContext.f8_eq,̵ ̵N̵e̵u̵t̵r̵a̵l̵C̵o̵n̵t̵e̵x̵t̵.̵P̵_̵e̵q̵]

Note: This linter can be disabled with `set_option linter.unusedSimpArgs false`
E:\ABRL\worktrees\research-online-book\runs\online-log-lower-20261008\leaves\all-exact-types-v2.lean:318:104: warning: 'rfl' tactic does nothing

Note: This linter can be disabled with `set_option linter.unusedTactic false`
E:\ABRL\worktrees\research-online-book\runs\online-log-lower-20261008\leaves\all-exact-types-v2.lean:318:104: warning: this tactic is never executed

Note: This linter can be disabled with `set_option linter.unreachableTactic false`
E:\ABRL\worktrees\research-online-book\runs\online-log-lower-20261008\leaves\all-exact-types-v2.lean:321:13: warning: This simp argument is unused:
  NeutralContext.f2_eq

Hint: Omit it from the simp argument list.
  simp only [NeutralContext.f2̵_̵e̵q̵,̵ ̵N̵e̵u̵t̵r̵a̵l̵C̵o̵n̵t̵e̵x̵t̵.̵f̵7_eq, NeutralContext.f8_eq, NeutralContext.P_eq]

Note: This linter can be disabled with `set_option linter.unusedSimpArgs false`
E:\ABRL\worktrees\research-online-book\runs\online-log-lower-20261008\leaves\all-exact-types-v2.lean:321:57: warning: This simp argument is unused:
  NeutralContext.f8_eq

Hint: Omit it from the simp argument list.
  simp only [NeutralContext.f2_eq, NeutralContext.f7_eq, NeutralContext.f̵8̵_̵e̵q̵,̵ ̵N̵e̵u̵t̵r̵a̵l̵C̵o̵n̵t̵e̵x̵t̵.̵P_eq]

Note: This linter can be disabled with `set_option linter.unusedSimpArgs false`
E:\ABRL\worktrees\research-online-book\runs\online-log-lower-20261008\leaves\all-exact-types-v2.lean:321:79: warning: This simp argument is unused:
  NeutralContext.P_eq

Hint: Omit it from the simp argument list.
  simp only [NeutralContext.f2_eq, NeutralContext.f7_eq, NeutralContext.f8_eq,̵ ̵N̵e̵u̵t̵r̵a̵l̵C̵o̵n̵t̵e̵x̵t̵.̵P̵_̵e̵q̵]

Note: This linter can be disabled with `set_option linter.unusedSimpArgs false`
E:\ABRL\worktrees\research-online-book\runs\online-log-lower-20261008\leaves\all-exact-types-v2.lean:321:100: warning: Used `tac1 <;> tac2` where `(tac1; tac2)` would suffice

Note: This linter can be disabled with `set_option linter.unnecessarySeqFocus false`
E:\ABRL\worktrees\research-online-book\runs\online-log-lower-20261008\leaves\all-exact-types-v2.lean:324:13: warning: This simp argument is unused:
  NeutralContext.f2_eq

Hint: Omit it from the simp argument list.
  simp only [NeutralContext.f2̵_̵e̵q̵,̵ ̵N̵e̵u̵t̵r̵a̵l̵C̵o̵n̵t̵e̵x̵t̵.̵f̵7_eq, NeutralContext.f8_eq, NeutralContext.P_eq]

Note: This linter can be disabled with `set_option linter.unusedSimpArgs false`
E:\ABRL\worktrees\research-online-book\runs\online-log-lower-20261008\leaves\all-exact-types-v2.lean:324:57: warning: This simp argument is unused:
  NeutralContext.f8_eq

Hint: Omit it from the simp argument list.
  simp only [NeutralContext.f2_eq, NeutralContext.f7_eq, NeutralContext.f̵8̵_̵e̵q̵,̵ ̵N̵e̵u̵t̵r̵a̵l̵C̵o̵n̵t̵e̵x̵t̵.̵P_eq]

Note: This linter can be disabled with `set_option linter.unusedSimpArgs false`
E:\ABRL\worktrees\research-online-book\runs\online-log-lower-20261008\leaves\all-exact-types-v2.lean:324:79: warning: This simp argument is unused:
  NeutralContext.P_eq

Hint: Omit it from the simp argument list.
  simp only [NeutralContext.f2_eq, NeutralContext.f7_eq, NeutralContext.f8_eq,̵ ̵N̵e̵u̵t̵r̵a̵l̵C̵o̵n̵t̵e̵x̵t̵.̵P̵_̵e̵q̵]

Note: This linter can be disabled with `set_option linter.unusedSimpArgs false`
E:\ABRL\worktrees\research-online-book\runs\online-log-lower-20261008\leaves\all-exact-types-v2.lean:324:104: warning: 'rfl' tactic does nothing

Note: This linter can be disabled with `set_option linter.unusedTactic false`
E:\ABRL\worktrees\research-online-book\runs\online-log-lower-20261008\leaves\all-exact-types-v2.lean:324:104: warning: this tactic is never executed

Note: This linter can be disabled with `set_option linter.unreachableTactic false`
E:\ABRL\worktrees\research-online-book\runs\online-log-lower-20261008\leaves\all-exact-types-v2.lean:327:13: warning: This simp argument is unused:
  NeutralContext.f2_eq

Hint: Omit it from the simp argument list.
  simp only [NeutralContext.f2̵_̵e̵q̵,̵ ̵N̵e̵u̵t̵r̵a̵l̵C̵o̵n̵t̵e̵x̵t̵.̵f̵7_eq, NeutralContext.f8_eq, NeutralContext.P_eq]

Note: This linter can be disabled with `set_option linter.unusedSimpArgs false`
E:\ABRL\worktrees\research-online-book\runs\online-log-lower-20261008\leaves\all-exact-types-v2.lean:327:57: warning: This simp argument is unused:
  NeutralContext.f8_eq

Hint: Omit it from the simp argument list.
  simp only [NeutralContext.f2_eq, NeutralContext.f7_eq, NeutralContext.f̵8̵_̵e̵q̵,̵ ̵N̵e̵u̵t̵r̵a̵l̵C̵o̵n̵t̵e̵x̵t̵.̵P_eq]

Note: This linter can be disabled with `set_option linter.unusedSimpArgs false`
E:\ABRL\worktrees\research-online-book\runs\online-log-lower-20261008\leaves\all-exact-types-v2.lean:327:79: warning: This simp argument is unused:
  NeutralContext.P_eq

Hint: Omit it from the simp argument list.
  simp only [NeutralContext.f2_eq, NeutralContext.f7_eq, NeutralContext.f8_eq,̵ ̵N̵e̵u̵t̵r̵a̵l̵C̵o̵n̵t̵e̵x̵t̵.̵P̵_̵e̵q̵]

Note: This linter can be disabled with `set_option linter.unusedSimpArgs false`
E:\ABRL\worktrees\research-online-book\runs\online-log-lower-20261008\leaves\all-exact-types-v2.lean:327:104: warning: 'rfl' tactic does nothing

Note: This linter can be disabled with `set_option linter.unusedTactic false`
E:\ABRL\worktrees\research-online-book\runs\online-log-lower-20261008\leaves\all-exact-types-v2.lean:327:104: warning: this tactic is never executed

Note: This linter can be disabled with `set_option linter.unreachableTactic false`
E:\ABRL\worktrees\research-online-book\runs\online-log-lower-20261008\leaves\all-exact-types-v2.lean:330:13: warning: This simp argument is unused:
  NeutralContext.f2_eq

Hint: Omit it from the simp argument list.
  simp only [NeutralContext.f2̵_̵e̵q̵,̵ ̵N̵e̵u̵t̵r̵a̵l̵C̵o̵n̵t̵e̵x̵t̵.̵f̵7_eq, NeutralContext.f8_eq, NeutralContext.P_eq]

Note: This linter can be disabled with `set_option linter.unusedSimpArgs false`
E:\ABRL\worktrees\research-online-book\runs\online-log-lower-20261008\leaves\all-exact-types-v2.lean:330:57: warning: This simp argument is unused:
  NeutralContext.f8_eq

Hint: Omit it from the simp argument list.
  simp only [NeutralContext.f2_eq, NeutralContext.f7_eq, NeutralContext.f̵8̵_̵e̵q̵,̵ ̵N̵e̵u̵t̵r̵a̵l̵C̵o̵n̵t̵e̵x̵t̵.̵P_eq]

Note: This linter can be disabled with `set_option linter.unusedSimpArgs false`
E:\ABRL\worktrees\research-online-book\runs\online-log-lower-20261008\leaves\all-exact-types-v2.lean:330:79: warning: This simp argument is unused:
  NeutralContext.P_eq

Hint: Omit it from the simp argument list.
  simp only [NeutralContext.f2_eq, NeutralContext.f7_eq, NeutralContext.f8_eq,̵ ̵N̵e̵u̵t̵r̵a̵l̵C̵o̵n̵t̵e̵x̵t̵.̵P̵_̵e̵q̵]

Note: This linter can be disabled with `set_option linter.unusedSimpArgs false`
E:\ABRL\worktrees\research-online-book\runs\online-log-lower-20261008\leaves\all-exact-types-v2.lean:330:104: warning: 'rfl' tactic does nothing

Note: This linter can be disabled with `set_option linter.unusedTactic false`
E:\ABRL\worktrees\research-online-book\runs\online-log-lower-20261008\leaves\all-exact-types-v2.lean:330:104: warning: this tactic is never executed

Note: This linter can be disabled with `set_option linter.unreachableTactic false`
E:\ABRL\worktrees\research-online-book\runs\online-log-lower-20261008\leaves\all-exact-types-v2.lean:333:13: warning: This simp argument is unused:
  NeutralContext.f2_eq

Hint: Omit it from the simp argument list.
  simp only [NeutralContext.f2̵_̵e̵q̵,̵ ̵N̵e̵u̵t̵r̵a̵l̵C̵o̵n̵t̵e̵x̵t̵.̵f̵7_eq, NeutralContext.f8_eq, NeutralContext.P_eq]

Note: This linter can be disabled with `set_option linter.unusedSimpArgs false`
E:\ABRL\worktrees\research-online-book\runs\online-log-lower-20261008\leaves\all-exact-types-v2.lean:333:57: warning: This simp argument is unused:
  NeutralContext.f8_eq

Hint: Omit it from the simp argument list.
  simp only [NeutralContext.f2_eq, NeutralContext.f7_eq, NeutralContext.f̵8̵_̵e̵q̵,̵ ̵N̵e̵u̵t̵r̵a̵l̵C̵o̵n̵t̵e̵x̵t̵.̵P_eq]

Note: This linter can be disabled with `set_option linter.unusedSimpArgs false`
E:\ABRL\worktrees\research-online-book\runs\online-log-lower-20261008\leaves\all-exact-types-v2.lean:333:79: warning: This simp argument is unused:
  NeutralContext.P_eq

Hint: Omit it from the simp argument list.
  simp only [NeutralContext.f2_eq, NeutralContext.f7_eq, NeutralContext.f8_eq,̵ ̵N̵e̵u̵t̵r̵a̵l̵C̵o̵n̵t̵e̵x̵t̵.̵P̵_̵e̵q̵]

Note: This linter can be disabled with `set_option linter.unusedSimpArgs false`
E:\ABRL\worktrees\research-online-book\runs\online-log-lower-20261008\leaves\all-exact-types-v2.lean:333:104: warning: 'rfl' tactic does nothing

Note: This linter can be disabled with `set_option linter.unusedTactic false`
E:\ABRL\worktrees\research-online-book\runs\online-log-lower-20261008\leaves\all-exact-types-v2.lean:333:104: warning: this tactic is never executed

Note: This linter can be disabled with `set_option linter.unreachableTactic false`
E:\ABRL\worktrees\research-online-book\runs\online-log-lower-20261008\leaves\all-exact-types-v2.lean:336:13: warning: This simp argument is unused:
  NeutralContext.f2_eq

Hint: Omit it from the simp argument list.
  simp only [NeutralContext.f2̵_̵e̵q̵,̵ ̵N̵e̵u̵t̵r̵a̵l̵C̵o̵n̵t̵e̵x̵t̵.̵f̵7_eq, NeutralContext.f8_eq, NeutralContext.P_eq]

Note: This linter can be disabled with `set_option linter.unusedSimpArgs false`
E:\ABRL\worktrees\research-online-book\runs\online-log-lower-20261008\leaves\all-exact-types-v2.lean:336:57: warning: This simp argument is unused:
  NeutralContext.f8_eq

Hint: Omit it from the simp argument list.
  simp only [NeutralContext.f2_eq, NeutralContext.f7_eq, NeutralContext.f̵8̵_̵e̵q̵,̵ ̵N̵e̵u̵t̵r̵a̵l̵C̵o̵n̵t̵e̵x̵t̵.̵P_eq]

Note: This linter can be disabled with `set_option linter.unusedSimpArgs false`
E:\ABRL\worktrees\research-online-book\runs\online-log-lower-20261008\leaves\all-exact-types-v2.lean:336:79: warning: This simp argument is unused:
  NeutralContext.P_eq

Hint: Omit it from the simp argument list.
  simp only [NeutralContext.f2_eq, NeutralContext.f7_eq, NeutralContext.f8_eq,̵ ̵N̵e̵u̵t̵r̵a̵l̵C̵o̵n̵t̵e̵x̵t̵.̵P̵_̵e̵q̵]

Note: This linter can be disabled with `set_option linter.unusedSimpArgs false`
E:\ABRL\worktrees\research-online-book\runs\online-log-lower-20261008\leaves\all-exact-types-v2.lean:336:100: warning: Used `tac1 <;> tac2` where `(tac1; tac2)` would suffice

Note: This linter can be disabled with `set_option linter.unnecessarySeqFocus false`
E:\ABRL\worktrees\research-online-book\runs\online-log-lower-20261008\leaves\all-exact-types-v2.lean:339:2: error: `simp` made no progress
E:\ABRL\worktrees\research-online-book\runs\online-log-lower-20261008\leaves\all-exact-types-v2.lean:342:2: error: `simp` made no progress
E:\ABRL\worktrees\research-online-book\runs\online-log-lower-20261008\leaves\all-exact-types-v2.lean:345:2: error: `simp` made no progress
E:\ABRL\worktrees\research-online-book\runs\online-log-lower-20261008\leaves\all-exact-types-v2.lean:348:2: error: `simp` made no progress
E:\ABRL\worktrees\research-online-book\runs\online-log-lower-20261008\leaves\all-exact-types-v2.lean:351:2: error: `simp` made no progress
E:\ABRL\worktrees\research-online-book\runs\online-log-lower-20261008\leaves\all-exact-types-v2.lean:354:2: error: `simp` made no progress
E:\ABRL\worktrees\research-online-book\runs\online-log-lower-20261008\leaves\all-exact-types-v2.lean:357:2: error: `simp` made no progress
E:\ABRL\worktrees\research-online-book\runs\online-log-lower-20261008\leaves\all-exact-types-v2.lean:360:2: error: `simp` made no progress
E:\ABRL\worktrees\research-online-book\runs\online-log-lower-20261008\leaves\all-exact-types-v2.lean:363:2: error: `simp` made no progress
E:\ABRL\worktrees\research-online-book\runs\online-log-lower-20261008\leaves\all-exact-types-v2.lean:366:2: error: `simp` made no progress
E:\ABRL\worktrees\research-online-book\runs\online-log-lower-20261008\leaves\all-exact-types-v2.lean:369:2: error: `simp` made no progress
E:\ABRL\worktrees\research-online-book\runs\online-log-lower-20261008\leaves\all-exact-types-v2.lean:372:2: error: `simp` made no progress
E:\ABRL\worktrees\research-online-book\runs\online-log-lower-20261008\leaves\all-exact-types-v2.lean:375:2: error: `simp` made no progress
E:\ABRL\worktrees\research-online-book\runs\online-log-lower-20261008\leaves\all-exact-types-v2.lean:378:13: warning: This simp argument is unused:
  NeutralContext.f2_eq

Hint: Omit it from the simp argument list.
  simp only [NeutralContext.f2̵_̵e̵q̵,̵ ̵N̵e̵u̵t̵r̵a̵l̵C̵o̵n̵t̵e̵x̵t̵.̵f̵7_eq, NeutralContext.f8_eq, NeutralContext.P_eq]

Note: This linter can be disabled with `set_option linter.unusedSimpArgs false`
E:\ABRL\worktrees\research-online-book\runs\online-log-lower-20261008\leaves\all-exact-types-v2.lean:378:57: warning: This simp argument is unused:
  NeutralContext.f8_eq

Hint: Omit it from the simp argument list.
  simp only [NeutralContext.f2_eq, NeutralContext.f7_eq, NeutralContext.f̵8̵_̵e̵q̵,̵ ̵N̵e̵u̵t̵r̵a̵l̵C̵o̵n̵t̵e̵x̵t̵.̵P_eq]

Note: This linter can be disabled with `set_option linter.unusedSimpArgs false`
E:\ABRL\worktrees\research-online-book\runs\online-log-lower-20261008\leaves\all-exact-types-v2.lean:378:79: warning: This simp argument is unused:
  NeutralContext.P_eq

Hint: Omit it from the simp argument list.
  simp only [NeutralContext.f2_eq, NeutralContext.f7_eq, NeutralContext.f8_eq,̵ ̵N̵e̵u̵t̵r̵a̵l̵C̵o̵n̵t̵e̵x̵t̵.̵P̵_̵e̵q̵]

Note: This linter can be disabled with `set_option linter.unusedSimpArgs false`
E:\ABRL\worktrees\research-online-book\runs\online-log-lower-20261008\leaves\all-exact-types-v2.lean:378:100: warning: Used `tac1 <;> tac2` where `(tac1; tac2)` would suffice

Note: This linter can be disabled with `set_option linter.unnecessarySeqFocus false`
E:\ABRL\worktrees\research-online-book\runs\online-log-lower-20261008\leaves\all-exact-types-v2.lean:381:13: warning: This simp argument is unused:
  NeutralContext.f2_eq

Hint: Omit it from the simp argument list.
  simp only [NeutralContext.f2̵_̵e̵q̵,̵ ̵N̵e̵u̵t̵r̵a̵l̵C̵o̵n̵t̵e̵x̵t̵.̵f̵7_eq, NeutralContext.f8_eq, NeutralContext.P_eq]

Note: This linter can be disabled with `set_option linter.unusedSimpArgs false`
E:\ABRL\worktrees\research-online-book\runs\online-log-lower-20261008\leaves\all-exact-types-v2.lean:381:57: warning: This simp argument is unused:
  NeutralContext.f8_eq

Hint: Omit it from the simp argument list.
  simp only [NeutralContext.f2_eq, NeutralContext.f7_eq, NeutralContext.f̵8̵_̵e̵q̵,̵ ̵N̵e̵u̵t̵r̵a̵l̵C̵o̵n̵t̵e̵x̵t̵.̵P_eq]

Note: This linter can be disabled with `set_option linter.unusedSimpArgs false`
E:\ABRL\worktrees\research-online-book\runs\online-log-lower-20261008\leaves\all-exact-types-v2.lean:381:79: warning: This simp argument is unused:
  NeutralContext.P_eq

Hint: Omit it from the simp argument list.
  simp only [NeutralContext.f2_eq, NeutralContext.f7_eq, NeutralContext.f8_eq,̵ ̵N̵e̵u̵t̵r̵a̵l̵C̵o̵n̵t̵e̵x̵t̵.̵P̵_̵e̵q̵]

Note: This linter can be disabled with `set_option linter.unusedSimpArgs false`
E:\ABRL\worktrees\research-online-book\runs\online-log-lower-20261008\leaves\all-exact-types-v2.lean:381:104: warning: 'rfl' tactic does nothing

Note: This linter can be disabled with `set_option linter.unusedTactic false`
E:\ABRL\worktrees\research-online-book\runs\online-log-lower-20261008\leaves\all-exact-types-v2.lean:381:104: warning: this tactic is never executed

Note: This linter can be disabled with `set_option linter.unreachableTactic false`
E:\ABRL\worktrees\research-online-book\runs\online-log-lower-20261008\leaves\all-exact-types-v2.lean:384:13: warning: This simp argument is unused:
  NeutralContext.f2_eq

Hint: Omit it from the simp argument list.
  simp only [NeutralContext.f2̵_̵e̵q̵,̵ ̵N̵e̵u̵t̵r̵a̵l̵C̵o̵n̵t̵e̵x̵t̵.̵f̵7_eq, NeutralContext.f8_eq, NeutralContext.P_eq]

Note: This linter can be disabled with `set_option linter.unusedSimpArgs false`
E:\ABRL\worktrees\research-online-book\runs\online-log-lower-20261008\leaves\all-exact-types-v2.lean:384:57: warning: This simp argument is unused:
  NeutralContext.f8_eq

Hint: Omit it from the simp argument list.
  simp only [NeutralContext.f2_eq, NeutralContext.f7_eq, NeutralContext.f̵8̵_̵e̵q̵,̵ ̵N̵e̵u̵t̵r̵a̵l̵C̵o̵n̵t̵e̵x̵t̵.̵P_eq]

Note: This linter can be disabled with `set_option linter.unusedSimpArgs false`
E:\ABRL\worktrees\research-online-book\runs\online-log-lower-20261008\leaves\all-exact-types-v2.lean:384:79: warning: This simp argument is unused:
  NeutralContext.P_eq

Hint: Omit it from the simp argument list.
  simp only [NeutralContext.f2_eq, NeutralContext.f7_eq, NeutralContext.f8_eq,̵ ̵N̵e̵u̵t̵r̵a̵l̵C̵o̵n̵t̵e̵x̵t̵.̵P̵_̵e̵q̵]

Note: This linter can be disabled with `set_option linter.unusedSimpArgs false`
E:\ABRL\worktrees\research-online-book\runs\online-log-lower-20261008\leaves\all-exact-types-v2.lean:384:100: warning: Used `tac1 <;> tac2` where `(tac1; tac2)` would suffice

Note: This linter can be disabled with `set_option linter.unnecessarySeqFocus false`
E:\ABRL\worktrees\research-online-book\runs\online-log-lower-20261008\leaves\all-exact-types-v2.lean:387:13: warning: This simp argument is unused:
  NeutralContext.f2_eq

Hint: Omit it from the simp argument list.
  simp only [NeutralContext.f2̵_̵e̵q̵,̵ ̵N̵e̵u̵t̵r̵a̵l̵C̵o̵n̵t̵e̵x̵t̵.̵f̵7_eq, NeutralContext.f8_eq, NeutralContext.P_eq]

Note: This linter can be disabled with `set_option linter.unusedSimpArgs false`
E:\ABRL\worktrees\research-online-book\runs\online-log-lower-20261008\leaves\all-exact-types-v2.lean:387:57: warning: This simp argument is unused:
  NeutralContext.f8_eq

Hint: Omit it from the simp argument list.
  simp only [NeutralContext.f2_eq, NeutralContext.f7_eq, NeutralContext.f̵8̵_̵e̵q̵,̵ ̵N̵e̵u̵t̵r̵a̵l̵C̵o̵n̵t̵e̵x̵t̵.̵P_eq]

Note: This linter can be disabled with `set_option linter.unusedSimpArgs false`
E:\ABRL\worktrees\research-online-book\runs\online-log-lower-20261008\leaves\all-exact-types-v2.lean:387:79: warning: This simp argument is unused:
  NeutralContext.P_eq

Hint: Omit it from the simp argument list.
  simp only [NeutralContext.f2_eq, NeutralContext.f7_eq, NeutralContext.f8_eq,̵ ̵N̵e̵u̵t̵r̵a̵l̵C̵o̵n̵t̵e̵x̵t̵.̵P̵_̵e̵q̵]

Note: This linter can be disabled with `set_option linter.unusedSimpArgs false`
E:\ABRL\worktrees\research-online-book\runs\online-log-lower-20261008\leaves\all-exact-types-v2.lean:387:100: warning: Used `tac1 <;> tac2` where `(tac1; tac2)` would suffice

Note: This linter can be disabled with `set_option linter.unnecessarySeqFocus false`
E:\ABRL\worktrees\research-online-book\runs\online-log-lower-20261008\leaves\all-exact-types-v2.lean:390:13: warning: This simp argument is unused:
  NeutralContext.f2_eq

Hint: Omit it from the simp argument list.
  simp only [NeutralContext.f2̵_̵e̵q̵,̵ ̵N̵e̵u̵t̵r̵a̵l̵C̵o̵n̵t̵e̵x̵t̵.̵f̵7_eq, NeutralContext.f8_eq, NeutralContext.P_eq]

Note: This linter can be disabled with `set_option linter.unusedSimpArgs false`
E:\ABRL\worktrees\research-online-book\runs\online-log-lower-20261008\leaves\all-exact-types-v2.lean:390:35: warning: This simp argument is unused:
  NeutralContext.f7_eq

Hint: Omit it from the simp argument list.
  simp only [NeutralContext.f2_eq, NeutralContext.f7̵_̵e̵q̵,̵ ̵N̵e̵u̵t̵r̵a̵l̵C̵o̵n̵t̵e̵x̵t̵.̵f̵8_eq, NeutralContext.P_eq]

Note: This linter can be disabled with `set_option linter.unusedSimpArgs false`
E:\ABRL\worktrees\research-online-book\runs\online-log-lower-20261008\leaves\all-exact-types-v2.lean:390:57: warning: This simp argument is unused:
  NeutralContext.f8_eq

Hint: Omit it from the simp argument list.
  simp only [NeutralContext.f2_eq, NeutralContext.f7_eq, NeutralContext.f̵8̵_̵e̵q̵,̵ ̵N̵e̵u̵t̵r̵a̵l̵C̵o̵n̵t̵e̵x̵t̵.̵P_eq]

Note: This linter can be disabled with `set_option linter.unusedSimpArgs false`
E:\ABRL\worktrees\research-online-book\runs\online-log-lower-20261008\leaves\all-exact-types-v2.lean:390:79: warning: This simp argument is unused:
  NeutralContext.P_eq

Hint: Omit it from the simp argument list.
  simp only [NeutralContext.f2_eq, NeutralContext.f7_eq, NeutralContext.f8_eq,̵ ̵N̵e̵u̵t̵r̵a̵l̵C̵o̵n̵t̵e̵x̵t̵.̵P̵_̵e̵q̵]

Note: This linter can be disabled with `set_option linter.unusedSimpArgs false`
E:\ABRL\worktrees\research-online-book\runs\online-log-lower-20261008\leaves\all-exact-types-v2.lean:390:104: warning: 'rfl' tactic does nothing

Note: This linter can be disabled with `set_option linter.unusedTactic false`
E:\ABRL\worktrees\research-online-book\runs\online-log-lower-20261008\leaves\all-exact-types-v2.lean:390:104: warning: this tactic is never executed

Note: This linter can be disabled with `set_option linter.unreachableTactic false`
E:\ABRL\worktrees\research-online-book\runs\online-log-lower-20261008\leaves\all-exact-types-v2.lean:393:13: warning: This simp argument is unused:
  NeutralContext.f2_eq

Hint: Omit it from the simp argument list.
  simp only [NeutralContext.f2̵_̵e̵q̵,̵ ̵N̵e̵u̵t̵r̵a̵l̵C̵o̵n̵t̵e̵x̵t̵.̵f̵7_eq, NeutralContext.f8_eq, NeutralContext.P_eq]

Note: This linter can be disabled with `set_option linter.unusedSimpArgs false`
E:\ABRL\worktrees\research-online-book\runs\online-log-lower-20261008\leaves\all-exact-types-v2.lean:393:57: warning: This simp argument is unused:
  NeutralContext.f8_eq

Hint: Omit it from the simp argument list.
  simp only [NeutralContext.f2_eq, NeutralContext.f7_eq, NeutralContext.f̵8̵_̵e̵q̵,̵ ̵N̵e̵u̵t̵r̵a̵l̵C̵o̵n̵t̵e̵x̵t̵.̵P_eq]

Note: This linter can be disabled with `set_option linter.unusedSimpArgs false`
E:\ABRL\worktrees\research-online-book\runs\online-log-lower-20261008\leaves\all-exact-types-v2.lean:393:79: warning: This simp argument is unused:
  NeutralContext.P_eq

Hint: Omit it from the simp argument list.
  simp only [NeutralContext.f2_eq, NeutralContext.f7_eq, NeutralContext.f8_eq,̵ ̵N̵e̵u̵t̵r̵a̵l̵C̵o̵n̵t̵e̵x̵t̵.̵P̵_̵e̵q̵]

Note: This linter can be disabled with `set_option linter.unusedSimpArgs false`
E:\ABRL\worktrees\research-online-book\runs\online-log-lower-20261008\leaves\all-exact-types-v2.lean:393:100: warning: Used `tac1 <;> tac2` where `(tac1; tac2)` would suffice

Note: This linter can be disabled with `set_option linter.unnecessarySeqFocus false`
E:\ABRL\worktrees\research-online-book\runs\online-log-lower-20261008\leaves\all-exact-types-v2.lean:396:13: warning: This simp argument is unused:
  NeutralContext.f2_eq

Hint: Omit it from the simp argument list.
  simp only [NeutralContext.f2̵_̵e̵q̵,̵ ̵N̵e̵u̵t̵r̵a̵l̵C̵o̵n̵t̵e̵x̵t̵.̵f̵7_eq, NeutralContext.f8_eq, NeutralContext.P_eq]

Note: This linter can be disabled with `set_option linter.unusedSimpArgs false`
E:\ABRL\worktrees\research-online-book\runs\online-log-lower-20261008\leaves\all-exact-types-v2.lean:396:57: warning: This simp argument is unused:
  NeutralContext.f8_eq

Hint: Omit it from the simp argument list.
  simp only [NeutralContext.f2_eq, NeutralContext.f7_eq, NeutralContext.f̵8̵_̵e̵q̵,̵ ̵N̵e̵u̵t̵r̵a̵l̵C̵o̵n̵t̵e̵x̵t̵.̵P_eq]

Note: This linter can be disabled with `set_option linter.unusedSimpArgs false`
E:\ABRL\worktrees\research-online-book\runs\online-log-lower-20261008\leaves\all-exact-types-v2.lean:396:79: warning: This simp argument is unused:
  NeutralContext.P_eq

Hint: Omit it from the simp argument list.
  simp only [NeutralContext.f2_eq, NeutralContext.f7_eq, NeutralContext.f8_eq,̵ ̵N̵e̵u̵t̵r̵a̵l̵C̵o̵n̵t̵e̵x̵t̵.̵P̵_̵e̵q̵]

Note: This linter can be disabled with `set_option linter.unusedSimpArgs false`
E:\ABRL\worktrees\research-online-book\runs\online-log-lower-20261008\leaves\all-exact-types-v2.lean:396:100: warning: Used `tac1 <;> tac2` where `(tac1; tac2)` would suffice

Note: This linter can be disabled with `set_option linter.unnecessarySeqFocus false`
E:\ABRL\worktrees\research-online-book\runs\online-log-lower-20261008\leaves\all-exact-types-v2.lean:399:35: warning: This simp argument is unused:
  NeutralContext.f7_eq

Hint: Omit it from the simp argument list.
  simp only [NeutralContext.f2_eq, NeutralContext.f7̵_̵e̵q̵,̵ ̵N̵e̵u̵t̵r̵a̵l̵C̵o̵n̵t̵e̵x̵t̵.̵f̵8_eq, NeutralContext.P_eq]

Note: This linter can be disabled with `set_option linter.unusedSimpArgs false`
E:\ABRL\worktrees\research-online-book\runs\online-log-lower-20261008\leaves\all-exact-types-v2.lean:399:57: warning: This simp argument is unused:
  NeutralContext.f8_eq

Hint: Omit it from the simp argument list.
  simp only [NeutralContext.f2_eq, NeutralContext.f7_eq, NeutralContext.f̵8̵_̵e̵q̵,̵ ̵N̵e̵u̵t̵r̵a̵l̵C̵o̵n̵t̵e̵x̵t̵.̵P_eq]

Note: This linter can be disabled with `set_option linter.unusedSimpArgs false`
E:\ABRL\worktrees\research-online-book\runs\online-log-lower-20261008\leaves\all-exact-types-v2.lean:399:79: warning: This simp argument is unused:
  NeutralContext.P_eq

Hint: Omit it from the simp argument list.
  simp only [NeutralContext.f2_eq, NeutralContext.f7_eq, NeutralContext.f8_eq,̵ ̵N̵e̵u̵t̵r̵a̵l̵C̵o̵n̵t̵e̵x̵t̵.̵P̵_̵e̵q̵]

Note: This linter can be disabled with `set_option linter.unusedSimpArgs false`
E:\ABRL\worktrees\research-online-book\runs\online-log-lower-20261008\leaves\all-exact-types-v2.lean:399:104: warning: 'rfl' tactic does nothing

Note: This linter can be disabled with `set_option linter.unusedTactic false`
E:\ABRL\worktrees\research-online-book\runs\online-log-lower-20261008\leaves\all-exact-types-v2.lean:399:104: warning: this tactic is never executed

Note: This linter can be disabled with `set_option linter.unreachableTactic false`
E:\ABRL\worktrees\research-online-book\runs\online-log-lower-20261008\leaves\all-exact-types-v2.lean:402:13: warning: This simp argument is unused:
  NeutralContext.f2_eq

Hint: Omit it from the simp argument list.
  simp only [NeutralContext.f2̵_̵e̵q̵,̵ ̵N̵e̵u̵t̵r̵a̵l̵C̵o̵n̵t̵e̵x̵t̵.̵f̵7_eq, NeutralContext.f8_eq, NeutralContext.P_eq]

Note: This linter can be disabled with `set_option linter.unusedSimpArgs false`
E:\ABRL\worktrees\research-online-book\runs\online-log-lower-20261008\leaves\all-exact-types-v2.lean:402:35: warning: This simp argument is unused:
  NeutralContext.f7_eq

Hint: Omit it from the simp argument list.
  simp only [NeutralContext.f2_eq, NeutralContext.f7̵_̵e̵q̵,̵ ̵N̵e̵u̵t̵r̵a̵l̵C̵o̵n̵t̵e̵x̵t̵.̵f̵8_eq, NeutralContext.P_eq]

Note: This linter can be disabled with `set_option linter.unusedSimpArgs false`
E:\ABRL\worktrees\research-online-book\runs\online-log-lower-20261008\leaves\all-exact-types-v2.lean:402:57: warning: This simp argument is unused:
  NeutralContext.f8_eq

Hint: Omit it from the simp argument list.
  simp only [NeutralContext.f2_eq, NeutralContext.f7_eq, NeutralContext.f̵8̵_̵e̵q̵,̵ ̵N̵e̵u̵t̵r̵a̵l̵C̵o̵n̵t̵e̵x̵t̵.̵P_eq]

Note: This linter can be disabled with `set_option linter.unusedSimpArgs false`
E:\ABRL\worktrees\research-online-book\runs\online-log-lower-20261008\leaves\all-exact-types-v2.lean:402:79: warning: This simp argument is unused:
  NeutralContext.P_eq

Hint: Omit it from the simp argument list.
  simp only [NeutralContext.f2_eq, NeutralContext.f7_eq, NeutralContext.f8_eq,̵ ̵N̵e̵u̵t̵r̵a̵l̵C̵o̵n̵t̵e̵x̵t̵.̵P̵_̵e̵q̵]

Note: This linter can be disabled with `set_option linter.unusedSimpArgs false`
E:\ABRL\worktrees\research-online-book\runs\online-log-lower-20261008\leaves\all-exact-types-v2.lean:402:104: warning: 'rfl' tactic does nothing

Note: This linter can be disabled with `set_option linter.unusedTactic false`
E:\ABRL\worktrees\research-online-book\runs\online-log-lower-20261008\leaves\all-exact-types-v2.lean:402:104: warning: this tactic is never executed

Note: This linter can be disabled with `set_option linter.unreachableTactic false`
E:\ABRL\worktrees\research-online-book\runs\online-log-lower-20261008\leaves\all-exact-types-v2.lean:405:13: warning: This simp argument is unused:
  NeutralContext.f2_eq

Hint: Omit it from the simp argument list.
  simp only [NeutralContext.f2̵_̵e̵q̵,̵ ̵N̵e̵u̵t̵r̵a̵l̵C̵o̵n̵t̵e̵x̵t̵.̵f̵7_eq, NeutralContext.f8_eq, NeutralContext.P_eq]

Note: This linter can be disabled with `set_option linter.unusedSimpArgs false`
E:\ABRL\worktrees\research-online-book\runs\online-log-lower-20261008\leaves\all-exact-types-v2.lean:405:35: warning: This simp argument is unused:
  NeutralContext.f7_eq

Hint: Omit it from the simp argument list.
  simp only [NeutralContext.f2_eq, NeutralContext.f7̵_̵e̵q̵,̵ ̵N̵e̵u̵t̵r̵a̵l̵C̵o̵n̵t̵e̵x̵t̵.̵f̵8_eq, NeutralContext.P_eq]

Note: This linter can be disabled with `set_option linter.unusedSimpArgs false`
E:\ABRL\worktrees\research-online-book\runs\online-log-lower-20261008\leaves\all-exact-types-v2.lean:405:57: warning: This simp argument is unused:
  NeutralContext.f8_eq

Hint: Omit it from the simp argument list.
  simp only [NeutralContext.f2_eq, NeutralContext.f7_eq, NeutralContext.f̵8̵_̵e̵q̵,̵ ̵N̵e̵u̵t̵r̵a̵l̵C̵o̵n̵t̵e̵x̵t̵.̵P_eq]

Note: This linter can be disabled with `set_option linter.unusedSimpArgs false`
E:\ABRL\worktrees\research-online-book\runs\online-log-lower-20261008\leaves\all-exact-types-v2.lean:405:79: warning: This simp argument is unused:
  NeutralContext.P_eq

Hint: Omit it from the simp argument list.
  simp only [NeutralContext.f2_eq, NeutralContext.f7_eq, NeutralContext.f8_eq,̵ ̵N̵e̵u̵t̵r̵a̵l̵C̵o̵n̵t̵e̵x̵t̵.̵P̵_̵e̵q̵]

Note: This linter can be disabled with `set_option linter.unusedSimpArgs false`
E:\ABRL\worktrees\research-online-book\runs\online-log-lower-20261008\leaves\all-exact-types-v2.lean:405:104: warning: 'rfl' tactic does nothing

Note: This linter can be disabled with `set_option linter.unusedTactic false`
E:\ABRL\worktrees\research-online-book\runs\online-log-lower-20261008\leaves\all-exact-types-v2.lean:405:104: warning: this tactic is never executed

Note: This linter can be disabled with `set_option linter.unreachableTactic false`
E:\ABRL\worktrees\research-online-book\runs\online-log-lower-20261008\leaves\all-exact-types-v2.lean:408:2: error: `simp` made no progress
E:\ABRL\worktrees\research-online-book\runs\online-log-lower-20261008\leaves\all-exact-types-v2.lean:411:2: error: `simp` made no progress
E:\ABRL\worktrees\research-online-book\runs\online-log-lower-20261008\leaves\all-exact-types-v2.lean:414:2: error: `simp` made no progress
E:\ABRL\worktrees\research-online-book\runs\online-log-lower-20261008\leaves\all-exact-types-v2.lean:417:2: error: `simp` made no progress
E:\ABRL\worktrees\research-online-book\runs\online-log-lower-20261008\leaves\all-exact-types-v2.lean:420:2: error: `simp` made no progress
E:\ABRL\worktrees\research-online-book\runs\online-log-lower-20261008\leaves\all-exact-types-v2.lean:423:2: error: `simp` made no progress
E:\ABRL\worktrees\research-online-book\runs\online-log-lower-20261008\leaves\all-exact-types-v2.lean:426:35: warning: This simp argument is unused:
  NeutralContext.f7_eq

Hint: Omit it from the simp argument list.
  simp only [NeutralContext.f2_eq, NeutralContext.f7̵_̵e̵q̵,̵ ̵N̵e̵u̵t̵r̵a̵l̵C̵o̵n̵t̵e̵x̵t̵.̵f̵8_eq, NeutralContext.P_eq]

Note: This linter can be disabled with `set_option linter.unusedSimpArgs false`
E:\ABRL\worktrees\research-online-book\runs\online-log-lower-20261008\leaves\all-exact-types-v2.lean:426:57: warning: This simp argument is unused:
  NeutralContext.f8_eq

Hint: Omit it from the simp argument list.
  simp only [NeutralContext.f2_eq, NeutralContext.f7_eq, NeutralContext.f̵8̵_̵e̵q̵,̵ ̵N̵e̵u̵t̵r̵a̵l̵C̵o̵n̵t̵e̵x̵t̵.̵P_eq]

Note: This linter can be disabled with `set_option linter.unusedSimpArgs false`
E:\ABRL\worktrees\research-online-book\runs\online-log-lower-20261008\leaves\all-exact-types-v2.lean:426:79: warning: This simp argument is unused:
  NeutralContext.P_eq

Hint: Omit it from the simp argument list.
  simp only [NeutralContext.f2_eq, NeutralContext.f7_eq, NeutralContext.f8_eq,̵ ̵N̵e̵u̵t̵r̵a̵l̵C̵o̵n̵t̵e̵x̵t̵.̵P̵_̵e̵q̵]

Note: This linter can be disabled with `set_option linter.unusedSimpArgs false`
E:\ABRL\worktrees\research-online-book\runs\online-log-lower-20261008\leaves\all-exact-types-v2.lean:426:104: warning: 'rfl' tactic does nothing

Note: This linter can be disabled with `set_option linter.unusedTactic false`
E:\ABRL\worktrees\research-online-book\runs\online-log-lower-20261008\leaves\all-exact-types-v2.lean:426:104: warning: this tactic is never executed

Note: This linter can be disabled with `set_option linter.unreachableTactic false`
E:\ABRL\worktrees\research-online-book\runs\online-log-lower-20261008\leaves\all-exact-types-v2.lean:429:35: warning: This simp argument is unused:
  NeutralContext.f7_eq

Hint: Omit it from the simp argument list.
  simp only [NeutralContext.f2_eq, NeutralContext.f7̵_̵e̵q̵,̵ ̵N̵e̵u̵t̵r̵a̵l̵C̵o̵n̵t̵e̵x̵t̵.̵f̵8_eq, NeutralContext.P_eq]

Note: This linter can be disabled with `set_option linter.unusedSimpArgs false`
E:\ABRL\worktrees\research-online-book\runs\online-log-lower-20261008\leaves\all-exact-types-v2.lean:429:57: warning: This simp argument is unused:
  NeutralContext.f8_eq

Hint: Omit it from the simp argument list.
  simp only [NeutralContext.f2_eq, NeutralContext.f7_eq, NeutralContext.f̵8̵_̵e̵q̵,̵ ̵N̵e̵u̵t̵r̵a̵l̵C̵o̵n̵t̵e̵x̵t̵.̵P_eq]

Note: This linter can be disabled with `set_option linter.unusedSimpArgs false`
E:\ABRL\worktrees\research-online-book\runs\online-log-lower-20261008\leaves\all-exact-types-v2.lean:429:79: warning: This simp argument is unused:
  NeutralContext.P_eq

Hint: Omit it from the simp argument list.
  simp only [NeutralContext.f2_eq, NeutralContext.f7_eq, NeutralContext.f8_eq,̵ ̵N̵e̵u̵t̵r̵a̵l̵C̵o̵n̵t̵e̵x̵t̵.̵P̵_̵e̵q̵]

Note: This linter can be disabled with `set_option linter.unusedSimpArgs false`
E:\ABRL\worktrees\research-online-book\runs\online-log-lower-20261008\leaves\all-exact-types-v2.lean:429:104: warning: 'rfl' tactic does nothing

Note: This linter can be disabled with `set_option linter.unusedTactic false`
E:\ABRL\worktrees\research-online-book\runs\online-log-lower-20261008\leaves\all-exact-types-v2.lean:429:104: warning: this tactic is never executed

Note: This linter can be disabled with `set_option linter.unreachableTactic false`
E:\ABRL\worktrees\research-online-book\runs\online-log-lower-20261008\leaves\all-exact-types-v2.lean:432:13: warning: This simp argument is unused:
  NeutralContext.f2_eq

Hint: Omit it from the simp argument list.
  simp only [NeutralContext.f2̵_̵e̵q̵,̵ ̵N̵e̵u̵t̵r̵a̵l̵C̵o̵n̵t̵e̵x̵t̵.̵f̵7_eq, NeutralContext.f8_eq, NeutralContext.P_eq]

Note: This linter can be disabled with `set_option linter.unusedSimpArgs false`
E:\ABRL\worktrees\research-online-book\runs\online-log-lower-20261008\leaves\all-exact-types-v2.lean:432:57: warning: This simp argument is unused:
  NeutralContext.f8_eq

Hint: Omit it from the simp argument list.
  simp only [NeutralContext.f2_eq, NeutralContext.f7_eq, NeutralContext.f̵8̵_̵e̵q̵,̵ ̵N̵e̵u̵t̵r̵a̵l̵C̵o̵n̵t̵e̵x̵t̵.̵P_eq]

Note: This linter can be disabled with `set_option linter.unusedSimpArgs false`
E:\ABRL\worktrees\research-online-book\runs\online-log-lower-20261008\leaves\all-exact-types-v2.lean:432:79: warning: This simp argument is unused:
  NeutralContext.P_eq

Hint: Omit it from the simp argument list.
  simp only [NeutralContext.f2_eq, NeutralContext.f7_eq, NeutralContext.f8_eq,̵ ̵N̵e̵u̵t̵r̵a̵l̵C̵o̵n̵t̵e̵x̵t̵.̵P̵_̵e̵q̵]

Note: This linter can be disabled with `set_option linter.unusedSimpArgs false`
E:\ABRL\worktrees\research-online-book\runs\online-log-lower-20261008\leaves\all-exact-types-v2.lean:432:104: warning: 'rfl' tactic does nothing

Note: This linter can be disabled with `set_option linter.unusedTactic false`
E:\ABRL\worktrees\research-online-book\runs\online-log-lower-20261008\leaves\all-exact-types-v2.lean:432:104: warning: this tactic is never executed

Note: This linter can be disabled with `set_option linter.unreachableTactic false`
E:\ABRL\worktrees\research-online-book\runs\online-log-lower-20261008\leaves\all-exact-types-v2.lean:435:13: warning: This simp argument is unused:
  NeutralContext.f2_eq

Hint: Omit it from the simp argument list.
  simp only [NeutralContext.f2̵_̵e̵q̵,̵ ̵N̵e̵u̵t̵r̵a̵l̵C̵o̵n̵t̵e̵x̵t̵.̵f̵7_eq, NeutralContext.f8_eq, NeutralContext.P_eq]

Note: This linter can be disabled with `set_option linter.unusedSimpArgs false`
E:\ABRL\worktrees\research-online-book\runs\online-log-lower-20261008\leaves\all-exact-types-v2.lean:435:57: warning: This simp argument is unused:
  NeutralContext.f8_eq

Hint: Omit it from the simp argument list.
  simp only [NeutralContext.f2_eq, NeutralContext.f7_eq, NeutralContext.f̵8̵_̵e̵q̵,̵ ̵N̵e̵u̵t̵r̵a̵l̵C̵o̵n̵t̵e̵x̵t̵.̵P_eq]

Note: This linter can be disabled with `set_option linter.unusedSimpArgs false`
E:\ABRL\worktrees\research-online-book\runs\online-log-lower-20261008\leaves\all-exact-types-v2.lean:435:79: warning: This simp argument is unused:
  NeutralContext.P_eq

Hint: Omit it from the simp argument list.
  simp only [NeutralContext.f2_eq, NeutralContext.f7_eq, NeutralContext.f8_eq,̵ ̵N̵e̵u̵t̵r̵a̵l̵C̵o̵n̵t̵e̵x̵t̵.̵P̵_̵e̵q̵]

Note: This linter can be disabled with `set_option linter.unusedSimpArgs false`
E:\ABRL\worktrees\research-online-book\runs\online-log-lower-20261008\leaves\all-exact-types-v2.lean:435:100: warning: Used `tac1 <;> tac2` where `(tac1; tac2)` would suffice

Note: This linter can be disabled with `set_option linter.unnecessarySeqFocus false`
E:\ABRL\worktrees\research-online-book\runs\online-log-lower-20261008\leaves\all-exact-types-v2.lean:438:2: error: `simp` made no progress
E:\ABRL\worktrees\research-online-book\runs\online-log-lower-20261008\leaves\all-exact-types-v2.lean:441:2: error: `simp` made no progress
E:\ABRL\worktrees\research-online-book\runs\online-log-lower-20261008\leaves\all-exact-types-v2.lean:444:2: error: `simp` made no progress
E:\ABRL\worktrees\research-online-book\runs\online-log-lower-20261008\leaves\all-exact-types-v2.lean:447:2: error: `simp` made no progress
E:\ABRL\worktrees\research-online-book\runs\online-log-lower-20261008\leaves\all-exact-types-v2.lean:450:13: warning: This simp argument is unused:
  NeutralContext.f2_eq

Hint: Omit it from the simp argument list.
  simp only [NeutralContext.f2̵_̵e̵q̵,̵ ̵N̵e̵u̵t̵r̵a̵l̵C̵o̵n̵t̵e̵x̵t̵.̵f̵7_eq, NeutralContext.f8_eq, NeutralContext.P_eq]

Note: This linter can be disabled with `set_option linter.unusedSimpArgs false`
E:\ABRL\worktrees\research-online-book\runs\online-log-lower-20261008\leaves\all-exact-types-v2.lean:450:57: warning: This simp argument is unused:
  NeutralContext.f8_eq

Hint: Omit it from the simp argument list.
  simp only [NeutralContext.f2_eq, NeutralContext.f7_eq, NeutralContext.f̵8̵_̵e̵q̵,̵ ̵N̵e̵u̵t̵r̵a̵l̵C̵o̵n̵t̵e̵x̵t̵.̵P_eq]

Note: This linter can be disabled with `set_option linter.unusedSimpArgs false`
E:\ABRL\worktrees\research-online-book\runs\online-log-lower-20261008\leaves\all-exact-types-v2.lean:450:79: warning: This simp argument is unused:
  NeutralContext.P_eq

Hint: Omit it from the simp argument list.
  simp only [NeutralContext.f2_eq, NeutralContext.f7_eq, NeutralContext.f8_eq,̵ ̵N̵e̵u̵t̵r̵a̵l̵C̵o̵n̵t̵e̵x̵t̵.̵P̵_̵e̵q̵]

Note: This linter can be disabled with `set_option linter.unusedSimpArgs false`
E:\ABRL\worktrees\research-online-book\runs\online-log-lower-20261008\leaves\all-exact-types-v2.lean:450:100: warning: Used `tac1 <;> tac2` where `(tac1; tac2)` would suffice

Note: This linter can be disabled with `set_option linter.unnecessarySeqFocus false`
E:\ABRL\worktrees\research-online-book\runs\online-log-lower-20261008\leaves\all-exact-types-v2.lean:453:13: warning: This simp argument is unused:
  NeutralContext.f2_eq

Hint: Omit it from the simp argument list.
  simp only [NeutralContext.f2̵_̵e̵q̵,̵ ̵N̵e̵u̵t̵r̵a̵l̵C̵o̵n̵t̵e̵x̵t̵.̵f̵7_eq, NeutralContext.f8_eq, NeutralContext.P_eq]

Note: This linter can be disabled with `set_option linter.unusedSimpArgs false`
E:\ABRL\worktrees\research-online-book\runs\online-log-lower-20261008\leaves\all-exact-types-v2.lean:453:35: warning: This simp argument is unused:
  NeutralContext.f7_eq

Hint: Omit it from the simp argument list.
  simp only [NeutralContext.f2_eq, NeutralContext.f7̵_̵e̵q̵,̵ ̵N̵e̵u̵t̵r̵a̵l̵C̵o̵n̵t̵e̵x̵t̵.̵f̵8_eq, NeutralContext.P_eq]

Note: This linter can be disabled with `set_option linter.unusedSimpArgs false`
E:\ABRL\worktrees\research-online-book\runs\online-log-lower-20261008\leaves\all-exact-types-v2.lean:453:57: warning: This simp argument is unused:
  NeutralContext.f8_eq

Hint: Omit it from the simp argument list.
  simp only [NeutralContext.f2_eq, NeutralContext.f7_eq, NeutralContext.f̵8̵_̵e̵q̵,̵ ̵N̵e̵u̵t̵r̵a̵l̵C̵o̵n̵t̵e̵x̵t̵.̵P_eq]

Note: This linter can be disabled with `set_option linter.unusedSimpArgs false`
E:\ABRL\worktrees\research-online-book\runs\online-log-lower-20261008\leaves\all-exact-types-v2.lean:453:104: warning: 'rfl' tactic does nothing

Note: This linter can be disabled with `set_option linter.unusedTactic false`
E:\ABRL\worktrees\research-online-book\runs\online-log-lower-20261008\leaves\all-exact-types-v2.lean:453:104: warning: this tactic is never executed

Note: This linter can be disabled with `set_option linter.unreachableTactic false`
E:\ABRL\worktrees\research-online-book\runs\online-log-lower-20261008\leaves\all-exact-types-v2.lean:456:2: error: `simp` made no progress
E:\ABRL\worktrees\research-online-book\runs\online-log-lower-20261008\leaves\all-exact-types-v2.lean:459:2: error: `simp` made no progress
E:\ABRL\worktrees\research-online-book\runs\online-log-lower-20261008\leaves\all-exact-types-v2.lean:462:2: error: `simp` made no progress
E:\ABRL\worktrees\research-online-book\runs\online-log-lower-20261008\leaves\all-exact-types-v2.lean:465:2: error: `simp` made no progress
E:\ABRL\worktrees\research-online-book\runs\online-log-lower-20261008\leaves\all-exact-types-v2.lean:468:2: error: `simp` made no progress
