E:\ABRL\worktrees\research-online-book\runs\online-log-lower-20261008\leaves\all-exact-types-v3.lean:80:35: warning: unused variable `hfg`

Note: This linter can be disabled with `set_option linter.unusedVariables false`
E:\ABRL\worktrees\research-online-book\runs\online-log-lower-20261008\leaves\all-exact-types-v3.lean:116:50: warning: unused variable `hpast`

Note: This linter can be disabled with `set_option linter.unusedVariables false`
E:\ABRL\worktrees\research-online-book\runs\online-log-lower-20261008\leaves\all-exact-types-v3.lean:119:21: warning: unused variable `hpos`

Note: This linter can be disabled with `set_option linter.unusedVariables false`
E:\ABRL\worktrees\research-online-book\runs\online-log-lower-20261008\leaves\all-exact-types-v3.lean:125:40: warning: unused variable `ht`

Note: This linter can be disabled with `set_option linter.unusedVariables false`
E:\ABRL\worktrees\research-online-book\runs\online-log-lower-20261008\leaves\all-exact-types-v3.lean:131:40: warning: unused variable `ht`

Note: This linter can be disabled with `set_option linter.unusedVariables false`
E:\ABRL\worktrees\research-online-book\runs\online-log-lower-20261008\leaves\all-exact-types-v3.lean:152:21: warning: unused variable `hpos`

Note: This linter can be disabled with `set_option linter.unusedVariables false`
E:\ABRL\worktrees\research-online-book\runs\online-log-lower-20261008\leaves\all-exact-types-v3.lean:155:13: warning: unused variable `hT`

Note: This linter can be disabled with `set_option linter.unusedVariables false`
E:\ABRL\worktrees\research-online-book\runs\online-log-lower-20261008\leaves\all-exact-types-v3.lean:158:35: warning: unused variable `hfg`

Note: This linter can be disabled with `set_option linter.unusedVariables false`
E:\ABRL\worktrees\research-online-book\runs\online-log-lower-20261008\leaves\all-exact-types-v3.lean:173:33: warning: unused variable `hT`

Note: This linter can be disabled with `set_option linter.unusedVariables false`
E:\ABRL\worktrees\research-online-book\runs\online-log-lower-20261008\leaves\all-exact-types-v3.lean:179:15: warning: unused variable `hx`

Note: This linter can be disabled with `set_option linter.unusedVariables false`
E:\ABRL\worktrees\research-online-book\runs\online-log-lower-20261008\leaves\all-exact-types-v3.lean:179:40: warning: unused variable `hy`

Note: This linter can be disabled with `set_option linter.unusedVariables false`
E:\ABRL\worktrees\research-online-book\runs\online-log-lower-20261008\leaves\all-exact-types-v3.lean:182:27: warning: unused variable `hp`

Note: This linter can be disabled with `set_option linter.unusedVariables false`
E:\ABRL\worktrees\research-online-book\runs\online-log-lower-20261008\leaves\all-exact-types-v3.lean:182:63: warning: unused variable `hy`

Note: This linter can be disabled with `set_option linter.unusedVariables false`
E:\ABRL\worktrees\research-online-book\runs\online-log-lower-20261008\leaves\all-exact-types-v3.lean:185:41: warning: unused variable `hbound`

Note: This linter can be disabled with `set_option linter.unusedVariables false`
E:\ABRL\worktrees\research-online-book\runs\online-log-lower-20261008\leaves\all-exact-types-v3.lean:188:62: warning: unused variable `hA`

Note: This linter can be disabled with `set_option linter.unusedVariables false`
E:\ABRL\worktrees\research-online-book\runs\online-log-lower-20261008\leaves\all-exact-types-v3.lean:191:103: warning: unused variable `hA`

Note: This linter can be disabled with `set_option linter.unusedVariables false`
E:\ABRL\worktrees\research-online-book\runs\online-log-lower-20261008\leaves\all-exact-types-v3.lean:191:143: warning: unused variable `hbound`

Note: This linter can be disabled with `set_option linter.unusedVariables false`
E:\ABRL\worktrees\research-online-book\runs\online-log-lower-20261008\leaves\all-exact-types-v3.lean:194:103: warning: unused variable `hA`

Note: This linter can be disabled with `set_option linter.unusedVariables false`
E:\ABRL\worktrees\research-online-book\runs\online-log-lower-20261008\leaves\all-exact-types-v3.lean:194:143: warning: unused variable `hbound`

Note: This linter can be disabled with `set_option linter.unusedVariables false`
E:\ABRL\worktrees\research-online-book\runs\online-log-lower-20261008\leaves\all-exact-types-v3.lean:194:191: warning: unused variable `hT`

Note: This linter can be disabled with `set_option linter.unusedVariables false`
E:\ABRL\worktrees\research-online-book\runs\online-log-lower-20261008\leaves\all-exact-types-v3.lean:197:103: warning: unused variable `hA`

Note: This linter can be disabled with `set_option linter.unusedVariables false`
E:\ABRL\worktrees\research-online-book\runs\online-log-lower-20261008\leaves\all-exact-types-v3.lean:197:143: warning: unused variable `hbound`

Note: This linter can be disabled with `set_option linter.unusedVariables false`
E:\ABRL\worktrees\research-online-book\runs\online-log-lower-20261008\leaves\all-exact-types-v3.lean:197:191: warning: unused variable `hT`

Note: This linter can be disabled with `set_option linter.unusedVariables false`
E:\ABRL\worktrees\research-online-book\runs\online-log-lower-20261008\leaves\all-exact-types-v3.lean:245:13: warning: unused variable `hT`

Note: This linter can be disabled with `set_option linter.unusedVariables false`
E:\ABRL\worktrees\research-online-book\runs\online-log-lower-20261008\leaves\all-exact-types-v3.lean:285:4: warning: 'simp only [NeutralContext.f2_eq, NeutralContext.f7_eq, NeutralContext.f8_eq, NeutralContext.P_eq] <;>
  rfl' tactic does nothing

Note: This linter can be disabled with `set_option linter.unusedTactic false`
E:\ABRL\worktrees\research-online-book\runs\online-log-lower-20261008\leaves\all-exact-types-v3.lean:285:4: warning: this tactic is never executed

Note: This linter can be disabled with `set_option linter.unreachableTactic false`
E:\ABRL\worktrees\research-online-book\runs\online-log-lower-20261008\leaves\all-exact-types-v3.lean:290:37: warning: This simp argument is unused:
  NeutralContext.f7_eq

Hint: Omit it from the simp argument list.
  simp only [NeutralContext.f2_eq, NeutralContext.f7̵_̵e̵q̵,̵ ̵N̵e̵u̵t̵r̵a̵l̵C̵o̵n̵t̵e̵x̵t̵.̵f̵8_eq, NeutralContext.P_eq]

Note: This linter can be disabled with `set_option linter.unusedSimpArgs false`
E:\ABRL\worktrees\research-online-book\runs\online-log-lower-20261008\leaves\all-exact-types-v3.lean:290:59: warning: This simp argument is unused:
  NeutralContext.f8_eq

Hint: Omit it from the simp argument list.
  simp only [NeutralContext.f2_eq, NeutralContext.f7_eq, NeutralContext.f̵8̵_̵e̵q̵,̵ ̵N̵e̵u̵t̵r̵a̵l̵C̵o̵n̵t̵e̵x̵t̵.̵P_eq]

Note: This linter can be disabled with `set_option linter.unusedSimpArgs false`
E:\ABRL\worktrees\research-online-book\runs\online-log-lower-20261008\leaves\all-exact-types-v3.lean:290:81: warning: This simp argument is unused:
  NeutralContext.P_eq

Hint: Omit it from the simp argument list.
  simp only [NeutralContext.f2_eq, NeutralContext.f7_eq, NeutralContext.f8_eq,̵ ̵N̵e̵u̵t̵r̵a̵l̵C̵o̵n̵t̵e̵x̵t̵.̵P̵_̵e̵q̵]

Note: This linter can be disabled with `set_option linter.unusedSimpArgs false`
E:\ABRL\worktrees\research-online-book\runs\online-log-lower-20261008\leaves\all-exact-types-v3.lean:290:106: warning: 'rfl' tactic does nothing

Note: This linter can be disabled with `set_option linter.unusedTactic false`
E:\ABRL\worktrees\research-online-book\runs\online-log-lower-20261008\leaves\all-exact-types-v3.lean:290:106: warning: this tactic is never executed

Note: This linter can be disabled with `set_option linter.unreachableTactic false`
E:\ABRL\worktrees\research-online-book\runs\online-log-lower-20261008\leaves\all-exact-types-v3.lean:295:37: warning: This simp argument is unused:
  NeutralContext.f7_eq

Hint: Omit it from the simp argument list.
  simp only [NeutralContext.f2_eq, NeutralContext.f7̵_̵e̵q̵,̵ ̵N̵e̵u̵t̵r̵a̵l̵C̵o̵n̵t̵e̵x̵t̵.̵f̵8_eq, NeutralContext.P_eq]

Note: This linter can be disabled with `set_option linter.unusedSimpArgs false`
E:\ABRL\worktrees\research-online-book\runs\online-log-lower-20261008\leaves\all-exact-types-v3.lean:295:59: warning: This simp argument is unused:
  NeutralContext.f8_eq

Hint: Omit it from the simp argument list.
  simp only [NeutralContext.f2_eq, NeutralContext.f7_eq, NeutralContext.f̵8̵_̵e̵q̵,̵ ̵N̵e̵u̵t̵r̵a̵l̵C̵o̵n̵t̵e̵x̵t̵.̵P_eq]

Note: This linter can be disabled with `set_option linter.unusedSimpArgs false`
E:\ABRL\worktrees\research-online-book\runs\online-log-lower-20261008\leaves\all-exact-types-v3.lean:295:81: warning: This simp argument is unused:
  NeutralContext.P_eq

Hint: Omit it from the simp argument list.
  simp only [NeutralContext.f2_eq, NeutralContext.f7_eq, NeutralContext.f8_eq,̵ ̵N̵e̵u̵t̵r̵a̵l̵C̵o̵n̵t̵e̵x̵t̵.̵P̵_̵e̵q̵]

Note: This linter can be disabled with `set_option linter.unusedSimpArgs false`
E:\ABRL\worktrees\research-online-book\runs\online-log-lower-20261008\leaves\all-exact-types-v3.lean:295:106: warning: 'rfl' tactic does nothing

Note: This linter can be disabled with `set_option linter.unusedTactic false`
E:\ABRL\worktrees\research-online-book\runs\online-log-lower-20261008\leaves\all-exact-types-v3.lean:295:106: warning: this tactic is never executed

Note: This linter can be disabled with `set_option linter.unreachableTactic false`
E:\ABRL\worktrees\research-online-book\runs\online-log-lower-20261008\leaves\all-exact-types-v3.lean:300:4: warning: 'simp only [NeutralContext.f2_eq, NeutralContext.f7_eq, NeutralContext.f8_eq, NeutralContext.P_eq] <;>
  rfl' tactic does nothing

Note: This linter can be disabled with `set_option linter.unusedTactic false`
E:\ABRL\worktrees\research-online-book\runs\online-log-lower-20261008\leaves\all-exact-types-v3.lean:300:4: warning: this tactic is never executed

Note: This linter can be disabled with `set_option linter.unreachableTactic false`
E:\ABRL\worktrees\research-online-book\runs\online-log-lower-20261008\leaves\all-exact-types-v3.lean:305:37: warning: This simp argument is unused:
  NeutralContext.f7_eq

Hint: Omit it from the simp argument list.
  simp only [NeutralContext.f2_eq, NeutralContext.f7̵_̵e̵q̵,̵ ̵N̵e̵u̵t̵r̵a̵l̵C̵o̵n̵t̵e̵x̵t̵.̵f̵8_eq, NeutralContext.P_eq]

Note: This linter can be disabled with `set_option linter.unusedSimpArgs false`
E:\ABRL\worktrees\research-online-book\runs\online-log-lower-20261008\leaves\all-exact-types-v3.lean:305:59: warning: This simp argument is unused:
  NeutralContext.f8_eq

Hint: Omit it from the simp argument list.
  simp only [NeutralContext.f2_eq, NeutralContext.f7_eq, NeutralContext.f̵8̵_̵e̵q̵,̵ ̵N̵e̵u̵t̵r̵a̵l̵C̵o̵n̵t̵e̵x̵t̵.̵P_eq]

Note: This linter can be disabled with `set_option linter.unusedSimpArgs false`
E:\ABRL\worktrees\research-online-book\runs\online-log-lower-20261008\leaves\all-exact-types-v3.lean:305:81: warning: This simp argument is unused:
  NeutralContext.P_eq

Hint: Omit it from the simp argument list.
  simp only [NeutralContext.f2_eq, NeutralContext.f7_eq, NeutralContext.f8_eq,̵ ̵N̵e̵u̵t̵r̵a̵l̵C̵o̵n̵t̵e̵x̵t̵.̵P̵_̵e̵q̵]

Note: This linter can be disabled with `set_option linter.unusedSimpArgs false`
E:\ABRL\worktrees\research-online-book\runs\online-log-lower-20261008\leaves\all-exact-types-v3.lean:305:106: warning: 'rfl' tactic does nothing

Note: This linter can be disabled with `set_option linter.unusedTactic false`
E:\ABRL\worktrees\research-online-book\runs\online-log-lower-20261008\leaves\all-exact-types-v3.lean:305:106: warning: this tactic is never executed

Note: This linter can be disabled with `set_option linter.unreachableTactic false`
E:\ABRL\worktrees\research-online-book\runs\online-log-lower-20261008\leaves\all-exact-types-v3.lean:310:37: warning: This simp argument is unused:
  NeutralContext.f7_eq

Hint: Omit it from the simp argument list.
  simp only [NeutralContext.f2_eq, NeutralContext.f7̵_̵e̵q̵,̵ ̵N̵e̵u̵t̵r̵a̵l̵C̵o̵n̵t̵e̵x̵t̵.̵f̵8_eq, NeutralContext.P_eq]

Note: This linter can be disabled with `set_option linter.unusedSimpArgs false`
E:\ABRL\worktrees\research-online-book\runs\online-log-lower-20261008\leaves\all-exact-types-v3.lean:310:59: warning: This simp argument is unused:
  NeutralContext.f8_eq

Hint: Omit it from the simp argument list.
  simp only [NeutralContext.f2_eq, NeutralContext.f7_eq, NeutralContext.f̵8̵_̵e̵q̵,̵ ̵N̵e̵u̵t̵r̵a̵l̵C̵o̵n̵t̵e̵x̵t̵.̵P_eq]

Note: This linter can be disabled with `set_option linter.unusedSimpArgs false`
E:\ABRL\worktrees\research-online-book\runs\online-log-lower-20261008\leaves\all-exact-types-v3.lean:310:106: warning: 'rfl' tactic does nothing

Note: This linter can be disabled with `set_option linter.unusedTactic false`
E:\ABRL\worktrees\research-online-book\runs\online-log-lower-20261008\leaves\all-exact-types-v3.lean:310:106: warning: this tactic is never executed

Note: This linter can be disabled with `set_option linter.unreachableTactic false`
E:\ABRL\worktrees\research-online-book\runs\online-log-lower-20261008\leaves\all-exact-types-v3.lean:315:15: warning: This simp argument is unused:
  NeutralContext.f2_eq

Hint: Omit it from the simp argument list.
  simp only [NeutralContext.f2̵_̵e̵q̵,̵ ̵N̵e̵u̵t̵r̵a̵l̵C̵o̵n̵t̵e̵x̵t̵.̵f̵7_eq, NeutralContext.f8_eq, NeutralContext.P_eq]

Note: This linter can be disabled with `set_option linter.unusedSimpArgs false`
E:\ABRL\worktrees\research-online-book\runs\online-log-lower-20261008\leaves\all-exact-types-v3.lean:315:37: warning: This simp argument is unused:
  NeutralContext.f7_eq

Hint: Omit it from the simp argument list.
  simp only [NeutralContext.f2_eq, NeutralContext.f7̵_̵e̵q̵,̵ ̵N̵e̵u̵t̵r̵a̵l̵C̵o̵n̵t̵e̵x̵t̵.̵f̵8_eq, NeutralContext.P_eq]

Note: This linter can be disabled with `set_option linter.unusedSimpArgs false`
E:\ABRL\worktrees\research-online-book\runs\online-log-lower-20261008\leaves\all-exact-types-v3.lean:315:81: warning: This simp argument is unused:
  NeutralContext.P_eq

Hint: Omit it from the simp argument list.
  simp only [NeutralContext.f2_eq, NeutralContext.f7_eq, NeutralContext.f8_eq,̵ ̵N̵e̵u̵t̵r̵a̵l̵C̵o̵n̵t̵e̵x̵t̵.̵P̵_̵e̵q̵]

Note: This linter can be disabled with `set_option linter.unusedSimpArgs false`
E:\ABRL\worktrees\research-online-book\runs\online-log-lower-20261008\leaves\all-exact-types-v3.lean:315:106: warning: 'rfl' tactic does nothing

Note: This linter can be disabled with `set_option linter.unusedTactic false`
E:\ABRL\worktrees\research-online-book\runs\online-log-lower-20261008\leaves\all-exact-types-v3.lean:315:106: warning: this tactic is never executed

Note: This linter can be disabled with `set_option linter.unreachableTactic false`
E:\ABRL\worktrees\research-online-book\runs\online-log-lower-20261008\leaves\all-exact-types-v3.lean:320:15: warning: This simp argument is unused:
  NeutralContext.f2_eq

Hint: Omit it from the simp argument list.
  simp only [NeutralContext.f2̵_̵e̵q̵,̵ ̵N̵e̵u̵t̵r̵a̵l̵C̵o̵n̵t̵e̵x̵t̵.̵f̵7_eq, NeutralContext.f8_eq, NeutralContext.P_eq]

Note: This linter can be disabled with `set_option linter.unusedSimpArgs false`
E:\ABRL\worktrees\research-online-book\runs\online-log-lower-20261008\leaves\all-exact-types-v3.lean:320:81: warning: This simp argument is unused:
  NeutralContext.P_eq

Hint: Omit it from the simp argument list.
  simp only [NeutralContext.f2_eq, NeutralContext.f7_eq, NeutralContext.f8_eq,̵ ̵N̵e̵u̵t̵r̵a̵l̵C̵o̵n̵t̵e̵x̵t̵.̵P̵_̵e̵q̵]

Note: This linter can be disabled with `set_option linter.unusedSimpArgs false`
E:\ABRL\worktrees\research-online-book\runs\online-log-lower-20261008\leaves\all-exact-types-v3.lean:320:106: warning: 'rfl' tactic does nothing

Note: This linter can be disabled with `set_option linter.unusedTactic false`
E:\ABRL\worktrees\research-online-book\runs\online-log-lower-20261008\leaves\all-exact-types-v3.lean:320:106: warning: this tactic is never executed

Note: This linter can be disabled with `set_option linter.unreachableTactic false`
E:\ABRL\worktrees\research-online-book\runs\online-log-lower-20261008\leaves\all-exact-types-v3.lean:325:15: warning: This simp argument is unused:
  NeutralContext.f2_eq

Hint: Omit it from the simp argument list.
  simp only [NeutralContext.f2̵_̵e̵q̵,̵ ̵N̵e̵u̵t̵r̵a̵l̵C̵o̵n̵t̵e̵x̵t̵.̵f̵7_eq, NeutralContext.f8_eq, NeutralContext.P_eq]

Note: This linter can be disabled with `set_option linter.unusedSimpArgs false`
E:\ABRL\worktrees\research-online-book\runs\online-log-lower-20261008\leaves\all-exact-types-v3.lean:325:59: warning: This simp argument is unused:
  NeutralContext.f8_eq

Hint: Omit it from the simp argument list.
  simp only [NeutralContext.f2_eq, NeutralContext.f7_eq, NeutralContext.f̵8̵_̵e̵q̵,̵ ̵N̵e̵u̵t̵r̵a̵l̵C̵o̵n̵t̵e̵x̵t̵.̵P_eq]

Note: This linter can be disabled with `set_option linter.unusedSimpArgs false`
E:\ABRL\worktrees\research-online-book\runs\online-log-lower-20261008\leaves\all-exact-types-v3.lean:325:81: warning: This simp argument is unused:
  NeutralContext.P_eq

Hint: Omit it from the simp argument list.
  simp only [NeutralContext.f2_eq, NeutralContext.f7_eq, NeutralContext.f8_eq,̵ ̵N̵e̵u̵t̵r̵a̵l̵C̵o̵n̵t̵e̵x̵t̵.̵P̵_̵e̵q̵]

Note: This linter can be disabled with `set_option linter.unusedSimpArgs false`
E:\ABRL\worktrees\research-online-book\runs\online-log-lower-20261008\leaves\all-exact-types-v3.lean:325:106: warning: 'rfl' tactic does nothing

Note: This linter can be disabled with `set_option linter.unusedTactic false`
E:\ABRL\worktrees\research-online-book\runs\online-log-lower-20261008\leaves\all-exact-types-v3.lean:325:106: warning: this tactic is never executed

Note: This linter can be disabled with `set_option linter.unreachableTactic false`
E:\ABRL\worktrees\research-online-book\runs\online-log-lower-20261008\leaves\all-exact-types-v3.lean:330:15: warning: This simp argument is unused:
  NeutralContext.f2_eq

Hint: Omit it from the simp argument list.
  simp only [NeutralContext.f2̵_̵e̵q̵,̵ ̵N̵e̵u̵t̵r̵a̵l̵C̵o̵n̵t̵e̵x̵t̵.̵f̵7_eq, NeutralContext.f8_eq, NeutralContext.P_eq]

Note: This linter can be disabled with `set_option linter.unusedSimpArgs false`
E:\ABRL\worktrees\research-online-book\runs\online-log-lower-20261008\leaves\all-exact-types-v3.lean:330:59: warning: This simp argument is unused:
  NeutralContext.f8_eq

Hint: Omit it from the simp argument list.
  simp only [NeutralContext.f2_eq, NeutralContext.f7_eq, NeutralContext.f̵8̵_̵e̵q̵,̵ ̵N̵e̵u̵t̵r̵a̵l̵C̵o̵n̵t̵e̵x̵t̵.̵P_eq]

Note: This linter can be disabled with `set_option linter.unusedSimpArgs false`
E:\ABRL\worktrees\research-online-book\runs\online-log-lower-20261008\leaves\all-exact-types-v3.lean:330:81: warning: This simp argument is unused:
  NeutralContext.P_eq

Hint: Omit it from the simp argument list.
  simp only [NeutralContext.f2_eq, NeutralContext.f7_eq, NeutralContext.f8_eq,̵ ̵N̵e̵u̵t̵r̵a̵l̵C̵o̵n̵t̵e̵x̵t̵.̵P̵_̵e̵q̵]

Note: This linter can be disabled with `set_option linter.unusedSimpArgs false`
E:\ABRL\worktrees\research-online-book\runs\online-log-lower-20261008\leaves\all-exact-types-v3.lean:330:106: warning: 'rfl' tactic does nothing

Note: This linter can be disabled with `set_option linter.unusedTactic false`
E:\ABRL\worktrees\research-online-book\runs\online-log-lower-20261008\leaves\all-exact-types-v3.lean:330:106: warning: this tactic is never executed

Note: This linter can be disabled with `set_option linter.unreachableTactic false`
E:\ABRL\worktrees\research-online-book\runs\online-log-lower-20261008\leaves\all-exact-types-v3.lean:335:15: warning: This simp argument is unused:
  NeutralContext.f2_eq

Hint: Omit it from the simp argument list.
  simp only [NeutralContext.f2̵_̵e̵q̵,̵ ̵N̵e̵u̵t̵r̵a̵l̵C̵o̵n̵t̵e̵x̵t̵.̵f̵7_eq, NeutralContext.f8_eq, NeutralContext.P_eq]

Note: This linter can be disabled with `set_option linter.unusedSimpArgs false`
E:\ABRL\worktrees\research-online-book\runs\online-log-lower-20261008\leaves\all-exact-types-v3.lean:335:59: warning: This simp argument is unused:
  NeutralContext.f8_eq

Hint: Omit it from the simp argument list.
  simp only [NeutralContext.f2_eq, NeutralContext.f7_eq, NeutralContext.f̵8̵_̵e̵q̵,̵ ̵N̵e̵u̵t̵r̵a̵l̵C̵o̵n̵t̵e̵x̵t̵.̵P_eq]

Note: This linter can be disabled with `set_option linter.unusedSimpArgs false`
E:\ABRL\worktrees\research-online-book\runs\online-log-lower-20261008\leaves\all-exact-types-v3.lean:335:81: warning: This simp argument is unused:
  NeutralContext.P_eq

Hint: Omit it from the simp argument list.
  simp only [NeutralContext.f2_eq, NeutralContext.f7_eq, NeutralContext.f8_eq,̵ ̵N̵e̵u̵t̵r̵a̵l̵C̵o̵n̵t̵e̵x̵t̵.̵P̵_̵e̵q̵]

Note: This linter can be disabled with `set_option linter.unusedSimpArgs false`
E:\ABRL\worktrees\research-online-book\runs\online-log-lower-20261008\leaves\all-exact-types-v3.lean:335:106: warning: 'rfl' tactic does nothing

Note: This linter can be disabled with `set_option linter.unusedTactic false`
E:\ABRL\worktrees\research-online-book\runs\online-log-lower-20261008\leaves\all-exact-types-v3.lean:335:106: warning: this tactic is never executed

Note: This linter can be disabled with `set_option linter.unreachableTactic false`
E:\ABRL\worktrees\research-online-book\runs\online-log-lower-20261008\leaves\all-exact-types-v3.lean:340:15: warning: This simp argument is unused:
  NeutralContext.f2_eq

Hint: Omit it from the simp argument list.
  simp only [NeutralContext.f2̵_̵e̵q̵,̵ ̵N̵e̵u̵t̵r̵a̵l̵C̵o̵n̵t̵e̵x̵t̵.̵f̵7_eq, NeutralContext.f8_eq, NeutralContext.P_eq]

Note: This linter can be disabled with `set_option linter.unusedSimpArgs false`
E:\ABRL\worktrees\research-online-book\runs\online-log-lower-20261008\leaves\all-exact-types-v3.lean:340:59: warning: This simp argument is unused:
  NeutralContext.f8_eq

Hint: Omit it from the simp argument list.
  simp only [NeutralContext.f2_eq, NeutralContext.f7_eq, NeutralContext.f̵8̵_̵e̵q̵,̵ ̵N̵e̵u̵t̵r̵a̵l̵C̵o̵n̵t̵e̵x̵t̵.̵P_eq]

Note: This linter can be disabled with `set_option linter.unusedSimpArgs false`
E:\ABRL\worktrees\research-online-book\runs\online-log-lower-20261008\leaves\all-exact-types-v3.lean:340:81: warning: This simp argument is unused:
  NeutralContext.P_eq

Hint: Omit it from the simp argument list.
  simp only [NeutralContext.f2_eq, NeutralContext.f7_eq, NeutralContext.f8_eq,̵ ̵N̵e̵u̵t̵r̵a̵l̵C̵o̵n̵t̵e̵x̵t̵.̵P̵_̵e̵q̵]

Note: This linter can be disabled with `set_option linter.unusedSimpArgs false`
E:\ABRL\worktrees\research-online-book\runs\online-log-lower-20261008\leaves\all-exact-types-v3.lean:340:106: warning: 'rfl' tactic does nothing

Note: This linter can be disabled with `set_option linter.unusedTactic false`
E:\ABRL\worktrees\research-online-book\runs\online-log-lower-20261008\leaves\all-exact-types-v3.lean:340:106: warning: this tactic is never executed

Note: This linter can be disabled with `set_option linter.unreachableTactic false`
E:\ABRL\worktrees\research-online-book\runs\online-log-lower-20261008\leaves\all-exact-types-v3.lean:345:15: warning: This simp argument is unused:
  NeutralContext.f2_eq

Hint: Omit it from the simp argument list.
  simp only [NeutralContext.f2̵_̵e̵q̵,̵ ̵N̵e̵u̵t̵r̵a̵l̵C̵o̵n̵t̵e̵x̵t̵.̵f̵7_eq, NeutralContext.f8_eq, NeutralContext.P_eq]

Note: This linter can be disabled with `set_option linter.unusedSimpArgs false`
E:\ABRL\worktrees\research-online-book\runs\online-log-lower-20261008\leaves\all-exact-types-v3.lean:345:59: warning: This simp argument is unused:
  NeutralContext.f8_eq

Hint: Omit it from the simp argument list.
  simp only [NeutralContext.f2_eq, NeutralContext.f7_eq, NeutralContext.f̵8̵_̵e̵q̵,̵ ̵N̵e̵u̵t̵r̵a̵l̵C̵o̵n̵t̵e̵x̵t̵.̵P_eq]

Note: This linter can be disabled with `set_option linter.unusedSimpArgs false`
E:\ABRL\worktrees\research-online-book\runs\online-log-lower-20261008\leaves\all-exact-types-v3.lean:345:81: warning: This simp argument is unused:
  NeutralContext.P_eq

Hint: Omit it from the simp argument list.
  simp only [NeutralContext.f2_eq, NeutralContext.f7_eq, NeutralContext.f8_eq,̵ ̵N̵e̵u̵t̵r̵a̵l̵C̵o̵n̵t̵e̵x̵t̵.̵P̵_̵e̵q̵]

Note: This linter can be disabled with `set_option linter.unusedSimpArgs false`
E:\ABRL\worktrees\research-online-book\runs\online-log-lower-20261008\leaves\all-exact-types-v3.lean:345:106: warning: 'rfl' tactic does nothing

Note: This linter can be disabled with `set_option linter.unusedTactic false`
E:\ABRL\worktrees\research-online-book\runs\online-log-lower-20261008\leaves\all-exact-types-v3.lean:345:106: warning: this tactic is never executed

Note: This linter can be disabled with `set_option linter.unreachableTactic false`
E:\ABRL\worktrees\research-online-book\runs\online-log-lower-20261008\leaves\all-exact-types-v3.lean:350:15: warning: This simp argument is unused:
  NeutralContext.f2_eq

Hint: Omit it from the simp argument list.
  simp only [NeutralContext.f2̵_̵e̵q̵,̵ ̵N̵e̵u̵t̵r̵a̵l̵C̵o̵n̵t̵e̵x̵t̵.̵f̵7_eq, NeutralContext.f8_eq, NeutralContext.P_eq]

Note: This linter can be disabled with `set_option linter.unusedSimpArgs false`
E:\ABRL\worktrees\research-online-book\runs\online-log-lower-20261008\leaves\all-exact-types-v3.lean:350:59: warning: This simp argument is unused:
  NeutralContext.f8_eq

Hint: Omit it from the simp argument list.
  simp only [NeutralContext.f2_eq, NeutralContext.f7_eq, NeutralContext.f̵8̵_̵e̵q̵,̵ ̵N̵e̵u̵t̵r̵a̵l̵C̵o̵n̵t̵e̵x̵t̵.̵P_eq]

Note: This linter can be disabled with `set_option linter.unusedSimpArgs false`
E:\ABRL\worktrees\research-online-book\runs\online-log-lower-20261008\leaves\all-exact-types-v3.lean:350:81: warning: This simp argument is unused:
  NeutralContext.P_eq

Hint: Omit it from the simp argument list.
  simp only [NeutralContext.f2_eq, NeutralContext.f7_eq, NeutralContext.f8_eq,̵ ̵N̵e̵u̵t̵r̵a̵l̵C̵o̵n̵t̵e̵x̵t̵.̵P̵_̵e̵q̵]

Note: This linter can be disabled with `set_option linter.unusedSimpArgs false`
E:\ABRL\worktrees\research-online-book\runs\online-log-lower-20261008\leaves\all-exact-types-v3.lean:350:106: warning: 'rfl' tactic does nothing

Note: This linter can be disabled with `set_option linter.unusedTactic false`
E:\ABRL\worktrees\research-online-book\runs\online-log-lower-20261008\leaves\all-exact-types-v3.lean:350:106: warning: this tactic is never executed

Note: This linter can be disabled with `set_option linter.unreachableTactic false`
E:\ABRL\worktrees\research-online-book\runs\online-log-lower-20261008\leaves\all-exact-types-v3.lean:355:15: warning: This simp argument is unused:
  NeutralContext.f2_eq

Hint: Omit it from the simp argument list.
  simp only [NeutralContext.f2̵_̵e̵q̵,̵ ̵N̵e̵u̵t̵r̵a̵l̵C̵o̵n̵t̵e̵x̵t̵.̵f̵7_eq, NeutralContext.f8_eq, NeutralContext.P_eq]

Note: This linter can be disabled with `set_option linter.unusedSimpArgs false`
E:\ABRL\worktrees\research-online-book\runs\online-log-lower-20261008\leaves\all-exact-types-v3.lean:355:59: warning: This simp argument is unused:
  NeutralContext.f8_eq

Hint: Omit it from the simp argument list.
  simp only [NeutralContext.f2_eq, NeutralContext.f7_eq, NeutralContext.f̵8̵_̵e̵q̵,̵ ̵N̵e̵u̵t̵r̵a̵l̵C̵o̵n̵t̵e̵x̵t̵.̵P_eq]

Note: This linter can be disabled with `set_option linter.unusedSimpArgs false`
E:\ABRL\worktrees\research-online-book\runs\online-log-lower-20261008\leaves\all-exact-types-v3.lean:355:81: warning: This simp argument is unused:
  NeutralContext.P_eq

Hint: Omit it from the simp argument list.
  simp only [NeutralContext.f2_eq, NeutralContext.f7_eq, NeutralContext.f8_eq,̵ ̵N̵e̵u̵t̵r̵a̵l̵C̵o̵n̵t̵e̵x̵t̵.̵P̵_̵e̵q̵]

Note: This linter can be disabled with `set_option linter.unusedSimpArgs false`
E:\ABRL\worktrees\research-online-book\runs\online-log-lower-20261008\leaves\all-exact-types-v3.lean:355:102: warning: Used `tac1 <;> tac2` where `(tac1; tac2)` would suffice

Note: This linter can be disabled with `set_option linter.unnecessarySeqFocus false`
E:\ABRL\worktrees\research-online-book\runs\online-log-lower-20261008\leaves\all-exact-types-v3.lean:360:15: warning: This simp argument is unused:
  NeutralContext.f2_eq

Hint: Omit it from the simp argument list.
  simp only [NeutralContext.f2̵_̵e̵q̵,̵ ̵N̵e̵u̵t̵r̵a̵l̵C̵o̵n̵t̵e̵x̵t̵.̵f̵7_eq, NeutralContext.f8_eq, NeutralContext.P_eq]

Note: This linter can be disabled with `set_option linter.unusedSimpArgs false`
E:\ABRL\worktrees\research-online-book\runs\online-log-lower-20261008\leaves\all-exact-types-v3.lean:360:59: warning: This simp argument is unused:
  NeutralContext.f8_eq

Hint: Omit it from the simp argument list.
  simp only [NeutralContext.f2_eq, NeutralContext.f7_eq, NeutralContext.f̵8̵_̵e̵q̵,̵ ̵N̵e̵u̵t̵r̵a̵l̵C̵o̵n̵t̵e̵x̵t̵.̵P_eq]

Note: This linter can be disabled with `set_option linter.unusedSimpArgs false`
E:\ABRL\worktrees\research-online-book\runs\online-log-lower-20261008\leaves\all-exact-types-v3.lean:360:81: warning: This simp argument is unused:
  NeutralContext.P_eq

Hint: Omit it from the simp argument list.
  simp only [NeutralContext.f2_eq, NeutralContext.f7_eq, NeutralContext.f8_eq,̵ ̵N̵e̵u̵t̵r̵a̵l̵C̵o̵n̵t̵e̵x̵t̵.̵P̵_̵e̵q̵]

Note: This linter can be disabled with `set_option linter.unusedSimpArgs false`
E:\ABRL\worktrees\research-online-book\runs\online-log-lower-20261008\leaves\all-exact-types-v3.lean:360:106: warning: 'rfl' tactic does nothing

Note: This linter can be disabled with `set_option linter.unusedTactic false`
E:\ABRL\worktrees\research-online-book\runs\online-log-lower-20261008\leaves\all-exact-types-v3.lean:360:106: warning: this tactic is never executed

Note: This linter can be disabled with `set_option linter.unreachableTactic false`
E:\ABRL\worktrees\research-online-book\runs\online-log-lower-20261008\leaves\all-exact-types-v3.lean:365:15: warning: This simp argument is unused:
  NeutralContext.f2_eq

Hint: Omit it from the simp argument list.
  simp only [NeutralContext.f2̵_̵e̵q̵,̵ ̵N̵e̵u̵t̵r̵a̵l̵C̵o̵n̵t̵e̵x̵t̵.̵f̵7_eq, NeutralContext.f8_eq, NeutralContext.P_eq]

Note: This linter can be disabled with `set_option linter.unusedSimpArgs false`
E:\ABRL\worktrees\research-online-book\runs\online-log-lower-20261008\leaves\all-exact-types-v3.lean:365:59: warning: This simp argument is unused:
  NeutralContext.f8_eq

Hint: Omit it from the simp argument list.
  simp only [NeutralContext.f2_eq, NeutralContext.f7_eq, NeutralContext.f̵8̵_̵e̵q̵,̵ ̵N̵e̵u̵t̵r̵a̵l̵C̵o̵n̵t̵e̵x̵t̵.̵P_eq]

Note: This linter can be disabled with `set_option linter.unusedSimpArgs false`
E:\ABRL\worktrees\research-online-book\runs\online-log-lower-20261008\leaves\all-exact-types-v3.lean:365:81: warning: This simp argument is unused:
  NeutralContext.P_eq

Hint: Omit it from the simp argument list.
  simp only [NeutralContext.f2_eq, NeutralContext.f7_eq, NeutralContext.f8_eq,̵ ̵N̵e̵u̵t̵r̵a̵l̵C̵o̵n̵t̵e̵x̵t̵.̵P̵_̵e̵q̵]

Note: This linter can be disabled with `set_option linter.unusedSimpArgs false`
E:\ABRL\worktrees\research-online-book\runs\online-log-lower-20261008\leaves\all-exact-types-v3.lean:365:106: warning: 'rfl' tactic does nothing

Note: This linter can be disabled with `set_option linter.unusedTactic false`
E:\ABRL\worktrees\research-online-book\runs\online-log-lower-20261008\leaves\all-exact-types-v3.lean:365:106: warning: this tactic is never executed

Note: This linter can be disabled with `set_option linter.unreachableTactic false`
E:\ABRL\worktrees\research-online-book\runs\online-log-lower-20261008\leaves\all-exact-types-v3.lean:370:15: warning: This simp argument is unused:
  NeutralContext.f2_eq

Hint: Omit it from the simp argument list.
  simp only [NeutralContext.f2̵_̵e̵q̵,̵ ̵N̵e̵u̵t̵r̵a̵l̵C̵o̵n̵t̵e̵x̵t̵.̵f̵7_eq, NeutralContext.f8_eq, NeutralContext.P_eq]

Note: This linter can be disabled with `set_option linter.unusedSimpArgs false`
E:\ABRL\worktrees\research-online-book\runs\online-log-lower-20261008\leaves\all-exact-types-v3.lean:370:59: warning: This simp argument is unused:
  NeutralContext.f8_eq

Hint: Omit it from the simp argument list.
  simp only [NeutralContext.f2_eq, NeutralContext.f7_eq, NeutralContext.f̵8̵_̵e̵q̵,̵ ̵N̵e̵u̵t̵r̵a̵l̵C̵o̵n̵t̵e̵x̵t̵.̵P_eq]

Note: This linter can be disabled with `set_option linter.unusedSimpArgs false`
E:\ABRL\worktrees\research-online-book\runs\online-log-lower-20261008\leaves\all-exact-types-v3.lean:370:81: warning: This simp argument is unused:
  NeutralContext.P_eq

Hint: Omit it from the simp argument list.
  simp only [NeutralContext.f2_eq, NeutralContext.f7_eq, NeutralContext.f8_eq,̵ ̵N̵e̵u̵t̵r̵a̵l̵C̵o̵n̵t̵e̵x̵t̵.̵P̵_̵e̵q̵]

Note: This linter can be disabled with `set_option linter.unusedSimpArgs false`
E:\ABRL\worktrees\research-online-book\runs\online-log-lower-20261008\leaves\all-exact-types-v3.lean:370:106: warning: 'rfl' tactic does nothing

Note: This linter can be disabled with `set_option linter.unusedTactic false`
E:\ABRL\worktrees\research-online-book\runs\online-log-lower-20261008\leaves\all-exact-types-v3.lean:370:106: warning: this tactic is never executed

Note: This linter can be disabled with `set_option linter.unreachableTactic false`
E:\ABRL\worktrees\research-online-book\runs\online-log-lower-20261008\leaves\all-exact-types-v3.lean:375:15: warning: This simp argument is unused:
  NeutralContext.f2_eq

Hint: Omit it from the simp argument list.
  simp only [NeutralContext.f2̵_̵e̵q̵,̵ ̵N̵e̵u̵t̵r̵a̵l̵C̵o̵n̵t̵e̵x̵t̵.̵f̵7_eq, NeutralContext.f8_eq, NeutralContext.P_eq]

Note: This linter can be disabled with `set_option linter.unusedSimpArgs false`
E:\ABRL\worktrees\research-online-book\runs\online-log-lower-20261008\leaves\all-exact-types-v3.lean:375:59: warning: This simp argument is unused:
  NeutralContext.f8_eq

Hint: Omit it from the simp argument list.
  simp only [NeutralContext.f2_eq, NeutralContext.f7_eq, NeutralContext.f̵8̵_̵e̵q̵,̵ ̵N̵e̵u̵t̵r̵a̵l̵C̵o̵n̵t̵e̵x̵t̵.̵P_eq]

Note: This linter can be disabled with `set_option linter.unusedSimpArgs false`
E:\ABRL\worktrees\research-online-book\runs\online-log-lower-20261008\leaves\all-exact-types-v3.lean:375:81: warning: This simp argument is unused:
  NeutralContext.P_eq

Hint: Omit it from the simp argument list.
  simp only [NeutralContext.f2_eq, NeutralContext.f7_eq, NeutralContext.f8_eq,̵ ̵N̵e̵u̵t̵r̵a̵l̵C̵o̵n̵t̵e̵x̵t̵.̵P̵_̵e̵q̵]

Note: This linter can be disabled with `set_option linter.unusedSimpArgs false`
E:\ABRL\worktrees\research-online-book\runs\online-log-lower-20261008\leaves\all-exact-types-v3.lean:375:106: warning: 'rfl' tactic does nothing

Note: This linter can be disabled with `set_option linter.unusedTactic false`
E:\ABRL\worktrees\research-online-book\runs\online-log-lower-20261008\leaves\all-exact-types-v3.lean:375:106: warning: this tactic is never executed

Note: This linter can be disabled with `set_option linter.unreachableTactic false`
E:\ABRL\worktrees\research-online-book\runs\online-log-lower-20261008\leaves\all-exact-types-v3.lean:380:15: warning: This simp argument is unused:
  NeutralContext.f2_eq

Hint: Omit it from the simp argument list.
  simp only [NeutralContext.f2̵_̵e̵q̵,̵ ̵N̵e̵u̵t̵r̵a̵l̵C̵o̵n̵t̵e̵x̵t̵.̵f̵7_eq, NeutralContext.f8_eq, NeutralContext.P_eq]

Note: This linter can be disabled with `set_option linter.unusedSimpArgs false`
E:\ABRL\worktrees\research-online-book\runs\online-log-lower-20261008\leaves\all-exact-types-v3.lean:380:59: warning: This simp argument is unused:
  NeutralContext.f8_eq

Hint: Omit it from the simp argument list.
  simp only [NeutralContext.f2_eq, NeutralContext.f7_eq, NeutralContext.f̵8̵_̵e̵q̵,̵ ̵N̵e̵u̵t̵r̵a̵l̵C̵o̵n̵t̵e̵x̵t̵.̵P_eq]

Note: This linter can be disabled with `set_option linter.unusedSimpArgs false`
E:\ABRL\worktrees\research-online-book\runs\online-log-lower-20261008\leaves\all-exact-types-v3.lean:380:81: warning: This simp argument is unused:
  NeutralContext.P_eq

Hint: Omit it from the simp argument list.
  simp only [NeutralContext.f2_eq, NeutralContext.f7_eq, NeutralContext.f8_eq,̵ ̵N̵e̵u̵t̵r̵a̵l̵C̵o̵n̵t̵e̵x̵t̵.̵P̵_̵e̵q̵]

Note: This linter can be disabled with `set_option linter.unusedSimpArgs false`
E:\ABRL\worktrees\research-online-book\runs\online-log-lower-20261008\leaves\all-exact-types-v3.lean:380:102: warning: Used `tac1 <;> tac2` where `(tac1; tac2)` would suffice

Note: This linter can be disabled with `set_option linter.unnecessarySeqFocus false`
E:\ABRL\worktrees\research-online-book\runs\online-log-lower-20261008\leaves\all-exact-types-v3.lean:385:4: warning: 'simp only [NeutralContext.f2_eq, NeutralContext.f7_eq, NeutralContext.f8_eq, NeutralContext.P_eq] <;>
  rfl' tactic does nothing

Note: This linter can be disabled with `set_option linter.unusedTactic false`
E:\ABRL\worktrees\research-online-book\runs\online-log-lower-20261008\leaves\all-exact-types-v3.lean:385:4: warning: this tactic is never executed

Note: This linter can be disabled with `set_option linter.unreachableTactic false`
E:\ABRL\worktrees\research-online-book\runs\online-log-lower-20261008\leaves\all-exact-types-v3.lean:390:4: warning: 'simp only [NeutralContext.f2_eq, NeutralContext.f7_eq, NeutralContext.f8_eq, NeutralContext.P_eq] <;>
  rfl' tactic does nothing

Note: This linter can be disabled with `set_option linter.unusedTactic false`
E:\ABRL\worktrees\research-online-book\runs\online-log-lower-20261008\leaves\all-exact-types-v3.lean:390:4: warning: this tactic is never executed

Note: This linter can be disabled with `set_option linter.unreachableTactic false`
E:\ABRL\worktrees\research-online-book\runs\online-log-lower-20261008\leaves\all-exact-types-v3.lean:395:4: warning: 'simp only [NeutralContext.f2_eq, NeutralContext.f7_eq, NeutralContext.f8_eq, NeutralContext.P_eq] <;>
  rfl' tactic does nothing

Note: This linter can be disabled with `set_option linter.unusedTactic false`
E:\ABRL\worktrees\research-online-book\runs\online-log-lower-20261008\leaves\all-exact-types-v3.lean:395:4: warning: this tactic is never executed

Note: This linter can be disabled with `set_option linter.unreachableTactic false`
E:\ABRL\worktrees\research-online-book\runs\online-log-lower-20261008\leaves\all-exact-types-v3.lean:400:4: warning: 'simp only [NeutralContext.f2_eq, NeutralContext.f7_eq, NeutralContext.f8_eq, NeutralContext.P_eq] <;>
  rfl' tactic does nothing

Note: This linter can be disabled with `set_option linter.unusedTactic false`
E:\ABRL\worktrees\research-online-book\runs\online-log-lower-20261008\leaves\all-exact-types-v3.lean:400:4: warning: this tactic is never executed

Note: This linter can be disabled with `set_option linter.unreachableTactic false`
E:\ABRL\worktrees\research-online-book\runs\online-log-lower-20261008\leaves\all-exact-types-v3.lean:405:4: warning: 'simp only [NeutralContext.f2_eq, NeutralContext.f7_eq, NeutralContext.f8_eq, NeutralContext.P_eq] <;>
  rfl' tactic does nothing

Note: This linter can be disabled with `set_option linter.unusedTactic false`
E:\ABRL\worktrees\research-online-book\runs\online-log-lower-20261008\leaves\all-exact-types-v3.lean:405:4: warning: this tactic is never executed

Note: This linter can be disabled with `set_option linter.unreachableTactic false`
E:\ABRL\worktrees\research-online-book\runs\online-log-lower-20261008\leaves\all-exact-types-v3.lean:410:4: warning: 'simp only [NeutralContext.f2_eq, NeutralContext.f7_eq, NeutralContext.f8_eq, NeutralContext.P_eq] <;>
  rfl' tactic does nothing

Note: This linter can be disabled with `set_option linter.unusedTactic false`
E:\ABRL\worktrees\research-online-book\runs\online-log-lower-20261008\leaves\all-exact-types-v3.lean:410:4: warning: this tactic is never executed

Note: This linter can be disabled with `set_option linter.unreachableTactic false`
E:\ABRL\worktrees\research-online-book\runs\online-log-lower-20261008\leaves\all-exact-types-v3.lean:415:4: warning: 'simp only [NeutralContext.f2_eq, NeutralContext.f7_eq, NeutralContext.f8_eq, NeutralContext.P_eq] <;>
  rfl' tactic does nothing

Note: This linter can be disabled with `set_option linter.unusedTactic false`
E:\ABRL\worktrees\research-online-book\runs\online-log-lower-20261008\leaves\all-exact-types-v3.lean:415:4: warning: this tactic is never executed

Note: This linter can be disabled with `set_option linter.unreachableTactic false`
E:\ABRL\worktrees\research-online-book\runs\online-log-lower-20261008\leaves\all-exact-types-v3.lean:420:4: warning: 'simp only [NeutralContext.f2_eq, NeutralContext.f7_eq, NeutralContext.f8_eq, NeutralContext.P_eq] <;>
  rfl' tactic does nothing

Note: This linter can be disabled with `set_option linter.unusedTactic false`
E:\ABRL\worktrees\research-online-book\runs\online-log-lower-20261008\leaves\all-exact-types-v3.lean:420:4: warning: this tactic is never executed

Note: This linter can be disabled with `set_option linter.unreachableTactic false`
E:\ABRL\worktrees\research-online-book\runs\online-log-lower-20261008\leaves\all-exact-types-v3.lean:425:4: warning: 'simp only [NeutralContext.f2_eq, NeutralContext.f7_eq, NeutralContext.f8_eq, NeutralContext.P_eq] <;>
  rfl' tactic does nothing

Note: This linter can be disabled with `set_option linter.unusedTactic false`
E:\ABRL\worktrees\research-online-book\runs\online-log-lower-20261008\leaves\all-exact-types-v3.lean:425:4: warning: this tactic is never executed

Note: This linter can be disabled with `set_option linter.unreachableTactic false`
E:\ABRL\worktrees\research-online-book\runs\online-log-lower-20261008\leaves\all-exact-types-v3.lean:430:4: warning: 'simp only [NeutralContext.f2_eq, NeutralContext.f7_eq, NeutralContext.f8_eq, NeutralContext.P_eq] <;>
  rfl' tactic does nothing

Note: This linter can be disabled with `set_option linter.unusedTactic false`
E:\ABRL\worktrees\research-online-book\runs\online-log-lower-20261008\leaves\all-exact-types-v3.lean:430:4: warning: this tactic is never executed

Note: This linter can be disabled with `set_option linter.unreachableTactic false`
E:\ABRL\worktrees\research-online-book\runs\online-log-lower-20261008\leaves\all-exact-types-v3.lean:435:4: warning: 'simp only [NeutralContext.f2_eq, NeutralContext.f7_eq, NeutralContext.f8_eq, NeutralContext.P_eq] <;>
  rfl' tactic does nothing

Note: This linter can be disabled with `set_option linter.unusedTactic false`
E:\ABRL\worktrees\research-online-book\runs\online-log-lower-20261008\leaves\all-exact-types-v3.lean:435:4: warning: this tactic is never executed

Note: This linter can be disabled with `set_option linter.unreachableTactic false`
E:\ABRL\worktrees\research-online-book\runs\online-log-lower-20261008\leaves\all-exact-types-v3.lean:440:4: warning: 'simp only [NeutralContext.f2_eq, NeutralContext.f7_eq, NeutralContext.f8_eq, NeutralContext.P_eq] <;>
  rfl' tactic does nothing

Note: This linter can be disabled with `set_option linter.unusedTactic false`
E:\ABRL\worktrees\research-online-book\runs\online-log-lower-20261008\leaves\all-exact-types-v3.lean:440:4: warning: this tactic is never executed

Note: This linter can be disabled with `set_option linter.unreachableTactic false`
E:\ABRL\worktrees\research-online-book\runs\online-log-lower-20261008\leaves\all-exact-types-v3.lean:445:4: warning: 'simp only [NeutralContext.f2_eq, NeutralContext.f7_eq, NeutralContext.f8_eq, NeutralContext.P_eq] <;>
  rfl' tactic does nothing

Note: This linter can be disabled with `set_option linter.unusedTactic false`
E:\ABRL\worktrees\research-online-book\runs\online-log-lower-20261008\leaves\all-exact-types-v3.lean:445:4: warning: this tactic is never executed

Note: This linter can be disabled with `set_option linter.unreachableTactic false`
E:\ABRL\worktrees\research-online-book\runs\online-log-lower-20261008\leaves\all-exact-types-v3.lean:450:15: warning: This simp argument is unused:
  NeutralContext.f2_eq

Hint: Omit it from the simp argument list.
  simp only [NeutralContext.f2̵_̵e̵q̵,̵ ̵N̵e̵u̵t̵r̵a̵l̵C̵o̵n̵t̵e̵x̵t̵.̵f̵7_eq, NeutralContext.f8_eq, NeutralContext.P_eq]

Note: This linter can be disabled with `set_option linter.unusedSimpArgs false`
E:\ABRL\worktrees\research-online-book\runs\online-log-lower-20261008\leaves\all-exact-types-v3.lean:450:59: warning: This simp argument is unused:
  NeutralContext.f8_eq

Hint: Omit it from the simp argument list.
  simp only [NeutralContext.f2_eq, NeutralContext.f7_eq, NeutralContext.f̵8̵_̵e̵q̵,̵ ̵N̵e̵u̵t̵r̵a̵l̵C̵o̵n̵t̵e̵x̵t̵.̵P_eq]

Note: This linter can be disabled with `set_option linter.unusedSimpArgs false`
E:\ABRL\worktrees\research-online-book\runs\online-log-lower-20261008\leaves\all-exact-types-v3.lean:450:81: warning: This simp argument is unused:
  NeutralContext.P_eq

Hint: Omit it from the simp argument list.
  simp only [NeutralContext.f2_eq, NeutralContext.f7_eq, NeutralContext.f8_eq,̵ ̵N̵e̵u̵t̵r̵a̵l̵C̵o̵n̵t̵e̵x̵t̵.̵P̵_̵e̵q̵]

Note: This linter can be disabled with `set_option linter.unusedSimpArgs false`
E:\ABRL\worktrees\research-online-book\runs\online-log-lower-20261008\leaves\all-exact-types-v3.lean:450:102: warning: Used `tac1 <;> tac2` where `(tac1; tac2)` would suffice

Note: This linter can be disabled with `set_option linter.unnecessarySeqFocus false`
E:\ABRL\worktrees\research-online-book\runs\online-log-lower-20261008\leaves\all-exact-types-v3.lean:455:15: warning: This simp argument is unused:
  NeutralContext.f2_eq

Hint: Omit it from the simp argument list.
  simp only [NeutralContext.f2̵_̵e̵q̵,̵ ̵N̵e̵u̵t̵r̵a̵l̵C̵o̵n̵t̵e̵x̵t̵.̵f̵7_eq, NeutralContext.f8_eq, NeutralContext.P_eq]

Note: This linter can be disabled with `set_option linter.unusedSimpArgs false`
E:\ABRL\worktrees\research-online-book\runs\online-log-lower-20261008\leaves\all-exact-types-v3.lean:455:59: warning: This simp argument is unused:
  NeutralContext.f8_eq

Hint: Omit it from the simp argument list.
  simp only [NeutralContext.f2_eq, NeutralContext.f7_eq, NeutralContext.f̵8̵_̵e̵q̵,̵ ̵N̵e̵u̵t̵r̵a̵l̵C̵o̵n̵t̵e̵x̵t̵.̵P_eq]

Note: This linter can be disabled with `set_option linter.unusedSimpArgs false`
E:\ABRL\worktrees\research-online-book\runs\online-log-lower-20261008\leaves\all-exact-types-v3.lean:455:81: warning: This simp argument is unused:
  NeutralContext.P_eq

Hint: Omit it from the simp argument list.
  simp only [NeutralContext.f2_eq, NeutralContext.f7_eq, NeutralContext.f8_eq,̵ ̵N̵e̵u̵t̵r̵a̵l̵C̵o̵n̵t̵e̵x̵t̵.̵P̵_̵e̵q̵]

Note: This linter can be disabled with `set_option linter.unusedSimpArgs false`
E:\ABRL\worktrees\research-online-book\runs\online-log-lower-20261008\leaves\all-exact-types-v3.lean:455:106: warning: 'rfl' tactic does nothing

Note: This linter can be disabled with `set_option linter.unusedTactic false`
E:\ABRL\worktrees\research-online-book\runs\online-log-lower-20261008\leaves\all-exact-types-v3.lean:455:106: warning: this tactic is never executed

Note: This linter can be disabled with `set_option linter.unreachableTactic false`
E:\ABRL\worktrees\research-online-book\runs\online-log-lower-20261008\leaves\all-exact-types-v3.lean:460:15: warning: This simp argument is unused:
  NeutralContext.f2_eq

Hint: Omit it from the simp argument list.
  simp only [NeutralContext.f2̵_̵e̵q̵,̵ ̵N̵e̵u̵t̵r̵a̵l̵C̵o̵n̵t̵e̵x̵t̵.̵f̵7_eq, NeutralContext.f8_eq, NeutralContext.P_eq]

Note: This linter can be disabled with `set_option linter.unusedSimpArgs false`
E:\ABRL\worktrees\research-online-book\runs\online-log-lower-20261008\leaves\all-exact-types-v3.lean:460:59: warning: This simp argument is unused:
  NeutralContext.f8_eq

Hint: Omit it from the simp argument list.
  simp only [NeutralContext.f2_eq, NeutralContext.f7_eq, NeutralContext.f̵8̵_̵e̵q̵,̵ ̵N̵e̵u̵t̵r̵a̵l̵C̵o̵n̵t̵e̵x̵t̵.̵P_eq]

Note: This linter can be disabled with `set_option linter.unusedSimpArgs false`
E:\ABRL\worktrees\research-online-book\runs\online-log-lower-20261008\leaves\all-exact-types-v3.lean:460:81: warning: This simp argument is unused:
  NeutralContext.P_eq

Hint: Omit it from the simp argument list.
  simp only [NeutralContext.f2_eq, NeutralContext.f7_eq, NeutralContext.f8_eq,̵ ̵N̵e̵u̵t̵r̵a̵l̵C̵o̵n̵t̵e̵x̵t̵.̵P̵_̵e̵q̵]

Note: This linter can be disabled with `set_option linter.unusedSimpArgs false`
E:\ABRL\worktrees\research-online-book\runs\online-log-lower-20261008\leaves\all-exact-types-v3.lean:460:102: warning: Used `tac1 <;> tac2` where `(tac1; tac2)` would suffice

Note: This linter can be disabled with `set_option linter.unnecessarySeqFocus false`
E:\ABRL\worktrees\research-online-book\runs\online-log-lower-20261008\leaves\all-exact-types-v3.lean:465:15: warning: This simp argument is unused:
  NeutralContext.f2_eq

Hint: Omit it from the simp argument list.
  simp only [NeutralContext.f2̵_̵e̵q̵,̵ ̵N̵e̵u̵t̵r̵a̵l̵C̵o̵n̵t̵e̵x̵t̵.̵f̵7_eq, NeutralContext.f8_eq, NeutralContext.P_eq]

Note: This linter can be disabled with `set_option linter.unusedSimpArgs false`
E:\ABRL\worktrees\research-online-book\runs\online-log-lower-20261008\leaves\all-exact-types-v3.lean:465:59: warning: This simp argument is unused:
  NeutralContext.f8_eq

Hint: Omit it from the simp argument list.
  simp only [NeutralContext.f2_eq, NeutralContext.f7_eq, NeutralContext.f̵8̵_̵e̵q̵,̵ ̵N̵e̵u̵t̵r̵a̵l̵C̵o̵n̵t̵e̵x̵t̵.̵P_eq]

Note: This linter can be disabled with `set_option linter.unusedSimpArgs false`
E:\ABRL\worktrees\research-online-book\runs\online-log-lower-20261008\leaves\all-exact-types-v3.lean:465:81: warning: This simp argument is unused:
  NeutralContext.P_eq

Hint: Omit it from the simp argument list.
  simp only [NeutralContext.f2_eq, NeutralContext.f7_eq, NeutralContext.f8_eq,̵ ̵N̵e̵u̵t̵r̵a̵l̵C̵o̵n̵t̵e̵x̵t̵.̵P̵_̵e̵q̵]

Note: This linter can be disabled with `set_option linter.unusedSimpArgs false`
E:\ABRL\worktrees\research-online-book\runs\online-log-lower-20261008\leaves\all-exact-types-v3.lean:465:102: warning: Used `tac1 <;> tac2` where `(tac1; tac2)` would suffice

Note: This linter can be disabled with `set_option linter.unnecessarySeqFocus false`
E:\ABRL\worktrees\research-online-book\runs\online-log-lower-20261008\leaves\all-exact-types-v3.lean:470:4: warning: 'simp only [NeutralContext.f2_eq, NeutralContext.f7_eq, NeutralContext.f8_eq, NeutralContext.P_eq] <;>
  rfl' tactic does nothing

Note: This linter can be disabled with `set_option linter.unusedTactic false`
E:\ABRL\worktrees\research-online-book\runs\online-log-lower-20261008\leaves\all-exact-types-v3.lean:470:4: warning: this tactic is never executed

Note: This linter can be disabled with `set_option linter.unreachableTactic false`
E:\ABRL\worktrees\research-online-book\runs\online-log-lower-20261008\leaves\all-exact-types-v3.lean:475:15: warning: This simp argument is unused:
  NeutralContext.f2_eq

Hint: Omit it from the simp argument list.
  simp only [NeutralContext.f2̵_̵e̵q̵,̵ ̵N̵e̵u̵t̵r̵a̵l̵C̵o̵n̵t̵e̵x̵t̵.̵f̵7_eq, NeutralContext.f8_eq, NeutralContext.P_eq]

Note: This linter can be disabled with `set_option linter.unusedSimpArgs false`
E:\ABRL\worktrees\research-online-book\runs\online-log-lower-20261008\leaves\all-exact-types-v3.lean:475:59: warning: This simp argument is unused:
  NeutralContext.f8_eq

Hint: Omit it from the simp argument list.
  simp only [NeutralContext.f2_eq, NeutralContext.f7_eq, NeutralContext.f̵8̵_̵e̵q̵,̵ ̵N̵e̵u̵t̵r̵a̵l̵C̵o̵n̵t̵e̵x̵t̵.̵P_eq]

Note: This linter can be disabled with `set_option linter.unusedSimpArgs false`
E:\ABRL\worktrees\research-online-book\runs\online-log-lower-20261008\leaves\all-exact-types-v3.lean:475:81: warning: This simp argument is unused:
  NeutralContext.P_eq

Hint: Omit it from the simp argument list.
  simp only [NeutralContext.f2_eq, NeutralContext.f7_eq, NeutralContext.f8_eq,̵ ̵N̵e̵u̵t̵r̵a̵l̵C̵o̵n̵t̵e̵x̵t̵.̵P̵_̵e̵q̵]

Note: This linter can be disabled with `set_option linter.unusedSimpArgs false`
E:\ABRL\worktrees\research-online-book\runs\online-log-lower-20261008\leaves\all-exact-types-v3.lean:475:102: warning: Used `tac1 <;> tac2` where `(tac1; tac2)` would suffice

Note: This linter can be disabled with `set_option linter.unnecessarySeqFocus false`
E:\ABRL\worktrees\research-online-book\runs\online-log-lower-20261008\leaves\all-exact-types-v3.lean:480:15: warning: This simp argument is unused:
  NeutralContext.f2_eq

Hint: Omit it from the simp argument list.
  simp only [NeutralContext.f2̵_̵e̵q̵,̵ ̵N̵e̵u̵t̵r̵a̵l̵C̵o̵n̵t̵e̵x̵t̵.̵f̵7_eq, NeutralContext.f8_eq, NeutralContext.P_eq]

Note: This linter can be disabled with `set_option linter.unusedSimpArgs false`
E:\ABRL\worktrees\research-online-book\runs\online-log-lower-20261008\leaves\all-exact-types-v3.lean:480:59: warning: This simp argument is unused:
  NeutralContext.f8_eq

Hint: Omit it from the simp argument list.
  simp only [NeutralContext.f2_eq, NeutralContext.f7_eq, NeutralContext.f̵8̵_̵e̵q̵,̵ ̵N̵e̵u̵t̵r̵a̵l̵C̵o̵n̵t̵e̵x̵t̵.̵P_eq]

Note: This linter can be disabled with `set_option linter.unusedSimpArgs false`
E:\ABRL\worktrees\research-online-book\runs\online-log-lower-20261008\leaves\all-exact-types-v3.lean:480:81: warning: This simp argument is unused:
  NeutralContext.P_eq

Hint: Omit it from the simp argument list.
  simp only [NeutralContext.f2_eq, NeutralContext.f7_eq, NeutralContext.f8_eq,̵ ̵N̵e̵u̵t̵r̵a̵l̵C̵o̵n̵t̵e̵x̵t̵.̵P̵_̵e̵q̵]

Note: This linter can be disabled with `set_option linter.unusedSimpArgs false`
E:\ABRL\worktrees\research-online-book\runs\online-log-lower-20261008\leaves\all-exact-types-v3.lean:480:102: warning: Used `tac1 <;> tac2` where `(tac1; tac2)` would suffice

Note: This linter can be disabled with `set_option linter.unnecessarySeqFocus false`
E:\ABRL\worktrees\research-online-book\runs\online-log-lower-20261008\leaves\all-exact-types-v3.lean:485:37: warning: This simp argument is unused:
  NeutralContext.f7_eq

Hint: Omit it from the simp argument list.
  simp only [NeutralContext.f2_eq, NeutralContext.f7̵_̵e̵q̵,̵ ̵N̵e̵u̵t̵r̵a̵l̵C̵o̵n̵t̵e̵x̵t̵.̵f̵8_eq, NeutralContext.P_eq]

Note: This linter can be disabled with `set_option linter.unusedSimpArgs false`
E:\ABRL\worktrees\research-online-book\runs\online-log-lower-20261008\leaves\all-exact-types-v3.lean:485:59: warning: This simp argument is unused:
  NeutralContext.f8_eq

Hint: Omit it from the simp argument list.
  simp only [NeutralContext.f2_eq, NeutralContext.f7_eq, NeutralContext.f̵8̵_̵e̵q̵,̵ ̵N̵e̵u̵t̵r̵a̵l̵C̵o̵n̵t̵e̵x̵t̵.̵P_eq]

Note: This linter can be disabled with `set_option linter.unusedSimpArgs false`
E:\ABRL\worktrees\research-online-book\runs\online-log-lower-20261008\leaves\all-exact-types-v3.lean:485:81: warning: This simp argument is unused:
  NeutralContext.P_eq

Hint: Omit it from the simp argument list.
  simp only [NeutralContext.f2_eq, NeutralContext.f7_eq, NeutralContext.f8_eq,̵ ̵N̵e̵u̵t̵r̵a̵l̵C̵o̵n̵t̵e̵x̵t̵.̵P̵_̵e̵q̵]

Note: This linter can be disabled with `set_option linter.unusedSimpArgs false`
E:\ABRL\worktrees\research-online-book\runs\online-log-lower-20261008\leaves\all-exact-types-v3.lean:485:106: warning: 'rfl' tactic does nothing

Note: This linter can be disabled with `set_option linter.unusedTactic false`
E:\ABRL\worktrees\research-online-book\runs\online-log-lower-20261008\leaves\all-exact-types-v3.lean:485:106: warning: this tactic is never executed

Note: This linter can be disabled with `set_option linter.unreachableTactic false`
E:\ABRL\worktrees\research-online-book\runs\online-log-lower-20261008\leaves\all-exact-types-v3.lean:490:4: warning: 'simp only [NeutralContext.f2_eq, NeutralContext.f7_eq, NeutralContext.f8_eq, NeutralContext.P_eq] <;>
  rfl' tactic does nothing

Note: This linter can be disabled with `set_option linter.unusedTactic false`
E:\ABRL\worktrees\research-online-book\runs\online-log-lower-20261008\leaves\all-exact-types-v3.lean:490:4: warning: this tactic is never executed

Note: This linter can be disabled with `set_option linter.unreachableTactic false`
E:\ABRL\worktrees\research-online-book\runs\online-log-lower-20261008\leaves\all-exact-types-v3.lean:495:4: warning: 'simp only [NeutralContext.f2_eq, NeutralContext.f7_eq, NeutralContext.f8_eq, NeutralContext.P_eq] <;>
  rfl' tactic does nothing

Note: This linter can be disabled with `set_option linter.unusedTactic false`
E:\ABRL\worktrees\research-online-book\runs\online-log-lower-20261008\leaves\all-exact-types-v3.lean:495:4: warning: this tactic is never executed

Note: This linter can be disabled with `set_option linter.unreachableTactic false`
E:\ABRL\worktrees\research-online-book\runs\online-log-lower-20261008\leaves\all-exact-types-v3.lean:500:4: warning: 'simp only [NeutralContext.f2_eq, NeutralContext.f7_eq, NeutralContext.f8_eq, NeutralContext.P_eq] <;>
  rfl' tactic does nothing

Note: This linter can be disabled with `set_option linter.unusedTactic false`
E:\ABRL\worktrees\research-online-book\runs\online-log-lower-20261008\leaves\all-exact-types-v3.lean:500:4: warning: this tactic is never executed

Note: This linter can be disabled with `set_option linter.unreachableTactic false`
E:\ABRL\worktrees\research-online-book\runs\online-log-lower-20261008\leaves\all-exact-types-v3.lean:505:4: warning: 'simp only [NeutralContext.f2_eq, NeutralContext.f7_eq, NeutralContext.f8_eq, NeutralContext.P_eq] <;>
  rfl' tactic does nothing

Note: This linter can be disabled with `set_option linter.unusedTactic false`
E:\ABRL\worktrees\research-online-book\runs\online-log-lower-20261008\leaves\all-exact-types-v3.lean:505:4: warning: this tactic is never executed

Note: This linter can be disabled with `set_option linter.unreachableTactic false`
E:\ABRL\worktrees\research-online-book\runs\online-log-lower-20261008\leaves\all-exact-types-v3.lean:510:4: warning: 'simp only [NeutralContext.f2_eq, NeutralContext.f7_eq, NeutralContext.f8_eq, NeutralContext.P_eq] <;>
  rfl' tactic does nothing

Note: This linter can be disabled with `set_option linter.unusedTactic false`
E:\ABRL\worktrees\research-online-book\runs\online-log-lower-20261008\leaves\all-exact-types-v3.lean:510:4: warning: this tactic is never executed

Note: This linter can be disabled with `set_option linter.unreachableTactic false`
E:\ABRL\worktrees\research-online-book\runs\online-log-lower-20261008\leaves\all-exact-types-v3.lean:515:4: warning: 'simp only [NeutralContext.f2_eq, NeutralContext.f7_eq, NeutralContext.f8_eq, NeutralContext.P_eq] <;>
  rfl' tactic does nothing

Note: This linter can be disabled with `set_option linter.unusedTactic false`
E:\ABRL\worktrees\research-online-book\runs\online-log-lower-20261008\leaves\all-exact-types-v3.lean:515:4: warning: this tactic is never executed

Note: This linter can be disabled with `set_option linter.unreachableTactic false`
E:\ABRL\worktrees\research-online-book\runs\online-log-lower-20261008\leaves\all-exact-types-v3.lean:520:4: warning: 'simp only [NeutralContext.f2_eq, NeutralContext.f7_eq, NeutralContext.f8_eq, NeutralContext.P_eq] <;>
  rfl' tactic does nothing

Note: This linter can be disabled with `set_option linter.unusedTactic false`
E:\ABRL\worktrees\research-online-book\runs\online-log-lower-20261008\leaves\all-exact-types-v3.lean:520:4: warning: this tactic is never executed

Note: This linter can be disabled with `set_option linter.unreachableTactic false`
E:\ABRL\worktrees\research-online-book\runs\online-log-lower-20261008\leaves\all-exact-types-v3.lean:525:4: warning: 'simp only [NeutralContext.f2_eq, NeutralContext.f7_eq, NeutralContext.f8_eq, NeutralContext.P_eq] <;>
  rfl' tactic does nothing

Note: This linter can be disabled with `set_option linter.unusedTactic false`
E:\ABRL\worktrees\research-online-book\runs\online-log-lower-20261008\leaves\all-exact-types-v3.lean:525:4: warning: this tactic is never executed

Note: This linter can be disabled with `set_option linter.unreachableTactic false`
E:\ABRL\worktrees\research-online-book\runs\online-log-lower-20261008\leaves\all-exact-types-v3.lean:530:4: warning: 'simp only [NeutralContext.f2_eq, NeutralContext.f7_eq, NeutralContext.f8_eq, NeutralContext.P_eq] <;>
  rfl' tactic does nothing

Note: This linter can be disabled with `set_option linter.unusedTactic false`
E:\ABRL\worktrees\research-online-book\runs\online-log-lower-20261008\leaves\all-exact-types-v3.lean:530:4: warning: this tactic is never executed

Note: This linter can be disabled with `set_option linter.unreachableTactic false`
E:\ABRL\worktrees\research-online-book\runs\online-log-lower-20261008\leaves\all-exact-types-v3.lean:535:4: warning: 'simp only [NeutralContext.f2_eq, NeutralContext.f7_eq, NeutralContext.f8_eq, NeutralContext.P_eq] <;>
  rfl' tactic does nothing

Note: This linter can be disabled with `set_option linter.unusedTactic false`
E:\ABRL\worktrees\research-online-book\runs\online-log-lower-20261008\leaves\all-exact-types-v3.lean:535:4: warning: this tactic is never executed

Note: This linter can be disabled with `set_option linter.unreachableTactic false`
E:\ABRL\worktrees\research-online-book\runs\online-log-lower-20261008\leaves\all-exact-types-v3.lean:540:4: warning: 'simp only [NeutralContext.f2_eq, NeutralContext.f7_eq, NeutralContext.f8_eq, NeutralContext.P_eq] <;>
  rfl' tactic does nothing

Note: This linter can be disabled with `set_option linter.unusedTactic false`
E:\ABRL\worktrees\research-online-book\runs\online-log-lower-20261008\leaves\all-exact-types-v3.lean:540:4: warning: this tactic is never executed

Note: This linter can be disabled with `set_option linter.unreachableTactic false`
E:\ABRL\worktrees\research-online-book\runs\online-log-lower-20261008\leaves\all-exact-types-v3.lean:545:4: warning: 'simp only [NeutralContext.f2_eq, NeutralContext.f7_eq, NeutralContext.f8_eq, NeutralContext.P_eq] <;>
  rfl' tactic does nothing

Note: This linter can be disabled with `set_option linter.unusedTactic false`
E:\ABRL\worktrees\research-online-book\runs\online-log-lower-20261008\leaves\all-exact-types-v3.lean:545:4: warning: this tactic is never executed

Note: This linter can be disabled with `set_option linter.unreachableTactic false`
E:\ABRL\worktrees\research-online-book\runs\online-log-lower-20261008\leaves\all-exact-types-v3.lean:550:4: warning: 'simp only [NeutralContext.f2_eq, NeutralContext.f7_eq, NeutralContext.f8_eq, NeutralContext.P_eq] <;>
  rfl' tactic does nothing

Note: This linter can be disabled with `set_option linter.unusedTactic false`
E:\ABRL\worktrees\research-online-book\runs\online-log-lower-20261008\leaves\all-exact-types-v3.lean:550:4: warning: this tactic is never executed

Note: This linter can be disabled with `set_option linter.unreachableTactic false`
E:\ABRL\worktrees\research-online-book\runs\online-log-lower-20261008\leaves\all-exact-types-v3.lean:555:4: warning: 'simp only [NeutralContext.f2_eq, NeutralContext.f7_eq, NeutralContext.f8_eq, NeutralContext.P_eq] <;>
  rfl' tactic does nothing

Note: This linter can be disabled with `set_option linter.unusedTactic false`
E:\ABRL\worktrees\research-online-book\runs\online-log-lower-20261008\leaves\all-exact-types-v3.lean:555:4: warning: this tactic is never executed

Note: This linter can be disabled with `set_option linter.unreachableTactic false`
E:\ABRL\worktrees\research-online-book\runs\online-log-lower-20261008\leaves\all-exact-types-v3.lean:560:4: warning: 'simp only [NeutralContext.f2_eq, NeutralContext.f7_eq, NeutralContext.f8_eq, NeutralContext.P_eq] <;>
  rfl' tactic does nothing

Note: This linter can be disabled with `set_option linter.unusedTactic false`
E:\ABRL\worktrees\research-online-book\runs\online-log-lower-20261008\leaves\all-exact-types-v3.lean:560:4: warning: this tactic is never executed

Note: This linter can be disabled with `set_option linter.unreachableTactic false`
E:\ABRL\worktrees\research-online-book\runs\online-log-lower-20261008\leaves\all-exact-types-v3.lean:565:4: warning: 'simp only [NeutralContext.f2_eq, NeutralContext.f7_eq, NeutralContext.f8_eq, NeutralContext.P_eq] <;>
  rfl' tactic does nothing

Note: This linter can be disabled with `set_option linter.unusedTactic false`
E:\ABRL\worktrees\research-online-book\runs\online-log-lower-20261008\leaves\all-exact-types-v3.lean:565:4: warning: this tactic is never executed

Note: This linter can be disabled with `set_option linter.unreachableTactic false`
E:\ABRL\worktrees\research-online-book\runs\online-log-lower-20261008\leaves\all-exact-types-v3.lean:570:4: warning: 'simp only [NeutralContext.f2_eq, NeutralContext.f7_eq, NeutralContext.f8_eq, NeutralContext.P_eq] <;>
  rfl' tactic does nothing

Note: This linter can be disabled with `set_option linter.unusedTactic false`
E:\ABRL\worktrees\research-online-book\runs\online-log-lower-20261008\leaves\all-exact-types-v3.lean:570:4: warning: this tactic is never executed

Note: This linter can be disabled with `set_option linter.unreachableTactic false`
E:\ABRL\worktrees\research-online-book\runs\online-log-lower-20261008\leaves\all-exact-types-v3.lean:575:15: warning: This simp argument is unused:
  NeutralContext.f2_eq

Hint: Omit it from the simp argument list.
  simp only [NeutralContext.f2̵_̵e̵q̵,̵ ̵N̵e̵u̵t̵r̵a̵l̵C̵o̵n̵t̵e̵x̵t̵.̵f̵7_eq, NeutralContext.f8_eq, NeutralContext.P_eq]

Note: This linter can be disabled with `set_option linter.unusedSimpArgs false`
E:\ABRL\worktrees\research-online-book\runs\online-log-lower-20261008\leaves\all-exact-types-v3.lean:575:37: warning: This simp argument is unused:
  NeutralContext.f7_eq

Hint: Omit it from the simp argument list.
  simp only [NeutralContext.f2_eq, NeutralContext.f7̵_̵e̵q̵,̵ ̵N̵e̵u̵t̵r̵a̵l̵C̵o̵n̵t̵e̵x̵t̵.̵f̵8_eq, NeutralContext.P_eq]

Note: This linter can be disabled with `set_option linter.unusedSimpArgs false`
E:\ABRL\worktrees\research-online-book\runs\online-log-lower-20261008\leaves\all-exact-types-v3.lean:575:59: warning: This simp argument is unused:
  NeutralContext.f8_eq

Hint: Omit it from the simp argument list.
  simp only [NeutralContext.f2_eq, NeutralContext.f7_eq, NeutralContext.f̵8̵_̵e̵q̵,̵ ̵N̵e̵u̵t̵r̵a̵l̵C̵o̵n̵t̵e̵x̵t̵.̵P_eq]

Note: This linter can be disabled with `set_option linter.unusedSimpArgs false`
E:\ABRL\worktrees\research-online-book\runs\online-log-lower-20261008\leaves\all-exact-types-v3.lean:575:106: warning: 'rfl' tactic does nothing

Note: This linter can be disabled with `set_option linter.unusedTactic false`
E:\ABRL\worktrees\research-online-book\runs\online-log-lower-20261008\leaves\all-exact-types-v3.lean:575:106: warning: this tactic is never executed

Note: This linter can be disabled with `set_option linter.unreachableTactic false`
E:\ABRL\worktrees\research-online-book\runs\online-log-lower-20261008\leaves\all-exact-types-v3.lean:580:4: warning: 'simp only [NeutralContext.f2_eq, NeutralContext.f7_eq, NeutralContext.f8_eq, NeutralContext.P_eq] <;>
  rfl' tactic does nothing

Note: This linter can be disabled with `set_option linter.unusedTactic false`
E:\ABRL\worktrees\research-online-book\runs\online-log-lower-20261008\leaves\all-exact-types-v3.lean:580:4: warning: this tactic is never executed

Note: This linter can be disabled with `set_option linter.unreachableTactic false`
E:\ABRL\worktrees\research-online-book\runs\online-log-lower-20261008\leaves\all-exact-types-v3.lean:585:4: warning: 'simp only [NeutralContext.f2_eq, NeutralContext.f7_eq, NeutralContext.f8_eq, NeutralContext.P_eq] <;>
  rfl' tactic does nothing

Note: This linter can be disabled with `set_option linter.unusedTactic false`
E:\ABRL\worktrees\research-online-book\runs\online-log-lower-20261008\leaves\all-exact-types-v3.lean:585:4: warning: this tactic is never executed

Note: This linter can be disabled with `set_option linter.unreachableTactic false`
E:\ABRL\worktrees\research-online-book\runs\online-log-lower-20261008\leaves\all-exact-types-v3.lean:590:4: warning: 'simp only [NeutralContext.f2_eq, NeutralContext.f7_eq, NeutralContext.f8_eq, NeutralContext.P_eq] <;>
  rfl' tactic does nothing

Note: This linter can be disabled with `set_option linter.unusedTactic false`
E:\ABRL\worktrees\research-online-book\runs\online-log-lower-20261008\leaves\all-exact-types-v3.lean:590:4: warning: this tactic is never executed

Note: This linter can be disabled with `set_option linter.unreachableTactic false`
E:\ABRL\worktrees\research-online-book\runs\online-log-lower-20261008\leaves\all-exact-types-v3.lean:595:4: warning: 'simp only [NeutralContext.f2_eq, NeutralContext.f7_eq, NeutralContext.f8_eq, NeutralContext.P_eq] <;>
  rfl' tactic does nothing

Note: This linter can be disabled with `set_option linter.unusedTactic false`
E:\ABRL\worktrees\research-online-book\runs\online-log-lower-20261008\leaves\all-exact-types-v3.lean:595:4: warning: this tactic is never executed

Note: This linter can be disabled with `set_option linter.unreachableTactic false`
E:\ABRL\worktrees\research-online-book\runs\online-log-lower-20261008\leaves\all-exact-types-v3.lean:600:4: warning: 'simp only [NeutralContext.f2_eq, NeutralContext.f7_eq, NeutralContext.f8_eq, NeutralContext.P_eq] <;>
  rfl' tactic does nothing

Note: This linter can be disabled with `set_option linter.unusedTactic false`
E:\ABRL\worktrees\research-online-book\runs\online-log-lower-20261008\leaves\all-exact-types-v3.lean:600:4: warning: this tactic is never executed

Note: This linter can be disabled with `set_option linter.unreachableTactic false`
