E:\ABRL\worktrees\research-online-book\runs\online-log-lower-20261008\leaves\all-exact-types-v1.lean:80:35: warning: unused variable `hfg`

Note: This linter can be disabled with `set_option linter.unusedVariables false`
E:\ABRL\worktrees\research-online-book\runs\online-log-lower-20261008\leaves\all-exact-types-v1.lean:116:50: warning: unused variable `hpast`

Note: This linter can be disabled with `set_option linter.unusedVariables false`
E:\ABRL\worktrees\research-online-book\runs\online-log-lower-20261008\leaves\all-exact-types-v1.lean:119:21: warning: unused variable `hpos`

Note: This linter can be disabled with `set_option linter.unusedVariables false`
E:\ABRL\worktrees\research-online-book\runs\online-log-lower-20261008\leaves\all-exact-types-v1.lean:125:40: warning: unused variable `ht`

Note: This linter can be disabled with `set_option linter.unusedVariables false`
E:\ABRL\worktrees\research-online-book\runs\online-log-lower-20261008\leaves\all-exact-types-v1.lean:131:40: warning: unused variable `ht`

Note: This linter can be disabled with `set_option linter.unusedVariables false`
E:\ABRL\worktrees\research-online-book\runs\online-log-lower-20261008\leaves\all-exact-types-v1.lean:152:21: warning: unused variable `hpos`

Note: This linter can be disabled with `set_option linter.unusedVariables false`
E:\ABRL\worktrees\research-online-book\runs\online-log-lower-20261008\leaves\all-exact-types-v1.lean:155:13: warning: unused variable `hT`

Note: This linter can be disabled with `set_option linter.unusedVariables false`
E:\ABRL\worktrees\research-online-book\runs\online-log-lower-20261008\leaves\all-exact-types-v1.lean:158:35: warning: unused variable `hfg`

Note: This linter can be disabled with `set_option linter.unusedVariables false`
E:\ABRL\worktrees\research-online-book\runs\online-log-lower-20261008\leaves\all-exact-types-v1.lean:173:33: warning: unused variable `hT`

Note: This linter can be disabled with `set_option linter.unusedVariables false`
E:\ABRL\worktrees\research-online-book\runs\online-log-lower-20261008\leaves\all-exact-types-v1.lean:179:15: warning: unused variable `hx`

Note: This linter can be disabled with `set_option linter.unusedVariables false`
E:\ABRL\worktrees\research-online-book\runs\online-log-lower-20261008\leaves\all-exact-types-v1.lean:179:40: warning: unused variable `hy`

Note: This linter can be disabled with `set_option linter.unusedVariables false`
E:\ABRL\worktrees\research-online-book\runs\online-log-lower-20261008\leaves\all-exact-types-v1.lean:182:27: warning: unused variable `hp`

Note: This linter can be disabled with `set_option linter.unusedVariables false`
E:\ABRL\worktrees\research-online-book\runs\online-log-lower-20261008\leaves\all-exact-types-v1.lean:182:63: warning: unused variable `hy`

Note: This linter can be disabled with `set_option linter.unusedVariables false`
E:\ABRL\worktrees\research-online-book\runs\online-log-lower-20261008\leaves\all-exact-types-v1.lean:185:41: warning: unused variable `hbound`

Note: This linter can be disabled with `set_option linter.unusedVariables false`
E:\ABRL\worktrees\research-online-book\runs\online-log-lower-20261008\leaves\all-exact-types-v1.lean:188:62: warning: unused variable `hA`

Note: This linter can be disabled with `set_option linter.unusedVariables false`
E:\ABRL\worktrees\research-online-book\runs\online-log-lower-20261008\leaves\all-exact-types-v1.lean:191:103: warning: unused variable `hA`

Note: This linter can be disabled with `set_option linter.unusedVariables false`
E:\ABRL\worktrees\research-online-book\runs\online-log-lower-20261008\leaves\all-exact-types-v1.lean:191:143: warning: unused variable `hbound`

Note: This linter can be disabled with `set_option linter.unusedVariables false`
E:\ABRL\worktrees\research-online-book\runs\online-log-lower-20261008\leaves\all-exact-types-v1.lean:194:103: warning: unused variable `hA`

Note: This linter can be disabled with `set_option linter.unusedVariables false`
E:\ABRL\worktrees\research-online-book\runs\online-log-lower-20261008\leaves\all-exact-types-v1.lean:194:143: warning: unused variable `hbound`

Note: This linter can be disabled with `set_option linter.unusedVariables false`
E:\ABRL\worktrees\research-online-book\runs\online-log-lower-20261008\leaves\all-exact-types-v1.lean:194:191: warning: unused variable `hT`

Note: This linter can be disabled with `set_option linter.unusedVariables false`
E:\ABRL\worktrees\research-online-book\runs\online-log-lower-20261008\leaves\all-exact-types-v1.lean:197:103: warning: unused variable `hA`

Note: This linter can be disabled with `set_option linter.unusedVariables false`
E:\ABRL\worktrees\research-online-book\runs\online-log-lower-20261008\leaves\all-exact-types-v1.lean:197:143: warning: unused variable `hbound`

Note: This linter can be disabled with `set_option linter.unusedVariables false`
E:\ABRL\worktrees\research-online-book\runs\online-log-lower-20261008\leaves\all-exact-types-v1.lean:197:191: warning: unused variable `hT`

Note: This linter can be disabled with `set_option linter.unusedVariables false`
E:\ABRL\worktrees\research-online-book\runs\online-log-lower-20261008\leaves\all-exact-types-v1.lean:245:13: warning: unused variable `hT`

Note: This linter can be disabled with `set_option linter.unusedVariables false`
E:\ABRL\worktrees\research-online-book\runs\online-log-lower-20261008\leaves\all-exact-types-v1.lean:252:105: error: Tactic `rfl` failed: The left-hand side
  NeutralContext.B002
is not definitionally equal to the right-hand side
  propositionOf BanditRL.OnlineLearning.GuessingLower.branch_mass

⊢ NeutralContext.B002 = propositionOf BanditRL.OnlineLearning.GuessingLower.branch_mass
E:\ABRL\worktrees\research-online-book\runs\online-log-lower-20261008\leaves\all-exact-types-v1.lean:253:111: error: Tactic `rfl` failed: The left-hand side
  NeutralContext.B003
is not definitionally equal to the right-hand side
  propositionOf BanditRL.OnlineLearning.GuessingLower.pathWeight_nonneg

⊢ NeutralContext.B003 = propositionOf BanditRL.OnlineLearning.GuessingLower.pathWeight_nonneg
E:\ABRL\worktrees\research-online-book\runs\online-log-lower-20261008\leaves\all-exact-types-v1.lean:255:109: error: Tactic `rfl` failed: The left-hand side
  NeutralContext.B005
is not definitionally equal to the right-hand side
  propositionOf BanditRL.OnlineLearning.GuessingLower.prefix_mass_one

⊢ NeutralContext.B005 = propositionOf BanditRL.OnlineLearning.GuessingLower.prefix_mass_one
E:\ABRL\worktrees\research-online-book\runs\online-log-lower-20261008\leaves\all-exact-types-v1.lean:256:113: error: Tactic `rfl` failed: The left-hand side
  NeutralContext.B006
is not definitionally equal to the right-hand side
  propositionOf BanditRL.OnlineLearning.GuessingLower.prefix_distribution

⊢ NeutralContext.B006 = propositionOf BanditRL.OnlineLearning.GuessingLower.prefix_distribution
E:\ABRL\worktrees\research-online-book\runs\online-log-lower-20261008\leaves\all-exact-types-v1.lean:257:119: error: Tactic `rfl` failed: The left-hand side
  NeutralContext.B007
is not definitionally equal to the right-hand side
  propositionOf BanditRL.OnlineLearning.GuessingLower.prefixMeasure_probability

⊢ NeutralContext.B007 = propositionOf BanditRL.OnlineLearning.GuessingLower.prefixMeasure_probability
E:\ABRL\worktrees\research-online-book\runs\online-log-lower-20261008\leaves\all-exact-types-v1.lean:258:118: error: Tactic `rfl` failed: The left-hand side
  NeutralContext.B008
is not definitionally equal to the right-hand side
  propositionOf BanditRL.OnlineLearning.GuessingLower.pathExpectation_integral

⊢ NeutralContext.B008 = propositionOf BanditRL.OnlineLearning.GuessingLower.pathExpectation_integral
E:\ABRL\worktrees\research-online-book\runs\online-log-lower-20261008\leaves\all-exact-types-v1.lean:259:115: error: Tactic `rfl` failed: The left-hand side
  NeutralContext.B009
is not definitionally equal to the right-hand side
  propositionOf BanditRL.OnlineLearning.GuessingLower.pathExpectation_congr

⊢ NeutralContext.B009 = propositionOf BanditRL.OnlineLearning.GuessingLower.pathExpectation_congr
E:\ABRL\worktrees\research-online-book\runs\online-log-lower-20261008\leaves\all-exact-types-v1.lean:260:115: error: Tactic `rfl` failed: The left-hand side
  NeutralContext.B010
is not definitionally equal to the right-hand side
  propositionOf BanditRL.OnlineLearning.GuessingLower.pathExpectation_const

⊢ NeutralContext.B010 = propositionOf BanditRL.OnlineLearning.GuessingLower.pathExpectation_const
E:\ABRL\worktrees\research-online-book\runs\online-log-lower-20261008\leaves\all-exact-types-v1.lean:261:113: error: Tactic `rfl` failed: The left-hand side
  NeutralContext.B011
is not definitionally equal to the right-hand side
  propositionOf BanditRL.OnlineLearning.GuessingLower.pathExpectation_add

⊢ NeutralContext.B011 = propositionOf BanditRL.OnlineLearning.GuessingLower.pathExpectation_add
E:\ABRL\worktrees\research-online-book\runs\online-log-lower-20261008\leaves\all-exact-types-v1.lean:262:113: error: Tactic `rfl` failed: The left-hand side
  NeutralContext.B012
is not definitionally equal to the right-hand side
  propositionOf BanditRL.OnlineLearning.GuessingLower.pathExpectation_sub

⊢ NeutralContext.B012 = propositionOf BanditRL.OnlineLearning.GuessingLower.pathExpectation_sub
E:\ABRL\worktrees\research-online-book\runs\online-log-lower-20261008\leaves\all-exact-types-v1.lean:263:119: error: Tactic `rfl` failed: The left-hand side
  NeutralContext.B013
is not definitionally equal to the right-hand side
  propositionOf BanditRL.OnlineLearning.GuessingLower.pathExpectation_const_mul

⊢ NeutralContext.B013 = propositionOf BanditRL.OnlineLearning.GuessingLower.pathExpectation_const_mul
E:\ABRL\worktrees\research-online-book\runs\online-log-lower-20261008\leaves\all-exact-types-v1.lean:264:113: error: Tactic `rfl` failed: The left-hand side
  NeutralContext.B014
is not definitionally equal to the right-hand side
  propositionOf BanditRL.OnlineLearning.GuessingLower.pathExpectation_div

⊢ NeutralContext.B014 = propositionOf BanditRL.OnlineLearning.GuessingLower.pathExpectation_div
E:\ABRL\worktrees\research-online-book\runs\online-log-lower-20261008\leaves\all-exact-types-v1.lean:265:114: error: Tactic `rfl` failed: The left-hand side
  NeutralContext.B015
is not definitionally equal to the right-hand side
  propositionOf BanditRL.OnlineLearning.GuessingLower.pathExpectation_succ

⊢ NeutralContext.B015 = propositionOf BanditRL.OnlineLearning.GuessingLower.pathExpectation_succ
E:\ABRL\worktrees\research-online-book\runs\online-log-lower-20261008\leaves\all-exact-types-v1.lean:266:104: error: Tactic `rfl` failed: The left-hand side
  NeutralContext.B016
is not definitionally equal to the right-hand side
  propositionOf BanditRL.OnlineLearning.GuessingLower.heads_succ

⊢ NeutralContext.B016 = propositionOf BanditRL.OnlineLearning.GuessingLower.heads_succ
E:\ABRL\worktrees\research-online-book\runs\online-log-lower-20261008\leaves\all-exact-types-v1.lean:267:107: error: Tactic `rfl` failed: The left-hand side
  NeutralContext.B017
is not definitionally equal to the right-hand side
  propositionOf BanditRL.OnlineLearning.GuessingLower.heads_sq_succ

⊢ NeutralContext.B017 = propositionOf BanditRL.OnlineLearning.GuessingLower.heads_sq_succ
E:\ABRL\worktrees\research-online-book\runs\online-log-lower-20261008\leaves\all-exact-types-v1.lean:268:108: error: Tactic `rfl` failed: The left-hand side
  NeutralContext.B018
is not definitionally equal to the right-hand side
  propositionOf BanditRL.OnlineLearning.GuessingLower.expected_heads

⊢ NeutralContext.B018 = propositionOf BanditRL.OnlineLearning.GuessingLower.expected_heads
E:\ABRL\worktrees\research-online-book\runs\online-log-lower-20261008\leaves\all-exact-types-v1.lean:269:111: error: Tactic `rfl` failed: The left-hand side
  NeutralContext.B019
is not definitionally equal to the right-hand side
  propositionOf BanditRL.OnlineLearning.GuessingLower.expected_heads_sq

⊢ NeutralContext.B019 = propositionOf BanditRL.OnlineLearning.GuessingLower.expected_heads_sq
E:\ABRL\worktrees\research-online-book\runs\online-log-lower-20261008\leaves\all-exact-types-v1.lean:270:116: error: Tactic `rfl` failed: The left-hand side
  NeutralContext.B020
is not definitionally equal to the right-hand side
  propositionOf BanditRL.OnlineLearning.GuessingLower.expected_next_variance

⊢ NeutralContext.B020 = propositionOf BanditRL.OnlineLearning.GuessingLower.expected_next_variance
E:\ABRL\worktrees\research-online-book\runs\online-log-lower-20261008\leaves\all-exact-types-v1.lean:284:115: error: Tactic `rfl` failed: The left-hand side
  NeutralContext.B034
is not definitionally equal to the right-hand side
  propositionOf BanditRL.OnlineLearning.GuessingLower.expected_pathBestLoss

⊢ NeutralContext.B034 = propositionOf BanditRL.OnlineLearning.GuessingLower.expected_pathBestLoss
E:\ABRL\worktrees\research-online-book\runs\online-log-lower-20261008\leaves\all-exact-types-v1.lean:285:114: error: Tactic `rfl` failed: The left-hand side
  NeutralContext.B035
is not definitionally equal to the right-hand side
  propositionOf BanditRL.OnlineLearning.GuessingLower.pathExpectation_mono

⊢ NeutralContext.B035 = propositionOf BanditRL.OnlineLearning.GuessingLower.pathExpectation_mono
E:\ABRL\worktrees\research-online-book\runs\online-log-lower-20261008\leaves\all-exact-types-v1.lean:286:123: error: Tactic `rfl` failed: The left-hand side
  NeutralContext.B036
is not definitionally equal to the right-hand side
  propositionOf BanditRL.OnlineLearning.GuessingLower.expected_pathLearnerLoss_succ

⊢ NeutralContext.B036 = propositionOf BanditRL.OnlineLearning.GuessingLower.expected_pathLearnerLoss_succ
E:\ABRL\worktrees\research-online-book\runs\online-log-lower-20261008\leaves\all-exact-types-v1.lean:287:123: error: Tactic `rfl` failed: The left-hand side
  NeutralContext.B037
is not definitionally equal to the right-hand side
  propositionOf BanditRL.OnlineLearning.GuessingLower.expected_pathLearnerLoss_step

⊢ NeutralContext.B037 = propositionOf BanditRL.OnlineLearning.GuessingLower.expected_pathLearnerLoss_step
E:\ABRL\worktrees\research-online-book\runs\online-log-lower-20261008\leaves\all-exact-types-v1.lean:289:124: error: Tactic `rfl` failed: The left-hand side
  NeutralContext.B039
is not definitionally equal to the right-hand side
  propositionOf BanditRL.OnlineLearning.GuessingLower.expected_pathLearnerLoss_lower

⊢ NeutralContext.B039 = propositionOf BanditRL.OnlineLearning.GuessingLower.expected_pathLearnerLoss_lower
E:\ABRL\worktrees\research-online-book\runs\online-log-lower-20261008\leaves\all-exact-types-v1.lean:290:119: error: Tactic `rfl` failed: The left-hand side
  NeutralContext.B040
is not definitionally equal to the right-hand side
  propositionOf BanditRL.OnlineLearning.GuessingLower.expected_pathRegret_lower

⊢ NeutralContext.B040 = propositionOf BanditRL.OnlineLearning.GuessingLower.expected_pathRegret_lower
E:\ABRL\worktrees\research-online-book\runs\online-log-lower-20261008\leaves\all-exact-types-v1.lean:291:108: error: Tactic `rfl` failed: The left-hand side
  NeutralContext.B041
is not definitionally equal to the right-hand side
  propositionOf BanditRL.OnlineLearning.GuessingLower.pathWeight_pos

⊢ NeutralContext.B041 = propositionOf BanditRL.OnlineLearning.GuessingLower.pathWeight_pos
E:\ABRL\worktrees\research-online-book\runs\online-log-lower-20261008\leaves\all-exact-types-v1.lean:309:95: error: Tactic `rfl` failed: The left-hand side
  NeutralContext.B059
is not definitionally equal to the right-hand side
  propositionOf GuessingLogLowerProbe.coin_distribution

⊢ NeutralContext.B059 = propositionOf GuessingLogLowerProbe.coin_distribution
E:\ABRL\worktrees\research-online-book\runs\online-log-lower-20261008\leaves\all-exact-types-v1.lean:316:87: error: Tactic `rfl` failed: The left-hand side
  NeutralContext.f2
is not definitionally equal to the right-hand side
  BanditRL.OnlineLearning.GuessingLower.pathWeight

⊢ NeutralContext.f2 = BanditRL.OnlineLearning.GuessingLower.pathWeight
E:\ABRL\worktrees\research-online-book\runs\online-log-lower-20261008\leaves\all-exact-types-v1.lean:321:92: error: Tactic `rfl` failed: The left-hand side
  NeutralContext.f7
is not definitionally equal to the right-hand side
  BanditRL.OnlineLearning.GuessingLower.pathExpectation

⊢ NeutralContext.f7 = BanditRL.OnlineLearning.GuessingLower.pathExpectation
E:\ABRL\worktrees\research-online-book\runs\online-log-lower-20261008\leaves\all-exact-types-v1.lean:322:90: error: Tactic `rfl` failed: The left-hand side
  NeutralContext.f8
is not definitionally equal to the right-hand side
  BanditRL.OnlineLearning.GuessingLower.prefixMeasure

⊢ NeutralContext.f8 = BanditRL.OnlineLearning.GuessingLower.prefixMeasure
