E:\ABRL\worktrees\research-online-book\runs\online-log-lower-20261008\leaves\causal-v1.lean:166:12: warning: This simp argument is unused:
  List.count_cons

Hint: Omit it from the simp argument list.
  simp [L̵i̵s̵t̵.̵c̵o̵u̵n̵t̵_̵c̵o̵n̵s̵,̵ ̵polyaNext, hl]

Note: This linter can be disabled with `set_option linter.unusedSimpArgs false`
E:\ABRL\worktrees\research-online-book\runs\online-log-lower-20261008\leaves\causal-v1.lean:186:17: warning: Used `tac1 <;> tac2` where `(tac1; tac2)` would suffice

Note: This linter can be disabled with `set_option linter.unnecessarySeqFocus false`
E:\ABRL\worktrees\research-online-book\runs\online-log-lower-20261008\leaves\causal-v1.lean:199:19: warning: 'ring' tactic does nothing

Note: This linter can be disabled with `set_option linter.unusedTactic false`
E:\ABRL\worktrees\research-online-book\runs\online-log-lower-20261008\leaves\causal-v1.lean:199:19: warning: this tactic is never executed

Note: This linter can be disabled with `set_option linter.unreachableTactic false`
E:\ABRL\worktrees\research-online-book\runs\online-log-lower-20261008\leaves\causal-v1.lean:209:15: warning: Used `tac1 <;> tac2` where `(tac1; tac2)` would suffice

Note: This linter can be disabled with `set_option linter.unnecessarySeqFocus false`
E:\ABRL\worktrees\research-online-book\runs\online-log-lower-20261008\leaves\causal-v1.lean:227:13: warning: Used `tac1 <;> tac2` where `(tac1; tac2)` would suffice

Note: This linter can be disabled with `set_option linter.unnecessarySeqFocus false`
E:\ABRL\worktrees\research-online-book\runs\online-log-lower-20261008\leaves\causal-v1.lean:258:41: warning: This simp argument is unused:
  List.getElem?_append_right

Hint: Omit it from the simp argument list.
  simp [binaryStream, List.reverse_cons,̵ ̵L̵i̵s̵t̵.̵g̵e̵t̵E̵l̵e̵m̵?̵_̵a̵p̵p̵e̵n̵d̵_̵r̵i̵g̵h̵t̵]

Note: This linter can be disabled with `set_option linter.unusedSimpArgs false`
E:\ABRL\worktrees\research-online-book\runs\online-log-lower-20261008\leaves\causal-v1.lean:269:4: error: unsolved goals
case h
A : List Bool → ℝ
h : List Bool
i : ℕ
hi : i < (List.ofFn fun i => binaryStream h ↑i).length
hj : i < h.reverse.length
⊢ h.reverse[i]?.getD false = h[h.length - 1 - i]
E:\ABRL\worktrees\research-online-book\runs\online-log-lower-20261008\leaves\causal-v1.lean:271:26: warning: This simp argument is unused:
  hj

Hint: Omit it from the simp argument list.
  simp [binaryStream,̵ ̵h̵j̵]

Note: This linter can be disabled with `set_option linter.unusedSimpArgs false`
