{
  "time": "2026-10-07T18:31:10+00:00",
  "task": "ONLINE-GUESSING-LOG-LOWER-20261008",
  "role": "lower",
  "kind": "build",
  "status": "compiled",
  "notes": "All16 frozen targets closed by actual recursive law/moments/causal same-path loss/minimum and measurable bounded seed-integrability/fixed-sequence averaging producer. Actual76 kernel nodes,64 closed Prop identities,12 definition identities,64 native guards and30 VALUE pairs. Semantic BODY, integrated rootTests/harness/reader/FINAL and PR remain pending; no source/chapter/Goal acceptance.",
  "lean": "BanditRLProof\\OnlineGuessingLogLower.lean",
  "source": "",
  "run_id": "online-log-lower-20261008",
  "changed_files": [],
  "statement_hash": "",
  "parent_id": "",
  "route_fingerprint": "",
  "verifier_evidence": [
    "E:\\ABRL\\worktrees\\research-online-book\\runs\\online-log-lower-20261008\\body-bindings-v1.json"
  ],
  "harness": "hierarchical",
  "experiment_id": "",
  "target_fingerprint": "",
  "route_packet_hash": "",
  "attempt_id": "",
  "worker_id": "",
  "progress_class": "terminal",
  "reviewer_validated": false,
  "obligations_before": 0,
  "obligations_after": 0,
  "new_declarations": [
    "BanditRL.OnlineLearning.GuessingLower.randomized_log_lower"
  ],
  "reused_declarations": [],
  "dag_nodes": 0,
  "dag_depth": 0,
  "elapsed_seconds": 0.0,
  "lean_check_seconds": 0.0,
  "prompt_chars": 0,
  "input_tokens": 0,
  "output_tokens": 0,
  "error_signature": ""
}
