E:\ABRL\worktrees\research-online-book\runs\online-log-lower-20261008\leaves\deterministic-v1.lean:166:12: warning: This simp argument is unused:
  List.count_cons

Hint: Omit it from the simp argument list.
  simp [L̵i̵s̵t̵.̵c̵o̵u̵n̵t̵_̵c̵o̵n̵s̵,̵ ̵polyaNext, hl]

Note: This linter can be disabled with `set_option linter.unusedSimpArgs false`
E:\ABRL\worktrees\research-online-book\runs\online-log-lower-20261008\leaves\deterministic-v1.lean:186:17: warning: Used `tac1 <;> tac2` where `(tac1; tac2)` would suffice

Note: This linter can be disabled with `set_option linter.unnecessarySeqFocus false`
E:\ABRL\worktrees\research-online-book\runs\online-log-lower-20261008\leaves\deterministic-v1.lean:199:19: warning: 'ring' tactic does nothing

Note: This linter can be disabled with `set_option linter.unusedTactic false`
E:\ABRL\worktrees\research-online-book\runs\online-log-lower-20261008\leaves\deterministic-v1.lean:199:19: warning: this tactic is never executed

Note: This linter can be disabled with `set_option linter.unreachableTactic false`
E:\ABRL\worktrees\research-online-book\runs\online-log-lower-20261008\leaves\deterministic-v1.lean:209:15: warning: Used `tac1 <;> tac2` where `(tac1; tac2)` would suffice

Note: This linter can be disabled with `set_option linter.unnecessarySeqFocus false`
E:\ABRL\worktrees\research-online-book\runs\online-log-lower-20261008\leaves\deterministic-v1.lean:227:13: warning: Used `tac1 <;> tac2` where `(tac1; tac2)` would suffice

Note: This linter can be disabled with `set_option linter.unnecessarySeqFocus false`
E:\ABRL\worktrees\research-online-book\runs\online-log-lower-20261008\leaves\deterministic-v1.lean:258:41: warning: This simp argument is unused:
  List.getElem?_append_right

Hint: Omit it from the simp argument list.
  simp [binaryStream, List.reverse_cons,̵ ̵L̵i̵s̵t̵.̵g̵e̵t̵E̵l̵e̵m̵?̵_̵a̵p̵p̵e̵n̵d̵_̵r̵i̵g̵h̵t̵]

Note: This linter can be disabled with `set_option linter.unusedSimpArgs false`
E:\ABRL\worktrees\research-online-book\runs\online-log-lower-20261008\leaves\deterministic-v1.lean:344:15: warning: Used `tac1 <;> tac2` where `(tac1; tac2)` would suffice

Note: This linter can be disabled with `set_option linter.unnecessarySeqFocus false`
E:\ABRL\worktrees\research-online-book\runs\online-log-lower-20261008\leaves\deterministic-v1.lean:363:13: warning: Used `tac1 <;> tac2` where `(tac1; tac2)` would suffice

Note: This linter can be disabled with `set_option linter.unnecessarySeqFocus false`
Try this:
  [apply] ring_nf
  
  The `ring` tactic failed to close the goal. Use `ring_nf` to obtain a normal form.
    
  Note that `ring` works primarily in *commutative* rings. If you have a noncommutative ring, abelian group or module, consider using `noncomm_ring`, `abel` or `module` instead.
E:\ABRL\worktrees\research-online-book\runs\online-log-lower-20261008\leaves\deterministic-v1.lean:402:14: error: unsolved goals
case succ
T : ℕ
ih : ∑ t ∈ Finset.range T, (↑t + 3) / (6 * (↑t + 2)) = ↑T / 6 + (↑(harmonic (T + 1)) - 1) / 6
hd : ↑T + 2 ≠ 0
⊢ 3 + ↑T * 4 + ↑T * ↑(harmonic T) * 3 + ↑T ^ 2 * 3 + ↑T ^ 2 * ↑(harmonic T) + ↑T ^ 3 + ↑(harmonic T) * 2 =
    ↑T * 2 + ↑T * ↑(harmonic (2 + T)) * 3 + ↑T ^ 2 * 3 + ↑T ^ 2 * ↑(harmonic (2 + T)) + ↑T ^ 3 + ↑(harmonic (2 + T)) * 2
