E:\ABRL\worktrees\research-online-book\runs\online-log-lower-20261008\full-neutral-packet-v2.lean:79:35: warning: unused variable `hfg`

Note: This linter can be disabled with `set_option linter.unusedVariables false`
E:\ABRL\worktrees\research-online-book\runs\online-log-lower-20261008\full-neutral-packet-v2.lean:115:50: warning: unused variable `hpast`

Note: This linter can be disabled with `set_option linter.unusedVariables false`
E:\ABRL\worktrees\research-online-book\runs\online-log-lower-20261008\full-neutral-packet-v2.lean:118:21: warning: unused variable `hpos`

Note: This linter can be disabled with `set_option linter.unusedVariables false`
E:\ABRL\worktrees\research-online-book\runs\online-log-lower-20261008\full-neutral-packet-v2.lean:124:40: warning: unused variable `ht`

Note: This linter can be disabled with `set_option linter.unusedVariables false`
E:\ABRL\worktrees\research-online-book\runs\online-log-lower-20261008\full-neutral-packet-v2.lean:130:40: warning: unused variable `ht`

Note: This linter can be disabled with `set_option linter.unusedVariables false`
E:\ABRL\worktrees\research-online-book\runs\online-log-lower-20261008\full-neutral-packet-v2.lean:151:21: warning: unused variable `hpos`

Note: This linter can be disabled with `set_option linter.unusedVariables false`
E:\ABRL\worktrees\research-online-book\runs\online-log-lower-20261008\full-neutral-packet-v2.lean:154:13: warning: unused variable `hT`

Note: This linter can be disabled with `set_option linter.unusedVariables false`
E:\ABRL\worktrees\research-online-book\runs\online-log-lower-20261008\full-neutral-packet-v2.lean:157:35: warning: unused variable `hfg`

Note: This linter can be disabled with `set_option linter.unusedVariables false`
E:\ABRL\worktrees\research-online-book\runs\online-log-lower-20261008\full-neutral-packet-v2.lean:172:33: warning: unused variable `hT`

Note: This linter can be disabled with `set_option linter.unusedVariables false`
E:\ABRL\worktrees\research-online-book\runs\online-log-lower-20261008\full-neutral-packet-v2.lean:178:15: warning: unused variable `hx`

Note: This linter can be disabled with `set_option linter.unusedVariables false`
E:\ABRL\worktrees\research-online-book\runs\online-log-lower-20261008\full-neutral-packet-v2.lean:178:40: warning: unused variable `hy`

Note: This linter can be disabled with `set_option linter.unusedVariables false`
E:\ABRL\worktrees\research-online-book\runs\online-log-lower-20261008\full-neutral-packet-v2.lean:181:27: warning: unused variable `hp`

Note: This linter can be disabled with `set_option linter.unusedVariables false`
E:\ABRL\worktrees\research-online-book\runs\online-log-lower-20261008\full-neutral-packet-v2.lean:181:63: warning: unused variable `hy`

Note: This linter can be disabled with `set_option linter.unusedVariables false`
E:\ABRL\worktrees\research-online-book\runs\online-log-lower-20261008\full-neutral-packet-v2.lean:184:41: warning: unused variable `hbound`

Note: This linter can be disabled with `set_option linter.unusedVariables false`
E:\ABRL\worktrees\research-online-book\runs\online-log-lower-20261008\full-neutral-packet-v2.lean:187:62: warning: unused variable `hA`

Note: This linter can be disabled with `set_option linter.unusedVariables false`
E:\ABRL\worktrees\research-online-book\runs\online-log-lower-20261008\full-neutral-packet-v2.lean:190:103: warning: unused variable `hA`

Note: This linter can be disabled with `set_option linter.unusedVariables false`
E:\ABRL\worktrees\research-online-book\runs\online-log-lower-20261008\full-neutral-packet-v2.lean:190:143: warning: unused variable `hbound`

Note: This linter can be disabled with `set_option linter.unusedVariables false`
E:\ABRL\worktrees\research-online-book\runs\online-log-lower-20261008\full-neutral-packet-v2.lean:193:103: warning: unused variable `hA`

Note: This linter can be disabled with `set_option linter.unusedVariables false`
E:\ABRL\worktrees\research-online-book\runs\online-log-lower-20261008\full-neutral-packet-v2.lean:193:143: warning: unused variable `hbound`

Note: This linter can be disabled with `set_option linter.unusedVariables false`
E:\ABRL\worktrees\research-online-book\runs\online-log-lower-20261008\full-neutral-packet-v2.lean:193:191: warning: unused variable `hT`

Note: This linter can be disabled with `set_option linter.unusedVariables false`
E:\ABRL\worktrees\research-online-book\runs\online-log-lower-20261008\full-neutral-packet-v2.lean:196:103: warning: unused variable `hA`

Note: This linter can be disabled with `set_option linter.unusedVariables false`
E:\ABRL\worktrees\research-online-book\runs\online-log-lower-20261008\full-neutral-packet-v2.lean:196:143: warning: unused variable `hbound`

Note: This linter can be disabled with `set_option linter.unusedVariables false`
E:\ABRL\worktrees\research-online-book\runs\online-log-lower-20261008\full-neutral-packet-v2.lean:196:191: warning: unused variable `hT`

Note: This linter can be disabled with `set_option linter.unusedVariables false`
E:\ABRL\worktrees\research-online-book\runs\online-log-lower-20261008\full-neutral-packet-v2.lean:244:13: warning: unused variable `hT`

Note: This linter can be disabled with `set_option linter.unusedVariables false`
