E:\ABRL\worktrees\research-online-book\runs\online-log-lower-20261008\leaves\law-v1.lean:106:30: error(lean.invalidField): Invalid field notation: Type of
  v
is not known; cannot resolve field `toList`

Hint: Consider replacing the field projection with a call to one of the following:
  • `Array.toList`
  • `ByteArray.toList`
  • `toList`
  • `FloatArray.toList`
  • `ForIn.toList`
  • `FreeAddMonoid.toList`
  • `FreeMonoid.toList`
  • `Multiset.toList`
  • `Nondet.toList`
  • `Option.toList`
  • `RelSeries.toList`
  • `String.toList`
  • `Vector.toList`
  • `Aesop.PersistentHashSet.toList`
  • `Array.Perm.toList`
  • `Batteries.BinomialHeap.toList`
  • `Lean.AssocList.toList`
  • `Lean.MessageLog.toList`
  • `Lean.PHashSet.toList`
  • `Lean.PersistentArray.toList`
  • `Lean.PersistentHashMap.toList`
  • `Lean.PersistentHashSet.toList`
  • `Lean.RBMap.toList`
  • `Lean.RBTree.toList`
  • `Lean.SMap.toList`
  • `Lean.SSet.toList`
  • `List.Vector.toList`
  • `Quiver.Path.toList`
  • `Std.DHashMap.toList`
  • `Std.DTreeMap.toList`
  • `Std.ExtDTreeMap.toList`
  • `Std.ExtTreeMap.toList`
  • `Std.ExtTreeSet.toList`
  • `Std.HashMap.toList`
  • `Std.HashSet.toList`
  • `Std.Iter.toList`
  • `Std.IterM.toList`
  • `Std.Rcc.toList`
  • `Std.Rci.toList`
  • `Std.Rco.toList`
  • `Std.Ric.toList`
  • `Std.Rii.toList`
  • `Std.Rio.toList`
  • `Std.Roc.toList`
  • `Std.Roi.toList`
  • `Std.Roo.toList`
  • `Std.Slice.toList`
  • `Std.TreeMap.toList`
  • `Std.TreeSet.toList`
  • `Stream'.Seq.toList`
  • `Vector.Perm.toList`
  • `Lean.Omega.Coeffs.toList`
  • `Std.DHashMap.Const.toList`
  • `Std.DHashMap.Raw.toList`
  • `Std.DTreeMap.Const.toList`
  • `Std.DTreeMap.Raw.toList`
  • `Std.ExtDTreeMap.Const.toList`
  • `Std.HashMap.Raw.toList`
  • `Std.HashSet.Raw.toList`
  • `Std.Iter.Partial.toList`
  • `Std.Iter.Total.toList`
  • `Std.IterM.Partial.toList`
  • `Std.IterM.Total.toList`
  • `Std.Legacy.Range.toList`
  • `Std.TreeMap.Raw.toList`
  • `Std.TreeSet.Raw.toList`
  • `Batteries.BinomialHeap.Imp.Heap.toList`
  • `Lean.Data.AC.Expr.toList`
  • `Lean.Meta.RefinedDiscrTree.LazyEntry.toList`
  • `Mathlib.Tactic.BicategoryLike.Mor₁.toList`
  • `Mathlib.Tactic.BicategoryLike.NormalExpr.toList`
  • `Std.DHashMap.Internal.AssocList.toList`
  • `Std.DHashMap.Raw.Const.toList`
  • `Std.DTreeMap.Internal.Impl.toList`
  • `Std.DTreeMap.Internal.Zipper.toList`
  • `Std.DTreeMap.Raw.Const.toList`
  • `Std.DTreeMap.Internal.Impl.Const.toList`
  • `Std.Tactic.BVDecide.LRAT.Internal.Clause.toList`
  • `Std.Tactic.BVDecide.LRAT.Internal.DefaultClause.toList`
  • `Std.Tactic.BVDecide.LRAT.Internal.DefaultFormula.toList`
  • `Std.Tactic.BVDecide.LRAT.Internal.Formula.toList`
E:\ABRL\worktrees\research-online-book\runs\online-log-lower-20261008\leaves\law-v1.lean:111:30: error(lean.invalidField): Invalid field notation: Type of
  v
is not known; cannot resolve field `toList`

Hint: Consider replacing the field projection with a call to one of the following:
  • `Array.toList`
  • `ByteArray.toList`
  • `toList`
  • `FloatArray.toList`
  • `ForIn.toList`
  • `FreeAddMonoid.toList`
  • `FreeMonoid.toList`
  • `Multiset.toList`
  • `Nondet.toList`
  • `Option.toList`
  • `RelSeries.toList`
  • `String.toList`
  • `Vector.toList`
  • `Aesop.PersistentHashSet.toList`
  • `Array.Perm.toList`
  • `Batteries.BinomialHeap.toList`
  • `Lean.AssocList.toList`
  • `Lean.MessageLog.toList`
  • `Lean.PHashSet.toList`
  • `Lean.PersistentArray.toList`
  • `Lean.PersistentHashMap.toList`
  • `Lean.PersistentHashSet.toList`
  • `Lean.RBMap.toList`
  • `Lean.RBTree.toList`
  • `Lean.SMap.toList`
  • `Lean.SSet.toList`
  • `List.Vector.toList`
  • `Quiver.Path.toList`
  • `Std.DHashMap.toList`
  • `Std.DTreeMap.toList`
  • `Std.ExtDTreeMap.toList`
  • `Std.ExtTreeMap.toList`
  • `Std.ExtTreeSet.toList`
  • `Std.HashMap.toList`
  • `Std.HashSet.toList`
  • `Std.Iter.toList`
  • `Std.IterM.toList`
  • `Std.Rcc.toList`
  • `Std.Rci.toList`
  • `Std.Rco.toList`
  • `Std.Ric.toList`
  • `Std.Rii.toList`
  • `Std.Rio.toList`
  • `Std.Roc.toList`
  • `Std.Roi.toList`
  • `Std.Roo.toList`
  • `Std.Slice.toList`
  • `Std.TreeMap.toList`
  • `Std.TreeSet.toList`
  • `Stream'.Seq.toList`
  • `Vector.Perm.toList`
  • `Lean.Omega.Coeffs.toList`
  • `Std.DHashMap.Const.toList`
  • `Std.DHashMap.Raw.toList`
  • `Std.DTreeMap.Const.toList`
  • `Std.DTreeMap.Raw.toList`
  • `Std.ExtDTreeMap.Const.toList`
  • `Std.HashMap.Raw.toList`
  • `Std.HashSet.Raw.toList`
  • `Std.Iter.Partial.toList`
  • `Std.Iter.Total.toList`
  • `Std.IterM.Partial.toList`
  • `Std.IterM.Total.toList`
  • `Std.Legacy.Range.toList`
  • `Std.TreeMap.Raw.toList`
  • `Std.TreeSet.Raw.toList`
  • `Batteries.BinomialHeap.Imp.Heap.toList`
  • `Lean.Data.AC.Expr.toList`
  • `Lean.Meta.RefinedDiscrTree.LazyEntry.toList`
  • `Mathlib.Tactic.BicategoryLike.Mor₁.toList`
  • `Mathlib.Tactic.BicategoryLike.NormalExpr.toList`
  • `Std.DHashMap.Internal.AssocList.toList`
  • `Std.DHashMap.Raw.Const.toList`
  • `Std.DTreeMap.Internal.Impl.toList`
  • `Std.DTreeMap.Internal.Zipper.toList`
  • `Std.DTreeMap.Raw.Const.toList`
  • `Std.DTreeMap.Internal.Impl.Const.toList`
  • `Std.Tactic.BVDecide.LRAT.Internal.Clause.toList`
  • `Std.Tactic.BVDecide.LRAT.Internal.DefaultClause.toList`
  • `Std.Tactic.BVDecide.LRAT.Internal.DefaultFormula.toList`
  • `Std.Tactic.BVDecide.LRAT.Internal.Formula.toList`
E:\ABRL\worktrees\research-online-book\runs\online-log-lower-20261008\leaves\law-v1.lean:111:76: error(lean.invalidField): Invalid field notation: Type of
  v
is not known; cannot resolve field `toList`

Hint: Consider replacing the field projection with a call to one of the following:
  • `Array.toList`
  • `ByteArray.toList`
  • `toList`
  • `FloatArray.toList`
  • `ForIn.toList`
  • `FreeAddMonoid.toList`
  • `FreeMonoid.toList`
  • `Multiset.toList`
  • `Nondet.toList`
  • `Option.toList`
  • `RelSeries.toList`
  • `String.toList`
  • `Vector.toList`
  • `Aesop.PersistentHashSet.toList`
  • `Array.Perm.toList`
  • `Batteries.BinomialHeap.toList`
  • `Lean.AssocList.toList`
  • `Lean.MessageLog.toList`
  • `Lean.PHashSet.toList`
  • `Lean.PersistentArray.toList`
  • `Lean.PersistentHashMap.toList`
  • `Lean.PersistentHashSet.toList`
  • `Lean.RBMap.toList`
  • `Lean.RBTree.toList`
  • `Lean.SMap.toList`
  • `Lean.SSet.toList`
  • `List.Vector.toList`
  • `Quiver.Path.toList`
  • `Std.DHashMap.toList`
  • `Std.DTreeMap.toList`
  • `Std.ExtDTreeMap.toList`
  • `Std.ExtTreeMap.toList`
  • `Std.ExtTreeSet.toList`
  • `Std.HashMap.toList`
  • `Std.HashSet.toList`
  • `Std.Iter.toList`
  • `Std.IterM.toList`
  • `Std.Rcc.toList`
  • `Std.Rci.toList`
  • `Std.Rco.toList`
  • `Std.Ric.toList`
  • `Std.Rii.toList`
  • `Std.Rio.toList`
  • `Std.Roc.toList`
  • `Std.Roi.toList`
  • `Std.Roo.toList`
  • `Std.Slice.toList`
  • `Std.TreeMap.toList`
  • `Std.TreeSet.toList`
  • `Stream'.Seq.toList`
  • `Vector.Perm.toList`
  • `Lean.Omega.Coeffs.toList`
  • `Std.DHashMap.Const.toList`
  • `Std.DHashMap.Raw.toList`
  • `Std.DTreeMap.Const.toList`
  • `Std.DTreeMap.Raw.toList`
  • `Std.ExtDTreeMap.Const.toList`
  • `Std.HashMap.Raw.toList`
  • `Std.HashSet.Raw.toList`
  • `Std.Iter.Partial.toList`
  • `Std.Iter.Total.toList`
  • `Std.IterM.Partial.toList`
  • `Std.IterM.Total.toList`
  • `Std.Legacy.Range.toList`
  • `Std.TreeMap.Raw.toList`
  • `Std.TreeSet.Raw.toList`
  • `Batteries.BinomialHeap.Imp.Heap.toList`
  • `Lean.Data.AC.Expr.toList`
  • `Lean.Meta.RefinedDiscrTree.LazyEntry.toList`
  • `Mathlib.Tactic.BicategoryLike.Mor₁.toList`
  • `Mathlib.Tactic.BicategoryLike.NormalExpr.toList`
  • `Std.DHashMap.Internal.AssocList.toList`
  • `Std.DHashMap.Raw.Const.toList`
  • `Std.DTreeMap.Internal.Impl.toList`
  • `Std.DTreeMap.Internal.Zipper.toList`
  • `Std.DTreeMap.Raw.Const.toList`
  • `Std.DTreeMap.Internal.Impl.Const.toList`
  • `Std.Tactic.BVDecide.LRAT.Internal.Clause.toList`
  • `Std.Tactic.BVDecide.LRAT.Internal.DefaultClause.toList`
  • `Std.Tactic.BVDecide.LRAT.Internal.DefaultFormula.toList`
  • `Std.Tactic.BVDecide.LRAT.Internal.Formula.toList`
