{
  "time": "2026-10-07T17:43:36+00:00",
  "task": "ONLINE-GUESSING-LOG-LOWER-20261008",
  "role": "lower",
  "kind": "build",
  "status": "compiled",
  "notes": "One actual frozen proof, three numerical nondegenerate probability canaries, named kernel axioms and native statement fence/safe verifier. Normalization, moments, actual regret bridge and randomized lower terminal remain required; no source package/chapter/Goal acceptance.",
  "lean": "BanditRLProof\\OnlineGuessingLogLower.lean",
  "source": "",
  "run_id": "online-log-lower-20261008",
  "changed_files": [],
  "statement_hash": "",
  "parent_id": "",
  "route_fingerprint": "",
  "verifier_evidence": [
    "E:\\ABRL\\worktrees\\research-online-book\\runs\\online-log-lower-20261008\\probability-leaf-bindings-v1.json"
  ],
  "harness": "hierarchical",
  "experiment_id": "",
  "target_fingerprint": "",
  "route_packet_hash": "",
  "attempt_id": "",
  "worker_id": "",
  "progress_class": "compiled-leaf",
  "reviewer_validated": false,
  "obligations_before": 0,
  "obligations_after": 0,
  "new_declarations": [
    "BanditRL.OnlineLearning.GuessingLower.probability_mem"
  ],
  "reused_declarations": [],
  "dag_nodes": 0,
  "dag_depth": 0,
  "elapsed_seconds": 0.0,
  "lean_check_seconds": 0.0,
  "prompt_chars": 0,
  "input_tokens": 0,
  "output_tokens": 0,
  "error_signature": ""
}
