⚠ [3399/3399] Built BanditRLProof.OnlineGuessingLogLower (8.6s)
warning: BanditRLProof/OnlineGuessingLogLower.lean:166:12: This simp argument is unused:
  List.count_cons

Hint: Omit it from the simp argument list.
  simp [L̵i̵s̵t̵.̵c̵o̵u̵n̵t̵_̵c̵o̵n̵s̵,̵ ̵polyaNext, hl]

Note: This linter can be disabled with `set_option linter.unusedSimpArgs false`
warning: BanditRLProof/OnlineGuessingLogLower.lean:186:17: Used `tac1 <;> tac2` where `(tac1; tac2)` would suffice

Note: This linter can be disabled with `set_option linter.unnecessarySeqFocus false`
warning: BanditRLProof/OnlineGuessingLogLower.lean:199:19: 'ring' tactic does nothing

Note: This linter can be disabled with `set_option linter.unusedTactic false`
warning: BanditRLProof/OnlineGuessingLogLower.lean:199:19: this tactic is never executed

Note: This linter can be disabled with `set_option linter.unreachableTactic false`
warning: BanditRLProof/OnlineGuessingLogLower.lean:209:15: Used `tac1 <;> tac2` where `(tac1; tac2)` would suffice

Note: This linter can be disabled with `set_option linter.unnecessarySeqFocus false`
warning: BanditRLProof/OnlineGuessingLogLower.lean:227:13: Used `tac1 <;> tac2` where `(tac1; tac2)` would suffice

Note: This linter can be disabled with `set_option linter.unnecessarySeqFocus false`
warning: BanditRLProof/OnlineGuessingLogLower.lean:258:41: This simp argument is unused:
  List.getElem?_append_right

Hint: Omit it from the simp argument list.
  simp [binaryStream, List.reverse_cons,̵ ̵L̵i̵s̵t̵.̵g̵e̵t̵E̵l̵e̵m̵?̵_̵a̵p̵p̵e̵n̵d̵_̵r̵i̵g̵h̵t̵]

Note: This linter can be disabled with `set_option linter.unusedSimpArgs false`
Build completed successfully (3399 jobs).
