{
  "generated_at": "2026-10-07T19:16:15+00:00",
  "lean_verified": true,
  "module_count": 846,
  "declaration_count": 10894,
  "public_declaration_count": 10811,
  "private_declaration_count": 83,
  "placeholder_count": 0,
  "kind_counts": {
    "abbrev": 65,
    "class": 2,
    "def": 2613,
    "inductive": 9,
    "lemma": 18,
    "structure": 145,
    "theorem": 8042
  },
  "chapter_counts": {
    "etc": 339,
    "exp3": 841,
    "finite-horizon-rl": 2697,
    "foundations": 2579,
    "frontier": 686,
    "oful": 706,
    "online-affine-subgradient": 1,
    "online-barycenter": 3,
    "online-closed-proper": 5,
    "online-convex": 17,
    "online-convex-closures": 12,
    "online-expectation": 10,
    "online-first-order": 3,
    "online-foundations": 101,
    "online-ftl-failure": 10,
    "online-guessing-ogd": 13,
    "online-guessing-osd": 17,
    "online-hinge": 15,
    "online-huber": 22,
    "online-jensen": 2,
    "online-linearization": 30,
    "online-lipschitz": 8,
    "online-minorant": 4,
    "online-normal-cone": 4,
    "online-ogd": 38,
    "online-optimal-step": 13,
    "online-optimality": 4,
    "online-osd": 21,
    "online-osd-policy": 30,
    "online-subgradient-absolute": 4,
    "online-subgradient-basic": 3,
    "online-subgradient-differentiability": 12,
    "online-subgradient-interior": 3,
    "online-subgradient-max": 19,
    "online-subgradient-sum": 10,
    "online-unit-scaling": 26,
    "probability": 807,
    "thompson": 297,
    "tsallis": 896,
    "ucb": 586
  },
  "author_count": 6,
  "community_contributor_count": 0,
  "contributor_count": 6,
  "highlight_count": 355,
  "ide_mapping_count": 355,
  "milestone_count": 97,
  "milestone_status_counts": {
    "blocked": 2,
    "compiled": 86,
    "partial": 8,
    "planned": 1
  },
  "community_entry_count": 0,
  "reading_count": 40,
  "source_theorem_count": 87,
  "textbook_spine_chapter_count": 5,
  "textbook_spine_status_counts": {
    "compiled": 5
  },
  "banditrlwiki_family_count": 7,
  "banditrlwiki_case_count": 13,
  "banditrlwiki_paper_count": 19,
  "banditrlwiki_theorem_surface_count": 27,
  "banditrlwiki_paper_case_link_count": 19,
  "banditrlwiki_exact_source_audit_count": 12,
  "banditrlwiki_literature_open_count": 0,
  "banditrlwiki_formalization_open_case_count": 13,
  "banditrlwiki_formalization_leaf_count": 36,
  "banditrlwiki_active_source_audit_count": 2,
  "banditrlwiki_literature_status_counts": {
    "asymptotic-matched": 2,
    "minimax-matched": 2,
    "near-minimax": 8,
    "source-audit-pending": 1
  },
  "banditrlwiki_lean_status_counts": {
    "partial": 10,
    "planned": 3
  },
  "max_module_slug_length": 96,
  "public_snapshot": false,
  "public_base_url": "",
  "source_commit": "a632a20cdc3384a6faf3abece3a5e7de11c8a8ca",
  "source_dirty": false,
  "lean_graph_node_count": 11887,
  "lean_graph_edge_count": 15583,
  "lean_graph_shard_count": 872,
  "lean_graph_max_shard_bytes": 1184355,
  "lean_graph_search_index_bytes": 1309848,
  "proof_graph_benchmark_status": "prototype",
  "proof_graph_root_count": 3,
  "cng_candidate_status": "partial",
  "cng_structural_discovery_established": false
}
