BanditRLProof/OnlineConvexExamples.lean:16:2: warning: try 'simp' instead of 'simpa'

Note: This linter can be disabled with `set_option linter.unnecessarySimpa false`
BanditRLProof/OnlineConvexExamples.lean:24:2: error: linarith failed to find a contradiction
case h
E : Type u_1
inst✝¹ : NormedAddCommGroup E
inst✝ : InnerProductSpace ℝ E
z : E
b : ℝ
x : E
hx : x ∈ univ
y : E
hy : y ∈ univ
a c : ℝ
ha : 0 ≤ a
hc : 0 ≤ c
hac : a + c = 1
a✝ : a * (inner ℝ z x + b) + c * (inner ℝ z y + b) < a * inner ℝ z x + c * inner ℝ z y + b
⊢ False
failed
