SITE CHECK PASSED
- HTML pages: 747
- modules: 675
- declarations: 8950
- highlights: 136
- milestones: 83
- textbook crosswalks: 13
- source theorem restatements: 26
- BanditRLwiki settings/cases/papers: 7/13/19
- BanditRLwiki theorem surfaces: 27
- BanditRLwiki literature-open/formalization-open cases: 0/13
- BanditRLwiki named formalization leaves: 36
- BanditRLwiki active source-frozen ports: 2
- Live Formalization mappings: 136
- Mermaid blocks: 18
- Lean source links: 9811
- internal links and anchors: valid
- README relative links: valid
- MathJax loader and readable mathematical fallbacks: valid
- GitHub Pages workflow: complete
