{
  "schema_version": 1,
  "entry_id": "entry-aba821ce095d5c06",
  "session_id": "ONLINE-OSD-POLICY-PUBLIC-20261007",
  "sequence": 5,
  "parent_id": "entry-a1e171d6b7ef5025",
  "event_type": "accepted",
  "created_at": "2026-10-07T05:33:55+00:00",
  "payload": {
    "run_id": "online-osd-policy-public-20261007",
    "chapter_complete": false,
    "goal_complete": false,
    "accepted_decision": "E:/ABRL/worktrees/research-online-book/runs/online-osd-policy-public-20261007/accepted-decision-v1.json",
    "source_package_accepted": true,
    "new_proofs": 0,
    "new_definitions": 0,
    "merged": false,
    "live": false
  }
}
