{
  "time": "2026-10-07T05:33:55+00:00",
  "task": "ONLINE-OSD-POLICY-PUBLIC-20261007",
  "role": "reviewer",
  "kind": "review",
  "status": "accepted",
  "notes": "Existing finite-history OSD reuse/public evidence accepted after actual combined/site and distinct FINAL. Zero newly authored proofs/definitions/maintext closures; remaining chapters REQUIRED.",
  "lean": "",
  "source": "",
  "run_id": "online-osd-policy-public-20261007",
  "changed_files": [],
  "statement_hash": "b4a42ca7ae5b9ec84949a598555031f5cb8180b18792ac56c7d9ef54cd982586",
  "parent_id": "",
  "route_fingerprint": "",
  "verifier_evidence": [
    "E:\\ABRL\\worktrees\\research-online-book\\runs\\online-osd-policy-public-20261007\\final-reader-receipt-v1.json"
  ],
  "harness": "hierarchical",
  "experiment_id": "",
  "target_fingerprint": "",
  "route_packet_hash": "",
  "attempt_id": "OSD-POLICY-PUBLIC-REUSE-V1",
  "worker_id": "",
  "progress_class": "retrieval-reuse",
  "reviewer_validated": true,
  "obligations_before": 0,
  "obligations_after": 0,
  "new_declarations": [],
  "reused_declarations": [
    "BanditRL.OnlineSubgradientPolicy.regret_tuned"
  ],
  "dag_nodes": 0,
  "dag_depth": 0,
  "elapsed_seconds": 0.0,
  "lean_check_seconds": 0.0,
  "prompt_chars": 0,
  "input_tokens": 0,
  "output_tokens": 0,
  "error_signature": ""
}
