{
  "schema_version": 1,
  "record_id": "frontier-73086326e1bb23f8",
  "updated_at": "2026-10-07T05:27:41+00:00",
  "root_objective": "Persistent Orabona Chapters1-16; existing finite-history OSD current public reuse audit only",
  "current_leaf": {
    "id": "ONLINE-OSD-POLICY-PUBLIC-20261007",
    "kind": "lean",
    "status": "gate-pending",
    "statement": "theorem regret_tuned (V : Domain (E := E)) (loss : ℕ → E → EReal) (x₁ : E) (p : SupportPolicy (E := E)) (hx₁ : x₁ ∈ V.carrier) (T : ℕ) (hT : 0 < T) (D G : ℝ) (hD : 0 < D) (hG : 0 < G) (hloss : ∀ t < T, BanditRL.OnlineSubgradientDescent.SubdifferentiableOn V (loss t)) (hlegal : LegalFeedback V (fun _ => D / (G * Real.sqrt T)) loss x₁ p T) (hdiam : ∀ x ∈ V.carrier, ∀ y ∈ V.carrier, ‖x - y‖ ≤ D) (hgrad : ∀ t < T, ‖selected V (fun _ => D / (G * Real.sqrt T)) loss x₁ p t‖ ≤ G) : ∀ u ∈ V.carrier, regret V (fun _ => D / (G * Real.sqrt T)) loss x₁ p u T ≤ D * G * Real.sqrt T",
    "statement_hash": "b4a42ca7ae5b9ec84949a598555031f5cb8180b18792ac56c7d9ef54cd982586",
    "declaration": "BanditRL.OnlineSubgradientPolicy.regret_tuned",
    "file": "BanditRLProof\\OnlineSubgradientPolicy.lean",
    "source_status": "source-reviewed",
    "dependencies": [
      {
        "kind": "lean",
        "name": "BanditRL.OnlineSubgradientPolicy.regret_tuned_distance",
        "status": "compiled"
      },
      {
        "kind": "lean",
        "name": "BanditRL.OnlineSubgradientPolicy.regret_fixed",
        "status": "compiled"
      }
    ]
  },
  "dag": {
    "nodes": [
      {
        "id": "ONLINE-OSD-POLICY-PUBLIC-20261007",
        "kind": "lean",
        "status": "gate-pending",
        "dependencies": [
          {
            "kind": "lean",
            "name": "BanditRL.OnlineSubgradientPolicy.regret_tuned_distance",
            "status": "compiled"
          },
          {
            "kind": "lean",
            "name": "BanditRL.OnlineSubgradientPolicy.regret_fixed",
            "status": "compiled"
          }
        ],
        "dispatch_count": 0
      }
    ]
  },
  "last_accepted_verifier": {
    "trial_index": 0,
    "time": "2026-10-07T05:14:02+00:00",
    "task": "ONLINE-OSD-POLICY-PUBLIC-20261007",
    "role": "lower",
    "kind": "build",
    "status": "compiled",
    "lean": "BanditRLProof\\OnlineSubgradientPolicy.lean",
    "notes": "Actual existing21 proofs7defs2abbr/whole74canaryproofs11defs7abbr;122 names/kernel audits21guards and actual producer/canary value graph. ZERO newly authored proofs/definitions; current BODY/combined/reader/FINAL/native/PR separate pending.",
    "run_id": "online-osd-policy-public-20261007"
  },
  "memory_policy": {
    "recent_role_relevant_limit": 5,
    "explicit_verified_lemma_ids": [],
    "whole_history_default": false
  },
  "shadow_gate": {
    "status": "pending",
    "analyzed_trial_rows": 1,
    "mismatches": [],
    "replay_transitions": 0
  },
  "mutation_policy": {
    "canonical_path_queue": true,
    "cross_process_lock": true,
    "same_file_serialized": true,
    "disjoint_files_parallel": true
  },
  "autonomous_execution": {
    "enabled": false,
    "requires_deterministic_gates": true,
    "requires_explicit_user_request": true
  }
}
