{
  "time": "2026-10-07T05:14:02+00:00",
  "task": "ONLINE-OSD-POLICY-PUBLIC-20261007",
  "role": "lower",
  "kind": "build",
  "status": "compiled",
  "notes": "Actual existing21 proofs7defs2abbr/whole74canaryproofs11defs7abbr;122 names/kernel audits21guards and actual producer/canary value graph. ZERO newly authored proofs/definitions; current BODY/combined/reader/FINAL/native/PR separate pending.",
  "lean": "BanditRLProof\\OnlineSubgradientPolicy.lean",
  "source": "",
  "run_id": "online-osd-policy-public-20261007",
  "changed_files": [],
  "statement_hash": "b4a42ca7ae5b9ec84949a598555031f5cb8180b18792ac56c7d9ef54cd982586",
  "parent_id": "",
  "route_fingerprint": "",
  "verifier_evidence": [
    "E:\\ABRL\\worktrees\\research-online-book\\runs\\online-osd-policy-public-20261007\\public-actual-bindings-v1.json"
  ],
  "harness": "hierarchical",
  "experiment_id": "",
  "target_fingerprint": "",
  "route_packet_hash": "",
  "attempt_id": "OSD-POLICY-PUBLIC-REUSE-V1",
  "worker_id": "",
  "progress_class": "retrieval-reuse",
  "reviewer_validated": false,
  "obligations_before": 0,
  "obligations_after": 0,
  "new_declarations": [],
  "reused_declarations": [
    "BanditRL.OnlineSubgradientPolicy.regret_tuned"
  ],
  "dag_nodes": 0,
  "dag_depth": 0,
  "elapsed_seconds": 0.0,
  "lean_check_seconds": 0.0,
  "prompt_chars": 0,
  "input_tokens": 0,
  "output_tokens": 0,
  "error_signature": ""
}
