BanditRL.OnlineLinearization.oracle_feedback [theorem] BanditRLProof/OnlineLinearization.lean:113
  theorem oracle_feedback (V : Domain (E := E)) (A : LinearPolicy (E := E)) (hA : Feasible V A) (loss : ℕ → E → EReal) (p : SupportPolicy (E := E)) (hp : BanditRL.OnlineSubgradientPolicy.OracleLaw V p) (T : ℕ) (hloss : ∀ t < T, BanditRL.OnlineSubgradientDescent.SubdifferentiableOn V (loss t)) : LegalFeedback A loss p T
BanditRL.OnlineLinearization.canonical_feedback [theorem] BanditRLProof/OnlineLinearization.lean:123
  theorem canonical_feedback (V : Domain (E := E)) (A : LinearPolicy (E := E)) (hA : Feasible V A) (loss : ℕ → E → EReal) (T : ℕ) (hloss : ∀ t < T, BanditRL.OnlineSubgradientDescent.SubdifferentiableOn V (loss t)) : LegalFeedback A loss BanditRL.OnlineSubgradientPolicy.canonicalPolicy T
BanditRL.OnlineLinearization.canonical_regret_comparison [theorem] BanditRLProof/OnlineLinearization.lean:157
  theorem canonical_regret_comparison (V : Domain (E := E)) (A : LinearPolicy (E := E)) (hA : Feasible V A) (loss : ℕ → E → EReal) (T : ℕ) (hloss : ∀ t < T, BanditRL.OnlineSubgradientDescent.SubdifferentiableOn V (loss t)) (u : E) (hu : u ∈ V.carrier) : regret A loss BanditRL.OnlineSubgradientPolicy.canonicalPolicy u T ≤ BanditRL.OnlineLearning.comparatorRegret (fun t => linearLoss (selected A loss BanditRL.OnlineSubgradientPolicy.canonicalPolicy t)) (linearRun A (selected A loss BanditRL.OnlineSubgradientPolicy.canonicalPolicy)) u T
BanditRL.OnlineSubgradientPolicy.Domain [abbrev] BanditRLProof/OnlineSubgradientPolicy.lean:25
  abbrev Domain
BanditRL.OnlineSubgradientPolicy.SupportPolicy [abbrev] BanditRLProof/OnlineSubgradientPolicy.lean:26
  abbrev SupportPolicy
BanditRL.OnlineSubgradientPolicy.history [def] BanditRLProof/OnlineSubgradientPolicy.lean:28
  def history (V : Domain (E := E)) (η : ℕ → ℝ) (loss : ℕ → E → EReal) (x₁ : E) (p : SupportPolicy (E := E)) : (t : ℕ) → Fin (t + 1) → E
BanditRL.OnlineSubgradientPolicy.output [def] BanditRLProof/OnlineSubgradientPolicy.lean:34
  def output (V : Domain (E := E)) (η : ℕ → ℝ) (loss : ℕ → E → EReal) (x₁ : E) (p : SupportPolicy (E := E)) (t : ℕ) : E
BanditRL.OnlineSubgradientPolicy.selected [def] BanditRLProof/OnlineSubgradientPolicy.lean:37
  def selected (V : Domain (E := E)) (η : ℕ → ℝ) (loss : ℕ → E → EReal) (x₁ : E) (p : SupportPolicy (E := E)) (t : ℕ) : E
BanditRL.OnlineSubgradientPolicy.OracleLaw [def] BanditRLProof/OnlineSubgradientPolicy.lean:40
  def OracleLaw (V : Domain (E := E)) (p : SupportPolicy (E := E)) : Prop
BanditRL.OnlineSubgradientPolicy.canonicalPolicy [def] BanditRLProof/OnlineSubgradientPolicy.lean:43
  def canonicalPolicy : SupportPolicy (E := E)
BanditRL.OnlineSubgradientPolicy.LegalFeedback [def] BanditRLProof/OnlineSubgradientPolicy.lean:46
  def LegalFeedback (V : Domain (E := E)) (η : ℕ → ℝ) (loss : ℕ → E → EReal) (x₁ : E) (p : SupportPolicy (E := E)) (T : ℕ) : Prop
BanditRL.OnlineSubgradientPolicy.regret [def] BanditRLProof/OnlineSubgradientPolicy.lean:49
  def regret (V : Domain (E := E)) (η : ℕ → ℝ) (loss : ℕ → E → EReal) (x₁ : E) (p : SupportPolicy (E := E)) (u : E) (T : ℕ) : ℝ
BanditRL.OnlineSubgradientPolicy.history_zero [theorem] BanditRLProof/OnlineSubgradientPolicy.lean:52
  theorem history_zero (V : Domain (E := E)) (η : ℕ → ℝ) (loss : ℕ → E → EReal) (x₁ : E) (p : SupportPolicy (E := E)) : history V η loss x₁ p 0 = fun _ => x₁
BanditRL.OnlineSubgradientPolicy.history_succ [theorem] BanditRLProof/OnlineSubgradientPolicy.lean:57
  theorem history_succ (V : Domain (E := E)) (η : ℕ → ℝ) (loss : ℕ → E → EReal) (x₁ : E) (p : SupportPolicy (E := E)) (t : ℕ) : history V η loss x₁ p (t + 1) = Fin.snoc (history V η loss x₁ p t) (BanditRL.OnlineGradientDescent.project V (output V η loss x₁ p t - η t • selected V η loss x₁ p t))
BanditRL.OnlineSubgradientPolicy.output_zero [theorem] BanditRLProof/OnlineSubgradientPolicy.lean:65
  theorem output_zero (V : Domain (E := E)) (η : ℕ → ℝ) (loss : ℕ → E → EReal) (x₁ : E) (p : SupportPolicy (E := E)) : output V η loss x₁ p 0 = x₁
BanditRL.OnlineSubgradientPolicy.output_succ [theorem] BanditRLProof/OnlineSubgradientPolicy.lean:70
  theorem output_succ (V : Domain (E := E)) (η : ℕ → ℝ) (loss : ℕ → E → EReal) (x₁ : E) (p : SupportPolicy (E := E)) (t : ℕ) : output V η loss x₁ p (t + 1) = BanditRL.OnlineGradientDescent.project V (output V η loss x₁ p t - η t • selected V η loss x₁ p t)
BanditRL.OnlineSubgradientPolicy.history_mem [theorem] BanditRLProof/OnlineSubgradientPolicy.lean:77
  theorem history_mem (V : Domain (E := E)) (η : ℕ → ℝ) (loss : ℕ → E → EReal) (x₁ : E) (p : SupportPolicy (E := E)) (hx₁ : x₁ ∈ V.carrier) (t : ℕ) (i : Fin (t + 1)) : history V η loss x₁ p t i ∈ V.carrier
BanditRL.OnlineSubgradientPolicy.output_mem [theorem] BanditRLProof/OnlineSubgradientPolicy.lean:88
  theorem output_mem (V : Domain (E := E)) (η : ℕ → ℝ) (loss : ℕ → E → EReal) (x₁ : E) (p : SupportPolicy (E := E)) (hx₁ : x₁ ∈ V.carrier) (t : ℕ) : output V η loss x₁ p t ∈ V.carrier
BanditRL.OnlineSubgradientPolicy.history_prefix [theorem] BanditRLProof/OnlineSubgradientPolicy.lean:93
  theorem history_prefix (V : Domain (E := E)) (η η' : ℕ → ℝ) (loss loss' : ℕ → E → EReal) (x₁ : E) (p : SupportPolicy (E := E)) (t : ℕ) (hη : ∀ s < t, η s = η' s) (hloss : ∀ s < t, loss s = loss' s) : history V η loss x₁ p t = history V η' loss' x₁ p t
BanditRL.OnlineSubgradientPolicy.output_prefix [theorem] BanditRLProof/OnlineSubgradientPolicy.lean:108
  theorem output_prefix (V : Domain (E := E)) (η η' : ℕ → ℝ) (loss loss' : ℕ → E → EReal) (x₁ : E) (p : SupportPolicy (E := E)) (t : ℕ) (hη : ∀ s < t, η s = η' s) (hloss : ∀ s < t, loss s = loss' s) : output V η loss x₁ p t = output V η' loss' x₁ p t
BanditRL.OnlineSubgradientPolicy.oracle_feedback [theorem] BanditRLProof/OnlineSubgradientPolicy.lean:116
  theorem oracle_feedback (V : Domain (E := E)) (η : ℕ → ℝ) (loss : ℕ → E → EReal) (x₁ : E) (p : SupportPolicy (E := E)) (hx₁ : x₁ ∈ V.carrier) (T : ℕ) (hp : OracleLaw V p) (hloss : ∀ t < T, BanditRL.OnlineSubgradientDescent.SubdifferentiableOn V (loss t)) : LegalFeedback V η loss x₁ p T
BanditRL.OnlineSubgradientPolicy.trajectory_finite_loss [theorem] BanditRLProof/OnlineSubgradientPolicy.lean:125
  theorem trajectory_finite_loss (V : Domain (E := E)) (η : ℕ → ℝ) (loss : ℕ → E → EReal) (x₁ : E) (p : SupportPolicy (E := E)) (hx₁ : x₁ ∈ V.carrier) (t : ℕ) (hloss : BanditRL.OnlineSubgradientDescent.SubdifferentiableOn V (loss t)) (u : E) (hu : u ∈ V.carrier) : loss t (output V η loss x₁ p t) = ((loss t (output V η loss x₁ p t)).toReal : EReal) ∧ loss t u = ((loss t u).toReal : EReal)
BanditRL.OnlineSubgradientPolicy.one_step_chain [theorem] BanditRLProof/OnlineSubgradientPolicy.lean:135
  theorem one_step_chain (V : Domain (E := E)) (η : ℕ → ℝ) (loss : ℕ → E → EReal) (x₁ : E) (p : SupportPolicy (E := E)) (t : ℕ) (hη : 0 < η t) (hloss : BanditRL.OnlineSubgradientDescent.SubdifferentiableOn V (loss t)) (hg : selected V η loss x₁ p t ∈ SourceSubdifferential (loss t) (output V η loss x₁ p t)) (u : E) (hu : u ∈ V.carrier) : η t * ((loss t (output V η loss x₁ p t)).toReal - (loss t u).toReal) ≤ η t * inner ℝ (selected V η loss x₁ p t) (output V η loss x₁ p t - u) ∧ η t * inner ℝ (selected V η loss x₁ p t) (output V η loss x₁ p t - u) ≤ ‖output V η loss x₁ p t - u‖ ^ 2 / 2 - ‖output V η loss x₁ p (t + 1) - u‖ ^ 2 / 2 + (η t) ^ 2 / 2 * ‖selected V η loss x₁ p t‖ ^ 2
BanditRL.OnlineSubgradientPolicy.one_step [theorem] BanditRLProof/OnlineSubgradientPolicy.lean:150
  theorem one_step (V : Domain (E := E)) (η : ℕ → ℝ) (loss : ℕ → E → EReal) (x₁ : E) (p : SupportPolicy (E := E)) (t : ℕ) (hη : 0 < η t) (hloss : BanditRL.OnlineSubgradientDescent.SubdifferentiableOn V (loss t)) (hg : selected V η loss x₁ p t ∈ SourceSubdifferential (loss t) (output V η loss x₁ p t)) (u : E) (hu : u ∈ V.carrier) : (loss t (output V η loss x₁ p t)).toReal - (loss t u).toReal ≤ (‖output V η loss x₁ p t - u‖ ^ 2 - ‖output V η loss x₁ p (t + 1) - u‖ ^ 2) / (2 * η t) + η t / 2 * ‖selected V η loss x₁ p t‖ ^ 2
BanditRL.OnlineSubgradientPolicy.regret_fixed [theorem] BanditRLProof/OnlineSubgradientPolicy.lean:171
  theorem regret_fixed (V : Domain (E := E)) (η : ℝ) (hη : 0 < η) (loss : ℕ → E → EReal) (x₁ : E) (p : SupportPolicy (E := E)) (hx₁ : x₁ ∈ V.carrier) (T : ℕ) (hloss : ∀ t < T, BanditRL.OnlineSubgradientDescent.SubdifferentiableOn V (loss t)) (hlegal : LegalFeedback V (fun _ => η) loss x₁ p T) (u : E) (hu : u ∈ V.carrier) : regret V (fun _ => η) loss x₁ p u T ≤ ‖x₁ - u‖ ^ 2 / (2 * η) + η / 2 * (∑ t ∈ range T, ‖selected V (fun _ => η) loss x₁ p t‖ ^ 2) - ‖output V (fun _ => η) loss x₁ p T - u‖ ^ 2 / (2 * η)
BanditRL.OnlineSubgradientPolicy.regret_fixed_coarse [theorem] BanditRLProof/OnlineSubgradientPolicy.lean:198
  theorem regret_fixed_coarse (V : Domain (E := E)) (η : ℝ) (hη : 0 < η) (loss : ℕ → E → EReal) (x₁ : E) (p : SupportPolicy (E := E)) (hx₁ : x₁ ∈ V.carrier) (T : ℕ) (hloss : ∀ t < T, BanditRL.OnlineSubgradientDescent.SubdifferentiableOn V (loss t)) (hlegal : LegalFeedback V (fun _ => η) loss x₁ p T) (u : E) (hu : u ∈ V.carrier) : regret V (fun _ => η) loss x₁ p u T ≤ ‖x₁ - u‖ ^ 2 / (2 * η) + η / 2 * (∑ t ∈ range T, ‖selected V (fun _ => η) loss x₁ p t‖ ^ 2)
BanditRL.OnlineSubgradientPolicy.regret_variable_bound [theorem] BanditRLProof/OnlineSubgradientPolicy.lean:209
  theorem regret_variable_bound (V : Domain (E := E)) (η : ℕ → ℝ) (loss : ℕ → E → EReal) (x₁ : E) (p : SupportPolicy (E := E)) (hx₁ : x₁ ∈ V.carrier) (T : ℕ) (hT : 0 < T) (hη : ∀ t < T, 0 < η t) (hmono : ∀ t, t + 1 < T → η (t + 1) ≤ η t) (hloss : ∀ t < T, BanditRL.OnlineSubgradientDescent.SubdifferentiableOn V (loss t)) (hlegal : LegalFeedback V η loss x₁ p T) (D : ℝ) (hdiam : ∀ x ∈ V.carrier, ∀ y ∈ V.carrier, ‖x - y‖ ≤ D) (u : E) (hu : u ∈ V.carrier) : regret V η loss x₁ p u T ≤ D ^ 2 / (2 * η (T - 1)) + (∑ t ∈ range T, η t / 2 * ‖selected V η loss x₁ p t‖ ^ 2) - ‖output V η loss x₁ p T - u‖ ^ 2 / (2 * η (T - 1))
BanditRL.OnlineSubgradientPolicy.regret_variable [theorem] BanditRLProof/OnlineSubgradientPolicy.lean:230
  theorem regret_variable (V : Domain (E := E)) (η : ℕ → ℝ) (loss : ℕ → E → EReal) (x₁ : E) (p : SupportPolicy (E := E)) (hx₁ : x₁ ∈ V.carrier) (T : ℕ) (hT : 0 < T) (hη : ∀ t < T, 0 < η t) (hmono : ∀ t, t + 1 < T → η (t + 1) ≤ η t) (hloss : ∀ t < T, BanditRL.OnlineSubgradientDescent.SubdifferentiableOn V (loss t)) (hlegal : LegalFeedback V η loss x₁ p T) (hV : Bornology.IsBounded V.carrier) (u : E) (hu : u ∈ V.carrier) : regret V η loss x₁ p u T ≤ (Metric.diam V.carrier) ^ 2 / (2 * η (T - 1)) + (∑ t ∈ range T, η t / 2 * ‖selected V η loss x₁ p t‖ ^ 2) - ‖output V η loss x₁ p T - u‖ ^ 2 / (2 * η (T - 1))
BanditRL.OnlineSubgradientPolicy.regret_tuned_distance [theorem] BanditRLProof/OnlineSubgradientPolicy.lean:243
  theorem regret_tuned_distance (V : Domain (E := E)) (loss : ℕ → E → EReal) (x₁ : E) (p : SupportPolicy (E := E)) (hx₁ : x₁ ∈ V.carrier) (T : ℕ) (hT : 0 < T) (D G : ℝ) (hD : 0 < D) (hG : 0 < G) (hloss : ∀ t < T, BanditRL.OnlineSubgradientDescent.SubdifferentiableOn V (loss t)) (hlegal : LegalFeedback V (fun _ => D / (G * Real.sqrt T)) loss x₁ p T) (u : E) (hu : u ∈ V.carrier) (hdist : ‖x₁ - u‖ ≤ D) (hgrad : ∀ t < T, ‖selected V (fun _ => D / (G * Real.sqrt T)) loss x₁ p t‖ ≤ G) : regret V (fun _ => D / (G * Real.sqrt T)) loss x₁ p u T ≤ D * G * Real.sqrt T
BanditRL.OnlineSubgradientPolicy.regret_tuned [theorem] BanditRLProof/OnlineSubgradientPolicy.lean:276
  theorem regret_tuned (V : Domain (E := E)) (loss : ℕ → E → EReal) (x₁ : E) (p : SupportPolicy (E := E)) (hx₁ : x₁ ∈ V.carrier) (T : ℕ) (hT : 0 < T) (D G : ℝ) (hD : 0 < D) (hG : 0 < G) (hloss : ∀ t < T, BanditRL.OnlineSubgradientDescent.SubdifferentiableOn V (loss t)) (hlegal : LegalFeedback V (fun _ => D / (G * Real.sqrt T)) loss x₁ p T) (hdiam : ∀ x ∈ V.carrier, ∀ y ∈ V.carrier, ‖x - y‖ ≤ D) (hgrad : ∀ t < T, ‖selected V (fun _ => D / (G * Real.sqrt T)) loss x₁ p t‖ ≤ G) : ∀ u ∈ V.carrier, regret V (fun _ => D / (G * Real.sqrt T)) loss x₁ p u T ≤ D * G * Real.sqrt T
BanditRL.OnlineSubgradientPolicy.canonicalPolicy_legal [theorem] BanditRLProof/OnlineSubgradientPolicy.lean:289
  theorem canonicalPolicy_legal (V : Domain (E := E)) : OracleLaw V (canonicalPolicy (E := E))
BanditRL.OnlineSubgradientPolicy.canonical_output [theorem] BanditRLProof/OnlineSubgradientPolicy.lean:294
  theorem canonical_output (V : Domain (E := E)) (η : ℕ → ℝ) (loss : ℕ → E → EReal) (x₁ : E) (t : ℕ) : output V η loss x₁ canonicalPolicy t = BanditRL.OnlineSubgradientDescent.iterate V η loss x₁ t
BanditRL.OnlineSubgradientPolicy.canonical_selected [theorem] BanditRLProof/OnlineSubgradientPolicy.lean:309
  theorem canonical_selected (V : Domain (E := E)) (η : ℕ → ℝ) (loss : ℕ → E → EReal) (x₁ : E) (t : ℕ) : selected V η loss x₁ canonicalPolicy t = BanditRL.OnlineSubgradientDescent.currentSubgradient (loss t) (BanditRL.OnlineSubgradientDescent.iterate V η loss x₁ t)
