E:\ABRL\worktrees\research-online-book\runs\online-osd-policy-public-20261007\leaves\neutral-propositions-v1.lean:63:43: warning: unused variable `hx₁`

Note: This linter can be disabled with `set_option linter.unusedVariables false`
E:\ABRL\worktrees\research-online-book\runs\online-osd-policy-public-20261007\leaves\neutral-propositions-v1.lean:68:43: warning: unused variable `hx₁`

Note: This linter can be disabled with `set_option linter.unusedVariables false`
E:\ABRL\worktrees\research-online-book\runs\online-osd-policy-public-20261007\leaves\neutral-propositions-v1.lean:74:5: warning: unused variable `hη`

Note: This linter can be disabled with `set_option linter.unusedVariables false`
E:\ABRL\worktrees\research-online-book\runs\online-osd-policy-public-20261007\leaves\neutral-propositions-v1.lean:74:32: warning: unused variable `hloss`

Note: This linter can be disabled with `set_option linter.unusedVariables false`
E:\ABRL\worktrees\research-online-book\runs\online-osd-policy-public-20261007\leaves\neutral-propositions-v1.lean:80:5: warning: unused variable `hη`

Note: This linter can be disabled with `set_option linter.unusedVariables false`
E:\ABRL\worktrees\research-online-book\runs\online-osd-policy-public-20261007\leaves\neutral-propositions-v1.lean:80:32: warning: unused variable `hloss`

Note: This linter can be disabled with `set_option linter.unusedVariables false`
E:\ABRL\worktrees\research-online-book\runs\online-osd-policy-public-20261007\leaves\neutral-propositions-v1.lean:85:43: warning: unused variable `hx₁`

Note: This linter can be disabled with `set_option linter.unusedVariables false`
E:\ABRL\worktrees\research-online-book\runs\online-osd-policy-public-20261007\leaves\neutral-propositions-v1.lean:86:5: warning: unused variable `hp`

Note: This linter can be disabled with `set_option linter.unusedVariables false`
E:\ABRL\worktrees\research-online-book\runs\online-osd-policy-public-20261007\leaves\neutral-propositions-v1.lean:87:5: warning: unused variable `hloss`

Note: This linter can be disabled with `set_option linter.unusedVariables false`
E:\ABRL\worktrees\research-online-book\runs\online-osd-policy-public-20261007\leaves\neutral-propositions-v1.lean:92:43: warning: unused variable `hx₁`

Note: This linter can be disabled with `set_option linter.unusedVariables false`
E:\ABRL\worktrees\research-online-book\runs\online-osd-policy-public-20261007\leaves\neutral-propositions-v1.lean:93:5: warning: unused variable `hloss`

Note: This linter can be disabled with `set_option linter.unusedVariables false`
E:\ABRL\worktrees\research-online-book\runs\online-osd-policy-public-20261007\leaves\neutral-propositions-v1.lean:94:13: warning: unused variable `hu`

Note: This linter can be disabled with `set_option linter.unusedVariables false`
E:\ABRL\worktrees\research-online-book\runs\online-osd-policy-public-20261007\leaves\neutral-propositions-v1.lean:100:51: warning: unused variable `hη`

Note: This linter can be disabled with `set_option linter.unusedVariables false`
E:\ABRL\worktrees\research-online-book\runs\online-osd-policy-public-20261007\leaves\neutral-propositions-v1.lean:101:5: warning: unused variable `hloss`

Note: This linter can be disabled with `set_option linter.unusedVariables false`
E:\ABRL\worktrees\research-online-book\runs\online-osd-policy-public-20261007\leaves\neutral-propositions-v1.lean:102:5: warning: unused variable `hg`

Note: This linter can be disabled with `set_option linter.unusedVariables false`
E:\ABRL\worktrees\research-online-book\runs\online-osd-policy-public-20261007\leaves\neutral-propositions-v1.lean:103:13: warning: unused variable `hu`

Note: This linter can be disabled with `set_option linter.unusedVariables false`
E:\ABRL\worktrees\research-online-book\runs\online-osd-policy-public-20261007\leaves\neutral-propositions-v1.lean:113:51: warning: unused variable `hη`

Note: This linter can be disabled with `set_option linter.unusedVariables false`
E:\ABRL\worktrees\research-online-book\runs\online-osd-policy-public-20261007\leaves\neutral-propositions-v1.lean:114:5: warning: unused variable `hloss`

Note: This linter can be disabled with `set_option linter.unusedVariables false`
E:\ABRL\worktrees\research-online-book\runs\online-osd-policy-public-20261007\leaves\neutral-propositions-v1.lean:115:5: warning: unused variable `hg`

Note: This linter can be disabled with `set_option linter.unusedVariables false`
E:\ABRL\worktrees\research-online-book\runs\online-osd-policy-public-20261007\leaves\neutral-propositions-v1.lean:116:13: warning: unused variable `hu`

Note: This linter can be disabled with `set_option linter.unusedVariables false`
E:\ABRL\worktrees\research-online-book\runs\online-osd-policy-public-20261007\leaves\neutral-propositions-v1.lean:123:35: warning: unused variable `hη`

Note: This linter can be disabled with `set_option linter.unusedVariables false`
E:\ABRL\worktrees\research-online-book\runs\online-osd-policy-public-20261007\leaves\neutral-propositions-v1.lean:125:5: warning: unused variable `hx₁`

Note: This linter can be disabled with `set_option linter.unusedVariables false`
E:\ABRL\worktrees\research-online-book\runs\online-osd-policy-public-20261007\leaves\neutral-propositions-v1.lean:126:5: warning: unused variable `hloss`

Note: This linter can be disabled with `set_option linter.unusedVariables false`
E:\ABRL\worktrees\research-online-book\runs\online-osd-policy-public-20261007\leaves\neutral-propositions-v1.lean:127:5: warning: unused variable `hlegal`

Note: This linter can be disabled with `set_option linter.unusedVariables false`
E:\ABRL\worktrees\research-online-book\runs\online-osd-policy-public-20261007\leaves\neutral-propositions-v1.lean:127:65: warning: unused variable `hu`

Note: This linter can be disabled with `set_option linter.unusedVariables false`
E:\ABRL\worktrees\research-online-book\runs\online-osd-policy-public-20261007\leaves\neutral-propositions-v1.lean:133:35: warning: unused variable `hη`

Note: This linter can be disabled with `set_option linter.unusedVariables false`
E:\ABRL\worktrees\research-online-book\runs\online-osd-policy-public-20261007\leaves\neutral-propositions-v1.lean:135:5: warning: unused variable `hx₁`

Note: This linter can be disabled with `set_option linter.unusedVariables false`
E:\ABRL\worktrees\research-online-book\runs\online-osd-policy-public-20261007\leaves\neutral-propositions-v1.lean:136:5: warning: unused variable `hloss`

Note: This linter can be disabled with `set_option linter.unusedVariables false`
E:\ABRL\worktrees\research-online-book\runs\online-osd-policy-public-20261007\leaves\neutral-propositions-v1.lean:137:5: warning: unused variable `hlegal`

Note: This linter can be disabled with `set_option linter.unusedVariables false`
E:\ABRL\worktrees\research-online-book\runs\online-osd-policy-public-20261007\leaves\neutral-propositions-v1.lean:137:65: warning: unused variable `hu`

Note: This linter can be disabled with `set_option linter.unusedVariables false`
E:\ABRL\worktrees\research-online-book\runs\online-osd-policy-public-20261007\leaves\neutral-propositions-v1.lean:143:43: warning: unused variable `hx₁`

Note: This linter can be disabled with `set_option linter.unusedVariables false`
E:\ABRL\worktrees\research-online-book\runs\online-osd-policy-public-20261007\leaves\neutral-propositions-v1.lean:143:74: warning: unused variable `hT`

Note: This linter can be disabled with `set_option linter.unusedVariables false`
E:\ABRL\worktrees\research-online-book\runs\online-osd-policy-public-20261007\leaves\neutral-propositions-v1.lean:144:5: warning: unused variable `hη`

Note: This linter can be disabled with `set_option linter.unusedVariables false`
E:\ABRL\worktrees\research-online-book\runs\online-osd-policy-public-20261007\leaves\neutral-propositions-v1.lean:144:29: warning: unused variable `hmono`

Note: This linter can be disabled with `set_option linter.unusedVariables false`
E:\ABRL\worktrees\research-online-book\runs\online-osd-policy-public-20261007\leaves\neutral-propositions-v1.lean:145:5: warning: unused variable `hloss`

Note: This linter can be disabled with `set_option linter.unusedVariables false`
E:\ABRL\worktrees\research-online-book\runs\online-osd-policy-public-20261007\leaves\neutral-propositions-v1.lean:146:5: warning: unused variable `hlegal`

Note: This linter can be disabled with `set_option linter.unusedVariables false`
E:\ABRL\worktrees\research-online-book\runs\online-osd-policy-public-20261007\leaves\neutral-propositions-v1.lean:147:5: warning: unused variable `hdiam`

Note: This linter can be disabled with `set_option linter.unusedVariables false`
E:\ABRL\worktrees\research-online-book\runs\online-osd-policy-public-20261007\leaves\neutral-propositions-v1.lean:148:13: warning: unused variable `hu`

Note: This linter can be disabled with `set_option linter.unusedVariables false`
E:\ABRL\worktrees\research-online-book\runs\online-osd-policy-public-20261007\leaves\neutral-propositions-v1.lean:155:43: warning: unused variable `hx₁`

Note: This linter can be disabled with `set_option linter.unusedVariables false`
E:\ABRL\worktrees\research-online-book\runs\online-osd-policy-public-20261007\leaves\neutral-propositions-v1.lean:155:74: warning: unused variable `hT`

Note: This linter can be disabled with `set_option linter.unusedVariables false`
E:\ABRL\worktrees\research-online-book\runs\online-osd-policy-public-20261007\leaves\neutral-propositions-v1.lean:156:5: warning: unused variable `hη`

Note: This linter can be disabled with `set_option linter.unusedVariables false`
E:\ABRL\worktrees\research-online-book\runs\online-osd-policy-public-20261007\leaves\neutral-propositions-v1.lean:156:29: warning: unused variable `hmono`

Note: This linter can be disabled with `set_option linter.unusedVariables false`
E:\ABRL\worktrees\research-online-book\runs\online-osd-policy-public-20261007\leaves\neutral-propositions-v1.lean:157:5: warning: unused variable `hloss`

Note: This linter can be disabled with `set_option linter.unusedVariables false`
E:\ABRL\worktrees\research-online-book\runs\online-osd-policy-public-20261007\leaves\neutral-propositions-v1.lean:158:5: warning: unused variable `hlegal`

Note: This linter can be disabled with `set_option linter.unusedVariables false`
E:\ABRL\worktrees\research-online-book\runs\online-osd-policy-public-20261007\leaves\neutral-propositions-v1.lean:158:46: warning: unused variable `hV`

Note: This linter can be disabled with `set_option linter.unusedVariables false`
E:\ABRL\worktrees\research-online-book\runs\online-osd-policy-public-20261007\leaves\neutral-propositions-v1.lean:158:91: warning: unused variable `hu`

Note: This linter can be disabled with `set_option linter.unusedVariables false`
E:\ABRL\worktrees\research-online-book\runs\online-osd-policy-public-20261007\leaves\neutral-propositions-v1.lean:165:43: warning: unused variable `hx₁`

Note: This linter can be disabled with `set_option linter.unusedVariables false`
E:\ABRL\worktrees\research-online-book\runs\online-osd-policy-public-20261007\leaves\neutral-propositions-v1.lean:166:13: warning: unused variable `hT`

Note: This linter can be disabled with `set_option linter.unusedVariables false`
E:\ABRL\worktrees\research-online-book\runs\online-osd-policy-public-20261007\leaves\neutral-propositions-v1.lean:166:36: warning: unused variable `hD`

Note: This linter can be disabled with `set_option linter.unusedVariables false`
E:\ABRL\worktrees\research-online-book\runs\online-osd-policy-public-20261007\leaves\neutral-propositions-v1.lean:166:49: warning: unused variable `hG`

Note: This linter can be disabled with `set_option linter.unusedVariables false`
E:\ABRL\worktrees\research-online-book\runs\online-osd-policy-public-20261007\leaves\neutral-propositions-v1.lean:167:5: warning: unused variable `hloss`

Note: This linter can be disabled with `set_option linter.unusedVariables false`
E:\ABRL\worktrees\research-online-book\runs\online-osd-policy-public-20261007\leaves\neutral-propositions-v1.lean:168:5: warning: unused variable `hlegal`

Note: This linter can be disabled with `set_option linter.unusedVariables false`
E:\ABRL\worktrees\research-online-book\runs\online-osd-policy-public-20261007\leaves\neutral-propositions-v1.lean:168:85: warning: unused variable `hu`

Note: This linter can be disabled with `set_option linter.unusedVariables false`
E:\ABRL\worktrees\research-online-book\runs\online-osd-policy-public-20261007\leaves\neutral-propositions-v1.lean:169:5: warning: unused variable `hdist`

Note: This linter can be disabled with `set_option linter.unusedVariables false`
E:\ABRL\worktrees\research-online-book\runs\online-osd-policy-public-20261007\leaves\neutral-propositions-v1.lean:170:5: warning: unused variable `hgrad`

Note: This linter can be disabled with `set_option linter.unusedVariables false`
E:\ABRL\worktrees\research-online-book\runs\online-osd-policy-public-20261007\leaves\neutral-propositions-v1.lean:175:43: warning: unused variable `hx₁`

Note: This linter can be disabled with `set_option linter.unusedVariables false`
E:\ABRL\worktrees\research-online-book\runs\online-osd-policy-public-20261007\leaves\neutral-propositions-v1.lean:176:13: warning: unused variable `hT`

Note: This linter can be disabled with `set_option linter.unusedVariables false`
E:\ABRL\worktrees\research-online-book\runs\online-osd-policy-public-20261007\leaves\neutral-propositions-v1.lean:176:36: warning: unused variable `hD`

Note: This linter can be disabled with `set_option linter.unusedVariables false`
E:\ABRL\worktrees\research-online-book\runs\online-osd-policy-public-20261007\leaves\neutral-propositions-v1.lean:176:49: warning: unused variable `hG`

Note: This linter can be disabled with `set_option linter.unusedVariables false`
E:\ABRL\worktrees\research-online-book\runs\online-osd-policy-public-20261007\leaves\neutral-propositions-v1.lean:177:5: warning: unused variable `hloss`

Note: This linter can be disabled with `set_option linter.unusedVariables false`
E:\ABRL\worktrees\research-online-book\runs\online-osd-policy-public-20261007\leaves\neutral-propositions-v1.lean:178:5: warning: unused variable `hlegal`

Note: This linter can be disabled with `set_option linter.unusedVariables false`
E:\ABRL\worktrees\research-online-book\runs\online-osd-policy-public-20261007\leaves\neutral-propositions-v1.lean:179:5: warning: unused variable `hdiam`

Note: This linter can be disabled with `set_option linter.unusedVariables false`
E:\ABRL\worktrees\research-online-book\runs\online-osd-policy-public-20261007\leaves\neutral-propositions-v1.lean:180:5: warning: unused variable `hgrad`

Note: This linter can be disabled with `set_option linter.unusedVariables false`
E:\ABRL\worktrees\research-online-book\runs\online-osd-policy-public-20261007\leaves\neutral-propositions-v1.lean:184:9: warning: unused variable `instFD`

Note: This linter can be disabled with `set_option linter.unusedVariables false`
structure BanditRL.OnlineGradientDescent.Domain.{u_2} (E : Type u_2) [NormedAddCommGroup E] [InnerProductSpace ℝ E] :
  Type u_2
number of parameters: 3
fields:
  BanditRL.OnlineGradientDescent.Domain.carrier : Set E
  BanditRL.OnlineGradientDescent.Domain.nonempty : self.carrier.Nonempty
  BanditRL.OnlineGradientDescent.Domain.closed : IsClosed self.carrier
  BanditRL.OnlineGradientDescent.Domain.convex : Convex ℝ self.carrier
constructor:
  BanditRL.OnlineGradientDescent.Domain.mk.{u_2} {E : Type u_2} [NormedAddCommGroup E] [InnerProductSpace ℝ E]
    (carrier : Set E) (nonempty : carrier.Nonempty) (closed : IsClosed carrier) (convex : Convex ℝ carrier) :
    BanditRL.OnlineGradientDescent.Domain E
@BanditRL.OnlineGradientDescent.project_spec : ∀ {E : Type u_2} [inst : NormedAddCommGroup E]
  [inst_1 : InnerProductSpace ℝ E] [inst_2 : CompleteSpace E] (V : BanditRL.OnlineGradientDescent.Domain E) (z : E),
  BanditRL.OnlineGradientDescent.project V z ∈ V.carrier ∧
    ‖z - BanditRL.OnlineGradientDescent.project V z‖ = ⨅ w, ‖z - ↑w‖
def BanditRL.OnlineConvex.SourceProper.{u_1} : {E : Type u_1} → (E → EReal) → Prop :=
fun {E} f => (∀ (x : E), f x ≠ ⊥) ∧ ∃ x r, f x = ↑r
def BanditRL.OnlineConvex.SourceSubdifferential.{u_1} : {E : Type u_1} →
  [inst : NormedAddCommGroup E] → [InnerProductSpace ℝ E] → (E → EReal) → E → Set E :=
fun {E} [NormedAddCommGroup E] [InnerProductSpace ℝ E] f x => {g | ∀ (y : E), f x + ↑(inner ℝ g (y - x)) ≤ f y}
def BanditRL.OnlineSubgradientDescent.SubdifferentiableOn.{u_1} : {E : Type u_1} →
  [inst : NormedAddCommGroup E] →
    [inst_1 : InnerProductSpace ℝ E] → BanditRL.OnlineSubgradientDescent.Domain → (E → EReal) → Prop :=
fun {E} [NormedAddCommGroup E] [InnerProductSpace ℝ E] V f =>
  SourceProper f ∧ ∀ x ∈ V.carrier, (SourceSubdifferential f x).Nonempty
def BanditRL.OnlineSubgradientDescent.currentSubgradient.{u_1} : {E : Type u_1} →
  [inst : NormedAddCommGroup E] → [InnerProductSpace ℝ E] → (E → EReal) → E → E :=
fun {E} [NormedAddCommGroup E] [InnerProductSpace ℝ E] f x =>
  if h : (SourceSubdifferential f x).Nonempty then Classical.choose h else 0
def BanditRL.OnlineSubgradientDescent.step.{u_1} : {E : Type u_1} →
  [inst : NormedAddCommGroup E] →
    [inst_1 : InnerProductSpace ℝ E] →
      [FiniteDimensional ℝ E] → BanditRL.OnlineSubgradientDescent.Domain → ℝ → (E → EReal) → E → E :=
fun {E} [NormedAddCommGroup E] [InnerProductSpace ℝ E] [FiniteDimensional ℝ E] V η f x =>
  BanditRL.OnlineGradientDescent.project V (x - η • BanditRL.OnlineSubgradientDescent.currentSubgradient f x)
def BanditRL.OnlineSubgradientDescent.iterate.{u_1} : {E : Type u_1} →
  [inst : NormedAddCommGroup E] →
    [inst_1 : InnerProductSpace ℝ E] →
      [FiniteDimensional ℝ E] → BanditRL.OnlineSubgradientDescent.Domain → (ℕ → ℝ) → (ℕ → E → EReal) → E → ℕ → E :=
fun {E} [NormedAddCommGroup E] [InnerProductSpace ℝ E] [FiniteDimensional ℝ E] V η loss x₁ x =>
  Nat.brecOn x fun x f =>
    (match (motive := (x : ℕ) → Nat.below x → E) x with
      | 0 => fun x => x₁
      | t.succ => fun x => BanditRL.OnlineSubgradientDescent.step V (η t) (loss t) x.1)
      f
def EReal.toReal : EReal → ℝ :=
fun x =>
  match x with
  | none => 0
  | some none => 0
  | some (some x) => x
def Metric.diam.{u} : {α : Type u} → [PseudoMetricSpace α] → Set α → ℝ :=
fun {α} [PseudoMetricSpace α] s => (Metric.ediam s).toReal
def NeutralHistory.P01.{u_1} : {E : Type u_1} →
  [inst : NormedAddCommGroup E] → [inst_1 : InnerProductSpace ℝ E] → [instFD : FiniteDimensional ℝ E] → Prop :=
fun {E} [NormedAddCommGroup E] [InnerProductSpace ℝ E] [FiniteDimensional ℝ E] =>
  ∀ (V : Domain) (η : ℕ → ℝ) (loss : ℕ → E → EReal) (x₁ : E) (p : SupportPolicy), history V η loss x₁ p 0 = fun x => x₁
def NeutralHistory.P02.{u_1} : {E : Type u_1} →
  [inst : NormedAddCommGroup E] → [inst_1 : InnerProductSpace ℝ E] → [instFD : FiniteDimensional ℝ E] → Prop :=
fun {E} [NormedAddCommGroup E] [InnerProductSpace ℝ E] [FiniteDimensional ℝ E] =>
  ∀ (V : Domain) (η : ℕ → ℝ) (loss : ℕ → E → EReal) (x₁ : E) (p : SupportPolicy) (t : ℕ),
    history V η loss x₁ p (t + 1) =
      Fin.snoc (history V η loss x₁ p t)
        (BanditRL.OnlineGradientDescent.project V (output V η loss x₁ p t - η t • selected V η loss x₁ p t))
def NeutralHistory.P03.{u_1} : {E : Type u_1} →
  [inst : NormedAddCommGroup E] → [inst_1 : InnerProductSpace ℝ E] → [instFD : FiniteDimensional ℝ E] → Prop :=
fun {E} [NormedAddCommGroup E] [InnerProductSpace ℝ E] [FiniteDimensional ℝ E] =>
  ∀ (V : Domain) (η : ℕ → ℝ) (loss : ℕ → E → EReal) (x₁ : E) (p : SupportPolicy), output V η loss x₁ p 0 = x₁
def NeutralHistory.P04.{u_1} : {E : Type u_1} →
  [inst : NormedAddCommGroup E] → [inst_1 : InnerProductSpace ℝ E] → [instFD : FiniteDimensional ℝ E] → Prop :=
fun {E} [NormedAddCommGroup E] [InnerProductSpace ℝ E] [FiniteDimensional ℝ E] =>
  ∀ (V : Domain) (η : ℕ → ℝ) (loss : ℕ → E → EReal) (x₁ : E) (p : SupportPolicy) (t : ℕ),
    output V η loss x₁ p (t + 1) =
      BanditRL.OnlineGradientDescent.project V (output V η loss x₁ p t - η t • selected V η loss x₁ p t)
def NeutralHistory.P05.{u_1} : {E : Type u_1} →
  [inst : NormedAddCommGroup E] → [inst_1 : InnerProductSpace ℝ E] → [instFD : FiniteDimensional ℝ E] → Prop :=
fun {E} [NormedAddCommGroup E] [InnerProductSpace ℝ E] [FiniteDimensional ℝ E] =>
  ∀ (V : Domain) (η : ℕ → ℝ) (loss : ℕ → E → EReal) (x₁ : E) (p : SupportPolicy),
    x₁ ∈ V.carrier → ∀ (t : ℕ) (i : Fin (t + 1)), history V η loss x₁ p t i ∈ V.carrier
def NeutralHistory.P06.{u_1} : {E : Type u_1} →
  [inst : NormedAddCommGroup E] → [inst_1 : InnerProductSpace ℝ E] → [instFD : FiniteDimensional ℝ E] → Prop :=
fun {E} [NormedAddCommGroup E] [InnerProductSpace ℝ E] [FiniteDimensional ℝ E] =>
  ∀ (V : Domain) (η : ℕ → ℝ) (loss : ℕ → E → EReal) (x₁ : E) (p : SupportPolicy),
    x₁ ∈ V.carrier → ∀ (t : ℕ), output V η loss x₁ p t ∈ V.carrier
def NeutralHistory.P07.{u_1} : {E : Type u_1} →
  [inst : NormedAddCommGroup E] → [inst_1 : InnerProductSpace ℝ E] → [instFD : FiniteDimensional ℝ E] → Prop :=
fun {E} [NormedAddCommGroup E] [InnerProductSpace ℝ E] [FiniteDimensional ℝ E] =>
  ∀ (V : Domain) (η η' : ℕ → ℝ) (loss loss' : ℕ → E → EReal) (x₁ : E) (p : SupportPolicy) (t : ℕ),
    (∀ s < t, η s = η' s) → (∀ s < t, loss s = loss' s) → history V η loss x₁ p t = history V η' loss' x₁ p t
def NeutralHistory.P08.{u_1} : {E : Type u_1} →
  [inst : NormedAddCommGroup E] → [inst_1 : InnerProductSpace ℝ E] → [instFD : FiniteDimensional ℝ E] → Prop :=
fun {E} [NormedAddCommGroup E] [InnerProductSpace ℝ E] [FiniteDimensional ℝ E] =>
  ∀ (V : Domain) (η η' : ℕ → ℝ) (loss loss' : ℕ → E → EReal) (x₁ : E) (p : SupportPolicy) (t : ℕ),
    (∀ s < t, η s = η' s) → (∀ s < t, loss s = loss' s) → output V η loss x₁ p t = output V η' loss' x₁ p t
def NeutralHistory.P09.{u_1} : {E : Type u_1} →
  [inst : NormedAddCommGroup E] → [inst_1 : InnerProductSpace ℝ E] → [instFD : FiniteDimensional ℝ E] → Prop :=
fun {E} [NormedAddCommGroup E] [InnerProductSpace ℝ E] [FiniteDimensional ℝ E] =>
  ∀ (V : Domain) (η : ℕ → ℝ) (loss : ℕ → E → EReal) (x₁ : E) (p : SupportPolicy),
    x₁ ∈ V.carrier →
      ∀ (T : ℕ),
        OracleLaw V p →
          (∀ t < T, BanditRL.OnlineSubgradientDescent.SubdifferentiableOn V (loss t)) → LegalFeedback V η loss x₁ p T
def NeutralHistory.P10.{u_1} : {E : Type u_1} →
  [inst : NormedAddCommGroup E] → [inst_1 : InnerProductSpace ℝ E] → [instFD : FiniteDimensional ℝ E] → Prop :=
fun {E} [NormedAddCommGroup E] [InnerProductSpace ℝ E] [FiniteDimensional ℝ E] =>
  ∀ (V : Domain) (η : ℕ → ℝ) (loss : ℕ → E → EReal) (x₁ : E) (p : SupportPolicy),
    x₁ ∈ V.carrier →
      ∀ (t : ℕ),
        BanditRL.OnlineSubgradientDescent.SubdifferentiableOn V (loss t) →
          ∀ u ∈ V.carrier,
            loss t (output V η loss x₁ p t) = ↑(loss t (output V η loss x₁ p t)).toReal ∧ loss t u = ↑(loss t u).toReal
def NeutralHistory.P11.{u_1} : {E : Type u_1} →
  [inst : NormedAddCommGroup E] → [inst_1 : InnerProductSpace ℝ E] → [instFD : FiniteDimensional ℝ E] → Prop :=
fun {E} [NormedAddCommGroup E] [InnerProductSpace ℝ E] [FiniteDimensional ℝ E] =>
  ∀ (V : Domain) (η : ℕ → ℝ) (loss : ℕ → E → EReal) (x₁ : E) (p : SupportPolicy) (t : ℕ),
    0 < η t →
      BanditRL.OnlineSubgradientDescent.SubdifferentiableOn V (loss t) →
        selected V η loss x₁ p t ∈ SourceSubdifferential (loss t) (output V η loss x₁ p t) →
          ∀ u ∈ V.carrier,
            η t * ((loss t (output V η loss x₁ p t)).toReal - (loss t u).toReal) ≤
                η t * inner ℝ (selected V η loss x₁ p t) (output V η loss x₁ p t - u) ∧
              η t * inner ℝ (selected V η loss x₁ p t) (output V η loss x₁ p t - u) ≤
                ‖output V η loss x₁ p t - u‖ ^ 2 / 2 - ‖output V η loss x₁ p (t + 1) - u‖ ^ 2 / 2 +
                  η t ^ 2 / 2 * ‖selected V η loss x₁ p t‖ ^ 2
def NeutralHistory.P12.{u_1} : {E : Type u_1} →
  [inst : NormedAddCommGroup E] → [inst_1 : InnerProductSpace ℝ E] → [instFD : FiniteDimensional ℝ E] → Prop :=
fun {E} [NormedAddCommGroup E] [InnerProductSpace ℝ E] [FiniteDimensional ℝ E] =>
  ∀ (V : Domain) (η : ℕ → ℝ) (loss : ℕ → E → EReal) (x₁ : E) (p : SupportPolicy) (t : ℕ),
    0 < η t →
      BanditRL.OnlineSubgradientDescent.SubdifferentiableOn V (loss t) →
        selected V η loss x₁ p t ∈ SourceSubdifferential (loss t) (output V η loss x₁ p t) →
          ∀ u ∈ V.carrier,
            (loss t (output V η loss x₁ p t)).toReal - (loss t u).toReal ≤
              (‖output V η loss x₁ p t - u‖ ^ 2 - ‖output V η loss x₁ p (t + 1) - u‖ ^ 2) / (2 * η t) +
                η t / 2 * ‖selected V η loss x₁ p t‖ ^ 2
def NeutralHistory.P13.{u_1} : {E : Type u_1} →
  [inst : NormedAddCommGroup E] → [inst_1 : InnerProductSpace ℝ E] → [instFD : FiniteDimensional ℝ E] → Prop :=
fun {E} [NormedAddCommGroup E] [InnerProductSpace ℝ E] [FiniteDimensional ℝ E] =>
  ∀ (V : Domain) (η : ℝ),
    0 < η →
      ∀ (loss : ℕ → E → EReal) (x₁ : E) (p : SupportPolicy),
        x₁ ∈ V.carrier →
          ∀ (T : ℕ),
            (∀ t < T, BanditRL.OnlineSubgradientDescent.SubdifferentiableOn V (loss t)) →
              LegalFeedback V (fun x => η) loss x₁ p T →
                ∀ u ∈ V.carrier,
                  regret V (fun x => η) loss x₁ p u T ≤
                    ‖x₁ - u‖ ^ 2 / (2 * η) + η / 2 * ∑ t ∈ Finset.range T, ‖selected V (fun x => η) loss x₁ p t‖ ^ 2 -
                      ‖output V (fun x => η) loss x₁ p T - u‖ ^ 2 / (2 * η)
def NeutralHistory.P14.{u_1} : {E : Type u_1} →
  [inst : NormedAddCommGroup E] → [inst_1 : InnerProductSpace ℝ E] → [instFD : FiniteDimensional ℝ E] → Prop :=
fun {E} [NormedAddCommGroup E] [InnerProductSpace ℝ E] [FiniteDimensional ℝ E] =>
  ∀ (V : Domain) (η : ℝ),
    0 < η →
      ∀ (loss : ℕ → E → EReal) (x₁ : E) (p : SupportPolicy),
        x₁ ∈ V.carrier →
          ∀ (T : ℕ),
            (∀ t < T, BanditRL.OnlineSubgradientDescent.SubdifferentiableOn V (loss t)) →
              LegalFeedback V (fun x => η) loss x₁ p T →
                ∀ u ∈ V.carrier,
                  regret V (fun x => η) loss x₁ p u T ≤
                    ‖x₁ - u‖ ^ 2 / (2 * η) + η / 2 * ∑ t ∈ Finset.range T, ‖selected V (fun x => η) loss x₁ p t‖ ^ 2
def NeutralHistory.P15.{u_1} : {E : Type u_1} →
  [inst : NormedAddCommGroup E] → [inst_1 : InnerProductSpace ℝ E] → [instFD : FiniteDimensional ℝ E] → Prop :=
fun {E} [NormedAddCommGroup E] [InnerProductSpace ℝ E] [FiniteDimensional ℝ E] =>
  ∀ (V : Domain) (η : ℕ → ℝ) (loss : ℕ → E → EReal) (x₁ : E) (p : SupportPolicy),
    x₁ ∈ V.carrier →
      ∀ (T : ℕ),
        0 < T →
          (∀ t < T, 0 < η t) →
            (∀ (t : ℕ), t + 1 < T → η (t + 1) ≤ η t) →
              (∀ t < T, BanditRL.OnlineSubgradientDescent.SubdifferentiableOn V (loss t)) →
                LegalFeedback V η loss x₁ p T →
                  ∀ (D : ℝ),
                    (∀ x ∈ V.carrier, ∀ y ∈ V.carrier, ‖x - y‖ ≤ D) →
                      ∀ u ∈ V.carrier,
                        regret V η loss x₁ p u T ≤
                          D ^ 2 / (2 * η (T - 1)) + ∑ t ∈ Finset.range T, η t / 2 * ‖selected V η loss x₁ p t‖ ^ 2 -
                            ‖output V η loss x₁ p T - u‖ ^ 2 / (2 * η (T - 1))
def NeutralHistory.P16.{u_1} : {E : Type u_1} →
  [inst : NormedAddCommGroup E] → [inst_1 : InnerProductSpace ℝ E] → [instFD : FiniteDimensional ℝ E] → Prop :=
fun {E} [NormedAddCommGroup E] [InnerProductSpace ℝ E] [FiniteDimensional ℝ E] =>
  ∀ (V : Domain) (η : ℕ → ℝ) (loss : ℕ → E → EReal) (x₁ : E) (p : SupportPolicy),
    x₁ ∈ V.carrier →
      ∀ (T : ℕ),
        0 < T →
          (∀ t < T, 0 < η t) →
            (∀ (t : ℕ), t + 1 < T → η (t + 1) ≤ η t) →
              (∀ t < T, BanditRL.OnlineSubgradientDescent.SubdifferentiableOn V (loss t)) →
                LegalFeedback V η loss x₁ p T →
                  Bornology.IsBounded V.carrier →
                    ∀ u ∈ V.carrier,
                      regret V η loss x₁ p u T ≤
                        Metric.diam V.carrier ^ 2 / (2 * η (T - 1)) +
                            ∑ t ∈ Finset.range T, η t / 2 * ‖selected V η loss x₁ p t‖ ^ 2 -
                          ‖output V η loss x₁ p T - u‖ ^ 2 / (2 * η (T - 1))
def NeutralHistory.P17.{u_1} : {E : Type u_1} →
  [inst : NormedAddCommGroup E] → [inst_1 : InnerProductSpace ℝ E] → [instFD : FiniteDimensional ℝ E] → Prop :=
fun {E} [NormedAddCommGroup E] [InnerProductSpace ℝ E] [FiniteDimensional ℝ E] =>
  ∀ (V : Domain) (loss : ℕ → E → EReal) (x₁ : E) (p : SupportPolicy),
    x₁ ∈ V.carrier →
      ∀ (T : ℕ),
        0 < T →
          ∀ (D G : ℝ),
            0 < D →
              0 < G →
                (∀ t < T, BanditRL.OnlineSubgradientDescent.SubdifferentiableOn V (loss t)) →
                  LegalFeedback V (fun x => D / (G * √↑T)) loss x₁ p T →
                    ∀ u ∈ V.carrier,
                      ‖x₁ - u‖ ≤ D →
                        (∀ t < T, ‖selected V (fun x => D / (G * √↑T)) loss x₁ p t‖ ≤ G) →
                          regret V (fun x => D / (G * √↑T)) loss x₁ p u T ≤ D * G * √↑T
def NeutralHistory.P18.{u_1} : {E : Type u_1} →
  [inst : NormedAddCommGroup E] → [inst_1 : InnerProductSpace ℝ E] → [instFD : FiniteDimensional ℝ E] → Prop :=
fun {E} [NormedAddCommGroup E] [InnerProductSpace ℝ E] [FiniteDimensional ℝ E] =>
  ∀ (V : Domain) (loss : ℕ → E → EReal) (x₁ : E) (p : SupportPolicy),
    x₁ ∈ V.carrier →
      ∀ (T : ℕ),
        0 < T →
          ∀ (D G : ℝ),
            0 < D →
              0 < G →
                (∀ t < T, BanditRL.OnlineSubgradientDescent.SubdifferentiableOn V (loss t)) →
                  LegalFeedback V (fun x => D / (G * √↑T)) loss x₁ p T →
                    (∀ x ∈ V.carrier, ∀ y ∈ V.carrier, ‖x - y‖ ≤ D) →
                      (∀ t < T, ‖selected V (fun x => D / (G * √↑T)) loss x₁ p t‖ ≤ G) →
                        ∀ u ∈ V.carrier, regret V (fun x => D / (G * √↑T)) loss x₁ p u T ≤ D * G * √↑T
def NeutralHistory.P19.{u_1} : {E : Type u_1} →
  [inst : NormedAddCommGroup E] → [inst_1 : InnerProductSpace ℝ E] → [instFD : FiniteDimensional ℝ E] → Prop :=
fun {E} [NormedAddCommGroup E] [InnerProductSpace ℝ E] [FiniteDimensional ℝ E] =>
  ∀ (V : Domain), OracleLaw V canonicalPolicy
def NeutralHistory.P20.{u_1} : {E : Type u_1} →
  [inst : NormedAddCommGroup E] → [inst_1 : InnerProductSpace ℝ E] → [instFD : FiniteDimensional ℝ E] → Prop :=
fun {E} [NormedAddCommGroup E] [InnerProductSpace ℝ E] [FiniteDimensional ℝ E] =>
  ∀ (V : Domain) (η : ℕ → ℝ) (loss : ℕ → E → EReal) (x₁ : E) (t : ℕ),
    output V η loss x₁ canonicalPolicy t = BanditRL.OnlineSubgradientDescent.iterate V η loss x₁ t
def NeutralHistory.P21.{u_1} : {E : Type u_1} →
  [inst : NormedAddCommGroup E] → [inst_1 : InnerProductSpace ℝ E] → [instFD : FiniteDimensional ℝ E] → Prop :=
fun {E} [NormedAddCommGroup E] [InnerProductSpace ℝ E] [FiniteDimensional ℝ E] =>
  ∀ (V : Domain) (η : ℕ → ℝ) (loss : ℕ → E → EReal) (x₁ : E) (t : ℕ),
    selected V η loss x₁ canonicalPolicy t =
      BanditRL.OnlineSubgradientDescent.currentSubgradient (loss t)
        (BanditRL.OnlineSubgradientDescent.iterate V η loss x₁ t)
