actual-all-public-types-v1-01 exit 0 seconds 10.391
public-all-axioms-v1-01 exit 0 seconds 58.046
compiled-public-graph-v1-01 exit 0 seconds 111.828
public-fence-history_zero-v1 exit 0 seconds 0.218
public-safe-history_zero-v1 exit 0 seconds 0.203
public-fence-history_succ-v1 exit 0 seconds 0.219
public-safe-history_succ-v1 exit 0 seconds 0.219
public-fence-output_zero-v1 exit 0 seconds 0.219
public-safe-output_zero-v1 exit 0 seconds 0.234
public-fence-output_succ-v1 exit 0 seconds 0.219
public-safe-output_succ-v1 exit 0 seconds 0.219
public-fence-history_mem-v1 exit 0 seconds 0.234
public-safe-history_mem-v1 exit 0 seconds 0.203
public-fence-output_mem-v1 exit 0 seconds 0.218
public-safe-output_mem-v1 exit 0 seconds 0.219
public-fence-history_prefix-v1 exit 0 seconds 0.204
public-safe-history_prefix-v1 exit 0 seconds 0.219
public-fence-output_prefix-v1 exit 0 seconds 0.218
public-safe-output_prefix-v1 exit 0 seconds 0.219
public-fence-oracle_feedback-v1 exit 0 seconds 0.203
public-safe-oracle_feedback-v1 exit 0 seconds 0.219
public-fence-trajectory_finite_loss-v1 exit 0 seconds 0.219
public-safe-trajectory_finite_loss-v1 exit 0 seconds 0.219
public-fence-one_step_chain-v1 exit 0 seconds 0.218
public-safe-one_step_chain-v1 exit 0 seconds 0.203
public-fence-one_step-v1 exit 0 seconds 0.203
public-safe-one_step-v1 exit 0 seconds 0.219
public-fence-regret_fixed-v1 exit 0 seconds 0.204
public-safe-regret_fixed-v1 exit 0 seconds 0.219
public-fence-regret_fixed_coarse-v1 exit 0 seconds 0.219
public-safe-regret_fixed_coarse-v1 exit 0 seconds 0.218
public-fence-regret_variable_bound-v1 exit 0 seconds 0.219
public-safe-regret_variable_bound-v1 exit 0 seconds 0.219
public-fence-regret_variable-v1 exit 0 seconds 0.203
public-safe-regret_variable-v1 exit 0 seconds 0.218
public-fence-regret_tuned_distance-v1 exit 0 seconds 0.203
public-safe-regret_tuned_distance-v1 exit 0 seconds 0.218
public-fence-regret_tuned-v1 exit 0 seconds 0.203
public-safe-regret_tuned-v1 exit 0 seconds 0.219
public-fence-canonicalPolicy_legal-v1 exit 0 seconds 0.218
public-safe-canonicalPolicy_legal-v1 exit 0 seconds 0.219
public-fence-canonical_output-v1 exit 0 seconds 0.203
public-safe-canonical_output-v1 exit 0 seconds 0.219
public-fence-canonical_selected-v1 exit 0 seconds 0.219
public-safe-canonical_selected-v1 exit 0 seconds 0.203
compiled-worker-trial-v1 exit 0 seconds 0.203
Existing21 public/full74canary actual122 kernel checks21 guards/selected122 nodes/10120 directrefs/32 required valuepairs passed; distinct BODY pending, newproofs0.
