help-lifecycle-event-v1-01 exit 0 seconds 0.219
help-trial-log-v1-01 exit 0 seconds 0.219
help-statement-fence-v1-01 exit 0 seconds 0.219
help-safe-verify-v1-01 exit 0 seconds 0.218
help-frontier-refresh-v1-01 exit 0 seconds 0.219
help-frontier-shadow-v1-01 exit 0 seconds 0.203
help-retrieval-record-v1-01 exit 0 seconds 0.203
help-reference-index-v1-01 exit 0 seconds 0.203
help-list-lean-decls-v1-01 exit 0 seconds 0.204
actual-public-types-v1-01 exit 0 seconds 11.094
neutral-propositions-v1-01 exit 0 seconds 10.781
full-context-comparison-v1-01 exit 0 seconds 11.579
decl-policy-v1-01 exit 0 seconds 5.656
memory-policy-v1-01 exit 0 seconds 5.828
mathlib-cards-v1-01 exit 0 seconds 0.204
weapons-v1-01 exit 0 seconds 0.203
retrieval-record-v1-01 exit 0 seconds 0.219
draft-lifecycle-v1 exit 0 seconds 0.219
wrote runs/online-osd-policy-public-20261007/retrieval-snapshot-v1/lml_bandit_cards.json
wrote runs/online-osd-policy-public-20261007/retrieval-snapshot-v1/mathlib_bandit_cards.json
wrote runs/online-osd-policy-public-20261007/retrieval-snapshot-v1/bandit_textbook_cards.json
wrote runs/online-osd-policy-public-20261007/retrieval-snapshot-v1/bandit_paper_cards.json
wrote runs/online-osd-policy-public-20261007/retrieval-snapshot-v1/bandit_scenario_cards.json
wrote runs/online-osd-policy-public-20261007/retrieval-snapshot-v1/proof_weapon_cards.json
wrote runs/online-osd-policy-public-20261007/retrieval-snapshot-v1/local_leaf_cards.json
wrote runs/online-osd-policy-public-20261007/retrieval-snapshot-v1/local_lean_declarations.json
wrote runs/online-osd-policy-public-20261007/reference-index-manifest-v1.md
Current21 exact neutral targets and existing producer retrieval ready; distinct decoder/CONTRACT pending.
