'BanditRL.OnlineSubgradientPolicy.history_zero' depends on axioms: [propext, Classical.choice, Quot.sound]
'BanditRL.OnlineSubgradientPolicy.history_succ' depends on axioms: [propext, Classical.choice, Quot.sound]
'BanditRL.OnlineSubgradientPolicy.output_zero' depends on axioms: [propext, Classical.choice, Quot.sound]
'BanditRL.OnlineSubgradientPolicy.output_succ' depends on axioms: [propext, Classical.choice, Quot.sound]
'BanditRL.OnlineSubgradientPolicy.history_mem' depends on axioms: [propext, Classical.choice, Quot.sound]
'BanditRL.OnlineSubgradientPolicy.output_mem' depends on axioms: [propext, Classical.choice, Quot.sound]
'BanditRL.OnlineSubgradientPolicy.history_prefix' depends on axioms: [propext, Classical.choice, Quot.sound]
'BanditRL.OnlineSubgradientPolicy.output_prefix' depends on axioms: [propext, Classical.choice, Quot.sound]
'BanditRL.OnlineSubgradientPolicy.oracle_feedback' depends on axioms: [propext, Classical.choice, Quot.sound]
'BanditRL.OnlineSubgradientPolicy.trajectory_finite_loss' depends on axioms: [propext, Classical.choice, Quot.sound]
'BanditRL.OnlineSubgradientPolicy.one_step_chain' depends on axioms: [propext, Classical.choice, Quot.sound]
'BanditRL.OnlineSubgradientPolicy.one_step' depends on axioms: [propext, Classical.choice, Quot.sound]
'BanditRL.OnlineSubgradientPolicy.regret_fixed' depends on axioms: [propext, Classical.choice, Quot.sound]
'BanditRL.OnlineSubgradientPolicy.regret_fixed_coarse' depends on axioms: [propext, Classical.choice, Quot.sound]
'BanditRL.OnlineSubgradientPolicy.regret_variable_bound' depends on axioms: [propext, Classical.choice, Quot.sound]
'BanditRL.OnlineSubgradientPolicy.regret_variable' depends on axioms: [propext, Classical.choice, Quot.sound]
'BanditRL.OnlineSubgradientPolicy.regret_tuned_distance' depends on axioms: [propext, Classical.choice, Quot.sound]
'BanditRL.OnlineSubgradientPolicy.regret_tuned' depends on axioms: [propext, Classical.choice, Quot.sound]
'BanditRL.OnlineSubgradientPolicy.canonicalPolicy_legal' depends on axioms: [propext, Classical.choice, Quot.sound]
'BanditRL.OnlineSubgradientPolicy.canonical_output' depends on axioms: [propext, Classical.choice, Quot.sound]
'BanditRL.OnlineSubgradientPolicy.canonical_selected' depends on axioms: [propext, Classical.choice, Quot.sound]
'BanditRL.OnlineSubgradientPolicy.history' depends on axioms: [propext, Classical.choice, Quot.sound]
'BanditRL.OnlineSubgradientPolicy.output' depends on axioms: [propext, Classical.choice, Quot.sound]
'BanditRL.OnlineSubgradientPolicy.selected' depends on axioms: [propext, Classical.choice, Quot.sound]
'BanditRL.OnlineSubgradientPolicy.OracleLaw' depends on axioms: [propext, Classical.choice, Quot.sound]
'BanditRL.OnlineSubgradientPolicy.canonicalPolicy' depends on axioms: [propext, Classical.choice, Quot.sound]
'BanditRL.OnlineSubgradientPolicy.LegalFeedback' depends on axioms: [propext, Classical.choice, Quot.sound]
'BanditRL.OnlineSubgradientPolicy.regret' depends on axioms: [propext, Classical.choice, Quot.sound]
'BanditRL.OnlineSubgradientPolicy.Domain' depends on axioms: [propext, Classical.choice, Quot.sound]
'BanditRL.OnlineSubgradientPolicy.SupportPolicy' depends on axioms: [propext, Classical.choice, Quot.sound]
'OSDPolicyProbe.flat_on' depends on axioms: [propext, Classical.choice, Quot.sound]
'OSDPolicyProbe.policy_oracle' depends on axioms: [propext, Classical.choice, Quot.sound]
'OSDPolicyProbe.lossA_on' depends on axioms: [propext, Classical.choice, Quot.sound]
'OSDPolicyProbe.lossB_on' depends on axioms: [propext, Classical.choice, Quot.sound]
'OSDPolicyProbe.pref_A' depends on axioms: [propext, Classical.choice, Quot.sound]
'OSDPolicyProbe.pref_B' depends on axioms: [propext, Classical.choice, Quot.sound]
'OSDPolicyProbe.selected_eq_preferred' depends on axioms: [propext, Classical.choice, Quot.sound]
'OSDPolicyProbe.selected_singleton' depends on axioms: [propext, Classical.choice, Quot.sound]
'OSDPolicyProbe.a_tie' depends on axioms: [propext, Classical.choice, Quot.sound]
'OSDPolicyProbe.b_tie' depends on axioms: [propext, Classical.choice, Quot.sound]
'OSDPolicyProbe.a_below' depends on axioms: [propext, Classical.choice, Quot.sound]
'OSDPolicyProbe.b_above' depends on axioms: [propext, Classical.choice, Quot.sound]
'OSDPolicyProbe.a_zero' depends on axioms: [propext, Classical.choice, Quot.sound]
'OSDPolicyProbe.b_zero' depends on axioms: [propext, Classical.choice, Quot.sound]
'OSDPolicyProbe.ga_zero' depends on axioms: [propext, Classical.choice, Quot.sound]
'OSDPolicyProbe.gb_zero' depends on axioms: [propext, Classical.choice, Quot.sound]
'OSDPolicyProbe.a_one' depends on axioms: [propext, Classical.choice, Quot.sound]
'OSDPolicyProbe.b_one' depends on axioms: [propext, Classical.choice, Quot.sound]
'OSDPolicyProbe.ga_one' depends on axioms: [propext, Classical.choice, Quot.sound]
'OSDPolicyProbe.gb_one' depends on axioms: [propext, Classical.choice, Quot.sound]
'OSDPolicyProbe.a_two' depends on axioms: [propext, Classical.choice, Quot.sound]
'OSDPolicyProbe.b_two' depends on axioms: [propext, Classical.choice, Quot.sound]
'OSDPolicyProbe.ga_two' depends on axioms: [propext, Classical.choice, Quot.sound]
'OSDPolicyProbe.gb_two' depends on axioms: [propext, Classical.choice, Quot.sound]
'OSDPolicyProbe.a_three' depends on axioms: [propext, Classical.choice, Quot.sound]
'OSDPolicyProbe.b_three' depends on axioms: [propext, Classical.choice, Quot.sound]
'OSDPolicyProbe.ga_three' depends on axioms: [propext, Classical.choice, Quot.sound]
'OSDPolicyProbe.gb_three' depends on axioms: [propext, Classical.choice, Quot.sound]
'OSDPolicyProbe.a_four' depends on axioms: [propext, Classical.choice, Quot.sound]
'OSDPolicyProbe.b_four' depends on axioms: [propext, Classical.choice, Quot.sound]
'OSDPolicyProbe.history_changes_actual_support' depends on axioms: [propext, Classical.choice, Quot.sound]
'OSDPolicyProbe.legalA' depends on axioms: [propext, Classical.choice, Quot.sound]
'OSDPolicyProbe.legalB' depends on axioms: [propext, Classical.choice, Quot.sound]
'OSDPolicyProbe.a_real_regret' depends on axioms: [propext, Classical.choice, Quot.sound]
'OSDPolicyProbe.b_real_regret' depends on axioms: [propext, Classical.choice, Quot.sound]
'OSDPolicyProbe.a_energy' depends on axioms: [propext, Classical.choice, Quot.sound]
'OSDPolicyProbe.b_energy' depends on axioms: [propext, Classical.choice, Quot.sound]
'OSDPolicyProbe.a_positive_terminal' depends on axioms: [propext, Classical.choice, Quot.sound]
'OSDPolicyProbe.b_positive_terminal' depends on axioms: [propext, Classical.choice, Quot.sound]
'OSDPolicyProbe.a_exact_fixed_bound' depends on axioms: [propext, Classical.choice, Quot.sound]
'OSDPolicyProbe.a_fixed_rhs_equality' depends on axioms: [propext, Classical.choice, Quot.sound]
'OSDPolicyProbe.offPath_history_eq' depends on axioms: [propext, Classical.choice, Quot.sound]
'OSDPolicyProbe.offPath_output_eq' depends on axioms: [propext, Classical.choice, Quot.sound]
'OSDPolicyProbe.offPath_selected_eq' depends on axioms: [propext, Classical.choice, Quot.sound]
'OSDPolicyProbe.offPath_legalA' depends on axioms: [propext, Classical.choice, Quot.sound]
'OSDPolicyProbe.offPath_not_oracle' depends on axioms: [propext, Classical.choice, Quot.sound]
'OSDPolicyProbe.offPath_actual_fixed' depends on axioms: [propext, Classical.choice, Quot.sound]
'OSDPolicyProbe.norm_bound_A' depends on axioms: [propext, Classical.choice, Quot.sound]
'OSDPolicyProbe.unit_diameter' depends on axioms: [propext, Classical.choice, Quot.sound]
'OSDPolicyProbe.offPath_tuned_all_comparators' depends on axioms: [propext, Classical.choice, Quot.sound]
'OSDPolicyProbe.ah_zero' depends on axioms: [propext, Classical.choice, Quot.sound]
'OSDPolicyProbe.gh_zero' depends on axioms: [propext, Classical.choice, Quot.sound]
'OSDPolicyProbe.ah_one' depends on axioms: [propext, Classical.choice, Quot.sound]
'OSDPolicyProbe.gh_one' depends on axioms: [propext, Classical.choice, Quot.sound]
'OSDPolicyProbe.ah_two' depends on axioms: [propext, Classical.choice, Quot.sound]
'OSDPolicyProbe.gh_two' depends on axioms: [propext, Classical.choice, Quot.sound]
'OSDPolicyProbe.ah_three' depends on axioms: [propext, Classical.choice, Quot.sound]
'OSDPolicyProbe.gh_three' depends on axioms: [propext, Classical.choice, Quot.sound]
'OSDPolicyProbe.ah_four' depends on axioms: [propext, Classical.choice, Quot.sound]
'OSDPolicyProbe.harmonic_energy' depends on axioms: [propext, Classical.choice, Quot.sound]
'OSDPolicyProbe.harmonic_last_eta_and_positive_terminal' depends on axioms: [propext, Classical.choice, Quot.sound]
'OSDPolicyProbe.harmonic_real_regret' depends on axioms: [propext, Classical.choice, Quot.sound]
'OSDPolicyProbe.harmonic_actual_variable' depends on axioms: [propext, Classical.choice, Quot.sound]
'OSDPolicyProbe.invalid_future_causal' depends on axioms: [propext, Classical.choice, Quot.sound]
'OSDPolicyProbe.invalid_future_current_loss' depends on axioms: [propext, Classical.choice, Quot.sound]
'OSDPolicyProbe.zero_horizon' depends on axioms: [propext, Classical.choice, Quot.sound]
'OSDPolicyProbe.canonical_invalid_future_bridge' depends on axioms: [propext, Classical.choice, Quot.sound]
'OSDPolicyProbe.empty_support_at_zero' depends on axioms: [propext, Classical.choice, Quot.sound]
'OSDPolicyProbe.empty_support_current_fallback' depends on axioms: [propext, Classical.choice, Quot.sound]
'OSDPolicyProbe.empty_support_actual_selected' depends on axioms: [propext, Classical.choice, Quot.sound]
'OSDPolicyProbe.empty_support_actual_output' depends on axioms: [propext, Classical.choice, Quot.sound]
'OSDPolicyProbe.empty_support_not_legal' depends on axioms: [propext, Classical.choice, Quot.sound]
'OSDPolicyProbe.zero_horizon_actual_fixed' depends on axioms: [propext, Classical.choice, Quot.sound]
'OSDPolicyProbe.zero_horizon_positive_cancelling_endpoints' depends on axioms: [propext, Classical.choice, Quot.sound]
'OSDPolicyProbe.flat' depends on axioms: [propext, Classical.choice, Quot.sound]
'OSDPolicyProbe.preferred' depends on axioms: [propext, Classical.choice, Quot.sound]
'OSDPolicyProbe.policy' depends on axioms: [propext, Classical.choice, Quot.sound]
'OSDPolicyProbe.lossA' depends on axioms: [propext, Classical.choice, Quot.sound]
'OSDPolicyProbe.lossB' depends on axioms: [propext, Classical.choice, Quot.sound]
'OSDPolicyProbe.eta' depends on axioms: [propext, Classical.choice, Quot.sound]
'OSDPolicyProbe.offPathPolicy' depends on axioms: [propext, Classical.choice, Quot.sound]
'OSDPolicyProbe.harmonic' depends on axioms: [propext, Classical.choice, Quot.sound]
'OSDPolicyProbe.futureLoss' depends on axioms: [propext, Classical.choice, Quot.sound]
'OSDPolicyProbe.futureEta' depends on axioms: [propext, Classical.choice, Quot.sound]
'OSDPolicyProbe.emptySupportLoss' depends on axioms: [propext, Classical.choice, Quot.sound]
'OSDPolicyProbe.V' depends on axioms: [propext, Classical.choice, Quot.sound]
'OSDPolicyProbe.a' depends on axioms: [propext, Classical.choice, Quot.sound]
'OSDPolicyProbe.b' depends on axioms: [propext, Classical.choice, Quot.sound]
'OSDPolicyProbe.ga' depends on axioms: [propext, Classical.choice, Quot.sound]
'OSDPolicyProbe.gb' depends on axioms: [propext, Classical.choice, Quot.sound]
'OSDPolicyProbe.ah' depends on axioms: [propext, Classical.choice, Quot.sound]
'OSDPolicyProbe.gh' depends on axioms: [propext, Classical.choice, Quot.sound]
