{
  "id": "mem-ce7da7a77fe0e26d",
  "created_at": "2026-10-07T04:58:26+00:00",
  "type": "source_fact",
  "task": "ONLINE-OSD-POLICY-PUBLIC-20261007",
  "provenance": {
    "kind": "local_first_retrieval",
    "reference": "Actual existing21 public target types, nine neutral dependency compiled type/value checks, full21 closed target types under map and eleven pinned shared/mathlib API headers. No new proof/dependency upgrade."
  },
  "assumptions": [],
  "declaration": "",
  "file": "",
  "status": "verified",
  "verifier_evidence": [
    "E:\\ABRL\\worktrees\\research-online-book\\runs\\online-osd-policy-public-20261007\\leaves\\actual-public-types-v1.lean"
  ],
  "supersession": {
    "supersedes": [],
    "reason": ""
  },
  "roles": [],
  "details": {
    "query": "actual deterministic finite-history played-legal support recurrence and same-run sharp regret",
    "search_order": [
      "local declarations",
      "ABRL theorem cards",
      "Mathlib cards"
    ],
    "candidates": [
      "BanditRL.OnlineSubgradientPolicy.history",
      "BanditRL.OnlineSubgradientPolicy.one_step_chain",
      "BanditRL.OnlineSubgradientPolicy.regret_fixed",
      "BanditRL.OnlineSubgradientPolicy.regret_variable",
      "BanditRL.OnlineSubgradientPolicy.regret_tuned"
    ],
    "rejections": [],
    "compiled_scratch": "E:\\ABRL\\worktrees\\research-online-book\\runs\\online-osd-policy-public-20261007\\leaves\\actual-public-types-v1.lean"
  }
}
