{
  "time": "2026-10-05T11:31:35+00:00",
  "task": "ONLINE-FINITE-LOSS-20261005",
  "role": "reviewer",
  "kind": "review",
  "status": "accepted",
  "notes": "Two fixed terminals accepted by distinct final reviewer; precise native attempt binding added after flag validation failure. Chapter/book incomplete.",
  "lean": "",
  "source": "",
  "run_id": "online-finite-loss-20261005",
  "changed_files": [],
  "statement_hash": "",
  "parent_id": "",
  "route_fingerprint": "",
  "verifier_evidence": [
    "runs\\online-finite-loss-20261005\\final-reader-receipt-v1.json"
  ],
  "harness": "hierarchical",
  "experiment_id": "",
  "target_fingerprint": "",
  "route_packet_hash": "",
  "attempt_id": "FINITE-LOSS-TWO-BODIES-V1",
  "worker_id": "",
  "progress_class": "terminal",
  "reviewer_validated": true,
  "obligations_before": 2,
  "obligations_after": 0,
  "new_declarations": [],
  "reused_declarations": [],
  "dag_nodes": 0,
  "dag_depth": 0,
  "elapsed_seconds": 0.0,
  "lean_check_seconds": 0.0,
  "prompt_chars": 0,
  "input_tokens": 0,
  "output_tokens": 0,
  "error_signature": ""
}
