{
  "schema_version": 1,
  "entry_id": "entry-cc5e3fa0716ac4b0",
  "session_id": "ONLINE-FINITE-LOSS-20261005",
  "sequence": 3,
  "parent_id": "entry-882a2033d38781dd",
  "event_type": "candidate",
  "created_at": "2026-10-05T11:11:18+00:00",
  "payload": {
    "run_id": "online-finite-loss-20261005",
    "new_proofs": 2,
    "canary_proofs": 8,
    "frozen_headers": {
      "finite_add_indicator_iff": "4a0d5bd07182a76279e21ef48d9ee0fd4a058b1a52a7ca4f63224493679c1330",
      "effectiveDomain_add_indicator": "14d239e67843e084bfaa3ab5bd73d6292664003aa84b0f3a890f3b805fac0ae9"
    },
    "fresh_jobs": {
      "root-v1-01": 9088,
      "Tests-v1-01": 9230
    },
    "remaining_gates": [
      "full harness",
      "site/registry/reader",
      "contributor/raw/PR"
    ],
    "chapter_complete": false,
    "goal_complete": false
  }
}
