{
  "time": "2026-10-05T11:11:18+00:00",
  "task": "ONLINE-FINITE-LOSS-20261005",
  "role": "lower",
  "kind": "build",
  "status": "compiled",
  "notes": "Exact source-stabilized public body/axioms/canaries verified; distinct body review accepted-with-explicit-delta. Full package pending.",
  "lean": "BanditRLProof/OnlineConstraintFiniteLoss.lean",
  "source": "",
  "run_id": "online-finite-loss-20261005",
  "changed_files": [
    "BanditRLProof/OnlineConstraintFiniteLoss.lean"
  ],
  "statement_hash": "14d239e67843e084bfaa3ab5bd73d6292664003aa84b0f3a890f3b805fac0ae9",
  "parent_id": "",
  "route_fingerprint": "",
  "verifier_evidence": [
    "runs\\online-finite-loss-20261005\\focused-v2-01.log"
  ],
  "harness": "hierarchical",
  "experiment_id": "",
  "target_fingerprint": "",
  "route_packet_hash": "",
  "attempt_id": "",
  "worker_id": "",
  "progress_class": "compiled-leaf",
  "reviewer_validated": false,
  "obligations_before": 0,
  "obligations_after": 0,
  "new_declarations": [
    "BanditRL.OnlineConvex.effectiveDomain_add_indicator"
  ],
  "reused_declarations": [],
  "dag_nodes": 0,
  "dag_depth": 0,
  "elapsed_seconds": 0.0,
  "lean_check_seconds": 0.0,
  "prompt_chars": 0,
  "input_tokens": 0,
  "output_tokens": 0,
  "error_signature": ""
}
