runs/online-finite-loss-20261005/Tests-v1-01.log:1379: trailing whitespace.
+  
runs/online-finite-loss-20261005/Tests-v1-01.log:1381: trailing whitespace.
+    
runs/online-finite-loss-20261005/Tests-v1-01.log:1386: trailing whitespace.
+  
runs/online-finite-loss-20261005/Tests-v1-01.log:1388: trailing whitespace.
+    
runs/online-finite-loss-20261005/Tests-v1-01.log:1480: trailing whitespace.
+  
runs/online-finite-loss-20261005/Tests-v1-01.log:1482: trailing whitespace.
+    
runs/online-finite-loss-20261005/Tests-v1-01.log:1631: trailing whitespace.
+  
runs/online-finite-loss-20261005/Tests-v1-01.log:1633: trailing whitespace.
+    
runs/online-finite-loss-20261005/Tests-v1-01.log:1802: trailing whitespace.
+  
runs/online-finite-loss-20261005/Tests-v1-01.log:1804: trailing whitespace.
+    
runs/online-finite-loss-20261005/Tests-v1-01.log:1844: trailing whitespace.
+  
runs/online-finite-loss-20261005/Tests-v1-01.log:1846: trailing whitespace.
+    
runs/online-finite-loss-20261005/Tests-v1-01.log:2339: trailing whitespace.
+  
runs/online-finite-loss-20261005/Tests-v1-01.log:2341: trailing whitespace.
+    
runs/online-finite-loss-20261005/Tests-v1-01.log:2390: trailing whitespace.
+  
runs/online-finite-loss-20261005/Tests-v1-01.log:2392: trailing whitespace.
+    
runs/online-finite-loss-20261005/Tests-v1-01.log:6789: trailing whitespace.
+  
runs/online-finite-loss-20261005/Tests-v1-01.log:6791: trailing whitespace.
+    
runs/online-finite-loss-20261005/focused-v1-01.log:491: trailing whitespace.
+  
runs/online-finite-loss-20261005/focused-v1-01.log:493: trailing whitespace.
+    
runs/online-finite-loss-20261005/focused-v1-01.log:646: trailing whitespace.
+  
runs/online-finite-loss-20261005/focused-v1-01.log:648: trailing whitespace.
+    
runs/online-finite-loss-20261005/focused-v1-01.log:892: trailing whitespace.
+  
runs/online-finite-loss-20261005/focused-v1-01.log:894: trailing whitespace.
+    
runs/online-finite-loss-20261005/focused-v1-01.log:934: trailing whitespace.
+  
runs/online-finite-loss-20261005/focused-v1-01.log:936: trailing whitespace.
+    
runs/online-finite-loss-20261005/focused-v1-01.log:1706: trailing whitespace.
+  
runs/online-finite-loss-20261005/focused-v1-01.log:1708: trailing whitespace.
+    
runs/online-finite-loss-20261005/focused-v1-01.log:1713: trailing whitespace.
+  
runs/online-finite-loss-20261005/focused-v1-01.log:1715: trailing whitespace.
+    
runs/online-finite-loss-20261005/focused-v1-01.log:1748: trailing whitespace.
+  
runs/online-finite-loss-20261005/focused-v1-01.log:1750: trailing whitespace.
+    
runs/online-finite-loss-20261005/focused-v1-01.log:1799: trailing whitespace.
+  
runs/online-finite-loss-20261005/focused-v1-01.log:1801: trailing whitespace.
+    
runs/online-finite-loss-20261005/focused-v2-01.log:776: trailing whitespace.
+  
runs/online-finite-loss-20261005/focused-v2-01.log:778: trailing whitespace.
+    
runs/online-finite-loss-20261005/focused-v2-01.log:927: trailing whitespace.
+  
runs/online-finite-loss-20261005/focused-v2-01.log:929: trailing whitespace.
+    
runs/online-finite-loss-20261005/focused-v2-01.log:1098: trailing whitespace.
+  
runs/online-finite-loss-20261005/focused-v2-01.log:1100: trailing whitespace.
+    
runs/online-finite-loss-20261005/focused-v2-01.log:1140: trailing whitespace.
+  
runs/online-finite-loss-20261005/focused-v2-01.log:1142: trailing whitespace.
+    
runs/online-finite-loss-20261005/focused-v2-01.log:1469: trailing whitespace.
+  
runs/online-finite-loss-20261005/focused-v2-01.log:1471: trailing whitespace.
+    
runs/online-finite-loss-20261005/focused-v2-01.log:1476: trailing whitespace.
+  
runs/online-finite-loss-20261005/focused-v2-01.log:1478: trailing whitespace.
+    
runs/online-finite-loss-20261005/focused-v2-01.log:1748: trailing whitespace.
+  
runs/online-finite-loss-20261005/focused-v2-01.log:1750: trailing whitespace.
+    
runs/online-finite-loss-20261005/focused-v2-01.log:1799: trailing whitespace.
+  
runs/online-finite-loss-20261005/focused-v2-01.log:1801: trailing whitespace.
+    
runs/online-finite-loss-20261005/full-harness-v1-01.log:720: trailing whitespace.
+  
runs/online-finite-loss-20261005/full-harness-v1-01.log:722: trailing whitespace.
+    
runs/online-finite-loss-20261005/full-harness-v1-01.log:727: trailing whitespace.
+  
runs/online-finite-loss-20261005/full-harness-v1-01.log:729: trailing whitespace.
+    
runs/online-finite-loss-20261005/full-harness-v1-01.log:890: trailing whitespace.
+  
runs/online-finite-loss-20261005/full-harness-v1-01.log:892: trailing whitespace.
+    
runs/online-finite-loss-20261005/full-harness-v1-01.log:1041: trailing whitespace.
+  
runs/online-finite-loss-20261005/full-harness-v1-01.log:1043: trailing whitespace.
+    
runs/online-finite-loss-20261005/full-harness-v1-01.log:1212: trailing whitespace.
+  
runs/online-finite-loss-20261005/full-harness-v1-01.log:1214: trailing whitespace.
+    
runs/online-finite-loss-20261005/full-harness-v1-01.log:1254: trailing whitespace.
+  
runs/online-finite-loss-20261005/full-harness-v1-01.log:1256: trailing whitespace.
+    
runs/online-finite-loss-20261005/full-harness-v1-01.log:1749: trailing whitespace.
+  
runs/online-finite-loss-20261005/full-harness-v1-01.log:1751: trailing whitespace.
+    
runs/online-finite-loss-20261005/full-harness-v1-01.log:1800: trailing whitespace.
+  
runs/online-finite-loss-20261005/full-harness-v1-01.log:1802: trailing whitespace.
+    
runs/online-finite-loss-20261005/full-harness-v1-01.log:3631: trailing whitespace.
+  
runs/online-finite-loss-20261005/full-harness-v1-01.log:3633: trailing whitespace.
+    
runs/online-finite-loss-20261005/full-harness-v1-01.log:3638: trailing whitespace.
+  
runs/online-finite-loss-20261005/full-harness-v1-01.log:3640: trailing whitespace.
+    
runs/online-finite-loss-20261005/full-harness-v1-01.log:3801: trailing whitespace.
+  
runs/online-finite-loss-20261005/full-harness-v1-01.log:3803: trailing whitespace.
+    
runs/online-finite-loss-20261005/full-harness-v1-01.log:3952: trailing whitespace.
+  
runs/online-finite-loss-20261005/full-harness-v1-01.log:3954: trailing whitespace.
+    
runs/online-finite-loss-20261005/full-harness-v1-01.log:4123: trailing whitespace.
+  
runs/online-finite-loss-20261005/full-harness-v1-01.log:4125: trailing whitespace.
+    
runs/online-finite-loss-20261005/full-harness-v1-01.log:4165: trailing whitespace.
+  
runs/online-finite-loss-20261005/full-harness-v1-01.log:4167: trailing whitespace.
+    
runs/online-finite-loss-20261005/full-harness-v1-01.log:4660: trailing whitespace.
+  
runs/online-finite-loss-20261005/full-harness-v1-01.log:4662: trailing whitespace.
+    
runs/online-finite-loss-20261005/full-harness-v1-01.log:4711: trailing whitespace.
+  
runs/online-finite-loss-20261005/full-harness-v1-01.log:4713: trailing whitespace.
+    
runs/online-finite-loss-20261005/full-harness-v1-01.log:9110: trailing whitespace.
+  
runs/online-finite-loss-20261005/full-harness-v1-01.log:9112: trailing whitespace.
+    
runs/online-finite-loss-20261005/root-v1-01.log:830: trailing whitespace.
+  
runs/online-finite-loss-20261005/root-v1-01.log:832: trailing whitespace.
+    
runs/online-finite-loss-20261005/root-v1-01.log:981: trailing whitespace.
+  
runs/online-finite-loss-20261005/root-v1-01.log:983: trailing whitespace.
+    
runs/online-finite-loss-20261005/root-v1-01.log:1152: trailing whitespace.
+  
runs/online-finite-loss-20261005/root-v1-01.log:1154: trailing whitespace.
+    
runs/online-finite-loss-20261005/root-v1-01.log:1194: trailing whitespace.
+  
runs/online-finite-loss-20261005/root-v1-01.log:1196: trailing whitespace.
+    
runs/online-finite-loss-20261005/root-v1-01.log:1676: trailing whitespace.
+  
runs/online-finite-loss-20261005/root-v1-01.log:1678: trailing whitespace.
+    
runs/online-finite-loss-20261005/root-v1-01.log:1683: trailing whitespace.
+  
runs/online-finite-loss-20261005/root-v1-01.log:1685: trailing whitespace.
+    
runs/online-finite-loss-20261005/root-v1-01.log:1748: trailing whitespace.
+  
runs/online-finite-loss-20261005/root-v1-01.log:1750: trailing whitespace.
+    
runs/online-finite-loss-20261005/root-v1-01.log:1799: trailing whitespace.
+  
runs/online-finite-loss-20261005/root-v1-01.log:1801: trailing whitespace.
+    
