{
  "schema_version": 1,
  "entry_id": "entry-882a2033d38781dd",
  "session_id": "ONLINE-FINITE-LOSS-20261005",
  "sequence": 2,
  "parent_id": "entry-c998744994328785",
  "event_type": "proving",
  "created_at": "2026-10-05T10:59:05+00:00",
  "payload": {
    "run_id": "online-finite-loss-20261005",
    "frozen_headers": {
      "finite_add_indicator_iff": "4a0d5bd07182a76279e21ef48d9ee0fd4a058b1a52a7ca4f63224493679c1330",
      "effectiveDomain_add_indicator": "14d239e67843e084bfaa3ab5bd73d6292664003aa84b0f3a890f3b805fac0ae9"
    },
    "source_contract_receipt": "runs\\online-finite-loss-20261005\\source-contract-receipt-v1.json",
    "route": "single lower membership/EReal-case route",
    "first_ready_leaf": "finite_add_indicator_iff",
    "allowed_edit_scope": "Allowed after reviewed stabilization: new OnlineConstraintFiniteLoss module/two frozen public proofs, focused meaningful canary, public root/Tests imports, scoped task/contracts/evidence/contribution/Book mapping in shared registry. Never rewrite accepted convex/OGD/FTL inputs; any source/public header change needs new version/review. Keep global SGB untouched, whole Goal active, Chapter2 totalnull. A new source endpoint closes only this explicit finite-loss obligation, not all18 draftgroups or the chapter.",
    "chapter_complete": false,
    "goal_complete": false
  }
}
