SITE CHECK PASSED
- HTML pages: 921
- modules: 827
- declarations: 10616
- highlights: 193
- milestones: 97
- textbook crosswalks: 29
- source theorem restatements: 48
- BanditRLwiki settings/cases/papers: 7/13/19
- BanditRLwiki theorem surfaces: 27
- BanditRLwiki literature-open/formalization-open cases: 0/13
- BanditRLwiki named formalization leaves: 36
- BanditRLwiki active source-frozen ports: 2
- Live Formalization mappings: 193
- Mermaid blocks: 19
- Lean source links: 11686
- internal links and anchors: valid
- README relative links: valid
- MathJax loader and readable mathematical fallbacks: valid
- GitHub Pages workflow: complete
