{
  "id": "mem-7c7b84ec54e14748",
  "created_at": "2026-10-07T08:55:28+00:00",
  "type": "verified_lemma",
  "task": "ONLINE-LINEARIZATION-PUBLIC-20261007",
  "provenance": {
    "kind": "source-reviewed-existing-proof-reuse",
    "reference": "E:\\ABRL\\worktrees\\research-online-book\\runs\\online-linearization-public-20261007\\accepted-decision-v1.json"
  },
  "assumptions": [],
  "declaration": "BanditRL.OnlineLinearization.canonical_regret_comparison",
  "file": "BanditRLProof\\OnlineLinearization.lean",
  "status": "verified",
  "verifier_evidence": [
    "E:\\ABRL\\worktrees\\research-online-book\\runs\\online-linearization-public-20261007\\final-reader-receipt-v1.json"
  ],
  "supersession": {
    "supersedes": [],
    "reason": ""
  },
  "roles": [
    "reviewer"
  ],
  "details": {
    "scope": "Existing causal convex-to-linear Section2.3 unnumbered reduction revalidation:18 public proofs/9 definitions/3 abbreviations and whole25 canary proofs/8 definitions/2 abbreviations. ZERO new mathematics, definitions, registry nodes or source-mathematical terminal closures.",
    "new_proofs": 0,
    "new_source_math_closures": 0,
    "remaining_required": "Optimal-step/unit-analysis current migration, remaining Chapter1/2 maintext, nine OTHER Chapter1 origin/main contributor gaps and necessary appendices REQUIRED; Chapter2 mandatory total null/incomplete; Chapters3-16 unenumerated; whole Goal ACTIVE unbudgeted.",
    "chapter_complete": false,
    "goal_complete": false
  }
}
