{
  "time": "2026-10-07T08:55:27+00:00",
  "task": "ONLINE-LINEARIZATION-PUBLIC-20261007",
  "role": "reviewer",
  "kind": "review",
  "status": "accepted",
  "notes": "ONLINE-LINEARIZATION-PUBLIC-20261007 Existing causal convex-to-linear Section2.3 unnumbered reduction revalidation:18 public proofs/9 definitions/3 abbreviations and whole25 canary proofs/8 definitions/2 abbreviations. ZERO new mathematics, definitions, registry nodes or source-mathematical terminal closures. Optimal-step/unit-analysis current migration, remaining Chapter1/2 maintext, nine OTHER Chapter1 origin/main contributor gaps and necessary appendices REQUIRED; Chapter2 mandatory total null/incomplete; Chapters3-16 unenumerated; whole Goal ACTIVE unbudgeted. Original R1-R8 individually satisfied; erroneous extra R9 withdrawn solely by separate correction-v4, raw history unchanged. Requested Astra/medium distinct required automated actors, no human/external/runtime attestation. No merge/main/live/retirement.",
  "lean": "",
  "source": "",
  "run_id": "online-linearization-public-20261007",
  "changed_files": [],
  "statement_hash": "687d3a8a042270fe0d3ab5144366af421ac2ec9274fa5f1f427ed181202df34d",
  "parent_id": "",
  "route_fingerprint": "",
  "verifier_evidence": [
    "E:\\ABRL\\worktrees\\research-online-book\\runs\\online-linearization-public-20261007\\final-reader-receipt-v1.json"
  ],
  "harness": "hierarchical",
  "experiment_id": "",
  "target_fingerprint": "",
  "route_packet_hash": "",
  "attempt_id": "LINEARIZATION-PUBLIC-REUSE-V2",
  "worker_id": "",
  "progress_class": "retrieval-reuse",
  "reviewer_validated": true,
  "obligations_before": 0,
  "obligations_after": 0,
  "new_declarations": [],
  "reused_declarations": [
    "BanditRL.OnlineLinearization.canonical_regret_comparison"
  ],
  "dag_nodes": 0,
  "dag_depth": 0,
  "elapsed_seconds": 0.0,
  "lean_check_seconds": 0.0,
  "prompt_chars": 0,
  "input_tokens": 0,
  "output_tokens": 0,
  "error_signature": ""
}
