{
  "id": "mem-06ba2fd2cc05dfd2",
  "created_at": "2026-10-07T08:55:28+00:00",
  "type": "source_fact",
  "task": "ONLINE-LINEARIZATION-PUBLIC-20261007",
  "provenance": {
    "kind": "local_first_retrieval",
    "reference": "E:\\ABRL\\worktrees\\research-online-book\\runs\\online-linearization-public-20261007\\all-public-types-v2-exit.json"
  },
  "assumptions": [],
  "declaration": "",
  "file": "",
  "status": "verified",
  "verifier_evidence": [
    "E:\\ABRL\\worktrees\\research-online-book\\runs\\online-linearization-public-20261007\\leaves\\all-public-types-v2.lean"
  ],
  "supersession": {
    "supersedes": [],
    "reason": ""
  },
  "roles": [],
  "details": {
    "query": "Proper global support causal convex to linear same learner same selected run universal performance transport",
    "search_order": [
      "local declarations",
      "ABRL theorem cards",
      "Mathlib cards"
    ],
    "candidates": [
      "BanditRL.OnlineLinearization.canonical_regret_comparison",
      "BanditRL.OnlineLinearization.regret_transfer"
    ],
    "rejections": [],
    "compiled_scratch": "E:\\ABRL\\worktrees\\research-online-book\\runs\\online-linearization-public-20261007\\leaves\\all-public-types-v2.lean"
  }
}
