{
  "schema_version": 1,
  "entry_id": "entry-88da6e3feef1a42c",
  "session_id": "ONLINE-LINEARIZATION-PUBLIC-20261007",
  "sequence": 8,
  "parent_id": "entry-435396a3635510c5",
  "event_type": "accepted",
  "created_at": "2026-10-07T08:55:27+00:00",
  "payload": {
    "run_id": "online-linearization-public-20261007",
    "contract_version": 2,
    "accepted_decision": "E:/ABRL/worktrees/research-online-book/runs/online-linearization-public-20261007/accepted-decision-v1.json",
    "source_package_accepted": true,
    "new_proofs": 0,
    "new_source_math_closures": 0,
    "chapter_complete": false,
    "goal_complete": false,
    "merged": false,
    "live": false
  }
}
