'BanditRL.OnlineLinearization.outputHistory_last' depends on axioms: [propext, Classical.choice, Quot.sound]
'BanditRL.OnlineLinearization.history_zero' depends on axioms: [propext, Classical.choice, Quot.sound]
'BanditRL.OnlineLinearization.history_succ' depends on axioms: [propext, Classical.choice, Quot.sound]
'BanditRL.OnlineLinearization.history_castSucc' depends on axioms: [propext, Classical.choice, Quot.sound]
'BanditRL.OnlineLinearization.history_selected' depends on axioms: [propext, Classical.choice, Quot.sound]
'BanditRL.OnlineLinearization.output_linear_run' depends on axioms: [propext, Classical.choice, Quot.sound]
'BanditRL.OnlineLinearization.outputHistory_played' depends on axioms: [propext, Classical.choice, Quot.sound]
'BanditRL.OnlineLinearization.output_mem' depends on axioms: [propext, Classical.choice, Quot.sound]
'BanditRL.OnlineLinearization.history_prefix' depends on axioms: [propext, Classical.choice, Quot.sound]
'BanditRL.OnlineLinearization.output_prefix' depends on axioms: [propext, Classical.choice, Quot.sound]
'BanditRL.OnlineLinearization.oracle_feedback' depends on axioms: [propext, Classical.choice, Quot.sound]
'BanditRL.OnlineLinearization.canonical_feedback' depends on axioms: [propext, Classical.choice, Quot.sound]
'BanditRL.OnlineLinearization.trajectory_finite_loss' depends on axioms: [propext, Classical.choice, Quot.sound]
'BanditRL.OnlineLinearization.support_gap' depends on axioms: [propext, Classical.choice, Quot.sound]
'BanditRL.OnlineLinearization.linearLoss_gap' depends on axioms: [propext, Classical.choice, Quot.sound]
'BanditRL.OnlineLinearization.regret_comparison' depends on axioms: [propext, Classical.choice, Quot.sound]
'BanditRL.OnlineLinearization.regret_transfer' depends on axioms: [propext, Classical.choice, Quot.sound]
'BanditRL.OnlineLinearization.canonical_regret_comparison' depends on axioms: [propext, Classical.choice, Quot.sound]
'BanditRL.OnlineLinearization.Feasible' depends on axioms: [propext, Classical.choice, Quot.sound]
'BanditRL.OnlineLinearization.outputHistory' depends on axioms: [propext, Quot.sound]
'BanditRL.OnlineLinearization.history' depends on axioms: [propext, Classical.choice, Quot.sound]
'BanditRL.OnlineLinearization.output' depends on axioms: [propext, Classical.choice, Quot.sound]
'BanditRL.OnlineLinearization.selected' depends on axioms: [propext, Classical.choice, Quot.sound]
'BanditRL.OnlineLinearization.LegalFeedback' depends on axioms: [propext, Classical.choice, Quot.sound]
'BanditRL.OnlineLinearization.linearRun' does not depend on any axioms
'BanditRL.OnlineLinearization.linearLoss' depends on axioms: [propext, Classical.choice, Quot.sound]
'BanditRL.OnlineLinearization.regret' depends on axioms: [propext, Classical.choice, Quot.sound]
'BanditRL.OnlineLinearization.Domain' depends on axioms: [propext, Classical.choice, Quot.sound]
'BanditRL.OnlineLinearization.LinearPolicy' does not depend on any axioms
'BanditRL.OnlineLinearization.SupportPolicy' depends on axioms: [propext, Classical.choice, Quot.sound]
'LinearizationProbe.learner_feasible' depends on axioms: [propext, Classical.choice, Quot.sound]
'LinearizationProbe.quadratic_support' depends on axioms: [propext, Classical.choice, Quot.sound]
'LinearizationProbe.affine_support' depends on axioms: [propext, Classical.choice, Quot.sound]
'LinearizationProbe.quadratic_on' depends on axioms: [propext, Classical.choice, Quot.sound]
'LinearizationProbe.affine_on' depends on axioms: [propext, Classical.choice, Quot.sound]
'LinearizationProbe.losses_on' depends on axioms: [propext, Classical.choice, Quot.sound]
'LinearizationProbe.x_zero' depends on axioms: [propext, Classical.choice, Quot.sound]
'LinearizationProbe.g_zero' depends on axioms: [propext, Classical.choice, Quot.sound]
'LinearizationProbe.g_one' depends on axioms: [propext, Classical.choice, Quot.sound]
'LinearizationProbe.x_one' depends on axioms: [propext, Classical.choice, Quot.sound]
'LinearizationProbe.x_two' depends on axioms: [propext, Classical.choice, Quot.sound]
'LinearizationProbe.feedback_two' depends on axioms: [propext, Classical.choice, Quot.sound]
'LinearizationProbe.actual_same_linear_run' depends on axioms: [propext, Classical.choice, Quot.sound]
'LinearizationProbe.actual_convex_regret' depends on axioms: [propext, Classical.choice, Quot.sound]
'LinearizationProbe.actual_linear_regret' depends on axioms: [propext, Classical.choice, Quot.sound]
'LinearizationProbe.actual_public_comparison' depends on axioms: [propext, Classical.choice, Quot.sound]
'LinearizationProbe.actual_strict_slack' depends on axioms: [propext, Classical.choice, Quot.sound]
'LinearizationProbe.universal_two' depends on axioms: [propext, Classical.choice, Quot.sound]
'LinearizationProbe.actual_public_transfer' depends on axioms: [propext, Classical.choice, Quot.sound]
'LinearizationProbe.actual_bound_value' depends on axioms: [propext, Classical.choice, Quot.sound]
'LinearizationProbe.nonzero_energy' depends on axioms: [propext, Classical.choice, Quot.sound]
'LinearizationProbe.positive_terminal' depends on axioms: [propext, Classical.choice, Quot.sound]
'LinearizationProbe.canonical_producer_instance' depends on axioms: [propext, Classical.choice, Quot.sound]
'LinearizationProbe.current_and_future_do_not_change_output' depends on axioms: [propext, Classical.choice, Quot.sound]
'LinearizationProbe.zero_horizon_actual_comparison' depends on axioms: [propext, Classical.choice, Quot.sound]
'LinearizationProbe.V' depends on axioms: [propext, Classical.choice, Quot.sound]
'LinearizationProbe.learner' depends on axioms: [propext, Classical.choice, Quot.sound]
'LinearizationProbe.quadratic' depends on axioms: [propext, Classical.choice, Quot.sound]
'LinearizationProbe.affine' depends on axioms: [propext, Classical.choice, Quot.sound]
'LinearizationProbe.losses' depends on axioms: [propext, Classical.choice, Quot.sound]
'LinearizationProbe.policy' depends on axioms: [propext, Classical.choice, Quot.sound]
'LinearizationProbe.bound' depends on axioms: [propext, Classical.choice, Quot.sound]
'LinearizationProbe.invalid_future' depends on axioms: [propext, Classical.choice, Quot.sound]
'LinearizationProbe.x' depends on axioms: [propext, Classical.choice, Quot.sound]
'LinearizationProbe.g' depends on axioms: [propext, Classical.choice, Quot.sound]
