{
  "schema_version": 1,
  "mode": "shadow-read-only",
  "analyzed_at": "2026-10-07T08:34:42+00:00",
  "trials_path": "E:\\ABRL\\worktrees\\research-online-book\\runs\\online-linearization-public-20261007\\candidate-scoped-trials-v2.jsonl",
  "trial_rows": 1,
  "status_counts": {
    "compiled": 1
  },
  "inferred_frontier": {
    "selected_task": "ONLINE-LINEARIZATION-PUBLIC-20261007",
    "selected_leaf": "ONLINE-LINEARIZATION-PUBLIC-20261007",
    "source_status": "compiled",
    "last_accepted_verifier": {
      "trial_index": 0,
      "time": "2026-10-07T08:21:47+00:00",
      "task": "ONLINE-LINEARIZATION-PUBLIC-20261007",
      "role": "lower",
      "kind": "build",
      "status": "compiled",
      "lean": "BanditRLProof\\OnlineLinearization.lean",
      "notes": "Existing18public proofs9defs3abbr/whole25canaryproofs8defs2abbr unchanged. Actual65kernel/18guards/directVALUE; ZERO new math. BODY/combined/reader/FINAL/nativeaccepted/PR pending; chapter/Goal incomplete.",
      "run_id": "online-linearization-public-20261007"
    }
  },
  "memory_digest": {
    "path": "E:\\ABRL\\worktrees\\research-online-book\\runs\\online-linearization-public-20261007\\memory-digest-candidate-v2.md",
    "task": ""
  },
  "recorded_frontier": {
    "schema_version": 1,
    "record_id": "frontier-e2811ce1abbb6599",
    "updated_at": "2026-10-07T08:34:42+00:00",
    "root_objective": "Persistent Orabona Chapters1-16; current same-run causal linearization reuse",
    "current_leaf": {
      "id": "ONLINE-LINEARIZATION-PUBLIC-20261007",
      "kind": "lean",
      "status": "gate-pending",
      "statement": "theorem canonical_regret_comparison (V : Domain (E := E)) (A : LinearPolicy (E := E)) (hA : Feasible V A) (loss : ℕ → E → EReal) (T : ℕ) (hloss : ∀ t < T, BanditRL.OnlineSubgradientDescent.SubdifferentiableOn V (loss t)) (u : E) (hu : u ∈ V.carrier) : regret A loss BanditRL.OnlineSubgradientPolicy.canonicalPolicy u T ≤ BanditRL.OnlineLearning.comparatorRegret (fun t => linearLoss (selected A loss BanditRL.OnlineSubgradientPolicy.canonicalPolicy t)) (linearRun A (selected A loss BanditRL.OnlineSubgradientPolicy.canonicalPolicy)) u T",
      "statement_hash": "687d3a8a042270fe0d3ab5144366af421ac2ec9274fa5f1f427ed181202df34d",
      "declaration": "BanditRL.OnlineLinearization.canonical_regret_comparison",
      "file": "BanditRLProof\\OnlineLinearization.lean",
      "source_status": "source-reviewed",
      "dependencies": [
        {
          "kind": "lean",
          "name": "BanditRL.OnlineLinearization.regret_comparison",
          "status": "compiled"
        },
        {
          "kind": "lean",
          "name": "BanditRL.OnlineLinearization.canonical_feedback",
          "status": "compiled"
        }
      ]
    },
    "dag": {
      "nodes": [
        {
          "id": "ONLINE-LINEARIZATION-PUBLIC-20261007",
          "kind": "lean",
          "status": "gate-pending",
          "dependencies": [
            {
              "kind": "lean",
              "name": "BanditRL.OnlineLinearization.regret_comparison",
              "status": "compiled"
            },
            {
              "kind": "lean",
              "name": "BanditRL.OnlineLinearization.canonical_feedback",
              "status": "compiled"
            }
          ],
          "dispatch_count": 0
        }
      ]
    },
    "last_accepted_verifier": {
      "trial_index": 0,
      "time": "2026-10-07T08:21:47+00:00",
      "task": "ONLINE-LINEARIZATION-PUBLIC-20261007",
      "role": "lower",
      "kind": "build",
      "status": "compiled",
      "lean": "BanditRLProof\\OnlineLinearization.lean",
      "notes": "Existing18public proofs9defs3abbr/whole25canaryproofs8defs2abbr unchanged. Actual65kernel/18guards/directVALUE; ZERO new math. BODY/combined/reader/FINAL/nativeaccepted/PR pending; chapter/Goal incomplete.",
      "run_id": "online-linearization-public-20261007"
    },
    "memory_policy": {
      "recent_role_relevant_limit": 5,
      "explicit_verified_lemma_ids": [],
      "whole_history_default": false
    },
    "shadow_gate": {
      "status": "pending",
      "analyzed_trial_rows": 1,
      "mismatches": [],
      "replay_transitions": 0
    },
    "mutation_policy": {
      "canonical_path_queue": true,
      "cross_process_lock": true,
      "same_file_serialized": true,
      "disjoint_files_parallel": true
    },
    "autonomous_execution": {
      "enabled": false,
      "requires_deterministic_gates": true,
      "requires_explicit_user_request": true
    }
  },
  "mismatches": [],
  "would_mutate": false
}
