E:\ABRL\worktrees\research-online-book\runs\online-linearization-public-20261007\leaves\closed-type-comparison-v3.lean:69:55: warning: unused variable `hA`

Note: This linter can be disabled with `set_option linter.unusedVariables false`
E:\ABRL\worktrees\research-online-book\runs\online-linearization-public-20261007\leaves\closed-type-comparison-v3.lean:73:99: warning: unused variable `hloss`

Note: This linter can be disabled with `set_option linter.unusedVariables false`
E:\ABRL\worktrees\research-online-book\runs\online-linearization-public-20261007\leaves\closed-type-comparison-v3.lean:77:99: warning: unused variable `hloss`

Note: This linter can be disabled with `set_option linter.unusedVariables false`
E:\ABRL\worktrees\research-online-book\runs\online-linearization-public-20261007\leaves\closed-type-comparison-v3.lean:81:55: warning: unused variable `hA`

Note: This linter can be disabled with `set_option linter.unusedVariables false`
E:\ABRL\worktrees\research-online-book\runs\online-linearization-public-20261007\leaves\closed-type-comparison-v3.lean:81:127: warning: unused variable `hp`

Note: This linter can be disabled with `set_option linter.unusedVariables false`
E:\ABRL\worktrees\research-online-book\runs\online-linearization-public-20261007\leaves\closed-type-comparison-v3.lean:81:150: warning: unused variable `hloss`

Note: This linter can be disabled with `set_option linter.unusedVariables false`
E:\ABRL\worktrees\research-online-book\runs\online-linearization-public-20261007\leaves\closed-type-comparison-v3.lean:85:55: warning: unused variable `hA`

Note: This linter can be disabled with `set_option linter.unusedVariables false`
E:\ABRL\worktrees\research-online-book\runs\online-linearization-public-20261007\leaves\closed-type-comparison-v3.lean:85:106: warning: unused variable `hloss`

Note: This linter can be disabled with `set_option linter.unusedVariables false`
E:\ABRL\worktrees\research-online-book\runs\online-linearization-public-20261007\leaves\closed-type-comparison-v3.lean:89:55: warning: unused variable `hA`

Note: This linter can be disabled with `set_option linter.unusedVariables false`
E:\ABRL\worktrees\research-online-book\runs\online-linearization-public-20261007\leaves\closed-type-comparison-v3.lean:89:135: warning: unused variable `hloss`

Note: This linter can be disabled with `set_option linter.unusedVariables false`
E:\ABRL\worktrees\research-online-book\runs\online-linearization-public-20261007\leaves\closed-type-comparison-v3.lean:89:181: warning: unused variable `ht`

Note: This linter can be disabled with `set_option linter.unusedVariables false`
E:\ABRL\worktrees\research-online-book\runs\online-linearization-public-20261007\leaves\closed-type-comparison-v3.lean:93:43: warning: unused variable `hf`

Note: This linter can be disabled with `set_option linter.unusedVariables false`
E:\ABRL\worktrees\research-online-book\runs\online-linearization-public-20261007\leaves\closed-type-comparison-v3.lean:93:74: warning: unused variable `hu`

Note: This linter can be disabled with `set_option linter.unusedVariables false`
E:\ABRL\worktrees\research-online-book\runs\online-linearization-public-20261007\leaves\closed-type-comparison-v3.lean:93:95: warning: unused variable `hg`

Note: This linter can be disabled with `set_option linter.unusedVariables false`
E:\ABRL\worktrees\research-online-book\runs\online-linearization-public-20261007\leaves\closed-type-comparison-v3.lean:101:115: warning: unused variable `hloss`

Note: This linter can be disabled with `set_option linter.unusedVariables false`
E:\ABRL\worktrees\research-online-book\runs\online-linearization-public-20261007\leaves\closed-type-comparison-v3.lean:101:153: warning: unused variable `hlegal`

Note: This linter can be disabled with `set_option linter.unusedVariables false`
E:\ABRL\worktrees\research-online-book\runs\online-linearization-public-20261007\leaves\closed-type-comparison-v3.lean:101:197: warning: unused variable `hu`

Note: This linter can be disabled with `set_option linter.unusedVariables false`
E:\ABRL\worktrees\research-online-book\runs\online-linearization-public-20261007\leaves\closed-type-comparison-v3.lean:105:115: warning: unused variable `hloss`

Note: This linter can be disabled with `set_option linter.unusedVariables false`
E:\ABRL\worktrees\research-online-book\runs\online-linearization-public-20261007\leaves\closed-type-comparison-v3.lean:105:153: warning: unused variable `hlegal`

Note: This linter can be disabled with `set_option linter.unusedVariables false`
E:\ABRL\worktrees\research-online-book\runs\online-linearization-public-20261007\leaves\closed-type-comparison-v3.lean:105:215: warning: unused variable `hB`

Note: This linter can be disabled with `set_option linter.unusedVariables false`
E:\ABRL\worktrees\research-online-book\runs\online-linearization-public-20261007\leaves\closed-type-comparison-v3.lean:105:322: warning: unused variable `hu`

Note: This linter can be disabled with `set_option linter.unusedVariables false`
E:\ABRL\worktrees\research-online-book\runs\online-linearization-public-20261007\leaves\closed-type-comparison-v3.lean:109:55: warning: unused variable `hA`

Note: This linter can be disabled with `set_option linter.unusedVariables false`
E:\ABRL\worktrees\research-online-book\runs\online-linearization-public-20261007\leaves\closed-type-comparison-v3.lean:109:106: warning: unused variable `hloss`

Note: This linter can be disabled with `set_option linter.unusedVariables false`
E:\ABRL\worktrees\research-online-book\runs\online-linearization-public-20261007\leaves\closed-type-comparison-v3.lean:109:152: warning: unused variable `hu`

Note: This linter can be disabled with `set_option linter.unusedVariables false`
NeutralPacket.Q01.{u_1} {E : Type u_1} : Prop
NeutralPacket.Q02.{u_1} {E : Type u_1} : Prop
NeutralPacket.Q03.{u_1} {E : Type u_1} : Prop
NeutralPacket.Q04.{u_1} {E : Type u_1} : Prop
NeutralPacket.Q05.{u_1} {E : Type u_1} : Prop
NeutralPacket.Q06.{u_1} {E : Type u_1} : Prop
NeutralPacket.Q07.{u_1} {E : Type u_1} : Prop
NeutralPacket.Q08.{u_1} {E : Type u_1} [NormedAddCommGroup E] [InnerProductSpace ℝ E] : Prop
NeutralPacket.Q09.{u_1} {E : Type u_1} : Prop
NeutralPacket.Q10.{u_1} {E : Type u_1} : Prop
NeutralPacket.Q11.{u_1} {E : Type u_1} [NormedAddCommGroup E] [InnerProductSpace ℝ E] [FiniteDimensional ℝ E] : Prop
NeutralPacket.Q12.{u_1} {E : Type u_1} [NormedAddCommGroup E] [InnerProductSpace ℝ E] [FiniteDimensional ℝ E] : Prop
NeutralPacket.Q13.{u_1} {E : Type u_1} [NormedAddCommGroup E] [InnerProductSpace ℝ E] [FiniteDimensional ℝ E] : Prop
NeutralPacket.Q14.{u_1} {E : Type u_1} [NormedAddCommGroup E] [InnerProductSpace ℝ E] [FiniteDimensional ℝ E] : Prop
NeutralPacket.Q15.{u_1} {E : Type u_1} [NormedAddCommGroup E] [InnerProductSpace ℝ E] : Prop
NeutralPacket.Q16.{u_1} {E : Type u_1} [NormedAddCommGroup E] [InnerProductSpace ℝ E] [FiniteDimensional ℝ E] : Prop
NeutralPacket.Q17.{u_1} {E : Type u_1} [NormedAddCommGroup E] [InnerProductSpace ℝ E] [FiniteDimensional ℝ E] : Prop
NeutralPacket.Q18.{u_1} {E : Type u_1} [NormedAddCommGroup E] [InnerProductSpace ℝ E] [FiniteDimensional ℝ E] : Prop
E:\ABRL\worktrees\research-online-book\runs\online-linearization-public-20261007\leaves\closed-type-comparison-v3.lean:191:55: warning: unused variable `hA`

Note: This linter can be disabled with `set_option linter.unusedVariables false`
E:\ABRL\worktrees\research-online-book\runs\online-linearization-public-20261007\leaves\closed-type-comparison-v3.lean:195:99: warning: unused variable `hloss`

Note: This linter can be disabled with `set_option linter.unusedVariables false`
E:\ABRL\worktrees\research-online-book\runs\online-linearization-public-20261007\leaves\closed-type-comparison-v3.lean:199:99: warning: unused variable `hloss`

Note: This linter can be disabled with `set_option linter.unusedVariables false`
E:\ABRL\worktrees\research-online-book\runs\online-linearization-public-20261007\leaves\closed-type-comparison-v3.lean:203:55: warning: unused variable `hA`

Note: This linter can be disabled with `set_option linter.unusedVariables false`
E:\ABRL\worktrees\research-online-book\runs\online-linearization-public-20261007\leaves\closed-type-comparison-v3.lean:203:127: warning: unused variable `hp`

Note: This linter can be disabled with `set_option linter.unusedVariables false`
E:\ABRL\worktrees\research-online-book\runs\online-linearization-public-20261007\leaves\closed-type-comparison-v3.lean:203:189: warning: unused variable `hloss`

Note: This linter can be disabled with `set_option linter.unusedVariables false`
E:\ABRL\worktrees\research-online-book\runs\online-linearization-public-20261007\leaves\closed-type-comparison-v3.lean:207:55: warning: unused variable `hA`

Note: This linter can be disabled with `set_option linter.unusedVariables false`
E:\ABRL\worktrees\research-online-book\runs\online-linearization-public-20261007\leaves\closed-type-comparison-v3.lean:207:106: warning: unused variable `hloss`

Note: This linter can be disabled with `set_option linter.unusedVariables false`
E:\ABRL\worktrees\research-online-book\runs\online-linearization-public-20261007\leaves\closed-type-comparison-v3.lean:211:55: warning: unused variable `hA`

Note: This linter can be disabled with `set_option linter.unusedVariables false`
E:\ABRL\worktrees\research-online-book\runs\online-linearization-public-20261007\leaves\closed-type-comparison-v3.lean:211:135: warning: unused variable `hloss`

Note: This linter can be disabled with `set_option linter.unusedVariables false`
E:\ABRL\worktrees\research-online-book\runs\online-linearization-public-20261007\leaves\closed-type-comparison-v3.lean:211:227: warning: unused variable `ht`

Note: This linter can be disabled with `set_option linter.unusedVariables false`
E:\ABRL\worktrees\research-online-book\runs\online-linearization-public-20261007\leaves\closed-type-comparison-v3.lean:215:43: warning: unused variable `hf`

Note: This linter can be disabled with `set_option linter.unusedVariables false`
E:\ABRL\worktrees\research-online-book\runs\online-linearization-public-20261007\leaves\closed-type-comparison-v3.lean:215:120: warning: unused variable `hu`

Note: This linter can be disabled with `set_option linter.unusedVariables false`
E:\ABRL\worktrees\research-online-book\runs\online-linearization-public-20261007\leaves\closed-type-comparison-v3.lean:215:141: warning: unused variable `hg`

Note: This linter can be disabled with `set_option linter.unusedVariables false`
E:\ABRL\worktrees\research-online-book\runs\online-linearization-public-20261007\leaves\closed-type-comparison-v3.lean:223:115: warning: unused variable `hloss`

Note: This linter can be disabled with `set_option linter.unusedVariables false`
E:\ABRL\worktrees\research-online-book\runs\online-linearization-public-20261007\leaves\closed-type-comparison-v3.lean:223:199: warning: unused variable `hlegal`

Note: This linter can be disabled with `set_option linter.unusedVariables false`
E:\ABRL\worktrees\research-online-book\runs\online-linearization-public-20261007\leaves\closed-type-comparison-v3.lean:223:243: warning: unused variable `hu`

Note: This linter can be disabled with `set_option linter.unusedVariables false`
E:\ABRL\worktrees\research-online-book\runs\online-linearization-public-20261007\leaves\closed-type-comparison-v3.lean:227:115: warning: unused variable `hloss`

Note: This linter can be disabled with `set_option linter.unusedVariables false`
E:\ABRL\worktrees\research-online-book\runs\online-linearization-public-20261007\leaves\closed-type-comparison-v3.lean:227:199: warning: unused variable `hlegal`

Note: This linter can be disabled with `set_option linter.unusedVariables false`
E:\ABRL\worktrees\research-online-book\runs\online-linearization-public-20261007\leaves\closed-type-comparison-v3.lean:227:261: warning: unused variable `hB`

Note: This linter can be disabled with `set_option linter.unusedVariables false`
E:\ABRL\worktrees\research-online-book\runs\online-linearization-public-20261007\leaves\closed-type-comparison-v3.lean:227:398: warning: unused variable `hu`

Note: This linter can be disabled with `set_option linter.unusedVariables false`
E:\ABRL\worktrees\research-online-book\runs\online-linearization-public-20261007\leaves\closed-type-comparison-v3.lean:231:55: warning: unused variable `hA`

Note: This linter can be disabled with `set_option linter.unusedVariables false`
E:\ABRL\worktrees\research-online-book\runs\online-linearization-public-20261007\leaves\closed-type-comparison-v3.lean:231:106: warning: unused variable `hloss`

Note: This linter can be disabled with `set_option linter.unusedVariables false`
E:\ABRL\worktrees\research-online-book\runs\online-linearization-public-20261007\leaves\closed-type-comparison-v3.lean:231:198: warning: unused variable `hu`

Note: This linter can be disabled with `set_option linter.unusedVariables false`
