{
  "time": "2026-10-07T08:21:47+00:00",
  "task": "ONLINE-LINEARIZATION-PUBLIC-20261007",
  "role": "lower",
  "kind": "build",
  "status": "compiled",
  "notes": "Existing18public proofs9defs3abbr/whole25canaryproofs8defs2abbr unchanged. Actual65kernel/18guards/directVALUE; ZERO new math. BODY/combined/reader/FINAL/nativeaccepted/PR pending; chapter/Goal incomplete.",
  "lean": "BanditRLProof\\OnlineLinearization.lean",
  "source": "",
  "run_id": "online-linearization-public-20261007",
  "changed_files": [],
  "statement_hash": "687d3a8a042270fe0d3ab5144366af421ac2ec9274fa5f1f427ed181202df34d",
  "parent_id": "",
  "route_fingerprint": "",
  "verifier_evidence": [
    "E:\\ABRL\\worktrees\\research-online-book\\runs\\online-linearization-public-20261007\\body-bindings-v2.json"
  ],
  "harness": "hierarchical",
  "experiment_id": "",
  "target_fingerprint": "",
  "route_packet_hash": "",
  "attempt_id": "LINEARIZATION-PUBLIC-REUSE-V2",
  "worker_id": "",
  "progress_class": "retrieval-reuse",
  "reviewer_validated": false,
  "obligations_before": 0,
  "obligations_after": 0,
  "new_declarations": [],
  "reused_declarations": [
    "BanditRL.OnlineLinearization.canonical_regret_comparison"
  ],
  "dag_nodes": 0,
  "dag_depth": 0,
  "elapsed_seconds": 0.0,
  "lean_check_seconds": 0.0,
  "prompt_chars": 0,
  "input_tokens": 0,
  "output_tokens": 0,
  "error_signature": ""
}
