SITE CHECK PASSED
- HTML pages: 750
- modules: 677
- declarations: 8962
- highlights: 140
- milestones: 83
- textbook crosswalks: 14
- source theorem restatements: 28
- BanditRLwiki settings/cases/papers: 7/13/19
- BanditRLwiki theorem surfaces: 27
- BanditRLwiki literature-open/formalization-open cases: 0/13
- BanditRLwiki named formalization leaves: 36
- BanditRLwiki active source-frozen ports: 2
- Live Formalization mappings: 140
- Mermaid blocks: 18
- Lean source links: 9829
- internal links and anchors: valid
- README relative links: valid
- MathJax loader and readable mathematical fallbacks: valid
- GitHub Pages workflow: complete
