{
  "time": "2026-10-06T18:49:30+00:00",
  "task": "ONLINE-SUBGRADIENT-SUM-MIGRATION-20261007",
  "role": "reviewer",
  "kind": "review",
  "status": "accepted",
  "notes": "Same actualcompiled retained sum producer accepted after distinctFINAL/currentcombinedgates.9retainedproof/fullM/0newmath or TESTs. T2.23sourcepackageonly/notChapter2/book/productivityexperiment.",
  "lean": "",
  "source": "",
  "run_id": "online-subgradient-sum-migration-20261007",
  "changed_files": [],
  "statement_hash": "f8f55e9cb1443f1d86097737e3b76aa2e729ae897e601e207f6f78e5c8b9a1c3",
  "parent_id": "",
  "route_fingerprint": "",
  "verifier_evidence": [
    "runs\\online-subgradient-sum-migration-20261007\\final-reader-receipt-v1.json"
  ],
  "harness": "hierarchical",
  "experiment_id": "",
  "target_fingerprint": "",
  "route_packet_hash": "",
  "attempt_id": "SUBGRADIENT-SUM-RETAINED-BODIES-V1",
  "worker_id": "",
  "progress_class": "retrieval-reuse",
  "reviewer_validated": true,
  "obligations_before": 0,
  "obligations_after": 0,
  "new_declarations": [],
  "reused_declarations": [
    "BanditRL.OnlineConvex.theorem_2_23_inclusion",
    "BanditRL.OnlineConvex.theorem_2_23_equality"
  ],
  "dag_nodes": 0,
  "dag_depth": 0,
  "elapsed_seconds": 0.0,
  "lean_check_seconds": 0.0,
  "prompt_chars": 0,
  "input_tokens": 0,
  "output_tokens": 0,
  "error_signature": ""
}
