{
  "schema_version": 1,
  "entry_id": "entry-23bd1ccfc5ea7216",
  "session_id": "ONLINE-SUBGRADIENT-SUM-MIGRATION-20261007",
  "sequence": 6,
  "parent_id": "entry-eb46ba99f59c2bf9",
  "event_type": "accepted",
  "created_at": "2026-10-06T18:49:30+00:00",
  "payload": {
    "run_id": "online-subgradient-sum-migration-20261007",
    "accepted_decision": "runs\\online-subgradient-sum-migration-20261007\\accepted-decision-v1.json",
    "retained_proofs": 9,
    "new_proofs": 0,
    "new_test_proofs": 0,
    "merged": false,
    "live": false,
    "source_package_accepted": true,
    "chapter_complete": false,
    "goal_complete": false
  }
}
