{
  "schema_version": 1,
  "mode": "shadow-read-only",
  "analyzed_at": "2026-10-06T18:31:47+00:00",
  "trials_path": "E:\\ABRL\\worktrees\\research-online-book\\runs\\online-subgradient-sum-migration-20261007\\candidate-scoped-trials-v1.jsonl",
  "trial_rows": 1,
  "status_counts": {
    "compiled": 1
  },
  "inferred_frontier": {
    "selected_task": "ONLINE-SUBGRADIENT-SUM-MIGRATION-20261007",
    "selected_leaf": "ONLINE-SUBGRADIENT-SUM-MIGRATION-20261007",
    "source_status": "compiled",
    "last_accepted_verifier": {
      "trial_index": 0,
      "time": "2026-10-06T18:24:07+00:00",
      "task": "ONLINE-SUBGRADIENT-SUM-MIGRATION-20261007",
      "role": "lower",
      "kind": "build",
      "status": "compiled",
      "lean": "BanditRLProof/OnlineSubgradientSum.lean",
      "notes": "Actual9 retained proofs/complete M/whole20canary proofs3definitions/29kernel checks/9guards/33selected nodes2844refs PASS.0newproductionmath or TESTs; BODY/package gates pending, Chapter2/book incomplete.",
      "run_id": "online-subgradient-sum-migration-20261007"
    }
  },
  "memory_digest": {
    "path": "E:\\ABRL\\worktrees\\research-online-book\\runs\\online-subgradient-sum-migration-20261007\\memory-digest-candidate-v1.md",
    "task": ""
  },
  "recorded_frontier": {
    "schema_version": 1,
    "record_id": "frontier-a55e92fb1ef8b89d",
    "updated_at": "2026-10-06T18:31:47+00:00",
    "root_objective": "Persistent Orabona Chapters1-16 Goal; T2.23 bothbranches candidate only; chapter/book incomplete",
    "current_leaf": {
      "id": "ONLINE-SUBGRADIENT-SUM-MIGRATION-20261007",
      "kind": "lean",
      "status": "gate-pending",
      "statement": "theorem theorem_2_23_equality (n : ℕ) (f : Fin (n + 1) → E → EReal) (hp : ∀ i, SourceProper (f i)) (hc : ∀ i, IsConvexExtended (f i)) (hclosed : ∀ i, SourceClosed (f i)) (hqual : ∃ z : E, z ∈ effectiveDomain (f (Fin.last n)) ∧ ∀ i : Fin (n + 1), i ≠ Fin.last n → z ∈ interior (effectiveDomain (f i))) (x : E) : SourceSubdifferential (fun y => ∑ i, f i y) x = SourceSubgradientSum f x",
      "statement_hash": "f8f55e9cb1443f1d86097737e3b76aa2e729ae897e601e207f6f78e5c8b9a1c3",
      "declaration": "BanditRL.OnlineConvex.theorem_2_23_equality",
      "file": "BanditRLProof/OnlineSubgradientSum.lean",
      "source_status": "source-body-reviewed",
      "dependencies": [
        {
          "kind": "lean",
          "name": "BanditRL.OnlineConvex.theorem_2_23_inclusion",
          "status": "compiled"
        },
        {
          "kind": "lean",
          "name": "BanditRL.OnlineConvex.binary_subgradient_decomposition",
          "status": "compiled"
        },
        {
          "kind": "review",
          "name": "source-body",
          "status": "accepted"
        }
      ]
    },
    "dag": {
      "nodes": [
        {
          "id": "ONLINE-SUBGRADIENT-SUM-MIGRATION-20261007",
          "kind": "lean",
          "status": "gate-pending",
          "dependencies": [
            {
              "kind": "lean",
              "name": "BanditRL.OnlineConvex.theorem_2_23_inclusion",
              "status": "compiled"
            },
            {
              "kind": "lean",
              "name": "BanditRL.OnlineConvex.binary_subgradient_decomposition",
              "status": "compiled"
            },
            {
              "kind": "review",
              "name": "source-body",
              "status": "accepted"
            }
          ],
          "dispatch_count": 0
        }
      ]
    },
    "last_accepted_verifier": {
      "trial_index": 0,
      "time": "2026-10-06T18:24:07+00:00",
      "task": "ONLINE-SUBGRADIENT-SUM-MIGRATION-20261007",
      "role": "lower",
      "kind": "build",
      "status": "compiled",
      "lean": "BanditRLProof/OnlineSubgradientSum.lean",
      "notes": "Actual9 retained proofs/complete M/whole20canary proofs3definitions/29kernel checks/9guards/33selected nodes2844refs PASS.0newproductionmath or TESTs; BODY/package gates pending, Chapter2/book incomplete.",
      "run_id": "online-subgradient-sum-migration-20261007"
    },
    "memory_policy": {
      "recent_role_relevant_limit": 5,
      "explicit_verified_lemma_ids": [],
      "whole_history_default": false
    },
    "shadow_gate": {
      "status": "pending",
      "analyzed_trial_rows": 1,
      "mismatches": [],
      "replay_transitions": 0
    },
    "mutation_policy": {
      "canonical_path_queue": true,
      "cross_process_lock": true,
      "same_file_serialized": true,
      "disjoint_files_parallel": true
    },
    "autonomous_execution": {
      "enabled": false,
      "requires_deterministic_gates": true,
      "requires_explicit_user_request": true
    }
  },
  "mismatches": [],
  "would_mutate": false
}
