'BanditRL.OnlineConvex.upperAdd_eq_add_of_ne_bot' depends on axioms: [propext, Classical.choice, Quot.sound]
'BanditRL.OnlineConvex.ereal_finset_sum_ne_bot' depends on axioms: [propext, Classical.choice, Quot.sound]
'BanditRL.OnlineConvex.convex_finset_sum' depends on axioms: [propext, Classical.choice, Quot.sound]
'BanditRL.OnlineConvex.finite_sum_point' depends on axioms: [propext, Classical.choice, Quot.sound]
'BanditRL.OnlineConvex.sum_finite_implies_components_finite' depends on axioms: [propext, Classical.choice, Quot.sound]
'BanditRL.OnlineConvex.interior_domain_sum' depends on axioms: [propext, Classical.choice, Quot.sound]
'BanditRL.OnlineConvex.binary_subgradient_decomposition' depends on axioms: [propext, Classical.choice, Quot.sound]
'BanditRL.OnlineConvex.theorem_2_23_inclusion' depends on axioms: [propext, Classical.choice, Quot.sound]
'BanditRL.OnlineConvex.theorem_2_23_equality' depends on axioms: [propext, Classical.choice, Quot.sound]
'SumEqualityProbe.square_proper' depends on axioms: [propext, Classical.choice, Quot.sound]
'SumEqualityProbe.square_domain' depends on axioms: [propext, Classical.choice, Quot.sound]
'SumEqualityProbe.square_convex' depends on axioms: [propext, Classical.choice, Quot.sound]
'SumEqualityProbe.square_closed' depends on axioms: [propext, Classical.choice, Quot.sound]
'SumEqualityProbe.interval_proper' depends on axioms: [propext, Classical.choice, Quot.sound]
'SumEqualityProbe.interval_convex' depends on axioms: [propext, Classical.choice, Quot.sound]
'SumEqualityProbe.interval_closed' depends on axioms: [propext, Classical.choice, Quot.sound]
'SumEqualityProbe.family_proper' depends on axioms: [propext, Classical.choice, Quot.sound]
'SumEqualityProbe.family_convex' depends on axioms: [propext, Classical.choice, Quot.sound]
'SumEqualityProbe.family_closed' depends on axioms: [propext, Classical.choice, Quot.sound]
'SumEqualityProbe.family_mixed_qualification' depends on axioms: [propext, Classical.choice, Quot.sound]
'SumEqualityProbe.nonzero_aggregate_support' depends on axioms: [propext, Classical.choice, Quot.sound]
'SumEqualityProbe.actual_three_component_decomposition' depends on axioms: [propext, Classical.choice, Quot.sound]
'SumEqualityProbe.last_domain_boundary' depends on axioms: [propext, Classical.choice, Quot.sound]
'SumEqualityProbe.outside_domain_both_empty' depends on axioms: [propext, Classical.choice, Quot.sound]
'SumEqualityProbe.singleton_family_empty_interior' depends on axioms: [propext, Classical.choice, Quot.sound]
'SumRuleProbe.quadratic_plus_constraint_support' depends on axioms: [propext, Classical.choice, Quot.sound]
'SumRuleProbe.concave_quadratic_no_support' depends on axioms: [propext, Classical.choice, Quot.sound]
'SumRuleProbe.nonconvex_vacuous_inclusion' depends on axioms: [propext, Classical.choice, Quot.sound]
'SumRuleProbe.empty_family_zero_support' depends on axioms: [propext, Classical.choice, Quot.sound]
