{
  "time": "2026-10-05T19:10:17+00:00",
  "task": "ONLINE-CLOSED-PROPER-MIGRATION-20261006",
  "role": "reviewer",
  "kind": "review",
  "status": "accepted",
  "notes": "Same actualcompiled3proof2definition bundle accepted after distinct source/reader/integrated gates. Four numbered anchors+required unnumbered result/0newproofgain, actualsourceintegration notChapter2/book/productivity experiment.",
  "lean": "",
  "source": "",
  "run_id": "online-closed-proper-migration-20261006",
  "changed_files": [],
  "statement_hash": "0381e069cd9755d4ac01491e64a853e9e91aeb844bcfec8461e1b8a722534226",
  "parent_id": "",
  "route_fingerprint": "",
  "verifier_evidence": [
    "runs\\online-closed-proper-migration-20261006\\final-reader-receipt-v1.json"
  ],
  "harness": "hierarchical",
  "experiment_id": "",
  "target_fingerprint": "",
  "route_packet_hash": "",
  "attempt_id": "CLOSED-PROPER-RETAINED-BODIES-V1",
  "worker_id": "",
  "progress_class": "retrieval-reuse",
  "reviewer_validated": true,
  "obligations_before": 0,
  "obligations_after": 0,
  "new_declarations": [],
  "reused_declarations": [
    "BanditRL.OnlineConvex.sourceClosed_iff_lowerSemicontinuous"
  ],
  "dag_nodes": 0,
  "dag_depth": 0,
  "elapsed_seconds": 0.0,
  "lean_check_seconds": 0.0,
  "prompt_chars": 0,
  "input_tokens": 0,
  "output_tokens": 0,
  "error_signature": ""
}
