{
  "schema_version": 1,
  "entry_id": "entry-8dfc7806d36908fb",
  "session_id": "ONLINE-CLOSED-PROPER-MIGRATION-20261006",
  "sequence": 8,
  "parent_id": "entry-092b34b34dc74616",
  "event_type": "accepted",
  "created_at": "2026-10-05T19:10:18+00:00",
  "payload": {
    "run_id": "online-closed-proper-migration-20261006",
    "accepted_decision": "runs\\online-closed-proper-migration-20261006\\accepted-decision-v1.json",
    "retained_proofs": 3,
    "retained_definitions": 2,
    "new_proofs": 0,
    "merged": false,
    "live": false,
    "source_package_accepted": true,
    "chapter_complete": false,
    "goal_complete": false
  }
}
