{
  "schema_version": 1,
  "mode": "shadow-read-only",
  "analyzed_at": "2026-10-05T19:10:18+00:00",
  "trials_path": "E:\\ABRL\\worktrees\\research-online-book\\runs\\online-closed-proper-migration-20261006\\accepted-scoped-trials-v1.jsonl",
  "trial_rows": 2,
  "status_counts": {
    "accepted": 1,
    "compiled": 1
  },
  "inferred_frontier": {
    "selected_task": "ONLINE-CLOSED-PROPER-MIGRATION-20261006",
    "selected_leaf": "ONLINE-CLOSED-PROPER-MIGRATION-20261006",
    "source_status": "accepted",
    "last_accepted_verifier": {
      "trial_index": 1,
      "time": "2026-10-05T19:10:17+00:00",
      "task": "ONLINE-CLOSED-PROPER-MIGRATION-20261006",
      "role": "reviewer",
      "kind": "review",
      "status": "accepted",
      "lean": "",
      "notes": "Same actualcompiled3proof2definition bundle accepted after distinct source/reader/integrated gates. Four numbered anchors+required unnumbered result/0newproofgain, actualsourceintegration notChapter2/book/productivity experiment.",
      "run_id": "online-closed-proper-migration-20261006"
    }
  },
  "memory_digest": {
    "path": "E:\\ABRL\\worktrees\\research-online-book\\runs\\online-closed-proper-migration-20261006\\memory-digest-accepted-v1.md",
    "task": ""
  },
  "recorded_frontier": {
    "schema_version": 1,
    "record_id": "frontier-0ee93c1a4ff08722",
    "updated_at": "2026-10-05T19:10:18+00:00",
    "root_objective": "Persistent Orabona Chapters1-16 Goal; only closed/proper sourcepackage accepted,Chapter2/book incomplete",
    "current_leaf": {
      "id": "ONLINE-CLOSED-PROPER-MIGRATION-20261006",
      "kind": "lean",
      "status": "accepted",
      "statement": "theorem sourceClosed_iff_lowerSemicontinuous (f : E → EReal) : SourceClosed f ↔ LowerSemicontinuous f",
      "statement_hash": "0381e069cd9755d4ac01491e64a853e9e91aeb844bcfec8461e1b8a722534226",
      "declaration": "BanditRL.OnlineConvex.sourceClosed_iff_lowerSemicontinuous",
      "file": "BanditRLProof/OnlineClosedProper.lean",
      "source_status": "source-reviewed",
      "dependencies": [
        {
          "kind": "lean",
          "name": "BanditRL.OnlineConvex.SourceClosed",
          "status": "compiled"
        },
        {
          "kind": "lean",
          "name": "BanditRL.OnlineConvex.SourceProper",
          "status": "compiled"
        },
        {
          "kind": "lean",
          "name": "BanditRL.OnlineConvex.extendedIndicator",
          "status": "compiled"
        },
        {
          "kind": "review",
          "name": "source-reader",
          "status": "accepted"
        }
      ]
    },
    "dag": {
      "nodes": [
        {
          "id": "ONLINE-CLOSED-PROPER-MIGRATION-20261006",
          "kind": "lean",
          "status": "accepted",
          "dependencies": [
            {
              "kind": "lean",
              "name": "BanditRL.OnlineConvex.SourceClosed",
              "status": "compiled"
            },
            {
              "kind": "lean",
              "name": "BanditRL.OnlineConvex.SourceProper",
              "status": "compiled"
            },
            {
              "kind": "lean",
              "name": "BanditRL.OnlineConvex.extendedIndicator",
              "status": "compiled"
            },
            {
              "kind": "review",
              "name": "source-reader",
              "status": "accepted"
            }
          ],
          "dispatch_count": 0
        }
      ]
    },
    "last_accepted_verifier": {
      "trial_index": 1,
      "time": "2026-10-05T19:10:17+00:00",
      "task": "ONLINE-CLOSED-PROPER-MIGRATION-20261006",
      "role": "reviewer",
      "kind": "review",
      "status": "accepted",
      "lean": "",
      "notes": "Same actualcompiled3proof2definition bundle accepted after distinct source/reader/integrated gates. Four numbered anchors+required unnumbered result/0newproofgain, actualsourceintegration notChapter2/book/productivity experiment.",
      "run_id": "online-closed-proper-migration-20261006"
    },
    "memory_policy": {
      "recent_role_relevant_limit": 5,
      "explicit_verified_lemma_ids": [],
      "whole_history_default": false
    },
    "shadow_gate": {
      "status": "pending",
      "analyzed_trial_rows": 2,
      "mismatches": [],
      "replay_transitions": 0
    },
    "mutation_policy": {
      "canonical_path_queue": true,
      "cross_process_lock": true,
      "same_file_serialized": true,
      "disjoint_files_parallel": true
    },
    "autonomous_execution": {
      "enabled": false,
      "requires_deterministic_gates": true,
      "requires_explicit_user_request": true
    }
  },
  "mismatches": [],
  "would_mutate": false
}
