{
  "schema_version": 1,
  "entry_id": "entry-65627fb07c38de5e",
  "session_id": "ONLINE-CLOSED-PROPER-MIGRATION-20261006",
  "sequence": 5,
  "parent_id": "entry-9aa162c44bed87e9",
  "event_type": "candidate",
  "created_at": "2026-10-05T19:00:07+00:00",
  "payload": {
    "run_id": "online-closed-proper-migration-20261006",
    "repair_resolved": true,
    "actual_retry": "full-harness-v2-01",
    "frozen_headers": [
      {
        "name": "sourceClosed_iff_lowerSemicontinuous",
        "statement_hash": "0381e069cd9755d4ac01491e64a853e9e91aeb844bcfec8461e1b8a722534226",
        "state": "fresh-body-and-combined-Lean-passed-package-gates-pending"
      },
      {
        "name": "sourceClosed_indicator_iff",
        "statement_hash": "01567830dd31a467362bcc80d50d3d030a523e09973c19c00d586cc8829ea8b2",
        "state": "fresh-body-and-combined-Lean-passed-package-gates-pending"
      },
      {
        "name": "sourceProper_indicator_iff",
        "statement_hash": "1be17bbbe41e49b1af097a4ed563df1b16bf035d79d246740fff14dea30eea58",
        "state": "fresh-body-and-combined-Lean-passed-package-gates-pending"
      }
    ],
    "no_mathematical_change": true,
    "remaining_gates": [
      "contributor/history/site/registry/finalreader/PR"
    ],
    "source_package_accepted": false,
    "chapter_complete": false,
    "goal_complete": false
  }
}
