{
  "schema_version": 1,
  "entry_id": "entry-9aec3936d4ba9b7d",
  "session_id": "ONLINE-CLOSED-PROPER-MIGRATION-20261006",
  "sequence": 0,
  "parent_id": "",
  "event_type": "draft",
  "created_at": "2026-10-05T18:39:19+00:00",
  "payload": {
    "run_id": "online-closed-proper-migration-20261006",
    "frozen_headers": {
      "sourceClosed_iff_lowerSemicontinuous": "0381e069cd9755d4ac01491e64a853e9e91aeb844bcfec8461e1b8a722534226",
      "sourceClosed_indicator_iff": "01567830dd31a467362bcc80d50d3d030a523e09973c19c00d586cc8829ea8b2",
      "sourceProper_indicator_iff": "1be17bbbe41e49b1af097a4ed563df1b16bf035d79d246740fff14dea30eea58"
    },
    "retained_proofs": 3,
    "retained_definitions": 2,
    "new_proofs": 0,
    "numbered_source_anchors": 4,
    "unnumbered_required_results": 1,
    "source_package_accepted": false,
    "chapter_complete": false,
    "goal_complete": false
  }
}
