{
  "schema_version": 1,
  "entry_id": "entry-665a9cb95c7787ce",
  "session_id": "ONLINE-CLOSED-PROPER-MIGRATION-20261006",
  "sequence": 2,
  "parent_id": "entry-6f84cb3c98297856",
  "event_type": "proving",
  "created_at": "2026-10-05T18:43:50+00:00",
  "payload": {
    "run_id": "online-closed-proper-migration-20261006",
    "frozen_headers": {
      "sourceClosed_iff_lowerSemicontinuous": "0381e069cd9755d4ac01491e64a853e9e91aeb844bcfec8461e1b8a722534226",
      "sourceClosed_indicator_iff": "01567830dd31a467362bcc80d50d3d030a523e09973c19c00d586cc8829ea8b2",
      "sourceProper_indicator_iff": "1be17bbbe41e49b1af097a4ed563df1b16bf035d79d246740fff14dea30eea58"
    },
    "source_contract_receipt": "runs\\online-closed-proper-migration-20261006\\source-contract-receipt-v1.json",
    "route": "single lower retained-body revalidation",
    "first_ready_leaf": "sourceClosed_iff_lowerSemicontinuous",
    "terminal": "Three independent closed/proper equivalences, no theorem-to-theorem value edges",
    "allowed_edits": "leading ordinary ignored scope comment and selected reader only after distinct review;3headers/all math tokens/2complete definitions/whole6canaryproofs/rootTests fixed",
    "retained_proofs": 3,
    "retained_definitions": 2,
    "new_proofs": 0,
    "source_terminal_accepted": false,
    "chapter_complete": false,
    "goal_complete": false
  }
}
