{
  "schema_version": 1,
  "entry_id": "entry-9aa162c44bed87e9",
  "session_id": "ONLINE-CLOSED-PROPER-MIGRATION-20261006",
  "sequence": 4,
  "parent_id": "entry-02ebddead0af3b96",
  "event_type": "repair",
  "created_at": "2026-10-05T18:56:19+00:00",
  "payload": {
    "run_id": "online-closed-proper-migration-20261006",
    "failed_gate": "full-harness-v1-01",
    "source_comment_only": true,
    "mathematical_changes": false,
    "frozen_headers": {
      "sourceClosed_iff_lowerSemicontinuous": "0381e069cd9755d4ac01491e64a853e9e91aeb844bcfec8461e1b8a722534226",
      "sourceClosed_indicator_iff": "01567830dd31a467362bcc80d50d3d030a523e09973c19c00d586cc8829ea8b2",
      "sourceProper_indicator_iff": "1be17bbbe41e49b1af097a4ed563df1b16bf035d79d246740fff14dea30eea58"
    },
    "whole_canary_root_Tests_fixed": true,
    "chapter_complete": false,
    "goal_complete": false
  }
}
