{
  "time": "2026-10-05T18:44:57+00:00",
  "task": "ONLINE-CLOSED-PROPER-MIGRATION-20261006",
  "role": "lower",
  "kind": "build",
  "status": "compiled",
  "notes": "Actual3closed/proper bodies2full definitions/whole6canaries/11namedaxes/3guards passed;0newmathcode/nodes. DistinctBODY and package gates pending, Chapter2/Book incomplete.",
  "lean": "BanditRLProof/OnlineClosedProper.lean",
  "source": "",
  "run_id": "online-closed-proper-migration-20261006",
  "changed_files": [],
  "statement_hash": "0381e069cd9755d4ac01491e64a853e9e91aeb844bcfec8461e1b8a722534226",
  "parent_id": "",
  "route_fingerprint": "",
  "verifier_evidence": [
    "runs\\online-closed-proper-migration-20261006\\public-body-v1-01.log"
  ],
  "harness": "",
  "experiment_id": "",
  "target_fingerprint": "",
  "route_packet_hash": "",
  "attempt_id": "CLOSED-PROPER-RETAINED-BODIES-V1",
  "worker_id": "",
  "progress_class": "retrieval-reuse",
  "reviewer_validated": false,
  "obligations_before": 0,
  "obligations_after": 0,
  "new_declarations": [],
  "reused_declarations": [
    "BanditRL.OnlineConvex.sourceClosed_iff_lowerSemicontinuous"
  ],
  "dag_nodes": 0,
  "dag_depth": 0,
  "elapsed_seconds": 0.0,
  "lean_check_seconds": 0.0,
  "prompt_chars": 0,
  "input_tokens": 0,
  "output_tokens": 0,
  "error_signature": ""
}
