{
  "time": "2026-10-04T07:04:44+00:00",
  "task": "ONLINE-GUESSING-OSD",
  "role": "upper",
  "kind": "plan",
  "status": "queued",
  "notes": "Pinned source twelve headers and actual local API retrieval before tactics; context and Prop signature probes passed only definitions, no theorem proof claim; distinct blind/source semantic review pending; paper stage draft (native plan/queued)",
  "lean": "",
  "source": "",
  "run_id": "online-guessing-osd-20261004",
  "changed_files": [],
  "statement_hash": "",
  "parent_id": "",
  "route_fingerprint": "",
  "verifier_evidence": [],
  "harness": "hierarchical",
  "experiment_id": "",
  "target_fingerprint": "",
  "route_packet_hash": "",
  "attempt_id": "guessing-contract-v1",
  "worker_id": "",
  "progress_class": "unreviewed",
  "reviewer_validated": false,
  "obligations_before": 0,
  "obligations_after": 0,
  "new_declarations": [],
  "reused_declarations": [],
  "dag_nodes": 0,
  "dag_depth": 0,
  "elapsed_seconds": 0.0,
  "lean_check_seconds": 0.0,
  "prompt_chars": 0,
  "input_tokens": 0,
  "output_tokens": 0,
  "error_signature": ""
}
