{
  "time": "2026-10-04T07:18:47+00:00",
  "task": "ONLINE-GUESSING-OSD",
  "role": "middle",
  "kind": "review",
  "status": "rejected",
  "notes": "Root/middle diagnostic only, not independent source review: misused native source_assumptions field with sourcecard ID; header-only mathematical-fragment check cannot be repaired by comment. Eight kernel proofs valid, nativev1gate fails; v2 mathematical headers/context/hash unchanged and actual8nativechecks pass with real13premise fragments; independent v2 repair review pending. No further tactics until reviewed.",
  "lean": "",
  "source": "",
  "run_id": "online-guessing-osd-20261004",
  "changed_files": [],
  "statement_hash": "",
  "parent_id": "",
  "route_fingerprint": "",
  "verifier_evidence": [
    "runs\\online-guessing-osd-20261004\\support-fence-01.log",
    "runs\\online-guessing-osd-20261004\\support-fence-02.log"
  ],
  "harness": "hierarchical",
  "experiment_id": "",
  "target_fingerprint": "",
  "route_packet_hash": "",
  "attempt_id": "guessing-fence-v1-diagnostic",
  "worker_id": "",
  "progress_class": "diagnostic",
  "reviewer_validated": false,
  "obligations_before": 12,
  "obligations_after": 12,
  "new_declarations": [],
  "reused_declarations": [],
  "dag_nodes": 12,
  "dag_depth": 6,
  "elapsed_seconds": 0.0,
  "lean_check_seconds": 0.0,
  "prompt_chars": 0,
  "input_tokens": 0,
  "output_tokens": 0,
  "error_signature": ""
}
