runs\online-guessing-osd-20261004\leaves\guessing-performance-01.lean:97:24: error: Tactic `rewrite` failed: Did not find an occurrence of the pattern
  y s
in the target expression
  (fun s => loss (y s)) s = (fun s => loss (y' s)) s

η η' y y' : ℕ → ℝ
x₁ : ℝ
t : ℕ
hη : ∀ s < t, η s = η' s
hy : ∀ s < t, y s = y' s
s : ℕ
hs : s < t
⊢ (fun s => loss (y s)) s = (fun s => loss (y' s)) s
runs\online-guessing-osd-20261004\leaves\guessing-performance-01.lean:100:26: warning: unused variable `hy`

Note: This linter can be disabled with `set_option linter.unusedVariables false`
'BanditRL.OnlineGuessingSubgradient.loss_subdifferential_translate' depends on axioms: [propext,
 Classical.choice,
 Quot.sound]
'BanditRL.OnlineGuessingSubgradient.loss_subgradient_positive' depends on axioms: [propext,
 Classical.choice,
 Quot.sound]
'BanditRL.OnlineGuessingSubgradient.loss_subgradient_zero' depends on axioms: [propext, Classical.choice, Quot.sound]
'BanditRL.OnlineGuessingSubgradient.loss_subgradient_negative' depends on axioms: [propext,
 Classical.choice,
 Quot.sound]
'BanditRL.OnlineGuessingSubgradient.example_2_32_subdifferential' depends on axioms: [propext,
 Classical.choice,
 Quot.sound]
'BanditRL.OnlineGuessingSubgradient.loss_on_unitInterval' depends on axioms: [propext, Classical.choice, Quot.sound]
'BanditRL.OnlineGuessingSubgradient.loss_subgradient_bound' depends on axioms: [propext, Classical.choice, Quot.sound]
'BanditRL.OnlineGuessingSubgradient.current_subgradient_bound' depends on axioms: [propext,
 Classical.choice,
 Quot.sound]
'BanditRL.OnlineGuessingSubgradient.loss_step_clamp' depends on axioms: [propext, Classical.choice, Quot.sound]
'BanditRL.OnlineGuessingSubgradient.guessing_prefix' depends on axioms: [propext, sorryAx, Classical.choice, Quot.sound]
'BanditRL.OnlineGuessingSubgradient.example_2_32' depends on axioms: [propext, Classical.choice, Quot.sound]
'BanditRL.OnlineGuessingSubgradient.example_2_32_average_eventually' depends on axioms: [propext,
 Classical.choice,
 Quot.sound]
