runs\online-guessing-osd-20261004\leaves\guessing-performance-02.lean:100:26: warning: unused variable `hy`

Note: This linter can be disabled with `set_option linter.unusedVariables false`
'BanditRL.OnlineGuessingSubgradient.loss_subdifferential_translate' depends on axioms: [propext,
 Classical.choice,
 Quot.sound]
'BanditRL.OnlineGuessingSubgradient.loss_subgradient_positive' depends on axioms: [propext,
 Classical.choice,
 Quot.sound]
'BanditRL.OnlineGuessingSubgradient.loss_subgradient_zero' depends on axioms: [propext, Classical.choice, Quot.sound]
'BanditRL.OnlineGuessingSubgradient.loss_subgradient_negative' depends on axioms: [propext,
 Classical.choice,
 Quot.sound]
'BanditRL.OnlineGuessingSubgradient.example_2_32_subdifferential' depends on axioms: [propext,
 Classical.choice,
 Quot.sound]
'BanditRL.OnlineGuessingSubgradient.loss_on_unitInterval' depends on axioms: [propext, Classical.choice, Quot.sound]
'BanditRL.OnlineGuessingSubgradient.loss_subgradient_bound' depends on axioms: [propext, Classical.choice, Quot.sound]
'BanditRL.OnlineGuessingSubgradient.current_subgradient_bound' depends on axioms: [propext,
 Classical.choice,
 Quot.sound]
'BanditRL.OnlineGuessingSubgradient.loss_step_clamp' depends on axioms: [propext, Classical.choice, Quot.sound]
'BanditRL.OnlineGuessingSubgradient.guessing_prefix' depends on axioms: [propext, Classical.choice, Quot.sound]
'BanditRL.OnlineGuessingSubgradient.example_2_32' depends on axioms: [propext, Classical.choice, Quot.sound]
'BanditRL.OnlineGuessingSubgradient.example_2_32_average_eventually' depends on axioms: [propext,
 Classical.choice,
 Quot.sound]
