{
  "time": "2026-10-04T07:28:38+00:00",
  "task": "ONLINE-GUESSING-OSD",
  "role": "lower",
  "kind": "build",
  "status": "compiled",
  "notes": "Actual all12 scratchtheorem bodies compile exit0 standard3; actual candidatefile headers/premises match frozenv2. Source finite/regret/asymptotic terminal producer closed; public canary/combined/source-body/reader/package gates pending, no chapter/book completion",
  "lean": "runs\\online-guessing-osd-20261004\\leaves\\guessing-performance-02.lean",
  "source": "",
  "run_id": "online-guessing-osd-20261004",
  "changed_files": [],
  "statement_hash": "",
  "parent_id": "",
  "route_fingerprint": "",
  "verifier_evidence": [
    "runs\\online-guessing-osd-20261004\\guessing-performance-02.log",
    "runs\\online-guessing-osd-20261004\\actual-performance-candidate-bindings.json"
  ],
  "harness": "hierarchical",
  "experiment_id": "",
  "target_fingerprint": "",
  "route_packet_hash": "",
  "attempt_id": "guessing-performance-02",
  "worker_id": "",
  "progress_class": "compiled-leaf",
  "reviewer_validated": false,
  "obligations_before": 4,
  "obligations_after": 0,
  "new_declarations": [],
  "reused_declarations": [],
  "dag_nodes": 12,
  "dag_depth": 6,
  "elapsed_seconds": 0.0,
  "lean_check_seconds": 0.0,
  "prompt_chars": 0,
  "input_tokens": 0,
  "output_tokens": 0,
  "error_signature": ""
}
