{
  "time": "2026-10-04T07:43:30+00:00",
  "task": "ONLINE-GUESSING-OSD",
  "role": "reviewer",
  "kind": "review",
  "status": "accepted",
  "notes": "Distinct source reviewer accepted actual12public bodies/nondegenerate canary with explicit canonical-choice/index/finite-value/one-sided horizon-family deltas; raw126review rows. No combined/reader/binding/PR/chapter/book acceptance",
  "lean": "BanditRL.OnlineGuessingSubgradient.example_2_32",
  "source": "BanditRLProof/OnlineGuessingSubgradient.lean",
  "run_id": "online-guessing-osd-20261004",
  "changed_files": [],
  "statement_hash": "14b02b3adc4c26c798258696e2e19943095a4423a232363b7f7ba59248f42b52",
  "parent_id": "",
  "route_fingerprint": "",
  "verifier_evidence": [
    "runs\\online-guessing-osd-20261004\\public-body-receipt.json"
  ],
  "harness": "",
  "experiment_id": "",
  "target_fingerprint": "",
  "route_packet_hash": "",
  "attempt_id": "guessing-public-02",
  "worker_id": "/root/source_reviewer",
  "progress_class": "terminal",
  "reviewer_validated": true,
  "obligations_before": 0,
  "obligations_after": 0,
  "new_declarations": [],
  "reused_declarations": [],
  "dag_nodes": 12,
  "dag_depth": 6,
  "elapsed_seconds": 0.0,
  "lean_check_seconds": 0.0,
  "prompt_chars": 0,
  "input_tokens": 0,
  "output_tokens": 0,
  "error_signature": ""
}
