{
  "id": "mem-a89c2a05ec4c209c",
  "created_at": "2026-10-04T07:01:05+00:00",
  "type": "source_fact",
  "task": "ONLINE-GUESSING-OSD",
  "provenance": {
    "kind": "local_first_retrieval",
    "reference": "Actual local public source + native list-lean-decls/search-memory + current pinned mathlib convex cards; no dependency upgrade/external proof claim"
  },
  "assumptions": [],
  "declaration": "",
  "file": "",
  "status": "searched",
  "verifier_evidence": [],
  "supersession": {
    "supersedes": [],
    "reason": ""
  },
  "roles": [],
  "details": {
    "query": "shifted absolute full global supports and causal unit interval OSD tuned performance",
    "search_order": [
      "local declarations",
      "ABRL theorem cards",
      "Mathlib cards"
    ],
    "candidates": [
      "BanditRL.OnlineConvex.abs_subgradient_positive",
      "BanditRL.OnlineConvex.abs_subgradient_zero",
      "BanditRL.OnlineConvex.abs_subgradient_negative",
      "BanditRL.OnlineGradientDescent.project_unitInterval",
      "BanditRL.OnlineSubgradientDescent.regret_tuned"
    ],
    "rejections": [
      {
        "candidate": "BanditRL.OnlineConvex.theorem_2_28",
        "reason": "Proper affine inclusion alone does not establish full translated support-set equality"
      }
    ],
    "compiled_scratch": ""
  }
}
