{
  "schema_version": 1,
  "record_id": "frontier-9e49457fec40349c",
  "updated_at": "2026-10-04T07:56:10+00:00",
  "root_objective": "Persistent Orabona Chapters1-16 Goal; current finite leaf Example2.32 actual canonical guessing producer, whole Chapter2/book incomplete",
  "current_leaf": {
    "id": "ONLINE-GUESSING-OSD",
    "kind": "lean",
    "status": "gate-pending",
    "statement": "theorem example_2_32 (y : ℕ → ℝ) (x₁ : ℝ) (hx₁ : x₁ ∈ Icc (0 : ℝ) 1) (T : ℕ) (hT : 0 < T) (hy : ∀ t < T, y t ∈ Icc (0 : ℝ) 1) : ∀ u ∈ Icc (0 : ℝ) 1, (∑ t ∈ range T, (|iterate BanditRL.OnlineGradientDescent.unitInterval (fun _ => 1 / Real.sqrt T) (fun s => loss (y s)) x₁ t - y t| - |u - y t|)) ≤ Real.sqrt T",
    "statement_hash": "14b02b3adc4c26c798258696e2e19943095a4423a232363b7f7ba59248f42b52",
    "declaration": "BanditRL.OnlineGuessingSubgradient.example_2_32",
    "file": "BanditRLProof/OnlineGuessingSubgradient.lean",
    "source_status": "accepted",
    "dependencies": [
      {
        "kind": "lean",
        "name": "BanditRL.OnlineSubgradientDescent.regret_tuned",
        "status": "compiled"
      },
      {
        "kind": "review",
        "name": "actual-public-body-canary",
        "status": "accepted"
      }
    ]
  },
  "dag": {
    "nodes": [
      {
        "id": "ONLINE-GUESSING-OSD",
        "kind": "lean",
        "status": "gate-pending",
        "dependencies": [
          {
            "kind": "lean",
            "name": "BanditRL.OnlineSubgradientDescent.regret_tuned",
            "status": "compiled"
          },
          {
            "kind": "review",
            "name": "actual-public-body-canary",
            "status": "accepted"
          }
        ],
        "dispatch_count": 0
      }
    ]
  },
  "last_accepted_verifier": {
    "trial_index": 6,
    "time": "2026-10-04T07:43:30+00:00",
    "task": "ONLINE-GUESSING-OSD",
    "role": "reviewer",
    "kind": "review",
    "status": "accepted",
    "lean": "BanditRL.OnlineGuessingSubgradient.example_2_32",
    "notes": "Distinct source reviewer accepted actual12public bodies/nondegenerate canary with explicit canonical-choice/index/finite-value/one-sided horizon-family deltas; raw126review rows. No combined/reader/binding/PR/chapter/book acceptance",
    "run_id": "online-guessing-osd-20261004"
  },
  "memory_policy": {
    "recent_role_relevant_limit": 5,
    "explicit_verified_lemma_ids": [],
    "whole_history_default": false
  },
  "shadow_gate": {
    "status": "pending",
    "analyzed_trial_rows": 7,
    "mismatches": [],
    "replay_transitions": 0
  },
  "mutation_policy": {
    "canonical_path_queue": true,
    "cross_process_lock": true,
    "same_file_serialized": true,
    "disjoint_files_parallel": true
  },
  "autonomous_execution": {
    "enabled": false,
    "requires_deterministic_gates": true,
    "requires_explicit_user_request": true
  }
}
