tmp/online-guessing-osd-signatures-v1.lean:15:63: warning: unused variable `hxy`

Note: This linter can be disabled with `set_option linter.unusedVariables false`
tmp/online-guessing-osd-signatures-v1.lean:21:63: warning: unused variable `hxy`

Note: This linter can be disabled with `set_option linter.unusedVariables false`
tmp/online-guessing-osd-signatures-v1.lean:32:5: warning: unused variable `hg`

Note: This linter can be disabled with `set_option linter.unusedVariables false`
tmp/online-guessing-osd-signatures-v1.lean:36:5: warning: unused variable `hx`

Note: This linter can be disabled with `set_option linter.unusedVariables false`
tmp/online-guessing-osd-signatures-v1.lean:44:5: warning: unused variable `hη`

Note: This linter can be disabled with `set_option linter.unusedVariables false`
tmp/online-guessing-osd-signatures-v1.lean:44:32: warning: unused variable `hy`

Note: This linter can be disabled with `set_option linter.unusedVariables false`
tmp/online-guessing-osd-signatures-v1.lean:48:61: warning: unused variable `hx₁`

Note: This linter can be disabled with `set_option linter.unusedVariables false`
tmp/online-guessing-osd-signatures-v1.lean:49:13: warning: unused variable `hT`

Note: This linter can be disabled with `set_option linter.unusedVariables false`
tmp/online-guessing-osd-signatures-v1.lean:49:26: warning: unused variable `hy`

Note: This linter can be disabled with `set_option linter.unusedVariables false`
tmp/online-guessing-osd-signatures-v1.lean:56:5: warning: unused variable `hx₁`

Note: This linter can be disabled with `set_option linter.unusedVariables false`
tmp/online-guessing-osd-signatures-v1.lean:56:32: warning: unused variable `hy`

Note: This linter can be disabled with `set_option linter.unusedVariables false`
tmp/online-guessing-osd-signatures-v1.lean:57:13: warning: unused variable `hu`

Note: This linter can be disabled with `set_option linter.unusedVariables false`
tmp/online-guessing-osd-signatures-v1.lean:57:46: warning: unused variable `hε`

Note: This linter can be disabled with `set_option linter.unusedVariables false`
