SITE CHECK PASSED
- HTML pages: 935
- modules: 834
- declarations: 10691
- highlights: 236
- milestones: 97
- textbook crosswalks: 36
- source theorem restatements: 66
- BanditRLwiki settings/cases/papers: 7/13/19
- BanditRLwiki theorem surfaces: 27
- BanditRLwiki literature-open/formalization-open cases: 0/13
- BanditRLwiki named formalization leaves: 36
- BanditRLwiki active source-frozen ports: 2
- Live Formalization mappings: 236
- Mermaid blocks: 19
- Lean source links: 11811
- internal links and anchors: valid
- README relative links: valid
- MathJax loader and readable mathematical fallbacks: valid
- GitHub Pages workflow: complete
