{
  "time": "2026-10-04T07:22:57+00:00",
  "task": "ONLINE-GUESSING-OSD",
  "role": "lower",
  "kind": "build",
  "status": "compiled",
  "notes": "Actual first8 compile exit0 standard3; actual candidate-file fences match frozen12 target mathematics, actual header+premise gate passed. v2 metadata independent repair accepted; source-body/public/combined/package acceptance still pending; next4 mainterminals ready.",
  "lean": "runs\\online-guessing-osd-20261004\\leaves\\guessing-support-02.lean",
  "source": "",
  "run_id": "online-guessing-osd-20261004",
  "changed_files": [],
  "statement_hash": "",
  "parent_id": "",
  "route_fingerprint": "",
  "verifier_evidence": [
    "runs\\online-guessing-osd-20261004\\guessing-support-02.log",
    "runs\\online-guessing-osd-20261004\\guessing-support-02-exit.json",
    "runs\\online-guessing-osd-20261004\\actual-support-candidate-bindings.json"
  ],
  "harness": "hierarchical",
  "experiment_id": "",
  "target_fingerprint": "",
  "route_packet_hash": "",
  "attempt_id": "guessing-support-02",
  "worker_id": "",
  "progress_class": "compiled-leaf",
  "reviewer_validated": false,
  "obligations_before": 12,
  "obligations_after": 4,
  "new_declarations": [
    "BanditRL.OnlineGuessingSubgradient.loss_subdifferential_translate",
    "BanditRL.OnlineGuessingSubgradient.loss_subgradient_positive",
    "BanditRL.OnlineGuessingSubgradient.loss_subgradient_zero",
    "BanditRL.OnlineGuessingSubgradient.loss_subgradient_negative",
    "BanditRL.OnlineGuessingSubgradient.example_2_32_subdifferential",
    "BanditRL.OnlineGuessingSubgradient.loss_on_unitInterval",
    "BanditRL.OnlineGuessingSubgradient.loss_subgradient_bound",
    "BanditRL.OnlineGuessingSubgradient.current_subgradient_bound"
  ],
  "reused_declarations": [],
  "dag_nodes": 12,
  "dag_depth": 6,
  "elapsed_seconds": 0.0,
  "lean_check_seconds": 0.0,
  "prompt_chars": 0,
  "input_tokens": 0,
  "output_tokens": 0,
  "error_signature": ""
}
