{
  "schema_version": 1,
  "entry_id": "entry-e5a714733112afc0",
  "session_id": "ONLINE-HINGE-MIGRATION-20261007",
  "sequence": 4,
  "parent_id": "entry-5699df941ca687de",
  "event_type": "accepted",
  "created_at": "2026-10-06T22:32:21+00:00",
  "payload": {
    "run_id": "online-hinge-migration-20261007",
    "chapter_complete": false,
    "goal_complete": false,
    "accepted_decision": "E:/ABRL/worktrees/research-online-book/runs/online-hinge-migration-20261007/accepted-decision-v1.json",
    "retained_proofs": 13,
    "retained_definitions": 2,
    "new_proofs": 0,
    "merged": false,
    "live": false,
    "source_package_accepted": true
  }
}
