@BanditRL.OnlineConvex.sourceHinge.{u_1} : {E : Type u_1} →
  [inst : NormedAddCommGroup.{u_1} E] → [InnerProductSpace.{0, u_1} Real E] → E → E → EReal
@BanditRL.OnlineConvex.affine_subdifferential.{u_1} : ∀ {E : Type u_1} [inst : NormedAddCommGroup.{u_1} E]
  [inst_1 : InnerProductSpace.{0, u_1} Real E] (a : E) (b : Real) (x : E),
  Eq.{u_1 + 1}
    (BanditRL.OnlineConvex.SourceSubdifferential.{u_1} (fun y => ↑(HAdd.hAdd.{0, 0, 0} (inner.{0, u_1} Real a y) b)) x)
    (singleton.{u_1, u_1} a)
@BanditRL.OnlineConvex.hingeFamily.{u_1} : {E : Type u_1} →
  [inst : NormedAddCommGroup.{u_1} E] → [InnerProductSpace.{0, u_1} Real E] → E → Bool → E → EReal
@BanditRL.OnlineConvex.affine_proper.{u_1} : ∀ {E : Type u_1} [inst : NormedAddCommGroup.{u_1} E]
  [inst_1 : InnerProductSpace.{0, u_1} Real E] (a : E) (b : Real),
  BanditRL.OnlineConvex.SourceProper.{u_1} fun y => ↑(HAdd.hAdd.{0, 0, 0} (inner.{0, u_1} Real a y) b)
@BanditRL.OnlineConvex.affine_convex.{u_1} : ∀ {E : Type u_1} [inst : NormedAddCommGroup.{u_1} E]
  [inst_1 : InnerProductSpace.{0, u_1} Real E] (a : E) (b : Real),
  BanditRL.OnlineConvex.IsConvexExtended.{u_1} fun y => ↑(HAdd.hAdd.{0, 0, 0} (inner.{0, u_1} Real a y) b)
@BanditRL.OnlineConvex.affine_continuous.{u_1} : ∀ {E : Type u_1} [inst : NormedAddCommGroup.{u_1} E]
  [inst_1 : InnerProductSpace.{0, u_1} Real E] (a : E) (b : Real) (x : E),
  ContinuousAt.{u_1, 0} (fun y => ↑(HAdd.hAdd.{0, 0, 0} (inner.{0, u_1} Real a y) b)) x
@BanditRL.OnlineConvex.hinge_max_identity.{u_1} : ∀ {E : Type u_1} [inst : NormedAddCommGroup.{u_1} E]
  [inst_1 : InnerProductSpace.{0, u_1} Real E] (z : E),
  Eq.{u_1 + 1} (BanditRL.OnlineConvex.SourceFiniteMax.{u_1, 0} (BanditRL.OnlineConvex.hingeFamily.{u_1} z))
    (BanditRL.OnlineConvex.sourceHinge.{u_1} z)
@BanditRL.OnlineConvex.hinge_subdifferential_hull.{u_1} : ∀ {E : Type u_1} [inst : NormedAddCommGroup.{u_1} E]
  [inst_1 : InnerProductSpace.{0, u_1} Real E] [FiniteDimensional.{0, u_1} Real E] (z x : E),
  Eq.{u_1 + 1} (BanditRL.OnlineConvex.SourceSubdifferential.{u_1} (BanditRL.OnlineConvex.sourceHinge.{u_1} z) x)
    ((convexHull.{0, u_1} Real)
      (BanditRL.OnlineConvex.SourceActiveSubgradientUnion.{u_1, 0} (BanditRL.OnlineConvex.hingeFamily.{u_1} z) x))
@BanditRL.OnlineConvex.hinge_family_support.{u_1} : ∀ {E : Type u_1} [inst : NormedAddCommGroup.{u_1} E]
  [inst_1 : InnerProductSpace.{0, u_1} Real E] (z : E) (i : Bool) (x : E),
  Eq.{u_1 + 1} (BanditRL.OnlineConvex.SourceSubdifferential.{u_1} (BanditRL.OnlineConvex.hingeFamily.{u_1} z i) x)
    (singleton.{u_1, u_1} (ite.{u_1 + 1} (Eq.{1} i true) (Neg.neg.{u_1} z) 0))
@BanditRL.OnlineConvex.hinge_family_false.{u_1} : ∀ {E : Type u_1} [inst : NormedAddCommGroup.{u_1} E]
  [inst_1 : InnerProductSpace.{0, u_1} Real E] (z x : E), Eq.{1} (BanditRL.OnlineConvex.hingeFamily.{u_1} z false x) ↑0
@BanditRL.OnlineConvex.hinge_family_true.{u_1} : ∀ {E : Type u_1} [inst : NormedAddCommGroup.{u_1} E]
  [inst_1 : InnerProductSpace.{0, u_1} Real E] (z x : E),
  Eq.{1} (BanditRL.OnlineConvex.hingeFamily.{u_1} z true x) ↑(HSub.hSub.{0, 0, 0} 1 (inner.{0, u_1} Real z x))
@BanditRL.OnlineConvex.hinge_active_negative.{u_1} : ∀ {E : Type u_1} [inst : NormedAddCommGroup.{u_1} E]
  [inst_1 : InnerProductSpace.{0, u_1} Real E] (z x : E),
  LT.lt.{0} (HSub.hSub.{0, 0, 0} 1 (inner.{0, u_1} Real z x)) 0 →
    Eq.{u_1 + 1}
      (BanditRL.OnlineConvex.SourceActiveSubgradientUnion.{u_1, 0} (BanditRL.OnlineConvex.hingeFamily.{u_1} z) x)
      (singleton.{u_1, u_1} 0)
@BanditRL.OnlineConvex.hinge_active_positive.{u_1} : ∀ {E : Type u_1} [inst : NormedAddCommGroup.{u_1} E]
  [inst_1 : InnerProductSpace.{0, u_1} Real E] (z x : E),
  LT.lt.{0} 0 (HSub.hSub.{0, 0, 0} 1 (inner.{0, u_1} Real z x)) →
    Eq.{u_1 + 1}
      (BanditRL.OnlineConvex.SourceActiveSubgradientUnion.{u_1, 0} (BanditRL.OnlineConvex.hingeFamily.{u_1} z) x)
      (singleton.{u_1, u_1} (Neg.neg.{u_1} z))
@BanditRL.OnlineConvex.hinge_active_zero.{u_1} : ∀ {E : Type u_1} [inst : NormedAddCommGroup.{u_1} E]
  [inst_1 : InnerProductSpace.{0, u_1} Real E] (z x : E),
  Eq.{1} (HSub.hSub.{0, 0, 0} 1 (inner.{0, u_1} Real z x)) 0 →
    Eq.{u_1 + 1}
      (BanditRL.OnlineConvex.SourceActiveSubgradientUnion.{u_1, 0} (BanditRL.OnlineConvex.hingeFamily.{u_1} z) x)
      (insert.{u_1, u_1} 0 (singleton.{u_1, u_1} (Neg.neg.{u_1} z)))
@BanditRL.OnlineConvex.example_2_27.{u_1} : ∀ {E : Type u_1} [inst : NormedAddCommGroup.{u_1} E]
  [inst_1 : InnerProductSpace.{0, u_1} Real E] [FiniteDimensional.{0, u_1} Real E] (z x : E),
  Eq.{u_1 + 1} (BanditRL.OnlineConvex.SourceSubdifferential.{u_1} (BanditRL.OnlineConvex.sourceHinge.{u_1} z) x)
    (ite.{u_1 + 1} (LT.lt.{0} (HSub.hSub.{0, 0, 0} 1 (inner.{0, u_1} Real z x)) 0) (singleton.{u_1, u_1} 0)
      (ite.{u_1 + 1} (Eq.{1} (HSub.hSub.{0, 0, 0} 1 (inner.{0, u_1} Real z x)) 0)
        (setOf.{u_1} fun g =>
          ∃ α,
            And (Membership.mem.{0, 0} (Set.Icc.{0} 0 1) α)
              (Eq.{u_1 + 1} g (Neg.neg.{u_1} (HSMul.hSMul.{0, u_1, u_1} α z))))
        (singleton.{u_1, u_1} (Neg.neg.{u_1} z))))
HingeProbe.strict_zero : Eq.{1}
  (BanditRL.OnlineConvex.SourceSubdifferential.{0} (BanditRL.OnlineConvex.sourceHinge.{0} 1) 2) (singleton.{0, 0} 0)
HingeProbe.strict_slope : Eq.{1}
  (BanditRL.OnlineConvex.SourceSubdifferential.{0} (BanditRL.OnlineConvex.sourceHinge.{0} 1) 0) (singleton.{0, 0} (-1))
HingeProbe.boundary_interval : Eq.{1}
  (BanditRL.OnlineConvex.SourceSubdifferential.{0} (BanditRL.OnlineConvex.sourceHinge.{0} 1) 1) (Set.Icc.{0} (-1) 0)
HingeProbe.actual_mixture_and_rejection : And
  (Membership.mem.{0, 0} (BanditRL.OnlineConvex.SourceSubdifferential.{0} (BanditRL.OnlineConvex.sourceHinge.{0} 1) 1)
    (-1 / 2))
  (And (-1 / 2 ∉ BanditRL.OnlineConvex.SourceActiveSubgradientUnion.{0, 0} (BanditRL.OnlineConvex.hingeFamily.{0} 1) 1)
    (1 ∉ BanditRL.OnlineConvex.SourceSubdifferential.{0} (BanditRL.OnlineConvex.sourceHinge.{0} 1) 1))
HingeProbe.zero_vector : ∀ (x : Real),
  Eq.{1} (BanditRL.OnlineConvex.SourceSubdifferential.{0} (BanditRL.OnlineConvex.sourceHinge.{0} 0) x)
    (singleton.{0, 0} 0)
def BanditRL.OnlineConvex.sourceHinge.{u_1} : {E : Type u_1} →
  [inst : NormedAddCommGroup.{u_1} E] → [InnerProductSpace.{0, u_1} Real E] → E → E → EReal :=
fun {E} [NormedAddCommGroup.{u_1} E] [InnerProductSpace.{0, u_1} Real E] z x =>
  ↑(max.{0} (HSub.hSub.{0, 0, 0} 1 (inner.{0, u_1} Real z x)) 0)
def BanditRL.OnlineConvex.hingeFamily.{u_1} : {E : Type u_1} →
  [inst : NormedAddCommGroup.{u_1} E] → [InnerProductSpace.{0, u_1} Real E] → E → Bool → E → EReal :=
fun {E} [NormedAddCommGroup.{u_1} E] [InnerProductSpace.{0, u_1} Real E] z i y =>
  ↑(HAdd.hAdd.{0, 0, 0} (inner.{0, u_1} Real (ite.{u_1 + 1} (Eq.{1} i true) (Neg.neg.{u_1} z) 0) y)
      (ite.{1} (Eq.{1} i true) 1 0))
def BanditRL.OnlineConvex.SourceSubdifferential.{u_1} : {E : Type u_1} →
  [inst : NormedAddCommGroup.{u_1} E] → [InnerProductSpace.{0, u_1} Real E] → (E → EReal) → E → Set.{u_1} E :=
fun {E} [NormedAddCommGroup.{u_1} E] [InnerProductSpace.{0, u_1} Real E] f x =>
  setOf.{u_1} fun g =>
    ∀ (y : E), LE.le.{0} (HAdd.hAdd.{0, 0, 0} (f x) ↑(inner.{0, u_1} Real g (HSub.hSub.{u_1, u_1, u_1} y x))) (f y)
def BanditRL.OnlineConvex.SourceProper.{u_1} : {E : Type u_1} → (E → EReal) → Prop :=
fun {E} f => And (∀ (x : E), Ne.{1} (f x) Bot.bot.{0}) (∃ x r, Eq.{1} (f x) ↑r)
def BanditRL.OnlineConvex.effectiveDomain.{u_1} : {E : Type u_1} → (E → EReal) → Set.{u_1} E :=
fun {E} f => setOf.{u_1} fun x => LT.lt.{0} (f x) Top.top.{0}
def BanditRL.OnlineConvex.realEpigraph.{u_1} : {E : Type u_1} → (E → EReal) → Set.{u_1} (Prod.{u_1, 0} E Real) :=
fun {E} f => setOf.{u_1} fun p => LE.le.{0} (f p.1) ↑p.2
def BanditRL.OnlineConvex.IsConvexExtended.{u_1} : {E : Type u_1} →
  [inst : AddCommGroup.{u_1} E] → [Module.{0, u_1} Real E] → (E → EReal) → Prop :=
fun {E} [AddCommGroup.{u_1} E] [Module.{0, u_1} Real E] f =>
  Convex.{0, u_1} Real (BanditRL.OnlineConvex.realEpigraph.{u_1} f)
def BanditRL.OnlineConvex.SourceFiniteMax.{u_1, u_2} : {E : Type u_1} →
  {ι : Type u_2} → [Fintype.{u_2} ι] → [Nonempty.{u_2 + 1} ι] → (ι → E → EReal) → E → EReal :=
fun {E} {ι} [Fintype.{u_2} ι] [Nonempty.{u_2 + 1} ι] f x => Finset.sup'.{0, u_2} Finset.univ.{u_2} ⋯ fun i => f i x
def BanditRL.OnlineConvex.SourceActiveSubgradientUnion.{u_1, u_2} : {E : Type u_1} →
  [inst : NormedAddCommGroup.{u_1} E] →
    [InnerProductSpace.{0, u_1} Real E] →
      {ι : Type u_2} → [Fintype.{u_2} ι] → [Nonempty.{u_2 + 1} ι] → (ι → E → EReal) → E → Set.{u_1} E :=
fun {E} [NormedAddCommGroup.{u_1} E] [InnerProductSpace.{0, u_1} Real E] {ι} [Fintype.{u_2} ι] [Nonempty.{u_2 + 1} ι] f
    x =>
  setOf.{u_1} fun g =>
    ∃ i,
      And (Eq.{1} (f i x) (BanditRL.OnlineConvex.SourceFiniteMax.{u_1, u_2} f x))
        (Membership.mem.{u_1, u_1} (BanditRL.OnlineConvex.SourceSubdifferential.{u_1} (f i) x) g)
