{
  "schema_version": 1,
  "mode": "shadow-read-only",
  "analyzed_at": "2026-10-06T22:21:02+00:00",
  "trials_path": "E:\\ABRL\\worktrees\\research-online-book\\runs\\online-hinge-migration-20261007\\candidate-scoped-trials-v1.jsonl",
  "trial_rows": 1,
  "status_counts": {
    "compiled": 1
  },
  "inferred_frontier": {
    "selected_task": "ONLINE-HINGE-MIGRATION-20261007",
    "selected_leaf": "ONLINE-HINGE-MIGRATION-20261007",
    "source_status": "compiled",
    "last_accepted_verifier": {
      "trial_index": 0,
      "time": "2026-10-06T22:13:26+00:00",
      "task": "ONLINE-HINGE-MIGRATION-20261007",
      "role": "lower",
      "kind": "build",
      "status": "compiled",
      "lean": "BanditRLProof\\OnlineHinge.lean",
      "notes": "Actual13retainedproofs2fullowneddefs/whole5canaryproofs/20namedkernelchecks15guards/20selectednodes; zero newmath/TEST. BODY/package gates pending; chapter/book incomplete.",
      "run_id": "online-hinge-migration-20261007"
    }
  },
  "memory_digest": {
    "path": "E:\\ABRL\\worktrees\\research-online-book\\runs\\online-hinge-migration-20261007\\memory-digest-candidate-v1.md",
    "task": ""
  },
  "recorded_frontier": {
    "schema_version": 1,
    "record_id": "frontier-2702f3bb8d6b38c7",
    "updated_at": "2026-10-06T22:21:02+00:00",
    "root_objective": "Persistent Orabona Chapters1-16 Goal; only Example2.27 candidate, chapter/book incomplete",
    "current_leaf": {
      "id": "ONLINE-HINGE-MIGRATION-20261007",
      "kind": "lean",
      "status": "gate-pending",
      "statement": "theorem example_2_27 [FiniteDimensional ℝ E] (z x : E) : SourceSubdifferential (sourceHinge z) x = if 1 - inner ℝ z x < 0 then {0} else if 1 - inner ℝ z x = 0 then {g | ∃ α ∈ Icc (0 : ℝ) 1, g = -(α • z)} else {-z}",
      "statement_hash": "b2875a1717769a43dc6bd41ccf79adcc089601e267bfbe571b97cc12885df5b5",
      "declaration": "BanditRL.OnlineConvex.example_2_27",
      "file": "BanditRLProof\\OnlineHinge.lean",
      "source_status": "source-body-reviewed",
      "dependencies": [
        {
          "kind": "lean",
          "name": "BanditRL.OnlineConvex.sourceHinge",
          "status": "compiled"
        },
        {
          "kind": "lean",
          "name": "BanditRL.OnlineConvex.hingeFamily",
          "status": "compiled"
        },
        {
          "kind": "review",
          "name": "source-body",
          "status": "accepted"
        }
      ]
    },
    "dag": {
      "nodes": [
        {
          "id": "ONLINE-HINGE-MIGRATION-20261007",
          "kind": "lean",
          "status": "gate-pending",
          "dependencies": [
            {
              "kind": "lean",
              "name": "BanditRL.OnlineConvex.sourceHinge",
              "status": "compiled"
            },
            {
              "kind": "lean",
              "name": "BanditRL.OnlineConvex.hingeFamily",
              "status": "compiled"
            },
            {
              "kind": "review",
              "name": "source-body",
              "status": "accepted"
            }
          ],
          "dispatch_count": 0
        }
      ]
    },
    "last_accepted_verifier": {
      "trial_index": 0,
      "time": "2026-10-06T22:13:26+00:00",
      "task": "ONLINE-HINGE-MIGRATION-20261007",
      "role": "lower",
      "kind": "build",
      "status": "compiled",
      "lean": "BanditRLProof\\OnlineHinge.lean",
      "notes": "Actual13retainedproofs2fullowneddefs/whole5canaryproofs/20namedkernelchecks15guards/20selectednodes; zero newmath/TEST. BODY/package gates pending; chapter/book incomplete.",
      "run_id": "online-hinge-migration-20261007"
    },
    "memory_policy": {
      "recent_role_relevant_limit": 5,
      "explicit_verified_lemma_ids": [],
      "whole_history_default": false
    },
    "shadow_gate": {
      "status": "pending",
      "analyzed_trial_rows": 1,
      "mismatches": [],
      "replay_transitions": 0
    },
    "mutation_policy": {
      "canonical_path_queue": true,
      "cross_process_lock": true,
      "same_file_serialized": true,
      "disjoint_files_parallel": true
    },
    "autonomous_execution": {
      "enabled": false,
      "requires_deterministic_gates": true,
      "requires_explicit_user_request": true
    }
  },
  "mismatches": [],
  "would_mutate": false
}
