{
  "schema_version": 1,
  "entry_id": "entry-43486f40ea23b52b",
  "session_id": "ONLINE-HINGE-MIGRATION-20261007",
  "sequence": 0,
  "parent_id": "",
  "event_type": "draft",
  "created_at": "2026-10-06T21:59:05+00:00",
  "payload": {
    "run_id": "online-hinge-migration-20261007",
    "chapter_complete": false,
    "goal_complete": false,
    "frozen_headers": {
      "sourceHinge": "85cdb686da2b6ea6a83064d1044ecc35e3f0127275f0145f65302d69a4fc3706",
      "affine_subdifferential": "07d052a35e6289f9b1707b89ec2d283c9f5a37886870d6326ef7f4d1cdebaba8",
      "hingeFamily": "02776ec0ee79072b5289789436d6db8cc21150da53635a7d8a351ad18457cc4f",
      "affine_proper": "a8da19b0a5590326885319f93ce1b34c5aa177d8db6961f7ff348bbaaa6f65e4",
      "affine_convex": "2410128e7e7e3a1c29b9871462d5c871d5f2ab0320faa50626e665b74ad474a5",
      "affine_continuous": "810cb730705863b9f5b22ed2e91974c39a364eb609b2c533670988be288a15fe",
      "hinge_max_identity": "e730c756fa82aa43312837ef56fecdd6493169a2b428a949e8be3e7c19cdb0ba",
      "hinge_subdifferential_hull": "ea01cf6b57cff3919307870afd50585ffa8a6a4162ec178de16602dc623ac576",
      "hinge_family_support": "018cf2cc68058c604391ea0e44724c262b10d479857eb55c98c330ca97c5a28d",
      "hinge_family_false": "efd1e1b9cf4467bd08ed99e507116e7503c21497677a94260f4eda5d3fe32ce8",
      "hinge_family_true": "1a388ac01d387d166602b9a2bfb1a6592184fc59d8324f382eb267e9bb3160d2",
      "hinge_active_negative": "7bf2a13b02e62bbe524a3a0bc4dd95bab0834f49995b27846e34db20cb479be7",
      "hinge_active_positive": "656b4823800fd277fcb234e353b2afda1dec43babd8bd154f6fba95e13a8e1b2",
      "hinge_active_zero": "dbe30b395c143574d516af9b174fc41132301c6af1f91119da41aa8f152653da",
      "example_2_27": "b2875a1717769a43dc6bd41ccf79adcc089601e267bfbe571b97cc12885df5b5"
    },
    "source_package_accepted": false,
    "retained_proofs": 13,
    "retained_definitions": 2,
    "new_proofs": 0
  }
}
