statement-fence-help-v1-01 exit 0 seconds 0.219
retrieval-record-help-v1-01 exit 0 seconds 0.204
lifecycle-event-help-v1-01 exit 0 seconds 0.219
list-lean-decls-help-v1-01 exit 0 seconds 0.218
search-memory-help-v1-01 exit 0 seconds 0.203
reference-index-help-v1-01 exit 0 seconds 0.218
list-mathlib-help-v1-01 exit 0 seconds 0.219
list-papers-help-v1-01 exit 0 seconds 0.204
list-weapons-help-v1-01 exit 0 seconds 0.219
safe-verify-help-v1-01 exit 0 seconds 0.218
trial-log-help-v1-01 exit 0 seconds 0.219
frontier-refresh-help-v1-01 exit 0 seconds 0.218
frontier-shadow-help-v1-01 exit 0 seconds 0.219
draft-lifecycle-v1 exit 0 seconds 0.219
list-mathlib-v1 exit 0 seconds 0.218
list-papers-v1 exit 0 seconds 0.219
list-weapons-v1 exit 0 seconds 0.219
local-declaration-search-v1 exit 0 seconds 6.078
local-declaration-search-v2 exit 0 seconds 6.188
local-memory-search-v1 exit 0 seconds 6.0
retained-focused-v1-01 exit 0 seconds 2.266
actual-types-v1-01 exit 0 seconds 9.859
pinned-APIs-v2-01 exit 0 seconds 9.829
compiled-ready-graph-v1-01 exit 0 seconds 31.391
Actual focused compilation/types/qualified API probe/production readiness graph passed; source stabilization pending.
