{
  "time": "2026-10-06T22:13:26+00:00",
  "task": "ONLINE-HINGE-MIGRATION-20261007",
  "role": "lower",
  "kind": "build",
  "status": "compiled",
  "notes": "Actual13retainedproofs2fullowneddefs/whole5canaryproofs/20namedkernelchecks15guards/20selectednodes; zero newmath/TEST. BODY/package gates pending; chapter/book incomplete.",
  "lean": "BanditRLProof\\OnlineHinge.lean",
  "source": "",
  "run_id": "online-hinge-migration-20261007",
  "changed_files": [],
  "statement_hash": "b2875a1717769a43dc6bd41ccf79adcc089601e267bfbe571b97cc12885df5b5",
  "parent_id": "",
  "route_fingerprint": "",
  "verifier_evidence": [
    "E:\\ABRL\\worktrees\\research-online-book\\runs\\online-hinge-migration-20261007\\public-actual-bindings-v1.json"
  ],
  "harness": "",
  "experiment_id": "",
  "target_fingerprint": "",
  "route_packet_hash": "",
  "attempt_id": "HINGE-RETAINED-BODIES-V1",
  "worker_id": "",
  "progress_class": "retrieval-reuse",
  "reviewer_validated": false,
  "obligations_before": 0,
  "obligations_after": 0,
  "new_declarations": [],
  "reused_declarations": [
    "BanditRL.OnlineConvex.example_2_27"
  ],
  "dag_nodes": 0,
  "dag_depth": 0,
  "elapsed_seconds": 0.0,
  "lean_check_seconds": 0.0,
  "prompt_chars": 0,
  "input_tokens": 0,
  "output_tokens": 0,
  "error_signature": ""
}
