{
  "id": "mem-09b487a0251aba07",
  "created_at": "2026-10-06T22:01:14+00:00",
  "type": "source_fact",
  "task": "ONLINE-HINGE-MIGRATION-20261007",
  "provenance": {
    "kind": "local_first_retrieval",
    "reference": "MLIB-CONVEX-LINALG; fourteen pinned API types checked. Existing full producer/local15node graph, no new generic theorem, toolchain upgrade or external library import."
  },
  "assumptions": [],
  "declaration": "",
  "file": "",
  "status": "verified",
  "verifier_evidence": [
    "E:\\ABRL\\worktrees\\research-online-book\\runs\\online-hinge-migration-20261007\\actual-types-v1-01.log"
  ],
  "supersession": {
    "supersedes": [],
    "reason": ""
  },
  "roles": [],
  "details": {
    "query": "actual two affine components full three-branch maximum subdifferential ordinary segment",
    "search_order": [
      "local declarations",
      "ABRL theorem cards",
      "Mathlib cards"
    ],
    "candidates": [
      "BanditRL.OnlineConvex.theorem_2_26",
      "BanditRL.OnlineConvex.affine_subdifferential",
      "convexHull_pair",
      "segment_eq_image"
    ],
    "rejections": [],
    "compiled_scratch": "E:\\ABRL\\worktrees\\research-online-book\\runs\\online-hinge-migration-20261007\\actual-types-v1-01.log"
  }
}
