{
  "time": "2026-10-06T20:46:40+00:00",
  "task": "ONLINE-NORMAL-CONE-MIGRATION-20261007",
  "role": "reviewer",
  "kind": "review",
  "status": "accepted",
  "notes": "Same compiled full feasible normal definition and three exact actual producers accepted after distinctFINAL/currentcombinedgates; 3retainedproof1def/zero newmath or TESTs. Example2.25 package only, not Chapter2/book/productivityexperiment.",
  "lean": "",
  "source": "",
  "run_id": "online-normal-cone-migration-20261007",
  "changed_files": [],
  "statement_hash": "96eae7375828573042996c513a495645d77c3afcd6ca57b31b6d9123f0e9c6fd",
  "parent_id": "",
  "route_fingerprint": "",
  "verifier_evidence": [
    "E:\\ABRL\\worktrees\\research-online-book\\runs\\online-normal-cone-migration-20261007\\final-reader-receipt-v1.json"
  ],
  "harness": "hierarchical",
  "experiment_id": "",
  "target_fingerprint": "",
  "route_packet_hash": "",
  "attempt_id": "NORMAL-CONE-RETAINED-BODIES-V1",
  "worker_id": "",
  "progress_class": "retrieval-reuse",
  "reviewer_validated": true,
  "obligations_before": 0,
  "obligations_after": 0,
  "new_declarations": [],
  "reused_declarations": [
    "BanditRL.OnlineConvex.normalCone_unitBall_boundary"
  ],
  "dag_nodes": 0,
  "dag_depth": 0,
  "elapsed_seconds": 0.0,
  "lean_check_seconds": 0.0,
  "prompt_chars": 0,
  "input_tokens": 0,
  "output_tokens": 0,
  "error_signature": ""
}
