{
  "schema_version": 1,
  "entry_id": "entry-73a9be01a8629361",
  "session_id": "ONLINE-NORMAL-CONE-MIGRATION-20261007",
  "sequence": 7,
  "parent_id": "entry-772c32e153504c9a",
  "event_type": "accepted",
  "created_at": "2026-10-06T20:47:29+00:00",
  "payload": {
    "run_id": "online-normal-cone-migration-20261007",
    "accepted_decision": "E:/ABRL/worktrees/research-online-book/runs/online-normal-cone-migration-20261007/accepted-decision-v1.json",
    "native_adapter_repair": "E:/ABRL/worktrees/research-online-book/runs/online-normal-cone-migration-20261007/acceptance-event-repair-v1.json",
    "retained_proofs": 3,
    "retained_definitions": 1,
    "new_proofs": 0,
    "merged": false,
    "live": false,
    "source_package_accepted": true,
    "chapter_complete": false,
    "goal_complete": false
  }
}
