{
  "schema_version": 1,
  "mode": "shadow-read-only",
  "analyzed_at": "2026-10-06T20:47:30+00:00",
  "trials_path": "E:\\ABRL\\worktrees\\research-online-book\\runs\\online-normal-cone-migration-20261007\\accepted-scoped-trials-v1.jsonl",
  "trial_rows": 2,
  "status_counts": {
    "accepted": 1,
    "compiled": 1
  },
  "inferred_frontier": {
    "selected_task": "ONLINE-NORMAL-CONE-MIGRATION-20261007",
    "selected_leaf": "ONLINE-NORMAL-CONE-MIGRATION-20261007",
    "source_status": "accepted",
    "last_accepted_verifier": {
      "trial_index": 1,
      "time": "2026-10-06T20:46:40+00:00",
      "task": "ONLINE-NORMAL-CONE-MIGRATION-20261007",
      "role": "reviewer",
      "kind": "review",
      "status": "accepted",
      "lean": "",
      "notes": "Same compiled full feasible normal definition and three exact actual producers accepted after distinctFINAL/currentcombinedgates; 3retainedproof1def/zero newmath or TESTs. Example2.25 package only, not Chapter2/book/productivityexperiment.",
      "run_id": "online-normal-cone-migration-20261007"
    }
  },
  "memory_digest": {
    "path": "E:\\ABRL\\worktrees\\research-online-book\\runs\\online-normal-cone-migration-20261007\\memory-digest-accepted-v1.md",
    "task": ""
  },
  "recorded_frontier": {
    "schema_version": 1,
    "record_id": "frontier-6baaad1f639589d2",
    "updated_at": "2026-10-06T20:47:30+00:00",
    "root_objective": "Persistent Orabona Chapters1-16 Goal; only Example2.25 accepted, chapter/book incomplete",
    "current_leaf": {
      "id": "ONLINE-NORMAL-CONE-MIGRATION-20261007",
      "kind": "lean",
      "status": "accepted",
      "statement": "theorem normalCone_unitBall_boundary [FiniteDimensional ℝ E] (x : E) (hx : ‖x‖ = 1) : SourceNormalCone {y : E | ‖y‖ ≤ 1} x = {g | ∃ α : ℝ, 0 ≤ α ∧ g = α • x}",
      "statement_hash": "96eae7375828573042996c513a495645d77c3afcd6ca57b31b6d9123f0e9c6fd",
      "declaration": "BanditRL.OnlineConvex.normalCone_unitBall_boundary",
      "file": "BanditRLProof\\OnlineNormalCone.lean",
      "source_status": "source-reviewed",
      "dependencies": [
        {
          "kind": "lean",
          "name": "BanditRL.OnlineConvex.SourceNormalCone",
          "status": "compiled"
        },
        {
          "kind": "review",
          "name": "source-reader",
          "status": "accepted"
        }
      ]
    },
    "dag": {
      "nodes": [
        {
          "id": "ONLINE-NORMAL-CONE-MIGRATION-20261007",
          "kind": "lean",
          "status": "accepted",
          "dependencies": [
            {
              "kind": "lean",
              "name": "BanditRL.OnlineConvex.SourceNormalCone",
              "status": "compiled"
            },
            {
              "kind": "review",
              "name": "source-reader",
              "status": "accepted"
            }
          ],
          "dispatch_count": 0
        }
      ]
    },
    "last_accepted_verifier": {
      "trial_index": 1,
      "time": "2026-10-06T20:46:40+00:00",
      "task": "ONLINE-NORMAL-CONE-MIGRATION-20261007",
      "role": "reviewer",
      "kind": "review",
      "status": "accepted",
      "lean": "",
      "notes": "Same compiled full feasible normal definition and three exact actual producers accepted after distinctFINAL/currentcombinedgates; 3retainedproof1def/zero newmath or TESTs. Example2.25 package only, not Chapter2/book/productivityexperiment.",
      "run_id": "online-normal-cone-migration-20261007"
    },
    "memory_policy": {
      "recent_role_relevant_limit": 5,
      "explicit_verified_lemma_ids": [],
      "whole_history_default": false
    },
    "shadow_gate": {
      "status": "pending",
      "analyzed_trial_rows": 2,
      "mismatches": [],
      "replay_transitions": 0
    },
    "mutation_policy": {
      "canonical_path_queue": true,
      "cross_process_lock": true,
      "same_file_serialized": true,
      "disjoint_files_parallel": true
    },
    "autonomous_execution": {
      "enabled": false,
      "requires_deterministic_gates": true,
      "requires_explicit_user_request": true
    }
  },
  "mismatches": [],
  "would_mutate": false
}
