{
  "schema_version": 1,
  "entry_id": "entry-1f4c6b72d4f7425b",
  "session_id": "ONLINE-NORMAL-CONE-MIGRATION-20261007",
  "sequence": 4,
  "parent_id": "entry-38523c1ce123a538",
  "event_type": "candidate",
  "created_at": "2026-10-06T20:30:57+00:00",
  "payload": {
    "run_id": "online-normal-cone-migration-20261007",
    "chapter_complete": false,
    "goal_complete": false,
    "frozen_headers": {
      "SourceNormalCone": "a22e24db8e758fdcd1472cb732784ece6d55d13fe31becf0e6bce595aa0e0686",
      "indicator_subdifferential_eq_normalCone": "501fd379f37c30fe1cd871cfb1cd7f51abfd15ff97bfd2ab7543c267c304497f",
      "normalCone_interior_eq_zero": "abd3018b9b0d037bdeb12261fee72dbb16d8ef863783ad440fffe1b5dc4a302f",
      "normalCone_unitBall_boundary": "96eae7375828573042996c513a495645d77c3afcd6ca57b31b6d9123f0e9c6fd"
    },
    "sequential_jobs": {
      "root-v1-01": 9089,
      "Tests-v1-01": 9234
    },
    "source_package_accepted": false,
    "remaining_gates": [
      "fullharness",
      "exact contributor/diff/history",
      "site/registry/browser/FINAL",
      "raw/PR"
    ]
  }
}
