{
  "schema_version": 1,
  "entry_id": "entry-223f6cf45bbc20d7",
  "session_id": "ONLINE-NORMAL-CONE-MIGRATION-20261007",
  "sequence": 0,
  "parent_id": "",
  "event_type": "draft",
  "created_at": "2026-10-06T20:09:00+00:00",
  "payload": {
    "run_id": "online-normal-cone-migration-20261007",
    "chapter_complete": false,
    "goal_complete": false,
    "frozen_headers": {
      "SourceNormalCone": "a22e24db8e758fdcd1472cb732784ece6d55d13fe31becf0e6bce595aa0e0686",
      "indicator_subdifferential_eq_normalCone": "501fd379f37c30fe1cd871cfb1cd7f51abfd15ff97bfd2ab7543c267c304497f",
      "normalCone_interior_eq_zero": "abd3018b9b0d037bdeb12261fee72dbb16d8ef863783ad440fffe1b5dc4a302f",
      "normalCone_unitBall_boundary": "96eae7375828573042996c513a495645d77c3afcd6ca57b31b6d9123f0e9c6fd"
    },
    "retained_proofs": 3,
    "retained_definitions": 1,
    "new_production_proofs": 0,
    "source_body_examples": 1,
    "source_claims": 3,
    "source_package_accepted": false
  }
}
