{
  "time": "2026-10-06T20:16:40+00:00",
  "task": "ONLINE-NORMAL-CONE-MIGRATION-20261007",
  "role": "lower",
  "kind": "build",
  "status": "compiled",
  "notes": "Actual3retainedproofs1fullowneddef/whole4canaryproof2TESTdefs/10namedkernel checks4guards/10selectednodes checked; no newmath/TEST. BODY/package gates pending; Chapter2/book incomplete.",
  "lean": "BanditRLProof\\OnlineNormalCone.lean",
  "source": "",
  "run_id": "online-normal-cone-migration-20261007",
  "changed_files": [],
  "statement_hash": "96eae7375828573042996c513a495645d77c3afcd6ca57b31b6d9123f0e9c6fd",
  "parent_id": "",
  "route_fingerprint": "",
  "verifier_evidence": [
    "E:\\ABRL\\worktrees\\research-online-book\\runs\\online-normal-cone-migration-20261007\\public-actual-bindings-v1.json"
  ],
  "harness": "",
  "experiment_id": "",
  "target_fingerprint": "",
  "route_packet_hash": "",
  "attempt_id": "NORMAL-CONE-RETAINED-BODIES-V1",
  "worker_id": "",
  "progress_class": "retrieval-reuse",
  "reviewer_validated": false,
  "obligations_before": 0,
  "obligations_after": 0,
  "new_declarations": [],
  "reused_declarations": [
    "BanditRL.OnlineConvex.normalCone_unitBall_boundary"
  ],
  "dag_nodes": 0,
  "dag_depth": 0,
  "elapsed_seconds": 0.0,
  "lean_check_seconds": 0.0,
  "prompt_chars": 0,
  "input_tokens": 0,
  "output_tokens": 0,
  "error_signature": ""
}
