{
  "id": "mem-d3d7ed02e0bbb4c5",
  "created_at": "2026-10-06T20:09:00+00:00",
  "type": "source_fact",
  "task": "ONLINE-NORMAL-CONE-MIGRATION-20261007",
  "provenance": {
    "kind": "local_first_retrieval",
    "reference": "MLIB-ORDER-ALGEBRA and pinned metric/inner-product APIs; retained producer bodies inspected, no newgeneric lemma/external compatible rebuild/pin change"
  },
  "assumptions": [],
  "declaration": "",
  "file": "",
  "status": "verified",
  "verifier_evidence": [
    "E:\\ABRL\\worktrees\\research-online-book\\runs\\online-normal-cone-migration-20261007\\actual-types-v1-01.log"
  ],
  "supersession": {
    "supersedes": [],
    "reason": ""
  },
  "roles": [],
  "details": {
    "query": "full indicator support/ambient interior normals/full closed unit-ball boundary nonnegative ray",
    "search_order": [
      "local declarations",
      "ABRL theorem cards",
      "Mathlib cards"
    ],
    "candidates": [
      "BanditRL.OnlineConvex.indicator_subdifferential_eq_normalCone",
      "BanditRL.OnlineConvex.SourceNormalCone",
      "norm_sub_sq_real",
      "real_inner_le_norm"
    ],
    "rejections": [],
    "compiled_scratch": "E:\\ABRL\\worktrees\\research-online-book\\runs\\online-normal-cone-migration-20261007\\actual-types-v1-01.log"
  }
}
