{
  "schema_version": 1,
  "entry_id": "entry-b97a9c848f9f1c7e",
  "session_id": "ONLINE-NORMAL-CONE-MIGRATION-20261007",
  "sequence": 1,
  "parent_id": "entry-223f6cf45bbc20d7",
  "event_type": "stabilized",
  "created_at": "2026-10-06T20:15:51+00:00",
  "payload": {
    "run_id": "online-normal-cone-migration-20261007",
    "chapter_complete": false,
    "goal_complete": false,
    "contract_report_sha256": "6ecef68153c73ca4bcc425f2e4635b0642574feb4740579f988bf087e7366371",
    "frozen_headers": {
      "SourceNormalCone": "a22e24db8e758fdcd1472cb732784ece6d55d13fe31becf0e6bce595aa0e0686",
      "indicator_subdifferential_eq_normalCone": "501fd379f37c30fe1cd871cfb1cd7f51abfd15ff97bfd2ab7543c267c304497f",
      "normalCone_interior_eq_zero": "abd3018b9b0d037bdeb12261fee72dbb16d8ef863783ad440fffe1b5dc4a302f",
      "normalCone_unitBall_boundary": "96eae7375828573042996c513a495645d77c3afcd6ca57b31b6d9123f0e9c6fd"
    },
    "source_package_accepted": false
  }
}
