{
  "time": "2026-10-05T16:07:52+00:00",
  "task": "ONLINE-JENSEN-MIGRATION-20261005",
  "role": "reviewer",
  "kind": "review",
  "status": "accepted",
  "notes": "Same actual compiled Jensen/negative-part bundle accepted after distinct source/final-reader and integrated gates. One printed source result/two retained proofs, no new code or Chapter2/wholeBook completion/productivity experiment.",
  "lean": "",
  "source": "",
  "run_id": "online-jensen-migration-20261005",
  "changed_files": [],
  "statement_hash": "3e8cc15d2050c68aa53f147381f06fa9839fe3aa4da7aaa46d41c7cc17dc2052",
  "parent_id": "",
  "route_fingerprint": "",
  "verifier_evidence": [
    "runs\\online-jensen-migration-20261005\\final-reader-receipt-v1.json"
  ],
  "harness": "hierarchical",
  "experiment_id": "",
  "target_fingerprint": "",
  "route_packet_hash": "",
  "attempt_id": "JENSEN-RETAINED-BODIES-V1",
  "worker_id": "",
  "progress_class": "retrieval-reuse",
  "reviewer_validated": true,
  "obligations_before": 0,
  "obligations_after": 0,
  "new_declarations": [],
  "reused_declarations": [
    "BanditRL.OnlineConvex.theorem_2_9"
  ],
  "dag_nodes": 0,
  "dag_depth": 0,
  "elapsed_seconds": 0.0,
  "lean_check_seconds": 0.0,
  "prompt_chars": 0,
  "input_tokens": 0,
  "output_tokens": 0,
  "error_signature": ""
}
