{
  "schema_version": 1,
  "record_id": "frontier-33714c45b83f7d31",
  "updated_at": "2026-10-05T16:07:53+00:00",
  "root_objective": "Persistent Orabona Chapters1-16 Goal; source Jensen/negative-part accepted, Chapter2/book incomplete",
  "current_leaf": {
    "id": "ONLINE-JENSEN-MIGRATION-20261005",
    "kind": "lean",
    "status": "accepted",
    "statement": "theorem theorem_2_9 (μ : Measure Ω) [IsProbabilityMeasure μ] (f : E → EReal) (hbot : ∀ x, f x ≠ ⊥) (hf : IsConvexExtended f) (hfm : Measurable f) (X : Ω → E) (hXm : Measurable X) (hX : Integrable X μ) (hdom : ∀ᵐ ω ∂μ, X ω ∈ effectiveDomain f) : f (∫ ω, X ω ∂μ) ≤ signedExpectation μ (fun ω => f (X ω))",
    "statement_hash": "3e8cc15d2050c68aa53f147381f06fa9839fe3aa4da7aaa46d41c7cc17dc2052",
    "declaration": "BanditRL.OnlineConvex.theorem_2_9",
    "file": "BanditRLProof/OnlineJensen.lean",
    "source_status": "source-reviewed",
    "dependencies": [
      {
        "kind": "lean",
        "name": "BanditRL.OnlineConvex.jensen_negativeIntegral_ne_top",
        "status": "compiled"
      },
      {
        "kind": "lean",
        "name": "BanditRL.OnlineConvex.convex_affine_minorant",
        "status": "compiled"
      },
      {
        "kind": "lean",
        "name": "BanditRL.OnlineConvex.integral_mem_convex_finiteDimensional",
        "status": "compiled"
      },
      {
        "kind": "lean",
        "name": "BanditRL.OnlineConvex.signedExpectation_eq_top",
        "status": "compiled"
      },
      {
        "kind": "lean",
        "name": "BanditRL.OnlineConvex.signedExpectation_coe_integrable",
        "status": "compiled"
      },
      {
        "kind": "review",
        "name": "source-reader",
        "status": "accepted"
      }
    ]
  },
  "dag": {
    "nodes": [
      {
        "id": "ONLINE-JENSEN-MIGRATION-20261005",
        "kind": "lean",
        "status": "accepted",
        "dependencies": [
          {
            "kind": "lean",
            "name": "BanditRL.OnlineConvex.jensen_negativeIntegral_ne_top",
            "status": "compiled"
          },
          {
            "kind": "lean",
            "name": "BanditRL.OnlineConvex.convex_affine_minorant",
            "status": "compiled"
          },
          {
            "kind": "lean",
            "name": "BanditRL.OnlineConvex.integral_mem_convex_finiteDimensional",
            "status": "compiled"
          },
          {
            "kind": "lean",
            "name": "BanditRL.OnlineConvex.signedExpectation_eq_top",
            "status": "compiled"
          },
          {
            "kind": "lean",
            "name": "BanditRL.OnlineConvex.signedExpectation_coe_integrable",
            "status": "compiled"
          },
          {
            "kind": "review",
            "name": "source-reader",
            "status": "accepted"
          }
        ],
        "dispatch_count": 0
      }
    ]
  },
  "last_accepted_verifier": {
    "trial_index": 1,
    "time": "2026-10-05T16:07:52+00:00",
    "task": "ONLINE-JENSEN-MIGRATION-20261005",
    "role": "reviewer",
    "kind": "review",
    "status": "accepted",
    "lean": "",
    "notes": "Same actual compiled Jensen/negative-part bundle accepted after distinct source/final-reader and integrated gates. One printed source result/two retained proofs, no new code or Chapter2/wholeBook completion/productivity experiment.",
    "run_id": "online-jensen-migration-20261005"
  },
  "memory_policy": {
    "recent_role_relevant_limit": 5,
    "explicit_verified_lemma_ids": [],
    "whole_history_default": false
  },
  "shadow_gate": {
    "status": "pending",
    "analyzed_trial_rows": 2,
    "mismatches": [],
    "replay_transitions": 0
  },
  "mutation_policy": {
    "canonical_path_queue": true,
    "cross_process_lock": true,
    "same_file_serialized": true,
    "disjoint_files_parallel": true
  },
  "autonomous_execution": {
    "enabled": false,
    "requires_deterministic_gates": true,
    "requires_explicit_user_request": true
  }
}
