{
  "schema_version": 1,
  "entry_id": "entry-4877b9d616fc6139",
  "session_id": "ONLINE-JENSEN-MIGRATION-20261005",
  "sequence": 6,
  "parent_id": "entry-86abf4549b8f9f07",
  "event_type": "accepted",
  "created_at": "2026-10-05T16:07:52+00:00",
  "payload": {
    "run_id": "online-jensen-migration-20261005",
    "accepted_decision": "runs\\online-jensen-migration-20261005\\accepted-decision-v1.json",
    "retained_proofs": 2,
    "retained_definitions": 0,
    "new_proofs": 0,
    "merged": false,
    "live": false,
    "source_terminal_accepted": true,
    "negative_part_producer_accepted": true,
    "chapter_complete": false,
    "goal_complete": false
  }
}
