{
  "schema_version": 1,
  "entry_id": "entry-86abf4549b8f9f07",
  "session_id": "ONLINE-JENSEN-MIGRATION-20261005",
  "sequence": 5,
  "parent_id": "entry-97496511b6fed77f",
  "event_type": "candidate",
  "created_at": "2026-10-05T15:52:22+00:00",
  "payload": {
    "run_id": "online-jensen-migration-20261005",
    "retained_proofs": 2,
    "retained_definitions": 0,
    "new_proofs": 0,
    "frozen_headers": {
      "jensen_negativeIntegral_ne_top": "3fc9079b0d2f5887344c8e11ca39915392220db8641b808986bbb5fd59cf0cbd",
      "theorem_2_9": "3e8cc15d2050c68aa53f147381f06fa9839fe3aa4da7aaa46d41c7cc17dc2052"
    },
    "fresh_jobs": {
      "root-v1-01": 9088,
      "Tests-v1-01": 9230
    },
    "remaining_gates": [
      "fullharness",
      "contributor",
      "site/registry/finalreader",
      "raw/PR"
    ],
    "source_terminal_accepted": false,
    "chapter_complete": false,
    "goal_complete": false
  }
}
