{
  "schema_version": 1,
  "entry_id": "entry-b33d6228bd1f44ad",
  "session_id": "ONLINE-JENSEN-MIGRATION-20261005",
  "sequence": 0,
  "parent_id": "",
  "event_type": "draft",
  "created_at": "2026-10-05T15:24:37+00:00",
  "payload": {
    "run_id": "online-jensen-migration-20261005",
    "frozen_headers": {
      "jensen_negativeIntegral_ne_top": "3fc9079b0d2f5887344c8e11ca39915392220db8641b808986bbb5fd59cf0cbd",
      "theorem_2_9": "3e8cc15d2050c68aa53f147381f06fa9839fe3aa4da7aaa46d41c7cc17dc2052"
    },
    "retained_proofs": 2,
    "new_proofs": 0,
    "source_accepted": false,
    "chapter_complete": false,
    "goal_complete": false
  }
}
