⚠ [3290/3303] Replayed BanditRLProof.OnlineConvexBarycenter
warning: BanditRLProof/OnlineConvexBarycenter.lean:73:0: automatically included section variable(s) unused in theorem `BanditRL.OnlineConvex.integral_mem_convex_finiteDimensional`:
  [MeasurableSpace E]
  [BorelSpace E]
consider restructuring your `variable` declarations so that the variables are not in scope or explicitly omit them:
  omit [MeasurableSpace E] [BorelSpace E] in theorem ...

Note: This linter can be disabled with `set_option linter.unusedSectionVars false`
⚠ [3300/3303] Replayed BanditRLProof.OnlineConvexExtended
warning: BanditRLProof/OnlineConvexExtended.lean:57:0: automatically included section variable(s) unused in theorem `BanditRL.OnlineConvex.effectiveDomain_indicator`:
  [AddCommGroup E]
  [Module ℝ E]
consider restructuring your `variable` declarations so that the variables are not in scope or explicitly omit them:
  omit [AddCommGroup E] [Module ℝ E] in theorem ...

Note: This linter can be disabled with `set_option linter.unusedSectionVars false`
warning: BanditRLProof/OnlineConvexExtended.lean:77:0: automatically included section variable(s) unused in theorem `BanditRL.OnlineConvex.realEpigraph_toReal`:
  [AddCommGroup E]
  [Module ℝ E]
consider restructuring your `variable` declarations so that the variables are not in scope or explicitly omit them:
  omit [AddCommGroup E] [Module ℝ E] in theorem ...

Note: This linter can be disabled with `set_option linter.unusedSectionVars false`
⚠ [3303/3303] Built BanditRLProof.OnlineJensen (9.0s)
warning: BanditRLProof/OnlineJensen.lean:29:0: automatically included section variable(s) unused in theorem `BanditRL.OnlineConvex.jensen_negativeIntegral_ne_top`:
  [BorelSpace E]
consider restructuring your `variable` declarations so that the variables are not in scope or explicitly omit them:
  omit [BorelSpace E] in theorem ...

Note: This linter can be disabled with `set_option linter.unusedSectionVars false`
warning: BanditRLProof/OnlineJensen.lean:31:5: unused variable `hfm`

Note: This linter can be disabled with `set_option linter.unusedVariables false`
warning: BanditRLProof/OnlineJensen.lean:31:38: unused variable `hXm`

Note: This linter can be disabled with `set_option linter.unusedVariables false`
Build completed successfully (3303 jobs).
