{
  "schema_version": 1,
  "entry_id": "entry-a065d96efbbd7980",
  "session_id": "ONLINE-JENSEN-MIGRATION-20261005",
  "sequence": 2,
  "parent_id": "entry-92d5182da67e9b6a",
  "event_type": "proving",
  "created_at": "2026-10-05T15:33:28+00:00",
  "payload": {
    "run_id": "online-jensen-migration-20261005",
    "frozen_headers": {
      "jensen_negativeIntegral_ne_top": "3fc9079b0d2f5887344c8e11ca39915392220db8641b808986bbb5fd59cf0cbd",
      "theorem_2_9": "3e8cc15d2050c68aa53f147381f06fa9839fe3aa4da7aaa46d41c7cc17dc2052"
    },
    "source_contract_receipt": "runs\\online-jensen-migration-20261005\\source-contract-receipt-v1.json",
    "route": "single lower retained-body revalidation",
    "first_ready_leaf": "jensen_negativeIntegral_ne_top",
    "terminal": "theorem_2_9: exact source inequality allowing positive-infinite loss expectation",
    "allowed_edits": "leading source/scope qualification comment and selected online-jensen reader subtree; two headers/proof tokens/whole canary bytes fixed",
    "retained_proofs": 2,
    "retained_definitions": 0,
    "new_proofs": 0,
    "source_terminal_accepted": false,
    "chapter_complete": false,
    "goal_complete": false
  }
}
