{
  "time": "2026-10-05T15:39:34+00:00",
  "task": "ONLINE-JENSEN-MIGRATION-20261005",
  "role": "lower",
  "kind": "build",
  "status": "compiled",
  "notes": "Actual retained negative-finite producer/source Jensen bodies and unchanged three probability canaries13proofs3defs2probinstances/20namedaxioms/2guards passed. No new proof code; distinct BODY and package acceptance pending, Chapter2/Book incomplete.",
  "lean": "BanditRLProof/OnlineJensen.lean",
  "source": "",
  "run_id": "online-jensen-migration-20261005",
  "changed_files": [],
  "statement_hash": "3e8cc15d2050c68aa53f147381f06fa9839fe3aa4da7aaa46d41c7cc17dc2052",
  "parent_id": "",
  "route_fingerprint": "",
  "verifier_evidence": [
    "runs\\online-jensen-migration-20261005\\public-body-v1-01.log"
  ],
  "harness": "",
  "experiment_id": "",
  "target_fingerprint": "",
  "route_packet_hash": "",
  "attempt_id": "JENSEN-RETAINED-BODIES-V1",
  "worker_id": "",
  "progress_class": "retrieval-reuse",
  "reviewer_validated": false,
  "obligations_before": 0,
  "obligations_after": 0,
  "new_declarations": [],
  "reused_declarations": [
    "BanditRL.OnlineConvex.theorem_2_9"
  ],
  "dag_nodes": 0,
  "dag_depth": 0,
  "elapsed_seconds": 0.0,
  "lean_check_seconds": 0.0,
  "prompt_chars": 0,
  "input_tokens": 0,
  "output_tokens": 0,
  "error_signature": ""
}
