{
  "schema_version": 1,
  "entry_id": "entry-fb04eeb11b35c3a3",
  "session_id": "ONLINE-C1-CORE-AUDIT-20261008",
  "sequence": 6,
  "parent_id": "entry-5252dedca830be78",
  "event_type": "accepted",
  "created_at": "2026-10-08T12:19:38+00:00",
  "payload": {
    "run_id": "online-c1-core-audit-20261008",
    "contract_version": 2,
    "scope": "Five legacy core source-module audits only, twelve reused exact public proofs, zero new production theorems; original headers/bodies preserved.",
    "accepted_decision": "E:/ABRL/worktrees/research-online-book/runs/online-c1-core-audit-20261008/accepted-decision-v2.json",
    "five_source_audits_accepted": true,
    "source_audits_before": 5,
    "source_audits_after": 0,
    "new_production_proofs": 0,
    "whole_source_items_closed": 0,
    "chapter_complete": false,
    "goal_complete": false,
    "merged": false,
    "live": false
  }
}
