{
  "id": "mem-d6a827ac1013e072",
  "created_at": "2026-10-08T12:19:39+00:00",
  "type": "source_fact",
  "task": "ONLINE-C1-CORE-AUDIT-20261008",
  "provenance": {
    "kind": "local_first_retrieval",
    "reference": "E:\\ABRL\\worktrees\\research-online-book\\runs\\online-c1-core-audit-20261008\\canary-focused-build-v3-exit.json"
  },
  "assumptions": [],
  "declaration": "",
  "file": "",
  "status": "verified",
  "verifier_evidence": [
    "Tests\\OnlineLearningCoreAuditCanary.lean"
  ],
  "supersession": {
    "supersedes": [],
    "reason": ""
  },
  "roles": [],
  "details": {
    "query": "Five legacy core exact prefix/variance/history audits",
    "search_order": [
      "local declarations",
      "ABRL theorem cards",
      "Mathlib cards"
    ],
    "candidates": [
      "BanditRL.OnlineLearning.lemma_1_2",
      "BanditRL.OnlineLearning.iid_meanPredict_excess",
      "BanditRL.OnlineLearning.history_policy_loss_ge_variance"
    ],
    "rejections": [],
    "compiled_scratch": "Tests\\OnlineLearningCoreAuditCanary.lean"
  }
}
