E:\ABRL\worktrees\research-online-book\runs\online-c1-core-audit-20261008\actual-public-canary-types-kernel-v1.lean:16:79: warning: unused variable `hmem`

Note: This linter can be disabled with `set_option linter.unusedVariables false`
E:\ABRL\worktrees\research-online-book\runs\online-c1-core-audit-20261008\actual-public-canary-types-kernel-v1.lean:16:122: warning: unused variable `hmin`

Note: This linter can be disabled with `set_option linter.unusedVariables false`
E:\ABRL\worktrees\research-online-book\runs\online-c1-core-audit-20261008\actual-public-canary-types-kernel-v1.lean:19:96: warning: unused variable `hY`

Note: This linter can be disabled with `set_option linter.unusedVariables false`
E:\ABRL\worktrees\research-online-book\runs\online-c1-core-audit-20261008\actual-public-canary-types-kernel-v1.lean:22:98: warning: unused variable `hP`

Note: This linter can be disabled with `set_option linter.unusedVariables false`
E:\ABRL\worktrees\research-online-book\runs\online-c1-core-audit-20261008\actual-public-canary-types-kernel-v1.lean:22:117: warning: unused variable `hY`

Note: This linter can be disabled with `set_option linter.unusedVariables false`
E:\ABRL\worktrees\research-online-book\runs\online-c1-core-audit-20261008\actual-public-canary-types-kernel-v1.lean:22:136: warning: unused variable `h`

Note: This linter can be disabled with `set_option linter.unusedVariables false`
E:\ABRL\worktrees\research-online-book\runs\online-c1-core-audit-20261008\actual-public-canary-types-kernel-v1.lean:25:100: warning: unused variable `hY`

Note: This linter can be disabled with `set_option linter.unusedVariables false`
E:\ABRL\worktrees\research-online-book\runs\online-c1-core-audit-20261008\actual-public-canary-types-kernel-v1.lean:25:129: warning: unused variable `hind`

Note: This linter can be disabled with `set_option linter.unusedVariables false`
E:\ABRL\worktrees\research-online-book\runs\online-c1-core-audit-20261008\actual-public-canary-types-kernel-v1.lean:28:59: warning: unused variable `hY`

Note: This linter can be disabled with `set_option linter.unusedVariables false`
E:\ABRL\worktrees\research-online-book\runs\online-c1-core-audit-20261008\actual-public-canary-types-kernel-v1.lean:31:100: warning: unused variable `hY`

Note: This linter can be disabled with `set_option linter.unusedVariables false`
E:\ABRL\worktrees\research-online-book\runs\online-c1-core-audit-20261008\actual-public-canary-types-kernel-v1.lean:31:129: warning: unused variable `hb`

Note: This linter can be disabled with `set_option linter.unusedVariables false`
E:\ABRL\worktrees\research-online-book\runs\online-c1-core-audit-20261008\actual-public-canary-types-kernel-v1.lean:34:100: warning: unused variable `hY`

Note: This linter can be disabled with `set_option linter.unusedVariables false`
E:\ABRL\worktrees\research-online-book\runs\online-c1-core-audit-20261008\actual-public-canary-types-kernel-v1.lean:34:129: warning: unused variable `hind`

Note: This linter can be disabled with `set_option linter.unusedVariables false`
E:\ABRL\worktrees\research-online-book\runs\online-c1-core-audit-20261008\actual-public-canary-types-kernel-v1.lean:34:152: warning: unused variable `hlaw`

Note: This linter can be disabled with `set_option linter.unusedVariables false`
E:\ABRL\worktrees\research-online-book\runs\online-c1-core-audit-20261008\actual-public-canary-types-kernel-v1.lean:34:195: warning: unused variable `hb`

Note: This linter can be disabled with `set_option linter.unusedVariables false`
E:\ABRL\worktrees\research-online-book\runs\online-c1-core-audit-20261008\actual-public-canary-types-kernel-v1.lean:37:100: warning: unused variable `hY`

Note: This linter can be disabled with `set_option linter.unusedVariables false`
E:\ABRL\worktrees\research-online-book\runs\online-c1-core-audit-20261008\actual-public-canary-types-kernel-v1.lean:37:129: warning: unused variable `hind`

Note: This linter can be disabled with `set_option linter.unusedVariables false`
E:\ABRL\worktrees\research-online-book\runs\online-c1-core-audit-20261008\actual-public-canary-types-kernel-v1.lean:37:152: warning: unused variable `hlaw`

Note: This linter can be disabled with `set_option linter.unusedVariables false`
E:\ABRL\worktrees\research-online-book\runs\online-c1-core-audit-20261008\actual-public-canary-types-kernel-v1.lean:37:195: warning: unused variable `hb`

Note: This linter can be disabled with `set_option linter.unusedVariables false`
E:\ABRL\worktrees\research-online-book\runs\online-c1-core-audit-20261008\actual-public-canary-types-kernel-v1.lean:40:96: warning: unused variable `hY`

Note: This linter can be disabled with `set_option linter.unusedVariables false`
E:\ABRL\worktrees\research-online-book\runs\online-c1-core-audit-20261008\actual-public-canary-types-kernel-v1.lean:40:116: warning: unused variable `hb`

Note: This linter can be disabled with `set_option linter.unusedVariables false`
E:\ABRL\worktrees\research-online-book\runs\online-c1-core-audit-20261008\actual-public-canary-types-kernel-v1.lean:43:100: warning: unused variable `hY`

Note: This linter can be disabled with `set_option linter.unusedVariables false`
E:\ABRL\worktrees\research-online-book\runs\online-c1-core-audit-20261008\actual-public-canary-types-kernel-v1.lean:43:129: warning: unused variable `hind`

Note: This linter can be disabled with `set_option linter.unusedVariables false`
E:\ABRL\worktrees\research-online-book\runs\online-c1-core-audit-20261008\actual-public-canary-types-kernel-v1.lean:43:208: warning: unused variable `hp`

Note: This linter can be disabled with `set_option linter.unusedVariables false`
E:\ABRL\worktrees\research-online-book\runs\online-c1-core-audit-20261008\actual-public-canary-types-kernel-v1.lean:46:100: warning: unused variable `hY`

Note: This linter can be disabled with `set_option linter.unusedVariables false`
E:\ABRL\worktrees\research-online-book\runs\online-c1-core-audit-20261008\actual-public-canary-types-kernel-v1.lean:46:129: warning: unused variable `hind`

Note: This linter can be disabled with `set_option linter.unusedVariables false`
E:\ABRL\worktrees\research-online-book\runs\online-c1-core-audit-20261008\actual-public-canary-types-kernel-v1.lean:46:152: warning: unused variable `hb`

Note: This linter can be disabled with `set_option linter.unusedVariables false`
E:\ABRL\worktrees\research-online-book\runs\online-c1-core-audit-20261008\actual-public-canary-types-kernel-v1.lean:46:248: warning: unused variable `hp`

Note: This linter can be disabled with `set_option linter.unusedVariables false`
E:\ABRL\worktrees\research-online-book\runs\online-c1-core-audit-20261008\actual-public-canary-types-kernel-v1.lean:46:273: warning: unused variable `hpb`

Note: This linter can be disabled with `set_option linter.unusedVariables false`
E:\ABRL\worktrees\research-online-book\runs\online-c1-core-audit-20261008\actual-public-canary-types-kernel-v1.lean:49:39: warning: unused variable `hT`

Note: This linter can be disabled with `set_option linter.unusedVariables false`
E:\ABRL\worktrees\research-online-book\runs\online-c1-core-audit-20261008\actual-public-canary-types-kernel-v1.lean:56:79: warning: unused variable `hmem`

Note: This linter can be disabled with `set_option linter.unusedVariables false`
E:\ABRL\worktrees\research-online-book\runs\online-c1-core-audit-20261008\actual-public-canary-types-kernel-v1.lean:56:122: warning: unused variable `hmin`

Note: This linter can be disabled with `set_option linter.unusedVariables false`
BanditRL.OnlineLearning.lemma_1_2.{u_1} {X : Type u_1} (V : Set X) (loss : ℕ → X → ℝ) (leader : ℕ → X) (T : ℕ)
  (hmem : ∀ (n : ℕ), 0 < n → n ≤ T → leader n ∈ V)
  (hmin :
    ∀ (n : ℕ), 0 < n → n ≤ T → ∀ u ∈ V, ∑ t ∈ Finset.range n, loss t (leader n) ≤ ∑ t ∈ Finset.range n, loss t u) :
  ∑ t ∈ Finset.range T, loss t (leader (t + 1)) ≤ ∑ t ∈ Finset.range T, loss t (leader T)
'BanditRL.OnlineLearning.lemma_1_2' depends on axioms: [propext, Classical.choice, Quot.sound]
E:\ABRL\worktrees\research-online-book\runs\online-c1-core-audit-20261008\actual-public-canary-types-kernel-v1.lean:63:96: warning: unused variable `hY`

Note: This linter can be disabled with `set_option linter.unusedVariables false`
BanditRL.OnlineLearning.expected_square_decomposition.{u_1} {Ω : Type u_1} [MeasurableSpace Ω] (μ : Measure Ω)
  [IsProbabilityMeasure μ] (Y : Ω → ℝ) (hY : MemLp Y 2 μ) (u : ℝ) :
  ∫ (ω : Ω), (u - Y ω) ^ 2 ∂μ = Var[Y; μ] + (u - ∫ (ω : Ω), Y ω ∂μ) ^ 2
'BanditRL.OnlineLearning.expected_square_decomposition' depends on axioms: [propext, Classical.choice, Quot.sound]
E:\ABRL\worktrees\research-online-book\runs\online-c1-core-audit-20261008\actual-public-canary-types-kernel-v1.lean:70:98: warning: unused variable `hP`

Note: This linter can be disabled with `set_option linter.unusedVariables false`
E:\ABRL\worktrees\research-online-book\runs\online-c1-core-audit-20261008\actual-public-canary-types-kernel-v1.lean:70:117: warning: unused variable `hY`

Note: This linter can be disabled with `set_option linter.unusedVariables false`
E:\ABRL\worktrees\research-online-book\runs\online-c1-core-audit-20261008\actual-public-canary-types-kernel-v1.lean:70:136: warning: unused variable `h`

Note: This linter can be disabled with `set_option linter.unusedVariables false`
BanditRL.OnlineLearning.independent_prediction_square.{u_1} {Ω : Type u_1} [MeasurableSpace Ω] (μ : Measure Ω)
  [IsProbabilityMeasure μ] (P Y : Ω → ℝ) (hP : MemLp P 2 μ) (hY : MemLp Y 2 μ) (h : P ⟂ᵢ[μ] Y) :
  ∫ (ω : Ω), (P ω - Y ω) ^ 2 ∂μ = ∫ (ω : Ω), (P ω - ∫ (ω : Ω), Y ω ∂μ) ^ 2 ∂μ + Var[Y; μ]
'BanditRL.OnlineLearning.independent_prediction_square' depends on axioms: [propext, Classical.choice, Quot.sound]
E:\ABRL\worktrees\research-online-book\runs\online-c1-core-audit-20261008\actual-public-canary-types-kernel-v1.lean:77:100: warning: unused variable `hY`

Note: This linter can be disabled with `set_option linter.unusedVariables false`
E:\ABRL\worktrees\research-online-book\runs\online-c1-core-audit-20261008\actual-public-canary-types-kernel-v1.lean:77:129: warning: unused variable `hind`

Note: This linter can be disabled with `set_option linter.unusedVariables false`
BanditRL.OnlineLearning.meanPredict_independent.{u_1} {Ω : Type u_1} [MeasurableSpace Ω] (μ : Measure Ω)
  [IsProbabilityMeasure μ] (Y : ℕ → Ω → ℝ) (hY : ∀ (t : ℕ), Measurable (Y t)) (hind : iIndepFun Y μ) (t : ℕ) :
  (fun ω => meanPredict (fun i => Y i ω) t) ⟂ᵢ[μ] Y t
'BanditRL.OnlineLearning.meanPredict_independent' depends on axioms: [propext, Classical.choice, Quot.sound]
E:\ABRL\worktrees\research-online-book\runs\online-c1-core-audit-20261008\actual-public-canary-types-kernel-v1.lean:84:59: warning: unused variable `hY`

Note: This linter can be disabled with `set_option linter.unusedVariables false`
BanditRL.OnlineLearning.meanPredict_measurable.{u_1} {Ω : Type u_1} [MeasurableSpace Ω] (Y : ℕ → Ω → ℝ)
  (hY : ∀ (t : ℕ), Measurable (Y t)) (t : ℕ) : Measurable fun ω => meanPredict (fun i => Y i ω) t
'BanditRL.OnlineLearning.meanPredict_measurable' depends on axioms: [propext, Classical.choice, Quot.sound]
E:\ABRL\worktrees\research-online-book\runs\online-c1-core-audit-20261008\actual-public-canary-types-kernel-v1.lean:91:100: warning: unused variable `hY`

Note: This linter can be disabled with `set_option linter.unusedVariables false`
E:\ABRL\worktrees\research-online-book\runs\online-c1-core-audit-20261008\actual-public-canary-types-kernel-v1.lean:91:129: warning: unused variable `hb`

Note: This linter can be disabled with `set_option linter.unusedVariables false`
BanditRL.OnlineLearning.meanPredict_memLp.{u_1} {Ω : Type u_1} [MeasurableSpace Ω] (μ : Measure Ω)
  [IsProbabilityMeasure μ] (Y : ℕ → Ω → ℝ) (hY : ∀ (t : ℕ), Measurable (Y t))
  (hb : ∀ (t : ℕ) (ω : Ω), Y t ω ∈ Set.Icc 0 1) (t : ℕ) : MemLp (fun ω => meanPredict (fun i => Y i ω) t) 2 μ
'BanditRL.OnlineLearning.meanPredict_memLp' depends on axioms: [propext, Classical.choice, Quot.sound]
E:\ABRL\worktrees\research-online-book\runs\online-c1-core-audit-20261008\actual-public-canary-types-kernel-v1.lean:98:100: warning: unused variable `hY`

Note: This linter can be disabled with `set_option linter.unusedVariables false`
E:\ABRL\worktrees\research-online-book\runs\online-c1-core-audit-20261008\actual-public-canary-types-kernel-v1.lean:98:129: warning: unused variable `hind`

Note: This linter can be disabled with `set_option linter.unusedVariables false`
E:\ABRL\worktrees\research-online-book\runs\online-c1-core-audit-20261008\actual-public-canary-types-kernel-v1.lean:98:152: warning: unused variable `hlaw`

Note: This linter can be disabled with `set_option linter.unusedVariables false`
E:\ABRL\worktrees\research-online-book\runs\online-c1-core-audit-20261008\actual-public-canary-types-kernel-v1.lean:98:195: warning: unused variable `hb`

Note: This linter can be disabled with `set_option linter.unusedVariables false`
BanditRL.OnlineLearning.iid_meanPredict_excess.{u_1} {Ω : Type u_1} [MeasurableSpace Ω] (μ : Measure Ω)
  [IsProbabilityMeasure μ] (Y : ℕ → Ω → ℝ) (hY : ∀ (t : ℕ), Measurable (Y t)) (hind : iIndepFun Y μ)
  (hlaw : ∀ (t : ℕ), IdentDistrib (Y t) (Y 0) μ μ) (hb : ∀ (t : ℕ) (ω : Ω), Y t ω ∈ Set.Icc 0 1) (T : ℕ) :
  ∫ (ω : Ω), ∑ t ∈ Finset.range T, (meanPredict (fun i => Y i ω) t - Y t ω) ^ 2 ∂μ - ↑T * Var[Y 0; μ] =
    ∑ t ∈ Finset.range T, ∫ (ω : Ω), (meanPredict (fun i => Y i ω) t - ∫ (ω : Ω), Y 0 ω ∂μ) ^ 2 ∂μ
'BanditRL.OnlineLearning.iid_meanPredict_excess' depends on axioms: [propext, Classical.choice, Quot.sound]
E:\ABRL\worktrees\research-online-book\runs\online-c1-core-audit-20261008\actual-public-canary-types-kernel-v1.lean:105:100: warning: unused variable `hY`

Note: This linter can be disabled with `set_option linter.unusedVariables false`
E:\ABRL\worktrees\research-online-book\runs\online-c1-core-audit-20261008\actual-public-canary-types-kernel-v1.lean:105:129: warning: unused variable `hind`

Note: This linter can be disabled with `set_option linter.unusedVariables false`
E:\ABRL\worktrees\research-online-book\runs\online-c1-core-audit-20261008\actual-public-canary-types-kernel-v1.lean:105:152: warning: unused variable `hlaw`

Note: This linter can be disabled with `set_option linter.unusedVariables false`
E:\ABRL\worktrees\research-online-book\runs\online-c1-core-audit-20261008\actual-public-canary-types-kernel-v1.lean:105:195: warning: unused variable `hb`

Note: This linter can be disabled with `set_option linter.unusedVariables false`
BanditRL.OnlineLearning.iid_meanPredict_excess_nonneg.{u_1} {Ω : Type u_1} [MeasurableSpace Ω] (μ : Measure Ω)
  [IsProbabilityMeasure μ] (Y : ℕ → Ω → ℝ) (hY : ∀ (t : ℕ), Measurable (Y t)) (hind : iIndepFun Y μ)
  (hlaw : ∀ (t : ℕ), IdentDistrib (Y t) (Y 0) μ μ) (hb : ∀ (t : ℕ) (ω : Ω), Y t ω ∈ Set.Icc 0 1) (T : ℕ) :
  0 ≤ ∫ (ω : Ω), ∑ t ∈ Finset.range T, (meanPredict (fun i => Y i ω) t - Y t ω) ^ 2 ∂μ - ↑T * Var[Y 0; μ]
'BanditRL.OnlineLearning.iid_meanPredict_excess_nonneg' depends on axioms: [propext, Classical.choice, Quot.sound]
E:\ABRL\worktrees\research-online-book\runs\online-c1-core-audit-20261008\actual-public-canary-types-kernel-v1.lean:112:96: warning: unused variable `hY`

Note: This linter can be disabled with `set_option linter.unusedVariables false`
E:\ABRL\worktrees\research-online-book\runs\online-c1-core-audit-20261008\actual-public-canary-types-kernel-v1.lean:112:116: warning: unused variable `hb`

Note: This linter can be disabled with `set_option linter.unusedVariables false`
BanditRL.OnlineLearning.source_mean_optimal.{u_1} {Ω : Type u_1} [MeasurableSpace Ω] (μ : Measure Ω)
  [IsProbabilityMeasure μ] (Y : Ω → ℝ) (hY : Measurable Y) (hb : ∀ (ω : Ω), Y ω ∈ Set.Icc 0 1) :
  ∫ (ω : Ω), Y ω ∂μ ∈ Set.Icc 0 1 ∧
    ∫ (ω : Ω), (∫ (ω : Ω), Y ω ∂μ - Y ω) ^ 2 ∂μ = Var[Y; μ] ∧ ∀ (u : ℝ), Var[Y; μ] ≤ ∫ (ω : Ω), (u - Y ω) ^ 2 ∂μ
'BanditRL.OnlineLearning.source_mean_optimal' depends on axioms: [propext, Classical.choice, Quot.sound]
E:\ABRL\worktrees\research-online-book\runs\online-c1-core-audit-20261008\actual-public-canary-types-kernel-v1.lean:119:100: warning: unused variable `hY`

Note: This linter can be disabled with `set_option linter.unusedVariables false`
E:\ABRL\worktrees\research-online-book\runs\online-c1-core-audit-20261008\actual-public-canary-types-kernel-v1.lean:119:129: warning: unused variable `hind`

Note: This linter can be disabled with `set_option linter.unusedVariables false`
E:\ABRL\worktrees\research-online-book\runs\online-c1-core-audit-20261008\actual-public-canary-types-kernel-v1.lean:119:208: warning: unused variable `hp`

Note: This linter can be disabled with `set_option linter.unusedVariables false`
BanditRL.OnlineLearning.history_policy_independent.{u_1} {Ω : Type u_1} [MeasurableSpace Ω] (μ : Measure Ω)
  [IsProbabilityMeasure μ] (Y : ℕ → Ω → ℝ) (hY : ∀ (t : ℕ), Measurable (Y t)) (hind : iIndepFun Y μ) (t : ℕ)
  (policy : (↥(Finset.range t) → ℝ) → ℝ) (hp : Measurable policy) : (fun ω => policy fun i => Y (↑i) ω) ⟂ᵢ[μ] Y t
'BanditRL.OnlineLearning.history_policy_independent' depends on axioms: [propext, Classical.choice, Quot.sound]
E:\ABRL\worktrees\research-online-book\runs\online-c1-core-audit-20261008\actual-public-canary-types-kernel-v1.lean:126:100: warning: unused variable `hY`

Note: This linter can be disabled with `set_option linter.unusedVariables false`
E:\ABRL\worktrees\research-online-book\runs\online-c1-core-audit-20261008\actual-public-canary-types-kernel-v1.lean:126:129: warning: unused variable `hind`

Note: This linter can be disabled with `set_option linter.unusedVariables false`
E:\ABRL\worktrees\research-online-book\runs\online-c1-core-audit-20261008\actual-public-canary-types-kernel-v1.lean:126:152: warning: unused variable `hb`

Note: This linter can be disabled with `set_option linter.unusedVariables false`
E:\ABRL\worktrees\research-online-book\runs\online-c1-core-audit-20261008\actual-public-canary-types-kernel-v1.lean:126:248: warning: unused variable `hp`

Note: This linter can be disabled with `set_option linter.unusedVariables false`
E:\ABRL\worktrees\research-online-book\runs\online-c1-core-audit-20261008\actual-public-canary-types-kernel-v1.lean:126:273: warning: unused variable `hpb`

Note: This linter can be disabled with `set_option linter.unusedVariables false`
BanditRL.OnlineLearning.history_policy_loss_ge_variance.{u_1} {Ω : Type u_1} [MeasurableSpace Ω] (μ : Measure Ω)
  [IsProbabilityMeasure μ] (Y : ℕ → Ω → ℝ) (hY : ∀ (t : ℕ), Measurable (Y t)) (hind : iIndepFun Y μ)
  (hb : ∀ (t : ℕ) (ω : Ω), Y t ω ∈ Set.Icc 0 1) (t : ℕ) (policy : (↥(Finset.range t) → ℝ) → ℝ) (hp : Measurable policy)
  (hpb : ∀ (z : ↥(Finset.range t) → ℝ), policy z ∈ Set.Icc 0 1) :
  Var[Y t; μ] ≤ ∫ (ω : Ω), ((policy fun i => Y (↑i) ω) - Y t ω) ^ 2 ∂μ
'BanditRL.OnlineLearning.history_policy_loss_ge_variance' depends on axioms: [propext, Classical.choice, Quot.sound]
E:\ABRL\worktrees\research-online-book\runs\online-c1-core-audit-20261008\actual-public-canary-types-kernel-v1.lean:133:39: warning: unused variable `hT`

Note: This linter can be disabled with `set_option linter.unusedVariables false`
BanditRL.OnlineLearning.normalized_excess (total variance : ℝ) (T : ℕ) (hT : 0 < T) :
  total / ↑T - variance = (total - ↑T * variance) / ↑T
'BanditRL.OnlineLearning.normalized_excess' depends on axioms: [propext, Classical.choice, Quot.sound]
Tests.OnlineLearningCoreAudit.clip (x : ℝ) : ℝ
'Tests.OnlineLearningCoreAudit.clip' depends on axioms: [propext, Classical.choice, Quot.sound]
Tests.OnlineLearningCoreAudit.clip_measurable : Measurable Tests.OnlineLearningCoreAudit.clip
'Tests.OnlineLearningCoreAudit.clip_measurable' depends on axioms: [propext, Classical.choice, Quot.sound]
Tests.OnlineLearningCoreAudit.clip_unit (x : ℝ) : Tests.OnlineLearningCoreAudit.clip x ∈ Set.Icc 0 1
'Tests.OnlineLearningCoreAudit.clip_unit' depends on axioms: [propext, Classical.choice, Quot.sound]
Tests.OnlineLearningCoreAudit.clip_fixed {x : ℝ} (hx : x ∈ Set.Icc 0 1) : Tests.OnlineLearningCoreAudit.clip x = x
'Tests.OnlineLearningCoreAudit.clip_fixed' depends on axioms: [propext, Classical.choice, Quot.sound]
Tests.OnlineLearningCoreAudit.boundedObservation (t : ℕ) (ω : ℕ → ℝ) : ℝ
'Tests.OnlineLearningCoreAudit.boundedObservation' depends on axioms: [propext, Classical.choice, Quot.sound]
Tests.OnlineLearningCoreAudit.bounded_measurable (t : ℕ) :
  Measurable (Tests.OnlineLearningCoreAudit.boundedObservation t)
'Tests.OnlineLearningCoreAudit.bounded_measurable' depends on axioms: [propext, Classical.choice, Quot.sound]
Tests.OnlineLearningCoreAudit.bounded_support (t : ℕ) (ω : ℕ → ℝ) :
  Tests.OnlineLearningCoreAudit.boundedObservation t ω ∈ Set.Icc 0 1
'Tests.OnlineLearningCoreAudit.bounded_support' depends on axioms: [propext, Classical.choice, Quot.sound]
Tests.OnlineLearningCoreAudit.bounded_eq_original_ae (t : ℕ) :
  Tests.OnlineLearningCoreAudit.boundedObservation t =ᶠ[ae Tests.OnlineGuessingIIDBenchmark.iidLaw]
    Tests.OnlineGuessingIIDBenchmark.observation t
'Tests.OnlineLearningCoreAudit.bounded_eq_original_ae' depends on axioms: [propext, Classical.choice, Quot.sound]
Tests.OnlineLearningCoreAudit.clipping_is_not_pointwise_identity :
  (Tests.OnlineLearningCoreAudit.boundedObservation 0 fun x => 2) = 1 ∧
    (Tests.OnlineGuessingIIDBenchmark.observation 0 fun x => 2) = 2
'Tests.OnlineLearningCoreAudit.clipping_is_not_pointwise_identity' depends on axioms: [propext,
 Classical.choice,
 Quot.sound]
Tests.OnlineLearningCoreAudit.bounded_independent :
  iIndepFun Tests.OnlineLearningCoreAudit.boundedObservation Tests.OnlineGuessingIIDBenchmark.iidLaw
'Tests.OnlineLearningCoreAudit.bounded_independent' depends on axioms: [propext, Classical.choice, Quot.sound]
Tests.OnlineLearningCoreAudit.bounded_sameLaw (t : ℕ) :
  IdentDistrib (Tests.OnlineLearningCoreAudit.boundedObservation t) (Tests.OnlineLearningCoreAudit.boundedObservation 0)
    Tests.OnlineGuessingIIDBenchmark.iidLaw Tests.OnlineGuessingIIDBenchmark.iidLaw
'Tests.OnlineLearningCoreAudit.bounded_sameLaw' depends on axioms: [propext, Classical.choice, Quot.sound]
Tests.OnlineLearningCoreAudit.bounded_mean (t : ℕ) :
  ∫ (ω : ℕ → ℝ), Tests.OnlineLearningCoreAudit.boundedObservation t ω ∂Tests.OnlineGuessingIIDBenchmark.iidLaw = 1 / 2
'Tests.OnlineLearningCoreAudit.bounded_mean' depends on axioms: [propext, Classical.choice, Quot.sound]
Tests.OnlineLearningCoreAudit.bounded_variance (t : ℕ) :
  Var[Tests.OnlineLearningCoreAudit.boundedObservation t; Tests.OnlineGuessingIIDBenchmark.iidLaw] = 1 / 4
'Tests.OnlineLearningCoreAudit.bounded_variance' depends on axioms: [propext, Classical.choice, Quot.sound]
Tests.OnlineLearningCoreAudit.bounded_memLp (t : ℕ) :
  MemLp (Tests.OnlineLearningCoreAudit.boundedObservation t) 2 Tests.OnlineGuessingIIDBenchmark.iidLaw
'Tests.OnlineLearningCoreAudit.bounded_memLp' depends on axioms: [propext, Classical.choice, Quot.sound]
Tests.OnlineLearningCoreAudit.outside_comparator_loss :
  ∫ (ω : ℕ → ℝ),
      (2 - Tests.OnlineLearningCoreAudit.boundedObservation 0 ω) ^ 2 ∂Tests.OnlineGuessingIIDBenchmark.iidLaw =
    5 / 2
'Tests.OnlineLearningCoreAudit.outside_comparator_loss' depends on axioms: [propext, Classical.choice, Quot.sound]
Tests.OnlineLearningCoreAudit.independent_coordinate_loss :
  ∫ (ω : ℕ → ℝ),
      (Tests.OnlineLearningCoreAudit.boundedObservation 0 ω - Tests.OnlineLearningCoreAudit.boundedObservation 1 ω) ^
        2 ∂Tests.OnlineGuessingIIDBenchmark.iidLaw =
    1 / 2
'Tests.OnlineLearningCoreAudit.independent_coordinate_loss' depends on axioms: [propext, Classical.choice, Quot.sound]
Tests.OnlineLearningCoreAudit.actual_mean_independent (t : ℕ) :
  (fun ω =>
      meanPredict (fun i => Tests.OnlineLearningCoreAudit.boundedObservation i ω)
        t) ⟂ᵢ[Tests.OnlineGuessingIIDBenchmark.iidLaw]
    Tests.OnlineLearningCoreAudit.boundedObservation t
'Tests.OnlineLearningCoreAudit.actual_mean_independent' depends on axioms: [propext, Classical.choice, Quot.sound]
Tests.OnlineLearningCoreAudit.actual_mean_measurable (t : ℕ) :
  Measurable fun ω => meanPredict (fun i => Tests.OnlineLearningCoreAudit.boundedObservation i ω) t
'Tests.OnlineLearningCoreAudit.actual_mean_measurable' depends on axioms: [propext, Classical.choice, Quot.sound]
Tests.OnlineLearningCoreAudit.actual_mean_memLp (t : ℕ) :
  MemLp (fun ω => meanPredict (fun i => Tests.OnlineLearningCoreAudit.boundedObservation i ω) t) 2
    Tests.OnlineGuessingIIDBenchmark.iidLaw
'Tests.OnlineLearningCoreAudit.actual_mean_memLp' depends on axioms: [propext, Classical.choice, Quot.sound]
Tests.OnlineLearningCoreAudit.actual_mean_excess_identity (T : ℕ) :
  ∫ (ω : ℕ → ℝ),
        ∑ t ∈ Finset.range T,
          (meanPredict (fun i => Tests.OnlineLearningCoreAudit.boundedObservation i ω) t -
              Tests.OnlineLearningCoreAudit.boundedObservation t ω) ^
            2 ∂Tests.OnlineGuessingIIDBenchmark.iidLaw -
      ↑T * Var[Tests.OnlineLearningCoreAudit.boundedObservation 0; Tests.OnlineGuessingIIDBenchmark.iidLaw] =
    ∑ t ∈ Finset.range T,
      ∫ (ω : ℕ → ℝ),
        (meanPredict (fun i => Tests.OnlineLearningCoreAudit.boundedObservation i ω) t -
            ∫ (ω : ℕ → ℝ),
              Tests.OnlineLearningCoreAudit.boundedObservation 0 ω ∂Tests.OnlineGuessingIIDBenchmark.iidLaw) ^
          2 ∂Tests.OnlineGuessingIIDBenchmark.iidLaw
'Tests.OnlineLearningCoreAudit.actual_mean_excess_identity' depends on axioms: [propext, Classical.choice, Quot.sound]
Tests.OnlineLearningCoreAudit.actual_mean_excess_nonnegative (T : ℕ) :
  0 ≤
    ∫ (ω : ℕ → ℝ),
        ∑ t ∈ Finset.range T,
          (meanPredict (fun i => Tests.OnlineLearningCoreAudit.boundedObservation i ω) t -
              Tests.OnlineLearningCoreAudit.boundedObservation t ω) ^
            2 ∂Tests.OnlineGuessingIIDBenchmark.iidLaw -
      ↑T * Var[Tests.OnlineLearningCoreAudit.boundedObservation 0; Tests.OnlineGuessingIIDBenchmark.iidLaw]
'Tests.OnlineLearningCoreAudit.actual_mean_excess_nonnegative' depends on axioms: [propext,
 Classical.choice,
 Quot.sound]
Tests.OnlineLearningCoreAudit.actual_mean_two_round_excess :
  ∫ (ω : ℕ → ℝ),
        ∑ t ∈ Finset.range 2,
          (meanPredict (fun i => Tests.OnlineLearningCoreAudit.boundedObservation i ω) t -
              Tests.OnlineLearningCoreAudit.boundedObservation t ω) ^
            2 ∂Tests.OnlineGuessingIIDBenchmark.iidLaw -
      2 * Var[Tests.OnlineLearningCoreAudit.boundedObservation 0; Tests.OnlineGuessingIIDBenchmark.iidLaw] =
    1 / 4
'Tests.OnlineLearningCoreAudit.actual_mean_two_round_excess' depends on axioms: [propext, Classical.choice, Quot.sound]
Tests.OnlineLearningCoreAudit.actual_mean_optimal :
  ∫ (ω : ℕ → ℝ), Tests.OnlineLearningCoreAudit.boundedObservation 0 ω ∂Tests.OnlineGuessingIIDBenchmark.iidLaw ∈
      Set.Icc 0 1 ∧
    ∫ (ω : ℕ → ℝ),
          (∫ (ω : ℕ → ℝ),
                Tests.OnlineLearningCoreAudit.boundedObservation 0 ω ∂Tests.OnlineGuessingIIDBenchmark.iidLaw -
              Tests.OnlineLearningCoreAudit.boundedObservation 0 ω) ^
            2 ∂Tests.OnlineGuessingIIDBenchmark.iidLaw =
        Var[Tests.OnlineLearningCoreAudit.boundedObservation 0; Tests.OnlineGuessingIIDBenchmark.iidLaw] ∧
      ∀ (u : ℝ),
        Var[Tests.OnlineLearningCoreAudit.boundedObservation 0; Tests.OnlineGuessingIIDBenchmark.iidLaw] ≤
          ∫ (ω : ℕ → ℝ),
            (u - Tests.OnlineLearningCoreAudit.boundedObservation 0 ω) ^ 2 ∂Tests.OnlineGuessingIIDBenchmark.iidLaw
'Tests.OnlineLearningCoreAudit.actual_mean_optimal' depends on axioms: [propext, Classical.choice, Quot.sound]
Tests.OnlineLearningCoreAudit.boundedLast (t : ℕ) (z : ↥(Finset.range t) → ℝ) : ℝ
'Tests.OnlineLearningCoreAudit.boundedLast' depends on axioms: [propext, Classical.choice, Quot.sound]
Tests.OnlineLearningCoreAudit.boundedLast_measurable (t : ℕ) : Measurable (Tests.OnlineLearningCoreAudit.boundedLast t)
'Tests.OnlineLearningCoreAudit.boundedLast_measurable' depends on axioms: [propext, Classical.choice, Quot.sound]
Tests.OnlineLearningCoreAudit.boundedLast_unit (t : ℕ) (z : ↥(Finset.range t) → ℝ) :
  Tests.OnlineLearningCoreAudit.boundedLast t z ∈ Set.Icc 0 1
'Tests.OnlineLearningCoreAudit.boundedLast_unit' depends on axioms: [propext, Classical.choice, Quot.sound]
Tests.OnlineLearningCoreAudit.boundedLast_legal_identity (t : ℕ) (z : ↥(Finset.range t) → ℝ)
  (hz : ∀ (i : ↥(Finset.range t)), z i ∈ Set.Icc 0 1) :
  Tests.OnlineLearningCoreAudit.boundedLast t z = Tests.OnlineGuessingIIDBenchmark.lastPolicy t z
'Tests.OnlineLearningCoreAudit.boundedLast_legal_identity' depends on axioms: [propext, Classical.choice, Quot.sound]
Tests.OnlineLearningCoreAudit.actual_history_independent (t : ℕ) :
  (fun ω =>
      Tests.OnlineLearningCoreAudit.boundedLast t fun i =>
        Tests.OnlineLearningCoreAudit.boundedObservation (↑i) ω) ⟂ᵢ[Tests.OnlineGuessingIIDBenchmark.iidLaw]
    Tests.OnlineLearningCoreAudit.boundedObservation t
'Tests.OnlineLearningCoreAudit.actual_history_independent' depends on axioms: [propext, Classical.choice, Quot.sound]
Tests.OnlineLearningCoreAudit.actual_history_lower (t : ℕ) :
  1 / 4 ≤
    ∫ (ω : ℕ → ℝ),
      ((Tests.OnlineLearningCoreAudit.boundedLast t fun i => Tests.OnlineLearningCoreAudit.boundedObservation (↑i) ω) -
          Tests.OnlineLearningCoreAudit.boundedObservation t ω) ^
        2 ∂Tests.OnlineGuessingIIDBenchmark.iidLaw
'Tests.OnlineLearningCoreAudit.actual_history_lower' depends on axioms: [propext, Classical.choice, Quot.sound]
Tests.OnlineLearningCoreAudit.actual_history_one_loss :
  ∫ (ω : ℕ → ℝ),
      ((Tests.OnlineLearningCoreAudit.boundedLast 1 fun i => Tests.OnlineLearningCoreAudit.boundedObservation (↑i) ω) -
          Tests.OnlineLearningCoreAudit.boundedObservation 1 ω) ^
        2 ∂Tests.OnlineGuessingIIDBenchmark.iidLaw =
    1 / 2
'Tests.OnlineLearningCoreAudit.actual_history_one_loss' depends on axioms: [propext, Classical.choice, Quot.sound]
Tests.OnlineLearningCoreAudit.heterogeneous (t : ℕ) (ω : ℕ → ℝ) : ℝ
'Tests.OnlineLearningCoreAudit.heterogeneous' depends on axioms: [propext, Classical.choice, Quot.sound]
Tests.OnlineLearningCoreAudit.heterogeneous_measurable (t : ℕ) :
  Measurable (Tests.OnlineLearningCoreAudit.heterogeneous t)
'Tests.OnlineLearningCoreAudit.heterogeneous_measurable' depends on axioms: [propext, Classical.choice, Quot.sound]
Tests.OnlineLearningCoreAudit.heterogeneous_unit (t : ℕ) (ω : ℕ → ℝ) :
  Tests.OnlineLearningCoreAudit.heterogeneous t ω ∈ Set.Icc 0 1
'Tests.OnlineLearningCoreAudit.heterogeneous_unit' depends on axioms: [propext, Classical.choice, Quot.sound]
Tests.OnlineLearningCoreAudit.heterogeneous_independent :
  iIndepFun Tests.OnlineLearningCoreAudit.heterogeneous Tests.OnlineGuessingIIDBenchmark.iidLaw
'Tests.OnlineLearningCoreAudit.heterogeneous_independent' depends on axioms: [propext, Classical.choice, Quot.sound]
Tests.OnlineLearningCoreAudit.heterogeneous_not_sameLaw :
  ¬IdentDistrib (Tests.OnlineLearningCoreAudit.heterogeneous 1) (Tests.OnlineLearningCoreAudit.heterogeneous 0)
      Tests.OnlineGuessingIIDBenchmark.iidLaw Tests.OnlineGuessingIIDBenchmark.iidLaw
'Tests.OnlineLearningCoreAudit.heterogeneous_not_sameLaw' depends on axioms: [propext, Classical.choice, Quot.sound]
Tests.OnlineLearningCoreAudit.nonidentical_current_variance_lower :
  1 / 4 ≤
    ∫ (ω : ℕ → ℝ),
      ((Tests.OnlineLearningCoreAudit.boundedLast 1 fun i => Tests.OnlineLearningCoreAudit.heterogeneous (↑i) ω) -
          Tests.OnlineLearningCoreAudit.heterogeneous 1 ω) ^
        2 ∂Tests.OnlineGuessingIIDBenchmark.iidLaw
'Tests.OnlineLearningCoreAudit.nonidentical_current_variance_lower' depends on axioms: [propext,
 Classical.choice,
 Quot.sound]
Tests.OnlineLearningCoreAudit.positive_scalar_normalization : 2 / ↑2 - 1 / 4 = (2 - ↑2 * (1 / 4)) / ↑2
'Tests.OnlineLearningCoreAudit.positive_scalar_normalization' depends on axioms: [propext, Classical.choice, Quot.sound]
Tests.OnlineLearningCoreAudit.zero_horizon_discrepancy :
  0 / ↑0 - 1 / 4 = -(1 / 4) ∧ (0 - ↑0 * (1 / 4)) / ↑0 = 0 ∧ 0 / ↑0 - 1 / 4 ≠ (0 - ↑0 * (1 / 4)) / ↑0
'Tests.OnlineLearningCoreAudit.zero_horizon_discrepancy' depends on axioms: [propext, Classical.choice, Quot.sound]
FoundationsProbe.prefix_minimizers (n : ℕ) :
  0 < n →
    n ≤ 2 →
      ∀ u ∈ Set.univ,
        ∑ t ∈ Finset.range n, ChapterOneCase0.demoLoss t (ChapterOneCase0.demoLeader n) ≤
          ∑ t ∈ Finset.range n, ChapterOneCase0.demoLoss t u
'FoundationsProbe.prefix_minimizers' depends on axioms: [propext, Classical.choice, Quot.sound]
FoundationsProbe.instantiated_compare :
  ∑ t ∈ Finset.range 2, ChapterOneCase0.demoLoss t (ChapterOneCase0.demoLeader (t + 1)) ≤
    ∑ t ∈ Finset.range 2, ChapterOneCase0.demoLoss t (ChapterOneCase0.demoLeader 2)
'FoundationsProbe.instantiated_compare' depends on axioms: [propext, Classical.choice, Quot.sound]
FoundationsProbe.strict_values :
  ∑ t ∈ Finset.range 2, ChapterOneCase0.demoLoss t (ChapterOneCase0.demoLeader (t + 1)) = -2 ∧
    ∑ t ∈ Finset.range 2, ChapterOneCase0.demoLoss t (ChapterOneCase0.demoLeader 2) = 0 ∧
      ∑ t ∈ Finset.range 2, ChapterOneCase0.demoLoss t (ChapterOneCase0.demoLeader (t + 1)) <
        ∑ t ∈ Finset.range 2, ChapterOneCase0.demoLoss t (ChapterOneCase0.demoLeader 2)
'FoundationsProbe.strict_values' depends on axioms: [propext, Classical.choice, Quot.sound]
FoundationsProbe.zero_horizon.{u_1} {X : Type u_1} (V : Set X) (loss : ℕ → X → ℝ) (leader : ℕ → X) :
  ∑ t ∈ Finset.range 0, loss t (leader (t + 1)) ≤ ∑ t ∈ Finset.range 0, loss t (leader 0)
'FoundationsProbe.zero_horizon' depends on axioms: [propext, Classical.choice, Quot.sound]
FoundationsProbe.one_horizon.{u_1} {X : Type u_1} (loss : ℕ → X → ℝ) (leader : ℕ → X) :
  ∑ t ∈ Finset.range 1, loss t (leader (t + 1)) = ∑ t ∈ Finset.range 1, loss t (leader 1)
'FoundationsProbe.one_horizon' depends on axioms: [propext, Classical.choice, Quot.sound]
FoundationsProbe.without_optimality :
  have leader := fun n => decide (n = 2);
  (∀ (n : ℕ), 0 < n → n ≤ 2 → leader n ∈ Set.univ) ∧
    ∑ t ∈ Finset.range 1, ChapterOneCase0.demoLoss t true <
        ∑ t ∈ Finset.range 1, ChapterOneCase0.demoLoss t (leader 1) ∧
      ∑ t ∈ Finset.range 2, ChapterOneCase0.demoLoss t (leader (t + 1)) >
        ∑ t ∈ Finset.range 2, ChapterOneCase0.demoLoss t (leader 2)
'FoundationsProbe.without_optimality' depends on axioms: [propext, Classical.choice, Quot.sound]
FoundationsProbe.without_feasibility :
  have loss := fun t b => if b = true then if t = 0 then -10 else 5 else 0;
  have leader := fun n => decide (n = 2);
  have V := {false};
  (∀ (n : ℕ), 0 < n → n ≤ 2 → ∀ u ∈ V, ∑ t ∈ Finset.range n, loss t (leader n) ≤ ∑ t ∈ Finset.range n, loss t u) ∧
    leader 2 ∉ V ∧ ∑ t ∈ Finset.range 2, loss t (leader (t + 1)) > ∑ t ∈ Finset.range 2, loss t (leader 2)
'FoundationsProbe.without_feasibility' depends on axioms: [propext, Classical.choice, Quot.sound]
Tests.OnlineGuessingIIDBenchmark.coinLaw : Measure ℝ
'Tests.OnlineGuessingIIDBenchmark.coinLaw' depends on axioms: [propext, Classical.choice, Quot.sound]
Tests.OnlineGuessingIIDBenchmark.iidLaw : Measure (ℕ → ℝ)
'Tests.OnlineGuessingIIDBenchmark.iidLaw' depends on axioms: [propext, Classical.choice, Quot.sound]
Tests.OnlineGuessingIIDBenchmark.observation (t : ℕ) (ω : ℕ → ℝ) : ℝ
'Tests.OnlineGuessingIIDBenchmark.observation' depends on axioms: [propext, Classical.choice, Quot.sound]
Tests.OnlineGuessingIIDBenchmark.iidLaw_probability : IsProbabilityMeasure Tests.OnlineGuessingIIDBenchmark.iidLaw
'Tests.OnlineGuessingIIDBenchmark.iidLaw_probability' depends on axioms: [propext, Classical.choice, Quot.sound]
Tests.OnlineGuessingIIDBenchmark.observation_independent :
  iIndepFun Tests.OnlineGuessingIIDBenchmark.observation Tests.OnlineGuessingIIDBenchmark.iidLaw
'Tests.OnlineGuessingIIDBenchmark.observation_independent' depends on axioms: [propext, Classical.choice, Quot.sound]
Tests.OnlineGuessingIIDBenchmark.observation_support (t : ℕ) :
  ∀ᵐ (ω : ℕ → ℝ) ∂Tests.OnlineGuessingIIDBenchmark.iidLaw,
    Tests.OnlineGuessingIIDBenchmark.observation t ω ∈ Set.Icc 0 1
'Tests.OnlineGuessingIIDBenchmark.observation_support' depends on axioms: [propext, Classical.choice, Quot.sound]
Tests.OnlineGuessingIIDBenchmark.observation_sameLaw (t : ℕ) :
  IdentDistrib (Tests.OnlineGuessingIIDBenchmark.observation t) (Tests.OnlineGuessingIIDBenchmark.observation 0)
    Tests.OnlineGuessingIIDBenchmark.iidLaw Tests.OnlineGuessingIIDBenchmark.iidLaw
'Tests.OnlineGuessingIIDBenchmark.observation_sameLaw' depends on axioms: [propext, Classical.choice, Quot.sound]
Tests.OnlineGuessingIIDBenchmark.observation_mean (t : ℕ) :
  ∫ (ω : ℕ → ℝ), Tests.OnlineGuessingIIDBenchmark.observation t ω ∂Tests.OnlineGuessingIIDBenchmark.iidLaw = 1 / 2
'Tests.OnlineGuessingIIDBenchmark.observation_mean' depends on axioms: [propext, Classical.choice, Quot.sound]
Tests.OnlineGuessingIIDBenchmark.observation_variance (t : ℕ) :
  Var[Tests.OnlineGuessingIIDBenchmark.observation t; Tests.OnlineGuessingIIDBenchmark.iidLaw] = 1 / 4
'Tests.OnlineGuessingIIDBenchmark.observation_variance' depends on axioms: [propext, Classical.choice, Quot.sound]
Tests.OnlineGuessingIIDBenchmark.support_is_not_pointwise :
  ¬∀ (t : ℕ) (ω : ℕ → ℝ), Tests.OnlineGuessingIIDBenchmark.observation t ω ∈ Set.Icc 0 1
'Tests.OnlineGuessingIIDBenchmark.support_is_not_pointwise' depends on axioms: [propext, Classical.choice, Quot.sound]
Tests.OnlineGuessingIIDBenchmark.lastPolicy_not_globally_bounded :
  ¬∀ (t : ℕ) (z : ↥(Finset.range t) → ℝ), Tests.OnlineGuessingIIDBenchmark.lastPolicy t z ∈ Set.Icc 0 1
'Tests.OnlineGuessingIIDBenchmark.lastPolicy_not_globally_bounded' depends on axioms: [propext,
 Classical.choice,
 Quot.sound]
