{
  "time": "2026-10-08T11:19:35+00:00",
  "task": "ONLINE-C1-CORE-AUDIT-20261008",
  "role": "lower",
  "kind": "build",
  "status": "compiled",
  "notes": "Actual twelve reused public proof values and whole-type identities, original seven Foundation canaries, clipped infinite-IID and non-identical-law test canaries; standard axioms and actual VALUE deps. Five source audits still pending BODY/combined/readers/FINAL/native; zero new production proofs.",
  "lean": "Tests\\OnlineLearningCoreAuditCanary.lean",
  "source": "",
  "run_id": "online-c1-core-audit-20261008",
  "changed_files": [],
  "statement_hash": "",
  "parent_id": "",
  "route_fingerprint": "",
  "verifier_evidence": [
    "E:\\ABRL\\worktrees\\research-online-book\\runs\\online-c1-core-audit-20261008\\actual-kernel-value-audit-v1.json"
  ],
  "harness": "",
  "experiment_id": "",
  "target_fingerprint": "f4a30fc4bddb237bbdbe6662d5fea0c5f59c9ec0fd6d19c41f7c8679b05c6867",
  "route_packet_hash": "",
  "attempt_id": "CORE-CANARY-V3",
  "worker_id": "",
  "progress_class": "retrieval-reuse",
  "reviewer_validated": false,
  "obligations_before": 5,
  "obligations_after": 5,
  "new_declarations": [],
  "reused_declarations": [
    "BanditRL.OnlineLearning.lemma_1_2",
    "BanditRL.OnlineLearning.expected_square_decomposition",
    "BanditRL.OnlineLearning.independent_prediction_square",
    "BanditRL.OnlineLearning.meanPredict_independent",
    "BanditRL.OnlineLearning.meanPredict_measurable",
    "BanditRL.OnlineLearning.meanPredict_memLp",
    "BanditRL.OnlineLearning.iid_meanPredict_excess",
    "BanditRL.OnlineLearning.iid_meanPredict_excess_nonneg",
    "BanditRL.OnlineLearning.source_mean_optimal",
    "BanditRL.OnlineLearning.history_policy_independent",
    "BanditRL.OnlineLearning.history_policy_loss_ge_variance",
    "BanditRL.OnlineLearning.normalized_excess"
  ],
  "dag_nodes": 0,
  "dag_depth": 0,
  "elapsed_seconds": 0.0,
  "lean_check_seconds": 0.0,
  "prompt_chars": 0,
  "input_tokens": 0,
  "output_tokens": 0,
  "error_signature": ""
}
