{
  "time": "2026-10-08T11:19:35+00:00",
  "task": "ONLINE-C1-CORE-AUDIT-20261008",
  "role": "lower",
  "kind": "build",
  "status": "failed",
  "notes": "Actual failed focused canary build retained, same frozen public targets and test conclusions; no source audit closed or production proof growth.",
  "lean": "Tests\\OnlineLearningCoreAuditCanary.lean",
  "source": "",
  "run_id": "online-c1-core-audit-20261008",
  "changed_files": [],
  "statement_hash": "",
  "parent_id": "",
  "route_fingerprint": "",
  "verifier_evidence": [
    "E:\\ABRL\\worktrees\\research-online-book\\runs\\online-c1-core-audit-20261008\\canary-focused-build-v2-exit.json"
  ],
  "harness": "",
  "experiment_id": "",
  "target_fingerprint": "",
  "route_packet_hash": "",
  "attempt_id": "CORE-CANARY-V2",
  "worker_id": "",
  "progress_class": "diagnostic",
  "reviewer_validated": false,
  "obligations_before": 0,
  "obligations_after": 0,
  "new_declarations": [],
  "reused_declarations": [],
  "dag_nodes": 0,
  "dag_depth": 0,
  "elapsed_seconds": 0.0,
  "lean_check_seconds": 0.0,
  "prompt_chars": 0,
  "input_tokens": 0,
  "output_tokens": 0,
  "error_signature": "test-only normalization/API mismatch; headers unchanged"
}
