{
  "schema_version": 1,
  "mode": "shadow-read-only",
  "analyzed_at": "2026-10-08T11:31:28+00:00",
  "trials_path": "E:\\ABRL\\worktrees\\research-online-book\\runs\\online-c1-core-audit-20261008\\candidate-scoped-trials-v1.jsonl",
  "trial_rows": 3,
  "status_counts": {
    "compiled": 1,
    "failed": 2
  },
  "inferred_frontier": {
    "selected_task": "ONLINE-C1-CORE-AUDIT-20261008",
    "selected_leaf": "ONLINE-C1-CORE-AUDIT-20261008",
    "source_status": "compiled",
    "last_accepted_verifier": {
      "trial_index": 2,
      "time": "2026-10-08T11:19:35+00:00",
      "task": "ONLINE-C1-CORE-AUDIT-20261008",
      "role": "lower",
      "kind": "build",
      "status": "compiled",
      "lean": "Tests\\OnlineLearningCoreAuditCanary.lean",
      "notes": "Actual twelve reused public proof values and whole-type identities, original seven Foundation canaries, clipped infinite-IID and non-identical-law test canaries; standard axioms and actual VALUE deps. Five source audits still pending BODY/combined/readers/FINAL/native; zero new production proofs.",
      "run_id": "online-c1-core-audit-20261008"
    }
  },
  "memory_digest": {
    "path": "E:\\ABRL\\worktrees\\research-online-book\\runs\\online-c1-core-audit-20261008\\memory-digest-candidate-v2.md",
    "task": "ONLINE-C1-CORE-AUDIT-20261008"
  },
  "recorded_frontier": {
    "schema_version": 1,
    "record_id": "frontier-3d5e93665f447838",
    "updated_at": "2026-10-08T11:31:28+00:00",
    "root_objective": "Persistent Orabona Chapters1-16; five source core audits only, zero new production proofs",
    "current_leaf": {
      "id": "ONLINE-C1-CORE-AUDIT-20261008",
      "kind": "review",
      "status": "gate-pending",
      "statement": "Five existing core source-module audits with twelve exact frozen public declarations; full headers/original proof values and legacy pointwise/global-bound deltas preserved. FINAL/native source audit gate pending, new production proofs=0.",
      "statement_hash": "b546be1e58f4c7f7819af00048d174fd96eea07d3c77ea9e5ac7c961cdc6f720",
      "declaration": "",
      "file": "E:\\ABRL\\worktrees\\research-online-book\\runs\\online-c1-core-audit-20261008\\public-body-review-v1.md",
      "source_status": "source-reviewed",
      "dependencies": [
        {
          "kind": "review",
          "name": "source-body",
          "status": "accepted"
        },
        {
          "kind": "lean",
          "name": "BanditRL.OnlineLearning.iid_meanPredict_excess",
          "status": "compiled"
        },
        {
          "kind": "lean",
          "name": "BanditRL.OnlineLearning.history_policy_loss_ge_variance",
          "status": "compiled"
        }
      ]
    },
    "dag": {
      "nodes": [
        {
          "id": "ONLINE-C1-CORE-AUDIT-20261008",
          "kind": "review",
          "status": "gate-pending",
          "dependencies": [
            {
              "kind": "review",
              "name": "source-body",
              "status": "accepted"
            },
            {
              "kind": "lean",
              "name": "BanditRL.OnlineLearning.iid_meanPredict_excess",
              "status": "compiled"
            },
            {
              "kind": "lean",
              "name": "BanditRL.OnlineLearning.history_policy_loss_ge_variance",
              "status": "compiled"
            }
          ],
          "dispatch_count": 0
        }
      ]
    },
    "last_accepted_verifier": {
      "trial_index": 2,
      "time": "2026-10-08T11:19:35+00:00",
      "task": "ONLINE-C1-CORE-AUDIT-20261008",
      "role": "lower",
      "kind": "build",
      "status": "compiled",
      "lean": "Tests\\OnlineLearningCoreAuditCanary.lean",
      "notes": "Actual twelve reused public proof values and whole-type identities, original seven Foundation canaries, clipped infinite-IID and non-identical-law test canaries; standard axioms and actual VALUE deps. Five source audits still pending BODY/combined/readers/FINAL/native; zero new production proofs.",
      "run_id": "online-c1-core-audit-20261008"
    },
    "memory_policy": {
      "recent_role_relevant_limit": 5,
      "explicit_verified_lemma_ids": [],
      "whole_history_default": false
    },
    "shadow_gate": {
      "status": "pending",
      "analyzed_trial_rows": 3,
      "mismatches": [],
      "replay_transitions": 0
    },
    "mutation_policy": {
      "canonical_path_queue": true,
      "cross_process_lock": true,
      "same_file_serialized": true,
      "disjoint_files_parallel": true
    },
    "autonomous_execution": {
      "enabled": false,
      "requires_deterministic_gates": true,
      "requires_explicit_user_request": true
    }
  },
  "mismatches": [],
  "would_mutate": false
}
