{
  "schema_version": 1,
  "entry_id": "entry-5252dedca830be78",
  "session_id": "ONLINE-C1-CORE-AUDIT-20261008",
  "sequence": 5,
  "parent_id": "entry-b4c7e11ab7814ef7",
  "event_type": "repair",
  "created_at": "2026-10-08T12:10:05+00:00",
  "payload": {
    "run_id": "online-c1-core-audit-20261008",
    "contract_version": 2,
    "presentation_version": 3,
    "repair": "docs/contracts/online-c1-core-audit-v1/reader-repair-v3.json",
    "blocker": "F1",
    "frozen_mathematical_target_unchanged": true,
    "source_audits_pending": 5,
    "chapter_complete": false,
    "goal_complete": false
  }
}
