{
  "time": "2026-10-08T12:10:05+00:00",
  "task": "ONLINE-C1-CORE-AUDIT-20261008",
  "role": "reviewer",
  "kind": "review",
  "status": "rejected",
  "notes": "FINAL419 rejected F1 reader averaging branch lacks t>0; mathematical statements/bodies accepted unchanged. Preserve rejection/raw inputs; exact owned math field repair only, no source-audit acceptance.",
  "lean": "",
  "source": "",
  "run_id": "online-c1-core-audit-20261008",
  "changed_files": [],
  "statement_hash": "",
  "parent_id": "",
  "route_fingerprint": "",
  "verifier_evidence": [
    "E:\\ABRL\\worktrees\\research-online-book\\runs\\online-c1-core-audit-20261008\\final-reader-receipt-v1.json"
  ],
  "harness": "hierarchical",
  "experiment_id": "",
  "target_fingerprint": "",
  "route_packet_hash": "",
  "attempt_id": "CORE-AUDIT-FINAL-V1",
  "worker_id": "",
  "progress_class": "diagnostic",
  "reviewer_validated": true,
  "obligations_before": 5,
  "obligations_after": 5,
  "new_declarations": [],
  "reused_declarations": [],
  "dag_nodes": 0,
  "dag_depth": 0,
  "elapsed_seconds": 0.0,
  "lean_check_seconds": 0.0,
  "prompt_chars": 0,
  "input_tokens": 0,
  "output_tokens": 0,
  "error_signature": ""
}
