docs\contracts\online-c1-core-audit-v1\neutral-context-v1.lean:13:79: warning: unused variable `hmem`

Note: This linter can be disabled with `set_option linter.unusedVariables false`
docs\contracts\online-c1-core-audit-v1\neutral-context-v1.lean:13:122: warning: unused variable `hmin`

Note: This linter can be disabled with `set_option linter.unusedVariables false`
docs\contracts\online-c1-core-audit-v1\neutral-context-v1.lean:16:96: warning: unused variable `hY`

Note: This linter can be disabled with `set_option linter.unusedVariables false`
docs\contracts\online-c1-core-audit-v1\neutral-context-v1.lean:19:98: warning: unused variable `hP`

Note: This linter can be disabled with `set_option linter.unusedVariables false`
docs\contracts\online-c1-core-audit-v1\neutral-context-v1.lean:19:117: warning: unused variable `hY`

Note: This linter can be disabled with `set_option linter.unusedVariables false`
docs\contracts\online-c1-core-audit-v1\neutral-context-v1.lean:19:136: warning: unused variable `h`

Note: This linter can be disabled with `set_option linter.unusedVariables false`
docs\contracts\online-c1-core-audit-v1\neutral-context-v1.lean:22:100: warning: unused variable `hY`

Note: This linter can be disabled with `set_option linter.unusedVariables false`
docs\contracts\online-c1-core-audit-v1\neutral-context-v1.lean:22:129: warning: unused variable `hind`

Note: This linter can be disabled with `set_option linter.unusedVariables false`
docs\contracts\online-c1-core-audit-v1\neutral-context-v1.lean:25:59: warning: unused variable `hY`

Note: This linter can be disabled with `set_option linter.unusedVariables false`
docs\contracts\online-c1-core-audit-v1\neutral-context-v1.lean:28:100: warning: unused variable `hY`

Note: This linter can be disabled with `set_option linter.unusedVariables false`
docs\contracts\online-c1-core-audit-v1\neutral-context-v1.lean:28:129: warning: unused variable `hb`

Note: This linter can be disabled with `set_option linter.unusedVariables false`
docs\contracts\online-c1-core-audit-v1\neutral-context-v1.lean:31:100: warning: unused variable `hY`

Note: This linter can be disabled with `set_option linter.unusedVariables false`
docs\contracts\online-c1-core-audit-v1\neutral-context-v1.lean:31:129: warning: unused variable `hind`

Note: This linter can be disabled with `set_option linter.unusedVariables false`
docs\contracts\online-c1-core-audit-v1\neutral-context-v1.lean:31:152: warning: unused variable `hlaw`

Note: This linter can be disabled with `set_option linter.unusedVariables false`
docs\contracts\online-c1-core-audit-v1\neutral-context-v1.lean:31:195: warning: unused variable `hb`

Note: This linter can be disabled with `set_option linter.unusedVariables false`
docs\contracts\online-c1-core-audit-v1\neutral-context-v1.lean:34:100: warning: unused variable `hY`

Note: This linter can be disabled with `set_option linter.unusedVariables false`
docs\contracts\online-c1-core-audit-v1\neutral-context-v1.lean:34:129: warning: unused variable `hind`

Note: This linter can be disabled with `set_option linter.unusedVariables false`
docs\contracts\online-c1-core-audit-v1\neutral-context-v1.lean:34:152: warning: unused variable `hlaw`

Note: This linter can be disabled with `set_option linter.unusedVariables false`
docs\contracts\online-c1-core-audit-v1\neutral-context-v1.lean:34:195: warning: unused variable `hb`

Note: This linter can be disabled with `set_option linter.unusedVariables false`
docs\contracts\online-c1-core-audit-v1\neutral-context-v1.lean:37:96: warning: unused variable `hY`

Note: This linter can be disabled with `set_option linter.unusedVariables false`
docs\contracts\online-c1-core-audit-v1\neutral-context-v1.lean:37:116: warning: unused variable `hb`

Note: This linter can be disabled with `set_option linter.unusedVariables false`
docs\contracts\online-c1-core-audit-v1\neutral-context-v1.lean:40:100: warning: unused variable `hY`

Note: This linter can be disabled with `set_option linter.unusedVariables false`
docs\contracts\online-c1-core-audit-v1\neutral-context-v1.lean:40:129: warning: unused variable `hind`

Note: This linter can be disabled with `set_option linter.unusedVariables false`
docs\contracts\online-c1-core-audit-v1\neutral-context-v1.lean:40:208: warning: unused variable `hp`

Note: This linter can be disabled with `set_option linter.unusedVariables false`
docs\contracts\online-c1-core-audit-v1\neutral-context-v1.lean:43:100: warning: unused variable `hY`

Note: This linter can be disabled with `set_option linter.unusedVariables false`
docs\contracts\online-c1-core-audit-v1\neutral-context-v1.lean:43:129: warning: unused variable `hind`

Note: This linter can be disabled with `set_option linter.unusedVariables false`
docs\contracts\online-c1-core-audit-v1\neutral-context-v1.lean:43:152: warning: unused variable `hb`

Note: This linter can be disabled with `set_option linter.unusedVariables false`
docs\contracts\online-c1-core-audit-v1\neutral-context-v1.lean:43:248: warning: unused variable `hp`

Note: This linter can be disabled with `set_option linter.unusedVariables false`
docs\contracts\online-c1-core-audit-v1\neutral-context-v1.lean:43:273: warning: unused variable `hpb`

Note: This linter can be disabled with `set_option linter.unusedVariables false`
docs\contracts\online-c1-core-audit-v1\neutral-context-v1.lean:46:39: warning: unused variable `hT`

Note: This linter can be disabled with `set_option linter.unusedVariables false`
