runs/online-c1-core-audit-20261008/canary-focused-build-v1.log:719: trailing whitespace.
+  
runs/online-c1-core-audit-20261008/canary-focused-build-v1.log:721: trailing whitespace.
+    
runs/online-c1-core-audit-20261008/canary-focused-build-v1.log:726: trailing whitespace.
+  
runs/online-c1-core-audit-20261008/canary-focused-build-v1.log:728: trailing whitespace.
+    
runs/online-c1-core-audit-20261008/canary-focused-build-v1.log:889: trailing whitespace.
+  
runs/online-c1-core-audit-20261008/canary-focused-build-v1.log:891: trailing whitespace.
+    
runs/online-c1-core-audit-20261008/canary-focused-build-v1.log:1040: trailing whitespace.
+  
runs/online-c1-core-audit-20261008/canary-focused-build-v1.log:1042: trailing whitespace.
+    
runs/online-c1-core-audit-20261008/canary-focused-build-v1.log:1211: trailing whitespace.
+  
runs/online-c1-core-audit-20261008/canary-focused-build-v1.log:1213: trailing whitespace.
+    
runs/online-c1-core-audit-20261008/canary-focused-build-v1.log:1253: trailing whitespace.
+  
runs/online-c1-core-audit-20261008/canary-focused-build-v1.log:1255: trailing whitespace.
+    
runs/online-c1-core-audit-20261008/canary-focused-build-v1.log:1748: trailing whitespace.
+  
runs/online-c1-core-audit-20261008/canary-focused-build-v1.log:1750: trailing whitespace.
+    
runs/online-c1-core-audit-20261008/canary-focused-build-v1.log:1799: trailing whitespace.
+  
runs/online-c1-core-audit-20261008/canary-focused-build-v1.log:1801: trailing whitespace.
+    
runs/online-c1-core-audit-20261008/canary-focused-build-v2.log:719: trailing whitespace.
+  
runs/online-c1-core-audit-20261008/canary-focused-build-v2.log:721: trailing whitespace.
+    
runs/online-c1-core-audit-20261008/canary-focused-build-v2.log:726: trailing whitespace.
+  
runs/online-c1-core-audit-20261008/canary-focused-build-v2.log:728: trailing whitespace.
+    
runs/online-c1-core-audit-20261008/canary-focused-build-v2.log:889: trailing whitespace.
+  
runs/online-c1-core-audit-20261008/canary-focused-build-v2.log:891: trailing whitespace.
+    
runs/online-c1-core-audit-20261008/canary-focused-build-v2.log:1040: trailing whitespace.
+  
runs/online-c1-core-audit-20261008/canary-focused-build-v2.log:1042: trailing whitespace.
+    
runs/online-c1-core-audit-20261008/canary-focused-build-v2.log:1211: trailing whitespace.
+  
runs/online-c1-core-audit-20261008/canary-focused-build-v2.log:1213: trailing whitespace.
+    
runs/online-c1-core-audit-20261008/canary-focused-build-v2.log:1253: trailing whitespace.
+  
runs/online-c1-core-audit-20261008/canary-focused-build-v2.log:1255: trailing whitespace.
+    
runs/online-c1-core-audit-20261008/canary-focused-build-v2.log:1748: trailing whitespace.
+  
runs/online-c1-core-audit-20261008/canary-focused-build-v2.log:1750: trailing whitespace.
+    
runs/online-c1-core-audit-20261008/canary-focused-build-v2.log:1799: trailing whitespace.
+  
runs/online-c1-core-audit-20261008/canary-focused-build-v2.log:1801: trailing whitespace.
+    
runs/online-c1-core-audit-20261008/canary-focused-build-v3.log:719: trailing whitespace.
+  
runs/online-c1-core-audit-20261008/canary-focused-build-v3.log:721: trailing whitespace.
+    
runs/online-c1-core-audit-20261008/canary-focused-build-v3.log:726: trailing whitespace.
+  
runs/online-c1-core-audit-20261008/canary-focused-build-v3.log:728: trailing whitespace.
+    
runs/online-c1-core-audit-20261008/canary-focused-build-v3.log:889: trailing whitespace.
+  
runs/online-c1-core-audit-20261008/canary-focused-build-v3.log:891: trailing whitespace.
+    
runs/online-c1-core-audit-20261008/canary-focused-build-v3.log:1040: trailing whitespace.
+  
runs/online-c1-core-audit-20261008/canary-focused-build-v3.log:1042: trailing whitespace.
+    
runs/online-c1-core-audit-20261008/canary-focused-build-v3.log:1211: trailing whitespace.
+  
runs/online-c1-core-audit-20261008/canary-focused-build-v3.log:1213: trailing whitespace.
+    
runs/online-c1-core-audit-20261008/canary-focused-build-v3.log:1253: trailing whitespace.
+  
runs/online-c1-core-audit-20261008/canary-focused-build-v3.log:1255: trailing whitespace.
+    
runs/online-c1-core-audit-20261008/canary-focused-build-v3.log:1748: trailing whitespace.
+  
runs/online-c1-core-audit-20261008/canary-focused-build-v3.log:1750: trailing whitespace.
+    
runs/online-c1-core-audit-20261008/canary-focused-build-v3.log:1799: trailing whitespace.
+  
runs/online-c1-core-audit-20261008/canary-focused-build-v3.log:1801: trailing whitespace.
+    
runs/online-c1-core-audit-20261008/combined-Tests-build-v1.log:1310: trailing whitespace.
+  
runs/online-c1-core-audit-20261008/combined-Tests-build-v1.log:1312: trailing whitespace.
+    
runs/online-c1-core-audit-20261008/combined-Tests-build-v1.log:1317: trailing whitespace.
+  
runs/online-c1-core-audit-20261008/combined-Tests-build-v1.log:1319: trailing whitespace.
+    
runs/online-c1-core-audit-20261008/combined-Tests-build-v1.log:1480: trailing whitespace.
+  
runs/online-c1-core-audit-20261008/combined-Tests-build-v1.log:1482: trailing whitespace.
+    
runs/online-c1-core-audit-20261008/combined-Tests-build-v1.log:1631: trailing whitespace.
+  
runs/online-c1-core-audit-20261008/combined-Tests-build-v1.log:1633: trailing whitespace.
+    
runs/online-c1-core-audit-20261008/combined-Tests-build-v1.log:1802: trailing whitespace.
+  
runs/online-c1-core-audit-20261008/combined-Tests-build-v1.log:1804: trailing whitespace.
+    
runs/online-c1-core-audit-20261008/combined-Tests-build-v1.log:1844: trailing whitespace.
+  
runs/online-c1-core-audit-20261008/combined-Tests-build-v1.log:1846: trailing whitespace.
+    
runs/online-c1-core-audit-20261008/combined-Tests-build-v1.log:2339: trailing whitespace.
+  
runs/online-c1-core-audit-20261008/combined-Tests-build-v1.log:2341: trailing whitespace.
+    
runs/online-c1-core-audit-20261008/combined-Tests-build-v1.log:2390: trailing whitespace.
+  
runs/online-c1-core-audit-20261008/combined-Tests-build-v1.log:2392: trailing whitespace.
+    
runs/online-c1-core-audit-20261008/combined-Tests-build-v1.log:6820: trailing whitespace.
+  
runs/online-c1-core-audit-20261008/combined-Tests-build-v1.log:6822: trailing whitespace.
+    
runs/online-c1-core-audit-20261008/combined-full-harness-v1.log:777: trailing whitespace.
+  
runs/online-c1-core-audit-20261008/combined-full-harness-v1.log:779: trailing whitespace.
+    
runs/online-c1-core-audit-20261008/combined-full-harness-v1.log:928: trailing whitespace.
+  
runs/online-c1-core-audit-20261008/combined-full-harness-v1.log:930: trailing whitespace.
+    
runs/online-c1-core-audit-20261008/combined-full-harness-v1.log:1099: trailing whitespace.
+  
runs/online-c1-core-audit-20261008/combined-full-harness-v1.log:1101: trailing whitespace.
+    
runs/online-c1-core-audit-20261008/combined-full-harness-v1.log:1141: trailing whitespace.
+  
runs/online-c1-core-audit-20261008/combined-full-harness-v1.log:1143: trailing whitespace.
+    
runs/online-c1-core-audit-20261008/combined-full-harness-v1.log:1270: trailing whitespace.
+  
runs/online-c1-core-audit-20261008/combined-full-harness-v1.log:1272: trailing whitespace.
+    
runs/online-c1-core-audit-20261008/combined-full-harness-v1.log:1277: trailing whitespace.
+  
runs/online-c1-core-audit-20261008/combined-full-harness-v1.log:1279: trailing whitespace.
+    
runs/online-c1-core-audit-20261008/combined-full-harness-v1.log:1749: trailing whitespace.
+  
runs/online-c1-core-audit-20261008/combined-full-harness-v1.log:1751: trailing whitespace.
+    
runs/online-c1-core-audit-20261008/combined-full-harness-v1.log:1800: trailing whitespace.
+  
runs/online-c1-core-audit-20261008/combined-full-harness-v1.log:1802: trailing whitespace.
+    
runs/online-c1-core-audit-20261008/combined-full-harness-v1.log:3662: trailing whitespace.
+  
runs/online-c1-core-audit-20261008/combined-full-harness-v1.log:3664: trailing whitespace.
+    
runs/online-c1-core-audit-20261008/combined-full-harness-v1.log:3669: trailing whitespace.
+  
runs/online-c1-core-audit-20261008/combined-full-harness-v1.log:3671: trailing whitespace.
+    
runs/online-c1-core-audit-20261008/combined-full-harness-v1.log:3832: trailing whitespace.
+  
runs/online-c1-core-audit-20261008/combined-full-harness-v1.log:3834: trailing whitespace.
+    
runs/online-c1-core-audit-20261008/combined-full-harness-v1.log:3983: trailing whitespace.
+  
runs/online-c1-core-audit-20261008/combined-full-harness-v1.log:3985: trailing whitespace.
+    
runs/online-c1-core-audit-20261008/combined-full-harness-v1.log:4154: trailing whitespace.
+  
runs/online-c1-core-audit-20261008/combined-full-harness-v1.log:4156: trailing whitespace.
+    
runs/online-c1-core-audit-20261008/combined-full-harness-v1.log:4196: trailing whitespace.
+  
runs/online-c1-core-audit-20261008/combined-full-harness-v1.log:4198: trailing whitespace.
+    
runs/online-c1-core-audit-20261008/combined-full-harness-v1.log:4691: trailing whitespace.
+  
runs/online-c1-core-audit-20261008/combined-full-harness-v1.log:4693: trailing whitespace.
+    
runs/online-c1-core-audit-20261008/combined-full-harness-v1.log:4742: trailing whitespace.
+  
runs/online-c1-core-audit-20261008/combined-full-harness-v1.log:4744: trailing whitespace.
+    
runs/online-c1-core-audit-20261008/combined-full-harness-v1.log:9172: trailing whitespace.
+  
runs/online-c1-core-audit-20261008/combined-full-harness-v1.log:9174: trailing whitespace.
+    
runs/online-c1-core-audit-20261008/combined-full-harness-v2.log:720: trailing whitespace.
+  
runs/online-c1-core-audit-20261008/combined-full-harness-v2.log:722: trailing whitespace.
+    
runs/online-c1-core-audit-20261008/combined-full-harness-v2.log:727: trailing whitespace.
+  
runs/online-c1-core-audit-20261008/combined-full-harness-v2.log:729: trailing whitespace.
+    
runs/online-c1-core-audit-20261008/combined-full-harness-v2.log:890: trailing whitespace.
+  
runs/online-c1-core-audit-20261008/combined-full-harness-v2.log:892: trailing whitespace.
+    
runs/online-c1-core-audit-20261008/combined-full-harness-v2.log:1041: trailing whitespace.
+  
runs/online-c1-core-audit-20261008/combined-full-harness-v2.log:1043: trailing whitespace.
+    
runs/online-c1-core-audit-20261008/combined-full-harness-v2.log:1212: trailing whitespace.
+  
runs/online-c1-core-audit-20261008/combined-full-harness-v2.log:1214: trailing whitespace.
+    
runs/online-c1-core-audit-20261008/combined-full-harness-v2.log:1254: trailing whitespace.
+  
runs/online-c1-core-audit-20261008/combined-full-harness-v2.log:1256: trailing whitespace.
+    
runs/online-c1-core-audit-20261008/combined-full-harness-v2.log:1749: trailing whitespace.
+  
runs/online-c1-core-audit-20261008/combined-full-harness-v2.log:1751: trailing whitespace.
+    
runs/online-c1-core-audit-20261008/combined-full-harness-v2.log:1800: trailing whitespace.
+  
runs/online-c1-core-audit-20261008/combined-full-harness-v2.log:1802: trailing whitespace.
+    
runs/online-c1-core-audit-20261008/combined-full-harness-v2.log:3662: trailing whitespace.
+  
runs/online-c1-core-audit-20261008/combined-full-harness-v2.log:3664: trailing whitespace.
+    
runs/online-c1-core-audit-20261008/combined-full-harness-v2.log:3669: trailing whitespace.
+  
runs/online-c1-core-audit-20261008/combined-full-harness-v2.log:3671: trailing whitespace.
+    
runs/online-c1-core-audit-20261008/combined-full-harness-v2.log:3832: trailing whitespace.
+  
runs/online-c1-core-audit-20261008/combined-full-harness-v2.log:3834: trailing whitespace.
+    
runs/online-c1-core-audit-20261008/combined-full-harness-v2.log:3983: trailing whitespace.
+  
runs/online-c1-core-audit-20261008/combined-full-harness-v2.log:3985: trailing whitespace.
+    
runs/online-c1-core-audit-20261008/combined-full-harness-v2.log:4154: trailing whitespace.
+  
runs/online-c1-core-audit-20261008/combined-full-harness-v2.log:4156: trailing whitespace.
+    
runs/online-c1-core-audit-20261008/combined-full-harness-v2.log:4196: trailing whitespace.
+  
runs/online-c1-core-audit-20261008/combined-full-harness-v2.log:4198: trailing whitespace.
+    
runs/online-c1-core-audit-20261008/combined-full-harness-v2.log:4691: trailing whitespace.
+  
runs/online-c1-core-audit-20261008/combined-full-harness-v2.log:4693: trailing whitespace.
+    
runs/online-c1-core-audit-20261008/combined-full-harness-v2.log:4742: trailing whitespace.
+  
runs/online-c1-core-audit-20261008/combined-full-harness-v2.log:4744: trailing whitespace.
+    
runs/online-c1-core-audit-20261008/combined-full-harness-v2.log:9172: trailing whitespace.
+  
runs/online-c1-core-audit-20261008/combined-full-harness-v2.log:9174: trailing whitespace.
+    
runs/online-c1-core-audit-20261008/combined-root-build-v1.log:686: trailing whitespace.
+  
runs/online-c1-core-audit-20261008/combined-root-build-v1.log:688: trailing whitespace.
+    
runs/online-c1-core-audit-20261008/combined-root-build-v1.log:837: trailing whitespace.
+  
runs/online-c1-core-audit-20261008/combined-root-build-v1.log:839: trailing whitespace.
+    
runs/online-c1-core-audit-20261008/combined-root-build-v1.log:1098: trailing whitespace.
+  
runs/online-c1-core-audit-20261008/combined-root-build-v1.log:1100: trailing whitespace.
+    
runs/online-c1-core-audit-20261008/combined-root-build-v1.log:1140: trailing whitespace.
+  
runs/online-c1-core-audit-20261008/combined-root-build-v1.log:1142: trailing whitespace.
+    
runs/online-c1-core-audit-20261008/combined-root-build-v1.log:1706: trailing whitespace.
+  
runs/online-c1-core-audit-20261008/combined-root-build-v1.log:1708: trailing whitespace.
+    
runs/online-c1-core-audit-20261008/combined-root-build-v1.log:1713: trailing whitespace.
+  
runs/online-c1-core-audit-20261008/combined-root-build-v1.log:1715: trailing whitespace.
+    
runs/online-c1-core-audit-20261008/combined-root-build-v1.log:1748: trailing whitespace.
+  
runs/online-c1-core-audit-20261008/combined-root-build-v1.log:1750: trailing whitespace.
+    
runs/online-c1-core-audit-20261008/combined-root-build-v1.log:1799: trailing whitespace.
+  
runs/online-c1-core-audit-20261008/combined-root-build-v1.log:1801: trailing whitespace.
+    
runs/online-c1-core-audit-20261008/commit_owned_v1.py:46: new blank line at EOF.
runs/online-c1-core-audit-20261008/integrate-reader-v1.py:59: new blank line at EOF.
runs/online-c1-core-audit-20261008/snapshots/common-proving-pre-python38-v1.py.raw:41: new blank line at EOF.
runs/online-c1-core-audit-20261008/snapshots/integrated-guard-before-legacy-duplicates-v1.py.raw:60: new blank line at EOF.
