E:\ABRL\worktrees\research-online-book\runs\online-c1-core-audit-20261008\typed-public-neutral-identities-v2.lean:15:79: warning: unused variable `hmem`

Note: This linter can be disabled with `set_option linter.unusedVariables false`
E:\ABRL\worktrees\research-online-book\runs\online-c1-core-audit-20261008\typed-public-neutral-identities-v2.lean:15:122: warning: unused variable `hmin`

Note: This linter can be disabled with `set_option linter.unusedVariables false`
E:\ABRL\worktrees\research-online-book\runs\online-c1-core-audit-20261008\typed-public-neutral-identities-v2.lean:18:96: warning: unused variable `hY`

Note: This linter can be disabled with `set_option linter.unusedVariables false`
E:\ABRL\worktrees\research-online-book\runs\online-c1-core-audit-20261008\typed-public-neutral-identities-v2.lean:21:98: warning: unused variable `hP`

Note: This linter can be disabled with `set_option linter.unusedVariables false`
E:\ABRL\worktrees\research-online-book\runs\online-c1-core-audit-20261008\typed-public-neutral-identities-v2.lean:21:117: warning: unused variable `hY`

Note: This linter can be disabled with `set_option linter.unusedVariables false`
E:\ABRL\worktrees\research-online-book\runs\online-c1-core-audit-20261008\typed-public-neutral-identities-v2.lean:21:136: warning: unused variable `h`

Note: This linter can be disabled with `set_option linter.unusedVariables false`
E:\ABRL\worktrees\research-online-book\runs\online-c1-core-audit-20261008\typed-public-neutral-identities-v2.lean:24:100: warning: unused variable `hY`

Note: This linter can be disabled with `set_option linter.unusedVariables false`
E:\ABRL\worktrees\research-online-book\runs\online-c1-core-audit-20261008\typed-public-neutral-identities-v2.lean:24:129: warning: unused variable `hind`

Note: This linter can be disabled with `set_option linter.unusedVariables false`
E:\ABRL\worktrees\research-online-book\runs\online-c1-core-audit-20261008\typed-public-neutral-identities-v2.lean:27:59: warning: unused variable `hY`

Note: This linter can be disabled with `set_option linter.unusedVariables false`
E:\ABRL\worktrees\research-online-book\runs\online-c1-core-audit-20261008\typed-public-neutral-identities-v2.lean:30:100: warning: unused variable `hY`

Note: This linter can be disabled with `set_option linter.unusedVariables false`
E:\ABRL\worktrees\research-online-book\runs\online-c1-core-audit-20261008\typed-public-neutral-identities-v2.lean:30:129: warning: unused variable `hb`

Note: This linter can be disabled with `set_option linter.unusedVariables false`
E:\ABRL\worktrees\research-online-book\runs\online-c1-core-audit-20261008\typed-public-neutral-identities-v2.lean:33:100: warning: unused variable `hY`

Note: This linter can be disabled with `set_option linter.unusedVariables false`
E:\ABRL\worktrees\research-online-book\runs\online-c1-core-audit-20261008\typed-public-neutral-identities-v2.lean:33:129: warning: unused variable `hind`

Note: This linter can be disabled with `set_option linter.unusedVariables false`
E:\ABRL\worktrees\research-online-book\runs\online-c1-core-audit-20261008\typed-public-neutral-identities-v2.lean:33:152: warning: unused variable `hlaw`

Note: This linter can be disabled with `set_option linter.unusedVariables false`
E:\ABRL\worktrees\research-online-book\runs\online-c1-core-audit-20261008\typed-public-neutral-identities-v2.lean:33:195: warning: unused variable `hb`

Note: This linter can be disabled with `set_option linter.unusedVariables false`
E:\ABRL\worktrees\research-online-book\runs\online-c1-core-audit-20261008\typed-public-neutral-identities-v2.lean:36:100: warning: unused variable `hY`

Note: This linter can be disabled with `set_option linter.unusedVariables false`
E:\ABRL\worktrees\research-online-book\runs\online-c1-core-audit-20261008\typed-public-neutral-identities-v2.lean:36:129: warning: unused variable `hind`

Note: This linter can be disabled with `set_option linter.unusedVariables false`
E:\ABRL\worktrees\research-online-book\runs\online-c1-core-audit-20261008\typed-public-neutral-identities-v2.lean:36:152: warning: unused variable `hlaw`

Note: This linter can be disabled with `set_option linter.unusedVariables false`
E:\ABRL\worktrees\research-online-book\runs\online-c1-core-audit-20261008\typed-public-neutral-identities-v2.lean:36:195: warning: unused variable `hb`

Note: This linter can be disabled with `set_option linter.unusedVariables false`
E:\ABRL\worktrees\research-online-book\runs\online-c1-core-audit-20261008\typed-public-neutral-identities-v2.lean:39:96: warning: unused variable `hY`

Note: This linter can be disabled with `set_option linter.unusedVariables false`
E:\ABRL\worktrees\research-online-book\runs\online-c1-core-audit-20261008\typed-public-neutral-identities-v2.lean:39:116: warning: unused variable `hb`

Note: This linter can be disabled with `set_option linter.unusedVariables false`
E:\ABRL\worktrees\research-online-book\runs\online-c1-core-audit-20261008\typed-public-neutral-identities-v2.lean:42:100: warning: unused variable `hY`

Note: This linter can be disabled with `set_option linter.unusedVariables false`
E:\ABRL\worktrees\research-online-book\runs\online-c1-core-audit-20261008\typed-public-neutral-identities-v2.lean:42:129: warning: unused variable `hind`

Note: This linter can be disabled with `set_option linter.unusedVariables false`
E:\ABRL\worktrees\research-online-book\runs\online-c1-core-audit-20261008\typed-public-neutral-identities-v2.lean:42:208: warning: unused variable `hp`

Note: This linter can be disabled with `set_option linter.unusedVariables false`
E:\ABRL\worktrees\research-online-book\runs\online-c1-core-audit-20261008\typed-public-neutral-identities-v2.lean:45:100: warning: unused variable `hY`

Note: This linter can be disabled with `set_option linter.unusedVariables false`
E:\ABRL\worktrees\research-online-book\runs\online-c1-core-audit-20261008\typed-public-neutral-identities-v2.lean:45:129: warning: unused variable `hind`

Note: This linter can be disabled with `set_option linter.unusedVariables false`
E:\ABRL\worktrees\research-online-book\runs\online-c1-core-audit-20261008\typed-public-neutral-identities-v2.lean:45:152: warning: unused variable `hb`

Note: This linter can be disabled with `set_option linter.unusedVariables false`
E:\ABRL\worktrees\research-online-book\runs\online-c1-core-audit-20261008\typed-public-neutral-identities-v2.lean:45:248: warning: unused variable `hp`

Note: This linter can be disabled with `set_option linter.unusedVariables false`
E:\ABRL\worktrees\research-online-book\runs\online-c1-core-audit-20261008\typed-public-neutral-identities-v2.lean:45:273: warning: unused variable `hpb`

Note: This linter can be disabled with `set_option linter.unusedVariables false`
E:\ABRL\worktrees\research-online-book\runs\online-c1-core-audit-20261008\typed-public-neutral-identities-v2.lean:48:39: warning: unused variable `hT`

Note: This linter can be disabled with `set_option linter.unusedVariables false`
E:\ABRL\worktrees\research-online-book\runs\online-c1-core-audit-20261008\typed-public-neutral-identities-v2.lean:55:79: warning: unused variable `hmem`

Note: This linter can be disabled with `set_option linter.unusedVariables false`
E:\ABRL\worktrees\research-online-book\runs\online-c1-core-audit-20261008\typed-public-neutral-identities-v2.lean:55:122: warning: unused variable `hmin`

Note: This linter can be disabled with `set_option linter.unusedVariables false`
BanditRL.OnlineLearning.lemma_1_2.{u_1} {X : Type u_1} (V : Set X) (loss : ℕ → X → ℝ) (leader : ℕ → X) (T : ℕ)
  (hmem : ∀ (n : ℕ), 0 < n → n ≤ T → leader n ∈ V)
  (hmin :
    ∀ (n : ℕ), 0 < n → n ≤ T → ∀ u ∈ V, ∑ t ∈ Finset.range n, loss t (leader n) ≤ ∑ t ∈ Finset.range n, loss t u) :
  ∑ t ∈ Finset.range T, loss t (leader (t + 1)) ≤ ∑ t ∈ Finset.range T, loss t (leader T)
'BanditRL.OnlineLearning.lemma_1_2' depends on axioms: [propext, Classical.choice, Quot.sound]
E:\ABRL\worktrees\research-online-book\runs\online-c1-core-audit-20261008\typed-public-neutral-identities-v2.lean:62:96: warning: unused variable `hY`

Note: This linter can be disabled with `set_option linter.unusedVariables false`
BanditRL.OnlineLearning.expected_square_decomposition.{u_1} {Ω : Type u_1} [MeasurableSpace Ω] (μ : Measure Ω)
  [IsProbabilityMeasure μ] (Y : Ω → ℝ) (hY : MemLp Y 2 μ) (u : ℝ) :
  ∫ (ω : Ω), (u - Y ω) ^ 2 ∂μ = Var[Y; μ] + (u - ∫ (ω : Ω), Y ω ∂μ) ^ 2
'BanditRL.OnlineLearning.expected_square_decomposition' depends on axioms: [propext, Classical.choice, Quot.sound]
E:\ABRL\worktrees\research-online-book\runs\online-c1-core-audit-20261008\typed-public-neutral-identities-v2.lean:69:98: warning: unused variable `hP`

Note: This linter can be disabled with `set_option linter.unusedVariables false`
E:\ABRL\worktrees\research-online-book\runs\online-c1-core-audit-20261008\typed-public-neutral-identities-v2.lean:69:117: warning: unused variable `hY`

Note: This linter can be disabled with `set_option linter.unusedVariables false`
E:\ABRL\worktrees\research-online-book\runs\online-c1-core-audit-20261008\typed-public-neutral-identities-v2.lean:69:136: warning: unused variable `h`

Note: This linter can be disabled with `set_option linter.unusedVariables false`
BanditRL.OnlineLearning.independent_prediction_square.{u_1} {Ω : Type u_1} [MeasurableSpace Ω] (μ : Measure Ω)
  [IsProbabilityMeasure μ] (P Y : Ω → ℝ) (hP : MemLp P 2 μ) (hY : MemLp Y 2 μ) (h : P ⟂ᵢ[μ] Y) :
  ∫ (ω : Ω), (P ω - Y ω) ^ 2 ∂μ = ∫ (ω : Ω), (P ω - ∫ (ω : Ω), Y ω ∂μ) ^ 2 ∂μ + Var[Y; μ]
'BanditRL.OnlineLearning.independent_prediction_square' depends on axioms: [propext, Classical.choice, Quot.sound]
E:\ABRL\worktrees\research-online-book\runs\online-c1-core-audit-20261008\typed-public-neutral-identities-v2.lean:76:100: warning: unused variable `hY`

Note: This linter can be disabled with `set_option linter.unusedVariables false`
E:\ABRL\worktrees\research-online-book\runs\online-c1-core-audit-20261008\typed-public-neutral-identities-v2.lean:76:129: warning: unused variable `hind`

Note: This linter can be disabled with `set_option linter.unusedVariables false`
BanditRL.OnlineLearning.meanPredict_independent.{u_1} {Ω : Type u_1} [MeasurableSpace Ω] (μ : Measure Ω)
  [IsProbabilityMeasure μ] (Y : ℕ → Ω → ℝ) (hY : ∀ (t : ℕ), Measurable (Y t)) (hind : iIndepFun Y μ) (t : ℕ) :
  (fun ω => meanPredict (fun i => Y i ω) t) ⟂ᵢ[μ] Y t
'BanditRL.OnlineLearning.meanPredict_independent' depends on axioms: [propext, Classical.choice, Quot.sound]
E:\ABRL\worktrees\research-online-book\runs\online-c1-core-audit-20261008\typed-public-neutral-identities-v2.lean:83:59: warning: unused variable `hY`

Note: This linter can be disabled with `set_option linter.unusedVariables false`
BanditRL.OnlineLearning.meanPredict_measurable.{u_1} {Ω : Type u_1} [MeasurableSpace Ω] (Y : ℕ → Ω → ℝ)
  (hY : ∀ (t : ℕ), Measurable (Y t)) (t : ℕ) : Measurable fun ω => meanPredict (fun i => Y i ω) t
'BanditRL.OnlineLearning.meanPredict_measurable' depends on axioms: [propext, Classical.choice, Quot.sound]
E:\ABRL\worktrees\research-online-book\runs\online-c1-core-audit-20261008\typed-public-neutral-identities-v2.lean:90:100: warning: unused variable `hY`

Note: This linter can be disabled with `set_option linter.unusedVariables false`
E:\ABRL\worktrees\research-online-book\runs\online-c1-core-audit-20261008\typed-public-neutral-identities-v2.lean:90:129: warning: unused variable `hb`

Note: This linter can be disabled with `set_option linter.unusedVariables false`
BanditRL.OnlineLearning.meanPredict_memLp.{u_1} {Ω : Type u_1} [MeasurableSpace Ω] (μ : Measure Ω)
  [IsProbabilityMeasure μ] (Y : ℕ → Ω → ℝ) (hY : ∀ (t : ℕ), Measurable (Y t))
  (hb : ∀ (t : ℕ) (ω : Ω), Y t ω ∈ Set.Icc 0 1) (t : ℕ) : MemLp (fun ω => meanPredict (fun i => Y i ω) t) 2 μ
'BanditRL.OnlineLearning.meanPredict_memLp' depends on axioms: [propext, Classical.choice, Quot.sound]
E:\ABRL\worktrees\research-online-book\runs\online-c1-core-audit-20261008\typed-public-neutral-identities-v2.lean:97:100: warning: unused variable `hY`

Note: This linter can be disabled with `set_option linter.unusedVariables false`
E:\ABRL\worktrees\research-online-book\runs\online-c1-core-audit-20261008\typed-public-neutral-identities-v2.lean:97:129: warning: unused variable `hind`

Note: This linter can be disabled with `set_option linter.unusedVariables false`
E:\ABRL\worktrees\research-online-book\runs\online-c1-core-audit-20261008\typed-public-neutral-identities-v2.lean:97:152: warning: unused variable `hlaw`

Note: This linter can be disabled with `set_option linter.unusedVariables false`
E:\ABRL\worktrees\research-online-book\runs\online-c1-core-audit-20261008\typed-public-neutral-identities-v2.lean:97:195: warning: unused variable `hb`

Note: This linter can be disabled with `set_option linter.unusedVariables false`
BanditRL.OnlineLearning.iid_meanPredict_excess.{u_1} {Ω : Type u_1} [MeasurableSpace Ω] (μ : Measure Ω)
  [IsProbabilityMeasure μ] (Y : ℕ → Ω → ℝ) (hY : ∀ (t : ℕ), Measurable (Y t)) (hind : iIndepFun Y μ)
  (hlaw : ∀ (t : ℕ), IdentDistrib (Y t) (Y 0) μ μ) (hb : ∀ (t : ℕ) (ω : Ω), Y t ω ∈ Set.Icc 0 1) (T : ℕ) :
  ∫ (ω : Ω), ∑ t ∈ Finset.range T, (meanPredict (fun i => Y i ω) t - Y t ω) ^ 2 ∂μ - ↑T * Var[Y 0; μ] =
    ∑ t ∈ Finset.range T, ∫ (ω : Ω), (meanPredict (fun i => Y i ω) t - ∫ (ω : Ω), Y 0 ω ∂μ) ^ 2 ∂μ
'BanditRL.OnlineLearning.iid_meanPredict_excess' depends on axioms: [propext, Classical.choice, Quot.sound]
E:\ABRL\worktrees\research-online-book\runs\online-c1-core-audit-20261008\typed-public-neutral-identities-v2.lean:104:100: warning: unused variable `hY`

Note: This linter can be disabled with `set_option linter.unusedVariables false`
E:\ABRL\worktrees\research-online-book\runs\online-c1-core-audit-20261008\typed-public-neutral-identities-v2.lean:104:129: warning: unused variable `hind`

Note: This linter can be disabled with `set_option linter.unusedVariables false`
E:\ABRL\worktrees\research-online-book\runs\online-c1-core-audit-20261008\typed-public-neutral-identities-v2.lean:104:152: warning: unused variable `hlaw`

Note: This linter can be disabled with `set_option linter.unusedVariables false`
E:\ABRL\worktrees\research-online-book\runs\online-c1-core-audit-20261008\typed-public-neutral-identities-v2.lean:104:195: warning: unused variable `hb`

Note: This linter can be disabled with `set_option linter.unusedVariables false`
BanditRL.OnlineLearning.iid_meanPredict_excess_nonneg.{u_1} {Ω : Type u_1} [MeasurableSpace Ω] (μ : Measure Ω)
  [IsProbabilityMeasure μ] (Y : ℕ → Ω → ℝ) (hY : ∀ (t : ℕ), Measurable (Y t)) (hind : iIndepFun Y μ)
  (hlaw : ∀ (t : ℕ), IdentDistrib (Y t) (Y 0) μ μ) (hb : ∀ (t : ℕ) (ω : Ω), Y t ω ∈ Set.Icc 0 1) (T : ℕ) :
  0 ≤ ∫ (ω : Ω), ∑ t ∈ Finset.range T, (meanPredict (fun i => Y i ω) t - Y t ω) ^ 2 ∂μ - ↑T * Var[Y 0; μ]
'BanditRL.OnlineLearning.iid_meanPredict_excess_nonneg' depends on axioms: [propext, Classical.choice, Quot.sound]
E:\ABRL\worktrees\research-online-book\runs\online-c1-core-audit-20261008\typed-public-neutral-identities-v2.lean:111:96: warning: unused variable `hY`

Note: This linter can be disabled with `set_option linter.unusedVariables false`
E:\ABRL\worktrees\research-online-book\runs\online-c1-core-audit-20261008\typed-public-neutral-identities-v2.lean:111:116: warning: unused variable `hb`

Note: This linter can be disabled with `set_option linter.unusedVariables false`
BanditRL.OnlineLearning.source_mean_optimal.{u_1} {Ω : Type u_1} [MeasurableSpace Ω] (μ : Measure Ω)
  [IsProbabilityMeasure μ] (Y : Ω → ℝ) (hY : Measurable Y) (hb : ∀ (ω : Ω), Y ω ∈ Set.Icc 0 1) :
  ∫ (ω : Ω), Y ω ∂μ ∈ Set.Icc 0 1 ∧
    ∫ (ω : Ω), (∫ (ω : Ω), Y ω ∂μ - Y ω) ^ 2 ∂μ = Var[Y; μ] ∧ ∀ (u : ℝ), Var[Y; μ] ≤ ∫ (ω : Ω), (u - Y ω) ^ 2 ∂μ
'BanditRL.OnlineLearning.source_mean_optimal' depends on axioms: [propext, Classical.choice, Quot.sound]
E:\ABRL\worktrees\research-online-book\runs\online-c1-core-audit-20261008\typed-public-neutral-identities-v2.lean:118:100: warning: unused variable `hY`

Note: This linter can be disabled with `set_option linter.unusedVariables false`
E:\ABRL\worktrees\research-online-book\runs\online-c1-core-audit-20261008\typed-public-neutral-identities-v2.lean:118:129: warning: unused variable `hind`

Note: This linter can be disabled with `set_option linter.unusedVariables false`
E:\ABRL\worktrees\research-online-book\runs\online-c1-core-audit-20261008\typed-public-neutral-identities-v2.lean:118:208: warning: unused variable `hp`

Note: This linter can be disabled with `set_option linter.unusedVariables false`
BanditRL.OnlineLearning.history_policy_independent.{u_1} {Ω : Type u_1} [MeasurableSpace Ω] (μ : Measure Ω)
  [IsProbabilityMeasure μ] (Y : ℕ → Ω → ℝ) (hY : ∀ (t : ℕ), Measurable (Y t)) (hind : iIndepFun Y μ) (t : ℕ)
  (policy : (↥(Finset.range t) → ℝ) → ℝ) (hp : Measurable policy) : (fun ω => policy fun i => Y (↑i) ω) ⟂ᵢ[μ] Y t
'BanditRL.OnlineLearning.history_policy_independent' depends on axioms: [propext, Classical.choice, Quot.sound]
E:\ABRL\worktrees\research-online-book\runs\online-c1-core-audit-20261008\typed-public-neutral-identities-v2.lean:125:100: warning: unused variable `hY`

Note: This linter can be disabled with `set_option linter.unusedVariables false`
E:\ABRL\worktrees\research-online-book\runs\online-c1-core-audit-20261008\typed-public-neutral-identities-v2.lean:125:129: warning: unused variable `hind`

Note: This linter can be disabled with `set_option linter.unusedVariables false`
E:\ABRL\worktrees\research-online-book\runs\online-c1-core-audit-20261008\typed-public-neutral-identities-v2.lean:125:152: warning: unused variable `hb`

Note: This linter can be disabled with `set_option linter.unusedVariables false`
E:\ABRL\worktrees\research-online-book\runs\online-c1-core-audit-20261008\typed-public-neutral-identities-v2.lean:125:248: warning: unused variable `hp`

Note: This linter can be disabled with `set_option linter.unusedVariables false`
E:\ABRL\worktrees\research-online-book\runs\online-c1-core-audit-20261008\typed-public-neutral-identities-v2.lean:125:273: warning: unused variable `hpb`

Note: This linter can be disabled with `set_option linter.unusedVariables false`
BanditRL.OnlineLearning.history_policy_loss_ge_variance.{u_1} {Ω : Type u_1} [MeasurableSpace Ω] (μ : Measure Ω)
  [IsProbabilityMeasure μ] (Y : ℕ → Ω → ℝ) (hY : ∀ (t : ℕ), Measurable (Y t)) (hind : iIndepFun Y μ)
  (hb : ∀ (t : ℕ) (ω : Ω), Y t ω ∈ Set.Icc 0 1) (t : ℕ) (policy : (↥(Finset.range t) → ℝ) → ℝ) (hp : Measurable policy)
  (hpb : ∀ (z : ↥(Finset.range t) → ℝ), policy z ∈ Set.Icc 0 1) :
  Var[Y t; μ] ≤ ∫ (ω : Ω), ((policy fun i => Y (↑i) ω) - Y t ω) ^ 2 ∂μ
'BanditRL.OnlineLearning.history_policy_loss_ge_variance' depends on axioms: [propext, Classical.choice, Quot.sound]
E:\ABRL\worktrees\research-online-book\runs\online-c1-core-audit-20261008\typed-public-neutral-identities-v2.lean:132:39: warning: unused variable `hT`

Note: This linter can be disabled with `set_option linter.unusedVariables false`
BanditRL.OnlineLearning.normalized_excess (total variance : ℝ) (T : ℕ) (hT : 0 < T) :
  total / ↑T - variance = (total - ↑T * variance) / ↑T
'BanditRL.OnlineLearning.normalized_excess' depends on axioms: [propext, Classical.choice, Quot.sound]
