{
  "time": "2026-10-09T03:45:30+00:00",
  "task": "ONLINE-C1-CHAPTER-AUDIT-20261009",
  "role": "reviewer",
  "kind": "review",
  "status": "accepted",
  "notes": "Distinct source CANARY CONTRACT accepted-with-explicit-delta,372RAW verified. Exact27types/2probes stabilized; no actualcanaryproof orchapteracceptance.",
  "lean": "",
  "source": "",
  "run_id": "online-c1-chapter-audit-20261009",
  "changed_files": [],
  "statement_hash": "",
  "parent_id": "",
  "route_fingerprint": "",
  "verifier_evidence": [
    "E:\\ABRL\\worktrees\\research-online-book\\runs\\online-c1-chapter-audit-20261009\\chapter-canary-CONTRACT-receipt-v1.json",
    "E:\\ABRL\\worktrees\\research-online-book\\runs\\online-c1-chapter-audit-20261009\\chapter-canary-CONTRACT-review-v1.md"
  ],
  "harness": "",
  "experiment_id": "",
  "target_fingerprint": "",
  "route_packet_hash": "",
  "attempt_id": "C1-CANARY-CONTRACT-V1",
  "worker_id": "",
  "progress_class": "diagnostic",
  "reviewer_validated": false,
  "obligations_before": 0,
  "obligations_after": 0,
  "new_declarations": [],
  "reused_declarations": [],
  "dag_nodes": 0,
  "dag_depth": 0,
  "elapsed_seconds": 0.0,
  "lean_check_seconds": 0.0,
  "prompt_chars": 0,
  "input_tokens": 0,
  "output_tokens": 0,
  "error_signature": ""
}
