contributor base: origin/main
changed paths: 28248
affected production paths: 70
changed contribution contracts: 67
Contributor contract passed.
 - covered: BanditRLProof.lean
 - covered: BanditRLProof/OnlineAffineSubgradient.lean
 - covered: BanditRLProof/OnlineClosedProper.lean
 - covered: BanditRLProof/OnlineConstraintFiniteLoss.lean
 - covered: BanditRLProof/OnlineConvexBarycenter.lean
 - covered: BanditRLProof/OnlineConvexClosures.lean
 - covered: BanditRLProof/OnlineConvexExamples.lean
 - covered: BanditRLProof/OnlineConvexExtended.lean
 - covered: BanditRLProof/OnlineConvexFirstOrder.lean
 - covered: BanditRLProof/OnlineConvexMinorant.lean
 - covered: BanditRLProof/OnlineConvexNondifferentiability.lean
 - covered: BanditRLProof/OnlineConvexOptimality.lean
 - covered: BanditRLProof/OnlineConvexSums.lean
 - covered: BanditRLProof/OnlineConvexUncountability.lean
 - covered: BanditRLProof/OnlineExpectation.lean
 - covered: BanditRLProof/OnlineFTLFailure.lean
 - covered: BanditRLProof/OnlineFTLInitializationRegret.lean
 - covered: BanditRLProof/OnlineFTLLimitSemantics.lean
 - covered: BanditRLProof/OnlineFTLOscillation.lean
 - covered: BanditRLProof/OnlineGradientDescent.lean
 - covered: BanditRLProof/OnlineGradientDescentSource.lean
 - covered: BanditRLProof/OnlineGradientDescentVariable.lean
 - covered: BanditRLProof/OnlineGuessingAECausal.lean
 - covered: BanditRLProof/OnlineGuessingComparison.lean
 - covered: BanditRLProof/OnlineGuessingCompletedCausal.lean
 - covered: BanditRLProof/OnlineGuessingIIDBenchmark.lean
 - covered: BanditRLProof/OnlineGuessingIIDSuccess.lean
 - covered: BanditRLProof/OnlineGuessingKernelCausal.lean
 - covered: BanditRLProof/OnlineGuessingLogLower.lean
 - covered: BanditRLProof/OnlineGuessingLower.lean
 - covered: BanditRLProof/OnlineGuessingOGD.lean
 - covered: BanditRLProof/OnlineGuessingRandomizedIID.lean
 - covered: BanditRLProof/OnlineGuessingSubgradient.lean
 - covered: BanditRLProof/OnlineGuessingSubgradientPolicy.lean
 - covered: BanditRLProof/OnlineHinge.lean
 - covered: BanditRLProof/OnlineHuber.lean
 - covered: BanditRLProof/OnlineJensen.lean
 - covered: BanditRLProof/OnlineLearningAsymptotic.lean
 - covered: BanditRLProof/OnlineLearningFTL.lean
 - covered: BanditRLProof/OnlineLearningFTLState.lean
 - covered: BanditRLProof/OnlineLearningFoundations.lean
 - covered: BanditRLProof/OnlineLearningHistory.lean
 - covered: BanditRLProof/OnlineLearningIID.lean
 - covered: BanditRLProof/OnlineLearningInformation.lean
 - covered: BanditRLProof/OnlineLearningMean.lean
 - covered: BanditRLProof/OnlineLearningRegret.lean
 - covered: BanditRLProof/OnlineLearningStochastic.lean
 - covered: BanditRLProof/OnlineLinearization.lean
 - covered: BanditRLProof/OnlineLipschitzSubgradient.lean
 - covered: BanditRLProof/OnlineNoRegretSemantics.lean
 - covered: BanditRLProof/OnlineNormalCone.lean
 - covered: BanditRLProof/OnlineOptimalStep.lean
 - covered: BanditRLProof/OnlineSquareMinimum.lean
 - covered: BanditRLProof/OnlineSubgradientAbsolute.lean
 - covered: BanditRLProof/OnlineSubgradientBasic.lean
 - covered: BanditRLProof/OnlineSubgradientDescent.lean
 - covered: BanditRLProof/OnlineSubgradientDifferentiability.lean
 - covered: BanditRLProof/OnlineSubgradientInterior.lean
 - covered: BanditRLProof/OnlineSubgradientMax.lean
 - covered: BanditRLProof/OnlineSubgradientPolicy.lean
 - covered: BanditRLProof/OnlineSubgradientSum.lean
 - covered: BanditRLProof/OnlineUnitScaling.lean
 - covered: website/content/books.json
 - covered: website/content/chapters.json
 - covered: website/content/declaration-boundaries.json
 - covered: website/content/highlights.json
 - covered: website/content/readings.json
 - covered: website/scripts/build_site.py
 - covered: website/scripts/check_site.py
 - covered: website/static/lean-graph.js
