runs/online-c1-chapter-audit-20261009/G001-focused-v1.log:9: trailing whitespace.
+  
runs/online-c1-chapter-audit-20261009/G001-focused-v1.log:11: trailing whitespace.
+    
runs/online-c1-chapter-audit-20261009/blind-reconstruction-v1.md:861: new blank line at EOF.
runs/online-c1-chapter-audit-20261009/candidate-full-diff-check-v1.log:2: trailing whitespace.
++  
runs/online-c1-chapter-audit-20261009/candidate-full-diff-check-v1.log:4: trailing whitespace.
++    
runs/online-c1-chapter-audit-20261009/candidate-full-diff-check-v1.log:8: trailing whitespace.
++  
runs/online-c1-chapter-audit-20261009/candidate-full-diff-check-v1.log:10: trailing whitespace.
++    
runs/online-c1-chapter-audit-20261009/candidate-full-diff-check-v1.log:12: trailing whitespace.
++  
runs/online-c1-chapter-audit-20261009/candidate-full-diff-check-v1.log:14: trailing whitespace.
++    
runs/online-c1-chapter-audit-20261009/candidate-full-diff-check-v1.log:16: trailing whitespace.
++  
runs/online-c1-chapter-audit-20261009/candidate-full-diff-check-v1.log:18: trailing whitespace.
++    
runs/online-c1-chapter-audit-20261009/candidate-full-diff-check-v1.log:20: trailing whitespace.
++  
runs/online-c1-chapter-audit-20261009/candidate-full-diff-check-v1.log:22: trailing whitespace.
++    
runs/online-c1-chapter-audit-20261009/candidate-full-diff-check-v1.log:24: trailing whitespace.
++  
runs/online-c1-chapter-audit-20261009/candidate-full-diff-check-v1.log:26: trailing whitespace.
++    
runs/online-c1-chapter-audit-20261009/candidate-full-diff-check-v1.log:28: trailing whitespace.
++  
runs/online-c1-chapter-audit-20261009/candidate-full-diff-check-v1.log:30: trailing whitespace.
++    
runs/online-c1-chapter-audit-20261009/candidate-full-diff-check-v1.log:32: trailing whitespace.
++  
runs/online-c1-chapter-audit-20261009/candidate-full-diff-check-v1.log:34: trailing whitespace.
++    
runs/online-c1-chapter-audit-20261009/candidate-full-diff-check-v1.log:36: trailing whitespace.
++  
runs/online-c1-chapter-audit-20261009/candidate-full-diff-check-v1.log:38: trailing whitespace.
++    
runs/online-c1-chapter-audit-20261009/candidate-full-diff-check-v1.log:40: trailing whitespace.
++  
runs/online-c1-chapter-audit-20261009/candidate-full-diff-check-v1.log:42: trailing whitespace.
++    
runs/online-c1-chapter-audit-20261009/candidate-full-diff-check-v1.log:44: trailing whitespace.
++  
runs/online-c1-chapter-audit-20261009/candidate-full-diff-check-v1.log:46: trailing whitespace.
++    
runs/online-c1-chapter-audit-20261009/candidate-full-diff-check-v1.log:48: trailing whitespace.
++  
runs/online-c1-chapter-audit-20261009/candidate-full-diff-check-v1.log:50: trailing whitespace.
++    
runs/online-c1-chapter-audit-20261009/candidate-full-diff-check-v1.log:52: trailing whitespace.
++  
runs/online-c1-chapter-audit-20261009/candidate-full-diff-check-v1.log:54: trailing whitespace.
++    
runs/online-c1-chapter-audit-20261009/candidate-full-diff-check-v1.log:56: trailing whitespace.
++  
runs/online-c1-chapter-audit-20261009/candidate-full-diff-check-v1.log:58: trailing whitespace.
++    
runs/online-c1-chapter-audit-20261009/candidate-full-diff-check-v1.log:60: trailing whitespace.
++  
runs/online-c1-chapter-audit-20261009/candidate-full-diff-check-v1.log:62: trailing whitespace.
++    
runs/online-c1-chapter-audit-20261009/candidate-full-diff-check-v1.log:64: trailing whitespace.
++  
runs/online-c1-chapter-audit-20261009/candidate-full-diff-check-v1.log:66: trailing whitespace.
++    
runs/online-c1-chapter-audit-20261009/candidate-full-diff-check-v1.log:68: trailing whitespace.
++  
runs/online-c1-chapter-audit-20261009/candidate-full-diff-check-v1.log:70: trailing whitespace.
++    
runs/online-c1-chapter-audit-20261009/candidate-full-diff-check-v1.log:72: trailing whitespace.
++  
runs/online-c1-chapter-audit-20261009/candidate-full-diff-check-v1.log:74: trailing whitespace.
++    
runs/online-c1-chapter-audit-20261009/candidate-full-diff-check-v1.log:76: trailing whitespace.
++  
runs/online-c1-chapter-audit-20261009/candidate-full-diff-check-v1.log:78: trailing whitespace.
++    
runs/online-c1-chapter-audit-20261009/candidate-full-diff-check-v1.log:80: trailing whitespace.
++  
runs/online-c1-chapter-audit-20261009/candidate-full-diff-check-v1.log:82: trailing whitespace.
++    
runs/online-c1-chapter-audit-20261009/candidate-full-diff-check-v1.log:84: trailing whitespace.
++  
runs/online-c1-chapter-audit-20261009/candidate-full-diff-check-v1.log:86: trailing whitespace.
++    
runs/online-c1-chapter-audit-20261009/candidate-full-diff-check-v1.log:88: trailing whitespace.
++  
runs/online-c1-chapter-audit-20261009/candidate-full-diff-check-v1.log:90: trailing whitespace.
++    
runs/online-c1-chapter-audit-20261009/candidate-full-diff-check-v1.log:92: trailing whitespace.
++  
runs/online-c1-chapter-audit-20261009/candidate-full-diff-check-v1.log:94: trailing whitespace.
++    
runs/online-c1-chapter-audit-20261009/candidate-full-diff-check-v1.log:96: trailing whitespace.
++  
runs/online-c1-chapter-audit-20261009/candidate-full-diff-check-v1.log:98: trailing whitespace.
++    
runs/online-c1-chapter-audit-20261009/candidate-full-diff-check-v1.log:100: trailing whitespace.
++  
runs/online-c1-chapter-audit-20261009/candidate-full-diff-check-v1.log:102: trailing whitespace.
++    
runs/online-c1-chapter-audit-20261009/candidate-full-diff-check-v1.log:104: trailing whitespace.
++  
runs/online-c1-chapter-audit-20261009/candidate-full-diff-check-v1.log:106: trailing whitespace.
++    
runs/online-c1-chapter-audit-20261009/candidate-full-diff-check-v1.log:108: trailing whitespace.
++  
runs/online-c1-chapter-audit-20261009/candidate-full-diff-check-v1.log:110: trailing whitespace.
++    
runs/online-c1-chapter-audit-20261009/candidate-full-diff-check-v1.log:112: trailing whitespace.
++  
runs/online-c1-chapter-audit-20261009/candidate-full-diff-check-v1.log:114: trailing whitespace.
++    
runs/online-c1-chapter-audit-20261009/candidate-full-diff-check-v1.log:116: trailing whitespace.
++  
runs/online-c1-chapter-audit-20261009/candidate-full-diff-check-v1.log:118: trailing whitespace.
++    
runs/online-c1-chapter-audit-20261009/candidate-full-diff-check-v1.log:120: trailing whitespace.
++  
runs/online-c1-chapter-audit-20261009/candidate-full-diff-check-v1.log:122: trailing whitespace.
++    
runs/online-c1-chapter-audit-20261009/candidate-full-diff-check-v1.log:124: trailing whitespace.
++  
runs/online-c1-chapter-audit-20261009/candidate-full-diff-check-v1.log:126: trailing whitespace.
++    
runs/online-c1-chapter-audit-20261009/candidate-full-diff-check-v1.log:128: trailing whitespace.
++  
runs/online-c1-chapter-audit-20261009/candidate-full-diff-check-v1.log:130: trailing whitespace.
++    
runs/online-c1-chapter-audit-20261009/candidate-full-diff-check-v1.log:132: trailing whitespace.
++  
runs/online-c1-chapter-audit-20261009/candidate-full-diff-check-v1.log:134: trailing whitespace.
++    
runs/online-c1-chapter-audit-20261009/candidate-full-diff-check-v1.log:136: trailing whitespace.
++  
runs/online-c1-chapter-audit-20261009/candidate-full-diff-check-v1.log:138: trailing whitespace.
++    
runs/online-c1-chapter-audit-20261009/candidate-full-diff-check-v1.log:140: trailing whitespace.
++  
runs/online-c1-chapter-audit-20261009/candidate-full-diff-check-v1.log:142: trailing whitespace.
++    
runs/online-c1-chapter-audit-20261009/candidate-full-diff-check-v1.log:144: trailing whitespace.
++  
runs/online-c1-chapter-audit-20261009/candidate-full-diff-check-v1.log:146: trailing whitespace.
++    
runs/online-c1-chapter-audit-20261009/candidate-full-diff-check-v1.log:148: trailing whitespace.
++  
runs/online-c1-chapter-audit-20261009/candidate-full-diff-check-v1.log:150: trailing whitespace.
++    
runs/online-c1-chapter-audit-20261009/candidate-full-diff-check-v1.log:152: trailing whitespace.
++  
runs/online-c1-chapter-audit-20261009/candidate-full-diff-check-v1.log:154: trailing whitespace.
++    
runs/online-c1-chapter-audit-20261009/candidate-full-diff-check-v1.log:156: trailing whitespace.
++  
runs/online-c1-chapter-audit-20261009/candidate-full-diff-check-v1.log:158: trailing whitespace.
++    
runs/online-c1-chapter-audit-20261009/candidate-full-diff-check-v1.log:160: trailing whitespace.
++  
runs/online-c1-chapter-audit-20261009/candidate-full-diff-check-v1.log:162: trailing whitespace.
++    
runs/online-c1-chapter-audit-20261009/candidate-full-diff-check-v1.log:164: trailing whitespace.
++  
runs/online-c1-chapter-audit-20261009/candidate-full-diff-check-v1.log:166: trailing whitespace.
++    
runs/online-c1-chapter-audit-20261009/candidate-full-diff-check-v1.log:168: trailing whitespace.
++  
runs/online-c1-chapter-audit-20261009/candidate-full-diff-check-v1.log:170: trailing whitespace.
++    
runs/online-c1-chapter-audit-20261009/candidate-full-diff-check-v1.log:172: trailing whitespace.
++  
runs/online-c1-chapter-audit-20261009/candidate-full-diff-check-v1.log:174: trailing whitespace.
++    
runs/online-c1-chapter-audit-20261009/candidate-full-diff-check-v1.log:176: trailing whitespace.
++  
runs/online-c1-chapter-audit-20261009/candidate-full-diff-check-v1.log:178: trailing whitespace.
++    
runs/online-c1-chapter-audit-20261009/candidate-full-diff-check-v1.log:180: trailing whitespace.
++  
runs/online-c1-chapter-audit-20261009/candidate-full-diff-check-v1.log:182: trailing whitespace.
++    
runs/online-c1-chapter-audit-20261009/candidate-full-diff-check-v1.log:184: trailing whitespace.
++  
runs/online-c1-chapter-audit-20261009/candidate-full-diff-check-v1.log:186: trailing whitespace.
++    
runs/online-c1-chapter-audit-20261009/candidate-full-diff-check-v1.log:188: trailing whitespace.
++  
runs/online-c1-chapter-audit-20261009/candidate-full-diff-check-v1.log:190: trailing whitespace.
++    
runs/online-c1-chapter-audit-20261009/candidate-full-diff-check-v1.log:192: trailing whitespace.
++  
runs/online-c1-chapter-audit-20261009/candidate-full-diff-check-v1.log:194: trailing whitespace.
++    
runs/online-c1-chapter-audit-20261009/candidate-full-diff-check-v1.log:196: trailing whitespace.
++  
runs/online-c1-chapter-audit-20261009/candidate-full-diff-check-v1.log:198: trailing whitespace.
++    
runs/online-c1-chapter-audit-20261009/candidate-full-diff-check-v1.log:200: trailing whitespace.
++  
runs/online-c1-chapter-audit-20261009/candidate-full-diff-check-v1.log:202: trailing whitespace.
++    
runs/online-c1-chapter-audit-20261009/candidate-full-diff-check-v1.log:204: trailing whitespace.
++  
runs/online-c1-chapter-audit-20261009/candidate-full-diff-check-v1.log:206: trailing whitespace.
++    
runs/online-c1-chapter-audit-20261009/candidate-full-diff-check-v1.log:208: trailing whitespace.
++  
runs/online-c1-chapter-audit-20261009/candidate-full-diff-check-v1.log:210: trailing whitespace.
++    
runs/online-c1-chapter-audit-20261009/candidate-full-diff-check-v1.log:212: trailing whitespace.
++  
runs/online-c1-chapter-audit-20261009/candidate-full-diff-check-v1.log:214: trailing whitespace.
++    
runs/online-c1-chapter-audit-20261009/candidate-full-diff-check-v1.log:216: trailing whitespace.
++  
runs/online-c1-chapter-audit-20261009/candidate-full-diff-check-v1.log:218: trailing whitespace.
++    
runs/online-c1-chapter-audit-20261009/candidate-full-diff-check-v1.log:220: trailing whitespace.
++  
runs/online-c1-chapter-audit-20261009/candidate-full-diff-check-v1.log:222: trailing whitespace.
++    
runs/online-c1-chapter-audit-20261009/candidate-full-diff-check-v1.log:224: trailing whitespace.
++  
runs/online-c1-chapter-audit-20261009/candidate-full-diff-check-v1.log:226: trailing whitespace.
++    
runs/online-c1-chapter-audit-20261009/candidate-full-diff-check-v1.log:228: trailing whitespace.
++  
runs/online-c1-chapter-audit-20261009/candidate-full-diff-check-v1.log:230: trailing whitespace.
++    
runs/online-c1-chapter-audit-20261009/candidate-full-diff-check-v1.log:232: trailing whitespace.
++  
runs/online-c1-chapter-audit-20261009/candidate-full-diff-check-v1.log:234: trailing whitespace.
++    
runs/online-c1-chapter-audit-20261009/candidate-full-diff-check-v1.log:236: trailing whitespace.
++  
runs/online-c1-chapter-audit-20261009/candidate-full-diff-check-v1.log:238: trailing whitespace.
++    
runs/online-c1-chapter-audit-20261009/chapter-canary-blind-reconstruction-v2.md:478: new blank line at EOF.
runs/online-c1-chapter-audit-20261009/chapter-canary-focused-v1.log:727: trailing whitespace.
+  
runs/online-c1-chapter-audit-20261009/chapter-canary-focused-v1.log:729: trailing whitespace.
+    
runs/online-c1-chapter-audit-20261009/chapter-canary-focused-v1.log:734: trailing whitespace.
+  
runs/online-c1-chapter-audit-20261009/chapter-canary-focused-v1.log:736: trailing whitespace.
+    
runs/online-c1-chapter-audit-20261009/chapter-canary-focused-v1.log:897: trailing whitespace.
+  
runs/online-c1-chapter-audit-20261009/chapter-canary-focused-v1.log:899: trailing whitespace.
+    
runs/online-c1-chapter-audit-20261009/chapter-canary-focused-v1.log:1048: trailing whitespace.
+  
runs/online-c1-chapter-audit-20261009/chapter-canary-focused-v1.log:1050: trailing whitespace.
+    
runs/online-c1-chapter-audit-20261009/chapter-canary-focused-v1.log:1219: trailing whitespace.
+  
runs/online-c1-chapter-audit-20261009/chapter-canary-focused-v1.log:1221: trailing whitespace.
+    
runs/online-c1-chapter-audit-20261009/chapter-canary-focused-v1.log:1261: trailing whitespace.
+  
runs/online-c1-chapter-audit-20261009/chapter-canary-focused-v1.log:1263: trailing whitespace.
+    
runs/online-c1-chapter-audit-20261009/chapter-canary-focused-v1.log:1756: trailing whitespace.
+  
runs/online-c1-chapter-audit-20261009/chapter-canary-focused-v1.log:1758: trailing whitespace.
+    
runs/online-c1-chapter-audit-20261009/chapter-canary-focused-v1.log:1807: trailing whitespace.
+  
runs/online-c1-chapter-audit-20261009/chapter-canary-focused-v1.log:1809: trailing whitespace.
+    
runs/online-c1-chapter-audit-20261009/chapter-canary-focused-v2.log:727: trailing whitespace.
+  
runs/online-c1-chapter-audit-20261009/chapter-canary-focused-v2.log:729: trailing whitespace.
+    
runs/online-c1-chapter-audit-20261009/chapter-canary-focused-v2.log:734: trailing whitespace.
+  
runs/online-c1-chapter-audit-20261009/chapter-canary-focused-v2.log:736: trailing whitespace.
+    
runs/online-c1-chapter-audit-20261009/chapter-canary-focused-v2.log:897: trailing whitespace.
+  
runs/online-c1-chapter-audit-20261009/chapter-canary-focused-v2.log:899: trailing whitespace.
+    
runs/online-c1-chapter-audit-20261009/chapter-canary-focused-v2.log:1048: trailing whitespace.
+  
runs/online-c1-chapter-audit-20261009/chapter-canary-focused-v2.log:1050: trailing whitespace.
+    
runs/online-c1-chapter-audit-20261009/chapter-canary-focused-v2.log:1219: trailing whitespace.
+  
runs/online-c1-chapter-audit-20261009/chapter-canary-focused-v2.log:1221: trailing whitespace.
+    
runs/online-c1-chapter-audit-20261009/chapter-canary-focused-v2.log:1261: trailing whitespace.
+  
runs/online-c1-chapter-audit-20261009/chapter-canary-focused-v2.log:1263: trailing whitespace.
+    
runs/online-c1-chapter-audit-20261009/chapter-canary-focused-v2.log:1756: trailing whitespace.
+  
runs/online-c1-chapter-audit-20261009/chapter-canary-focused-v2.log:1758: trailing whitespace.
+    
runs/online-c1-chapter-audit-20261009/chapter-canary-focused-v2.log:1807: trailing whitespace.
+  
runs/online-c1-chapter-audit-20261009/chapter-canary-focused-v2.log:1809: trailing whitespace.
+    
runs/online-c1-chapter-audit-20261009/combined-Tests-v1.log:1310: trailing whitespace.
+  
runs/online-c1-chapter-audit-20261009/combined-Tests-v1.log:1312: trailing whitespace.
+    
runs/online-c1-chapter-audit-20261009/combined-Tests-v1.log:1317: trailing whitespace.
+  
runs/online-c1-chapter-audit-20261009/combined-Tests-v1.log:1319: trailing whitespace.
+    
runs/online-c1-chapter-audit-20261009/combined-Tests-v1.log:1480: trailing whitespace.
+  
runs/online-c1-chapter-audit-20261009/combined-Tests-v1.log:1482: trailing whitespace.
+    
runs/online-c1-chapter-audit-20261009/combined-Tests-v1.log:1631: trailing whitespace.
+  
runs/online-c1-chapter-audit-20261009/combined-Tests-v1.log:1633: trailing whitespace.
+    
runs/online-c1-chapter-audit-20261009/combined-Tests-v1.log:1802: trailing whitespace.
+  
runs/online-c1-chapter-audit-20261009/combined-Tests-v1.log:1804: trailing whitespace.
+    
runs/online-c1-chapter-audit-20261009/combined-Tests-v1.log:1844: trailing whitespace.
+  
runs/online-c1-chapter-audit-20261009/combined-Tests-v1.log:1846: trailing whitespace.
+    
runs/online-c1-chapter-audit-20261009/combined-Tests-v1.log:2339: trailing whitespace.
+  
runs/online-c1-chapter-audit-20261009/combined-Tests-v1.log:2341: trailing whitespace.
+    
runs/online-c1-chapter-audit-20261009/combined-Tests-v1.log:2390: trailing whitespace.
+  
runs/online-c1-chapter-audit-20261009/combined-Tests-v1.log:2392: trailing whitespace.
+    
runs/online-c1-chapter-audit-20261009/combined-Tests-v1.log:6832: trailing whitespace.
+  
runs/online-c1-chapter-audit-20261009/combined-Tests-v1.log:6834: trailing whitespace.
+    
runs/online-c1-chapter-audit-20261009/combined-full-harness-v1.log:513: trailing whitespace.
+  
runs/online-c1-chapter-audit-20261009/combined-full-harness-v1.log:515: trailing whitespace.
+    
runs/online-c1-chapter-audit-20261009/combined-full-harness-v1.log:848: trailing whitespace.
+  
runs/online-c1-chapter-audit-20261009/combined-full-harness-v1.log:850: trailing whitespace.
+    
runs/online-c1-chapter-audit-20261009/combined-full-harness-v1.log:1099: trailing whitespace.
+  
runs/online-c1-chapter-audit-20261009/combined-full-harness-v1.log:1101: trailing whitespace.
+    
runs/online-c1-chapter-audit-20261009/combined-full-harness-v1.log:1141: trailing whitespace.
+  
runs/online-c1-chapter-audit-20261009/combined-full-harness-v1.log:1143: trailing whitespace.
+    
runs/online-c1-chapter-audit-20261009/combined-full-harness-v1.log:1677: trailing whitespace.
+  
runs/online-c1-chapter-audit-20261009/combined-full-harness-v1.log:1679: trailing whitespace.
+    
runs/online-c1-chapter-audit-20261009/combined-full-harness-v1.log:1684: trailing whitespace.
+  
runs/online-c1-chapter-audit-20261009/combined-full-harness-v1.log:1686: trailing whitespace.
+    
runs/online-c1-chapter-audit-20261009/combined-full-harness-v1.log:1749: trailing whitespace.
+  
runs/online-c1-chapter-audit-20261009/combined-full-harness-v1.log:1751: trailing whitespace.
+    
runs/online-c1-chapter-audit-20261009/combined-full-harness-v1.log:1800: trailing whitespace.
+  
runs/online-c1-chapter-audit-20261009/combined-full-harness-v1.log:1802: trailing whitespace.
+    
runs/online-c1-chapter-audit-20261009/combined-full-harness-v1.log:3674: trailing whitespace.
+  
runs/online-c1-chapter-audit-20261009/combined-full-harness-v1.log:3676: trailing whitespace.
+    
runs/online-c1-chapter-audit-20261009/combined-full-harness-v1.log:3681: trailing whitespace.
+  
runs/online-c1-chapter-audit-20261009/combined-full-harness-v1.log:3683: trailing whitespace.
+    
runs/online-c1-chapter-audit-20261009/combined-full-harness-v1.log:3844: trailing whitespace.
+  
runs/online-c1-chapter-audit-20261009/combined-full-harness-v1.log:3846: trailing whitespace.
+    
runs/online-c1-chapter-audit-20261009/combined-full-harness-v1.log:3995: trailing whitespace.
+  
runs/online-c1-chapter-audit-20261009/combined-full-harness-v1.log:3997: trailing whitespace.
+    
runs/online-c1-chapter-audit-20261009/combined-full-harness-v1.log:4166: trailing whitespace.
+  
runs/online-c1-chapter-audit-20261009/combined-full-harness-v1.log:4168: trailing whitespace.
+    
runs/online-c1-chapter-audit-20261009/combined-full-harness-v1.log:4208: trailing whitespace.
+  
runs/online-c1-chapter-audit-20261009/combined-full-harness-v1.log:4210: trailing whitespace.
+    
runs/online-c1-chapter-audit-20261009/combined-full-harness-v1.log:4703: trailing whitespace.
+  
runs/online-c1-chapter-audit-20261009/combined-full-harness-v1.log:4705: trailing whitespace.
+    
runs/online-c1-chapter-audit-20261009/combined-full-harness-v1.log:4754: trailing whitespace.
+  
runs/online-c1-chapter-audit-20261009/combined-full-harness-v1.log:4756: trailing whitespace.
+    
runs/online-c1-chapter-audit-20261009/combined-full-harness-v1.log:9196: trailing whitespace.
+  
runs/online-c1-chapter-audit-20261009/combined-full-harness-v1.log:9198: trailing whitespace.
+    
runs/online-c1-chapter-audit-20261009/combined-root-v1.log:570: trailing whitespace.
+  
runs/online-c1-chapter-audit-20261009/combined-root-v1.log:572: trailing whitespace.
+    
runs/online-c1-chapter-audit-20261009/combined-root-v1.log:721: trailing whitespace.
+  
runs/online-c1-chapter-audit-20261009/combined-root-v1.log:723: trailing whitespace.
+    
runs/online-c1-chapter-audit-20261009/combined-root-v1.log:1098: trailing whitespace.
+  
runs/online-c1-chapter-audit-20261009/combined-root-v1.log:1100: trailing whitespace.
+    
runs/online-c1-chapter-audit-20261009/combined-root-v1.log:1140: trailing whitespace.
+  
runs/online-c1-chapter-audit-20261009/combined-root-v1.log:1142: trailing whitespace.
+    
runs/online-c1-chapter-audit-20261009/combined-root-v1.log:1691: trailing whitespace.
+  
runs/online-c1-chapter-audit-20261009/combined-root-v1.log:1693: trailing whitespace.
+    
runs/online-c1-chapter-audit-20261009/combined-root-v1.log:1698: trailing whitespace.
+  
runs/online-c1-chapter-audit-20261009/combined-root-v1.log:1700: trailing whitespace.
+    
runs/online-c1-chapter-audit-20261009/combined-root-v1.log:1748: trailing whitespace.
+  
runs/online-c1-chapter-audit-20261009/combined-root-v1.log:1750: trailing whitespace.
+    
runs/online-c1-chapter-audit-20261009/combined-root-v1.log:1799: trailing whitespace.
+  
runs/online-c1-chapter-audit-20261009/combined-root-v1.log:1801: trailing whitespace.
+    
runs/online-c1-chapter-audit-20261009/shared-root-general-init-v1.log:570: trailing whitespace.
+  
runs/online-c1-chapter-audit-20261009/shared-root-general-init-v1.log:572: trailing whitespace.
+    
runs/online-c1-chapter-audit-20261009/shared-root-general-init-v1.log:927: trailing whitespace.
+  
runs/online-c1-chapter-audit-20261009/shared-root-general-init-v1.log:929: trailing whitespace.
+    
runs/online-c1-chapter-audit-20261009/shared-root-general-init-v1.log:1098: trailing whitespace.
+  
runs/online-c1-chapter-audit-20261009/shared-root-general-init-v1.log:1100: trailing whitespace.
+    
runs/online-c1-chapter-audit-20261009/shared-root-general-init-v1.log:1140: trailing whitespace.
+  
runs/online-c1-chapter-audit-20261009/shared-root-general-init-v1.log:1142: trailing whitespace.
+    
runs/online-c1-chapter-audit-20261009/shared-root-general-init-v1.log:1706: trailing whitespace.
+  
runs/online-c1-chapter-audit-20261009/shared-root-general-init-v1.log:1708: trailing whitespace.
+    
runs/online-c1-chapter-audit-20261009/shared-root-general-init-v1.log:1713: trailing whitespace.
+  
runs/online-c1-chapter-audit-20261009/shared-root-general-init-v1.log:1715: trailing whitespace.
+    
runs/online-c1-chapter-audit-20261009/shared-root-general-init-v1.log:1748: trailing whitespace.
+  
runs/online-c1-chapter-audit-20261009/shared-root-general-init-v1.log:1750: trailing whitespace.
+    
runs/online-c1-chapter-audit-20261009/shared-root-general-init-v1.log:1799: trailing whitespace.
+  
runs/online-c1-chapter-audit-20261009/shared-root-general-init-v1.log:1801: trailing whitespace.
+    
runs/online-c1-chapter-audit-20261009/start-worktrees-v1.log:32: new blank line at EOF.
