warning: in the working copy of 'research-wiki/contribution-contracts/ONLINE-C1-CHAPTER-AUDIT-20261009.json', LF will be replaced by CRLF the next time Git touches it
warning: in the working copy of 'website/content/highlights.json', LF will be replaced by CRLF the next time Git touches it
warning: in the working copy of 'website/content/readings.json', LF will be replaced by CRLF the next time Git touches it
warning: in the working copy of 'runs/online-c1-chapter-audit-20261009/candidate-commit-v3-exit.json', LF will be replaced by CRLF the next time Git touches it
warning: in the working copy of 'runs/online-c1-chapter-audit-20261009/candidate-commit-v3.log', LF will be replaced by CRLF the next time Git touches it
warning: in the working copy of 'runs/online-c1-chapter-audit-20261009/candidate-contributor-stack-v2-exit.json', LF will be replaced by CRLF the next time Git touches it
warning: in the working copy of 'runs/online-c1-chapter-audit-20261009/candidate-stage-final-v3-exit.json', LF will be replaced by CRLF the next time Git touches it
warning: in the working copy of 'runs/online-c1-chapter-audit-20261009/candidate-stage-final-v3.log', LF will be replaced by CRLF the next time Git touches it
warning: in the working copy of 'runs/online-c1-chapter-audit-20261009/capture-reader-v2.cjs', LF will be replaced by CRLF the next time Git touches it
warning: in the working copy of 'runs/online-c1-chapter-audit-20261009/capture-reader-v3.py', LF will be replaced by CRLF the next time Git touches it
warning: in the working copy of 'runs/online-c1-chapter-audit-20261009/checkpoint-site-v4.py', LF will be replaced by CRLF the next time Git touches it
warning: in the working copy of 'runs/online-c1-chapter-audit-20261009/common_reader_v6.py', LF will be replaced by CRLF the next time Git touches it
warning: in the working copy of 'runs/online-c1-chapter-audit-20261009/contributor-schema-failure-v2.md', LF will be replaced by CRLF the next time Git touches it
warning: in the working copy of 'runs/online-c1-chapter-audit-20261009/contributor-schema-repair-v2.json', LF will be replaced by CRLF the next time Git touches it
warning: in the working copy of 'runs/online-c1-chapter-audit-20261009/formula-render-v1-browser.json', LF will be replaced by CRLF the next time Git touches it
warning: in the working copy of 'runs/online-c1-chapter-audit-20261009/formula-render-v1-dom.html', LF will be replaced by CRLF the next time Git touches it
warning: in the working copy of 'runs/online-c1-chapter-audit-20261009/formula-render-v1-node-exit.json', LF will be replaced by CRLF the next time Git touches it
warning: in the working copy of 'runs/online-c1-chapter-audit-20261009/formula-render-v1.json', LF will be replaced by CRLF the next time Git touches it
warning: in the working copy of 'runs/online-c1-chapter-audit-20261009/reader-integration-bindings-v3.json', LF will be replaced by CRLF the next time Git touches it
warning: in the working copy of 'runs/online-c1-chapter-audit-20261009/registry-check-v2-exit.json', LF will be replaced by CRLF the next time Git touches it
warning: in the working copy of 'runs/online-c1-chapter-audit-20261009/registry-v2.json', LF will be replaced by CRLF the next time Git touches it
warning: in the working copy of 'runs/online-c1-chapter-audit-20261009/root-reader-pixel-review-v1.json', LF will be replaced by CRLF the next time Git touches it
warning: in the working copy of 'runs/online-c1-chapter-audit-20261009/site-build-v2-exit.json', LF will be replaced by CRLF the next time Git touches it
warning: in the working copy of 'runs/online-c1-chapter-audit-20261009/site-check-v2-exit.json', LF will be replaced by CRLF the next time Git touches it
warning: in the working copy of 'runs/online-c1-chapter-audit-20261009/snapshots/before-contributor-schema-repair-v2.raw', LF will be replaced by CRLF the next time Git touches it
warning: in the working copy of 'runs/online-c1-chapter-audit-20261009/snapshots/before-own-note-clarification-v3-0.raw', LF will be replaced by CRLF the next time Git touches it
warning: in the working copy of 'runs/online-c1-chapter-audit-20261009/snapshots/before-own-note-clarification-v3-1.raw', LF will be replaced by CRLF the next time Git touches it
warning: in the working copy of 'runs/online-c1-chapter-audit-20261009/snapshots/reader-result-own-note-clarification-v3-0.raw', LF will be replaced by CRLF the next time Git touches it
warning: in the working copy of 'runs/online-c1-chapter-audit-20261009/snapshots/reader-result-own-note-clarification-v3-1.raw', LF will be replaced by CRLF the next time Git touches it
warning: in the working copy of 'runs/online-c1-chapter-audit-20261009/verify-registry-v3.py', LF will be replaced by CRLF the next time Git touches it
