runs/online-c1-chapter-audit-20261009/G001-focused-v1.log:9: trailing whitespace.
+  
runs/online-c1-chapter-audit-20261009/G001-focused-v1.log:11: trailing whitespace.
+    
runs/online-c1-chapter-audit-20261009/blind-reconstruction-v1.md:861: new blank line at EOF.
runs/online-c1-chapter-audit-20261009/chapter-canary-blind-reconstruction-v2.md:478: new blank line at EOF.
runs/online-c1-chapter-audit-20261009/chapter-canary-focused-v1.log:727: trailing whitespace.
+  
runs/online-c1-chapter-audit-20261009/chapter-canary-focused-v1.log:729: trailing whitespace.
+    
runs/online-c1-chapter-audit-20261009/chapter-canary-focused-v1.log:734: trailing whitespace.
+  
runs/online-c1-chapter-audit-20261009/chapter-canary-focused-v1.log:736: trailing whitespace.
+    
runs/online-c1-chapter-audit-20261009/chapter-canary-focused-v1.log:897: trailing whitespace.
+  
runs/online-c1-chapter-audit-20261009/chapter-canary-focused-v1.log:899: trailing whitespace.
+    
runs/online-c1-chapter-audit-20261009/chapter-canary-focused-v1.log:1048: trailing whitespace.
+  
runs/online-c1-chapter-audit-20261009/chapter-canary-focused-v1.log:1050: trailing whitespace.
+    
runs/online-c1-chapter-audit-20261009/chapter-canary-focused-v1.log:1219: trailing whitespace.
+  
runs/online-c1-chapter-audit-20261009/chapter-canary-focused-v1.log:1221: trailing whitespace.
+    
runs/online-c1-chapter-audit-20261009/chapter-canary-focused-v1.log:1261: trailing whitespace.
+  
runs/online-c1-chapter-audit-20261009/chapter-canary-focused-v1.log:1263: trailing whitespace.
+    
runs/online-c1-chapter-audit-20261009/chapter-canary-focused-v1.log:1756: trailing whitespace.
+  
runs/online-c1-chapter-audit-20261009/chapter-canary-focused-v1.log:1758: trailing whitespace.
+    
runs/online-c1-chapter-audit-20261009/chapter-canary-focused-v1.log:1807: trailing whitespace.
+  
runs/online-c1-chapter-audit-20261009/chapter-canary-focused-v1.log:1809: trailing whitespace.
+    
runs/online-c1-chapter-audit-20261009/chapter-canary-focused-v2.log:727: trailing whitespace.
+  
runs/online-c1-chapter-audit-20261009/chapter-canary-focused-v2.log:729: trailing whitespace.
+    
runs/online-c1-chapter-audit-20261009/chapter-canary-focused-v2.log:734: trailing whitespace.
+  
runs/online-c1-chapter-audit-20261009/chapter-canary-focused-v2.log:736: trailing whitespace.
+    
runs/online-c1-chapter-audit-20261009/chapter-canary-focused-v2.log:897: trailing whitespace.
+  
runs/online-c1-chapter-audit-20261009/chapter-canary-focused-v2.log:899: trailing whitespace.
+    
runs/online-c1-chapter-audit-20261009/chapter-canary-focused-v2.log:1048: trailing whitespace.
+  
runs/online-c1-chapter-audit-20261009/chapter-canary-focused-v2.log:1050: trailing whitespace.
+    
runs/online-c1-chapter-audit-20261009/chapter-canary-focused-v2.log:1219: trailing whitespace.
+  
runs/online-c1-chapter-audit-20261009/chapter-canary-focused-v2.log:1221: trailing whitespace.
+    
runs/online-c1-chapter-audit-20261009/chapter-canary-focused-v2.log:1261: trailing whitespace.
+  
runs/online-c1-chapter-audit-20261009/chapter-canary-focused-v2.log:1263: trailing whitespace.
+    
runs/online-c1-chapter-audit-20261009/chapter-canary-focused-v2.log:1756: trailing whitespace.
+  
runs/online-c1-chapter-audit-20261009/chapter-canary-focused-v2.log:1758: trailing whitespace.
+    
runs/online-c1-chapter-audit-20261009/chapter-canary-focused-v2.log:1807: trailing whitespace.
+  
runs/online-c1-chapter-audit-20261009/chapter-canary-focused-v2.log:1809: trailing whitespace.
+    
runs/online-c1-chapter-audit-20261009/combined-Tests-v1.log:1310: trailing whitespace.
+  
runs/online-c1-chapter-audit-20261009/combined-Tests-v1.log:1312: trailing whitespace.
+    
runs/online-c1-chapter-audit-20261009/combined-Tests-v1.log:1317: trailing whitespace.
+  
runs/online-c1-chapter-audit-20261009/combined-Tests-v1.log:1319: trailing whitespace.
+    
runs/online-c1-chapter-audit-20261009/combined-Tests-v1.log:1480: trailing whitespace.
+  
runs/online-c1-chapter-audit-20261009/combined-Tests-v1.log:1482: trailing whitespace.
+    
runs/online-c1-chapter-audit-20261009/combined-Tests-v1.log:1631: trailing whitespace.
+  
runs/online-c1-chapter-audit-20261009/combined-Tests-v1.log:1633: trailing whitespace.
+    
runs/online-c1-chapter-audit-20261009/combined-Tests-v1.log:1802: trailing whitespace.
+  
runs/online-c1-chapter-audit-20261009/combined-Tests-v1.log:1804: trailing whitespace.
+    
runs/online-c1-chapter-audit-20261009/combined-Tests-v1.log:1844: trailing whitespace.
+  
runs/online-c1-chapter-audit-20261009/combined-Tests-v1.log:1846: trailing whitespace.
+    
runs/online-c1-chapter-audit-20261009/combined-Tests-v1.log:2339: trailing whitespace.
+  
runs/online-c1-chapter-audit-20261009/combined-Tests-v1.log:2341: trailing whitespace.
+    
runs/online-c1-chapter-audit-20261009/combined-Tests-v1.log:2390: trailing whitespace.
+  
runs/online-c1-chapter-audit-20261009/combined-Tests-v1.log:2392: trailing whitespace.
+    
runs/online-c1-chapter-audit-20261009/combined-Tests-v1.log:6832: trailing whitespace.
+  
runs/online-c1-chapter-audit-20261009/combined-Tests-v1.log:6834: trailing whitespace.
+    
runs/online-c1-chapter-audit-20261009/combined-full-harness-v1.log:513: trailing whitespace.
+  
runs/online-c1-chapter-audit-20261009/combined-full-harness-v1.log:515: trailing whitespace.
+    
runs/online-c1-chapter-audit-20261009/combined-full-harness-v1.log:848: trailing whitespace.
+  
runs/online-c1-chapter-audit-20261009/combined-full-harness-v1.log:850: trailing whitespace.
+    
runs/online-c1-chapter-audit-20261009/combined-full-harness-v1.log:1099: trailing whitespace.
+  
runs/online-c1-chapter-audit-20261009/combined-full-harness-v1.log:1101: trailing whitespace.
+    
runs/online-c1-chapter-audit-20261009/combined-full-harness-v1.log:1141: trailing whitespace.
+  
runs/online-c1-chapter-audit-20261009/combined-full-harness-v1.log:1143: trailing whitespace.
+    
runs/online-c1-chapter-audit-20261009/combined-full-harness-v1.log:1677: trailing whitespace.
+  
runs/online-c1-chapter-audit-20261009/combined-full-harness-v1.log:1679: trailing whitespace.
+    
runs/online-c1-chapter-audit-20261009/combined-full-harness-v1.log:1684: trailing whitespace.
+  
runs/online-c1-chapter-audit-20261009/combined-full-harness-v1.log:1686: trailing whitespace.
+    
runs/online-c1-chapter-audit-20261009/combined-full-harness-v1.log:1749: trailing whitespace.
+  
runs/online-c1-chapter-audit-20261009/combined-full-harness-v1.log:1751: trailing whitespace.
+    
runs/online-c1-chapter-audit-20261009/combined-full-harness-v1.log:1800: trailing whitespace.
+  
runs/online-c1-chapter-audit-20261009/combined-full-harness-v1.log:1802: trailing whitespace.
+    
runs/online-c1-chapter-audit-20261009/combined-full-harness-v1.log:3674: trailing whitespace.
+  
runs/online-c1-chapter-audit-20261009/combined-full-harness-v1.log:3676: trailing whitespace.
+    
runs/online-c1-chapter-audit-20261009/combined-full-harness-v1.log:3681: trailing whitespace.
+  
runs/online-c1-chapter-audit-20261009/combined-full-harness-v1.log:3683: trailing whitespace.
+    
runs/online-c1-chapter-audit-20261009/combined-full-harness-v1.log:3844: trailing whitespace.
+  
runs/online-c1-chapter-audit-20261009/combined-full-harness-v1.log:3846: trailing whitespace.
+    
runs/online-c1-chapter-audit-20261009/combined-full-harness-v1.log:3995: trailing whitespace.
+  
runs/online-c1-chapter-audit-20261009/combined-full-harness-v1.log:3997: trailing whitespace.
+    
runs/online-c1-chapter-audit-20261009/combined-full-harness-v1.log:4166: trailing whitespace.
+  
runs/online-c1-chapter-audit-20261009/combined-full-harness-v1.log:4168: trailing whitespace.
+    
runs/online-c1-chapter-audit-20261009/combined-full-harness-v1.log:4208: trailing whitespace.
+  
runs/online-c1-chapter-audit-20261009/combined-full-harness-v1.log:4210: trailing whitespace.
+    
runs/online-c1-chapter-audit-20261009/combined-full-harness-v1.log:4703: trailing whitespace.
+  
runs/online-c1-chapter-audit-20261009/combined-full-harness-v1.log:4705: trailing whitespace.
+    
runs/online-c1-chapter-audit-20261009/combined-full-harness-v1.log:4754: trailing whitespace.
+  
runs/online-c1-chapter-audit-20261009/combined-full-harness-v1.log:4756: trailing whitespace.
+    
runs/online-c1-chapter-audit-20261009/combined-full-harness-v1.log:9196: trailing whitespace.
+  
runs/online-c1-chapter-audit-20261009/combined-full-harness-v1.log:9198: trailing whitespace.
+    
runs/online-c1-chapter-audit-20261009/combined-root-v1.log:570: trailing whitespace.
+  
runs/online-c1-chapter-audit-20261009/combined-root-v1.log:572: trailing whitespace.
+    
runs/online-c1-chapter-audit-20261009/combined-root-v1.log:721: trailing whitespace.
+  
runs/online-c1-chapter-audit-20261009/combined-root-v1.log:723: trailing whitespace.
+    
runs/online-c1-chapter-audit-20261009/combined-root-v1.log:1098: trailing whitespace.
+  
runs/online-c1-chapter-audit-20261009/combined-root-v1.log:1100: trailing whitespace.
+    
runs/online-c1-chapter-audit-20261009/combined-root-v1.log:1140: trailing whitespace.
+  
runs/online-c1-chapter-audit-20261009/combined-root-v1.log:1142: trailing whitespace.
+    
runs/online-c1-chapter-audit-20261009/combined-root-v1.log:1691: trailing whitespace.
+  
runs/online-c1-chapter-audit-20261009/combined-root-v1.log:1693: trailing whitespace.
+    
runs/online-c1-chapter-audit-20261009/combined-root-v1.log:1698: trailing whitespace.
+  
runs/online-c1-chapter-audit-20261009/combined-root-v1.log:1700: trailing whitespace.
+    
runs/online-c1-chapter-audit-20261009/combined-root-v1.log:1748: trailing whitespace.
+  
runs/online-c1-chapter-audit-20261009/combined-root-v1.log:1750: trailing whitespace.
+    
runs/online-c1-chapter-audit-20261009/combined-root-v1.log:1799: trailing whitespace.
+  
runs/online-c1-chapter-audit-20261009/combined-root-v1.log:1801: trailing whitespace.
+    
runs/online-c1-chapter-audit-20261009/shared-root-general-init-v1.log:570: trailing whitespace.
+  
runs/online-c1-chapter-audit-20261009/shared-root-general-init-v1.log:572: trailing whitespace.
+    
runs/online-c1-chapter-audit-20261009/shared-root-general-init-v1.log:927: trailing whitespace.
+  
runs/online-c1-chapter-audit-20261009/shared-root-general-init-v1.log:929: trailing whitespace.
+    
runs/online-c1-chapter-audit-20261009/shared-root-general-init-v1.log:1098: trailing whitespace.
+  
runs/online-c1-chapter-audit-20261009/shared-root-general-init-v1.log:1100: trailing whitespace.
+    
runs/online-c1-chapter-audit-20261009/shared-root-general-init-v1.log:1140: trailing whitespace.
+  
runs/online-c1-chapter-audit-20261009/shared-root-general-init-v1.log:1142: trailing whitespace.
+    
runs/online-c1-chapter-audit-20261009/shared-root-general-init-v1.log:1706: trailing whitespace.
+  
runs/online-c1-chapter-audit-20261009/shared-root-general-init-v1.log:1708: trailing whitespace.
+    
runs/online-c1-chapter-audit-20261009/shared-root-general-init-v1.log:1713: trailing whitespace.
+  
runs/online-c1-chapter-audit-20261009/shared-root-general-init-v1.log:1715: trailing whitespace.
+    
runs/online-c1-chapter-audit-20261009/shared-root-general-init-v1.log:1748: trailing whitespace.
+  
runs/online-c1-chapter-audit-20261009/shared-root-general-init-v1.log:1750: trailing whitespace.
+    
runs/online-c1-chapter-audit-20261009/shared-root-general-init-v1.log:1799: trailing whitespace.
+  
runs/online-c1-chapter-audit-20261009/shared-root-general-init-v1.log:1801: trailing whitespace.
+    
runs/online-c1-chapter-audit-20261009/start-worktrees-v1.log:32: new blank line at EOF.
