warning: in the working copy of 'website/content/readings.json', LF will be replaced by CRLF the next time Git touches it
warning: in the working copy of 'runs/online-c1-chapter-audit-20261009/candidate-commit-v2-exit.json', LF will be replaced by CRLF the next time Git touches it
warning: in the working copy of 'runs/online-c1-chapter-audit-20261009/candidate-commit-v2.log', LF will be replaced by CRLF the next time Git touches it
warning: in the working copy of 'runs/online-c1-chapter-audit-20261009/candidate-stage-final-v2-exit.json', LF will be replaced by CRLF the next time Git touches it
warning: in the working copy of 'runs/online-c1-chapter-audit-20261009/candidate-stage-final-v2.log', LF will be replaced by CRLF the next time Git touches it
warning: in the working copy of 'runs/online-c1-chapter-audit-20261009/capture-reader-v1.cjs', LF will be replaced by CRLF the next time Git touches it
warning: in the working copy of 'runs/online-c1-chapter-audit-20261009/capture-reader-v1.py', LF will be replaced by CRLF the next time Git touches it
warning: in the working copy of 'runs/online-c1-chapter-audit-20261009/capture-reader-v2.py', LF will be replaced by CRLF the next time Git touches it
warning: in the working copy of 'runs/online-c1-chapter-audit-20261009/checkpoint-site-v3.py', LF will be replaced by CRLF the next time Git touches it
warning: in the working copy of 'runs/online-c1-chapter-audit-20261009/common_reader_v5.py', LF will be replaced by CRLF the next time Git touches it
warning: in the working copy of 'runs/online-c1-chapter-audit-20261009/help-own-export-proof-v1-exit.json', LF will be replaced by CRLF the next time Git touches it
warning: in the working copy of 'runs/online-c1-chapter-audit-20261009/native-scoped-export-v2.py', LF will be replaced by CRLF the next time Git touches it
warning: in the working copy of 'runs/online-c1-chapter-audit-20261009/own-proof-export-mutation-v1.json', LF will be replaced by CRLF the next time Git touches it
warning: in the working copy of 'runs/online-c1-chapter-audit-20261009/own-proof-export-skeleton-v1-exit.json', LF will be replaced by CRLF the next time Git touches it
warning: in the working copy of 'runs/online-c1-chapter-audit-20261009/proof-export/ONLINE-C1-CHAPTER-AUDIT-20261009/compiled-proof-v1.md', LF will be replaced by CRLF the next time Git touches it
warning: in the working copy of 'runs/online-c1-chapter-audit-20261009/proof-export/ONLINE-C1-CHAPTER-AUDIT-20261009/compiled-proof-v1.tex', LF will be replaced by CRLF the next time Git touches it
warning: in the working copy of 'runs/online-c1-chapter-audit-20261009/reader-integration-bindings-v2.json', LF will be replaced by CRLF the next time Git touches it
warning: in the working copy of 'runs/online-c1-chapter-audit-20261009/site-build-failure-v1.md', LF will be replaced by CRLF the next time Git touches it
warning: in the working copy of 'runs/online-c1-chapter-audit-20261009/site-build-v1-exit.json', LF will be replaced by CRLF the next time Git touches it
warning: in the working copy of 'runs/online-c1-chapter-audit-20261009/snapshots/before-reader-route-repair-v2.raw', LF will be replaced by CRLF the next time Git touches it
warning: in the working copy of 'runs/online-c1-chapter-audit-20261009/snapshots/reader-result-candidate-route-repair-v2.raw', LF will be replaced by CRLF the next time Git touches it
warning: in the working copy of 'runs/online-c1-chapter-audit-20261009/verify-registry-v2.py', LF will be replaced by CRLF the next time Git touches it
