squaredBestRegret (fun x => 1) (ftlPredict 0 fun x => 1) 1 = 1 ∧
  squaredBestRegret (fun x => 1) (ftlPredict 0 fun x => 1) 1 > 1 / 4 : Prop
squaredBestRegret falling (ftlPredict 0 falling) 2 = squaredBestRegret falling (meanPredict falling) 2 + 3 / 4 : Prop
squaredBestRegret rising (ftlPredict 0 rising) 2 = 1 / 2 ∧
  squaredBestRegret rising (meanPredict rising) 2 = 3 / 4 ∧ (0 - rising 0) ^ 2 - (1 / 2 - rising 0) ^ 2 = -1 / 4 : Prop
squaredBestRegret falling (ftlPredict 0 falling) 2 = 3 / 2 ∧
  squaredBestRegret falling (ftlPredict 0 falling) 2 ≤ 3 ∧
    squaredBestRegret (fun x => 1) (ftlPredict 0 fun x => 1) 1 ≤ 1 : Prop
ftlState 0 rising 1 = ftlState 0 (fun x => 0) 1 ∧ rising 1 ≠ 0 ∧ ftlState 0 rising 2 ≠ ftlState 0 (fun x => 0) 2 : Prop
ftlState (3 / 4) rising 0 = (0, 3 / 4) ∧
  ftlState (3 / 4) rising 1 = (1, 0) ∧ ftlState (3 / 4) rising 2 = (2, 1 / 2) : Prop
∀ initial ∈ Set.Icc 0 1,
  NoRegret (Set.Icc 0 1) (fun t x => (x - dyadicObservation t) ^ 2) (ftlPredict initial dyadicObservation) : Prop
Tendsto (fun T => squaredBestRegret dyadicObservation (ftlPredict (3 / 4) dyadicObservation) T / ↑T) atTop
  (nhds 0) : Prop
squaredBestRegret (fun x => 3) (ftlPredict 2 fun x => 3) 1 =
  squaredBestRegret (fun x => 3) (meanPredict fun x => 3) 1 - 21 / 4 : Prop
squaredBestRegret falling (ftlPredict 0 falling) 0 = 0 ∧
  squaredBestRegret falling (meanPredict falling) 0 = 0 ∧ (0 - falling 0) ^ 2 - (1 / 2 - falling 0) ^ 2 = 3 / 4 : Prop
comparatorRegret (fun t x => (x - falling t) ^ 2) (ftlPredict 0 falling) 0 2 = 1 ∧
  squaredBestRegret falling (ftlPredict 0 falling) 2 = 3 / 2 : Prop
Var[observation 0; iidLaw] = 1 / 4 ∧
  expectedFixedRegret iidLaw observation (fun t ω => meanPredict ω t) 2 = 1 / 4 ∧
    expectedFixedRegret iidLaw observation (fun t ω => meanPredict ω t) 2 / 2 = 1 / 8 : Prop
IsLeast ((fun u => ∫ (ω : ℕ → ℝ), ∑ t ∈ Finset.range 2, (u - observation t ω) ^ 2 ∂iidLaw) '' Set.Icc 0 1) (1 / 2) ∧
  expectedFixedRegret iidLaw observation (fun x x_1 => 1 / 2) 2 = 0 : Prop
∫ (ω : ℕ → ℝ), hindsightMinimum ω 2 ∂iidLaw = 1 / 4 ∧ expectedFixedMinimum iidLaw observation 2 = 1 / 2 : Prop
Tendsto (fun T => expectedFixedRegret iidLaw observation (fun t ω => meanPredict ω t) T / ↑T) atTop (nhds 0) ∧
  (fun T => expectedFixedRegret iidLaw observation (fun t ω => meanPredict ω t) T) =o[atTop] fun T => ↑T : Prop
↑(RegretDomainsProbe.output 0) ∈ RegretDomainsProbe.outputW ∧
  ↑(RegretDomainsProbe.output 0) ∉ RegretDomainsProbe.sourceV ∧
    comparatorRegret RegretDomainsProbe.domainLoss RegretDomainsProbe.output RegretDomainsProbe.referenceOne 2 = -2 ∧
      comparatorRegret (fun t x => 2 * RegretDomainsProbe.domainLoss t x) RegretDomainsProbe.output
          RegretDomainsProbe.referenceOne 2 =
        -4 : Prop
empiricalMean rising 2 = 1 / 2 ∧
  sInf ((fun u => ∑ t ∈ Finset.range 2, (u - rising t) ^ 2) '' Set.Icc 0 1) = 1 / 2 ∧
    ∀ u ∈ Set.Icc 0 1, ∑ t ∈ Finset.range 0, (u - rising t) ^ 2 = 0 : Prop
∀ (u : ℝ),
  ∑ t ∈ Finset.range 2, (u - rising t) ^ 2 ≤ ∑ t ∈ Finset.range 2, (empiricalMean rising 2 - rising t) ^ 2 →
    u = 1 / 2 : Prop
∑ t ∈ Finset.range 2, ChapterOneCase0.demoLoss t (ChapterOneCase0.demoLeader (t + 1)) = -2 ∧
  ∑ t ∈ Finset.range 2, ChapterOneCase0.demoLoss t (ChapterOneCase0.demoLeader 2) = 0 ∧
    ∑ t ∈ Finset.range 2, ChapterOneCase0.demoLoss t (ChapterOneCase0.demoLeader (t + 1)) ≤
      ∑ t ∈ Finset.range 2, ChapterOneCase0.demoLoss t (ChapterOneCase0.demoLeader 2) : Prop
squaredBestRegret rising (meanPredict rising) 2 = 3 / 4 ∧
  squaredBestRegret rising (meanPredict rising) 2 ≤ 9 / 4 ∧
    squaredBestRegret rising (meanPredict rising) 2 ≤ 4 + 4 * Real.log 2 : Prop
(meanPredict rising 1 - rising 1) ^ 2 - (meanPredict rising 2 - rising 1) ^ 2 = 3 / 4 ∧
  (meanPredict rising 1 - rising 1) ^ 2 - (meanPredict rising 2 - rising 1) ^ 2 ≤ 4 / (1 + 1) : Prop
(∀ (T : ℕ),
    expectedFixedRegret OnlineGuessingKernelCausal.gameLaw OnlineGuessingKernelCausal.target
        (fun t ω => ↑(OnlineGuessingKernelCausal.prediction t ω)) T =
      ↑T / 4) ∧
  ((OnlineGuessingKernelCausal.decisionKernel 1) (OnlineGuessingKernelCausal.oneHistory 0 1)) {1} = 1 / 4 ∧
    ((OnlineGuessingKernelCausal.decisionKernel 1) (OnlineGuessingKernelCausal.oneHistory 1 1)) {1} = 3 / 4 : Prop
expectedFixedRegret iidLaw (fun x => observation 0) (fun t ω => meanPredict (fun x => observation 0 ω) t) 2 = -1 / 4 ∧
  expectedFixedRegret iidLaw observation (fun t ω => meanPredict ω t) 2 = 1 / 4 : Prop
NoRegret (Set.Icc 0 1) (fun t x => (x - dyadicObservation t) ^ 2) (meanPredict dyadicObservation) ∧
  Tendsto (fun T => squaredBestRegret dyadicObservation (meanPredict dyadicObservation) T / ↑T) atTop (nhds 0) ∧
    (¬∃ a,
          Tendsto
            (fun T =>
              comparatorRegret (fun t x => (x - dyadicObservation t) ^ 2) (meanPredict dyadicObservation) 0 T / ↑T)
            atTop (nhds a)) ∧
      ¬LimitNoRegret (Set.Icc 0 1) (fun t x => (x - dyadicObservation t) ^ 2) (meanPredict dyadicObservation) : Prop
∃ v,
  Real.log 4 / 6 ≤
    ∫ (b : Bool),
      GuessingLower.pathRegret (GuessingLogLowerProbe.seededPolicy b) v.toList ∂GuessingLogLowerProbe.coinMeasure : Prop
↑(harmonic 2) = 3 / 2 ∧ ↑(harmonic 2) ≤ 1 + Real.log 2 : Prop
((fun T => 5 + 3 * ↑T - ↑T * 3) =o[atTop] fun T => ↑T) ∧ (5 + 3 * 0) / 0 - 3 = -3 : Prop
