{
  "time": "2026-10-09T02:39:32+00:00",
  "task": "ONLINE-C1-CHAPTER-AUDIT-20261009",
  "role": "lower",
  "kind": "build",
  "status": "compiled",
  "notes": "Actual focused old public build,50 named TYPE/VALUE and standard axiom outputs,73 selected compiler nodes and50 native statement/safe checks; dependencies only, zero new proofs/source closures.",
  "lean": "",
  "source": "",
  "run_id": "online-c1-chapter-audit-20261009",
  "changed_files": [],
  "statement_hash": "",
  "parent_id": "",
  "route_fingerprint": "",
  "verifier_evidence": [
    "E:\\ABRL\\worktrees\\research-online-book\\runs\\online-c1-chapter-audit-20261009\\compiled-readiness-v1.json",
    "E:\\ABRL\\worktrees\\research-online-book\\runs\\online-c1-chapter-audit-20261009\\public-fence-audit-v2.json"
  ],
  "harness": "",
  "experiment_id": "",
  "target_fingerprint": "",
  "route_packet_hash": "",
  "attempt_id": "C1-EXISTING-READINESS-V1",
  "worker_id": "",
  "progress_class": "retrieval-reuse",
  "reviewer_validated": false,
  "obligations_before": 0,
  "obligations_after": 0,
  "new_declarations": [],
  "reused_declarations": [],
  "dag_nodes": 0,
  "dag_depth": 0,
  "elapsed_seconds": 0.0,
  "lean_check_seconds": 0.0,
  "prompt_chars": 0,
  "input_tokens": 0,
  "output_tokens": 0,
  "error_signature": ""
}
