{
  "time": "2026-10-09T02:39:32+00:00",
  "task": "ONLINE-C1-CHAPTER-AUDIT-20261009",
  "role": "upper",
  "kind": "plan",
  "status": "executed",
  "notes": "Whole Chapter1 current source reconciliation selected. No source/target weakened; source inventory and any-init concern pending distinct review. 16 is source-object audit count, proof total unknown, no closure.",
  "lean": "",
  "source": "",
  "run_id": "online-c1-chapter-audit-20261009",
  "changed_files": [],
  "statement_hash": "",
  "parent_id": "",
  "route_fingerprint": "",
  "verifier_evidence": [
    "E:\\ABRL\\worktrees\\research-online-book\\runs\\online-c1-chapter-audit-20261009\\source-contract-review-inputs-v1.json"
  ],
  "harness": "",
  "experiment_id": "",
  "target_fingerprint": "",
  "route_packet_hash": "",
  "attempt_id": "C1-INVENTORY-DRAFT-V1",
  "worker_id": "",
  "progress_class": "diagnostic",
  "reviewer_validated": false,
  "obligations_before": 0,
  "obligations_after": 0,
  "new_declarations": [],
  "reused_declarations": [],
  "dag_nodes": 0,
  "dag_depth": 0,
  "elapsed_seconds": 0.0,
  "lean_check_seconds": 0.0,
  "prompt_chars": 0,
  "input_tokens": 0,
  "output_tokens": 0,
  "error_signature": ""
}
