{
  "id": "mem-09a11fc269062f2e",
  "created_at": "2026-10-09T02:39:32+00:00",
  "type": "source_fact",
  "task": "ONLINE-C1-CHAPTER-AUDIT-20261009",
  "provenance": {
    "kind": "local_first_retrieval",
    "reference": "E:\\ABRL\\worktrees\\research-online-book\\runs\\online-c1-chapter-audit-20261009\\compiled-readiness-v1.json"
  },
  "assumptions": [],
  "declaration": "",
  "file": "",
  "status": "verified",
  "verifier_evidence": [
    "E:\\ABRL\\worktrees\\research-online-book\\runs\\online-c1-chapter-audit-20261009\\named-public-readiness-v1.lean"
  ],
  "supersession": {
    "supersedes": [],
    "reason": ""
  },
  "roles": [],
  "details": {
    "query": "Complete Chapter1 current source mapping / actual shared public declarations and pinned mathlib harmonic",
    "search_order": [
      "local declarations",
      "ABRL theorem cards",
      "Mathlib cards"
    ],
    "candidates": [
      "BanditRL.OnlineLearning.GuessingLower.randomized_log_lower",
      "BanditRL.OnlineLearning.ae_predictable_private_seed_expectedFixed_excess",
      "BanditRL.OnlineLearning.causal_kernel_realization_and_expectedFixed_excess",
      "BanditRL.OnlineLearning.centered_total_sublinear_iff_average",
      "BanditRL.OnlineLearning.comparatorRegret_eq_sum",
      "BanditRL.OnlineLearning.comparatorRegret_le_squaredBestRegret",
      "BanditRL.OnlineLearning.completed_predictable_private_seed_expectedFixed_excess",
      "BanditRL.OnlineLearning.completed_predictable_private_seed_independent",
      "BanditRL.OnlineLearning.constant_mean_expectedFixed_excess_zero",
      "BanditRL.OnlineLearning.dyadic_meanPredict_obstruction",
      "BanditRL.OnlineLearning.empiricalMean_decomposition",
      "BanditRL.OnlineLearning.empiricalMean_mem",
      "BanditRL.OnlineLearning.empiricalMean_minimizes",
      "BanditRL.OnlineLearning.empiricalMean_unique",
      "BanditRL.OnlineLearning.empiricalMean_update",
      "BanditRL.OnlineLearning.expectedFixedMinimum_eq_variance",
      "BanditRL.OnlineLearning.expected_fixed_prefix_decomposition",
      "BanditRL.OnlineLearning.expected_fixed_prefix_minimum",
      "BanditRL.OnlineLearning.ftlPredict_half",
      "BanditRL.OnlineLearning.ftlPredict_mem",
      "BanditRL.OnlineLearning.ftlPredict_prefix",
      "BanditRL.OnlineLearning.ftlState_eq_predict",
      "BanditRL.OnlineLearning.ftlState_first",
      "BanditRL.OnlineLearning.ftlState_half",
      "BanditRL.OnlineLearning.ftlState_mem",
      "BanditRL.OnlineLearning.ftlState_prefix",
      "BanditRL.OnlineLearning.guessing_prefix_minimum",
      "BanditRL.OnlineLearning.history_policy_normalized_expectedFixed_excess",
      "BanditRL.OnlineLearning.lemma_1_2",
      "BanditRL.OnlineLearning.limitNoRegret_iff_noRegret_of_converges",
      "BanditRL.OnlineLearning.limitNoRegret_implies_noRegret",
      "BanditRL.OnlineLearning.meanPredict_bestRegret_average_tendsto_zero",
      "BanditRL.OnlineLearning.meanPredict_bestRegret_bound",
      "BanditRL.OnlineLearning.meanPredict_bestRegret_refined",
      "BanditRL.OnlineLearning.meanPredict_iid_success",
      "BanditRL.OnlineLearning.meanPredict_initial_stability",
      "BanditRL.OnlineLearning.meanPredict_limitNoRegret_iff_mean_converges",
      "BanditRL.OnlineLearning.meanPredict_mem",
      "BanditRL.OnlineLearning.meanPredict_noRegret",
      "BanditRL.OnlineLearning.meanPredict_prefix",
      "BanditRL.OnlineLearning.meanPredict_regret_refined",
      "BanditRL.OnlineLearning.meanPredict_stability",
      "BanditRL.OnlineLearning.normalized_excess",
      "BanditRL.OnlineLearning.randomized_history_policy_expectedFixed_excess",
      "BanditRL.OnlineLearning.randomized_history_policy_independent",
      "BanditRL.OnlineLearning.randomized_history_policy_success_iff",
      "BanditRL.OnlineLearning.squaredBestRegret_eq_comparatorRegret",
      "BanditRL.OnlineLearning.squaredLoss_minimum_eq",
      "BanditRL.OnlineLearning.theorem_1_3",
      "harmonic_le_one_add_log"
    ],
    "rejections": [],
    "compiled_scratch": "E:\\ABRL\\worktrees\\research-online-book\\runs\\online-c1-chapter-audit-20261009\\named-public-readiness-v1.lean"
  }
}
