{
  "schema_version": 1,
  "entry_id": "entry-0b893eebcbbe7189",
  "session_id": "ONLINE-C1-CHAPTER-AUDIT-20261009",
  "sequence": 0,
  "parent_id": "",
  "event_type": "draft",
  "created_at": "2026-10-09T02:39:31+00:00",
  "payload": {
    "run_id": "online-c1-chapter-audit-20261009",
    "source_fingerprint": "25760dc4ee5b99b54dcc3bd9f255bc3ef39263862bf19411ca93ae9ead47b150",
    "exact_old_targets": 50,
    "source_objects": 16,
    "source_review_pending": true,
    "new_math": 0,
    "source_accepted": 0,
    "chapter_complete": false,
    "goal_complete": false,
    "workflow_enforcement": "native deterministic record only; semantic role/stage conventions separate"
  }
}
