{
  "time": "2026-10-09T04:56:00+00:00",
  "task": "ONLINE-C1-CHAPTER-AUDIT-20261009",
  "role": "reviewer",
  "kind": "review",
  "status": "accepted",
  "notes": "Formalizer records distinct post-native/current10pixels/published14567head review accepted-with-explicit-delta. Source17 Chapter1 local gate status authorized; no new mathematical proof/count or wholeGoal/main/live claim. Final metadata commit/push requires one short exact-head check before Chapter2.",
  "lean": "",
  "source": "",
  "run_id": "online-c1-chapter-audit-20261009",
  "changed_files": [],
  "statement_hash": "",
  "parent_id": "",
  "route_fingerprint": "",
  "verifier_evidence": [
    "E:\\ABRL\\worktrees\\research-online-book\\runs\\online-c1-chapter-audit-20261009\\post-native-receipt-v1.json",
    "E:\\ABRL\\worktrees\\research-online-book\\runs\\online-c1-chapter-audit-20261009\\post-native-review-v1.md"
  ],
  "harness": "",
  "experiment_id": "",
  "target_fingerprint": "",
  "route_packet_hash": "",
  "attempt_id": "C1-POST-NATIVE-DELIVERY-V1",
  "worker_id": "",
  "progress_class": "diagnostic",
  "reviewer_validated": true,
  "obligations_before": 0,
  "obligations_after": 0,
  "new_declarations": [],
  "reused_declarations": [],
  "dag_nodes": 0,
  "dag_depth": 0,
  "elapsed_seconds": 0.0,
  "lean_check_seconds": 0.0,
  "prompt_chars": 0,
  "input_tokens": 0,
  "output_tokens": 0,
  "error_signature": ""
}
