runs/online-c1-chapter-audit-20261009/G001-focused-v1.log:9: trailing whitespace.
+  
runs/online-c1-chapter-audit-20261009/G001-focused-v1.log:11: trailing whitespace.
+    
runs/online-c1-chapter-audit-20261009/blind-reconstruction-v1.md:861: new blank line at EOF.
runs/online-c1-chapter-audit-20261009/candidate-full-diff-check-v1.log:2: trailing whitespace.
++  
runs/online-c1-chapter-audit-20261009/candidate-full-diff-check-v1.log:4: trailing whitespace.
++    
runs/online-c1-chapter-audit-20261009/candidate-full-diff-check-v1.log:8: trailing whitespace.
++  
runs/online-c1-chapter-audit-20261009/candidate-full-diff-check-v1.log:10: trailing whitespace.
++    
runs/online-c1-chapter-audit-20261009/candidate-full-diff-check-v1.log:12: trailing whitespace.
++  
runs/online-c1-chapter-audit-20261009/candidate-full-diff-check-v1.log:14: trailing whitespace.
++    
runs/online-c1-chapter-audit-20261009/candidate-full-diff-check-v1.log:16: trailing whitespace.
++  
runs/online-c1-chapter-audit-20261009/candidate-full-diff-check-v1.log:18: trailing whitespace.
++    
runs/online-c1-chapter-audit-20261009/candidate-full-diff-check-v1.log:20: trailing whitespace.
++  
runs/online-c1-chapter-audit-20261009/candidate-full-diff-check-v1.log:22: trailing whitespace.
++    
runs/online-c1-chapter-audit-20261009/candidate-full-diff-check-v1.log:24: trailing whitespace.
++  
runs/online-c1-chapter-audit-20261009/candidate-full-diff-check-v1.log:26: trailing whitespace.
++    
runs/online-c1-chapter-audit-20261009/candidate-full-diff-check-v1.log:28: trailing whitespace.
++  
runs/online-c1-chapter-audit-20261009/candidate-full-diff-check-v1.log:30: trailing whitespace.
++    
runs/online-c1-chapter-audit-20261009/candidate-full-diff-check-v1.log:32: trailing whitespace.
++  
runs/online-c1-chapter-audit-20261009/candidate-full-diff-check-v1.log:34: trailing whitespace.
++    
runs/online-c1-chapter-audit-20261009/candidate-full-diff-check-v1.log:36: trailing whitespace.
++  
runs/online-c1-chapter-audit-20261009/candidate-full-diff-check-v1.log:38: trailing whitespace.
++    
runs/online-c1-chapter-audit-20261009/candidate-full-diff-check-v1.log:40: trailing whitespace.
++  
runs/online-c1-chapter-audit-20261009/candidate-full-diff-check-v1.log:42: trailing whitespace.
++    
runs/online-c1-chapter-audit-20261009/candidate-full-diff-check-v1.log:44: trailing whitespace.
++  
runs/online-c1-chapter-audit-20261009/candidate-full-diff-check-v1.log:46: trailing whitespace.
++    
runs/online-c1-chapter-audit-20261009/candidate-full-diff-check-v1.log:48: trailing whitespace.
++  
runs/online-c1-chapter-audit-20261009/candidate-full-diff-check-v1.log:50: trailing whitespace.
++    
runs/online-c1-chapter-audit-20261009/candidate-full-diff-check-v1.log:52: trailing whitespace.
++  
runs/online-c1-chapter-audit-20261009/candidate-full-diff-check-v1.log:54: trailing whitespace.
++    
runs/online-c1-chapter-audit-20261009/candidate-full-diff-check-v1.log:56: trailing whitespace.
++  
runs/online-c1-chapter-audit-20261009/candidate-full-diff-check-v1.log:58: trailing whitespace.
++    
runs/online-c1-chapter-audit-20261009/candidate-full-diff-check-v1.log:60: trailing whitespace.
++  
runs/online-c1-chapter-audit-20261009/candidate-full-diff-check-v1.log:62: trailing whitespace.
++    
runs/online-c1-chapter-audit-20261009/candidate-full-diff-check-v1.log:64: trailing whitespace.
++  
runs/online-c1-chapter-audit-20261009/candidate-full-diff-check-v1.log:66: trailing whitespace.
++    
runs/online-c1-chapter-audit-20261009/candidate-full-diff-check-v1.log:68: trailing whitespace.
++  
runs/online-c1-chapter-audit-20261009/candidate-full-diff-check-v1.log:70: trailing whitespace.
++    
runs/online-c1-chapter-audit-20261009/candidate-full-diff-check-v1.log:72: trailing whitespace.
++  
runs/online-c1-chapter-audit-20261009/candidate-full-diff-check-v1.log:74: trailing whitespace.
++    
runs/online-c1-chapter-audit-20261009/candidate-full-diff-check-v1.log:76: trailing whitespace.
++  
runs/online-c1-chapter-audit-20261009/candidate-full-diff-check-v1.log:78: trailing whitespace.
++    
runs/online-c1-chapter-audit-20261009/candidate-full-diff-check-v1.log:80: trailing whitespace.
++  
runs/online-c1-chapter-audit-20261009/candidate-full-diff-check-v1.log:82: trailing whitespace.
++    
runs/online-c1-chapter-audit-20261009/candidate-full-diff-check-v1.log:84: trailing whitespace.
++  
runs/online-c1-chapter-audit-20261009/candidate-full-diff-check-v1.log:86: trailing whitespace.
++    
runs/online-c1-chapter-audit-20261009/candidate-full-diff-check-v1.log:88: trailing whitespace.
++  
runs/online-c1-chapter-audit-20261009/candidate-full-diff-check-v1.log:90: trailing whitespace.
++    
runs/online-c1-chapter-audit-20261009/candidate-full-diff-check-v1.log:92: trailing whitespace.
++  
runs/online-c1-chapter-audit-20261009/candidate-full-diff-check-v1.log:94: trailing whitespace.
++    
runs/online-c1-chapter-audit-20261009/candidate-full-diff-check-v1.log:96: trailing whitespace.
++  
runs/online-c1-chapter-audit-20261009/candidate-full-diff-check-v1.log:98: trailing whitespace.
++    
runs/online-c1-chapter-audit-20261009/candidate-full-diff-check-v1.log:100: trailing whitespace.
++  
runs/online-c1-chapter-audit-20261009/candidate-full-diff-check-v1.log:102: trailing whitespace.
++    
runs/online-c1-chapter-audit-20261009/candidate-full-diff-check-v1.log:104: trailing whitespace.
++  
runs/online-c1-chapter-audit-20261009/candidate-full-diff-check-v1.log:106: trailing whitespace.
++    
runs/online-c1-chapter-audit-20261009/candidate-full-diff-check-v1.log:108: trailing whitespace.
++  
runs/online-c1-chapter-audit-20261009/candidate-full-diff-check-v1.log:110: trailing whitespace.
++    
runs/online-c1-chapter-audit-20261009/candidate-full-diff-check-v1.log:112: trailing whitespace.
++  
runs/online-c1-chapter-audit-20261009/candidate-full-diff-check-v1.log:114: trailing whitespace.
++    
runs/online-c1-chapter-audit-20261009/candidate-full-diff-check-v1.log:116: trailing whitespace.
++  
runs/online-c1-chapter-audit-20261009/candidate-full-diff-check-v1.log:118: trailing whitespace.
++    
runs/online-c1-chapter-audit-20261009/candidate-full-diff-check-v1.log:120: trailing whitespace.
++  
runs/online-c1-chapter-audit-20261009/candidate-full-diff-check-v1.log:122: trailing whitespace.
++    
runs/online-c1-chapter-audit-20261009/candidate-full-diff-check-v1.log:124: trailing whitespace.
++  
runs/online-c1-chapter-audit-20261009/candidate-full-diff-check-v1.log:126: trailing whitespace.
++    
runs/online-c1-chapter-audit-20261009/candidate-full-diff-check-v1.log:128: trailing whitespace.
++  
runs/online-c1-chapter-audit-20261009/candidate-full-diff-check-v1.log:130: trailing whitespace.
++    
runs/online-c1-chapter-audit-20261009/candidate-full-diff-check-v1.log:132: trailing whitespace.
++  
runs/online-c1-chapter-audit-20261009/candidate-full-diff-check-v1.log:134: trailing whitespace.
++    
runs/online-c1-chapter-audit-20261009/candidate-full-diff-check-v1.log:136: trailing whitespace.
++  
runs/online-c1-chapter-audit-20261009/candidate-full-diff-check-v1.log:138: trailing whitespace.
++    
runs/online-c1-chapter-audit-20261009/candidate-full-diff-check-v1.log:140: trailing whitespace.
++  
runs/online-c1-chapter-audit-20261009/candidate-full-diff-check-v1.log:142: trailing whitespace.
++    
runs/online-c1-chapter-audit-20261009/candidate-full-diff-check-v1.log:144: trailing whitespace.
++  
runs/online-c1-chapter-audit-20261009/candidate-full-diff-check-v1.log:146: trailing whitespace.
++    
runs/online-c1-chapter-audit-20261009/candidate-full-diff-check-v1.log:148: trailing whitespace.
++  
runs/online-c1-chapter-audit-20261009/candidate-full-diff-check-v1.log:150: trailing whitespace.
++    
runs/online-c1-chapter-audit-20261009/candidate-full-diff-check-v1.log:152: trailing whitespace.
++  
runs/online-c1-chapter-audit-20261009/candidate-full-diff-check-v1.log:154: trailing whitespace.
++    
runs/online-c1-chapter-audit-20261009/candidate-full-diff-check-v1.log:156: trailing whitespace.
++  
runs/online-c1-chapter-audit-20261009/candidate-full-diff-check-v1.log:158: trailing whitespace.
++    
runs/online-c1-chapter-audit-20261009/candidate-full-diff-check-v1.log:160: trailing whitespace.
++  
runs/online-c1-chapter-audit-20261009/candidate-full-diff-check-v1.log:162: trailing whitespace.
++    
runs/online-c1-chapter-audit-20261009/candidate-full-diff-check-v1.log:164: trailing whitespace.
++  
runs/online-c1-chapter-audit-20261009/candidate-full-diff-check-v1.log:166: trailing whitespace.
++    
runs/online-c1-chapter-audit-20261009/candidate-full-diff-check-v1.log:168: trailing whitespace.
++  
runs/online-c1-chapter-audit-20261009/candidate-full-diff-check-v1.log:170: trailing whitespace.
++    
runs/online-c1-chapter-audit-20261009/candidate-full-diff-check-v1.log:172: trailing whitespace.
++  
runs/online-c1-chapter-audit-20261009/candidate-full-diff-check-v1.log:174: trailing whitespace.
++    
runs/online-c1-chapter-audit-20261009/candidate-full-diff-check-v1.log:176: trailing whitespace.
++  
runs/online-c1-chapter-audit-20261009/candidate-full-diff-check-v1.log:178: trailing whitespace.
++    
runs/online-c1-chapter-audit-20261009/candidate-full-diff-check-v1.log:180: trailing whitespace.
++  
runs/online-c1-chapter-audit-20261009/candidate-full-diff-check-v1.log:182: trailing whitespace.
++    
runs/online-c1-chapter-audit-20261009/candidate-full-diff-check-v1.log:184: trailing whitespace.
++  
runs/online-c1-chapter-audit-20261009/candidate-full-diff-check-v1.log:186: trailing whitespace.
++    
runs/online-c1-chapter-audit-20261009/candidate-full-diff-check-v1.log:188: trailing whitespace.
++  
runs/online-c1-chapter-audit-20261009/candidate-full-diff-check-v1.log:190: trailing whitespace.
++    
runs/online-c1-chapter-audit-20261009/candidate-full-diff-check-v1.log:192: trailing whitespace.
++  
runs/online-c1-chapter-audit-20261009/candidate-full-diff-check-v1.log:194: trailing whitespace.
++    
runs/online-c1-chapter-audit-20261009/candidate-full-diff-check-v1.log:196: trailing whitespace.
++  
runs/online-c1-chapter-audit-20261009/candidate-full-diff-check-v1.log:198: trailing whitespace.
++    
runs/online-c1-chapter-audit-20261009/candidate-full-diff-check-v1.log:200: trailing whitespace.
++  
runs/online-c1-chapter-audit-20261009/candidate-full-diff-check-v1.log:202: trailing whitespace.
++    
runs/online-c1-chapter-audit-20261009/candidate-full-diff-check-v1.log:204: trailing whitespace.
++  
runs/online-c1-chapter-audit-20261009/candidate-full-diff-check-v1.log:206: trailing whitespace.
++    
runs/online-c1-chapter-audit-20261009/candidate-full-diff-check-v1.log:208: trailing whitespace.
++  
runs/online-c1-chapter-audit-20261009/candidate-full-diff-check-v1.log:210: trailing whitespace.
++    
runs/online-c1-chapter-audit-20261009/candidate-full-diff-check-v1.log:212: trailing whitespace.
++  
runs/online-c1-chapter-audit-20261009/candidate-full-diff-check-v1.log:214: trailing whitespace.
++    
runs/online-c1-chapter-audit-20261009/candidate-full-diff-check-v1.log:216: trailing whitespace.
++  
runs/online-c1-chapter-audit-20261009/candidate-full-diff-check-v1.log:218: trailing whitespace.
++    
runs/online-c1-chapter-audit-20261009/candidate-full-diff-check-v1.log:220: trailing whitespace.
++  
runs/online-c1-chapter-audit-20261009/candidate-full-diff-check-v1.log:222: trailing whitespace.
++    
runs/online-c1-chapter-audit-20261009/candidate-full-diff-check-v1.log:224: trailing whitespace.
++  
runs/online-c1-chapter-audit-20261009/candidate-full-diff-check-v1.log:226: trailing whitespace.
++    
runs/online-c1-chapter-audit-20261009/candidate-full-diff-check-v1.log:228: trailing whitespace.
++  
runs/online-c1-chapter-audit-20261009/candidate-full-diff-check-v1.log:230: trailing whitespace.
++    
runs/online-c1-chapter-audit-20261009/candidate-full-diff-check-v1.log:232: trailing whitespace.
++  
runs/online-c1-chapter-audit-20261009/candidate-full-diff-check-v1.log:234: trailing whitespace.
++    
runs/online-c1-chapter-audit-20261009/candidate-full-diff-check-v1.log:236: trailing whitespace.
++  
runs/online-c1-chapter-audit-20261009/candidate-full-diff-check-v1.log:238: trailing whitespace.
++    
runs/online-c1-chapter-audit-20261009/candidate-full-diff-check-v2.log:2: trailing whitespace.
++  
runs/online-c1-chapter-audit-20261009/candidate-full-diff-check-v2.log:4: trailing whitespace.
++    
runs/online-c1-chapter-audit-20261009/candidate-full-diff-check-v2.log:7: trailing whitespace.
+++  
runs/online-c1-chapter-audit-20261009/candidate-full-diff-check-v2.log:9: trailing whitespace.
+++    
runs/online-c1-chapter-audit-20261009/candidate-full-diff-check-v2.log:11: trailing whitespace.
+++  
runs/online-c1-chapter-audit-20261009/candidate-full-diff-check-v2.log:13: trailing whitespace.
+++    
runs/online-c1-chapter-audit-20261009/candidate-full-diff-check-v2.log:15: trailing whitespace.
+++  
runs/online-c1-chapter-audit-20261009/candidate-full-diff-check-v2.log:17: trailing whitespace.
+++    
runs/online-c1-chapter-audit-20261009/candidate-full-diff-check-v2.log:19: trailing whitespace.
+++  
runs/online-c1-chapter-audit-20261009/candidate-full-diff-check-v2.log:21: trailing whitespace.
+++    
runs/online-c1-chapter-audit-20261009/candidate-full-diff-check-v2.log:23: trailing whitespace.
+++  
runs/online-c1-chapter-audit-20261009/candidate-full-diff-check-v2.log:25: trailing whitespace.
+++    
runs/online-c1-chapter-audit-20261009/candidate-full-diff-check-v2.log:27: trailing whitespace.
+++  
runs/online-c1-chapter-audit-20261009/candidate-full-diff-check-v2.log:29: trailing whitespace.
+++    
runs/online-c1-chapter-audit-20261009/candidate-full-diff-check-v2.log:31: trailing whitespace.
+++  
runs/online-c1-chapter-audit-20261009/candidate-full-diff-check-v2.log:33: trailing whitespace.
+++    
runs/online-c1-chapter-audit-20261009/candidate-full-diff-check-v2.log:35: trailing whitespace.
+++  
runs/online-c1-chapter-audit-20261009/candidate-full-diff-check-v2.log:37: trailing whitespace.
+++    
runs/online-c1-chapter-audit-20261009/candidate-full-diff-check-v2.log:39: trailing whitespace.
+++  
runs/online-c1-chapter-audit-20261009/candidate-full-diff-check-v2.log:41: trailing whitespace.
+++    
runs/online-c1-chapter-audit-20261009/candidate-full-diff-check-v2.log:43: trailing whitespace.
+++  
runs/online-c1-chapter-audit-20261009/candidate-full-diff-check-v2.log:45: trailing whitespace.
+++    
runs/online-c1-chapter-audit-20261009/candidate-full-diff-check-v2.log:47: trailing whitespace.
+++  
runs/online-c1-chapter-audit-20261009/candidate-full-diff-check-v2.log:49: trailing whitespace.
+++    
runs/online-c1-chapter-audit-20261009/candidate-full-diff-check-v2.log:51: trailing whitespace.
+++  
runs/online-c1-chapter-audit-20261009/candidate-full-diff-check-v2.log:53: trailing whitespace.
+++    
runs/online-c1-chapter-audit-20261009/candidate-full-diff-check-v2.log:55: trailing whitespace.
+++  
runs/online-c1-chapter-audit-20261009/candidate-full-diff-check-v2.log:57: trailing whitespace.
+++    
runs/online-c1-chapter-audit-20261009/candidate-full-diff-check-v2.log:59: trailing whitespace.
+++  
runs/online-c1-chapter-audit-20261009/candidate-full-diff-check-v2.log:61: trailing whitespace.
+++    
runs/online-c1-chapter-audit-20261009/candidate-full-diff-check-v2.log:63: trailing whitespace.
+++  
runs/online-c1-chapter-audit-20261009/candidate-full-diff-check-v2.log:65: trailing whitespace.
+++    
runs/online-c1-chapter-audit-20261009/candidate-full-diff-check-v2.log:67: trailing whitespace.
+++  
runs/online-c1-chapter-audit-20261009/candidate-full-diff-check-v2.log:69: trailing whitespace.
+++    
runs/online-c1-chapter-audit-20261009/candidate-full-diff-check-v2.log:71: trailing whitespace.
+++  
runs/online-c1-chapter-audit-20261009/candidate-full-diff-check-v2.log:73: trailing whitespace.
+++    
runs/online-c1-chapter-audit-20261009/candidate-full-diff-check-v2.log:75: trailing whitespace.
+++  
runs/online-c1-chapter-audit-20261009/candidate-full-diff-check-v2.log:77: trailing whitespace.
+++    
runs/online-c1-chapter-audit-20261009/candidate-full-diff-check-v2.log:79: trailing whitespace.
+++  
runs/online-c1-chapter-audit-20261009/candidate-full-diff-check-v2.log:81: trailing whitespace.
+++    
runs/online-c1-chapter-audit-20261009/candidate-full-diff-check-v2.log:83: trailing whitespace.
+++  
runs/online-c1-chapter-audit-20261009/candidate-full-diff-check-v2.log:85: trailing whitespace.
+++    
runs/online-c1-chapter-audit-20261009/candidate-full-diff-check-v2.log:87: trailing whitespace.
+++  
runs/online-c1-chapter-audit-20261009/candidate-full-diff-check-v2.log:89: trailing whitespace.
+++    
runs/online-c1-chapter-audit-20261009/candidate-full-diff-check-v2.log:91: trailing whitespace.
+++  
runs/online-c1-chapter-audit-20261009/candidate-full-diff-check-v2.log:93: trailing whitespace.
+++    
runs/online-c1-chapter-audit-20261009/candidate-full-diff-check-v2.log:95: trailing whitespace.
+++  
runs/online-c1-chapter-audit-20261009/candidate-full-diff-check-v2.log:97: trailing whitespace.
+++    
runs/online-c1-chapter-audit-20261009/candidate-full-diff-check-v2.log:99: trailing whitespace.
+++  
runs/online-c1-chapter-audit-20261009/candidate-full-diff-check-v2.log:101: trailing whitespace.
+++    
runs/online-c1-chapter-audit-20261009/candidate-full-diff-check-v2.log:103: trailing whitespace.
+++  
runs/online-c1-chapter-audit-20261009/candidate-full-diff-check-v2.log:105: trailing whitespace.
+++    
runs/online-c1-chapter-audit-20261009/candidate-full-diff-check-v2.log:107: trailing whitespace.
+++  
runs/online-c1-chapter-audit-20261009/candidate-full-diff-check-v2.log:109: trailing whitespace.
+++    
runs/online-c1-chapter-audit-20261009/candidate-full-diff-check-v2.log:111: trailing whitespace.
+++  
runs/online-c1-chapter-audit-20261009/candidate-full-diff-check-v2.log:113: trailing whitespace.
+++    
runs/online-c1-chapter-audit-20261009/candidate-full-diff-check-v2.log:115: trailing whitespace.
+++  
runs/online-c1-chapter-audit-20261009/candidate-full-diff-check-v2.log:117: trailing whitespace.
+++    
runs/online-c1-chapter-audit-20261009/candidate-full-diff-check-v2.log:119: trailing whitespace.
+++  
runs/online-c1-chapter-audit-20261009/candidate-full-diff-check-v2.log:121: trailing whitespace.
+++    
runs/online-c1-chapter-audit-20261009/candidate-full-diff-check-v2.log:123: trailing whitespace.
+++  
runs/online-c1-chapter-audit-20261009/candidate-full-diff-check-v2.log:125: trailing whitespace.
+++    
runs/online-c1-chapter-audit-20261009/candidate-full-diff-check-v2.log:127: trailing whitespace.
+++  
runs/online-c1-chapter-audit-20261009/candidate-full-diff-check-v2.log:129: trailing whitespace.
+++    
runs/online-c1-chapter-audit-20261009/candidate-full-diff-check-v2.log:131: trailing whitespace.
+++  
runs/online-c1-chapter-audit-20261009/candidate-full-diff-check-v2.log:133: trailing whitespace.
+++    
runs/online-c1-chapter-audit-20261009/candidate-full-diff-check-v2.log:135: trailing whitespace.
+++  
runs/online-c1-chapter-audit-20261009/candidate-full-diff-check-v2.log:137: trailing whitespace.
+++    
runs/online-c1-chapter-audit-20261009/candidate-full-diff-check-v2.log:139: trailing whitespace.
+++  
runs/online-c1-chapter-audit-20261009/candidate-full-diff-check-v2.log:141: trailing whitespace.
+++    
runs/online-c1-chapter-audit-20261009/candidate-full-diff-check-v2.log:143: trailing whitespace.
+++  
runs/online-c1-chapter-audit-20261009/candidate-full-diff-check-v2.log:145: trailing whitespace.
+++    
runs/online-c1-chapter-audit-20261009/candidate-full-diff-check-v2.log:147: trailing whitespace.
+++  
runs/online-c1-chapter-audit-20261009/candidate-full-diff-check-v2.log:149: trailing whitespace.
+++    
runs/online-c1-chapter-audit-20261009/candidate-full-diff-check-v2.log:151: trailing whitespace.
+++  
runs/online-c1-chapter-audit-20261009/candidate-full-diff-check-v2.log:153: trailing whitespace.
+++    
runs/online-c1-chapter-audit-20261009/candidate-full-diff-check-v2.log:155: trailing whitespace.
+++  
runs/online-c1-chapter-audit-20261009/candidate-full-diff-check-v2.log:157: trailing whitespace.
+++    
runs/online-c1-chapter-audit-20261009/candidate-full-diff-check-v2.log:159: trailing whitespace.
+++  
runs/online-c1-chapter-audit-20261009/candidate-full-diff-check-v2.log:161: trailing whitespace.
+++    
runs/online-c1-chapter-audit-20261009/candidate-full-diff-check-v2.log:163: trailing whitespace.
+++  
runs/online-c1-chapter-audit-20261009/candidate-full-diff-check-v2.log:165: trailing whitespace.
+++    
runs/online-c1-chapter-audit-20261009/candidate-full-diff-check-v2.log:167: trailing whitespace.
+++  
runs/online-c1-chapter-audit-20261009/candidate-full-diff-check-v2.log:169: trailing whitespace.
+++    
runs/online-c1-chapter-audit-20261009/candidate-full-diff-check-v2.log:171: trailing whitespace.
+++  
runs/online-c1-chapter-audit-20261009/candidate-full-diff-check-v2.log:173: trailing whitespace.
+++    
runs/online-c1-chapter-audit-20261009/candidate-full-diff-check-v2.log:175: trailing whitespace.
+++  
runs/online-c1-chapter-audit-20261009/candidate-full-diff-check-v2.log:177: trailing whitespace.
+++    
runs/online-c1-chapter-audit-20261009/candidate-full-diff-check-v2.log:179: trailing whitespace.
+++  
runs/online-c1-chapter-audit-20261009/candidate-full-diff-check-v2.log:181: trailing whitespace.
+++    
runs/online-c1-chapter-audit-20261009/candidate-full-diff-check-v2.log:183: trailing whitespace.
+++  
runs/online-c1-chapter-audit-20261009/candidate-full-diff-check-v2.log:185: trailing whitespace.
+++    
runs/online-c1-chapter-audit-20261009/candidate-full-diff-check-v2.log:187: trailing whitespace.
+++  
runs/online-c1-chapter-audit-20261009/candidate-full-diff-check-v2.log:189: trailing whitespace.
+++    
runs/online-c1-chapter-audit-20261009/candidate-full-diff-check-v2.log:191: trailing whitespace.
+++  
runs/online-c1-chapter-audit-20261009/candidate-full-diff-check-v2.log:193: trailing whitespace.
+++    
runs/online-c1-chapter-audit-20261009/candidate-full-diff-check-v2.log:195: trailing whitespace.
+++  
runs/online-c1-chapter-audit-20261009/candidate-full-diff-check-v2.log:197: trailing whitespace.
+++    
runs/online-c1-chapter-audit-20261009/candidate-full-diff-check-v2.log:199: trailing whitespace.
+++  
runs/online-c1-chapter-audit-20261009/candidate-full-diff-check-v2.log:201: trailing whitespace.
+++    
runs/online-c1-chapter-audit-20261009/candidate-full-diff-check-v2.log:203: trailing whitespace.
+++  
runs/online-c1-chapter-audit-20261009/candidate-full-diff-check-v2.log:205: trailing whitespace.
+++    
runs/online-c1-chapter-audit-20261009/candidate-full-diff-check-v2.log:207: trailing whitespace.
+++  
runs/online-c1-chapter-audit-20261009/candidate-full-diff-check-v2.log:209: trailing whitespace.
+++    
runs/online-c1-chapter-audit-20261009/candidate-full-diff-check-v2.log:211: trailing whitespace.
+++  
runs/online-c1-chapter-audit-20261009/candidate-full-diff-check-v2.log:213: trailing whitespace.
+++    
runs/online-c1-chapter-audit-20261009/candidate-full-diff-check-v2.log:215: trailing whitespace.
+++  
runs/online-c1-chapter-audit-20261009/candidate-full-diff-check-v2.log:217: trailing whitespace.
+++    
runs/online-c1-chapter-audit-20261009/candidate-full-diff-check-v2.log:219: trailing whitespace.
+++  
runs/online-c1-chapter-audit-20261009/candidate-full-diff-check-v2.log:221: trailing whitespace.
+++    
runs/online-c1-chapter-audit-20261009/candidate-full-diff-check-v2.log:223: trailing whitespace.
+++  
runs/online-c1-chapter-audit-20261009/candidate-full-diff-check-v2.log:225: trailing whitespace.
+++    
runs/online-c1-chapter-audit-20261009/candidate-full-diff-check-v2.log:227: trailing whitespace.
+++  
runs/online-c1-chapter-audit-20261009/candidate-full-diff-check-v2.log:229: trailing whitespace.
+++    
runs/online-c1-chapter-audit-20261009/candidate-full-diff-check-v2.log:231: trailing whitespace.
+++  
runs/online-c1-chapter-audit-20261009/candidate-full-diff-check-v2.log:233: trailing whitespace.
+++    
runs/online-c1-chapter-audit-20261009/candidate-full-diff-check-v2.log:235: trailing whitespace.
+++  
runs/online-c1-chapter-audit-20261009/candidate-full-diff-check-v2.log:237: trailing whitespace.
+++    
runs/online-c1-chapter-audit-20261009/candidate-full-diff-check-v2.log:239: trailing whitespace.
+++  
runs/online-c1-chapter-audit-20261009/candidate-full-diff-check-v2.log:241: trailing whitespace.
+++    
runs/online-c1-chapter-audit-20261009/candidate-full-diff-check-v2.log:244: trailing whitespace.
++  
runs/online-c1-chapter-audit-20261009/candidate-full-diff-check-v2.log:246: trailing whitespace.
++    
runs/online-c1-chapter-audit-20261009/candidate-full-diff-check-v2.log:248: trailing whitespace.
++  
runs/online-c1-chapter-audit-20261009/candidate-full-diff-check-v2.log:250: trailing whitespace.
++    
runs/online-c1-chapter-audit-20261009/candidate-full-diff-check-v2.log:252: trailing whitespace.
++  
runs/online-c1-chapter-audit-20261009/candidate-full-diff-check-v2.log:254: trailing whitespace.
++    
runs/online-c1-chapter-audit-20261009/candidate-full-diff-check-v2.log:256: trailing whitespace.
++  
runs/online-c1-chapter-audit-20261009/candidate-full-diff-check-v2.log:258: trailing whitespace.
++    
runs/online-c1-chapter-audit-20261009/candidate-full-diff-check-v2.log:260: trailing whitespace.
++  
runs/online-c1-chapter-audit-20261009/candidate-full-diff-check-v2.log:262: trailing whitespace.
++    
runs/online-c1-chapter-audit-20261009/candidate-full-diff-check-v2.log:264: trailing whitespace.
++  
runs/online-c1-chapter-audit-20261009/candidate-full-diff-check-v2.log:266: trailing whitespace.
++    
runs/online-c1-chapter-audit-20261009/candidate-full-diff-check-v2.log:268: trailing whitespace.
++  
runs/online-c1-chapter-audit-20261009/candidate-full-diff-check-v2.log:270: trailing whitespace.
++    
runs/online-c1-chapter-audit-20261009/candidate-full-diff-check-v2.log:272: trailing whitespace.
++  
runs/online-c1-chapter-audit-20261009/candidate-full-diff-check-v2.log:274: trailing whitespace.
++    
runs/online-c1-chapter-audit-20261009/candidate-full-diff-check-v2.log:276: trailing whitespace.
++  
runs/online-c1-chapter-audit-20261009/candidate-full-diff-check-v2.log:278: trailing whitespace.
++    
runs/online-c1-chapter-audit-20261009/candidate-full-diff-check-v2.log:280: trailing whitespace.
++  
runs/online-c1-chapter-audit-20261009/candidate-full-diff-check-v2.log:282: trailing whitespace.
++    
runs/online-c1-chapter-audit-20261009/candidate-full-diff-check-v2.log:284: trailing whitespace.
++  
runs/online-c1-chapter-audit-20261009/candidate-full-diff-check-v2.log:286: trailing whitespace.
++    
runs/online-c1-chapter-audit-20261009/candidate-full-diff-check-v2.log:288: trailing whitespace.
++  
runs/online-c1-chapter-audit-20261009/candidate-full-diff-check-v2.log:290: trailing whitespace.
++    
runs/online-c1-chapter-audit-20261009/candidate-full-diff-check-v2.log:292: trailing whitespace.
++  
runs/online-c1-chapter-audit-20261009/candidate-full-diff-check-v2.log:294: trailing whitespace.
++    
runs/online-c1-chapter-audit-20261009/candidate-full-diff-check-v2.log:296: trailing whitespace.
++  
runs/online-c1-chapter-audit-20261009/candidate-full-diff-check-v2.log:298: trailing whitespace.
++    
runs/online-c1-chapter-audit-20261009/candidate-full-diff-check-v2.log:300: trailing whitespace.
++  
runs/online-c1-chapter-audit-20261009/candidate-full-diff-check-v2.log:302: trailing whitespace.
++    
runs/online-c1-chapter-audit-20261009/candidate-full-diff-check-v2.log:304: trailing whitespace.
++  
runs/online-c1-chapter-audit-20261009/candidate-full-diff-check-v2.log:306: trailing whitespace.
++    
runs/online-c1-chapter-audit-20261009/candidate-full-diff-check-v2.log:308: trailing whitespace.
++  
runs/online-c1-chapter-audit-20261009/candidate-full-diff-check-v2.log:310: trailing whitespace.
++    
runs/online-c1-chapter-audit-20261009/candidate-full-diff-check-v2.log:312: trailing whitespace.
++  
runs/online-c1-chapter-audit-20261009/candidate-full-diff-check-v2.log:314: trailing whitespace.
++    
runs/online-c1-chapter-audit-20261009/candidate-full-diff-check-v2.log:316: trailing whitespace.
++  
runs/online-c1-chapter-audit-20261009/candidate-full-diff-check-v2.log:318: trailing whitespace.
++    
runs/online-c1-chapter-audit-20261009/candidate-full-diff-check-v2.log:320: trailing whitespace.
++  
runs/online-c1-chapter-audit-20261009/candidate-full-diff-check-v2.log:322: trailing whitespace.
++    
runs/online-c1-chapter-audit-20261009/candidate-full-diff-check-v2.log:324: trailing whitespace.
++  
runs/online-c1-chapter-audit-20261009/candidate-full-diff-check-v2.log:326: trailing whitespace.
++    
runs/online-c1-chapter-audit-20261009/candidate-full-diff-check-v2.log:328: trailing whitespace.
++  
runs/online-c1-chapter-audit-20261009/candidate-full-diff-check-v2.log:330: trailing whitespace.
++    
runs/online-c1-chapter-audit-20261009/candidate-full-diff-check-v2.log:332: trailing whitespace.
++  
runs/online-c1-chapter-audit-20261009/candidate-full-diff-check-v2.log:334: trailing whitespace.
++    
runs/online-c1-chapter-audit-20261009/candidate-full-diff-check-v2.log:336: trailing whitespace.
++  
runs/online-c1-chapter-audit-20261009/candidate-full-diff-check-v2.log:338: trailing whitespace.
++    
runs/online-c1-chapter-audit-20261009/candidate-full-diff-check-v2.log:340: trailing whitespace.
++  
runs/online-c1-chapter-audit-20261009/candidate-full-diff-check-v2.log:342: trailing whitespace.
++    
runs/online-c1-chapter-audit-20261009/candidate-full-diff-check-v2.log:344: trailing whitespace.
++  
runs/online-c1-chapter-audit-20261009/candidate-full-diff-check-v2.log:346: trailing whitespace.
++    
runs/online-c1-chapter-audit-20261009/candidate-full-diff-check-v2.log:348: trailing whitespace.
++  
runs/online-c1-chapter-audit-20261009/candidate-full-diff-check-v2.log:350: trailing whitespace.
++    
runs/online-c1-chapter-audit-20261009/candidate-full-diff-check-v2.log:352: trailing whitespace.
++  
runs/online-c1-chapter-audit-20261009/candidate-full-diff-check-v2.log:354: trailing whitespace.
++    
runs/online-c1-chapter-audit-20261009/candidate-full-diff-check-v2.log:356: trailing whitespace.
++  
runs/online-c1-chapter-audit-20261009/candidate-full-diff-check-v2.log:358: trailing whitespace.
++    
runs/online-c1-chapter-audit-20261009/candidate-full-diff-check-v2.log:360: trailing whitespace.
++  
runs/online-c1-chapter-audit-20261009/candidate-full-diff-check-v2.log:362: trailing whitespace.
++    
runs/online-c1-chapter-audit-20261009/candidate-full-diff-check-v2.log:364: trailing whitespace.
++  
runs/online-c1-chapter-audit-20261009/candidate-full-diff-check-v2.log:366: trailing whitespace.
++    
runs/online-c1-chapter-audit-20261009/candidate-full-diff-check-v2.log:368: trailing whitespace.
++  
runs/online-c1-chapter-audit-20261009/candidate-full-diff-check-v2.log:370: trailing whitespace.
++    
runs/online-c1-chapter-audit-20261009/candidate-full-diff-check-v2.log:372: trailing whitespace.
++  
runs/online-c1-chapter-audit-20261009/candidate-full-diff-check-v2.log:374: trailing whitespace.
++    
runs/online-c1-chapter-audit-20261009/candidate-full-diff-check-v2.log:376: trailing whitespace.
++  
runs/online-c1-chapter-audit-20261009/candidate-full-diff-check-v2.log:378: trailing whitespace.
++    
runs/online-c1-chapter-audit-20261009/candidate-full-diff-check-v2.log:380: trailing whitespace.
++  
runs/online-c1-chapter-audit-20261009/candidate-full-diff-check-v2.log:382: trailing whitespace.
++    
runs/online-c1-chapter-audit-20261009/candidate-full-diff-check-v2.log:384: trailing whitespace.
++  
runs/online-c1-chapter-audit-20261009/candidate-full-diff-check-v2.log:386: trailing whitespace.
++    
runs/online-c1-chapter-audit-20261009/candidate-full-diff-check-v2.log:388: trailing whitespace.
++  
runs/online-c1-chapter-audit-20261009/candidate-full-diff-check-v2.log:390: trailing whitespace.
++    
runs/online-c1-chapter-audit-20261009/candidate-full-diff-check-v2.log:392: trailing whitespace.
++  
runs/online-c1-chapter-audit-20261009/candidate-full-diff-check-v2.log:394: trailing whitespace.
++    
runs/online-c1-chapter-audit-20261009/candidate-full-diff-check-v2.log:396: trailing whitespace.
++  
runs/online-c1-chapter-audit-20261009/candidate-full-diff-check-v2.log:398: trailing whitespace.
++    
runs/online-c1-chapter-audit-20261009/candidate-full-diff-check-v2.log:400: trailing whitespace.
++  
runs/online-c1-chapter-audit-20261009/candidate-full-diff-check-v2.log:402: trailing whitespace.
++    
runs/online-c1-chapter-audit-20261009/candidate-full-diff-check-v2.log:404: trailing whitespace.
++  
runs/online-c1-chapter-audit-20261009/candidate-full-diff-check-v2.log:406: trailing whitespace.
++    
runs/online-c1-chapter-audit-20261009/candidate-full-diff-check-v2.log:408: trailing whitespace.
++  
runs/online-c1-chapter-audit-20261009/candidate-full-diff-check-v2.log:410: trailing whitespace.
++    
runs/online-c1-chapter-audit-20261009/candidate-full-diff-check-v2.log:412: trailing whitespace.
++  
runs/online-c1-chapter-audit-20261009/candidate-full-diff-check-v2.log:414: trailing whitespace.
++    
runs/online-c1-chapter-audit-20261009/candidate-full-diff-check-v2.log:416: trailing whitespace.
++  
runs/online-c1-chapter-audit-20261009/candidate-full-diff-check-v2.log:418: trailing whitespace.
++    
runs/online-c1-chapter-audit-20261009/candidate-full-diff-check-v2.log:420: trailing whitespace.
++  
runs/online-c1-chapter-audit-20261009/candidate-full-diff-check-v2.log:422: trailing whitespace.
++    
runs/online-c1-chapter-audit-20261009/candidate-full-diff-check-v2.log:424: trailing whitespace.
++  
runs/online-c1-chapter-audit-20261009/candidate-full-diff-check-v2.log:426: trailing whitespace.
++    
runs/online-c1-chapter-audit-20261009/candidate-full-diff-check-v2.log:428: trailing whitespace.
++  
runs/online-c1-chapter-audit-20261009/candidate-full-diff-check-v2.log:430: trailing whitespace.
++    
runs/online-c1-chapter-audit-20261009/candidate-full-diff-check-v2.log:432: trailing whitespace.
++  
runs/online-c1-chapter-audit-20261009/candidate-full-diff-check-v2.log:434: trailing whitespace.
++    
runs/online-c1-chapter-audit-20261009/candidate-full-diff-check-v2.log:436: trailing whitespace.
++  
runs/online-c1-chapter-audit-20261009/candidate-full-diff-check-v2.log:438: trailing whitespace.
++    
runs/online-c1-chapter-audit-20261009/candidate-full-diff-check-v2.log:440: trailing whitespace.
++  
runs/online-c1-chapter-audit-20261009/candidate-full-diff-check-v2.log:442: trailing whitespace.
++    
runs/online-c1-chapter-audit-20261009/candidate-full-diff-check-v2.log:444: trailing whitespace.
++  
runs/online-c1-chapter-audit-20261009/candidate-full-diff-check-v2.log:446: trailing whitespace.
++    
runs/online-c1-chapter-audit-20261009/candidate-full-diff-check-v2.log:448: trailing whitespace.
++  
runs/online-c1-chapter-audit-20261009/candidate-full-diff-check-v2.log:450: trailing whitespace.
++    
runs/online-c1-chapter-audit-20261009/candidate-full-diff-check-v2.log:452: trailing whitespace.
++  
runs/online-c1-chapter-audit-20261009/candidate-full-diff-check-v2.log:454: trailing whitespace.
++    
runs/online-c1-chapter-audit-20261009/candidate-full-diff-check-v2.log:456: trailing whitespace.
++  
runs/online-c1-chapter-audit-20261009/candidate-full-diff-check-v2.log:458: trailing whitespace.
++    
runs/online-c1-chapter-audit-20261009/candidate-full-diff-check-v2.log:460: trailing whitespace.
++  
runs/online-c1-chapter-audit-20261009/candidate-full-diff-check-v2.log:462: trailing whitespace.
++    
runs/online-c1-chapter-audit-20261009/candidate-full-diff-check-v2.log:464: trailing whitespace.
++  
runs/online-c1-chapter-audit-20261009/candidate-full-diff-check-v2.log:466: trailing whitespace.
++    
runs/online-c1-chapter-audit-20261009/candidate-full-diff-check-v2.log:468: trailing whitespace.
++  
runs/online-c1-chapter-audit-20261009/candidate-full-diff-check-v2.log:470: trailing whitespace.
++    
runs/online-c1-chapter-audit-20261009/candidate-full-diff-check-v2.log:472: trailing whitespace.
++  
runs/online-c1-chapter-audit-20261009/candidate-full-diff-check-v2.log:474: trailing whitespace.
++    
runs/online-c1-chapter-audit-20261009/chapter-canary-blind-reconstruction-v2.md:478: new blank line at EOF.
runs/online-c1-chapter-audit-20261009/chapter-canary-focused-v1.log:727: trailing whitespace.
+  
runs/online-c1-chapter-audit-20261009/chapter-canary-focused-v1.log:729: trailing whitespace.
+    
runs/online-c1-chapter-audit-20261009/chapter-canary-focused-v1.log:734: trailing whitespace.
+  
runs/online-c1-chapter-audit-20261009/chapter-canary-focused-v1.log:736: trailing whitespace.
+    
runs/online-c1-chapter-audit-20261009/chapter-canary-focused-v1.log:897: trailing whitespace.
+  
runs/online-c1-chapter-audit-20261009/chapter-canary-focused-v1.log:899: trailing whitespace.
+    
runs/online-c1-chapter-audit-20261009/chapter-canary-focused-v1.log:1048: trailing whitespace.
+  
runs/online-c1-chapter-audit-20261009/chapter-canary-focused-v1.log:1050: trailing whitespace.
+    
runs/online-c1-chapter-audit-20261009/chapter-canary-focused-v1.log:1219: trailing whitespace.
+  
runs/online-c1-chapter-audit-20261009/chapter-canary-focused-v1.log:1221: trailing whitespace.
+    
runs/online-c1-chapter-audit-20261009/chapter-canary-focused-v1.log:1261: trailing whitespace.
+  
runs/online-c1-chapter-audit-20261009/chapter-canary-focused-v1.log:1263: trailing whitespace.
+    
runs/online-c1-chapter-audit-20261009/chapter-canary-focused-v1.log:1756: trailing whitespace.
+  
runs/online-c1-chapter-audit-20261009/chapter-canary-focused-v1.log:1758: trailing whitespace.
+    
runs/online-c1-chapter-audit-20261009/chapter-canary-focused-v1.log:1807: trailing whitespace.
+  
runs/online-c1-chapter-audit-20261009/chapter-canary-focused-v1.log:1809: trailing whitespace.
+    
runs/online-c1-chapter-audit-20261009/chapter-canary-focused-v2.log:727: trailing whitespace.
+  
runs/online-c1-chapter-audit-20261009/chapter-canary-focused-v2.log:729: trailing whitespace.
+    
runs/online-c1-chapter-audit-20261009/chapter-canary-focused-v2.log:734: trailing whitespace.
+  
runs/online-c1-chapter-audit-20261009/chapter-canary-focused-v2.log:736: trailing whitespace.
+    
runs/online-c1-chapter-audit-20261009/chapter-canary-focused-v2.log:897: trailing whitespace.
+  
runs/online-c1-chapter-audit-20261009/chapter-canary-focused-v2.log:899: trailing whitespace.
+    
runs/online-c1-chapter-audit-20261009/chapter-canary-focused-v2.log:1048: trailing whitespace.
+  
runs/online-c1-chapter-audit-20261009/chapter-canary-focused-v2.log:1050: trailing whitespace.
+    
runs/online-c1-chapter-audit-20261009/chapter-canary-focused-v2.log:1219: trailing whitespace.
+  
runs/online-c1-chapter-audit-20261009/chapter-canary-focused-v2.log:1221: trailing whitespace.
+    
runs/online-c1-chapter-audit-20261009/chapter-canary-focused-v2.log:1261: trailing whitespace.
+  
runs/online-c1-chapter-audit-20261009/chapter-canary-focused-v2.log:1263: trailing whitespace.
+    
runs/online-c1-chapter-audit-20261009/chapter-canary-focused-v2.log:1756: trailing whitespace.
+  
runs/online-c1-chapter-audit-20261009/chapter-canary-focused-v2.log:1758: trailing whitespace.
+    
runs/online-c1-chapter-audit-20261009/chapter-canary-focused-v2.log:1807: trailing whitespace.
+  
runs/online-c1-chapter-audit-20261009/chapter-canary-focused-v2.log:1809: trailing whitespace.
+    
runs/online-c1-chapter-audit-20261009/combined-Tests-v1.log:1310: trailing whitespace.
+  
runs/online-c1-chapter-audit-20261009/combined-Tests-v1.log:1312: trailing whitespace.
+    
runs/online-c1-chapter-audit-20261009/combined-Tests-v1.log:1317: trailing whitespace.
+  
runs/online-c1-chapter-audit-20261009/combined-Tests-v1.log:1319: trailing whitespace.
+    
runs/online-c1-chapter-audit-20261009/combined-Tests-v1.log:1480: trailing whitespace.
+  
runs/online-c1-chapter-audit-20261009/combined-Tests-v1.log:1482: trailing whitespace.
+    
runs/online-c1-chapter-audit-20261009/combined-Tests-v1.log:1631: trailing whitespace.
+  
runs/online-c1-chapter-audit-20261009/combined-Tests-v1.log:1633: trailing whitespace.
+    
runs/online-c1-chapter-audit-20261009/combined-Tests-v1.log:1802: trailing whitespace.
+  
runs/online-c1-chapter-audit-20261009/combined-Tests-v1.log:1804: trailing whitespace.
+    
runs/online-c1-chapter-audit-20261009/combined-Tests-v1.log:1844: trailing whitespace.
+  
runs/online-c1-chapter-audit-20261009/combined-Tests-v1.log:1846: trailing whitespace.
+    
runs/online-c1-chapter-audit-20261009/combined-Tests-v1.log:2339: trailing whitespace.
+  
runs/online-c1-chapter-audit-20261009/combined-Tests-v1.log:2341: trailing whitespace.
+    
runs/online-c1-chapter-audit-20261009/combined-Tests-v1.log:2390: trailing whitespace.
+  
runs/online-c1-chapter-audit-20261009/combined-Tests-v1.log:2392: trailing whitespace.
+    
runs/online-c1-chapter-audit-20261009/combined-Tests-v1.log:6832: trailing whitespace.
+  
runs/online-c1-chapter-audit-20261009/combined-Tests-v1.log:6834: trailing whitespace.
+    
runs/online-c1-chapter-audit-20261009/combined-full-harness-v1.log:513: trailing whitespace.
+  
runs/online-c1-chapter-audit-20261009/combined-full-harness-v1.log:515: trailing whitespace.
+    
runs/online-c1-chapter-audit-20261009/combined-full-harness-v1.log:848: trailing whitespace.
+  
runs/online-c1-chapter-audit-20261009/combined-full-harness-v1.log:850: trailing whitespace.
+    
runs/online-c1-chapter-audit-20261009/combined-full-harness-v1.log:1099: trailing whitespace.
+  
runs/online-c1-chapter-audit-20261009/combined-full-harness-v1.log:1101: trailing whitespace.
+    
runs/online-c1-chapter-audit-20261009/combined-full-harness-v1.log:1141: trailing whitespace.
+  
runs/online-c1-chapter-audit-20261009/combined-full-harness-v1.log:1143: trailing whitespace.
+    
runs/online-c1-chapter-audit-20261009/combined-full-harness-v1.log:1677: trailing whitespace.
+  
runs/online-c1-chapter-audit-20261009/combined-full-harness-v1.log:1679: trailing whitespace.
+    
runs/online-c1-chapter-audit-20261009/combined-full-harness-v1.log:1684: trailing whitespace.
+  
runs/online-c1-chapter-audit-20261009/combined-full-harness-v1.log:1686: trailing whitespace.
+    
runs/online-c1-chapter-audit-20261009/combined-full-harness-v1.log:1749: trailing whitespace.
+  
runs/online-c1-chapter-audit-20261009/combined-full-harness-v1.log:1751: trailing whitespace.
+    
runs/online-c1-chapter-audit-20261009/combined-full-harness-v1.log:1800: trailing whitespace.
+  
runs/online-c1-chapter-audit-20261009/combined-full-harness-v1.log:1802: trailing whitespace.
+    
runs/online-c1-chapter-audit-20261009/combined-full-harness-v1.log:3674: trailing whitespace.
+  
runs/online-c1-chapter-audit-20261009/combined-full-harness-v1.log:3676: trailing whitespace.
+    
runs/online-c1-chapter-audit-20261009/combined-full-harness-v1.log:3681: trailing whitespace.
+  
runs/online-c1-chapter-audit-20261009/combined-full-harness-v1.log:3683: trailing whitespace.
+    
runs/online-c1-chapter-audit-20261009/combined-full-harness-v1.log:3844: trailing whitespace.
+  
runs/online-c1-chapter-audit-20261009/combined-full-harness-v1.log:3846: trailing whitespace.
+    
runs/online-c1-chapter-audit-20261009/combined-full-harness-v1.log:3995: trailing whitespace.
+  
runs/online-c1-chapter-audit-20261009/combined-full-harness-v1.log:3997: trailing whitespace.
+    
runs/online-c1-chapter-audit-20261009/combined-full-harness-v1.log:4166: trailing whitespace.
+  
runs/online-c1-chapter-audit-20261009/combined-full-harness-v1.log:4168: trailing whitespace.
+    
runs/online-c1-chapter-audit-20261009/combined-full-harness-v1.log:4208: trailing whitespace.
+  
runs/online-c1-chapter-audit-20261009/combined-full-harness-v1.log:4210: trailing whitespace.
+    
runs/online-c1-chapter-audit-20261009/combined-full-harness-v1.log:4703: trailing whitespace.
+  
runs/online-c1-chapter-audit-20261009/combined-full-harness-v1.log:4705: trailing whitespace.
+    
runs/online-c1-chapter-audit-20261009/combined-full-harness-v1.log:4754: trailing whitespace.
+  
runs/online-c1-chapter-audit-20261009/combined-full-harness-v1.log:4756: trailing whitespace.
+    
runs/online-c1-chapter-audit-20261009/combined-full-harness-v1.log:9196: trailing whitespace.
+  
runs/online-c1-chapter-audit-20261009/combined-full-harness-v1.log:9198: trailing whitespace.
+    
runs/online-c1-chapter-audit-20261009/combined-root-v1.log:570: trailing whitespace.
+  
runs/online-c1-chapter-audit-20261009/combined-root-v1.log:572: trailing whitespace.
+    
runs/online-c1-chapter-audit-20261009/combined-root-v1.log:721: trailing whitespace.
+  
runs/online-c1-chapter-audit-20261009/combined-root-v1.log:723: trailing whitespace.
+    
runs/online-c1-chapter-audit-20261009/combined-root-v1.log:1098: trailing whitespace.
+  
runs/online-c1-chapter-audit-20261009/combined-root-v1.log:1100: trailing whitespace.
+    
runs/online-c1-chapter-audit-20261009/combined-root-v1.log:1140: trailing whitespace.
+  
runs/online-c1-chapter-audit-20261009/combined-root-v1.log:1142: trailing whitespace.
+    
runs/online-c1-chapter-audit-20261009/combined-root-v1.log:1691: trailing whitespace.
+  
runs/online-c1-chapter-audit-20261009/combined-root-v1.log:1693: trailing whitespace.
+    
runs/online-c1-chapter-audit-20261009/combined-root-v1.log:1698: trailing whitespace.
+  
runs/online-c1-chapter-audit-20261009/combined-root-v1.log:1700: trailing whitespace.
+    
runs/online-c1-chapter-audit-20261009/combined-root-v1.log:1748: trailing whitespace.
+  
runs/online-c1-chapter-audit-20261009/combined-root-v1.log:1750: trailing whitespace.
+    
runs/online-c1-chapter-audit-20261009/combined-root-v1.log:1799: trailing whitespace.
+  
runs/online-c1-chapter-audit-20261009/combined-root-v1.log:1801: trailing whitespace.
+    
runs/online-c1-chapter-audit-20261009/shared-root-general-init-v1.log:570: trailing whitespace.
+  
runs/online-c1-chapter-audit-20261009/shared-root-general-init-v1.log:572: trailing whitespace.
+    
runs/online-c1-chapter-audit-20261009/shared-root-general-init-v1.log:927: trailing whitespace.
+  
runs/online-c1-chapter-audit-20261009/shared-root-general-init-v1.log:929: trailing whitespace.
+    
runs/online-c1-chapter-audit-20261009/shared-root-general-init-v1.log:1098: trailing whitespace.
+  
runs/online-c1-chapter-audit-20261009/shared-root-general-init-v1.log:1100: trailing whitespace.
+    
runs/online-c1-chapter-audit-20261009/shared-root-general-init-v1.log:1140: trailing whitespace.
+  
runs/online-c1-chapter-audit-20261009/shared-root-general-init-v1.log:1142: trailing whitespace.
+    
runs/online-c1-chapter-audit-20261009/shared-root-general-init-v1.log:1706: trailing whitespace.
+  
runs/online-c1-chapter-audit-20261009/shared-root-general-init-v1.log:1708: trailing whitespace.
+    
runs/online-c1-chapter-audit-20261009/shared-root-general-init-v1.log:1713: trailing whitespace.
+  
runs/online-c1-chapter-audit-20261009/shared-root-general-init-v1.log:1715: trailing whitespace.
+    
runs/online-c1-chapter-audit-20261009/shared-root-general-init-v1.log:1748: trailing whitespace.
+  
runs/online-c1-chapter-audit-20261009/shared-root-general-init-v1.log:1750: trailing whitespace.
+    
runs/online-c1-chapter-audit-20261009/shared-root-general-init-v1.log:1799: trailing whitespace.
+  
runs/online-c1-chapter-audit-20261009/shared-root-general-init-v1.log:1801: trailing whitespace.
+    
runs/online-c1-chapter-audit-20261009/start-worktrees-v1.log:32: new blank line at EOF.
