{
  "schema_version": 1,
  "mode": "shadow-read-only",
  "analyzed_at": "2026-10-09T04:56:00+00:00",
  "trials_path": "E:\\ABRL\\worktrees\\research-online-book\\runs\\online-c1-chapter-audit-20261009\\trials.jsonl",
  "trial_rows": 20,
  "status_counts": {
    "accepted": 4,
    "compiled": 6,
    "executed": 1,
    "failed": 9
  },
  "inferred_frontier": {
    "selected_task": "ONLINE-C1-CHAPTER-AUDIT-20261009",
    "selected_leaf": "ONLINE-C1-CHAPTER-AUDIT-20261009",
    "source_status": "accepted",
    "last_accepted_verifier": {
      "trial_index": 19,
      "time": "2026-10-09T04:56:00+00:00",
      "task": "ONLINE-C1-CHAPTER-AUDIT-20261009",
      "role": "reviewer",
      "kind": "review",
      "status": "accepted",
      "lean": "",
      "notes": "Formalizer records distinct post-native/current10pixels/published14567head review accepted-with-explicit-delta. Source17 Chapter1 local gate status authorized; no new mathematical proof/count or wholeGoal/main/live claim. Final metadata commit/push requires one short exact-head check before Chapter2.",
      "run_id": "online-c1-chapter-audit-20261009"
    }
  },
  "memory_digest": {
    "path": "E:\\ABRL\\worktrees\\research-online-book\\runs\\online-c1-chapter-audit-20261009\\final-chapter-shadow-memory-v1.md",
    "task": "ONLINE-C1-CHAPTER-AUDIT-20261009"
  },
  "recorded_frontier": {
    "schema_version": 1,
    "record_id": "frontier-240d467ea38f53a6",
    "updated_at": "2026-10-09T04:56:00+00:00",
    "root_objective": "Persistent Orabona Chapters1-16; current Chapter1 source17 local gate only",
    "current_leaf": {
      "id": "ONLINE-C1-CHAPTER-AUDIT-20261009",
      "kind": "review",
      "status": "accepted",
      "statement": "Chapter1 source17 local gate accepted-with-explicit-source-correction after actual mathematical/native/site/post-native/published-head gates. Final OWN metadata/evidence exact-head delivery review required; wholeGoalACTIVE.",
      "statement_hash": "ae7639d7aaf5c4250f7c8927e4cc0551c9f2651ee931ff27291d1d05d69eb6bf",
      "declaration": "",
      "file": "E:\\ABRL\\worktrees\\research-online-book\\runs\\online-c1-chapter-audit-20261009\\post-native-review-v1.md",
      "source_status": "accepted",
      "dependencies": [
        {
          "kind": "review",
          "name": "post-native-delivery",
          "status": "accepted"
        }
      ]
    },
    "dag": {
      "nodes": [
        {
          "id": "ONLINE-C1-CHAPTER-AUDIT-20261009",
          "kind": "review",
          "status": "accepted",
          "dependencies": [
            {
              "kind": "review",
              "name": "post-native-delivery",
              "status": "accepted"
            }
          ],
          "dispatch_count": 0
        }
      ]
    },
    "last_accepted_verifier": {
      "trial_index": 19,
      "time": "2026-10-09T04:56:00+00:00",
      "task": "ONLINE-C1-CHAPTER-AUDIT-20261009",
      "role": "reviewer",
      "kind": "review",
      "status": "accepted",
      "lean": "",
      "notes": "Formalizer records distinct post-native/current10pixels/published14567head review accepted-with-explicit-delta. Source17 Chapter1 local gate status authorized; no new mathematical proof/count or wholeGoal/main/live claim. Final metadata commit/push requires one short exact-head check before Chapter2.",
      "run_id": "online-c1-chapter-audit-20261009"
    },
    "memory_policy": {
      "recent_role_relevant_limit": 5,
      "explicit_verified_lemma_ids": [],
      "whole_history_default": false
    },
    "shadow_gate": {
      "status": "pending",
      "analyzed_trial_rows": 20,
      "mismatches": [],
      "replay_transitions": 0
    },
    "mutation_policy": {
      "canonical_path_queue": true,
      "cross_process_lock": true,
      "same_file_serialized": true,
      "disjoint_files_parallel": true
    },
    "autonomous_execution": {
      "enabled": false,
      "requires_deterministic_gates": true,
      "requires_explicit_user_request": true
    }
  },
  "mismatches": [],
  "would_mutate": false
}
