warning: in the working copy of 'runs/online-c1-chapter-audit-20261009/formula-render-v1-browser.json', LF will be replaced by CRLF the next time Git touches it
warning: in the working copy of 'runs/online-c1-chapter-audit-20261009/formula-render-v1-dom.html', LF will be replaced by CRLF the next time Git touches it
warning: in the working copy of 'runs/online-c1-chapter-audit-20261009/FINAL-historical-binding-resolution-v1.json', LF will be replaced by CRLF the next time Git touches it
warning: in the working copy of 'runs/online-c1-chapter-audit-20261009/candidate-commit-v4-exit.json', LF will be replaced by CRLF the next time Git touches it
warning: in the working copy of 'runs/online-c1-chapter-audit-20261009/candidate-commit-v4.log', LF will be replaced by CRLF the next time Git touches it
warning: in the working copy of 'runs/online-c1-chapter-audit-20261009/candidate-contributor-gates-v3.json', LF will be replaced by CRLF the next time Git touches it
warning: in the working copy of 'runs/online-c1-chapter-audit-20261009/candidate-contributor-main-v3-exit.json', LF will be replaced by CRLF the next time Git touches it
warning: in the working copy of 'runs/online-c1-chapter-audit-20261009/candidate-contributor-stack-v3-exit.json', LF will be replaced by CRLF the next time Git touches it
warning: in the working copy of 'runs/online-c1-chapter-audit-20261009/candidate-stage-final-v4-exit.json', LF will be replaced by CRLF the next time Git touches it
warning: in the working copy of 'runs/online-c1-chapter-audit-20261009/candidate-stage-final-v4.log', LF will be replaced by CRLF the next time Git touches it
warning: in the working copy of 'runs/online-c1-chapter-audit-20261009/capture-helper-failure-v3.md', LF will be replaced by CRLF the next time Git touches it
warning: in the working copy of 'runs/online-c1-chapter-audit-20261009/capture-helper-failure-v4.md', LF will be replaced by CRLF the next time Git touches it
warning: in the working copy of 'runs/online-c1-chapter-audit-20261009/capture-output-recovery-v2.json', LF will be replaced by CRLF the next time Git touches it
warning: in the working copy of 'runs/online-c1-chapter-audit-20261009/capture-reader-v4.py', LF will be replaced by CRLF the next time Git touches it
warning: in the working copy of 'runs/online-c1-chapter-audit-20261009/formula-render-v2-browser.json', LF will be replaced by CRLF the next time Git touches it
warning: in the working copy of 'runs/online-c1-chapter-audit-20261009/formula-render-v2-dom.html', LF will be replaced by CRLF the next time Git touches it
warning: in the working copy of 'runs/online-c1-chapter-audit-20261009/formula-render-v2-node-exit.json', LF will be replaced by CRLF the next time Git touches it
warning: in the working copy of 'runs/online-c1-chapter-audit-20261009/formula-render-v2.json', LF will be replaced by CRLF the next time Git touches it
warning: in the working copy of 'runs/online-c1-chapter-audit-20261009/memory-digest-candidate-v3.md', LF will be replaced by CRLF the next time Git touches it
warning: in the working copy of 'runs/online-c1-chapter-audit-20261009/prepare-FINAL-v1.py', LF will be replaced by CRLF the next time Git touches it
warning: in the working copy of 'runs/online-c1-chapter-audit-20261009/recover-capture-v2.py', LF will be replaced by CRLF the next time Git touches it
warning: in the working copy of 'runs/online-c1-chapter-audit-20261009/registry-check-v3-exit.json', LF will be replaced by CRLF the next time Git touches it
warning: in the working copy of 'runs/online-c1-chapter-audit-20261009/registry-v3.json', LF will be replaced by CRLF the next time Git touches it
warning: in the working copy of 'runs/online-c1-chapter-audit-20261009/root-reader-pixel-review-v2.json', LF will be replaced by CRLF the next time Git touches it
warning: in the working copy of 'runs/online-c1-chapter-audit-20261009/site-build-v3-exit.json', LF will be replaced by CRLF the next time Git touches it
warning: in the working copy of 'runs/online-c1-chapter-audit-20261009/site-check-v3-exit.json', LF will be replaced by CRLF the next time Git touches it
