{
  "id": "mem-6859144f06cb0287",
  "created_at": "2026-10-09T04:56:00+00:00",
  "type": "checkpoint",
  "task": "ONLINE-C1-CHAPTER-AUDIT-20261009",
  "provenance": {
    "kind": "distinct_post_native_delivery",
    "reference": "E:\\ABRL\\worktrees\\research-online-book\\runs\\online-c1-chapter-audit-20261009\\post-native-receipt-v1.json"
  },
  "assumptions": [],
  "declaration": "",
  "file": "",
  "status": "accepted-local-with-explicit-source-correction",
  "verifier_evidence": [
    "E:\\ABRL\\worktrees\\research-online-book\\runs\\online-c1-chapter-audit-20261009\\post-native-receipt-v1.json"
  ],
  "supersession": {
    "supersedes": [],
    "reason": ""
  },
  "roles": [
    "reviewer"
  ],
  "details": {
    "source_objects": 17,
    "proof_total": null,
    "whole_Goal_status": "ACTIVE",
    "final_exact_head_delivery_review_required": true
  }
}
