usage: bandit.py memory-record [-h] --type
                               {checkpoint,decision,failed_path,partial_route,source_fact,verified_lemma}
                               --task TASK --provenance-kind PROVENANCE_KIND
                               --provenance PROVENANCE
                               [--assumption ASSUMPTION]
                               [--declaration DECLARATION] [--file FILE]
                               --status STATUS [--verifier VERIFIER]
                               [--supersedes SUPERSEDES]
                               [--supersession-reason SUPERSESSION_REASON]
                               [--role {upper,middle,lower,reviewer,master,worker}]
                               [--details-json DETAILS_JSON] [--output OUTPUT]

optional arguments:
  -h, --help            show this help message and exit
  --type {checkpoint,decision,failed_path,partial_route,source_fact,verified_lemma}
  --task TASK
  --provenance-kind PROVENANCE_KIND
  --provenance PROVENANCE
  --assumption ASSUMPTION
  --declaration DECLARATION
  --file FILE
  --status STATUS
  --verifier VERIFIER
  --supersedes SUPERSEDES
  --supersession-reason SUPERSESSION_REASON
  --role {upper,middle,lower,reviewer,master,worker}
  --details-json DETAILS_JSON
  --output OUTPUT
