{
  "id": "mem-489f32cab828b330",
  "created_at": "2026-10-09T04:43:54+00:00",
  "type": "source_fact",
  "task": "ONLINE-C1-CHAPTER-AUDIT-20261009",
  "provenance": {
    "kind": "local_first_retrieval",
    "reference": "E:\\ABRL\\worktrees\\research-online-book\\runs\\online-c1-chapter-audit-20261009\\FINAL-receipt-v1.json"
  },
  "assumptions": [],
  "declaration": "",
  "file": "",
  "status": "verified",
  "verifier_evidence": [
    "E:\\ABRL\\worktrees\\research-online-book\\runs\\online-c1-chapter-audit-20261009\\general-init-four-public-values-v1.lean"
  ],
  "supersession": {
    "supersedes": [],
    "reason": ""
  },
  "roles": [],
  "details": {
    "query": "Actual general-initial FTL terminals closed; reuse exact public same-run correction/refined/upper/best-average proofs after distinct FINAL.",
    "search_order": [
      "local declarations",
      "ABRL theorem cards",
      "Mathlib cards"
    ],
    "candidates": [
      "BanditRL.OnlineLearning.ftlPredict_bestRegret_initial_correction",
      "BanditRL.OnlineLearning.ftlPredict_bestRegret_refined",
      "BanditRL.OnlineLearning.ftlPredict_upperNoRegret",
      "BanditRL.OnlineLearning.ftlPredict_bestRegret_average_tendsto_zero"
    ],
    "rejections": [],
    "compiled_scratch": "E:\\ABRL\\worktrees\\research-online-book\\runs\\online-c1-chapter-audit-20261009\\general-init-four-public-values-v1.lean"
  }
}
