{
  "schema_version": 1,
  "entry_id": "entry-9413a01b3d46d1b9",
  "session_id": "ONLINE-C1-CHAPTER-AUDIT-20261009",
  "sequence": 7,
  "parent_id": "entry-d9e32232affa81c1",
  "event_type": "accepted",
  "created_at": "2026-10-09T04:43:54+00:00",
  "payload": {
    "scope": "17-source-object reconciliation accepted-with-explicit-delta; not chapter completion",
    "FINAL_sha256": "7f0ade24d0d121dcd4d9d7d91a5c73478b5b5d011c6433ec5242e418b02abf50",
    "source_objects": 17,
    "proof_total": null,
    "public_body_sha256": "bff3a313509aa19051a6f3f2cb912aec33ff61f5de8f88d9edd16e7964e3b614",
    "canary_body_sha256": "746fc763bf61afffbe57fa2542edf2c77a2e55ca1ea3306b25ff0e2e5f0d3d31",
    "postnative_site_delivery_required": true,
    "chapter_complete": false,
    "goal_complete": false
  }
}
