{
  "time": "2026-10-09T04:43:54+00:00",
  "task": "ONLINE-C1-CHAPTER-AUDIT-20261009",
  "role": "reviewer",
  "kind": "review",
  "status": "accepted",
  "notes": "Formalizer records distinct source reviewer FINAL artifact:17 source objects accepted-with-explicit-delta, R1-R10/current10pixels/raw13exceptions adjudicated. Source integration only; postnative/current status-site/delivery still required; wholeGoalACTIVE. Obligations17->0 refers only reviewed source objects, not unknown proof-leaf total.",
  "lean": "",
  "source": "",
  "run_id": "online-c1-chapter-audit-20261009",
  "changed_files": [],
  "statement_hash": "",
  "parent_id": "",
  "route_fingerprint": "",
  "verifier_evidence": [
    "E:\\ABRL\\worktrees\\research-online-book\\runs\\online-c1-chapter-audit-20261009\\FINAL-receipt-v1.json",
    "E:\\ABRL\\worktrees\\research-online-book\\runs\\online-c1-chapter-audit-20261009\\FINAL-review-v1.md"
  ],
  "harness": "",
  "experiment_id": "",
  "target_fingerprint": "",
  "route_packet_hash": "",
  "attempt_id": "C1-INTEGRATION-FINAL-V1",
  "worker_id": "",
  "progress_class": "closed-frontier",
  "reviewer_validated": true,
  "obligations_before": 17,
  "obligations_after": 0,
  "new_declarations": [],
  "reused_declarations": [],
  "dag_nodes": 0,
  "dag_depth": 0,
  "elapsed_seconds": 0.0,
  "lean_check_seconds": 0.0,
  "prompt_chars": 0,
  "input_tokens": 0,
  "output_tokens": 0,
  "error_signature": ""
}
