warning: in the working copy of 'conversion-windows/ONLINE-C1-CHAPTER-AUDIT-20261009.md', LF will be replaced by CRLF the next time Git touches it
warning: in the working copy of 'docs/contracts/online-book-v1/coverage.json', LF will be replaced by CRLF the next time Git touches it
warning: in the working copy of 'proof-obligations/ONLINE-C1-CHAPTER-AUDIT-20261009.md', LF will be replaced by CRLF the next time Git touches it
warning: in the working copy of 'research-wiki/contribution-contracts/ONLINE-C1-CHAPTER-AUDIT-20261009.json', LF will be replaced by CRLF the next time Git touches it
warning: in the working copy of 'tasks/ONLINE-C1-CHAPTER-AUDIT-20261009.md', LF will be replaced by CRLF the next time Git touches it
warning: in the working copy of 'website/content/chapters.json', LF will be replaced by CRLF the next time Git touches it
warning: in the working copy of 'website/content/highlights.json', LF will be replaced by CRLF the next time Git touches it
warning: in the working copy of 'website/content/readings.json', LF will be replaced by CRLF the next time Git touches it
warning: in the working copy of 'docs/contracts/online-c1-chapter-audit-v1/chapter-one-post-native-v5.json', LF will be replaced by CRLF the next time Git touches it
warning: in the working copy of 'runs/online-c1-chapter-audit-20261009/FINAL-receipt-v1.json', LF will be replaced by CRLF the next time Git touches it
warning: in the working copy of 'runs/online-c1-chapter-audit-20261009/FINAL-review-v1.md', LF will be replaced by CRLF the next time Git touches it
warning: in the working copy of 'runs/online-c1-chapter-audit-20261009/audit-post-FINAL-v2.py', LF will be replaced by CRLF the next time Git touches it
warning: in the working copy of 'runs/online-c1-chapter-audit-20261009/capture-reader-v3.cjs', LF will be replaced by CRLF the next time Git touches it
warning: in the working copy of 'runs/online-c1-chapter-audit-20261009/capture-reader-v5.py', LF will be replaced by CRLF the next time Git touches it
warning: in the working copy of 'runs/online-c1-chapter-audit-20261009/checkpoint-post-native-site-v4.py', LF will be replaced by CRLF the next time Git touches it
warning: in the working copy of 'runs/online-c1-chapter-audit-20261009/common_reader_v7.py', LF will be replaced by CRLF the next time Git touches it
warning: in the working copy of 'runs/online-c1-chapter-audit-20261009/common_reader_v8.py', LF will be replaced by CRLF the next time Git touches it
warning: in the working copy of 'runs/online-c1-chapter-audit-20261009/delivery-PR203-candidate-v2.json', LF will be replaced by CRLF the next time Git touches it
warning: in the working copy of 'runs/online-c1-chapter-audit-20261009/delivery-candidate-commit-v1.json', LF will be replaced by CRLF the next time Git touches it
warning: in the working copy of 'runs/online-c1-chapter-audit-20261009/delivery-candidate-create-PR-v1-exit.json', LF will be replaced by CRLF the next time Git touches it
warning: in the working copy of 'runs/online-c1-chapter-audit-20261009/delivery-candidate-create-PR-v1.log', LF will be replaced by CRLF the next time Git touches it
warning: in the working copy of 'runs/online-c1-chapter-audit-20261009/delivery-candidate-push-v1-exit.json', LF will be replaced by CRLF the next time Git touches it
warning: in the working copy of 'runs/online-c1-chapter-audit-20261009/delivery-candidate-push-v1.log', LF will be replaced by CRLF the next time Git touches it
warning: in the working copy of 'runs/online-c1-chapter-audit-20261009/delivery-candidate-push-v2-exit.json', LF will be replaced by CRLF the next time Git touches it
warning: in the working copy of 'runs/online-c1-chapter-audit-20261009/delivery-candidate-push-v2.log', LF will be replaced by CRLF the next time Git touches it
warning: in the working copy of 'runs/online-c1-chapter-audit-20261009/delivery-candidate-scoped-diff-v1.json', LF will be replaced by CRLF the next time Git touches it
warning: in the working copy of 'runs/online-c1-chapter-audit-20261009/delivery-candidate-stage-v1.json', LF will be replaced by CRLF the next time Git touches it
warning: in the working copy of 'runs/online-c1-chapter-audit-20261009/post-FINAL-failure-capture-wrapper-v1-exit.json', LF will be replaced by CRLF the next time Git touches it
warning: in the working copy of 'runs/online-c1-chapter-audit-20261009/post-FINAL-failure-contributor-schema-v1-exit.json', LF will be replaced by CRLF the next time Git touches it
warning: in the working copy of 'runs/online-c1-chapter-audit-20261009/post-FINAL-failure-cumulative-diff-v1-exit.json', LF will be replaced by CRLF the next time Git touches it
warning: in the working copy of 'runs/online-c1-chapter-audit-20261009/post-FINAL-failure-push-credential-v1-exit.json', LF will be replaced by CRLF the next time Git touches it
warning: in the working copy of 'runs/online-c1-chapter-audit-20261009/post-FINAL-failure-site-schema-v1-exit.json', LF will be replaced by CRLF the next time Git touches it
warning: in the working copy of 'runs/online-c1-chapter-audit-20261009/post-FINAL-field-suffix-audit-v2.json', LF will be replaced by CRLF the next time Git touches it
warning: in the working copy of 'runs/online-c1-chapter-audit-20261009/post-FINAL-frontier-refresh-v1-exit.json', LF will be replaced by CRLF the next time Git touches it
warning: in the working copy of 'runs/online-c1-chapter-audit-20261009/post-FINAL-frontier-shadow-v1-exit.json', LF will be replaced by CRLF the next time Git touches it
warning: in the working copy of 'runs/online-c1-chapter-audit-20261009/post-FINAL-lifecycle-v1-exit.json', LF will be replaced by CRLF the next time Git touches it
warning: in the working copy of 'runs/online-c1-chapter-audit-20261009/post-FINAL-memory-v1-exit.json', LF will be replaced by CRLF the next time Git touches it
warning: in the working copy of 'runs/online-c1-chapter-audit-20261009/post-FINAL-metadata-after-v1.json', LF will be replaced by CRLF the next time Git touches it
warning: in the working copy of 'runs/online-c1-chapter-audit-20261009/post-FINAL-metadata-before-v1.json', LF will be replaced by CRLF the next time Git touches it
warning: in the working copy of 'runs/online-c1-chapter-audit-20261009/post-FINAL-metadata-v1.py', LF will be replaced by CRLF the next time Git touches it
warning: in the working copy of 'runs/online-c1-chapter-audit-20261009/post-FINAL-retrieval-v1-exit.json', LF will be replaced by CRLF the next time Git touches it
warning: in the working copy of 'runs/online-c1-chapter-audit-20261009/post-FINAL-review-trial-v1-exit.json', LF will be replaced by CRLF the next time Git touches it
warning: in the working copy of 'runs/online-c1-chapter-audit-20261009/post-FINAL-shadow-gate-v1.json', LF will be replaced by CRLF the next time Git touches it
warning: in the working copy of 'runs/online-c1-chapter-audit-20261009/post-FINAL-shadow-memory-v1.md', LF will be replaced by CRLF the next time Git touches it
warning: in the working copy of 'runs/online-c1-chapter-audit-20261009/post-FINAL-status-field-repair-v2.md', LF will be replaced by CRLF the next time Git touches it
warning: in the working copy of 'runs/online-c1-chapter-audit-20261009/reader-integration-bindings-v4.json', LF will be replaced by CRLF the next time Git touches it
warning: in the working copy of 'runs/online-c1-chapter-audit-20261009/reader-integration-bindings-v5.json', LF will be replaced by CRLF the next time Git touches it
warning: in the working copy of 'runs/online-c1-chapter-audit-20261009/snapshots/before-post-FINAL-field-repair-v2.raw', LF will be replaced by CRLF the next time Git touches it
warning: in the working copy of 'runs/online-c1-chapter-audit-20261009/snapshots/before-post-FINAL-v1-00.raw', LF will be replaced by CRLF the next time Git touches it
warning: in the working copy of 'runs/online-c1-chapter-audit-20261009/snapshots/before-post-FINAL-v1-01.raw', LF will be replaced by CRLF the next time Git touches it
warning: in the working copy of 'runs/online-c1-chapter-audit-20261009/snapshots/before-post-FINAL-v1-02.raw', LF will be replaced by CRLF the next time Git touches it
warning: in the working copy of 'runs/online-c1-chapter-audit-20261009/snapshots/before-post-FINAL-v1-03.raw', LF will be replaced by CRLF the next time Git touches it
warning: in the working copy of 'runs/online-c1-chapter-audit-20261009/snapshots/before-post-FINAL-v1-04.raw', LF will be replaced by CRLF the next time Git touches it
warning: in the working copy of 'runs/online-c1-chapter-audit-20261009/snapshots/before-post-FINAL-v1-05.raw', LF will be replaced by CRLF the next time Git touches it
warning: in the working copy of 'runs/online-c1-chapter-audit-20261009/snapshots/before-post-FINAL-v1-06.raw', LF will be replaced by CRLF the next time Git touches it
warning: in the working copy of 'runs/online-c1-chapter-audit-20261009/snapshots/before-post-FINAL-v1-07.raw', LF will be replaced by CRLF the next time Git touches it
warning: in the working copy of 'runs/online-c1-chapter-audit-20261009/snapshots/reader-result-post-FINAL-field-repair-v5.raw', LF will be replaced by CRLF the next time Git touches it
warning: in the working copy of 'runs/online-c1-chapter-audit-20261009/snapshots/reader-result-post-FINAL-v4-0.raw', LF will be replaced by CRLF the next time Git touches it
warning: in the working copy of 'runs/online-c1-chapter-audit-20261009/snapshots/reader-result-post-FINAL-v4-1.raw', LF will be replaced by CRLF the next time Git touches it
warning: in the working copy of 'runs/online-c1-chapter-audit-20261009/snapshots/reader-result-post-FINAL-v4-2.raw', LF will be replaced by CRLF the next time Git touches it
warning: in the working copy of 'runs/online-c1-chapter-audit-20261009/snapshots/reader-result-post-FINAL-v4-3.raw', LF will be replaced by CRLF the next time Git touches it
warning: in the working copy of 'runs/online-c1-chapter-audit-20261009/verify-registry-v4.py', LF will be replaced by CRLF the next time Git touches it
