{
  "schema_version": 1,
  "mode": "shadow-read-only",
  "analyzed_at": "2026-10-09T04:44:48+00:00",
  "trials_path": "E:\\ABRL\\worktrees\\research-online-book\\runs\\online-c1-chapter-audit-20261009\\trials.jsonl",
  "trial_rows": 19,
  "status_counts": {
    "accepted": 3,
    "compiled": 6,
    "executed": 1,
    "failed": 9
  },
  "inferred_frontier": {
    "selected_task": "ONLINE-C1-CHAPTER-AUDIT-20261009",
    "selected_leaf": "ONLINE-C1-CHAPTER-AUDIT-20261009",
    "source_status": "accepted",
    "last_accepted_verifier": {
      "trial_index": 18,
      "time": "2026-10-09T04:43:54+00:00",
      "task": "ONLINE-C1-CHAPTER-AUDIT-20261009",
      "role": "reviewer",
      "kind": "review",
      "status": "accepted",
      "lean": "",
      "notes": "Formalizer records distinct source reviewer FINAL artifact:17 source objects accepted-with-explicit-delta, R1-R10/current10pixels/raw13exceptions adjudicated. Source integration only; postnative/current status-site/delivery still required; wholeGoalACTIVE. Obligations17->0 refers only reviewed source objects, not unknown proof-leaf total.",
      "run_id": "online-c1-chapter-audit-20261009"
    }
  },
  "memory_digest": {
    "path": "E:\\ABRL\\worktrees\\research-online-book\\runs\\online-c1-chapter-audit-20261009\\post-FINAL-shadow-memory-v1.md",
    "task": "ONLINE-C1-CHAPTER-AUDIT-20261009"
  },
  "recorded_frontier": {
    "schema_version": 1,
    "record_id": "frontier-20ded418f62a029c",
    "updated_at": "2026-10-09T04:44:48+00:00",
    "root_objective": "Persistent Orabona Chapters1-16; current Chapter1 source17 reconciliation only",
    "current_leaf": {
      "id": "ONLINE-C1-CHAPTER-AUDIT-20261009",
      "kind": "review",
      "status": "gate-pending",
      "statement": "All17 source audit objects reconciled after actual same-run4proofs/27canaries/combined gates and distinct FINAL. Current status-site/post-native/delivery gate pending; no chapter/Goal completion.",
      "statement_hash": "8244f6df7e4005832ad17330fdbd32210161bad9a9227fa1dbd16d42d1a6882e",
      "declaration": "",
      "file": "E:\\ABRL\\worktrees\\research-online-book\\runs\\online-c1-chapter-audit-20261009\\FINAL-review-v1.md",
      "source_status": "accepted",
      "dependencies": [
        {
          "kind": "review",
          "name": "source17-FINAL",
          "status": "accepted"
        }
      ]
    },
    "dag": {
      "nodes": [
        {
          "id": "ONLINE-C1-CHAPTER-AUDIT-20261009",
          "kind": "review",
          "status": "gate-pending",
          "dependencies": [
            {
              "kind": "review",
              "name": "source17-FINAL",
              "status": "accepted"
            }
          ],
          "dispatch_count": 0
        }
      ]
    },
    "last_accepted_verifier": {
      "trial_index": 18,
      "time": "2026-10-09T04:43:54+00:00",
      "task": "ONLINE-C1-CHAPTER-AUDIT-20261009",
      "role": "reviewer",
      "kind": "review",
      "status": "accepted",
      "lean": "",
      "notes": "Formalizer records distinct source reviewer FINAL artifact:17 source objects accepted-with-explicit-delta, R1-R10/current10pixels/raw13exceptions adjudicated. Source integration only; postnative/current status-site/delivery still required; wholeGoalACTIVE. Obligations17->0 refers only reviewed source objects, not unknown proof-leaf total.",
      "run_id": "online-c1-chapter-audit-20261009"
    },
    "memory_policy": {
      "recent_role_relevant_limit": 5,
      "explicit_verified_lemma_ids": [],
      "whole_history_default": false
    },
    "shadow_gate": {
      "status": "pending",
      "analyzed_trial_rows": 19,
      "mismatches": [],
      "replay_transitions": 0
    },
    "mutation_policy": {
      "canonical_path_queue": true,
      "cross_process_lock": true,
      "same_file_serialized": true,
      "disjoint_files_parallel": true
    },
    "autonomous_execution": {
      "enabled": false,
      "requires_deterministic_gates": true,
      "requires_explicit_user_request": true
    }
  },
  "mismatches": [],
  "would_mutate": false
}
