{
  "time": "2026-10-09T03:14:28+00:00",
  "task": "ONLINE-C1-CHAPTER-AUDIT-20261009",
  "role": "reviewer",
  "kind": "review",
  "status": "accepted",
  "notes": "Distinct CONTRACT/INVENTORY stabilization only; 196 RAW inputs verified. Required any-initial finite1+tail and upper family appended as17th source object. Four actual proofs and whole chapter gates pending.",
  "lean": "",
  "source": "",
  "run_id": "online-c1-chapter-audit-20261009",
  "changed_files": [],
  "statement_hash": "",
  "parent_id": "",
  "route_fingerprint": "",
  "verifier_evidence": [
    "E:\\ABRL\\worktrees\\research-online-book\\runs\\online-c1-chapter-audit-20261009\\source-contract-receipt-v3.json",
    "E:\\ABRL\\worktrees\\research-online-book\\runs\\online-c1-chapter-audit-20261009\\source-contract-review-v3.md"
  ],
  "harness": "",
  "experiment_id": "",
  "target_fingerprint": "",
  "route_packet_hash": "",
  "attempt_id": "C1-CONTRACT-REPAIR-V3",
  "worker_id": "",
  "progress_class": "diagnostic",
  "reviewer_validated": false,
  "obligations_before": 0,
  "obligations_after": 0,
  "new_declarations": [],
  "reused_declarations": [],
  "dag_nodes": 0,
  "dag_depth": 0,
  "elapsed_seconds": 0.0,
  "lean_check_seconds": 0.0,
  "prompt_chars": 0,
  "input_tokens": 0,
  "output_tokens": 0,
  "error_signature": ""
}
