{
  "time": "2026-10-09T03:57:34+00:00",
  "task": "ONLINE-C1-CHAPTER-AUDIT-20261009",
  "role": "lower",
  "kind": "build",
  "status": "compiled",
  "notes": "Exact27 canary headers unchanged. v1 actual Nat.cast_one type mismatch; v2 proof-body-only simplification compiled. Real public producers/wholevalues/standardaxioms/directVALUE/fences checked separately. Tests root/chapter acceptance pending.",
  "lean": "",
  "source": "",
  "run_id": "online-c1-chapter-audit-20261009",
  "changed_files": [],
  "statement_hash": "",
  "parent_id": "",
  "route_fingerprint": "",
  "verifier_evidence": [
    "E:\\ABRL\\worktrees\\research-online-book\\runs\\online-c1-chapter-audit-20261009\\leaves\\chapter-canary-focused-v2-attempt.json",
    "E:\\ABRL\\worktrees\\research-online-book\\runs\\online-c1-chapter-audit-20261009\\chapter-canary-focused-v2-exit.json"
  ],
  "harness": "",
  "experiment_id": "",
  "target_fingerprint": "",
  "route_packet_hash": "",
  "attempt_id": "CHAPTER-CANARY-FOCUSED-V2",
  "worker_id": "",
  "progress_class": "compiled-leaf",
  "reviewer_validated": false,
  "obligations_before": 0,
  "obligations_after": 0,
  "new_declarations": [],
  "reused_declarations": [],
  "dag_nodes": 0,
  "dag_depth": 0,
  "elapsed_seconds": 0.0,
  "lean_check_seconds": 0.0,
  "prompt_chars": 0,
  "input_tokens": 0,
  "output_tokens": 0,
  "error_signature": ""
}
