{
  "time": "2026-10-09T03:25:19+00:00",
  "task": "ONLINE-C1-CHAPTER-AUDIT-20261009",
  "role": "lower",
  "kind": "build",
  "status": "failed",
  "notes": "Actual focused command/body snapshot recorded, exact frozen headers unchanged. Syntax/tactic failures retained; compiled only, distinct BODY/public canary/chapter gates pending.",
  "lean": "",
  "source": "",
  "run_id": "online-c1-chapter-audit-20261009",
  "changed_files": [],
  "statement_hash": "",
  "parent_id": "",
  "route_fingerprint": "",
  "verifier_evidence": [
    "E:\\ABRL\\worktrees\\research-online-book\\runs\\online-c1-chapter-audit-20261009\\leaves\\G001-focused-v1-attempt.json",
    "E:\\ABRL\\worktrees\\research-online-book\\runs\\online-c1-chapter-audit-20261009\\G001-focused-v1-exit.json"
  ],
  "harness": "",
  "experiment_id": "",
  "target_fingerprint": "",
  "route_packet_hash": "",
  "attempt_id": "G001-FOCUSED-V1",
  "worker_id": "",
  "progress_class": "diagnostic",
  "reviewer_validated": false,
  "obligations_before": 0,
  "obligations_after": 0,
  "new_declarations": [],
  "reused_declarations": [],
  "dag_nodes": 0,
  "dag_depth": 0,
  "elapsed_seconds": 0.0,
  "lean_check_seconds": 0.0,
  "prompt_chars": 0,
  "input_tokens": 0,
  "output_tokens": 0,
  "error_signature": ""
}
