✖ [3325/3326] Building BanditRLProof.OnlineLearningRegret (6.8s)
trace: .> LEAN_PATH=E:\ABRL\research\.lake\packages\Cli\.lake\build\lib\lean;E:\ABRL\research\.lake\packages\batteries\.lake\build\lib\lean;E:\ABRL\research\.lake\packages\Qq\.lake\build\lib\lean;E:\ABRL\research\.lake\packages\aesop\.lake\build\lib\lean;E:\ABRL\research\.lake\packages\proofwidgets\.lake\build\lib\lean;E:\ABRL\research\.lake\packages\importGraph\.lake\build\lib\lean;E:\ABRL\research\.lake\packages\LeanSearchClient\.lake\build\lib\lean;E:\ABRL\research\.lake\packages\plausible\.lake\build\lib\lean;E:\ABRL\research\.lake\packages\mathlib\.lake\build\lib\lean;E:\ABRL\worktrees\research-online-book\.lake\build\lib\lean c:\Users\admin\.elan\toolchains\leanprover--lean4---v4.29.1\bin\lean.exe E:\ABRL\worktrees\research-online-book\BanditRLProof\OnlineLearningRegret.lean -o E:\ABRL\worktrees\research-online-book\.lake\build\lib\lean\BanditRLProof\OnlineLearningRegret.olean -i E:\ABRL\worktrees\research-online-book\.lake\build\lib\lean\BanditRLProof\OnlineLearningRegret.ilean -c E:\ABRL\worktrees\research-online-book\.lake\build\ir\BanditRLProof\OnlineLearningRegret.c --setup E:\ABRL\worktrees\research-online-book\.lake\build\ir\BanditRLProof\OnlineLearningRegret.setup.json --json
error: BanditRLProof/OnlineLearningRegret.lean:24:33: Invalid field `symm`: The environment does not contain `Function.symm`, so it is not possible to project the field `symm` from an expression
  Finset.sum_sub_distrib
of type
  ∀ (f g : ?m.13 → ?m.14), ∑ x ∈ ?m.15, (f x - g x) = ∑ x ∈ ?m.15, f x - ∑ x ∈ ?m.15, g x
error: BanditRLProof/OnlineLearningRegret.lean:31:44: failed to synthesize instance of type class
  TopologicalSpace ℝ

Hint: Type class instance resolution failures can be inspected with the `set_option trace.Meta.synthInstance true` command.
error: BanditRLProof/OnlineLearningRegret.lean:34:45: failed to synthesize instance of type class
  TopologicalSpace ℝ

Hint: Type class instance resolution failures can be inspected with the `set_option trace.Meta.synthInstance true` command.
error: BanditRLProof/OnlineLearningRegret.lean:34:45: failed to synthesize instance of type class
  OrderTopology ℝ

Hint: Type class instance resolution failures can be inspected with the `set_option trace.Meta.synthInstance true` command.
error: Lean exited with code 1
✔ [3326/3326] Built BanditRLProof.OnlineLearningStochastic (10s)
Some required targets logged failures:
- BanditRLProof.OnlineLearningRegret
error: build failed
