BanditRLProof/OnlineLearningFoundations.lean:11:7: error(lean.synthInstanceFailed): failed to synthesize instance of type class
  AddCommMonoid ℝ

Hint: Type class instance resolution failures can be inspected with the `set_option trace.Meta.synthInstance true` command.
BanditRLProof/OnlineLearningFoundations.lean:11:50: error(lean.synthInstanceFailed): failed to synthesize instance of type class
  AddCommMonoid ℝ

Hint: Type class instance resolution failures can be inspected with the `set_option trace.Meta.synthInstance true` command.
BanditRLProof/OnlineLearningFoundations.lean:12:5: error(lean.synthInstanceFailed): failed to synthesize instance of type class
  AddCommMonoid ℝ

Hint: Type class instance resolution failures can be inspected with the `set_option trace.Meta.synthInstance true` command.
BanditRLProof/OnlineLearningFoundations.lean:13:6: error(lean.synthInstanceFailed): failed to synthesize instance of type class
  AddCommMonoid ℝ

Hint: Type class instance resolution failures can be inspected with the `set_option trace.Meta.synthInstance true` command.
BanditRLProof/OnlineLearningFoundations.lean:15:9: error: unsolved goals
case zero
ℝ : Type u_2
X : Type u_1
V : Set X
loss : ℕ → X → ℝ
leader : ℕ → X
hmem : ∀ (n : ℕ), 0 < n → n ≤ 0 → leader n ∈ V
hmin : ∀ (n : ℕ), 0 < n → n ≤ 0 → ∀ u ∈ V, sorry ≤ sorry
⊢ sorry () ≤ sorry ()
