{
  "time": "2026-10-07T15:24:01+00:00",
  "task": "ONLINE-FTL-STATE-20261007",
  "role": "reviewer",
  "kind": "review",
  "status": "accepted",
  "notes": "ONLINE-FTL-STATE-20261007 Nine new public proofs and three definitions close two required source subobligations: arbitrary feasible initial prediction and actual recursive exact-real mean/count state. Four old Mean proofs retained; every old FTL declaration retained. Six validation proofs are not six book results. Chapter1 W/V action-domain mapping, logarithmic lower-bound/source-claim audit and actual chapter reconciliation remain required. Source inventory16 maintext items; mandatory proof totalnull. Actual main-relative gate resolves Mean, seven other gaps Asymptotic/Foundations/History/IID/Information/Regret/Stochastic FAILUNWAIVED. Chapter2null/incomplete,3–16unenumerated,necessaryappendicesrequired,wholeGoalACTIVE. No merge/main/live/retirement. Source arbitraryinitial printed3/PDF15, running-summary printed6/PDF18, half-onlyquarter printed4–5/PDF16–17. Actual24kernel/19exacttypeidentities/19fulltheoremfences/16VALUE1979refs. Exact-real noncomputable count/value, no fixed-bit/runtime certificate. Same fixed c/strictprefix/currentlabel afterprediction; firststepcancelsc; allreal algebraic versus intervalfeasibility; six actual canaries including changing means/currentperturbation/halfregret/outside2/feasible1notquarter. All preparation/guard/recursive-rfl/layout/no-goal/digest-version failures and repairs retained, no source weakening. Distinct required automated actors reusedhistory/requestedAstra-medium/nohumanexternalruntimeattestation.",
  "lean": "",
  "source": "",
  "run_id": "online-ftl-state-20261007",
  "changed_files": [],
  "statement_hash": "31d9a9d7df19f4dab2dbc615bf2bd407cccde96fd352beda09150b6a07eb40b3",
  "parent_id": "",
  "route_fingerprint": "",
  "verifier_evidence": [
    "E:\\ABRL\\worktrees\\research-online-book\\runs\\online-ftl-state-20261007\\final-reader-receipt-v1.json"
  ],
  "harness": "hierarchical",
  "experiment_id": "",
  "target_fingerprint": "",
  "route_packet_hash": "",
  "attempt_id": "FTL-STATE-BODIES-V1",
  "worker_id": "",
  "progress_class": "closed-frontier",
  "reviewer_validated": true,
  "obligations_before": 0,
  "obligations_after": 0,
  "new_declarations": [
    "BanditRL.OnlineLearning.empiricalMean_succ",
    "BanditRL.OnlineLearning.ftlPredict_prefix",
    "BanditRL.OnlineLearning.ftlPredict_mem",
    "BanditRL.OnlineLearning.ftlPredict_half",
    "BanditRL.OnlineLearning.ftlState_first",
    "BanditRL.OnlineLearning.ftlState_eq_predict",
    "BanditRL.OnlineLearning.ftlState_prefix",
    "BanditRL.OnlineLearning.ftlState_mem",
    "BanditRL.OnlineLearning.ftlState_half"
  ],
  "reused_declarations": [],
  "dag_nodes": 0,
  "dag_depth": 0,
  "elapsed_seconds": 0.0,
  "lean_check_seconds": 0.0,
  "prompt_chars": 0,
  "input_tokens": 0,
  "output_tokens": 0,
  "error_signature": ""
}
