{
  "id": "mem-8ac09e4a39e1931f",
  "created_at": "2026-10-07T15:24:03+00:00",
  "type": "source_fact",
  "task": "ONLINE-FTL-STATE-20261007",
  "provenance": {
    "kind": "local_first_retrieval",
    "reference": "E:\\ABRL\\worktrees\\research-online-book\\runs\\online-ftl-state-20261007\\all-exact-types-v2-exit.json"
  },
  "assumptions": [],
  "declaration": "",
  "file": "",
  "status": "verified",
  "verifier_evidence": [
    "E:\\ABRL\\worktrees\\research-online-book\\runs\\online-ftl-state-20261007\\leaves\\all-exact-types-v2.lean"
  ],
  "supersession": {
    "supersedes": [],
    "reason": ""
  },
  "roles": [],
  "details": {
    "query": "Generalinitial causal FTL real mean count local transition alltime state identity",
    "search_order": [
      "local declarations",
      "ABRL theorem cards",
      "Mathlib cards"
    ],
    "candidates": [
      "BanditRL.OnlineLearning.empiricalMean_succ",
      "BanditRL.OnlineLearning.ftlState_eq_predict"
    ],
    "rejections": [],
    "compiled_scratch": "E:\\ABRL\\worktrees\\research-online-book\\runs\\online-ftl-state-20261007\\leaves\\all-exact-types-v2.lean"
  }
}
