{
  "schema_version": 1,
  "entry_id": "entry-d98e2fb80d25a1c9",
  "session_id": "ONLINE-FTL-STATE-20261007",
  "sequence": 14,
  "parent_id": "entry-810b8d20b08e0d7b",
  "event_type": "accepted",
  "created_at": "2026-10-07T15:24:02+00:00",
  "payload": {
    "run_id": "online-ftl-state-20261007",
    "contract_version": 1,
    "accepted_decision": "E:/ABRL/worktrees/research-online-book/runs/online-ftl-state-20261007/accepted-decision-v1.json",
    "source_package_accepted": true,
    "chapter_complete": false,
    "goal_complete": false,
    "merged": false,
    "live": false,
    "new_public_math": 9,
    "new_public_definitions": 3,
    "new_source_subobligation_closures": 2,
    "new_production_registry_nodes": 12,
    "new_named_validation_proofs": 6
  }
}
