{
  "schema_version": 1,
  "mode": "shadow-read-only",
  "analyzed_at": "2026-10-07T15:24:02+00:00",
  "trials_path": "E:\\ABRL\\worktrees\\research-online-book\\runs\\online-ftl-state-20261007\\accepted-scoped-trials-v1.jsonl",
  "trial_rows": 12,
  "status_counts": {
    "accepted": 1,
    "compiled": 11
  },
  "inferred_frontier": {
    "selected_task": "ONLINE-FTL-STATE-20261007",
    "selected_leaf": "ONLINE-FTL-STATE-20261007",
    "source_status": "accepted",
    "last_accepted_verifier": {
      "trial_index": 11,
      "time": "2026-10-07T15:24:01+00:00",
      "task": "ONLINE-FTL-STATE-20261007",
      "role": "reviewer",
      "kind": "review",
      "status": "accepted",
      "lean": "",
      "notes": "ONLINE-FTL-STATE-20261007 Nine new public proofs and three definitions close two required source subobligations: arbitrary feasible initial prediction and actual recursive exact-real mean/count state. Four old Mean proofs retained; every old FTL declaration retained. Six validation proofs are not six book results. Chapter1 W/V action-domain mapping, logarithmic lower-bound/source-claim audit and actual chapter reconciliation remain required. Source inventory16 maintext items; mandatory proof totalnull. Actual main-relative gate resolves Mean, seven other gaps Asymptotic/Foundations/History/IID/Information/Regret/Stochastic FAILUNWAIVED. Chapter2null/incomplete,3–16unenumerated,necessaryappendicesrequired,wholeGoalACTIVE. No merge/main/live/retirement. Source arbitraryinitial printed3/PDF15, running-summary printed6/PDF18, half-onlyquarter printed4–5/PDF16–17. Actual24kernel/19exacttypeidentities/19fulltheoremfences/16VALUE1979refs. Exact-real noncomputable count/value, no fixed-bit/runtime certificate. Same fixed c/strictprefix/currentlabel afterprediction; firststepcancelsc; allreal algebraic versus intervalfeasibility; six actual canaries including changing means/currentperturbation/halfregret/outside2/feasible1notquarter. All preparation/guard/recursive-rfl/layout/no-goal/digest-version failures and repairs retained, no source weakening. Distinct required automated actors reusedhistory/requestedAstra-medium/nohumanexternalruntimeattestation.",
      "run_id": "online-ftl-state-20261007"
    }
  },
  "memory_digest": {
    "path": "E:\\ABRL\\worktrees\\research-online-book\\runs\\online-ftl-state-20261007\\memory-digest-accepted-v1.md",
    "task": ""
  },
  "recorded_frontier": {
    "schema_version": 1,
    "record_id": "frontier-b2d65479948777c2",
    "updated_at": "2026-10-07T15:24:02+00:00",
    "root_objective": "Persistent Orabona Chapters1–16; two causal FTL state obligations accepted",
    "current_leaf": {
      "id": "ONLINE-FTL-STATE-20261007",
      "kind": "lean",
      "status": "accepted",
      "statement": "theorem ftlState_eq_predict (initial : ℝ) (y : ℕ → ℝ) (t : ℕ) : ftlState initial y t = (t, ftlPredict initial y t)",
      "statement_hash": "31d9a9d7df19f4dab2dbc615bf2bd407cccde96fd352beda09150b6a07eb40b3",
      "declaration": "BanditRL.OnlineLearning.ftlState_eq_predict",
      "file": "BanditRLProof\\OnlineLearningFTLState.lean",
      "source_status": "source-reviewed",
      "dependencies": [
        {
          "kind": "lean",
          "name": "BanditRL.OnlineLearning.empiricalMean_succ",
          "status": "compiled"
        },
        {
          "kind": "review",
          "name": "source-reader",
          "status": "accepted"
        }
      ]
    },
    "dag": {
      "nodes": [
        {
          "id": "ONLINE-FTL-STATE-20261007",
          "kind": "lean",
          "status": "accepted",
          "dependencies": [
            {
              "kind": "lean",
              "name": "BanditRL.OnlineLearning.empiricalMean_succ",
              "status": "compiled"
            },
            {
              "kind": "review",
              "name": "source-reader",
              "status": "accepted"
            }
          ],
          "dispatch_count": 0
        }
      ]
    },
    "last_accepted_verifier": {
      "trial_index": 11,
      "time": "2026-10-07T15:24:01+00:00",
      "task": "ONLINE-FTL-STATE-20261007",
      "role": "reviewer",
      "kind": "review",
      "status": "accepted",
      "lean": "",
      "notes": "ONLINE-FTL-STATE-20261007 Nine new public proofs and three definitions close two required source subobligations: arbitrary feasible initial prediction and actual recursive exact-real mean/count state. Four old Mean proofs retained; every old FTL declaration retained. Six validation proofs are not six book results. Chapter1 W/V action-domain mapping, logarithmic lower-bound/source-claim audit and actual chapter reconciliation remain required. Source inventory16 maintext items; mandatory proof totalnull. Actual main-relative gate resolves Mean, seven other gaps Asymptotic/Foundations/History/IID/Information/Regret/Stochastic FAILUNWAIVED. Chapter2null/incomplete,3–16unenumerated,necessaryappendicesrequired,wholeGoalACTIVE. No merge/main/live/retirement. Source arbitraryinitial printed3/PDF15, running-summary printed6/PDF18, half-onlyquarter printed4–5/PDF16–17. Actual24kernel/19exacttypeidentities/19fulltheoremfences/16VALUE1979refs. Exact-real noncomputable count/value, no fixed-bit/runtime certificate. Same fixed c/strictprefix/currentlabel afterprediction; firststepcancelsc; allreal algebraic versus intervalfeasibility; six actual canaries including changing means/currentperturbation/halfregret/outside2/feasible1notquarter. All preparation/guard/recursive-rfl/layout/no-goal/digest-version failures and repairs retained, no source weakening. Distinct required automated actors reusedhistory/requestedAstra-medium/nohumanexternalruntimeattestation.",
      "run_id": "online-ftl-state-20261007"
    },
    "memory_policy": {
      "recent_role_relevant_limit": 5,
      "explicit_verified_lemma_ids": [],
      "whole_history_default": false
    },
    "shadow_gate": {
      "status": "pending",
      "analyzed_trial_rows": 12,
      "mismatches": [],
      "replay_transitions": 0
    },
    "mutation_policy": {
      "canonical_path_queue": true,
      "cross_process_lock": true,
      "same_file_serialized": true,
      "disjoint_files_parallel": true
    },
    "autonomous_execution": {
      "enabled": false,
      "requires_deterministic_gates": true,
      "requires_explicit_user_request": true
    }
  },
  "mismatches": [],
  "would_mutate": false
}
