{
  "id": "mem-ec9c4aec21e35990",
  "created_at": "2026-10-07T15:24:02+00:00",
  "type": "verified_lemma",
  "task": "ONLINE-FTL-STATE-20261007",
  "provenance": {
    "kind": "source-reviewed-new-proof-package",
    "reference": "E:\\ABRL\\worktrees\\research-online-book\\runs\\online-ftl-state-20261007\\accepted-decision-v1.json"
  },
  "assumptions": [],
  "declaration": "BanditRL.OnlineLearning.ftlState_eq_predict",
  "file": "BanditRLProof\\OnlineLearningFTLState.lean",
  "status": "verified",
  "verifier_evidence": [
    "E:\\ABRL\\worktrees\\research-online-book\\runs\\online-ftl-state-20261007\\final-reader-receipt-v1.json"
  ],
  "supersession": {
    "supersedes": [],
    "reason": ""
  },
  "roles": [
    "reviewer"
  ],
  "details": {
    "scope": "Nine new public proofs and three definitions close two required source subobligations: arbitrary feasible initial prediction and actual recursive exact-real mean/count state. Four old Mean proofs retained; every old FTL declaration retained. Six validation proofs are not six book results.",
    "remaining_required": "Chapter1 W/V action-domain mapping, logarithmic lower-bound/source-claim audit and actual chapter reconciliation remain required. Source inventory16 maintext items; mandatory proof totalnull. Actual main-relative gate resolves Mean, seven other gaps Asymptotic/Foundations/History/IID/Information/Regret/Stochastic FAILUNWAIVED. Chapter2null/incomplete,3–16unenumerated,necessaryappendicesrequired,wholeGoalACTIVE. No merge/main/live/retirement.",
    "source_package_accepted": true,
    "chapter_complete": false,
    "goal_complete": false,
    "merged": false,
    "live": false,
    "new_public_math": 9,
    "new_public_definitions": 3,
    "new_source_subobligation_closures": 2,
    "new_production_registry_nodes": 12,
    "new_named_validation_proofs": 6
  }
}
