'BanditRL.OnlineLearning.empiricalMean_decomposition' depends on axioms: [propext, Classical.choice, Quot.sound]
'BanditRL.OnlineLearning.empiricalMean_minimizes' depends on axioms: [propext, Classical.choice, Quot.sound]
'BanditRL.OnlineLearning.empiricalMean_mem' depends on axioms: [propext, Classical.choice, Quot.sound]
'BanditRL.OnlineLearning.empiricalMean_unique' depends on axioms: [propext, Classical.choice, Quot.sound]
'BanditRL.OnlineLearning.empiricalMean_succ' depends on axioms: [propext, Classical.choice, Quot.sound]
'BanditRL.OnlineLearning.ftlPredict_prefix' depends on axioms: [propext, Classical.choice, Quot.sound]
'BanditRL.OnlineLearning.ftlPredict_mem' depends on axioms: [propext, Classical.choice, Quot.sound]
'BanditRL.OnlineLearning.ftlPredict_half' depends on axioms: [propext, Classical.choice, Quot.sound]
'BanditRL.OnlineLearning.ftlState_first' depends on axioms: [propext, Classical.choice, Quot.sound]
'BanditRL.OnlineLearning.ftlState_eq_predict' depends on axioms: [propext, Classical.choice, Quot.sound]
'BanditRL.OnlineLearning.ftlState_prefix' depends on axioms: [propext, Classical.choice, Quot.sound]
'BanditRL.OnlineLearning.ftlState_mem' depends on axioms: [propext, Classical.choice, Quot.sound]
'BanditRL.OnlineLearning.ftlState_half' depends on axioms: [propext, Classical.choice, Quot.sound]
'FTLStateProbe.initial_and_first' depends on axioms: [propext, Classical.choice, Quot.sound]
'FTLStateProbe.varying_updates' depends on axioms: [propext, Classical.choice, Quot.sound]
'FTLStateProbe.current_target_after_prediction' depends on axioms: [propext, Classical.choice, Quot.sound]
'FTLStateProbe.feasibility_and_outside' depends on axioms: [propext, Classical.choice, Quot.sound]
'FTLStateProbe.half_state_regret' depends on axioms: [propext, Classical.choice, Quot.sound]
'FTLStateProbe.general_initial_not_quarter' depends on axioms: [propext, Classical.choice, Quot.sound]
'BanditRL.OnlineLearning.empiricalMean' depends on axioms: [propext, Classical.choice, Quot.sound]
'BanditRL.OnlineLearning.ftlPredict' depends on axioms: [propext, Classical.choice, Quot.sound]
'BanditRL.OnlineLearning.ftlMeanStep' depends on axioms: [propext, Classical.choice, Quot.sound]
'BanditRL.OnlineLearning.ftlState' depends on axioms: [propext, Classical.choice, Quot.sound]
'FTLStateProbe.probeTargets' depends on axioms: [propext, Classical.choice, Quot.sound]
