E:\ABRL\worktrees\research-online-book\runs\online-ftl-state-20261007\leaves\all-exact-types-v2.lean:16:27: warning: unused variable `hn`

Note: This linter can be disabled with `set_option linter.unusedVariables false`
E:\ABRL\worktrees\research-online-book\runs\online-ftl-state-20261007\leaves\all-exact-types-v2.lean:22:27: warning: unused variable `hn`

Note: This linter can be disabled with `set_option linter.unusedVariables false`
E:\ABRL\worktrees\research-online-book\runs\online-ftl-state-20261007\leaves\all-exact-types-v2.lean:27:27: warning: unused variable `hn`

Note: This linter can be disabled with `set_option linter.unusedVariables false`
E:\ABRL\worktrees\research-online-book\runs\online-ftl-state-20261007\leaves\all-exact-types-v2.lean:28:5: warning: unused variable `hy`

Note: This linter can be disabled with `set_option linter.unusedVariables false`
E:\ABRL\worktrees\research-online-book\runs\online-ftl-state-20261007\leaves\all-exact-types-v2.lean:32:27: warning: unused variable `hn`

Note: This linter can be disabled with `set_option linter.unusedVariables false`
E:\ABRL\worktrees\research-online-book\runs\online-ftl-state-20261007\leaves\all-exact-types-v2.lean:33:5: warning: unused variable `hu`

Note: This linter can be disabled with `set_option linter.unusedVariables false`
E:\ABRL\worktrees\research-online-book\runs\online-ftl-state-20261007\leaves\all-exact-types-v2.lean:44:5: warning: unused variable `h`

Note: This linter can be disabled with `set_option linter.unusedVariables false`
E:\ABRL\worktrees\research-online-book\runs\online-ftl-state-20261007\leaves\all-exact-types-v2.lean:49:5: warning: unused variable `hi`

Note: This linter can be disabled with `set_option linter.unusedVariables false`
E:\ABRL\worktrees\research-online-book\runs\online-ftl-state-20261007\leaves\all-exact-types-v2.lean:50:5: warning: unused variable `hy`

Note: This linter can be disabled with `set_option linter.unusedVariables false`
E:\ABRL\worktrees\research-online-book\runs\online-ftl-state-20261007\leaves\all-exact-types-v2.lean:67:5: warning: unused variable `h`

Note: This linter can be disabled with `set_option linter.unusedVariables false`
E:\ABRL\worktrees\research-online-book\runs\online-ftl-state-20261007\leaves\all-exact-types-v2.lean:72:5: warning: unused variable `hi`

Note: This linter can be disabled with `set_option linter.unusedVariables false`
E:\ABRL\worktrees\research-online-book\runs\online-ftl-state-20261007\leaves\all-exact-types-v2.lean:73:5: warning: unused variable `hy`

Note: This linter can be disabled with `set_option linter.unusedVariables false`
Neutral.N01 : Prop
Neutral.N02 : Prop
Neutral.N03 : Prop
Neutral.N04 : Prop
Neutral.N05 : Prop
Neutral.N06 : Prop
Neutral.N07 : Prop
Neutral.N08 : Prop
Neutral.N09 : Prop
Neutral.N10 : Prop
Neutral.N11 : Prop
Neutral.N12 : Prop
Neutral.N13 : Prop
Neutral.N14 : Prop
Neutral.N15 : Prop
Neutral.N16 : Prop
Neutral.N17 : Prop
Neutral.N18 : Prop
Neutral.N19 : Prop
BanditRL.OnlineLearning.ftlPredict (initial : ℝ) (y : ℕ → ℝ) (t : ℕ) : ℝ
'BanditRL.OnlineLearning.ftlPredict' depends on axioms: [propext, Classical.choice, Quot.sound]
BanditRL.OnlineLearning.ftlMeanStep (state : ℕ × ℝ) (target : ℝ) : ℕ × ℝ
'BanditRL.OnlineLearning.ftlMeanStep' depends on axioms: [propext, Classical.choice, Quot.sound]
BanditRL.OnlineLearning.ftlState (initial : ℝ) (y : ℕ → ℝ) : ℕ → ℕ × ℝ
'BanditRL.OnlineLearning.ftlState' depends on axioms: [propext, Classical.choice, Quot.sound]
E:\ABRL\worktrees\research-online-book\runs\online-ftl-state-20261007\leaves\all-exact-types-v2.lean:189:2: warning: 'all_goals rfl' tactic does nothing

Note: This linter can be disabled with `set_option linter.unusedTactic false`
E:\ABRL\worktrees\research-online-book\runs\online-ftl-state-20261007\leaves\all-exact-types-v2.lean:189:12: warning: this tactic is never executed

Note: This linter can be disabled with `set_option linter.unreachableTactic false`
E:\ABRL\worktrees\research-online-book\runs\online-ftl-state-20261007\leaves\all-exact-types-v2.lean:197:2: warning: 'all_goals rfl' tactic does nothing

Note: This linter can be disabled with `set_option linter.unusedTactic false`
E:\ABRL\worktrees\research-online-book\runs\online-ftl-state-20261007\leaves\all-exact-types-v2.lean:197:12: warning: this tactic is never executed

Note: This linter can be disabled with `set_option linter.unreachableTactic false`
E:\ABRL\worktrees\research-online-book\runs\online-ftl-state-20261007\leaves\all-exact-types-v2.lean:201:2: warning: 'all_goals rfl' tactic does nothing

Note: This linter can be disabled with `set_option linter.unusedTactic false`
E:\ABRL\worktrees\research-online-book\runs\online-ftl-state-20261007\leaves\all-exact-types-v2.lean:201:12: warning: this tactic is never executed

Note: This linter can be disabled with `set_option linter.unreachableTactic false`
E:\ABRL\worktrees\research-online-book\runs\online-ftl-state-20261007\leaves\all-exact-types-v2.lean:209:2: warning: 'all_goals rfl' tactic does nothing

Note: This linter can be disabled with `set_option linter.unusedTactic false`
E:\ABRL\worktrees\research-online-book\runs\online-ftl-state-20261007\leaves\all-exact-types-v2.lean:209:12: warning: this tactic is never executed

Note: This linter can be disabled with `set_option linter.unreachableTactic false`
E:\ABRL\worktrees\research-online-book\runs\online-ftl-state-20261007\leaves\all-exact-types-v2.lean:229:2: warning: 'all_goals rfl' tactic does nothing

Note: This linter can be disabled with `set_option linter.unusedTactic false`
E:\ABRL\worktrees\research-online-book\runs\online-ftl-state-20261007\leaves\all-exact-types-v2.lean:229:12: warning: this tactic is never executed

Note: This linter can be disabled with `set_option linter.unreachableTactic false`
