{
  "time": "2026-10-07T13:33:10+00:00",
  "task": "ONLINE-FTL-STATE-20261007",
  "role": "lower",
  "kind": "build",
  "status": "compiled",
  "notes": "Actual six validation proofs instantiate produced state/generalinitial/causality/feasibility/half sourcebound with changing target and counterexamples; not six bookresults. BODY/combined/reader/source acceptance pending.",
  "lean": "Tests\\OnlineLearningFTLStateCanary.lean",
  "source": "",
  "run_id": "online-ftl-state-20261007",
  "changed_files": [
    "Tests\\OnlineLearningFTLStateCanary.lean"
  ],
  "statement_hash": "",
  "parent_id": "",
  "route_fingerprint": "",
  "verifier_evidence": [
    "E:\\ABRL\\worktrees\\research-online-book\\runs\\online-ftl-state-20261007\\focused-canaries-v1-exit.json"
  ],
  "harness": "hierarchical",
  "experiment_id": "",
  "target_fingerprint": "",
  "route_packet_hash": "",
  "attempt_id": "FTL-STATE-CANARIES-V1",
  "worker_id": "",
  "progress_class": "compiled-leaf",
  "reviewer_validated": false,
  "obligations_before": 0,
  "obligations_after": 0,
  "new_declarations": [],
  "reused_declarations": [],
  "dag_nodes": 0,
  "dag_depth": 0,
  "elapsed_seconds": 0.0,
  "lean_check_seconds": 0.0,
  "prompt_chars": 0,
  "input_tokens": 0,
  "output_tokens": 0,
  "error_signature": ""
}
