{
  "time": "2026-10-07T13:39:40+00:00",
  "task": "ONLINE-FTL-STATE-20261007",
  "role": "lower",
  "kind": "build",
  "status": "compiled",
  "notes": "Actual central producer terminal closed from genuine local recursion/alltime mean recurrence;9newpublicproof3defs,6validationproof1def,24namedkernel/19exactprops/19fullguards/16prespecifiedVALUE calls. Sourcepackage/BODY/rootTests/fullharness/readerFINAL/native/PR/chapter/Goal pending.",
  "lean": "BanditRLProof\\OnlineLearningFTLState.lean",
  "source": "",
  "run_id": "online-ftl-state-20261007",
  "changed_files": [],
  "statement_hash": "",
  "parent_id": "",
  "route_fingerprint": "",
  "verifier_evidence": [
    "E:\\ABRL\\worktrees\\research-online-book\\runs\\online-ftl-state-20261007\\body-bindings-v1.json"
  ],
  "harness": "hierarchical",
  "experiment_id": "",
  "target_fingerprint": "",
  "route_packet_hash": "",
  "attempt_id": "FTL-STATE-BODIES-V1",
  "worker_id": "",
  "progress_class": "closed-frontier",
  "reviewer_validated": false,
  "obligations_before": 0,
  "obligations_after": 0,
  "new_declarations": [
    "BanditRL.OnlineLearning.ftlState_eq_predict"
  ],
  "reused_declarations": [
    "BanditRL.OnlineLearning.empiricalMean_mem"
  ],
  "dag_nodes": 0,
  "dag_depth": 0,
  "elapsed_seconds": 0.0,
  "lean_check_seconds": 0.0,
  "prompt_chars": 0,
  "input_tokens": 0,
  "output_tokens": 0,
  "error_signature": ""
}
