{
  "schema_version": 1,
  "entry_id": "entry-72ee167d0b479667",
  "session_id": "ONLINE-FTL-STATE-20261007",
  "sequence": 0,
  "parent_id": "",
  "event_type": "draft",
  "created_at": "2026-10-07T13:00:59+00:00",
  "payload": {
    "run_id": "online-ftl-state-20261007",
    "contract_version": 1,
    "exact_stacked_base": "e2323f4ca649a30e420bde1a33dbf1d4997c4c9b",
    "source_obligations": [
      "C1-FTL-GENERAL-INITIALIZATION",
      "C1-FTL-STREAMING-STATE"
    ],
    "chapter_complete": false,
    "goal_complete": false
  }
}
