{
  "time": "2026-10-07T13:21:16+00:00",
  "task": "ONLINE-FTL-STATE-20261007",
  "role": "lower",
  "kind": "build",
  "status": "compiled",
  "notes": "Actual alltime finite-sum recurrence compiled; original safe invocation with prose guard rejected. Literal header guard repair preserves exact statement/body, independent semantic contract. Producer terminal pending.",
  "lean": "BanditRLProof\\OnlineLearningMean.lean",
  "source": "",
  "run_id": "online-ftl-state-20261007",
  "changed_files": [
    "BanditRLProof\\OnlineLearningMean.lean"
  ],
  "statement_hash": "52e682000b5d38ceddc00e92f408d2ae89e4386100c976b1298aff14a53d6cb7",
  "parent_id": "",
  "route_fingerprint": "",
  "verifier_evidence": [
    "E:\\ABRL\\worktrees\\research-online-book\\runs\\online-ftl-state-20261007\\Mean-succ-named-v1-exit.json"
  ],
  "harness": "hierarchical",
  "experiment_id": "",
  "target_fingerprint": "",
  "route_packet_hash": "",
  "attempt_id": "FTL-STATE-MEAN-SUCC-V1",
  "worker_id": "",
  "progress_class": "compiled-leaf",
  "reviewer_validated": false,
  "obligations_before": 0,
  "obligations_after": 0,
  "new_declarations": [
    "BanditRL.OnlineLearning.empiricalMean_succ"
  ],
  "reused_declarations": [],
  "dag_nodes": 0,
  "dag_depth": 0,
  "elapsed_seconds": 0.0,
  "lean_check_seconds": 0.0,
  "prompt_chars": 0,
  "input_tokens": 0,
  "output_tokens": 0,
  "error_signature": ""
}
