E:\ABRL\worktrees\research-online-book\runs\online-ftl-state-20261007\leaves\neutral-closed-props-v1.lean:14:27: warning: unused variable `hn`

Note: This linter can be disabled with `set_option linter.unusedVariables false`
E:\ABRL\worktrees\research-online-book\runs\online-ftl-state-20261007\leaves\neutral-closed-props-v1.lean:20:27: warning: unused variable `hn`

Note: This linter can be disabled with `set_option linter.unusedVariables false`
E:\ABRL\worktrees\research-online-book\runs\online-ftl-state-20261007\leaves\neutral-closed-props-v1.lean:25:27: warning: unused variable `hn`

Note: This linter can be disabled with `set_option linter.unusedVariables false`
E:\ABRL\worktrees\research-online-book\runs\online-ftl-state-20261007\leaves\neutral-closed-props-v1.lean:26:5: warning: unused variable `hy`

Note: This linter can be disabled with `set_option linter.unusedVariables false`
E:\ABRL\worktrees\research-online-book\runs\online-ftl-state-20261007\leaves\neutral-closed-props-v1.lean:30:27: warning: unused variable `hn`

Note: This linter can be disabled with `set_option linter.unusedVariables false`
E:\ABRL\worktrees\research-online-book\runs\online-ftl-state-20261007\leaves\neutral-closed-props-v1.lean:31:5: warning: unused variable `hu`

Note: This linter can be disabled with `set_option linter.unusedVariables false`
E:\ABRL\worktrees\research-online-book\runs\online-ftl-state-20261007\leaves\neutral-closed-props-v1.lean:42:5: warning: unused variable `h`

Note: This linter can be disabled with `set_option linter.unusedVariables false`
E:\ABRL\worktrees\research-online-book\runs\online-ftl-state-20261007\leaves\neutral-closed-props-v1.lean:47:5: warning: unused variable `hi`

Note: This linter can be disabled with `set_option linter.unusedVariables false`
E:\ABRL\worktrees\research-online-book\runs\online-ftl-state-20261007\leaves\neutral-closed-props-v1.lean:48:5: warning: unused variable `hy`

Note: This linter can be disabled with `set_option linter.unusedVariables false`
E:\ABRL\worktrees\research-online-book\runs\online-ftl-state-20261007\leaves\neutral-closed-props-v1.lean:65:5: warning: unused variable `h`

Note: This linter can be disabled with `set_option linter.unusedVariables false`
E:\ABRL\worktrees\research-online-book\runs\online-ftl-state-20261007\leaves\neutral-closed-props-v1.lean:70:5: warning: unused variable `hi`

Note: This linter can be disabled with `set_option linter.unusedVariables false`
E:\ABRL\worktrees\research-online-book\runs\online-ftl-state-20261007\leaves\neutral-closed-props-v1.lean:71:5: warning: unused variable `hy`

Note: This linter can be disabled with `set_option linter.unusedVariables false`
Neutral.N01 : Prop
Neutral.N02 : Prop
Neutral.N03 : Prop
Neutral.N04 : Prop
Neutral.N05 : Prop
Neutral.N06 : Prop
Neutral.N07 : Prop
Neutral.N08 : Prop
Neutral.N09 : Prop
Neutral.N10 : Prop
Neutral.N11 : Prop
Neutral.N12 : Prop
Neutral.N13 : Prop
Neutral.N14 : Prop
Neutral.N15 : Prop
Neutral.N16 : Prop
Neutral.N17 : Prop
Neutral.N18 : Prop
Neutral.N19 : Prop
