E:\ABRL\worktrees\research-online-book\runs\online-ftl-state-20261007\leaves\state-definition-identities-v1.lean:15:27: warning: unused variable `hn`

Note: This linter can be disabled with `set_option linter.unusedVariables false`
E:\ABRL\worktrees\research-online-book\runs\online-ftl-state-20261007\leaves\state-definition-identities-v1.lean:21:27: warning: unused variable `hn`

Note: This linter can be disabled with `set_option linter.unusedVariables false`
E:\ABRL\worktrees\research-online-book\runs\online-ftl-state-20261007\leaves\state-definition-identities-v1.lean:26:27: warning: unused variable `hn`

Note: This linter can be disabled with `set_option linter.unusedVariables false`
E:\ABRL\worktrees\research-online-book\runs\online-ftl-state-20261007\leaves\state-definition-identities-v1.lean:27:5: warning: unused variable `hy`

Note: This linter can be disabled with `set_option linter.unusedVariables false`
E:\ABRL\worktrees\research-online-book\runs\online-ftl-state-20261007\leaves\state-definition-identities-v1.lean:31:27: warning: unused variable `hn`

Note: This linter can be disabled with `set_option linter.unusedVariables false`
E:\ABRL\worktrees\research-online-book\runs\online-ftl-state-20261007\leaves\state-definition-identities-v1.lean:32:5: warning: unused variable `hu`

Note: This linter can be disabled with `set_option linter.unusedVariables false`
E:\ABRL\worktrees\research-online-book\runs\online-ftl-state-20261007\leaves\state-definition-identities-v1.lean:43:5: warning: unused variable `h`

Note: This linter can be disabled with `set_option linter.unusedVariables false`
E:\ABRL\worktrees\research-online-book\runs\online-ftl-state-20261007\leaves\state-definition-identities-v1.lean:48:5: warning: unused variable `hi`

Note: This linter can be disabled with `set_option linter.unusedVariables false`
E:\ABRL\worktrees\research-online-book\runs\online-ftl-state-20261007\leaves\state-definition-identities-v1.lean:49:5: warning: unused variable `hy`

Note: This linter can be disabled with `set_option linter.unusedVariables false`
E:\ABRL\worktrees\research-online-book\runs\online-ftl-state-20261007\leaves\state-definition-identities-v1.lean:66:5: warning: unused variable `h`

Note: This linter can be disabled with `set_option linter.unusedVariables false`
E:\ABRL\worktrees\research-online-book\runs\online-ftl-state-20261007\leaves\state-definition-identities-v1.lean:71:5: warning: unused variable `hi`

Note: This linter can be disabled with `set_option linter.unusedVariables false`
E:\ABRL\worktrees\research-online-book\runs\online-ftl-state-20261007\leaves\state-definition-identities-v1.lean:72:5: warning: unused variable `hy`

Note: This linter can be disabled with `set_option linter.unusedVariables false`
Neutral.N01 : Prop
Neutral.N02 : Prop
Neutral.N03 : Prop
Neutral.N04 : Prop
Neutral.N05 : Prop
Neutral.N06 : Prop
Neutral.N07 : Prop
Neutral.N08 : Prop
Neutral.N09 : Prop
Neutral.N10 : Prop
Neutral.N11 : Prop
Neutral.N12 : Prop
Neutral.N13 : Prop
Neutral.N14 : Prop
Neutral.N15 : Prop
Neutral.N16 : Prop
Neutral.N17 : Prop
Neutral.N18 : Prop
Neutral.N19 : Prop
E:\ABRL\worktrees\research-online-book\runs\online-ftl-state-20261007\leaves\state-definition-identities-v1.lean:134:61: error: Tactic `rfl` failed: The left-hand side
  Neutral.d
is not definitionally equal to the right-hand side
  BanditRL.OnlineLearning.ftlState

⊢ Neutral.d = BanditRL.OnlineLearning.ftlState
BanditRL.OnlineLearning.ftlPredict (initial : ℝ) (y : ℕ → ℝ) (t : ℕ) : ℝ
'BanditRL.OnlineLearning.ftlPredict' depends on axioms: [propext, Classical.choice, Quot.sound]
BanditRL.OnlineLearning.ftlMeanStep (state : ℕ × ℝ) (target : ℝ) : ℕ × ℝ
'BanditRL.OnlineLearning.ftlMeanStep' depends on axioms: [propext, Classical.choice, Quot.sound]
BanditRL.OnlineLearning.ftlState (initial : ℝ) (y : ℕ → ℝ) : ℕ → ℕ × ℝ
'BanditRL.OnlineLearning.ftlState' depends on axioms: [propext, Classical.choice, Quot.sound]
