{
  "time": "2026-10-07T13:30:06+00:00",
  "task": "ONLINE-FTL-STATE-20261007",
  "role": "lower",
  "kind": "build",
  "status": "compiled",
  "notes": "Actual dependency-ready state leaf compiled at exact frozen header; no sourcepackage/Chapter acceptance.",
  "lean": "BanditRLProof\\OnlineLearningFTLState.lean",
  "source": "",
  "run_id": "online-ftl-state-20261007",
  "changed_files": [
    "BanditRLProof\\OnlineLearningFTLState.lean"
  ],
  "statement_hash": "1a110f28387d6c6435b72bdbee196cdea8a6bd9cbb9de1d23edff22f20ee283e",
  "parent_id": "",
  "route_fingerprint": "",
  "verifier_evidence": [
    "E:\\ABRL\\worktrees\\research-online-book\\runs\\online-ftl-state-20261007\\focused-ftlState_first-v1-exit.json"
  ],
  "harness": "hierarchical",
  "experiment_id": "",
  "target_fingerprint": "",
  "route_packet_hash": "",
  "attempt_id": "FTL-STATE-ftlState_first-V1",
  "worker_id": "",
  "progress_class": "compiled-leaf",
  "reviewer_validated": false,
  "obligations_before": 0,
  "obligations_after": 0,
  "new_declarations": [
    "BanditRL.OnlineLearning.ftlState_first"
  ],
  "reused_declarations": [],
  "dag_nodes": 0,
  "dag_depth": 0,
  "elapsed_seconds": 0.0,
  "lean_check_seconds": 0.0,
  "prompt_chars": 0,
  "input_tokens": 0,
  "output_tokens": 0,
  "error_signature": ""
}
