{
  "time": "2026-10-07T13:30:28+00:00",
  "task": "ONLINE-FTL-STATE-20261007",
  "role": "lower",
  "kind": "build",
  "status": "compiled",
  "notes": "Actual dependency-ready state leaf compiled at exact frozen header; no sourcepackage/Chapter acceptance.",
  "lean": "BanditRLProof\\OnlineLearningFTLState.lean",
  "source": "",
  "run_id": "online-ftl-state-20261007",
  "changed_files": [
    "BanditRLProof\\OnlineLearningFTLState.lean"
  ],
  "statement_hash": "683b0a71ce0933ba9f760728f39a87120b109dec635e0aa0a0e6978d872347ae",
  "parent_id": "",
  "route_fingerprint": "",
  "verifier_evidence": [
    "E:\\ABRL\\worktrees\\research-online-book\\runs\\online-ftl-state-20261007\\focused-ftlState_prefix-v1-exit.json"
  ],
  "harness": "hierarchical",
  "experiment_id": "",
  "target_fingerprint": "",
  "route_packet_hash": "",
  "attempt_id": "FTL-STATE-ftlState_prefix-V1",
  "worker_id": "",
  "progress_class": "compiled-leaf",
  "reviewer_validated": false,
  "obligations_before": 0,
  "obligations_after": 0,
  "new_declarations": [
    "BanditRL.OnlineLearning.ftlState_prefix"
  ],
  "reused_declarations": [],
  "dag_nodes": 0,
  "dag_depth": 0,
  "elapsed_seconds": 0.0,
  "lean_check_seconds": 0.0,
  "prompt_chars": 0,
  "input_tokens": 0,
  "output_tokens": 0,
  "error_signature": ""
}
