{
  "time": "2026-10-07T13:29:31+00:00",
  "task": "ONLINE-FTL-STATE-20261007",
  "role": "lower",
  "kind": "build",
  "status": "compiled",
  "notes": "Actual generalpredictor prefix theorem compiled at frozen header. Grouped-binder literal guard failure retained, complete exactheader guard passed without theorem/proof changes; source semantic review separate.",
  "lean": "BanditRLProof\\OnlineLearningFTLState.lean",
  "source": "",
  "run_id": "online-ftl-state-20261007",
  "changed_files": [
    "BanditRLProof\\OnlineLearningFTLState.lean"
  ],
  "statement_hash": "ae2d1e1cecdb9badfb5cf4aab7f3a26ea23939f1d8c3acd6c6e9f1ff7418c0cf",
  "parent_id": "",
  "route_fingerprint": "",
  "verifier_evidence": [
    "E:\\ABRL\\worktrees\\research-online-book\\runs\\online-ftl-state-20261007\\focused-ftlPredict_prefix-v1-exit.json"
  ],
  "harness": "hierarchical",
  "experiment_id": "",
  "target_fingerprint": "",
  "route_packet_hash": "",
  "attempt_id": "FTL-STATE-ftlPredict_prefix-V1",
  "worker_id": "",
  "progress_class": "compiled-leaf",
  "reviewer_validated": false,
  "obligations_before": 0,
  "obligations_after": 0,
  "new_declarations": [
    "BanditRL.OnlineLearning.ftlPredict_prefix"
  ],
  "reused_declarations": [],
  "dag_nodes": 0,
  "dag_depth": 0,
  "elapsed_seconds": 0.0,
  "lean_check_seconds": 0.0,
  "prompt_chars": 0,
  "input_tokens": 0,
  "output_tokens": 0,
  "error_signature": ""
}
