{
  "time": "2026-10-07T13:29:43+00:00",
  "task": "ONLINE-FTL-STATE-20261007",
  "role": "lower",
  "kind": "build",
  "status": "compiled",
  "notes": "Actual dependency-ready state leaf compiled at exact frozen header; no sourcepackage/Chapter acceptance.",
  "lean": "BanditRLProof\\OnlineLearningFTLState.lean",
  "source": "",
  "run_id": "online-ftl-state-20261007",
  "changed_files": [
    "BanditRLProof\\OnlineLearningFTLState.lean"
  ],
  "statement_hash": "7ac94c60a908f84d05c6324b5cc2b3be366b622a58c16ee97bcee2ea27b2c397",
  "parent_id": "",
  "route_fingerprint": "",
  "verifier_evidence": [
    "E:\\ABRL\\worktrees\\research-online-book\\runs\\online-ftl-state-20261007\\focused-ftlPredict_mem-v1-exit.json"
  ],
  "harness": "hierarchical",
  "experiment_id": "",
  "target_fingerprint": "",
  "route_packet_hash": "",
  "attempt_id": "FTL-STATE-ftlPredict_mem-V1",
  "worker_id": "",
  "progress_class": "compiled-leaf",
  "reviewer_validated": false,
  "obligations_before": 0,
  "obligations_after": 0,
  "new_declarations": [
    "BanditRL.OnlineLearning.ftlPredict_mem"
  ],
  "reused_declarations": [],
  "dag_nodes": 0,
  "dag_depth": 0,
  "elapsed_seconds": 0.0,
  "lean_check_seconds": 0.0,
  "prompt_chars": 0,
  "input_tokens": 0,
  "output_tokens": 0,
  "error_signature": ""
}
