tmp/online-subgradient-sum-equality-canary.lean:31:0: warning: automatically included section variable(s) unused in theorem `BanditRL.OnlineConvex.convex_finset_sum`:
  [FiniteDimensional ℝ E]
consider restructuring your `variable` declarations so that the variables are not in scope or explicitly omit them:
  omit [FiniteDimensional ℝ E] in theorem ...

Note: This linter can be disabled with `set_option linter.unusedSectionVars false`
tmp/online-subgradient-sum-equality-canary.lean:55:0: warning: automatically included section variable(s) unused in theorem `BanditRL.OnlineConvex.finite_sum_point`:
  [NormedAddCommGroup E]
  [InnerProductSpace ℝ E]
  [FiniteDimensional ℝ E]
consider restructuring your `variable` declarations so that the variables are not in scope or explicitly omit them:
  omit [NormedAddCommGroup E] [InnerProductSpace ℝ E] [FiniteDimensional ℝ E] in theorem ...

Note: This linter can be disabled with `set_option linter.unusedSectionVars false`
tmp/online-subgradient-sum-equality-canary.lean:221:17: warning: Used `tac1 <;> tac2` where `(tac1; tac2)` would suffice

Note: This linter can be disabled with `set_option linter.unnecessarySeqFocus false`
tmp/online-subgradient-sum-equality-canary.lean:229:0: warning: automatically included section variable(s) unused in theorem `BanditRL.OnlineConvex.theorem_2_23_inclusion`:
  [FiniteDimensional ℝ E]
consider restructuring your `variable` declarations so that the variables are not in scope or explicitly omit them:
  omit [FiniteDimensional ℝ E] in theorem ...

Note: This linter can be disabled with `set_option linter.unusedSectionVars false`
tmp/online-subgradient-sum-equality-canary.lean:230:25: warning: unused variable `hp`

Note: This linter can be disabled with `set_option linter.unusedVariables false`
'BanditRL.OnlineConvex.theorem_2_23_equality' depends on axioms: [propext, Classical.choice, Quot.sound]
tmp/online-subgradient-sum-equality-canary.lean:409:35: warning: This simp argument is unused:
  ← EReal.coe_add

Hint: Omit it from the simp argument list.
  simp only [zero_add, add_zero,̵ ̵←̵ ̵E̵R̵e̵a̵l̵.̵c̵o̵e̵_̵a̵d̵d̵]

Note: Simp arguments with `←` have the additional effect of removing the other direction from the simp set, even if the simp argument itself is unused. If the hint above does not work, try replacing `←` with `-` to only get that effect and silence this warning.

Note: This linter can be disabled with `set_option linter.unusedSimpArgs false`
tmp/online-subgradient-sum-equality-canary.lean:468:15: warning: This simp argument is unused:
  Fin.sum_univ_one

Hint: Omit it from the simp argument list.
  simp only ̵[̵F̵i̵n̵.̵s̵u̵m̵_̵u̵n̵i̵v̵_̵o̵n̵e̵]̵

Note: This linter can be disabled with `set_option linter.unusedSimpArgs false`
'SumEqualityProbe.actual_three_component_decomposition' depends on axioms: [propext, Classical.choice, Quot.sound]
'SumEqualityProbe.nonzero_aggregate_support' depends on axioms: [propext, Classical.choice, Quot.sound]
'SumEqualityProbe.last_domain_boundary' depends on axioms: [propext, Classical.choice, Quot.sound]
'SumEqualityProbe.outside_domain_both_empty' depends on axioms: [propext, Classical.choice, Quot.sound]
'SumEqualityProbe.singleton_family_empty_interior' depends on axioms: [propext, Classical.choice, Quot.sound]
