tmp/online-subgradient-sum-equality.lean:30:0: warning: automatically included section variable(s) unused in theorem `BanditRL.OnlineConvex.convex_finset_sum`:
  [FiniteDimensional ℝ E]
consider restructuring your `variable` declarations so that the variables are not in scope or explicitly omit them:
  omit [FiniteDimensional ℝ E] in theorem ...

Note: This linter can be disabled with `set_option linter.unusedSectionVars false`
tmp/online-subgradient-sum-equality.lean:54:0: warning: automatically included section variable(s) unused in theorem `BanditRL.OnlineConvex.finite_sum_point`:
  [NormedAddCommGroup E]
  [InnerProductSpace ℝ E]
  [FiniteDimensional ℝ E]
consider restructuring your `variable` declarations so that the variables are not in scope or explicitly omit them:
  omit [NormedAddCommGroup E] [InnerProductSpace ℝ E] [FiniteDimensional ℝ E] in theorem ...

Note: This linter can be disabled with `set_option linter.unusedSectionVars false`
tmp/online-subgradient-sum-equality.lean:220:17: warning: Used `tac1 <;> tac2` where `(tac1; tac2)` would suffice

Note: This linter can be disabled with `set_option linter.unnecessarySeqFocus false`
tmp/online-subgradient-sum-equality.lean:228:0: warning: automatically included section variable(s) unused in theorem `BanditRL.OnlineConvex.theorem_2_23_inclusion`:
  [FiniteDimensional ℝ E]
consider restructuring your `variable` declarations so that the variables are not in scope or explicitly omit them:
  omit [FiniteDimensional ℝ E] in theorem ...

Note: This linter can be disabled with `set_option linter.unusedSectionVars false`
tmp/online-subgradient-sum-equality.lean:229:25: warning: unused variable `hp`

Note: This linter can be disabled with `set_option linter.unusedVariables false`
tmp/online-subgradient-sum-equality.lean:275:63: error: Application type mismatch: The argument
  hpint i
has type
  Membership.mem.{u_1, u_1} (interior (effectiveDomain (fp i))) z
but is expected to have type
  Membership.mem.{0, 0} (interior (WithBot.LT (fp i z))) ?m.249
in the application
  interior_subset (hpint i)
'BanditRL.OnlineConvex.theorem_2_23_equality' depends on axioms: [propext, sorryAx, Classical.choice, Quot.sound]
