tmp/online-subgradient-sum-finite-helpers.lean:15:28: error: unsolved goals
case coe.coe
a✝¹ a✝ : ℝ
⊢ a✝ + a✝¹ = a✝¹ + a✝
tmp/online-subgradient-sum-finite-helpers.lean:29:0: warning: automatically included section variable(s) unused in theorem `BanditRL.OnlineConvex.convex_finset_sum`:
  [FiniteDimensional ℝ E]
consider restructuring your `variable` declarations so that the variables are not in scope or explicitly omit them:
  omit [FiniteDimensional ℝ E] in theorem ...

Note: This linter can be disabled with `set_option linter.unusedSectionVars false`
tmp/online-subgradient-sum-finite-helpers.lean:53:0: warning: automatically included section variable(s) unused in theorem `BanditRL.OnlineConvex.finite_sum_point`:
  [NormedAddCommGroup E]
  [InnerProductSpace ℝ E]
  [FiniteDimensional ℝ E]
consider restructuring your `variable` declarations so that the variables are not in scope or explicitly omit them:
  omit [NormedAddCommGroup E] [InnerProductSpace ℝ E] [FiniteDimensional ℝ E] in theorem ...

Note: This linter can be disabled with `set_option linter.unusedSectionVars false`
'BanditRL.OnlineConvex.upperAdd_eq_add_of_ne_bot' depends on axioms: [propext, sorryAx, Classical.choice, Quot.sound]
'BanditRL.OnlineConvex.ereal_finset_sum_ne_bot' depends on axioms: [propext, Classical.choice, Quot.sound]
'BanditRL.OnlineConvex.convex_finset_sum' depends on axioms: [propext, sorryAx, Classical.choice, Quot.sound]
'BanditRL.OnlineConvex.finite_sum_point' depends on axioms: [propext, Classical.choice, Quot.sound]
'BanditRL.OnlineConvex.sum_finite_implies_components_finite' depends on axioms: [propext, Classical.choice, Quot.sound]
'BanditRL.OnlineConvex.interior_domain_sum' depends on axioms: [propext, Classical.choice, Quot.sound]
