tmp/online-subgradient-sum-inclusion-canary.lean:14:0: warning: automatically included section variable(s) unused in theorem `BanditRL.OnlineConvex.theorem_2_23_inclusion`:
  [FiniteDimensional ℝ E]
consider restructuring your `variable` declarations so that the variables are not in scope or explicitly omit them:
  omit [FiniteDimensional ℝ E] in theorem ...

Note: This linter can be disabled with `set_option linter.unusedSectionVars false`
tmp/online-subgradient-sum-inclusion-canary.lean:15:25: warning: unused variable `hp`

Note: This linter can be disabled with `set_option linter.unusedVariables false`
'BanditRL.OnlineConvex.theorem_2_23_inclusion' depends on axioms: [propext, Classical.choice, Quot.sound]
tmp/online-subgradient-sum-inclusion-canary.lean:68:57: error: mod_cast has type
  ↑(↑(-↑(0 ^ 2)) + inner ℝ g ↑(Int.subNatNat 1 0)) ≤ (fun y => ↑(-y ^ 2)) 1
but is expected to have type
  ↑(-↑(0 ^ 2)) + ↑(Int.subNatNat 1 0) * g ≤ ↑(-↑(1 ^ 2))
tmp/online-subgradient-sum-inclusion-canary.lean:69:59: error: mod_cast has type
  ↑(↑(-↑(0 ^ 2)) + inner ℝ g ↑(Int.negSucc 0 - 0)) ≤ (fun y => ↑(-y ^ 2)) ↑(Int.negSucc 0)
but is expected to have type
  ↑(-↑(0 ^ 2)) + ↑(Int.negSucc 0 - 0) * g ≤ ↑(-Int.negSucc 0 ^ 2)
tmp/online-subgradient-sum-inclusion-canary.lean:80:22: warning: unused variable `i`

Note: This linter can be disabled with `set_option linter.unusedVariables false`
'SumRuleProbe.quadratic_plus_constraint_support' depends on axioms: [propext, Classical.choice, Quot.sound]
'SumRuleProbe.concave_quadratic_no_support' depends on axioms: [propext, sorryAx, Classical.choice, Quot.sound]
'SumRuleProbe.nonconvex_vacuous_inclusion' depends on axioms: [propext, sorryAx, Classical.choice, Quot.sound]
'SumRuleProbe.empty_family_zero_support' depends on axioms: [propext, Classical.choice, Quot.sound]
