SITE CHECK PASSED
- HTML pages: 919
- modules: 826
- declarations: 10612
- highlights: 189
- milestones: 97
- textbook crosswalks: 28
- source theorem restatements: 47
- BanditRLwiki settings/cases/papers: 7/13/19
- BanditRLwiki theorem surfaces: 27
- BanditRLwiki literature-open/formalization-open cases: 0/13
- BanditRLwiki named formalization leaves: 36
- BanditRLwiki active source-frozen ports: 2
- Live Formalization mappings: 189
- Mermaid blocks: 19
- Lean source links: 11677
- internal links and anchors: valid
- README relative links: valid
- MathJax loader and readable mathematical fallbacks: valid
- GitHub Pages workflow: complete
