SITE CHECK PASSED
- HTML pages: 752
- modules: 678
- declarations: 8965
- highlights: 143
- milestones: 83
- textbook crosswalks: 15
- source theorem restatements: 29
- BanditRLwiki settings/cases/papers: 7/13/19
- BanditRLwiki theorem surfaces: 27
- BanditRLwiki literature-open/formalization-open cases: 0/13
- BanditRLwiki named formalization leaves: 36
- BanditRLwiki active source-frozen ports: 2
- Live Formalization mappings: 143
- Mermaid blocks: 18
- Lean source links: 9836
- internal links and anchors: valid
- README relative links: valid
- MathJax loader and readable mathematical fallbacks: valid
- GitHub Pages workflow: complete
