SITE CHECK PASSED
- HTML pages: 760
- modules: 682
- declarations: 8984
- highlights: 156
- milestones: 83
- textbook crosswalks: 19
- source theorem restatements: 33
- BanditRLwiki settings/cases/papers: 7/13/19
- BanditRLwiki theorem surfaces: 27
- BanditRLwiki literature-open/formalization-open cases: 0/13
- BanditRLwiki named formalization leaves: 36
- BanditRLwiki active source-frozen ports: 2
- Live Formalization mappings: 156
- Mermaid blocks: 18
- Lean source links: 9872
- internal links and anchors: valid
- README relative links: valid
- MathJax loader and readable mathematical fallbacks: valid
- GitHub Pages workflow: complete
