{
  "time": "2026-10-05T09:41:03+00:00",
  "task": "ONLINE-FTL-MIGRATION-20261005",
  "role": "reviewer",
  "kind": "review",
  "status": "accepted",
  "notes": "Distinct final reader and raw binding audit accept one retained FTL source path. Seven proofs reused, zero new bodies; full466/7 and same shared registry/site passed. Chapter/book incomplete, stacked PR pending.",
  "lean": "",
  "source": "",
  "run_id": "online-ftl-migration-20261005",
  "changed_files": [],
  "statement_hash": "",
  "parent_id": "",
  "route_fingerprint": "",
  "verifier_evidence": [
    "runs\\online-ftl-migration-20261005\\accepted-decision-v1.json"
  ],
  "harness": "",
  "experiment_id": "",
  "target_fingerprint": "",
  "route_packet_hash": "",
  "attempt_id": "RETAINED-FTL-SOURCE7-V1",
  "worker_id": "",
  "progress_class": "retrieval-reuse",
  "reviewer_validated": true,
  "obligations_before": 0,
  "obligations_after": 0,
  "new_declarations": [],
  "reused_declarations": [
    "BanditRL.OnlineLearning.example_2_10"
  ],
  "dag_nodes": 0,
  "dag_depth": 0,
  "elapsed_seconds": 0.0,
  "lean_check_seconds": 0.0,
  "prompt_chars": 0,
  "input_tokens": 0,
  "output_tokens": 0,
  "error_signature": ""
}
