{
  "schema_version": 1,
  "entry_id": "entry-d13938e39d0cb65e",
  "session_id": "ONLINE-FTL-MIGRATION-20261005",
  "sequence": 5,
  "parent_id": "entry-ae344567bb8d668e",
  "event_type": "accepted",
  "created_at": "2026-10-05T09:41:04+00:00",
  "payload": {
    "run_id": "online-ftl-migration-20261005",
    "contract_version": 1,
    "scope": "one retained FTL source package only",
    "retained_proofs": 7,
    "new_proofs": 0,
    "canaries": 2,
    "semantic_verdict": "accepted-with-explicit-delta",
    "raw_rows": 1296,
    "chapter_complete": false,
    "book_complete": false,
    "goal_complete": false,
    "merged": false,
    "deployed": false
  }
}
