{
  "schema_version": 1,
  "mode": "shadow-read-only",
  "analyzed_at": "2026-10-05T09:23:39+00:00",
  "trials_path": "E:\\ABRL\\worktrees\\research-online-book\\runs\\online-ftl-migration-20261005\\candidate-scoped-trials-v1.jsonl",
  "trial_rows": 1,
  "status_counts": {
    "compiled": 1
  },
  "inferred_frontier": {
    "selected_task": "ONLINE-FTL-MIGRATION-20261005",
    "selected_leaf": "ONLINE-FTL-MIGRATION-20261005",
    "source_status": "compiled",
    "last_accepted_verifier": {
      "trial_index": 0,
      "time": "2026-10-05T09:10:03+00:00",
      "task": "ONLINE-FTL-MIGRATION-20261005",
      "role": "lower",
      "kind": "build",
      "status": "compiled",
      "lean": "BanditRLProof/OnlineFTLFailure.lean",
      "notes": "Fresh actual public body elaboration, two nondegenerate canaries and12 named axioms passed; retained7 proofs, zero new bodies; body/package review pending.",
      "run_id": "online-ftl-migration-20261005"
    }
  },
  "memory_digest": {
    "path": "E:\\ABRL\\worktrees\\research-online-book\\runs\\online-ftl-migration-20261005\\memory-digest-candidate-v1.md",
    "task": ""
  },
  "recorded_frontier": {
    "schema_version": 1,
    "record_id": "frontier-a7b1477678542468",
    "updated_at": "2026-10-05T09:23:39+00:00",
    "root_objective": "Persistent Orabona Chapters1-16 Goal; retained FTL Example2.10 migration candidate only, Chapter2/book incomplete",
    "current_leaf": {
      "id": "ONLINE-FTL-MIGRATION-20261005",
      "kind": "lean",
      "status": "gate-pending",
      "statement": "theorem example_2_10 (x0 : ℝ) (hx0 : x0 ∈ Icc (-1 : ℝ) 1) (T : ℕ) (hT : 0 < T) : (∑ t ∈ range T, failureCoefficient t * linearFTLPredict failureCoefficient x0 t) - (∑ t ∈ range T, failureCoefficient t * (0 : ℝ)) = (T : ℝ) - 1 - x0 / 2 ∧ (T : ℝ) - 3/2 ≤ (∑ t ∈ range T, failureCoefficient t * linearFTLPredict failureCoefficient x0 t) - (∑ t ∈ range T, failureCoefficient t * (0 : ℝ))",
      "statement_hash": "f8bea31d7214806d930fc1e5a670d52855b36f96a9e7ed0895eef01797d0b89b",
      "declaration": "BanditRL.OnlineLearning.example_2_10",
      "file": "BanditRLProof/OnlineFTLFailure.lean",
      "source_status": "source-body-reviewed",
      "dependencies": [
        {
          "kind": "lean",
          "name": "BanditRL.OnlineLearning.failure_prediction",
          "status": "compiled"
        },
        {
          "kind": "review",
          "name": "source-body",
          "status": "accepted"
        }
      ]
    },
    "dag": {
      "nodes": [
        {
          "id": "ONLINE-FTL-MIGRATION-20261005",
          "kind": "lean",
          "status": "gate-pending",
          "dependencies": [
            {
              "kind": "lean",
              "name": "BanditRL.OnlineLearning.failure_prediction",
              "status": "compiled"
            },
            {
              "kind": "review",
              "name": "source-body",
              "status": "accepted"
            }
          ],
          "dispatch_count": 0
        }
      ]
    },
    "last_accepted_verifier": {
      "trial_index": 0,
      "time": "2026-10-05T09:10:03+00:00",
      "task": "ONLINE-FTL-MIGRATION-20261005",
      "role": "lower",
      "kind": "build",
      "status": "compiled",
      "lean": "BanditRLProof/OnlineFTLFailure.lean",
      "notes": "Fresh actual public body elaboration, two nondegenerate canaries and12 named axioms passed; retained7 proofs, zero new bodies; body/package review pending.",
      "run_id": "online-ftl-migration-20261005"
    },
    "memory_policy": {
      "recent_role_relevant_limit": 5,
      "explicit_verified_lemma_ids": [],
      "whole_history_default": false
    },
    "shadow_gate": {
      "status": "pending",
      "analyzed_trial_rows": 1,
      "mismatches": [],
      "replay_transitions": 0
    },
    "mutation_policy": {
      "canonical_path_queue": true,
      "cross_process_lock": true,
      "same_file_serialized": true,
      "disjoint_files_parallel": true
    },
    "autonomous_execution": {
      "enabled": false,
      "requires_deterministic_gates": true,
      "requires_explicit_user_request": true
    }
  },
  "mismatches": [],
  "would_mutate": false
}
