runs/online-ftl-migration-20261005/Tests-v1-01.log:1310: trailing whitespace.
+  
runs/online-ftl-migration-20261005/Tests-v1-01.log:1312: trailing whitespace.
+    
runs/online-ftl-migration-20261005/Tests-v1-01.log:1317: trailing whitespace.
+  
runs/online-ftl-migration-20261005/Tests-v1-01.log:1319: trailing whitespace.
+    
runs/online-ftl-migration-20261005/Tests-v1-01.log:1480: trailing whitespace.
+  
runs/online-ftl-migration-20261005/Tests-v1-01.log:1482: trailing whitespace.
+    
runs/online-ftl-migration-20261005/Tests-v1-01.log:1631: trailing whitespace.
+  
runs/online-ftl-migration-20261005/Tests-v1-01.log:1633: trailing whitespace.
+    
runs/online-ftl-migration-20261005/Tests-v1-01.log:1802: trailing whitespace.
+  
runs/online-ftl-migration-20261005/Tests-v1-01.log:1804: trailing whitespace.
+    
runs/online-ftl-migration-20261005/Tests-v1-01.log:1844: trailing whitespace.
+  
runs/online-ftl-migration-20261005/Tests-v1-01.log:1846: trailing whitespace.
+    
runs/online-ftl-migration-20261005/Tests-v1-01.log:2339: trailing whitespace.
+  
runs/online-ftl-migration-20261005/Tests-v1-01.log:2341: trailing whitespace.
+    
runs/online-ftl-migration-20261005/Tests-v1-01.log:2390: trailing whitespace.
+  
runs/online-ftl-migration-20261005/Tests-v1-01.log:2392: trailing whitespace.
+    
runs/online-ftl-migration-20261005/Tests-v1-01.log:6789: trailing whitespace.
+  
runs/online-ftl-migration-20261005/Tests-v1-01.log:6791: trailing whitespace.
+    
runs/online-ftl-migration-20261005/failed-raw-snapshot-v1-01.lean.txt:101: new blank line at EOF.
runs/online-ftl-migration-20261005/focused-build-v1-01.log:516: trailing whitespace.
+  
runs/online-ftl-migration-20261005/focused-build-v1-01.log:518: trailing whitespace.
+    
runs/online-ftl-migration-20261005/focused-build-v1-01.log:725: trailing whitespace.
+  
runs/online-ftl-migration-20261005/focused-build-v1-01.log:727: trailing whitespace.
+    
runs/online-ftl-migration-20261005/focused-build-v1-01.log:1102: trailing whitespace.
+  
runs/online-ftl-migration-20261005/focused-build-v1-01.log:1104: trailing whitespace.
+    
runs/online-ftl-migration-20261005/focused-build-v1-01.log:1144: trailing whitespace.
+  
runs/online-ftl-migration-20261005/focused-build-v1-01.log:1146: trailing whitespace.
+    
runs/online-ftl-migration-20261005/focused-build-v1-01.log:1665: trailing whitespace.
+  
runs/online-ftl-migration-20261005/focused-build-v1-01.log:1667: trailing whitespace.
+    
runs/online-ftl-migration-20261005/focused-build-v1-01.log:1717: trailing whitespace.
+  
runs/online-ftl-migration-20261005/focused-build-v1-01.log:1719: trailing whitespace.
+    
runs/online-ftl-migration-20261005/focused-build-v1-01.log:1752: trailing whitespace.
+  
runs/online-ftl-migration-20261005/focused-build-v1-01.log:1754: trailing whitespace.
+    
runs/online-ftl-migration-20261005/focused-build-v1-01.log:1803: trailing whitespace.
+  
runs/online-ftl-migration-20261005/focused-build-v1-01.log:1805: trailing whitespace.
+    
runs/online-ftl-migration-20261005/full-harness-v1-01.log:720: trailing whitespace.
+  
runs/online-ftl-migration-20261005/full-harness-v1-01.log:722: trailing whitespace.
+    
runs/online-ftl-migration-20261005/full-harness-v1-01.log:727: trailing whitespace.
+  
runs/online-ftl-migration-20261005/full-harness-v1-01.log:729: trailing whitespace.
+    
runs/online-ftl-migration-20261005/full-harness-v1-01.log:890: trailing whitespace.
+  
runs/online-ftl-migration-20261005/full-harness-v1-01.log:892: trailing whitespace.
+    
runs/online-ftl-migration-20261005/full-harness-v1-01.log:1041: trailing whitespace.
+  
runs/online-ftl-migration-20261005/full-harness-v1-01.log:1043: trailing whitespace.
+    
runs/online-ftl-migration-20261005/full-harness-v1-01.log:1212: trailing whitespace.
+  
runs/online-ftl-migration-20261005/full-harness-v1-01.log:1214: trailing whitespace.
+    
runs/online-ftl-migration-20261005/full-harness-v1-01.log:1254: trailing whitespace.
+  
runs/online-ftl-migration-20261005/full-harness-v1-01.log:1256: trailing whitespace.
+    
runs/online-ftl-migration-20261005/full-harness-v1-01.log:1749: trailing whitespace.
+  
runs/online-ftl-migration-20261005/full-harness-v1-01.log:1751: trailing whitespace.
+    
runs/online-ftl-migration-20261005/full-harness-v1-01.log:1800: trailing whitespace.
+  
runs/online-ftl-migration-20261005/full-harness-v1-01.log:1802: trailing whitespace.
+    
runs/online-ftl-migration-20261005/full-harness-v1-01.log:3631: trailing whitespace.
+  
runs/online-ftl-migration-20261005/full-harness-v1-01.log:3633: trailing whitespace.
+    
runs/online-ftl-migration-20261005/full-harness-v1-01.log:3638: trailing whitespace.
+  
runs/online-ftl-migration-20261005/full-harness-v1-01.log:3640: trailing whitespace.
+    
runs/online-ftl-migration-20261005/full-harness-v1-01.log:3801: trailing whitespace.
+  
runs/online-ftl-migration-20261005/full-harness-v1-01.log:3803: trailing whitespace.
+    
runs/online-ftl-migration-20261005/full-harness-v1-01.log:3952: trailing whitespace.
+  
runs/online-ftl-migration-20261005/full-harness-v1-01.log:3954: trailing whitespace.
+    
runs/online-ftl-migration-20261005/full-harness-v1-01.log:4123: trailing whitespace.
+  
runs/online-ftl-migration-20261005/full-harness-v1-01.log:4125: trailing whitespace.
+    
runs/online-ftl-migration-20261005/full-harness-v1-01.log:4165: trailing whitespace.
+  
runs/online-ftl-migration-20261005/full-harness-v1-01.log:4167: trailing whitespace.
+    
runs/online-ftl-migration-20261005/full-harness-v1-01.log:4660: trailing whitespace.
+  
runs/online-ftl-migration-20261005/full-harness-v1-01.log:4662: trailing whitespace.
+    
runs/online-ftl-migration-20261005/full-harness-v1-01.log:4711: trailing whitespace.
+  
runs/online-ftl-migration-20261005/full-harness-v1-01.log:4713: trailing whitespace.
+    
runs/online-ftl-migration-20261005/full-harness-v1-01.log:9110: trailing whitespace.
+  
runs/online-ftl-migration-20261005/full-harness-v1-01.log:9112: trailing whitespace.
+    
runs/online-ftl-migration-20261005/full-harness-v1-02.log:777: trailing whitespace.
+  
runs/online-ftl-migration-20261005/full-harness-v1-02.log:779: trailing whitespace.
+    
runs/online-ftl-migration-20261005/full-harness-v1-02.log:928: trailing whitespace.
+  
runs/online-ftl-migration-20261005/full-harness-v1-02.log:930: trailing whitespace.
+    
runs/online-ftl-migration-20261005/full-harness-v1-02.log:1099: trailing whitespace.
+  
runs/online-ftl-migration-20261005/full-harness-v1-02.log:1101: trailing whitespace.
+    
runs/online-ftl-migration-20261005/full-harness-v1-02.log:1141: trailing whitespace.
+  
runs/online-ftl-migration-20261005/full-harness-v1-02.log:1143: trailing whitespace.
+    
runs/online-ftl-migration-20261005/full-harness-v1-02.log:1638: trailing whitespace.
+  
runs/online-ftl-migration-20261005/full-harness-v1-02.log:1640: trailing whitespace.
+    
runs/online-ftl-migration-20261005/full-harness-v1-02.log:1645: trailing whitespace.
+  
runs/online-ftl-migration-20261005/full-harness-v1-02.log:1647: trailing whitespace.
+    
runs/online-ftl-migration-20261005/full-harness-v1-02.log:1749: trailing whitespace.
+  
runs/online-ftl-migration-20261005/full-harness-v1-02.log:1751: trailing whitespace.
+    
runs/online-ftl-migration-20261005/full-harness-v1-02.log:1800: trailing whitespace.
+  
runs/online-ftl-migration-20261005/full-harness-v1-02.log:1802: trailing whitespace.
+    
runs/online-ftl-migration-20261005/full-harness-v1-02.log:3631: trailing whitespace.
+  
runs/online-ftl-migration-20261005/full-harness-v1-02.log:3633: trailing whitespace.
+    
runs/online-ftl-migration-20261005/full-harness-v1-02.log:3638: trailing whitespace.
+  
runs/online-ftl-migration-20261005/full-harness-v1-02.log:3640: trailing whitespace.
+    
runs/online-ftl-migration-20261005/full-harness-v1-02.log:3801: trailing whitespace.
+  
runs/online-ftl-migration-20261005/full-harness-v1-02.log:3803: trailing whitespace.
+    
runs/online-ftl-migration-20261005/full-harness-v1-02.log:3952: trailing whitespace.
+  
runs/online-ftl-migration-20261005/full-harness-v1-02.log:3954: trailing whitespace.
+    
runs/online-ftl-migration-20261005/full-harness-v1-02.log:4123: trailing whitespace.
+  
runs/online-ftl-migration-20261005/full-harness-v1-02.log:4125: trailing whitespace.
+    
runs/online-ftl-migration-20261005/full-harness-v1-02.log:4165: trailing whitespace.
+  
runs/online-ftl-migration-20261005/full-harness-v1-02.log:4167: trailing whitespace.
+    
runs/online-ftl-migration-20261005/full-harness-v1-02.log:4660: trailing whitespace.
+  
runs/online-ftl-migration-20261005/full-harness-v1-02.log:4662: trailing whitespace.
+    
runs/online-ftl-migration-20261005/full-harness-v1-02.log:4711: trailing whitespace.
+  
runs/online-ftl-migration-20261005/full-harness-v1-02.log:4713: trailing whitespace.
+    
runs/online-ftl-migration-20261005/full-harness-v1-02.log:9110: trailing whitespace.
+  
runs/online-ftl-migration-20261005/full-harness-v1-02.log:9112: trailing whitespace.
+    
runs/online-ftl-migration-20261005/prepare-body-review-v1-01.log:1: trailing whitespace.
+retained-body-trial-v1 exit 1 seconds 0.203
runs/online-ftl-migration-20261005/prepare-body-review-v1-01.log:2: trailing whitespace.
+Failure tail only; full raw output is retained in retained-body-trial-v1.log
runs/online-ftl-migration-20261005/prepare-body-review-v1-01.log:3: trailing whitespace.
+--role must be one of ('upper', 'middle', 'lower', 'reviewer', 'master', 'worker')
runs/online-ftl-migration-20261005/prepare-body-review-v1-01.log:4: trailing whitespace.
+
runs/online-ftl-migration-20261005/prepare-body-review-v1-01.log:5: trailing whitespace.
+Traceback (most recent call last):
runs/online-ftl-migration-20261005/prepare-body-review-v1-01.log:6: trailing whitespace.
+  File "runs/online-ftl-migration-20261005/prepare-body-review-v1.py", line 24, in <module>
runs/online-ftl-migration-20261005/prepare-body-review-v1-01.log:7: trailing whitespace.
+    gate('retained-body-trial-v1',sys.executable,'-X','utf8','tools/bandit.py','trial-log',
runs/online-ftl-migration-20261005/prepare-body-review-v1-01.log:8: trailing whitespace.
+  File "runs/online-ftl-migration-20261005/prepare-body-review-v1.py", line 11, in gate
runs/online-ftl-migration-20261005/prepare-body-review-v1-01.log:9: trailing whitespace.
+    def gate(label,*args):subprocess.run([sys.executable,'-X','utf8',str(run/'run-command.py'),label,*args],check=True)
runs/online-ftl-migration-20261005/prepare-body-review-v1-01.log:10: trailing whitespace.
+  File "C:\Users\admin\AppData\Local\Programs\Python\Python38\lib\subprocess.py", line 516, in run
runs/online-ftl-migration-20261005/prepare-body-review-v1-01.log:11: trailing whitespace.
+    raise CalledProcessError(retcode, process.args,
runs/online-ftl-migration-20261005/prepare-body-review-v1-01.log:12: trailing whitespace.
+subprocess.CalledProcessError: Command '['C:\\Users\\admin\\AppData\\Local\\Programs\\Python\\Python38\\python.exe', '-X', 'utf8', 'runs\\online-ftl-migration-20261005\\run-command.py', 'retained-body-trial-v1', 'C:\\Users\\admin\\AppData\\Local\\Programs\\Python\\Python38\\python.exe', '-X', 'utf8', 'tools/bandit.py', 'trial-log', '--task', 'ONLINE-FTL-MIGRATION-20261005', '--role', 'lower-worker', '--kind', 'build', '--status', 'passed', '--run-id', 'online-ftl-migration-20261005', '--lean', 'BanditRLProof/OnlineFTLFailure.lean', '--statement-hash', 'f8bea31d7214806d930fc1e5a670d52855b36f96a9e7ed0895eef01797d0b89b', '--reused-declaration', 'BanditRL.OnlineLearning.example_2_10', '--verifier-evidence', 'runs\\online-ftl-migration-20261005\\retained-body-elaboration-v1-01.log', '--progress-class', 'retrieval-reuse', '--notes', 'Fresh actual public body elaboration, two nondegenerate canaries and12 named axioms passed; retained7 proofs, zero new bodies; body/package review pending.']' returned non-zero exit status 1.
runs/online-ftl-migration-20261005/prepare-body-review-v1-02.log:1: trailing whitespace.
+retained-body-trial-v1-02 exit 1 seconds 0.218
runs/online-ftl-migration-20261005/prepare-body-review-v1-02.log:2: trailing whitespace.
+Failure tail only; full raw output is retained in retained-body-trial-v1-02.log
runs/online-ftl-migration-20261005/prepare-body-review-v1-02.log:3: trailing whitespace.
+--status must be one of ('queued', 'running', 'executed', 'blocked', 'failed', 'compiled', 'accepted', 'rejected')
runs/online-ftl-migration-20261005/prepare-body-review-v1-02.log:4: trailing whitespace.
+
runs/online-ftl-migration-20261005/prepare-body-review-v1-02.log:5: trailing whitespace.
+Traceback (most recent call last):
runs/online-ftl-migration-20261005/prepare-body-review-v1-02.log:6: trailing whitespace.
+  File "runs/online-ftl-migration-20261005/prepare-body-review-v1.py", line 24, in <module>
runs/online-ftl-migration-20261005/prepare-body-review-v1-02.log:7: trailing whitespace.
+    gate('retained-body-trial-v1-02',sys.executable,'-X','utf8','tools/bandit.py','trial-log',
runs/online-ftl-migration-20261005/prepare-body-review-v1-02.log:8: trailing whitespace.
+  File "runs/online-ftl-migration-20261005/prepare-body-review-v1.py", line 11, in gate
runs/online-ftl-migration-20261005/prepare-body-review-v1-02.log:9: trailing whitespace.
+    def gate(label,*args):subprocess.run([sys.executable,'-X','utf8',str(run/'run-command.py'),label,*args],check=True)
runs/online-ftl-migration-20261005/prepare-body-review-v1-02.log:10: trailing whitespace.
+  File "C:\Users\admin\AppData\Local\Programs\Python\Python38\lib\subprocess.py", line 516, in run
runs/online-ftl-migration-20261005/prepare-body-review-v1-02.log:11: trailing whitespace.
+    raise CalledProcessError(retcode, process.args,
runs/online-ftl-migration-20261005/prepare-body-review-v1-02.log:12: trailing whitespace.
+subprocess.CalledProcessError: Command '['C:\\Users\\admin\\AppData\\Local\\Programs\\Python\\Python38\\python.exe', '-X', 'utf8', 'runs\\online-ftl-migration-20261005\\run-command.py', 'retained-body-trial-v1-02', 'C:\\Users\\admin\\AppData\\Local\\Programs\\Python\\Python38\\python.exe', '-X', 'utf8', 'tools/bandit.py', 'trial-log', '--task', 'ONLINE-FTL-MIGRATION-20261005', '--role', 'lower', '--kind', 'build', '--status', 'passed', '--run-id', 'online-ftl-migration-20261005', '--lean', 'BanditRLProof/OnlineFTLFailure.lean', '--statement-hash', 'f8bea31d7214806d930fc1e5a670d52855b36f96a9e7ed0895eef01797d0b89b', '--reused-declaration', 'BanditRL.OnlineLearning.example_2_10', '--verifier-evidence', 'runs\\online-ftl-migration-20261005\\retained-body-elaboration-v1-01.log', '--progress-class', 'retrieval-reuse', '--notes', 'Fresh actual public body elaboration, two nondegenerate canaries and12 named axioms passed; retained7 proofs, zero new bodies; body/package review pending.']' returned non-zero exit status 1.
runs/online-ftl-migration-20261005/root-v1-01.log:719: trailing whitespace.
+  
runs/online-ftl-migration-20261005/root-v1-01.log:721: trailing whitespace.
+    
runs/online-ftl-migration-20261005/root-v1-01.log:726: trailing whitespace.
+  
runs/online-ftl-migration-20261005/root-v1-01.log:728: trailing whitespace.
+    
runs/online-ftl-migration-20261005/root-v1-01.log:889: trailing whitespace.
+  
runs/online-ftl-migration-20261005/root-v1-01.log:891: trailing whitespace.
+    
runs/online-ftl-migration-20261005/root-v1-01.log:1040: trailing whitespace.
+  
runs/online-ftl-migration-20261005/root-v1-01.log:1042: trailing whitespace.
+    
runs/online-ftl-migration-20261005/root-v1-01.log:1211: trailing whitespace.
+  
runs/online-ftl-migration-20261005/root-v1-01.log:1213: trailing whitespace.
+    
runs/online-ftl-migration-20261005/root-v1-01.log:1253: trailing whitespace.
+  
runs/online-ftl-migration-20261005/root-v1-01.log:1255: trailing whitespace.
+    
runs/online-ftl-migration-20261005/root-v1-01.log:1748: trailing whitespace.
+  
runs/online-ftl-migration-20261005/root-v1-01.log:1750: trailing whitespace.
+    
runs/online-ftl-migration-20261005/root-v1-01.log:1799: trailing whitespace.
+  
runs/online-ftl-migration-20261005/root-v1-01.log:1801: trailing whitespace.
+    
