{
  "schema_version": 1,
  "entry_id": "entry-67420209412a8c17",
  "session_id": "ONLINE-FTL-MIGRATION-20261005",
  "sequence": 2,
  "parent_id": "entry-c0691e2441ca6d32",
  "event_type": "proving",
  "created_at": "2026-10-05T09:06:14+00:00",
  "payload": {
    "run_id": "online-ftl-migration-20261005",
    "route": "single lower route: inspect and freshly compile retained actual recursive FTL proofs",
    "first_ready_leaf": "prefixCoefficient_eq_sum",
    "dependency_graph": "reused compiled shared graph; readiness only",
    "terminal": "BanditRL.OnlineLearning.example_2_10",
    "new_proofs": 0,
    "allowed_edit_scope": [
      "source-qualified OnlineFTLFailure comments only",
      "task-local evidence",
      "scoped shared Book/manifest integration"
    ],
    "frozen_headers": {
      "prefixCoefficient_eq_sum": "105c5e561b81ef97dd9f54f0d4d13272ca17e269ef5086fc15c84805b76bc8ad",
      "linearFTLPredict_prefix": "ada42cabc545b68541576d9f551893fa0eda8f20312c1106d54fb7265d6e22c2",
      "linearFTLPredict_mem": "c0922f939381b540f7145b061927f23c803542ef7bf69fb4ad31c922946c17df",
      "linearFTLPredict_minimizes": "7f1024de390828c124f80c965d17fd86c3864fcca79e31cf025e2bc5e7750be3",
      "failure_prefixCoefficient": "98cb970c828514bce1bf6d1d5663b530638ffe91dc0358d8a29c9e93c5675d3b",
      "failure_prediction": "7d2c8f84b6196bf351fcf83b24c38af19aff6bc4d1e82472d781f8ac43d86603",
      "example_2_10": "f8bea31d7214806d930fc1e5a670d52855b36f96a9e7ed0895eef01797d0b89b"
    },
    "chapter_complete": false,
    "goal_complete": false
  }
}
