{
  "time": "2026-10-05T09:10:03+00:00",
  "task": "ONLINE-FTL-MIGRATION-20261005",
  "role": "lower",
  "kind": "build",
  "status": "compiled",
  "notes": "Fresh actual public body elaboration, two nondegenerate canaries and12 named axioms passed; retained7 proofs, zero new bodies; body/package review pending.",
  "lean": "BanditRLProof/OnlineFTLFailure.lean",
  "source": "",
  "run_id": "online-ftl-migration-20261005",
  "changed_files": [],
  "statement_hash": "f8bea31d7214806d930fc1e5a670d52855b36f96a9e7ed0895eef01797d0b89b",
  "parent_id": "",
  "route_fingerprint": "",
  "verifier_evidence": [
    "runs\\online-ftl-migration-20261005\\retained-body-elaboration-v1-01.log"
  ],
  "harness": "",
  "experiment_id": "",
  "target_fingerprint": "",
  "route_packet_hash": "",
  "attempt_id": "",
  "worker_id": "",
  "progress_class": "retrieval-reuse",
  "reviewer_validated": false,
  "obligations_before": 0,
  "obligations_after": 0,
  "new_declarations": [],
  "reused_declarations": [
    "BanditRL.OnlineLearning.example_2_10"
  ],
  "dag_nodes": 0,
  "dag_depth": 0,
  "elapsed_seconds": 0.0,
  "lean_check_seconds": 0.0,
  "prompt_chars": 0,
  "input_tokens": 0,
  "output_tokens": 0,
  "error_signature": ""
}
