{
  "time": "2026-10-05T12:49:55+00:00",
  "task": "ONLINE-OPTIMALITY-MIGRATION-20261005",
  "role": "reviewer",
  "kind": "review",
  "status": "accepted",
  "notes": "Same named actual compiled reuse bundle accepted after separate finalsource/reader and integratedgates;4retainedcontracts/no newproofs, no chapter/bookcompletion/timingexperimentclaim.",
  "lean": "",
  "source": "",
  "run_id": "online-optimality-migration-20261005",
  "changed_files": [],
  "statement_hash": "51f3cfbe81af8317a1330596632cefc6b74a4a707a2891f9962960990924cc05",
  "parent_id": "",
  "route_fingerprint": "",
  "verifier_evidence": [
    "runs\\online-optimality-migration-20261005\\final-reader-receipt-v1.json"
  ],
  "harness": "hierarchical",
  "experiment_id": "",
  "target_fingerprint": "",
  "route_packet_hash": "",
  "attempt_id": "OPTIMALITY-RETAINED-BODIES-V1",
  "worker_id": "",
  "progress_class": "retrieval-reuse",
  "reviewer_validated": true,
  "obligations_before": 0,
  "obligations_after": 0,
  "new_declarations": [],
  "reused_declarations": [
    "BanditRL.OnlineConvex.theorem_2_8"
  ],
  "dag_nodes": 0,
  "dag_depth": 0,
  "elapsed_seconds": 0.0,
  "lean_check_seconds": 0.0,
  "prompt_chars": 0,
  "input_tokens": 0,
  "output_tokens": 0,
  "error_signature": ""
}
