85-  · exact tendsto_id'.mpr <| inf_le_left.trans <| nhdsGT_le_nhdsNE _
86-  · simp [eventually_inf_principal, NNReal.smul_def]
87-
88:theorem sub_mem_posTangentConeAt_of_segment_subset (h : segment ℝ x y ⊆ s) :
89-    y - x ∈ posTangentConeAt s x :=
90-  sub_mem_posTangentConeAt_of_openSegment_subset <| (openSegment_subset_segment ..).trans h
91-
92-/-- If `[x -[ℝ] x + y] ⊆ s`, then `y` belongs to the positive tangent cone of `s`. -/
93-theorem mem_posTangentConeAt_of_segment_subset (h : [x -[ℝ] x + y] ⊆ s) :
94-    y ∈ posTangentConeAt s x := by
95:  simpa using sub_mem_posTangentConeAt_of_segment_subset h
96-
97-set_option backward.isDefEq.respectTransparency false in
98-theorem posTangentConeAt_univ : posTangentConeAt univ a = univ := tangentConeAt_univ
--
142-
143-/-- If `f` has a local min on `s` at `a`, `f'` is the derivative of `f` at `a` within `s`, and
144-`y` belongs to the positive tangent cone of `s` at `a`, then `0 ≤ f' y`. -/
145:theorem IsLocalMinOn.hasFDerivWithinAt_nonneg (h : IsLocalMinOn f s a)
146-    (hf : HasFDerivWithinAt f f' s a) (hy : y ∈ posTangentConeAt s a) : 0 ≤ f' y := by
147-  simpa using h.neg.hasFDerivWithinAt_nonpos hf.neg hy
148-
--
152-    (hy : y ∈ posTangentConeAt s a) : (0 : ℝ) ≤ (fderivWithin ℝ f s a : E → ℝ) y := by
153-  classical
154-  exact
155:    if hf : DifferentiableWithinAt ℝ f s a then h.hasFDerivWithinAt_nonneg hf.hasFDerivWithinAt hy
156-    else by rw [fderivWithin_zero_of_not_differentiableWithinAt hf]; rfl
157-
158-/-- If `f` has a local max on `s` at `a`, `f'` is a derivative of `f` at `a` within `s`, and
--
180-    apply mem_univ
181-
182-/-- **Fermat's Theorem**: the derivative of a function at a local minimum equals zero. -/
183:theorem IsLocalMin.fderiv_eq_zero (h : IsLocalMin f a) : fderiv ℝ f a = 0 := by
184-  classical
185-  exact if hf : DifferentiableAt ℝ f a then h.hasFDerivAt_eq_zero hf.hasFDerivAt
186-  else fderiv_zero_of_not_differentiableAt hf
--
190-  neg_eq_zero.1 <| h.neg.hasFDerivAt_eq_zero hf.neg
191-
192-/-- **Fermat's Theorem**: the derivative of a function at a local maximum equals zero. -/
193:theorem IsLocalMax.fderiv_eq_zero (h : IsLocalMax f a) : fderiv ℝ f a = 0 := by
194-  classical
195-  exact if hf : DifferentiableAt ℝ f a then h.hasFDerivAt_eq_zero hf.hasFDerivAt
196-  else fderiv_zero_of_not_differentiableAt hf
--
200-  h.elim IsLocalMin.hasFDerivAt_eq_zero IsLocalMax.hasFDerivAt_eq_zero
201-
202-/-- **Fermat's Theorem**: the derivative of a function at a local extremum equals zero. -/
203:theorem IsLocalExtr.fderiv_eq_zero (h : IsLocalExtr f a) : fderiv ℝ f a = 0 :=
204:  h.elim IsLocalMin.fderiv_eq_zero IsLocalMax.fderiv_eq_zero
205-
206-end Module
207-
