{
  "schema_version": 1,
  "entry_id": "entry-af84b867ee3f60bf",
  "session_id": "ONLINE-OPTIMALITY-MIGRATION-20261005",
  "sequence": 3,
  "parent_id": "entry-6d7a73b619eb3ae1",
  "event_type": "candidate",
  "created_at": "2026-10-05T12:39:46+00:00",
  "payload": {
    "run_id": "online-optimality-migration-20261005",
    "retained_proofs": 4,
    "new_proofs": 0,
    "frozen_headers": {
      "minOn_real_iff_gradient": "d3b0f409878378c889f164dfcf83db4fbbcfa17b75458ff341cce81767302906",
      "minOn_finitePart_iff": "7f10ab9197e37cdf46764b64621410a8a1fed34ea702716778e7feebdb9c0f68",
      "theorem_2_8": "51f3cfbe81af8317a1330596632cefc6b74a4a707a2891f9962960990924cc05",
      "interior_min_iff_gradient_zero": "cb1fdeab02bd6c6651b31786fbb244016bacedce7b65c8c4959e6869733fb550"
    },
    "fresh_jobs": {
      "root-v1-01": 9088,
      "Tests-v1-01": 9230
    },
    "remaining_gates": [
      "full harness",
      "contributor",
      "site/registry/final reader",
      "raw/PR"
    ],
    "chapter_complete": false,
    "goal_complete": false
  }
}
