{
  "schema_version": 1,
  "entry_id": "entry-8bea5994de62b1b3",
  "session_id": "ONLINE-OPTIMALITY-MIGRATION-20261005",
  "sequence": 0,
  "parent_id": "",
  "event_type": "draft",
  "created_at": "2026-10-05T12:25:15+00:00",
  "payload": {
    "run_id": "online-optimality-migration-20261005",
    "retained_proofs": 4,
    "new_proofs": 0,
    "frozen_headers": {
      "minOn_real_iff_gradient": "d3b0f409878378c889f164dfcf83db4fbbcfa17b75458ff341cce81767302906",
      "minOn_finitePart_iff": "7f10ab9197e37cdf46764b64621410a8a1fed34ea702716778e7feebdb9c0f68",
      "theorem_2_8": "51f3cfbe81af8317a1330596632cefc6b74a4a707a2891f9962960990924cc05",
      "interior_min_iff_gradient_zero": "cb1fdeab02bd6c6651b31786fbb244016bacedce7b65c8c4959e6869733fb550"
    },
    "source_accepted": false,
    "chapter_complete": false,
    "goal_complete": false
  }
}
