runs/online-optimality-migration-20261005/Tests-v1-01.log:1310: trailing whitespace.
+  
runs/online-optimality-migration-20261005/Tests-v1-01.log:1312: trailing whitespace.
+    
runs/online-optimality-migration-20261005/Tests-v1-01.log:1317: trailing whitespace.
+  
runs/online-optimality-migration-20261005/Tests-v1-01.log:1319: trailing whitespace.
+    
runs/online-optimality-migration-20261005/Tests-v1-01.log:1480: trailing whitespace.
+  
runs/online-optimality-migration-20261005/Tests-v1-01.log:1482: trailing whitespace.
+    
runs/online-optimality-migration-20261005/Tests-v1-01.log:1631: trailing whitespace.
+  
runs/online-optimality-migration-20261005/Tests-v1-01.log:1633: trailing whitespace.
+    
runs/online-optimality-migration-20261005/Tests-v1-01.log:1802: trailing whitespace.
+  
runs/online-optimality-migration-20261005/Tests-v1-01.log:1804: trailing whitespace.
+    
runs/online-optimality-migration-20261005/Tests-v1-01.log:1844: trailing whitespace.
+  
runs/online-optimality-migration-20261005/Tests-v1-01.log:1846: trailing whitespace.
+    
runs/online-optimality-migration-20261005/Tests-v1-01.log:2339: trailing whitespace.
+  
runs/online-optimality-migration-20261005/Tests-v1-01.log:2341: trailing whitespace.
+    
runs/online-optimality-migration-20261005/Tests-v1-01.log:2390: trailing whitespace.
+  
runs/online-optimality-migration-20261005/Tests-v1-01.log:2392: trailing whitespace.
+    
runs/online-optimality-migration-20261005/Tests-v1-01.log:6789: trailing whitespace.
+  
runs/online-optimality-migration-20261005/Tests-v1-01.log:6791: trailing whitespace.
+    
runs/online-optimality-migration-20261005/focused-v1-01.log:742: trailing whitespace.
+  
runs/online-optimality-migration-20261005/focused-v1-01.log:744: trailing whitespace.
+    
runs/online-optimality-migration-20261005/focused-v1-01.log:749: trailing whitespace.
+  
runs/online-optimality-migration-20261005/focused-v1-01.log:751: trailing whitespace.
+    
runs/online-optimality-migration-20261005/focused-v1-01.log:912: trailing whitespace.
+  
runs/online-optimality-migration-20261005/focused-v1-01.log:914: trailing whitespace.
+    
runs/online-optimality-migration-20261005/focused-v1-01.log:1063: trailing whitespace.
+  
runs/online-optimality-migration-20261005/focused-v1-01.log:1065: trailing whitespace.
+    
runs/online-optimality-migration-20261005/focused-v1-01.log:1234: trailing whitespace.
+  
runs/online-optimality-migration-20261005/focused-v1-01.log:1236: trailing whitespace.
+    
runs/online-optimality-migration-20261005/focused-v1-01.log:1276: trailing whitespace.
+  
runs/online-optimality-migration-20261005/focused-v1-01.log:1278: trailing whitespace.
+    
runs/online-optimality-migration-20261005/focused-v1-01.log:1771: trailing whitespace.
+  
runs/online-optimality-migration-20261005/focused-v1-01.log:1773: trailing whitespace.
+    
runs/online-optimality-migration-20261005/focused-v1-01.log:1822: trailing whitespace.
+  
runs/online-optimality-migration-20261005/focused-v1-01.log:1824: trailing whitespace.
+    
runs/online-optimality-migration-20261005/root-v1-01.log:719: trailing whitespace.
+  
runs/online-optimality-migration-20261005/root-v1-01.log:721: trailing whitespace.
+    
runs/online-optimality-migration-20261005/root-v1-01.log:726: trailing whitespace.
+  
runs/online-optimality-migration-20261005/root-v1-01.log:728: trailing whitespace.
+    
runs/online-optimality-migration-20261005/root-v1-01.log:889: trailing whitespace.
+  
runs/online-optimality-migration-20261005/root-v1-01.log:891: trailing whitespace.
+    
runs/online-optimality-migration-20261005/root-v1-01.log:1040: trailing whitespace.
+  
runs/online-optimality-migration-20261005/root-v1-01.log:1042: trailing whitespace.
+    
runs/online-optimality-migration-20261005/root-v1-01.log:1211: trailing whitespace.
+  
runs/online-optimality-migration-20261005/root-v1-01.log:1213: trailing whitespace.
+    
runs/online-optimality-migration-20261005/root-v1-01.log:1253: trailing whitespace.
+  
runs/online-optimality-migration-20261005/root-v1-01.log:1255: trailing whitespace.
+    
runs/online-optimality-migration-20261005/root-v1-01.log:1748: trailing whitespace.
+  
runs/online-optimality-migration-20261005/root-v1-01.log:1750: trailing whitespace.
+    
runs/online-optimality-migration-20261005/root-v1-01.log:1799: trailing whitespace.
+  
runs/online-optimality-migration-20261005/root-v1-01.log:1801: trailing whitespace.
+    
