{
  "time": "2026-10-05T12:35:27+00:00",
  "task": "ONLINE-OPTIMALITY-MIGRATION-20261005",
  "role": "lower",
  "kind": "build",
  "status": "compiled",
  "notes": "Actual4retainedbody module/byte-unchanged meaningful canary/13namedaxioms/4nativeguards passed. No newproofcode; distinctbody/package review pending.",
  "lean": "BanditRLProof/OnlineConvexOptimality.lean",
  "source": "",
  "run_id": "online-optimality-migration-20261005",
  "changed_files": [],
  "statement_hash": "51f3cfbe81af8317a1330596632cefc6b74a4a707a2891f9962960990924cc05",
  "parent_id": "",
  "route_fingerprint": "",
  "verifier_evidence": [
    "runs\\online-optimality-migration-20261005\\public-body-v1-01.log"
  ],
  "harness": "",
  "experiment_id": "",
  "target_fingerprint": "",
  "route_packet_hash": "",
  "attempt_id": "OPTIMALITY-RETAINED-BODIES-V1",
  "worker_id": "",
  "progress_class": "retrieval-reuse",
  "reviewer_validated": false,
  "obligations_before": 0,
  "obligations_after": 0,
  "new_declarations": [],
  "reused_declarations": [
    "BanditRL.OnlineConvex.theorem_2_8"
  ],
  "dag_nodes": 0,
  "dag_depth": 0,
  "elapsed_seconds": 0.0,
  "lean_check_seconds": 0.0,
  "prompt_chars": 0,
  "input_tokens": 0,
  "output_tokens": 0,
  "error_signature": ""
}
