tmp/online-guessing-ogd-draft.lean:16:23: error: Tactic `assumption` failed

z : ℝ
⊢ False
tmp/online-guessing-ogd-draft.lean:20:23: error: Tactic `assumption` failed

y : ℝ
⊢ False
tmp/online-guessing-ogd-draft.lean:24:23: error: Tactic `assumption` failed

y x : ℝ
⊢ False
tmp/online-guessing-ogd-draft.lean:28:23: error: Tactic `assumption` failed

y x : ℝ
hy : y ∈ Set.Icc 0 1
hx : x ∈ Set.Icc 0 1
⊢ False
tmp/online-guessing-ogd-draft.lean:33:23: error: Tactic `assumption` failed

η y x : ℝ
⊢ False
tmp/online-guessing-ogd-draft.lean:40:23: error: Tactic `assumption` failed

y : ℕ → ℝ
x0 : ℝ
hx0 : x0 ∈ Set.Icc 0 1
T : ℕ
hT : 0 < T
hy : ∀ t < T, y t ∈ Set.Icc 0 1
⊢ False
