SITE CHECK PASSED
- HTML pages: 764
- modules: 684
- declarations: 8996
- highlights: 161
- milestones: 83
- textbook crosswalks: 21
- source theorem restatements: 35
- BanditRLwiki settings/cases/papers: 7/13/19
- BanditRLwiki theorem surfaces: 27
- BanditRLwiki literature-open/formalization-open cases: 0/13
- BanditRLwiki named formalization leaves: 36
- BanditRLwiki active source-frozen ports: 2
- Live Formalization mappings: 161
- Mermaid blocks: 18
- Lean source links: 9891
- internal links and anchors: valid
- README relative links: valid
- MathJax loader and readable mathematical fallbacks: valid
- GitHub Pages workflow: complete
