{
  "schema_version": 1,
  "entry_id": "entry-47bcdb143198b470",
  "session_id": "ONLINE-HUBER-MIGRATION-20261006",
  "sequence": 4,
  "parent_id": "entry-dcba985d55e70f61",
  "event_type": "accepted",
  "created_at": "2026-10-05T18:19:39+00:00",
  "payload": {
    "run_id": "online-huber-migration-20261006",
    "accepted_decision": "runs\\online-huber-migration-20261006\\accepted-decision-v1.json",
    "retained_proofs": 19,
    "retained_definitions": 3,
    "new_proofs": 0,
    "merged": false,
    "live": false,
    "source_package_accepted": true,
    "chapter_complete": false,
    "goal_complete": false
  }
}
