{
  "time": "2026-10-05T18:19:39+00:00",
  "task": "ONLINE-HUBER-MIGRATION-20261006",
  "role": "reviewer",
  "kind": "review",
  "status": "accepted",
  "notes": "Same actual compiled19proof3definition Hub er bundle accepted after distinct source/reader and integrated gates. ONEprintedexample/0newproofgain; actual terminal sourceintegration, notChapter2/book/productivity experiment.",
  "lean": "",
  "source": "",
  "run_id": "online-huber-migration-20261006",
  "changed_files": [],
  "statement_hash": "fe1419545ec713b562d316c84cf18713913c5daec496969eb97cc34d2759c281",
  "parent_id": "",
  "route_fingerprint": "",
  "verifier_evidence": [
    "runs\\online-huber-migration-20261006\\final-reader-receipt-v1.json"
  ],
  "harness": "hierarchical",
  "experiment_id": "",
  "target_fingerprint": "",
  "route_packet_hash": "",
  "attempt_id": "HUBER-RETAINED-BODIES-V1",
  "worker_id": "",
  "progress_class": "retrieval-reuse",
  "reviewer_validated": true,
  "obligations_before": 0,
  "obligations_after": 0,
  "new_declarations": [],
  "reused_declarations": [
    "BanditRL.OnlineHuber.huber_average_eventually"
  ],
  "dag_nodes": 0,
  "dag_depth": 0,
  "elapsed_seconds": 0.0,
  "lean_check_seconds": 0.0,
  "prompt_chars": 0,
  "input_tokens": 0,
  "output_tokens": 0,
  "error_signature": ""
}
