{
  "schema_version": 1,
  "mode": "shadow-read-only",
  "analyzed_at": "2026-10-05T18:19:40+00:00",
  "trials_path": "E:\\ABRL\\worktrees\\research-online-book\\runs\\online-huber-migration-20261006\\accepted-scoped-trials-v1.jsonl",
  "trial_rows": 2,
  "status_counts": {
    "accepted": 1,
    "compiled": 1
  },
  "inferred_frontier": {
    "selected_task": "ONLINE-HUBER-MIGRATION-20261006",
    "selected_leaf": "ONLINE-HUBER-MIGRATION-20261006",
    "source_status": "accepted",
    "last_accepted_verifier": {
      "trial_index": 1,
      "time": "2026-10-05T18:19:39+00:00",
      "task": "ONLINE-HUBER-MIGRATION-20261006",
      "role": "reviewer",
      "kind": "review",
      "status": "accepted",
      "lean": "",
      "notes": "Same actual compiled19proof3definition Hub er bundle accepted after distinct source/reader and integrated gates. ONEprintedexample/0newproofgain; actual terminal sourceintegration, notChapter2/book/productivity experiment.",
      "run_id": "online-huber-migration-20261006"
    }
  },
  "memory_digest": {
    "path": "E:\\ABRL\\worktrees\\research-online-book\\runs\\online-huber-migration-20261006\\memory-digest-accepted-v1.md",
    "task": ""
  },
  "recorded_frontier": {
    "schema_version": 1,
    "record_id": "frontier-52ed8661e7039fcb",
    "updated_at": "2026-10-05T18:19:40+00:00",
    "root_objective": "Persistent Orabona Chapters1-16 Goal; onlyHuberExample2.15accepted,Chapter2/book incomplete",
    "current_leaf": {
      "id": "ONLINE-HUBER-MIGRATION-20261006",
      "kind": "lean",
      "status": "accepted",
      "statement": "theorem huber_average_eventually (delta Z : ℝ) (hd : 0 ≤ delta) (hZ : 0 ≤ Z) (z : ℕ → E) (y : ℕ → ℝ) (x0 u : E) (hz : ∀ t, ‖z t‖ ≤ Z) (epsilon : ℝ) (he : 0 < epsilon) : ∀ᶠ T : ℕ in Filter.atTop, regret fullSpace (1 / Real.sqrt T) (fun t => linearLoss delta (z t) (y t)) x0 u T / T < epsilon",
      "statement_hash": "fe1419545ec713b562d316c84cf18713913c5daec496969eb97cc34d2759c281",
      "declaration": "BanditRL.OnlineHuber.huber_average_eventually",
      "file": "BanditRLProof/OnlineHuber.lean",
      "source_status": "source-reviewed",
      "dependencies": [
        {
          "kind": "lean",
          "name": "BanditRL.OnlineHuber.huber_average_bound",
          "status": "compiled"
        },
        {
          "kind": "lean",
          "name": "BanditRL.OnlineHuber.huber_rate_tendsto",
          "status": "compiled"
        },
        {
          "kind": "lean",
          "name": "BanditRL.OnlineHuber.huber_regret_fixed",
          "status": "compiled"
        },
        {
          "kind": "lean",
          "name": "BanditRL.OnlineGradientDescent.theorem_2_13_fixed",
          "status": "compiled"
        },
        {
          "kind": "review",
          "name": "source-reader",
          "status": "accepted"
        }
      ]
    },
    "dag": {
      "nodes": [
        {
          "id": "ONLINE-HUBER-MIGRATION-20261006",
          "kind": "lean",
          "status": "accepted",
          "dependencies": [
            {
              "kind": "lean",
              "name": "BanditRL.OnlineHuber.huber_average_bound",
              "status": "compiled"
            },
            {
              "kind": "lean",
              "name": "BanditRL.OnlineHuber.huber_rate_tendsto",
              "status": "compiled"
            },
            {
              "kind": "lean",
              "name": "BanditRL.OnlineHuber.huber_regret_fixed",
              "status": "compiled"
            },
            {
              "kind": "lean",
              "name": "BanditRL.OnlineGradientDescent.theorem_2_13_fixed",
              "status": "compiled"
            },
            {
              "kind": "review",
              "name": "source-reader",
              "status": "accepted"
            }
          ],
          "dispatch_count": 0
        }
      ]
    },
    "last_accepted_verifier": {
      "trial_index": 1,
      "time": "2026-10-05T18:19:39+00:00",
      "task": "ONLINE-HUBER-MIGRATION-20261006",
      "role": "reviewer",
      "kind": "review",
      "status": "accepted",
      "lean": "",
      "notes": "Same actual compiled19proof3definition Hub er bundle accepted after distinct source/reader and integrated gates. ONEprintedexample/0newproofgain; actual terminal sourceintegration, notChapter2/book/productivity experiment.",
      "run_id": "online-huber-migration-20261006"
    },
    "memory_policy": {
      "recent_role_relevant_limit": 5,
      "explicit_verified_lemma_ids": [],
      "whole_history_default": false
    },
    "shadow_gate": {
      "status": "pending",
      "analyzed_trial_rows": 2,
      "mismatches": [],
      "replay_transitions": 0
    },
    "mutation_policy": {
      "canonical_path_queue": true,
      "cross_process_lock": true,
      "same_file_serialized": true,
      "disjoint_files_parallel": true
    },
    "autonomous_execution": {
      "enabled": false,
      "requires_deterministic_gates": true,
      "requires_explicit_user_request": true
    }
  },
  "mismatches": [],
  "would_mutate": false
}
