{
  "schema_version": 1,
  "mode": "shadow-read-only",
  "analyzed_at": "2026-10-05T18:10:51+00:00",
  "trials_path": "E:\\ABRL\\worktrees\\research-online-book\\runs\\online-huber-migration-20261006\\candidate-scoped-trials-v1.jsonl",
  "trial_rows": 1,
  "status_counts": {
    "compiled": 1
  },
  "inferred_frontier": {
    "selected_task": "ONLINE-HUBER-MIGRATION-20261006",
    "selected_leaf": "ONLINE-HUBER-MIGRATION-20261006",
    "source_status": "compiled",
    "last_accepted_verifier": {
      "trial_index": 0,
      "time": "2026-10-05T18:01:08+00:00",
      "task": "ONLINE-HUBER-MIGRATION-20261006",
      "role": "lower",
      "kind": "build",
      "status": "compiled",
      "lean": "BanditRLProof/OnlineHuber.lean",
      "notes": "Actual retained19Huber scalar/vector/fullspace/causal OGD/one-sided average-terminal bodies,3full definitions/whole14canaries/36namedaxes/19guards passed. Zero new proof code/nodes; distinct BODY/package gates pending, Chapter2/Book incomplete.",
      "run_id": "online-huber-migration-20261006"
    }
  },
  "memory_digest": {
    "path": "E:\\ABRL\\worktrees\\research-online-book\\runs\\online-huber-migration-20261006\\memory-digest-candidate-v1.md",
    "task": ""
  },
  "recorded_frontier": {
    "schema_version": 1,
    "record_id": "frontier-b9128b4a29b3025a",
    "updated_at": "2026-10-05T18:10:51+00:00",
    "root_objective": "Persistent Orabona Chapters1-16 Goal; only Example2.15 retained Huber/one-sided average candidate, Chapter2/book incomplete",
    "current_leaf": {
      "id": "ONLINE-HUBER-MIGRATION-20261006",
      "kind": "lean",
      "status": "gate-pending",
      "statement": "theorem huber_average_eventually (delta Z : ℝ) (hd : 0 ≤ delta) (hZ : 0 ≤ Z) (z : ℕ → E) (y : ℕ → ℝ) (x0 u : E) (hz : ∀ t, ‖z t‖ ≤ Z) (epsilon : ℝ) (he : 0 < epsilon) : ∀ᶠ T : ℕ in Filter.atTop, regret fullSpace (1 / Real.sqrt T) (fun t => linearLoss delta (z t) (y t)) x0 u T / T < epsilon",
      "statement_hash": "fe1419545ec713b562d316c84cf18713913c5daec496969eb97cc34d2759c281",
      "declaration": "BanditRL.OnlineHuber.huber_average_eventually",
      "file": "BanditRLProof/OnlineHuber.lean",
      "source_status": "source-body-reviewed",
      "dependencies": [
        {
          "kind": "lean",
          "name": "BanditRL.OnlineHuber.huber_average_bound",
          "status": "compiled"
        },
        {
          "kind": "lean",
          "name": "BanditRL.OnlineHuber.huber_rate_tendsto",
          "status": "compiled"
        },
        {
          "kind": "lean",
          "name": "BanditRL.OnlineHuber.huber_regret_fixed",
          "status": "compiled"
        },
        {
          "kind": "lean",
          "name": "BanditRL.OnlineGradientDescent.theorem_2_13_fixed",
          "status": "compiled"
        },
        {
          "kind": "review",
          "name": "source-body",
          "status": "accepted"
        }
      ]
    },
    "dag": {
      "nodes": [
        {
          "id": "ONLINE-HUBER-MIGRATION-20261006",
          "kind": "lean",
          "status": "gate-pending",
          "dependencies": [
            {
              "kind": "lean",
              "name": "BanditRL.OnlineHuber.huber_average_bound",
              "status": "compiled"
            },
            {
              "kind": "lean",
              "name": "BanditRL.OnlineHuber.huber_rate_tendsto",
              "status": "compiled"
            },
            {
              "kind": "lean",
              "name": "BanditRL.OnlineHuber.huber_regret_fixed",
              "status": "compiled"
            },
            {
              "kind": "lean",
              "name": "BanditRL.OnlineGradientDescent.theorem_2_13_fixed",
              "status": "compiled"
            },
            {
              "kind": "review",
              "name": "source-body",
              "status": "accepted"
            }
          ],
          "dispatch_count": 0
        }
      ]
    },
    "last_accepted_verifier": {
      "trial_index": 0,
      "time": "2026-10-05T18:01:08+00:00",
      "task": "ONLINE-HUBER-MIGRATION-20261006",
      "role": "lower",
      "kind": "build",
      "status": "compiled",
      "lean": "BanditRLProof/OnlineHuber.lean",
      "notes": "Actual retained19Huber scalar/vector/fullspace/causal OGD/one-sided average-terminal bodies,3full definitions/whole14canaries/36namedaxes/19guards passed. Zero new proof code/nodes; distinct BODY/package gates pending, Chapter2/Book incomplete.",
      "run_id": "online-huber-migration-20261006"
    },
    "memory_policy": {
      "recent_role_relevant_limit": 5,
      "explicit_verified_lemma_ids": [],
      "whole_history_default": false
    },
    "shadow_gate": {
      "status": "pending",
      "analyzed_trial_rows": 1,
      "mismatches": [],
      "replay_transitions": 0
    },
    "mutation_policy": {
      "canonical_path_queue": true,
      "cross_process_lock": true,
      "same_file_serialized": true,
      "disjoint_files_parallel": true
    },
    "autonomous_execution": {
      "enabled": false,
      "requires_deterministic_gates": true,
      "requires_explicit_user_request": true
    }
  },
  "mismatches": [],
  "would_mutate": false
}
