draft-fence-hasDerivAt_ite_le-v1 exit 0 seconds 0.203
draft-fence-huber_three_pieces-v1 exit 0 seconds 0.219
draft-fence-huber_zero-v1 exit 0 seconds 0.218
draft-fence-hasDerivAt_join-v1 exit 0 seconds 0.203
draft-fence-huber_hasDerivAt-v1 exit 0 seconds 0.219
draft-fence-huber_deriv_clamp-v1 exit 0 seconds 0.218
draft-fence-huber_convex-v1 exit 0 seconds 0.203
draft-fence-huber_deriv_bound-v1 exit 0 seconds 0.218
draft-fence-huber_deriv_source-v1 exit 0 seconds 0.219
draft-fence-huber_linear_hasGradientAt-v1 exit 0 seconds 0.203
draft-fence-huber_linear_convex-v1 exit 0 seconds 0.219
draft-fence-huber_linear_gradient_bound-v1 exit 0 seconds 0.219
draft-fence-project_fullSpace-v1 exit 0 seconds 0.219
draft-fence-huber_regular-v1 exit 0 seconds 0.219
draft-fence-huber_step-v1 exit 0 seconds 0.234
draft-fence-huber_regret_fixed-v1 exit 0 seconds 0.219
draft-fence-huber_average_bound-v1 exit 0 seconds 0.218
draft-fence-huber_rate_tendsto-v1 exit 0 seconds 0.219
draft-fence-huber_average_eventually-v1 exit 0 seconds 0.219
draft-lifecycle-v1 exit 0 seconds 0.218
One Huber source example/19exactheaders/three complete definition contexts/one-sided terminal/DAG/conversion frozen; distinct contract review pending.
