'HuberSeamProbe.upper_join' depends on axioms: [propext, Classical.choice, Quot.sound]
'BanditRL.OnlineHuber.hasDerivAt_ite_le' depends on axioms: [propext, Classical.choice, Quot.sound]
Tests/OnlineHuberCanary.lean:16:56: warning: Used `tac1 <;> tac2` where `(tac1; tac2)` would suffice

Note: This linter can be disabled with `set_option linter.unnecessarySeqFocus false`
Tests/OnlineHuberCanary.lean:18:53: warning: Used `tac1 <;> tac2` where `(tac1; tac2)` would suffice

Note: This linter can be disabled with `set_option linter.unnecessarySeqFocus false`
Tests/OnlineHuberCanary.lean:20:56: warning: Used `tac1 <;> tac2` where `(tac1; tac2)` would suffice

Note: This linter can be disabled with `set_option linter.unnecessarySeqFocus false`
Tests/OnlineHuberCanary.lean:22:53: warning: Used `tac1 <;> tac2` where `(tac1; tac2)` would suffice

Note: This linter can be disabled with `set_option linter.unnecessarySeqFocus false`
Tests/OnlineHuberCanary.lean:24:53: warning: Used `tac1 <;> tac2` where `(tac1; tac2)` would suffice

Note: This linter can be disabled with `set_option linter.unnecessarySeqFocus false`
'BanditRL.OnlineHuber.hasDerivAt_join' depends on axioms: [propext, Classical.choice, Quot.sound]
'BanditRL.OnlineHuber.huber_hasDerivAt' depends on axioms: [propext, Classical.choice, Quot.sound]
'HuberDerivativeProbe.lower_seam' depends on axioms: [propext, Classical.choice, Quot.sound]
'HuberDerivativeProbe.upper_seam' depends on axioms: [propext, Classical.choice, Quot.sound]
'HuberDerivativeProbe.zero_threshold' depends on axioms: [propext, Classical.choice, Quot.sound]
'HuberDerivativeProbe.quadratic_interior' depends on axioms: [propext, Classical.choice, Quot.sound]
'HuberDerivativeProbe.affine_exterior' depends on axioms: [propext, Classical.choice, Quot.sound]
'BanditRL.OnlineHuber.huber_deriv_clamp' depends on axioms: [propext, Classical.choice, Quot.sound]
'BanditRL.OnlineHuber.huber_convex' depends on axioms: [propext, Classical.choice, Quot.sound]
'BanditRL.OnlineHuber.huber_deriv_bound' depends on axioms: [propext, Classical.choice, Quot.sound]
'BanditRL.OnlineHuber.huber_deriv_source' depends on axioms: [propext, Classical.choice, Quot.sound]
'BanditRL.OnlineHuber.huber_linear_hasGradientAt' depends on axioms: [propext, Classical.choice, Quot.sound]
'BanditRL.OnlineHuber.huber_linear_convex' depends on axioms: [propext, Classical.choice, Quot.sound]
'BanditRL.OnlineHuber.huber_linear_gradient_bound' depends on axioms: [propext, Classical.choice, Quot.sound]
'HuberVectorProbe.nonzero_feature' depends on axioms: [propext, Classical.choice, Quot.sound]
'HuberVectorProbe.zero_threshold' depends on axioms: [propext, Classical.choice, Quot.sound]
'HuberVectorProbe.feature_bound' depends on axioms: [propext, Classical.choice, Quot.sound]
'HuberVectorProbe.global_convex' depends on axioms: [propext, Classical.choice, Quot.sound]
'BanditRL.OnlineHuber.project_fullSpace' depends on axioms: [propext, Classical.choice, Quot.sound]
'BanditRL.OnlineHuber.huber_regular' depends on axioms: [propext, Classical.choice, Quot.sound]
'BanditRL.OnlineHuber.huber_step' depends on axioms: [propext, Classical.choice, Quot.sound]
'BanditRL.OnlineHuber.huber_regret_fixed' depends on axioms: [propext, Classical.choice, Quot.sound]
'HuberOGDProbe.actual_step' depends on axioms: [propext, Classical.choice, Quot.sound]
'HuberOGDProbe.residual_bound' depends on axioms: [propext, Classical.choice, Quot.sound]
'BanditRL.OnlineHuber.huber_three_pieces' depends on axioms: [propext, Classical.choice, Quot.sound]
'BanditRL.OnlineHuber.huber_zero' depends on axioms: [propext, Classical.choice, Quot.sound]
'BanditRL.OnlineHuber.huber_average_bound' depends on axioms: [propext, Classical.choice, Quot.sound]
'BanditRL.OnlineHuber.huber_rate_tendsto' depends on axioms: [propext, Classical.choice, Quot.sound]
'BanditRL.OnlineHuber.huber_average_eventually' depends on axioms: [propext, Classical.choice, Quot.sound]
'Tests.OnlineHuber.average_four' depends on axioms: [propext, Classical.choice, Quot.sound]
'Tests.OnlineHuber.eventually_tenth' depends on axioms: [propext, Classical.choice, Quot.sound]
