{
  "time": "2026-10-05T18:01:08+00:00",
  "task": "ONLINE-HUBER-MIGRATION-20261006",
  "role": "lower",
  "kind": "build",
  "status": "compiled",
  "notes": "Actual retained19Huber scalar/vector/fullspace/causal OGD/one-sided average-terminal bodies,3full definitions/whole14canaries/36namedaxes/19guards passed. Zero new proof code/nodes; distinct BODY/package gates pending, Chapter2/Book incomplete.",
  "lean": "BanditRLProof/OnlineHuber.lean",
  "source": "",
  "run_id": "online-huber-migration-20261006",
  "changed_files": [],
  "statement_hash": "fe1419545ec713b562d316c84cf18713913c5daec496969eb97cc34d2759c281",
  "parent_id": "",
  "route_fingerprint": "",
  "verifier_evidence": [
    "runs\\online-huber-migration-20261006\\public-body-v1-01.log"
  ],
  "harness": "",
  "experiment_id": "",
  "target_fingerprint": "",
  "route_packet_hash": "",
  "attempt_id": "HUBER-RETAINED-BODIES-V1",
  "worker_id": "",
  "progress_class": "retrieval-reuse",
  "reviewer_validated": false,
  "obligations_before": 0,
  "obligations_after": 0,
  "new_declarations": [],
  "reused_declarations": [
    "BanditRL.OnlineHuber.huber_average_eventually"
  ],
  "dag_nodes": 0,
  "dag_depth": 0,
  "elapsed_seconds": 0.0,
  "lean_check_seconds": 0.0,
  "prompt_chars": 0,
  "input_tokens": 0,
  "output_tokens": 0,
  "error_signature": ""
}
