public-fence-v1-hasDerivAt_ite_le exit 0 seconds 0.219
safe-public-v1-hasDerivAt_ite_le exit 0 seconds 0.235
public-fence-v1-huber_three_pieces exit 0 seconds 0.218
safe-public-v1-huber_three_pieces exit 0 seconds 0.203
public-fence-v1-huber_zero exit 0 seconds 0.218
safe-public-v1-huber_zero exit 0 seconds 0.219
public-fence-v1-hasDerivAt_join exit 0 seconds 0.219
safe-public-v1-hasDerivAt_join exit 0 seconds 0.219
public-fence-v1-huber_hasDerivAt exit 0 seconds 0.219
safe-public-v1-huber_hasDerivAt exit 0 seconds 0.218
public-fence-v1-huber_deriv_clamp exit 0 seconds 0.219
safe-public-v1-huber_deriv_clamp exit 0 seconds 0.203
public-fence-v1-huber_convex exit 0 seconds 0.218
safe-public-v1-huber_convex exit 0 seconds 0.219
public-fence-v1-huber_deriv_bound exit 0 seconds 0.219
safe-public-v1-huber_deriv_bound exit 0 seconds 0.234
public-fence-v1-huber_deriv_source exit 0 seconds 0.219
safe-public-v1-huber_deriv_source exit 0 seconds 0.219
public-fence-v1-huber_linear_hasGradientAt exit 0 seconds 0.219
safe-public-v1-huber_linear_hasGradientAt exit 0 seconds 0.219
public-fence-v1-huber_linear_convex exit 0 seconds 0.204
safe-public-v1-huber_linear_convex exit 0 seconds 0.219
public-fence-v1-huber_linear_gradient_bound exit 0 seconds 0.219
safe-public-v1-huber_linear_gradient_bound exit 0 seconds 0.203
public-fence-v1-project_fullSpace exit 0 seconds 0.203
safe-public-v1-project_fullSpace exit 0 seconds 0.219
public-fence-v1-huber_regular exit 0 seconds 0.218
safe-public-v1-huber_regular exit 0 seconds 0.219
public-fence-v1-huber_step exit 0 seconds 0.219
safe-public-v1-huber_step exit 0 seconds 0.219
public-fence-v1-huber_regret_fixed exit 0 seconds 0.219
safe-public-v1-huber_regret_fixed exit 0 seconds 0.203
public-fence-v1-huber_average_bound exit 0 seconds 0.203
safe-public-v1-huber_average_bound exit 0 seconds 0.218
public-fence-v1-huber_rate_tendsto exit 0 seconds 0.219
safe-public-v1-huber_rate_tendsto exit 0 seconds 0.219
public-fence-v1-huber_average_eventually exit 0 seconds 0.218
safe-public-v1-huber_average_eventually exit 0 seconds 0.203
Nineteen native guards passed; compilation evidence is separate.
