{
  "time": "2026-10-05T14:26:03+00:00",
  "task": "ONLINE-BARYCENTER-MIGRATION-20261005",
  "role": "reviewer",
  "kind": "review",
  "status": "accepted",
  "notes": "Same named actual compiled barycenter bundle accepted after distinct finalsource/reader and integratedgates;3retainedproofs/0newcode, no Jensen/chapter/book completion or productivity/timing experiment.",
  "lean": "",
  "source": "",
  "run_id": "online-barycenter-migration-20261005",
  "changed_files": [],
  "statement_hash": "7134f3c4f66930008a714166857987263b398def70acd37a31866ee7aae57d74",
  "parent_id": "",
  "route_fingerprint": "",
  "verifier_evidence": [
    "runs\\online-barycenter-migration-20261005\\final-reader-receipt-v1.json"
  ],
  "harness": "hierarchical",
  "experiment_id": "",
  "target_fingerprint": "",
  "route_packet_hash": "",
  "attempt_id": "BARYCENTER-RETAINED-BODIES-V1",
  "worker_id": "",
  "progress_class": "retrieval-reuse",
  "reviewer_validated": true,
  "obligations_before": 0,
  "obligations_after": 0,
  "new_declarations": [],
  "reused_declarations": [
    "BanditRL.OnlineConvex.integral_mem_convex_finiteDimensional"
  ],
  "dag_nodes": 0,
  "dag_depth": 0,
  "elapsed_seconds": 0.0,
  "lean_check_seconds": 0.0,
  "prompt_chars": 0,
  "input_tokens": 0,
  "output_tokens": 0,
  "error_signature": ""
}
