{
  "schema_version": 1,
  "entry_id": "entry-614efb8aabbb6c30",
  "session_id": "ONLINE-BARYCENTER-MIGRATION-20261005",
  "sequence": 4,
  "parent_id": "entry-9763b52b076a08e6",
  "event_type": "accepted",
  "created_at": "2026-10-05T14:26:03+00:00",
  "payload": {
    "run_id": "online-barycenter-migration-20261005",
    "accepted_decision": "runs\\online-barycenter-migration-20261005\\accepted-decision-v1.json",
    "retained_proofs": 3,
    "retained_definitions": 0,
    "new_proofs": 0,
    "parent_accepted": false,
    "chapter_complete": false,
    "goal_complete": false,
    "merged": false,
    "live": false
  }
}
