{
  "schema_version": 1,
  "entry_id": "entry-9763b52b076a08e6",
  "session_id": "ONLINE-BARYCENTER-MIGRATION-20261005",
  "sequence": 3,
  "parent_id": "entry-ac69b017df788a6c",
  "event_type": "candidate",
  "created_at": "2026-10-05T14:15:18+00:00",
  "payload": {
    "run_id": "online-barycenter-migration-20261005",
    "retained_proofs": 3,
    "retained_definitions": 0,
    "new_proofs": 0,
    "frozen_headers": {
      "supporting_functional_ae_eq_mean": "be9e83725383595fc5ed86a16c238d85e7c48c9e41622c133d5ab334055fbb5c",
      "supporting_functional_at_closure": "9092f1a797fc59d01433e8197295ccf4fe6c97c6ea06352adc60a016aa9e44a4",
      "integral_mem_convex_finiteDimensional": "7134f3c4f66930008a714166857987263b398def70acd37a31866ee7aae57d74"
    },
    "fresh_jobs": {
      "root-v1-01": 9088,
      "Tests-v1-01": 9230
    },
    "remaining_gates": [
      "fullharness",
      "contributor",
      "site/registry/finalreader",
      "raw/PR"
    ],
    "parent_accepted": false,
    "chapter_complete": false,
    "goal_complete": false
  }
}
