{
  "schema_version": 1,
  "record_id": "frontier-584a312b2a0a5fea",
  "updated_at": "2026-10-05T14:15:19+00:00",
  "root_objective": "Persistent Orabona Chapters1-16 Goal; only nonclosed barycenter dependency candidate, Jensen/Chapter2/book incomplete",
  "current_leaf": {
    "id": "ONLINE-BARYCENTER-MIGRATION-20261005",
    "kind": "lean",
    "status": "gate-pending",
    "statement": "theorem integral_mem_convex_finiteDimensional (μ : Measure Ω) [IsProbabilityMeasure μ] (s : Set E) (hs : Convex ℝ s) (X : Ω → E) (hX : Integrable X μ) (hmem : ∀ᵐ ω ∂μ, X ω ∈ s) : (∫ ω, X ω ∂μ) ∈ s",
    "statement_hash": "7134f3c4f66930008a714166857987263b398def70acd37a31866ee7aae57d74",
    "declaration": "BanditRL.OnlineConvex.integral_mem_convex_finiteDimensional",
    "file": "BanditRLProof/OnlineConvexBarycenter.lean",
    "source_status": "source-body-reviewed",
    "dependencies": [
      {
        "kind": "lean",
        "name": "BanditRL.OnlineConvex.supporting_functional_ae_eq_mean",
        "status": "compiled"
      },
      {
        "kind": "lean",
        "name": "BanditRL.OnlineConvex.supporting_functional_at_closure",
        "status": "compiled"
      },
      {
        "kind": "review",
        "name": "source-body",
        "status": "accepted"
      }
    ]
  },
  "dag": {
    "nodes": [
      {
        "id": "ONLINE-BARYCENTER-MIGRATION-20261005",
        "kind": "lean",
        "status": "gate-pending",
        "dependencies": [
          {
            "kind": "lean",
            "name": "BanditRL.OnlineConvex.supporting_functional_ae_eq_mean",
            "status": "compiled"
          },
          {
            "kind": "lean",
            "name": "BanditRL.OnlineConvex.supporting_functional_at_closure",
            "status": "compiled"
          },
          {
            "kind": "review",
            "name": "source-body",
            "status": "accepted"
          }
        ],
        "dispatch_count": 0
      }
    ]
  },
  "last_accepted_verifier": {
    "trial_index": 0,
    "time": "2026-10-05T14:05:40+00:00",
    "task": "ONLINE-BARYCENTER-MIGRATION-20261005",
    "role": "lower",
    "kind": "build",
    "status": "compiled",
    "lean": "BanditRLProof/OnlineConvexBarycenter.lean",
    "notes": "Actual3retainedbodies/nonclosed probability canary/14namedaxioms including law_probability/3nativeguards passed. Zero newproofcode; distinctbody/package review pending, no Jensen acceptance.",
    "run_id": "online-barycenter-migration-20261005"
  },
  "memory_policy": {
    "recent_role_relevant_limit": 5,
    "explicit_verified_lemma_ids": [],
    "whole_history_default": false
  },
  "shadow_gate": {
    "status": "pending",
    "analyzed_trial_rows": 1,
    "mismatches": [],
    "replay_transitions": 0
  },
  "mutation_policy": {
    "canonical_path_queue": true,
    "cross_process_lock": true,
    "same_file_serialized": true,
    "disjoint_files_parallel": true
  },
  "autonomous_execution": {
    "enabled": false,
    "requires_deterministic_gates": true,
    "requires_explicit_user_request": true
  }
}
