{
  "schema_version": 1,
  "entry_id": "entry-a26b252bd3ef02c5",
  "session_id": "ONLINE-BARYCENTER-MIGRATION-20261005",
  "sequence": 0,
  "parent_id": "",
  "event_type": "draft",
  "created_at": "2026-10-05T13:46:02+00:00",
  "payload": {
    "run_id": "online-barycenter-migration-20261005",
    "frozen_headers": {
      "supporting_functional_ae_eq_mean": "be9e83725383595fc5ed86a16c238d85e7c48c9e41622c133d5ab334055fbb5c",
      "supporting_functional_at_closure": "9092f1a797fc59d01433e8197295ccf4fe6c97c6ea06352adc60a016aa9e44a4",
      "integral_mem_convex_finiteDimensional": "7134f3c4f66930008a714166857987263b398def70acd37a31866ee7aae57d74"
    },
    "retained_proofs": 3,
    "new_proofs": 0,
    "source_accepted": false,
    "parent_accepted": false,
    "chapter_complete": false,
    "goal_complete": false
  }
}
