{
  "schema_version": 1,
  "entry_id": "entry-ac69b017df788a6c",
  "session_id": "ONLINE-BARYCENTER-MIGRATION-20261005",
  "sequence": 2,
  "parent_id": "entry-8744dc34b7331ae3",
  "event_type": "proving",
  "created_at": "2026-10-05T14:01:23+00:00",
  "payload": {
    "run_id": "online-barycenter-migration-20261005",
    "frozen_headers": {
      "supporting_functional_ae_eq_mean": "be9e83725383595fc5ed86a16c238d85e7c48c9e41622c133d5ab334055fbb5c",
      "supporting_functional_at_closure": "9092f1a797fc59d01433e8197295ccf4fe6c97c6ea06352adc60a016aa9e44a4",
      "integral_mem_convex_finiteDimensional": "7134f3c4f66930008a714166857987263b398def70acd37a31866ee7aae57d74"
    },
    "source_contract_receipt": "runs\\online-barycenter-migration-20261005\\source-contract-receipt-v1.json",
    "route": "single lower retained-body revalidation",
    "first_ready_leaf": "supporting_functional_ae_eq_mean",
    "terminal_dependency": "integral_mem_convex_finiteDimensional: actual-set membership by strict kernel-rank descent",
    "allowed_edits": "leading qualification comment/selected online-barycenter reader subtree; all3headers/proof tokens/canary bytes fixed",
    "retained_proofs": 3,
    "retained_definitions": 0,
    "new_proofs": 0,
    "parent_accepted": false,
    "chapter_complete": false,
    "goal_complete": false
  }
}
