{
  "schema_version": 1,
  "record_id": "frontier-bd1cfd448860bcc6",
  "updated_at": "2026-10-07T21:29:41+00:00",
  "root_objective": "Persistent Orabona Chapters1-16; only C1 no-regret reconciliation accepted",
  "current_leaf": {
    "id": "ONLINE-NO-REGRET-20261008",
    "kind": "lean",
    "status": "accepted",
    "statement": "theorem strict_separation : NoRegret (Set.Icc (0 : ℝ) 1) loss (fun _ => 0) ∧ ¬ LimitNoRegret (Set.Icc (0 : ℝ) 1) loss (fun _ => 0)",
    "statement_hash": "26386680c89953adac8eabfb569a63fc772329b460a4fca2c56cc0dafded1d25",
    "declaration": "BanditRL.OnlineLearning.NoRegretCounterexample.strict_separation",
    "file": "BanditRLProof\\OnlineNoRegretSemantics.lean",
    "source_status": "source-reviewed",
    "dependencies": [
      {
        "kind": "lean",
        "name": "BanditRL.OnlineLearning.NoRegretCounterexample.no_limit",
        "status": "compiled"
      },
      {
        "kind": "review",
        "name": "source-reader",
        "status": "accepted"
      }
    ]
  },
  "dag": {
    "nodes": [
      {
        "id": "ONLINE-NO-REGRET-20261008",
        "kind": "lean",
        "status": "accepted",
        "dependencies": [
          {
            "kind": "lean",
            "name": "BanditRL.OnlineLearning.NoRegretCounterexample.no_limit",
            "status": "compiled"
          },
          {
            "kind": "review",
            "name": "source-reader",
            "status": "accepted"
          }
        ],
        "dispatch_count": 0
      }
    ]
  },
  "last_accepted_verifier": {
    "trial_index": 3,
    "time": "2026-10-07T21:29:40+00:00",
    "task": "ONLINE-NO-REGRET-20261008",
    "role": "reviewer",
    "kind": "review",
    "status": "accepted",
    "lean": "",
    "notes": "ONLINE-NO-REGRET-20261008 C1-NOREGRET source reconciliation only: ordinary finite-real-limit semantics kept separate from eventual upper-epsilon control. Nine derived bridge/separation proofs and three definitions; iff requires actual per-comparator finite real convergence and permits negative comparator-dependent limits. ONE fixed signed affine stream on [0,1], constant-zero causal learner, positive even/odd -1/0 yields actual same-process strict separation. Not nine printed theorems, squared/bounded losses, or meanPredict nonconvergence. Three reused proofs including actual strict-past mean upper producer; fifteen named canary proofs and one fixture. C1 full regret/best-minimum and five OTHER main-relative source-module audits remain required/unwaived. Original16 C1 source items, mandatory proof total null; Chapter1 open, Chapter2 incomplete, Chapters3-16 unenumerated and necessary appendices required. Total Goal ACTIVE. Exact OPENdraft/unmerged PR191 stack; no main/live/merge/deploy/retirement. Generic supplied-trace bridges are not generic algorithm/minimizer producers; no probability/rate/uniform-comparator claim. Distinct required reused automated roles/history disclosed/requestedAstra-medium; no human/external/runtime attestation. Actual34kernel declarations,12neutral/15canary Prop identities,7definition identities,24native guards,19VALUEpairs; root9095/Tests9249/harness472skip7. Actual10894old registry IDsURLshashes preserved plus12new;12current images individually viewed. Separately accepted677-byte Asymptotic comment append preserves complete1407-byte code prefix; postappend combined gates apply. All failed proof/API/audit/native/contributor attempts retained, including vacuous N/A superseded and exact raw-log diff exceptions. Only fixed nine-terminal contract progresses9to0; no chapter/program completion.",
    "run_id": "online-no-regret-20261008"
  },
  "memory_policy": {
    "recent_role_relevant_limit": 5,
    "explicit_verified_lemma_ids": [],
    "whole_history_default": false
  },
  "shadow_gate": {
    "status": "pending",
    "analyzed_trial_rows": 4,
    "mismatches": [
      {
        "kind": "stale_memory_digest",
        "memory_task": "ONLINE-GUESSING-LOG-LOWER-20261008",
        "trial_task": "ONLINE-NO-REGRET-20261008"
      }
    ],
    "replay_transitions": 0
  },
  "mutation_policy": {
    "canonical_path_queue": true,
    "cross_process_lock": true,
    "same_file_serialized": true,
    "disjoint_files_parallel": true
  },
  "autonomous_execution": {
    "enabled": false,
    "requires_deterministic_gates": true,
    "requires_explicit_user_request": true
  }
}
