{
  "id": "mem-30deb3f2d89d2c6d",
  "created_at": "2026-10-07T21:29:41+00:00",
  "type": "source_fact",
  "task": "ONLINE-NO-REGRET-20261008",
  "provenance": {
    "kind": "local_first_retrieval",
    "reference": "E:\\ABRL\\worktrees\\research-online-book\\runs\\online-no-regret-20261008\\public-canary-build-v2-exit.json"
  },
  "assumptions": [],
  "declaration": "",
  "file": "",
  "status": "verified",
  "verifier_evidence": [
    "Tests\\OnlineNoRegretSemanticsCanary.lean"
  ],
  "supersession": {
    "supersedes": [],
    "reason": ""
  },
  "roles": [],
  "details": {
    "query": "Ordinary finite real limit versus eventual upper no-regret: conditional equivalence and fixed affine-stream strict separation",
    "search_order": [
      "local declarations",
      "ABRL theorem cards",
      "Mathlib cards"
    ],
    "candidates": [
      "BanditRL.OnlineLearning.limitNoRegret_iff_noRegret_of_converges",
      "BanditRL.OnlineLearning.NoRegretCounterexample.strict_separation"
    ],
    "rejections": [],
    "compiled_scratch": "Tests\\OnlineNoRegretSemanticsCanary.lean"
  }
}
