{
  "id": "mem-5c86b5d5ddeaa678",
  "created_at": "2026-10-07T21:29:41+00:00",
  "type": "verified_lemma",
  "task": "ONLINE-NO-REGRET-20261008",
  "provenance": {
    "kind": "source-reviewed-compiled-semantic-reconciliation",
    "reference": "E:\\ABRL\\worktrees\\research-online-book\\runs\\online-no-regret-20261008\\accepted-decision-v1.json"
  },
  "assumptions": [],
  "declaration": "BanditRL.OnlineLearning.NoRegretCounterexample.strict_separation",
  "file": "BanditRLProof\\OnlineNoRegretSemantics.lean",
  "status": "accepted",
  "verifier_evidence": [
    "E:\\ABRL\\worktrees\\research-online-book\\runs\\online-no-regret-20261008\\final-reader-receipt-v1.json"
  ],
  "supersession": {
    "supersedes": [],
    "reason": ""
  },
  "roles": [
    "reviewer"
  ],
  "details": {
    "scope": "C1-NOREGRET source reconciliation only: ordinary finite-real-limit semantics kept separate from eventual upper-epsilon control. Nine derived bridge/separation proofs and three definitions; iff requires actual per-comparator finite real convergence and permits negative comparator-dependent limits. ONE fixed signed affine stream on [0,1], constant-zero causal learner, positive even/odd -1/0 yields actual same-process strict separation. Not nine printed theorems, squared/bounded losses, or meanPredict nonconvergence. Three reused proofs including actual strict-past mean upper producer; fifteen named canary proofs and one fixture.",
    "remaining_required": "C1 full regret/best-minimum and five OTHER main-relative source-module audits remain required/unwaived. Original16 C1 source items, mandatory proof total null; Chapter1 open, Chapter2 incomplete, Chapters3-16 unenumerated and necessary appendices required. Total Goal ACTIVE. Exact OPENdraft/unmerged PR191 stack; no main/live/merge/deploy/retirement. Generic supplied-trace bridges are not generic algorithm/minimizer producers; no probability/rate/uniform-comparator claim.",
    "source_package_accepted": true,
    "chapter_complete": false,
    "goal_complete": false,
    "merged": false,
    "live": false,
    "new_public_proofs": 9,
    "new_public_definitions": 3,
    "reused_public_proofs": 3,
    "new_source_subobligation_closures": 1,
    "new_public_registry_nodes": 12,
    "new_named_validation_proofs": 15
  }
}
