{
  "schema_version": 1,
  "entry_id": "entry-d8da688ce7107a99",
  "session_id": "ONLINE-NO-REGRET-20261008",
  "sequence": 13,
  "parent_id": "entry-544104b7a9e23bbf",
  "event_type": "accepted",
  "created_at": "2026-10-07T21:29:40+00:00",
  "payload": {
    "run_id": "online-no-regret-20261008",
    "contract_version": 1,
    "accepted_decision": "E:/ABRL/worktrees/research-online-book/runs/online-no-regret-20261008/accepted-decision-v1.json",
    "scope_only": "C1-NOREGRET",
    "source_package_accepted": true,
    "chapter_complete": false,
    "goal_complete": false,
    "merged": false,
    "live": false,
    "new_public_proofs": 9,
    "new_public_definitions": 3,
    "reused_public_proofs": 3,
    "new_source_subobligation_closures": 1,
    "new_public_registry_nodes": 12,
    "new_named_validation_proofs": 15
  }
}
