{
  "time": "2026-10-07T21:29:40+00:00",
  "task": "ONLINE-NO-REGRET-20261008",
  "role": "reviewer",
  "kind": "review",
  "status": "accepted",
  "notes": "ONLINE-NO-REGRET-20261008 C1-NOREGRET source reconciliation only: ordinary finite-real-limit semantics kept separate from eventual upper-epsilon control. Nine derived bridge/separation proofs and three definitions; iff requires actual per-comparator finite real convergence and permits negative comparator-dependent limits. ONE fixed signed affine stream on [0,1], constant-zero causal learner, positive even/odd -1/0 yields actual same-process strict separation. Not nine printed theorems, squared/bounded losses, or meanPredict nonconvergence. Three reused proofs including actual strict-past mean upper producer; fifteen named canary proofs and one fixture. C1 full regret/best-minimum and five OTHER main-relative source-module audits remain required/unwaived. Original16 C1 source items, mandatory proof total null; Chapter1 open, Chapter2 incomplete, Chapters3-16 unenumerated and necessary appendices required. Total Goal ACTIVE. Exact OPENdraft/unmerged PR191 stack; no main/live/merge/deploy/retirement. Generic supplied-trace bridges are not generic algorithm/minimizer producers; no probability/rate/uniform-comparator claim. Distinct required reused automated roles/history disclosed/requestedAstra-medium; no human/external/runtime attestation. Actual34kernel declarations,12neutral/15canary Prop identities,7definition identities,24native guards,19VALUEpairs; root9095/Tests9249/harness472skip7. Actual10894old registry IDsURLshashes preserved plus12new;12current images individually viewed. Separately accepted677-byte Asymptotic comment append preserves complete1407-byte code prefix; postappend combined gates apply. All failed proof/API/audit/native/contributor attempts retained, including vacuous N/A superseded and exact raw-log diff exceptions. Only fixed nine-terminal contract progresses9to0; no chapter/program completion.",
  "lean": "",
  "source": "",
  "run_id": "online-no-regret-20261008",
  "changed_files": [],
  "statement_hash": "26386680c89953adac8eabfb569a63fc772329b460a4fca2c56cc0dafded1d25",
  "parent_id": "",
  "route_fingerprint": "",
  "verifier_evidence": [
    "E:\\ABRL\\worktrees\\research-online-book\\runs\\online-no-regret-20261008\\final-reader-receipt-v1.json"
  ],
  "harness": "hierarchical",
  "experiment_id": "",
  "target_fingerprint": "",
  "route_packet_hash": "",
  "attempt_id": "NO-REGRET-V1",
  "worker_id": "",
  "progress_class": "terminal",
  "reviewer_validated": true,
  "obligations_before": 9,
  "obligations_after": 0,
  "new_declarations": [
    "BanditRL.OnlineLearning.NoRegretCounterexample.strict_separation"
  ],
  "reused_declarations": [],
  "dag_nodes": 0,
  "dag_depth": 0,
  "elapsed_seconds": 0.0,
  "lean_check_seconds": 0.0,
  "prompt_chars": 0,
  "input_tokens": 0,
  "output_tokens": 0,
  "error_signature": ""
}
