BanditRL.OnlineLearning.noRegret_limit_nonpos.{u_1} {X : Type u_1} (V : Set X) (loss : ℕ → X → ℝ) (prediction : ℕ → X)
  (hNR : BanditRL.OnlineLearning.NoRegret V loss prediction) (u : X) (hu : u ∈ V) (a : ℝ)
  (hl :
    Filter.Tendsto (fun T => BanditRL.OnlineLearning.comparatorRegret loss prediction u T / ↑T) Filter.atTop (nhds a)) :
  a ≤ 0
'BanditRL.OnlineLearning.noRegret_limit_nonpos' depends on axioms: [propext, Classical.choice, Quot.sound]
BanditRL.OnlineLearning.limitNoRegret_implies_noRegret.{u_1} {X : Type u_1} (V : Set X) (loss : ℕ → X → ℝ)
  (prediction : ℕ → X) (hL : BanditRL.OnlineLearning.LimitNoRegret V loss prediction) :
  BanditRL.OnlineLearning.NoRegret V loss prediction
'BanditRL.OnlineLearning.limitNoRegret_implies_noRegret' depends on axioms: [propext, Classical.choice, Quot.sound]
BanditRL.OnlineLearning.limitNoRegret_iff_noRegret_of_converges.{u_1} {X : Type u_1} (V : Set X) (loss : ℕ → X → ℝ)
  (prediction : ℕ → X)
  (hc :
    ∀ u ∈ V,
      ∃ a,
        Filter.Tendsto (fun T => BanditRL.OnlineLearning.comparatorRegret loss prediction u T / ↑T) Filter.atTop
          (nhds a)) :
  BanditRL.OnlineLearning.LimitNoRegret V loss prediction ↔ BanditRL.OnlineLearning.NoRegret V loss prediction
'BanditRL.OnlineLearning.limitNoRegret_iff_noRegret_of_converges' depends on axioms: [propext,
 Classical.choice,
 Quot.sound]
BanditRL.OnlineLearning.NoRegretCounterexample.regret_eq (T : ℕ) (u : ℝ) :
  BanditRL.OnlineLearning.comparatorRegret BanditRL.OnlineLearning.NoRegretCounterexample.loss (fun x => 0) u T =
    -BanditRL.OnlineLearning.NoRegretCounterexample.potential T * u
'BanditRL.OnlineLearning.NoRegretCounterexample.regret_eq' depends on axioms: [propext, Classical.choice, Quot.sound]
BanditRL.OnlineLearning.NoRegretCounterexample.noRegret :
  BanditRL.OnlineLearning.NoRegret (Set.Icc 0 1) BanditRL.OnlineLearning.NoRegretCounterexample.loss fun x => 0
'BanditRL.OnlineLearning.NoRegretCounterexample.noRegret' depends on axioms: [propext, Classical.choice, Quot.sound]
BanditRL.OnlineLearning.NoRegretCounterexample.normalized_even (n : ℕ) :
  BanditRL.OnlineLearning.comparatorRegret BanditRL.OnlineLearning.NoRegretCounterexample.loss (fun x => 0) 1
        (2 * (n + 1)) /
      ↑(2 * (n + 1)) =
    -1
'BanditRL.OnlineLearning.NoRegretCounterexample.normalized_even' depends on axioms: [propext,
 Classical.choice,
 Quot.sound]
BanditRL.OnlineLearning.NoRegretCounterexample.normalized_odd (n : ℕ) :
  BanditRL.OnlineLearning.comparatorRegret BanditRL.OnlineLearning.NoRegretCounterexample.loss (fun x => 0) 1
        (2 * n + 1) /
      ↑(2 * n + 1) =
    0
'BanditRL.OnlineLearning.NoRegretCounterexample.normalized_odd' depends on axioms: [propext,
 Classical.choice,
 Quot.sound]
BanditRL.OnlineLearning.NoRegretCounterexample.no_limit :
  ¬∃ a,
      Filter.Tendsto
        (fun T =>
          BanditRL.OnlineLearning.comparatorRegret BanditRL.OnlineLearning.NoRegretCounterexample.loss (fun x => 0) 1
              T /
            ↑T)
        Filter.atTop (nhds a)
'BanditRL.OnlineLearning.NoRegretCounterexample.no_limit' depends on axioms: [propext, Classical.choice, Quot.sound]
BanditRL.OnlineLearning.NoRegretCounterexample.strict_separation :
  (BanditRL.OnlineLearning.NoRegret (Set.Icc 0 1) BanditRL.OnlineLearning.NoRegretCounterexample.loss fun x => 0) ∧
    ¬BanditRL.OnlineLearning.LimitNoRegret (Set.Icc 0 1) BanditRL.OnlineLearning.NoRegretCounterexample.loss fun x => 0
'BanditRL.OnlineLearning.NoRegretCounterexample.strict_separation' depends on axioms: [propext,
 Classical.choice,
 Quot.sound]
NoRegretSemanticsProbe.linear_regret (u : ℝ) (T : ℕ) :
  BanditRL.OnlineLearning.comparatorRegret NoRegretSemanticsProbe.linearLoss (fun x => 0) u T = -↑T * u
'NoRegretSemanticsProbe.linear_regret' depends on axioms: [propext, Classical.choice, Quot.sound]
NoRegretSemanticsProbe.linear_normalized (u : ℝ) (T : ℕ) (hT : 0 < T) :
  BanditRL.OnlineLearning.comparatorRegret NoRegretSemanticsProbe.linearLoss (fun x => 0) u T / ↑T = -u
'NoRegretSemanticsProbe.linear_normalized' depends on axioms: [propext, Classical.choice, Quot.sound]
NoRegretSemanticsProbe.linear_converges (u : ℝ) :
  Filter.Tendsto
    (fun T => BanditRL.OnlineLearning.comparatorRegret NoRegretSemanticsProbe.linearLoss (fun x => 0) u T / ↑T)
    Filter.atTop (nhds (-u))
'NoRegretSemanticsProbe.linear_converges' depends on axioms: [propext, Classical.choice, Quot.sound]
NoRegretSemanticsProbe.linear_literal :
  BanditRL.OnlineLearning.LimitNoRegret (Set.Icc 0 1) NoRegretSemanticsProbe.linearLoss fun x => 0
'NoRegretSemanticsProbe.linear_literal' depends on axioms: [propext, Classical.choice, Quot.sound]
NoRegretSemanticsProbe.linear_upper :
  BanditRL.OnlineLearning.NoRegret (Set.Icc 0 1) NoRegretSemanticsProbe.linearLoss fun x => 0
'NoRegretSemanticsProbe.linear_upper' depends on axioms: [propext, Classical.choice, Quot.sound]
NoRegretSemanticsProbe.negative_limit_allowed :
  Filter.Tendsto
      (fun T => BanditRL.OnlineLearning.comparatorRegret NoRegretSemanticsProbe.linearLoss (fun x => 0) 1 T / ↑T)
      Filter.atTop (nhds (-1)) ∧
    (BanditRL.OnlineLearning.NoRegret (Set.Icc 0 1) NoRegretSemanticsProbe.linearLoss fun x => 0) ∧ -1 ≤ 0
'NoRegretSemanticsProbe.negative_limit_allowed' depends on axioms: [propext, Classical.choice, Quot.sound]
NoRegretSemanticsProbe.iff_on_linear :
  (BanditRL.OnlineLearning.LimitNoRegret (Set.Icc 0 1) NoRegretSemanticsProbe.linearLoss fun x => 0) ↔
    BanditRL.OnlineLearning.NoRegret (Set.Icc 0 1) NoRegretSemanticsProbe.linearLoss fun x => 0
'NoRegretSemanticsProbe.iff_on_linear' depends on axioms: [propext, Classical.choice, Quot.sound]
NoRegretSemanticsProbe.actual_mean_upper :
  BanditRL.OnlineLearning.NoRegret (Set.Icc 0 1) (fun x x_1 => x_1 ^ 2) (BanditRL.OnlineLearning.meanPredict fun x => 0)
'NoRegretSemanticsProbe.actual_mean_upper' depends on axioms: [propext, Classical.choice, Quot.sound]
NoRegretSemanticsProbe.actual_mean_negative_T2 :
  BanditRL.OnlineLearning.comparatorRegret (fun x x_1 => x_1 ^ 2) (BanditRL.OnlineLearning.meanPredict fun x => 0) 1 2 /
      2 =
    -7 / 8
'NoRegretSemanticsProbe.actual_mean_negative_T2' depends on axioms: [propext, Classical.choice, Quot.sound]
NoRegretSemanticsProbe.obstruction_feasible :
  0 ∈ Set.Icc 0 1 ∧ 1 ∈ Set.Icc 0 1 ∧ ∀ (t : ℕ), (fun x => 0) t ∈ Set.Icc 0 1
'NoRegretSemanticsProbe.obstruction_feasible' depends on axioms: [propext, Classical.choice, Quot.sound]
NoRegretSemanticsProbe.actual_signed_losses :
  BanditRL.OnlineLearning.NoRegretCounterexample.loss 0 1 = 0 ∧
    BanditRL.OnlineLearning.NoRegretCounterexample.loss 1 1 = 2 ∧
      BanditRL.OnlineLearning.NoRegretCounterexample.loss 2 1 = -2 ∧
        BanditRL.OnlineLearning.NoRegretCounterexample.loss 3 1 = 4
'NoRegretSemanticsProbe.actual_signed_losses' depends on axioms: [propext, Classical.choice, Quot.sound]
NoRegretSemanticsProbe.zero_horizon :
  BanditRL.OnlineLearning.comparatorRegret BanditRL.OnlineLearning.NoRegretCounterexample.loss (fun x => 0) 1 0 = 0
'NoRegretSemanticsProbe.zero_horizon' depends on axioms: [propext, Classical.choice, Quot.sound]
NoRegretSemanticsProbe.even_T2 :
  BanditRL.OnlineLearning.comparatorRegret BanditRL.OnlineLearning.NoRegretCounterexample.loss (fun x => 0) 1 2 / 2 = -1
'NoRegretSemanticsProbe.even_T2' depends on axioms: [propext, Classical.choice, Quot.sound]
NoRegretSemanticsProbe.odd_T3 :
  BanditRL.OnlineLearning.comparatorRegret BanditRL.OnlineLearning.NoRegretCounterexample.loss (fun x => 0) 1 3 / 3 = 0
'NoRegretSemanticsProbe.odd_T3' depends on axioms: [propext, Classical.choice, Quot.sound]
NoRegretSemanticsProbe.same_process_strict :
  (BanditRL.OnlineLearning.NoRegret (Set.Icc 0 1) BanditRL.OnlineLearning.NoRegretCounterexample.loss fun x => 0) ∧
    ¬BanditRL.OnlineLearning.LimitNoRegret (Set.Icc 0 1) BanditRL.OnlineLearning.NoRegretCounterexample.loss fun x => 0
'NoRegretSemanticsProbe.same_process_strict' depends on axioms: [propext, Classical.choice, Quot.sound]
BanditRL.OnlineLearning.meanPredict_noRegret (y : ℕ → ℝ) (hy : ∀ (t : ℕ), y t ∈ Set.Icc 0 1) :
  BanditRL.OnlineLearning.NoRegret (Set.Icc 0 1) (fun t x => (x - y t) ^ 2) (BanditRL.OnlineLearning.meanPredict y)
'BanditRL.OnlineLearning.meanPredict_noRegret' depends on axioms: [propext, Classical.choice, Quot.sound]
BanditRL.OnlineLearning.noRegret_of_vanishing_bound.{u_1} {X : Type u_1} (V : Set X) (loss : ℕ → X → ℝ)
  (prediction : ℕ → X) (bound : X → ℕ → ℝ)
  (hb :
    ∀ u ∈ V, ∀ᶠ (T : ℕ) in Filter.atTop, BanditRL.OnlineLearning.comparatorRegret loss prediction u T / ↑T ≤ bound u T)
  (hl : ∀ u ∈ V, Filter.Tendsto (bound u) Filter.atTop (nhds 0)) : BanditRL.OnlineLearning.NoRegret V loss prediction
'BanditRL.OnlineLearning.noRegret_of_vanishing_bound' depends on axioms: [propext, Classical.choice, Quot.sound]
BanditRL.OnlineLearning.comparatorRegret_eq_sum.{u_1} {X : Type u_1} (loss : ℕ → X → ℝ) (prediction : ℕ → X) (u : X)
  (T : ℕ) :
  BanditRL.OnlineLearning.comparatorRegret loss prediction u T =
    ∑ t ∈ Finset.range T, (loss t (prediction t) - loss t u)
'BanditRL.OnlineLearning.comparatorRegret_eq_sum' depends on axioms: [propext, Classical.choice, Quot.sound]
BanditRL.OnlineLearning.LimitNoRegret.{u_1} {X : Type u_1} (V : Set X) (loss : ℕ → X → ℝ) (prediction : ℕ → X) : Prop
'BanditRL.OnlineLearning.LimitNoRegret' depends on axioms: [propext, Classical.choice, Quot.sound]
BanditRL.OnlineLearning.NoRegretCounterexample.potential (T : ℕ) : ℝ
'BanditRL.OnlineLearning.NoRegretCounterexample.potential' depends on axioms: [propext, Classical.choice, Quot.sound]
BanditRL.OnlineLearning.NoRegretCounterexample.loss (t : ℕ) (x : ℝ) : ℝ
'BanditRL.OnlineLearning.NoRegretCounterexample.loss' depends on axioms: [propext, Classical.choice, Quot.sound]
BanditRL.OnlineLearning.comparatorRegret.{u_1} {X : Type u_1} (loss : ℕ → X → ℝ) (prediction : ℕ → X) (u : X) (T : ℕ) :
  ℝ
'BanditRL.OnlineLearning.comparatorRegret' depends on axioms: [propext, Classical.choice, Quot.sound]
BanditRL.OnlineLearning.NoRegret.{u_1} {X : Type u_1} (V : Set X) (loss : ℕ → X → ℝ) (prediction : ℕ → X) : Prop
'BanditRL.OnlineLearning.NoRegret' depends on axioms: [propext, Classical.choice, Quot.sound]
BanditRL.OnlineLearning.meanPredict (y : ℕ → ℝ) (t : ℕ) : ℝ
'BanditRL.OnlineLearning.meanPredict' depends on axioms: [propext, Classical.choice, Quot.sound]
NoRegretSemanticsProbe.linearLoss : ℕ → (u : ℝ) → ℝ
'NoRegretSemanticsProbe.linearLoss' depends on axioms: [propext, Classical.choice, Quot.sound]
