⚠ [3327/3330] Replayed BanditRLProof.OnlineLearningFTL
warning: BanditRLProof/OnlineLearningFTL.lean:81:41: unused variable `hT`

Note: This linter can be disabled with `set_option linter.unusedVariables false`
✖ [3330/3330] Building BanditRLProof.OnlineNoRegretSemantics (8.2s)
trace: .> LEAN_PATH=E:\ABRL\research\.lake\packages\Cli\.lake\build\lib\lean;E:\ABRL\research\.lake\packages\batteries\.lake\build\lib\lean;E:\ABRL\research\.lake\packages\Qq\.lake\build\lib\lean;E:\ABRL\research\.lake\packages\aesop\.lake\build\lib\lean;E:\ABRL\research\.lake\packages\proofwidgets\.lake\build\lib\lean;E:\ABRL\research\.lake\packages\importGraph\.lake\build\lib\lean;E:\ABRL\research\.lake\packages\LeanSearchClient\.lake\build\lib\lean;E:\ABRL\research\.lake\packages\plausible\.lake\build\lib\lean;E:\ABRL\research\.lake\packages\mathlib\.lake\build\lib\lean;E:\ABRL\worktrees\research-online-book\.lake\build\lib\lean c:\Users\admin\.elan\toolchains\leanprover--lean4---v4.29.1\bin\lean.exe E:\ABRL\worktrees\research-online-book\BanditRLProof\OnlineNoRegretSemantics.lean -o E:\ABRL\worktrees\research-online-book\.lake\build\lib\lean\BanditRLProof\OnlineNoRegretSemantics.olean -i E:\ABRL\worktrees\research-online-book\.lake\build\lib\lean\BanditRLProof\OnlineNoRegretSemantics.ilean -c E:\ABRL\worktrees\research-online-book\.lake\build\ir\BanditRLProof\OnlineNoRegretSemantics.c --setup E:\ABRL\worktrees\research-online-book\.lake\build\ir\BanditRLProof\OnlineNoRegretSemantics.setup.json --json
warning: BanditRLProof/OnlineNoRegretSemantics.lean:99:19: This simp argument is unused:
  ho

Hint: Omit it from the simp argument list.
  simp [potential,̵ ̵h̵o̵]

Note: This linter can be disabled with `set_option linter.unusedSimpArgs false`
error: BanditRLProof/OnlineNoRegretSemantics.lean:106:36: omega could not prove the goal:
a possible counterexample may satisfy the constraints
  c ≥ 0
  b ≥ 0
  b - 2*c ≥ 3
where
 b := ↑(id n)
 c := ↑n
error: BanditRLProof/OnlineNoRegretSemantics.lean:108:36: omega could not prove the goal:
a possible counterexample may satisfy the constraints
  c ≥ 0
  b ≥ 0
  b - 2*c ≥ 2
where
 b := ↑(id n)
 c := ↑n
error: Lean exited with code 1
Some required targets logged failures:
- BanditRLProof.OnlineNoRegretSemantics
error: build failed
