all-exact-types-v1 exit 0
compiled-value-graph-v1 exit 0
full-fence-public-noRegret_limit_nonpos-v1 exit 0
full-safe-public-noRegret_limit_nonpos-v1 exit 0
full-fence-public-limitNoRegret_implies_noRegret-v1 exit 0
full-safe-public-limitNoRegret_implies_noRegret-v1 exit 0
full-fence-public-limitNoRegret_iff_noRegret_of_converges-v1 exit 0
full-safe-public-limitNoRegret_iff_noRegret_of_converges-v1 exit 0
full-fence-public-regret_eq-v1 exit 0
full-safe-public-regret_eq-v1 exit 0
full-fence-public-noRegret-v1 exit 0
full-safe-public-noRegret-v1 exit 0
full-fence-public-normalized_even-v1 exit 0
full-safe-public-normalized_even-v1 exit 0
full-fence-public-normalized_odd-v1 exit 0
full-safe-public-normalized_odd-v1 exit 0
full-fence-public-no_limit-v1 exit 0
full-safe-public-no_limit-v1 exit 0
full-fence-public-strict_separation-v1 exit 0
full-safe-public-strict_separation-v1 exit 0
full-fence-canary-linear_regret-v1 exit 0
full-safe-canary-linear_regret-v1 exit 0
full-fence-canary-linear_normalized-v1 exit 0
full-safe-canary-linear_normalized-v1 exit 0
full-fence-canary-linear_converges-v1 exit 0
full-safe-canary-linear_converges-v1 exit 0
full-fence-canary-linear_literal-v1 exit 0
full-safe-canary-linear_literal-v1 exit 0
full-fence-canary-linear_upper-v1 exit 0
full-safe-canary-linear_upper-v1 exit 0
full-fence-canary-negative_limit_allowed-v1 exit 0
full-safe-canary-negative_limit_allowed-v1 exit 0
full-fence-canary-iff_on_linear-v1 exit 0
full-safe-canary-iff_on_linear-v1 exit 0
full-fence-canary-actual_mean_upper-v1 exit 0
full-safe-canary-actual_mean_upper-v1 exit 0
full-fence-canary-actual_mean_negative_T2-v1 exit 0
full-safe-canary-actual_mean_negative_T2-v1 exit 0
full-fence-canary-obstruction_feasible-v1 exit 0
full-safe-canary-obstruction_feasible-v1 exit 0
full-fence-canary-actual_signed_losses-v1 exit 0
full-safe-canary-actual_signed_losses-v1 exit 0
full-fence-canary-zero_horizon-v1 exit 0
full-safe-canary-zero_horizon-v1 exit 0
full-fence-canary-even_T2-v1 exit 0
full-safe-canary-even_T2-v1 exit 0
full-fence-canary-odd_T3-v1 exit 0
full-safe-canary-odd_T3-v1 exit 0
full-fence-canary-same_process_strict-v1 exit 0
full-safe-canary-same_process_strict-v1 exit 0
actual-public-lookup-v1 exit 0
actual-bridge-lookup-v1 exit 0
actual-canary-lookup-v1 exit 0
compiled-all-worker-trial-v1 exit 0
candidate-event-v1 exit 0
34 actual kernel nodes, 12 neutral/15 actual canary Prop and 7 whole definition equalities; candidate BODY review pending.
