{
  "time": "2026-10-07T20:39:56+00:00",
  "task": "ONLINE-NO-REGRET-20261008",
  "role": "lower",
  "kind": "build",
  "status": "compiled",
  "notes": "Only nine immutable reconciliation terminals closed. Actual telescoping affine stream and positive cofinal even/odd normalized regret, generic finite-limit bridges. Nine are derived support, not source numbered theorems. All package BODY/integrated/source-reader/FINAL/delivery and whole-book obligations remain pending.",
  "lean": "BanditRLProof\\OnlineNoRegretSemantics.lean",
  "source": "",
  "run_id": "online-no-regret-20261008",
  "changed_files": [],
  "statement_hash": "",
  "parent_id": "",
  "route_fingerprint": "",
  "verifier_evidence": [
    "E:\\ABRL\\worktrees\\research-online-book\\runs\\online-no-regret-20261008\\body-bindings-v1.json"
  ],
  "harness": "hierarchical",
  "experiment_id": "",
  "target_fingerprint": "029c82adff53b7ac75d0c10d4ae537598a35925909f0f90f3f08187f7eb9ead8",
  "route_packet_hash": "",
  "attempt_id": "NO-REGRET-ALL-V1",
  "worker_id": "",
  "progress_class": "terminal",
  "reviewer_validated": false,
  "obligations_before": 9,
  "obligations_after": 0,
  "new_declarations": [
    "BanditRL.OnlineLearning.NoRegretCounterexample.strict_separation"
  ],
  "reused_declarations": [],
  "dag_nodes": 0,
  "dag_depth": 0,
  "elapsed_seconds": 0.0,
  "lean_check_seconds": 0.0,
  "prompt_chars": 0,
  "input_tokens": 0,
  "output_tokens": 0,
  "error_signature": ""
}
