E:\ABRL\worktrees\research-online-book\runs\online-no-regret-20261008\draft-proposition-identities-v3.lean:72:5: warning: unused variable `hNR`

Note: This linter can be disabled with `set_option linter.unusedVariables false`
E:\ABRL\worktrees\research-online-book\runs\online-no-regret-20261008\draft-proposition-identities-v3.lean:72:48: warning: unused variable `hu`

Note: This linter can be disabled with `set_option linter.unusedVariables false`
E:\ABRL\worktrees\research-online-book\runs\online-no-regret-20261008\draft-proposition-identities-v3.lean:73:5: warning: unused variable `hl`

Note: This linter can be disabled with `set_option linter.unusedVariables false`
E:\ABRL\worktrees\research-online-book\runs\online-no-regret-20261008\draft-proposition-identities-v3.lean:80:12: error: Application type mismatch: The argument
  X
has type
  Type u_2
of sort `Type (u_2 + 1)` but is expected to have type
  Type u_1
of sort `Type (u_1 + 1)` in the application
  h X
E:\ABRL\worktrees\research-online-book\runs\online-no-regret-20261008\draft-proposition-identities-v3.lean:82:13: error: Application type mismatch: The argument
  X
has type
  Type u_1
of sort `Type (u_1 + 1)` but is expected to have type
  Type u_2
of sort `Type (u_2 + 1)` in the application
  @h X
E:\ABRL\worktrees\research-online-book\runs\online-no-regret-20261008\draft-proposition-identities-v3.lean:86:5: warning: unused variable `hL`

Note: This linter can be disabled with `set_option linter.unusedVariables false`
E:\ABRL\worktrees\research-online-book\runs\online-no-regret-20261008\draft-proposition-identities-v3.lean:93:12: error: Application type mismatch: The argument
  X
has type
  Type u_2
of sort `Type (u_2 + 1)` but is expected to have type
  Type u_1
of sort `Type (u_1 + 1)` in the application
  h X
E:\ABRL\worktrees\research-online-book\runs\online-no-regret-20261008\draft-proposition-identities-v3.lean:95:13: error: Application type mismatch: The argument
  X
has type
  Type u_1
of sort `Type (u_1 + 1)` but is expected to have type
  Type u_2
of sort `Type (u_2 + 1)` in the application
  @h X
E:\ABRL\worktrees\research-online-book\runs\online-no-regret-20261008\draft-proposition-identities-v3.lean:99:5: warning: unused variable `hc`

Note: This linter can be disabled with `set_option linter.unusedVariables false`
E:\ABRL\worktrees\research-online-book\runs\online-no-regret-20261008\draft-proposition-identities-v3.lean:107:12: error: Application type mismatch: The argument
  X
has type
  Type u_2
of sort `Type (u_2 + 1)` but is expected to have type
  Type u_1
of sort `Type (u_1 + 1)` in the application
  h X
E:\ABRL\worktrees\research-online-book\runs\online-no-regret-20261008\draft-proposition-identities-v3.lean:109:13: error: Application type mismatch: The argument
  X
has type
  Type u_1
of sort `Type (u_1 + 1)` but is expected to have type
  Type u_2
of sort `Type (u_2 + 1)` in the application
  @h X
E:\ABRL\worktrees\research-online-book\runs\online-no-regret-20261008\draft-proposition-identities-v3.lean:149:42: error: Tactic `rfl` failed: The left-hand side
  NeutralPacket.B011
is not definitionally equal to the right-hand side
  A011

⊢ NeutralPacket.B011 = A011
E:\ABRL\worktrees\research-online-book\runs\online-no-regret-20261008\draft-proposition-identities-v3.lean:152:42: error: Tactic `rfl` failed: The left-hand side
  NeutralPacket.B012
is not definitionally equal to the right-hand side
  A012

⊢ NeutralPacket.B012 = A012
