E:\ABRL\worktrees\research-online-book\runs\online-no-regret-20261008\draft-proposition-identities-v2.lean:69:9: error: a universe level named `v` has already been declared
E:\ABRL\worktrees\research-online-book\runs\online-no-regret-20261008\draft-proposition-identities-v2.lean:73:5: warning: unused variable `hNR`

Note: This linter can be disabled with `set_option linter.unusedVariables false`
E:\ABRL\worktrees\research-online-book\runs\online-no-regret-20261008\draft-proposition-identities-v2.lean:73:48: warning: unused variable `hu`

Note: This linter can be disabled with `set_option linter.unusedVariables false`
E:\ABRL\worktrees\research-online-book\runs\online-no-regret-20261008\draft-proposition-identities-v2.lean:74:5: warning: unused variable `hl`

Note: This linter can be disabled with `set_option linter.unusedVariables false`
E:\ABRL\worktrees\research-online-book\runs\online-no-regret-20261008\draft-proposition-identities-v2.lean:77:42: error: Tactic `rfl` failed: The left-hand side
  NeutralPacket.B001
is not definitionally equal to the right-hand side
  A001

⊢ NeutralPacket.B001 = A001
E:\ABRL\worktrees\research-online-book\runs\online-no-regret-20261008\draft-proposition-identities-v2.lean:81:5: warning: unused variable `hL`

Note: This linter can be disabled with `set_option linter.unusedVariables false`
E:\ABRL\worktrees\research-online-book\runs\online-no-regret-20261008\draft-proposition-identities-v2.lean:84:42: error: Tactic `rfl` failed: The left-hand side
  NeutralPacket.B002
is not definitionally equal to the right-hand side
  A002

⊢ NeutralPacket.B002 = A002
E:\ABRL\worktrees\research-online-book\runs\online-no-regret-20261008\draft-proposition-identities-v2.lean:88:5: warning: unused variable `hc`

Note: This linter can be disabled with `set_option linter.unusedVariables false`
E:\ABRL\worktrees\research-online-book\runs\online-no-regret-20261008\draft-proposition-identities-v2.lean:92:42: error: Tactic `rfl` failed: The left-hand side
  NeutralPacket.B003
is not definitionally equal to the right-hand side
  A003

⊢ NeutralPacket.B003 = A003
E:\ABRL\worktrees\research-online-book\runs\online-no-regret-20261008\draft-proposition-identities-v2.lean:132:42: error: Tactic `rfl` failed: The left-hand side
  NeutralPacket.B011
is not definitionally equal to the right-hand side
  A011

⊢ NeutralPacket.B011 = A011
E:\ABRL\worktrees\research-online-book\runs\online-no-regret-20261008\draft-proposition-identities-v2.lean:135:42: error: Tactic `rfl` failed: The left-hand side
  NeutralPacket.B012
is not definitionally equal to the right-hand side
  A012

⊢ NeutralPacket.B012 = A012
