{
  "time": "2026-10-07T20:19:15+00:00",
  "task": "ONLINE-NO-REGRET-20261008",
  "role": "lower",
  "kind": "attempt",
  "status": "running",
  "notes": "Reviewed first leaf: an already existing real limit under the shared upper property is nonpositive. Use actual le_of_tendsto and epsilon=a/2; no convergence existence assumption added to NoRegret.",
  "lean": "BanditRLProof\\OnlineNoRegretSemantics.lean",
  "source": "",
  "run_id": "online-no-regret-20261008",
  "changed_files": [],
  "statement_hash": "",
  "parent_id": "",
  "route_fingerprint": "",
  "verifier_evidence": [],
  "harness": "hierarchical",
  "experiment_id": "",
  "target_fingerprint": "029c82adff53b7ac75d0c10d4ae537598a35925909f0f90f3f08187f7eb9ead8",
  "route_packet_hash": "",
  "attempt_id": "NO-REGRET-V1",
  "worker_id": "",
  "progress_class": "unreviewed",
  "reviewer_validated": false,
  "obligations_before": 0,
  "obligations_after": 0,
  "new_declarations": [],
  "reused_declarations": [],
  "dag_nodes": 0,
  "dag_depth": 0,
  "elapsed_seconds": 0.0,
  "lean_check_seconds": 0.0,
  "prompt_chars": 0,
  "input_tokens": 0,
  "output_tokens": 0,
  "error_signature": ""
}
