{
  "time": "2026-10-07T20:21:15+00:00",
  "task": "ONLINE-NO-REGRET-20261008",
  "role": "lower",
  "kind": "build",
  "status": "compiled",
  "notes": "Actual first theorem body focused-builds 3330jobs; native safe-verify separately scans header/source. Remaining eight exact terminals and canary/kernel/root/Tests/harness/sourcebody/reader/site/PR gates remain. No package/chapter/program acceptance.",
  "lean": "BanditRLProof\\OnlineNoRegretSemantics.lean",
  "source": "",
  "run_id": "online-no-regret-20261008",
  "changed_files": [],
  "statement_hash": "7f5763b3d9b7714ff7348024323807eba49f8856ad8039368122a54c9dbc051e",
  "parent_id": "",
  "route_fingerprint": "",
  "verifier_evidence": [
    "E:\\ABRL\\worktrees\\research-online-book\\runs\\online-no-regret-20261008\\first-leaf-focused-build-v1-exit.json"
  ],
  "harness": "hierarchical",
  "experiment_id": "",
  "target_fingerprint": "029c82adff53b7ac75d0c10d4ae537598a35925909f0f90f3f08187f7eb9ead8",
  "route_packet_hash": "",
  "attempt_id": "NO-REGRET-V1",
  "worker_id": "",
  "progress_class": "compiled-leaf",
  "reviewer_validated": false,
  "obligations_before": 9,
  "obligations_after": 8,
  "new_declarations": [
    "BanditRL.OnlineLearning.noRegret_limit_nonpos"
  ],
  "reused_declarations": [],
  "dag_nodes": 0,
  "dag_depth": 0,
  "elapsed_seconds": 0.0,
  "lean_check_seconds": 0.0,
  "prompt_chars": 0,
  "input_tokens": 0,
  "output_tokens": 0,
  "error_signature": ""
}
