runs/online-no-regret-20261008/scoped-diff-v3.log:2: trailing whitespace.
++\forall u\in[0,1],\forall\varepsilon>0,\ \exists K,\forall N\ge K,\ 
runs/online-no-regret-20261008/scoped-diff-v3.log:5: trailing whitespace.
++  
runs/online-no-regret-20261008/scoped-diff-v3.log:7: trailing whitespace.
++    
runs/online-no-regret-20261008/scoped-diff-v3.log:9: trailing whitespace.
++  
runs/online-no-regret-20261008/scoped-diff-v3.log:11: trailing whitespace.
++    
runs/online-no-regret-20261008/scoped-diff-v3.log:13: trailing whitespace.
++  
runs/online-no-regret-20261008/scoped-diff-v3.log:15: trailing whitespace.
++    
runs/online-no-regret-20261008/scoped-diff-v3.log:17: trailing whitespace.
++  
runs/online-no-regret-20261008/scoped-diff-v3.log:19: trailing whitespace.
++    
runs/online-no-regret-20261008/scoped-diff-v3.log:21: trailing whitespace.
++  
runs/online-no-regret-20261008/scoped-diff-v3.log:23: trailing whitespace.
++    
runs/online-no-regret-20261008/scoped-diff-v3.log:25: trailing whitespace.
++  
runs/online-no-regret-20261008/scoped-diff-v3.log:27: trailing whitespace.
++    
runs/online-no-regret-20261008/scoped-diff-v3.log:29: trailing whitespace.
++  
runs/online-no-regret-20261008/scoped-diff-v3.log:31: trailing whitespace.
++    
runs/online-no-regret-20261008/scoped-diff-v3.log:33: trailing whitespace.
++  
runs/online-no-regret-20261008/scoped-diff-v3.log:35: trailing whitespace.
++    
runs/online-no-regret-20261008/scoped-diff-v3.log:37: trailing whitespace.
++  
runs/online-no-regret-20261008/scoped-diff-v3.log:39: trailing whitespace.
++    
runs/online-no-regret-20261008/scoped-diff-v3.log:41: trailing whitespace.
++  
runs/online-no-regret-20261008/scoped-diff-v3.log:43: trailing whitespace.
++    
runs/online-no-regret-20261008/scoped-diff-v3.log:45: trailing whitespace.
++  
runs/online-no-regret-20261008/scoped-diff-v3.log:47: trailing whitespace.
++    
runs/online-no-regret-20261008/scoped-diff-v3.log:49: trailing whitespace.
++  
runs/online-no-regret-20261008/scoped-diff-v3.log:51: trailing whitespace.
++    
runs/online-no-regret-20261008/scoped-diff-v3.log:53: trailing whitespace.
++  
runs/online-no-regret-20261008/scoped-diff-v3.log:55: trailing whitespace.
++    
runs/online-no-regret-20261008/scoped-diff-v3.log:57: trailing whitespace.
++  
runs/online-no-regret-20261008/scoped-diff-v3.log:59: trailing whitespace.
++    
runs/online-no-regret-20261008/scoped-diff-v3.log:61: trailing whitespace.
++  
runs/online-no-regret-20261008/scoped-diff-v3.log:63: trailing whitespace.
++    
runs/online-no-regret-20261008/scoped-diff-v3.log:65: trailing whitespace.
++  
runs/online-no-regret-20261008/scoped-diff-v3.log:67: trailing whitespace.
++    
runs/online-no-regret-20261008/scoped-diff-v3.log:69: trailing whitespace.
++  
runs/online-no-regret-20261008/scoped-diff-v3.log:71: trailing whitespace.
++    
runs/online-no-regret-20261008/scoped-diff-v3.log:73: trailing whitespace.
++  
runs/online-no-regret-20261008/scoped-diff-v3.log:75: trailing whitespace.
++    
runs/online-no-regret-20261008/scoped-diff-v3.log:77: trailing whitespace.
++  
runs/online-no-regret-20261008/scoped-diff-v3.log:79: trailing whitespace.
++    
runs/online-no-regret-20261008/scoped-diff-v3.log:81: trailing whitespace.
++  
runs/online-no-regret-20261008/scoped-diff-v3.log:83: trailing whitespace.
++    
runs/online-no-regret-20261008/scoped-diff-v3.log:85: trailing whitespace.
++  
runs/online-no-regret-20261008/scoped-diff-v3.log:87: trailing whitespace.
++    
runs/online-no-regret-20261008/scoped-diff-v3.log:89: trailing whitespace.
++  
runs/online-no-regret-20261008/scoped-diff-v3.log:91: trailing whitespace.
++    
runs/online-no-regret-20261008/scoped-diff-v3.log:93: trailing whitespace.
++  
runs/online-no-regret-20261008/scoped-diff-v3.log:95: trailing whitespace.
++    
runs/online-no-regret-20261008/scoped-diff-v3.log:97: trailing whitespace.
++  
runs/online-no-regret-20261008/scoped-diff-v3.log:99: trailing whitespace.
++    
runs/online-no-regret-20261008/scoped-diff-v3.log:101: trailing whitespace.
++  
runs/online-no-regret-20261008/scoped-diff-v3.log:103: trailing whitespace.
++    
runs/online-no-regret-20261008/scoped-diff-v3.log:105: trailing whitespace.
++  
runs/online-no-regret-20261008/scoped-diff-v3.log:107: trailing whitespace.
++    
runs/online-no-regret-20261008/scoped-diff-v3.log:109: trailing whitespace.
++  
runs/online-no-regret-20261008/scoped-diff-v3.log:111: trailing whitespace.
++    
runs/online-no-regret-20261008/scoped-diff-v3.log:113: trailing whitespace.
++  
runs/online-no-regret-20261008/scoped-diff-v3.log:115: trailing whitespace.
++    
runs/online-no-regret-20261008/scoped-diff-v3.log:117: trailing whitespace.
++  
runs/online-no-regret-20261008/scoped-diff-v3.log:119: trailing whitespace.
++    
runs/online-no-regret-20261008/scoped-diff-v3.log:121: trailing whitespace.
++  
runs/online-no-regret-20261008/scoped-diff-v3.log:123: trailing whitespace.
++    
runs/online-no-regret-20261008/scoped-diff-v3.log:125: trailing whitespace.
++  
runs/online-no-regret-20261008/scoped-diff-v3.log:127: trailing whitespace.
++    
runs/online-no-regret-20261008/scoped-diff-v3.log:129: trailing whitespace.
++  
runs/online-no-regret-20261008/scoped-diff-v3.log:131: trailing whitespace.
++    
runs/online-no-regret-20261008/scoped-diff-v3.log:133: trailing whitespace.
++  
runs/online-no-regret-20261008/scoped-diff-v3.log:135: trailing whitespace.
++    
runs/online-no-regret-20261008/scoped-diff-v3.log:137: trailing whitespace.
++  
runs/online-no-regret-20261008/scoped-diff-v3.log:139: trailing whitespace.
++    
runs/online-no-regret-20261008/scoped-diff-v3.log:141: trailing whitespace.
++  
runs/online-no-regret-20261008/scoped-diff-v3.log:143: trailing whitespace.
++    
runs/online-no-regret-20261008/scoped-diff-v3.log:145: trailing whitespace.
++  
runs/online-no-regret-20261008/scoped-diff-v3.log:147: trailing whitespace.
++    
runs/online-no-regret-20261008/scoped-diff-v3.log:149: trailing whitespace.
++  
runs/online-no-regret-20261008/scoped-diff-v3.log:151: trailing whitespace.
++    
runs/online-no-regret-20261008/scoped-diff-v3.log:153: trailing whitespace.
++  
runs/online-no-regret-20261008/scoped-diff-v3.log:155: trailing whitespace.
++    
runs/online-no-regret-20261008/scoped-diff-v3.log:157: trailing whitespace.
++  
runs/online-no-regret-20261008/scoped-diff-v3.log:159: trailing whitespace.
++    
runs/online-no-regret-20261008/scoped-diff-v3.log:161: trailing whitespace.
++  
runs/online-no-regret-20261008/scoped-diff-v3.log:163: trailing whitespace.
++    
runs/online-no-regret-20261008/scoped-diff-v3.log:165: trailing whitespace.
++  
runs/online-no-regret-20261008/scoped-diff-v3.log:167: trailing whitespace.
++    
runs/online-no-regret-20261008/scoped-diff-v3.log:169: trailing whitespace.
++  
runs/online-no-regret-20261008/scoped-diff-v3.log:171: trailing whitespace.
++    
runs/online-no-regret-20261008/scoped-diff-v3.log:173: trailing whitespace.
++  
runs/online-no-regret-20261008/scoped-diff-v3.log:175: trailing whitespace.
++    
runs/online-no-regret-20261008/scoped-diff-v3.log:177: trailing whitespace.
++  
runs/online-no-regret-20261008/scoped-diff-v3.log:179: trailing whitespace.
++    
runs/online-no-regret-20261008/scoped-diff-v3.log:181: trailing whitespace.
++  
runs/online-no-regret-20261008/scoped-diff-v3.log:183: trailing whitespace.
++    
runs/online-no-regret-20261008/scoped-diff-v3.log:185: trailing whitespace.
++  
runs/online-no-regret-20261008/scoped-diff-v3.log:187: trailing whitespace.
++    
runs/online-no-regret-20261008/scoped-diff-v3.log:189: trailing whitespace.
++  
runs/online-no-regret-20261008/scoped-diff-v3.log:191: trailing whitespace.
++    
runs/online-no-regret-20261008/scoped-diff-v3.log:193: trailing whitespace.
++  
runs/online-no-regret-20261008/scoped-diff-v3.log:195: trailing whitespace.
++    
runs/online-no-regret-20261008/scoped-diff-v3.log:197: trailing whitespace.
++  
runs/online-no-regret-20261008/scoped-diff-v3.log:199: trailing whitespace.
++    
runs/online-no-regret-20261008/scoped-diff-v3.log:201: trailing whitespace.
++  
runs/online-no-regret-20261008/scoped-diff-v3.log:203: trailing whitespace.
++    
runs/online-no-regret-20261008/scoped-diff-v3.log:205: trailing whitespace.
++  
runs/online-no-regret-20261008/scoped-diff-v3.log:207: trailing whitespace.
++    
runs/online-no-regret-20261008/scoped-diff-v3.log:209: trailing whitespace.
++  
runs/online-no-regret-20261008/scoped-diff-v3.log:211: trailing whitespace.
++    
runs/online-no-regret-20261008/scoped-diff-v3.log:213: trailing whitespace.
++  
runs/online-no-regret-20261008/scoped-diff-v3.log:215: trailing whitespace.
++    
runs/online-no-regret-20261008/scoped-diff-v3.log:217: trailing whitespace.
++  
runs/online-no-regret-20261008/scoped-diff-v3.log:219: trailing whitespace.
++    
runs/online-no-regret-20261008/scoped-diff-v3.log:221: trailing whitespace.
++  
runs/online-no-regret-20261008/scoped-diff-v3.log:223: trailing whitespace.
++    
runs/online-no-regret-20261008/scoped-diff-v3.log:225: trailing whitespace.
++  
runs/online-no-regret-20261008/scoped-diff-v3.log:227: trailing whitespace.
++    
runs/online-no-regret-20261008/scoped-diff-v3.log:229: trailing whitespace.
++  
runs/online-no-regret-20261008/scoped-diff-v3.log:231: trailing whitespace.
++    
runs/online-no-regret-20261008/scoped-diff-v3.log:233: trailing whitespace.
++  
runs/online-no-regret-20261008/scoped-diff-v3.log:235: trailing whitespace.
++    
runs/online-no-regret-20261008/scoped-diff-v3.log:237: trailing whitespace.
++  
runs/online-no-regret-20261008/scoped-diff-v3.log:239: trailing whitespace.
++    
runs/online-no-regret-20261008/scoped-diff-v3.log:241: trailing whitespace.
++  
runs/online-no-regret-20261008/scoped-diff-v3.log:243: trailing whitespace.
++    
runs/online-no-regret-20261008/scoped-diff-v3.log:245: trailing whitespace.
++  
runs/online-no-regret-20261008/scoped-diff-v3.log:247: trailing whitespace.
++    
runs/online-no-regret-20261008/scoped-diff-v3.log:249: trailing whitespace.
++  
runs/online-no-regret-20261008/scoped-diff-v3.log:251: trailing whitespace.
++    
runs/online-no-regret-20261008/scoped-diff-v3.log:253: trailing whitespace.
++  
runs/online-no-regret-20261008/scoped-diff-v3.log:255: trailing whitespace.
++    
runs/online-no-regret-20261008/scoped-diff-v3.log:257: trailing whitespace.
++  
runs/online-no-regret-20261008/scoped-diff-v3.log:259: trailing whitespace.
++    
runs/online-no-regret-20261008/scoped-diff-v3.log:261: trailing whitespace.
++  
runs/online-no-regret-20261008/scoped-diff-v3.log:263: trailing whitespace.
++    
runs/online-no-regret-20261008/scoped-diff-v3.log:265: trailing whitespace.
++  
runs/online-no-regret-20261008/scoped-diff-v3.log:267: trailing whitespace.
++    
runs/online-no-regret-20261008/scoped-diff-v3.log:269: trailing whitespace.
++  
runs/online-no-regret-20261008/scoped-diff-v3.log:271: trailing whitespace.
++    
runs/online-no-regret-20261008/scoped-diff-v3.log:273: trailing whitespace.
++  
runs/online-no-regret-20261008/scoped-diff-v3.log:275: trailing whitespace.
++    

Traceback (most recent call last):
  File "E:\ABRL\worktrees\research-online-book\runs\online-no-regret-20261008\check-scoped-diff-v4.py", line 7, in <module>
    print(child.stdout.decode('utf8',errors='replace'));assert child.returncode==0,child.returncode
AssertionError: 2
