runs/online-no-regret-20261008/blind-reconstruction-v1.md:116: trailing whitespace.
+\forall u\in[0,1],\forall\varepsilon>0,\ \exists K,\forall N\ge K,\ 
runs/online-no-regret-20261008/blind-reconstruction-v1.md:236: new blank line at EOF.
runs/online-no-regret-20261008/combined-Tests-v1.log:1310: trailing whitespace.
+  
runs/online-no-regret-20261008/combined-Tests-v1.log:1312: trailing whitespace.
+    
runs/online-no-regret-20261008/combined-Tests-v1.log:1317: trailing whitespace.
+  
runs/online-no-regret-20261008/combined-Tests-v1.log:1319: trailing whitespace.
+    
runs/online-no-regret-20261008/combined-Tests-v1.log:1480: trailing whitespace.
+  
runs/online-no-regret-20261008/combined-Tests-v1.log:1482: trailing whitespace.
+    
runs/online-no-regret-20261008/combined-Tests-v1.log:1631: trailing whitespace.
+  
runs/online-no-regret-20261008/combined-Tests-v1.log:1633: trailing whitespace.
+    
runs/online-no-regret-20261008/combined-Tests-v1.log:1802: trailing whitespace.
+  
runs/online-no-regret-20261008/combined-Tests-v1.log:1804: trailing whitespace.
+    
runs/online-no-regret-20261008/combined-Tests-v1.log:1844: trailing whitespace.
+  
runs/online-no-regret-20261008/combined-Tests-v1.log:1846: trailing whitespace.
+    
runs/online-no-regret-20261008/combined-Tests-v1.log:2339: trailing whitespace.
+  
runs/online-no-regret-20261008/combined-Tests-v1.log:2341: trailing whitespace.
+    
runs/online-no-regret-20261008/combined-Tests-v1.log:2390: trailing whitespace.
+  
runs/online-no-regret-20261008/combined-Tests-v1.log:2392: trailing whitespace.
+    
runs/online-no-regret-20261008/combined-Tests-v1.log:6801: trailing whitespace.
+  
runs/online-no-regret-20261008/combined-Tests-v1.log:6803: trailing whitespace.
+    
runs/online-no-regret-20261008/combined-Tests-v2.log:1310: trailing whitespace.
+  
runs/online-no-regret-20261008/combined-Tests-v2.log:1312: trailing whitespace.
+    
runs/online-no-regret-20261008/combined-Tests-v2.log:1317: trailing whitespace.
+  
runs/online-no-regret-20261008/combined-Tests-v2.log:1319: trailing whitespace.
+    
runs/online-no-regret-20261008/combined-Tests-v2.log:1480: trailing whitespace.
+  
runs/online-no-regret-20261008/combined-Tests-v2.log:1482: trailing whitespace.
+    
runs/online-no-regret-20261008/combined-Tests-v2.log:1631: trailing whitespace.
+  
runs/online-no-regret-20261008/combined-Tests-v2.log:1633: trailing whitespace.
+    
runs/online-no-regret-20261008/combined-Tests-v2.log:1802: trailing whitespace.
+  
runs/online-no-regret-20261008/combined-Tests-v2.log:1804: trailing whitespace.
+    
runs/online-no-regret-20261008/combined-Tests-v2.log:1844: trailing whitespace.
+  
runs/online-no-regret-20261008/combined-Tests-v2.log:1846: trailing whitespace.
+    
runs/online-no-regret-20261008/combined-Tests-v2.log:2339: trailing whitespace.
+  
runs/online-no-regret-20261008/combined-Tests-v2.log:2341: trailing whitespace.
+    
runs/online-no-regret-20261008/combined-Tests-v2.log:2390: trailing whitespace.
+  
runs/online-no-regret-20261008/combined-Tests-v2.log:2392: trailing whitespace.
+    
runs/online-no-regret-20261008/combined-Tests-v2.log:6801: trailing whitespace.
+  
runs/online-no-regret-20261008/combined-Tests-v2.log:6803: trailing whitespace.
+    
runs/online-no-regret-20261008/combined-root-v1.log:570: trailing whitespace.
+  
runs/online-no-regret-20261008/combined-root-v1.log:572: trailing whitespace.
+    
runs/online-no-regret-20261008/combined-root-v1.log:721: trailing whitespace.
+  
runs/online-no-regret-20261008/combined-root-v1.log:723: trailing whitespace.
+    
runs/online-no-regret-20261008/combined-root-v1.log:1098: trailing whitespace.
+  
runs/online-no-regret-20261008/combined-root-v1.log:1100: trailing whitespace.
+    
runs/online-no-regret-20261008/combined-root-v1.log:1140: trailing whitespace.
+  
runs/online-no-regret-20261008/combined-root-v1.log:1142: trailing whitespace.
+    
runs/online-no-regret-20261008/combined-root-v1.log:1676: trailing whitespace.
+  
runs/online-no-regret-20261008/combined-root-v1.log:1678: trailing whitespace.
+    
runs/online-no-regret-20261008/combined-root-v1.log:1683: trailing whitespace.
+  
runs/online-no-regret-20261008/combined-root-v1.log:1685: trailing whitespace.
+    
runs/online-no-regret-20261008/combined-root-v1.log:1748: trailing whitespace.
+  
runs/online-no-regret-20261008/combined-root-v1.log:1750: trailing whitespace.
+    
runs/online-no-regret-20261008/combined-root-v1.log:1799: trailing whitespace.
+  
runs/online-no-regret-20261008/combined-root-v1.log:1801: trailing whitespace.
+    
runs/online-no-regret-20261008/combined-root-v2.log:719: trailing whitespace.
+  
runs/online-no-regret-20261008/combined-root-v2.log:721: trailing whitespace.
+    
runs/online-no-regret-20261008/combined-root-v2.log:726: trailing whitespace.
+  
runs/online-no-regret-20261008/combined-root-v2.log:728: trailing whitespace.
+    
runs/online-no-regret-20261008/combined-root-v2.log:889: trailing whitespace.
+  
runs/online-no-regret-20261008/combined-root-v2.log:891: trailing whitespace.
+    
runs/online-no-regret-20261008/combined-root-v2.log:1040: trailing whitespace.
+  
runs/online-no-regret-20261008/combined-root-v2.log:1042: trailing whitespace.
+    
runs/online-no-regret-20261008/combined-root-v2.log:1211: trailing whitespace.
+  
runs/online-no-regret-20261008/combined-root-v2.log:1213: trailing whitespace.
+    
runs/online-no-regret-20261008/combined-root-v2.log:1253: trailing whitespace.
+  
runs/online-no-regret-20261008/combined-root-v2.log:1255: trailing whitespace.
+    
runs/online-no-regret-20261008/combined-root-v2.log:1748: trailing whitespace.
+  
runs/online-no-regret-20261008/combined-root-v2.log:1750: trailing whitespace.
+    
runs/online-no-regret-20261008/combined-root-v2.log:1799: trailing whitespace.
+  
runs/online-no-regret-20261008/combined-root-v2.log:1801: trailing whitespace.
+    
runs/online-no-regret-20261008/full-harness-v1.log:687: trailing whitespace.
+  
runs/online-no-regret-20261008/full-harness-v1.log:689: trailing whitespace.
+    
runs/online-no-regret-20261008/full-harness-v1.log:838: trailing whitespace.
+  
runs/online-no-regret-20261008/full-harness-v1.log:840: trailing whitespace.
+    
runs/online-no-regret-20261008/full-harness-v1.log:1099: trailing whitespace.
+  
runs/online-no-regret-20261008/full-harness-v1.log:1101: trailing whitespace.
+    
runs/online-no-regret-20261008/full-harness-v1.log:1141: trailing whitespace.
+  
runs/online-no-regret-20261008/full-harness-v1.log:1143: trailing whitespace.
+    
runs/online-no-regret-20261008/full-harness-v1.log:1707: trailing whitespace.
+  
runs/online-no-regret-20261008/full-harness-v1.log:1709: trailing whitespace.
+    
runs/online-no-regret-20261008/full-harness-v1.log:1714: trailing whitespace.
+  
runs/online-no-regret-20261008/full-harness-v1.log:1716: trailing whitespace.
+    
runs/online-no-regret-20261008/full-harness-v1.log:1749: trailing whitespace.
+  
runs/online-no-regret-20261008/full-harness-v1.log:1751: trailing whitespace.
+    
runs/online-no-regret-20261008/full-harness-v1.log:1800: trailing whitespace.
+  
runs/online-no-regret-20261008/full-harness-v1.log:1802: trailing whitespace.
+    
runs/online-no-regret-20261008/full-harness-v1.log:3643: trailing whitespace.
+  
runs/online-no-regret-20261008/full-harness-v1.log:3645: trailing whitespace.
+    
runs/online-no-regret-20261008/full-harness-v1.log:3650: trailing whitespace.
+  
runs/online-no-regret-20261008/full-harness-v1.log:3652: trailing whitespace.
+    
runs/online-no-regret-20261008/full-harness-v1.log:3813: trailing whitespace.
+  
runs/online-no-regret-20261008/full-harness-v1.log:3815: trailing whitespace.
+    
runs/online-no-regret-20261008/full-harness-v1.log:3964: trailing whitespace.
+  
runs/online-no-regret-20261008/full-harness-v1.log:3966: trailing whitespace.
+    
runs/online-no-regret-20261008/full-harness-v1.log:4135: trailing whitespace.
+  
runs/online-no-regret-20261008/full-harness-v1.log:4137: trailing whitespace.
+    
runs/online-no-regret-20261008/full-harness-v1.log:4177: trailing whitespace.
+  
runs/online-no-regret-20261008/full-harness-v1.log:4179: trailing whitespace.
+    
runs/online-no-regret-20261008/full-harness-v1.log:4672: trailing whitespace.
+  
runs/online-no-regret-20261008/full-harness-v1.log:4674: trailing whitespace.
+    
runs/online-no-regret-20261008/full-harness-v1.log:4723: trailing whitespace.
+  
runs/online-no-regret-20261008/full-harness-v1.log:4725: trailing whitespace.
+    
runs/online-no-regret-20261008/full-harness-v1.log:9134: trailing whitespace.
+  
runs/online-no-regret-20261008/full-harness-v1.log:9136: trailing whitespace.
+    
runs/online-no-regret-20261008/full-harness-v2.log:513: trailing whitespace.
+  
runs/online-no-regret-20261008/full-harness-v2.log:515: trailing whitespace.
+    
runs/online-no-regret-20261008/full-harness-v2.log:848: trailing whitespace.
+  
runs/online-no-regret-20261008/full-harness-v2.log:850: trailing whitespace.
+    
runs/online-no-regret-20261008/full-harness-v2.log:1099: trailing whitespace.
+  
runs/online-no-regret-20261008/full-harness-v2.log:1101: trailing whitespace.
+    
runs/online-no-regret-20261008/full-harness-v2.log:1141: trailing whitespace.
+  
runs/online-no-regret-20261008/full-harness-v2.log:1143: trailing whitespace.
+    
runs/online-no-regret-20261008/full-harness-v2.log:1677: trailing whitespace.
+  
runs/online-no-regret-20261008/full-harness-v2.log:1679: trailing whitespace.
+    
runs/online-no-regret-20261008/full-harness-v2.log:1684: trailing whitespace.
+  
runs/online-no-regret-20261008/full-harness-v2.log:1686: trailing whitespace.
+    
runs/online-no-regret-20261008/full-harness-v2.log:1749: trailing whitespace.
+  
runs/online-no-regret-20261008/full-harness-v2.log:1751: trailing whitespace.
+    
runs/online-no-regret-20261008/full-harness-v2.log:1800: trailing whitespace.
+  
runs/online-no-regret-20261008/full-harness-v2.log:1802: trailing whitespace.
+    
runs/online-no-regret-20261008/full-harness-v2.log:3643: trailing whitespace.
+  
runs/online-no-regret-20261008/full-harness-v2.log:3645: trailing whitespace.
+    
runs/online-no-regret-20261008/full-harness-v2.log:3650: trailing whitespace.
+  
runs/online-no-regret-20261008/full-harness-v2.log:3652: trailing whitespace.
+    
runs/online-no-regret-20261008/full-harness-v2.log:3813: trailing whitespace.
+  
runs/online-no-regret-20261008/full-harness-v2.log:3815: trailing whitespace.
+    
runs/online-no-regret-20261008/full-harness-v2.log:3964: trailing whitespace.
+  
runs/online-no-regret-20261008/full-harness-v2.log:3966: trailing whitespace.
+    
runs/online-no-regret-20261008/full-harness-v2.log:4135: trailing whitespace.
+  
runs/online-no-regret-20261008/full-harness-v2.log:4137: trailing whitespace.
+    
runs/online-no-regret-20261008/full-harness-v2.log:4177: trailing whitespace.
+  
runs/online-no-regret-20261008/full-harness-v2.log:4179: trailing whitespace.
+    
runs/online-no-regret-20261008/full-harness-v2.log:4672: trailing whitespace.
+  
runs/online-no-regret-20261008/full-harness-v2.log:4674: trailing whitespace.
+    
runs/online-no-regret-20261008/full-harness-v2.log:4723: trailing whitespace.
+  
runs/online-no-regret-20261008/full-harness-v2.log:4725: trailing whitespace.
+    
runs/online-no-regret-20261008/full-harness-v2.log:9134: trailing whitespace.
+  
runs/online-no-regret-20261008/full-harness-v2.log:9136: trailing whitespace.
+    
