{
  "time": "2026-10-08T19:45:00+00:00",
  "task": "ONLINE-FTL-OBSTRUCTION-20261009",
  "role": "reviewer",
  "kind": "review",
  "status": "accepted",
  "notes": "Four derived same-FTL reconciliation endpoints: exact literal all-comparator iff empirical-mean convergence; explicit dyadic support; two actual mean subsequence limits; same bounded actual learner upper/best-average0 with fixed-zero no ordinary real limit. Original16Chapter1 source objects/null unknown proof total, full Chapter1 reconciliation, other C1/C2, unenumerated C3-16 and necessary appendices REQUIRED. Only four derived endpoints close; Goal ACTIVE, main/live unchanged. Eleven actual dyadic canaries instantiate allfour endpoints; actual prefix0,1,1,0 and causalpredictionshalf,0,half,two-thirds; bestR3five-sixths and fixed-zero R3/3negativeone-sixth. Four WHOLE VALUE witnesses/28 standard-only axiom outputs/24 selected nodes2450coalesced directTYPE_VALUEedges19requiredVALUEpairs/15fences. Actualroot9104/Tests9268/fullharness472tests7skips/checkpassed; two NONEMPTY committed-HEAD contributorbases andownshadow0. D4v1 implicit-zero failure retained/v2explicitzero repair0; initialregistry count1 ignored8private helpers, evidence-onlyv2 verifies10964COMPLETEoldrecords+5PUBLIC/8taggedsource-private, total10977; no proof/header/reader/root/pin/registryAPI change. Ten original current images inspected by formalizer anddistinctFINAL; applicablecleanlocal source6abb3d5cfa3430f5829c114247f93f981af2ae9d. Distinctreusedautomatedactors/nohuman/external/absolute-blind/runtimeattestation. Native/post-native/draft delivery separate.",
  "lean": "",
  "source": "",
  "run_id": "online-ftl-obstruction-20261009",
  "changed_files": [],
  "statement_hash": "",
  "parent_id": "",
  "route_fingerprint": "",
  "verifier_evidence": [
    "E:\\ABRL\\worktrees\\research-online-book\\runs\\online-ftl-obstruction-20261009\\final-reader-receipt-v1.json"
  ],
  "harness": "hierarchical",
  "experiment_id": "",
  "target_fingerprint": "",
  "route_packet_hash": "",
  "attempt_id": "FTL-OBSTRUCTION-FINAL-V1",
  "worker_id": "",
  "progress_class": "closed-frontier",
  "reviewer_validated": true,
  "obligations_before": 4,
  "obligations_after": 0,
  "new_declarations": [
    "BanditRL.OnlineLearning.meanPredict_limitNoRegret_iff_mean_converges",
    "BanditRL.OnlineLearning.dyadicObservation_unit",
    "BanditRL.OnlineLearning.dyadic_empiricalMean_subsequences",
    "BanditRL.OnlineLearning.dyadic_meanPredict_obstruction"
  ],
  "reused_declarations": [],
  "dag_nodes": 0,
  "dag_depth": 0,
  "elapsed_seconds": 0.0,
  "lean_check_seconds": 0.0,
  "prompt_chars": 0,
  "input_tokens": 0,
  "output_tokens": 0,
  "error_signature": ""
}
