{
  "id": "mem-ec81814e68d2fe81",
  "created_at": "2026-10-08T19:45:01+00:00",
  "type": "verified_lemma",
  "task": "ONLINE-FTL-OBSTRUCTION-20261009",
  "provenance": {
    "kind": "source-reviewed-compiled-bounded-actual-FTL",
    "reference": "E:\\ABRL\\worktrees\\research-online-book\\runs\\online-ftl-obstruction-20261009\\accepted-decision-v1.json"
  },
  "assumptions": [],
  "declaration": "",
  "file": "",
  "status": "accepted",
  "verifier_evidence": [
    "E:\\ABRL\\worktrees\\research-online-book\\runs\\online-ftl-obstruction-20261009\\final-reader-receipt-v1.json"
  ],
  "supersession": {
    "supersedes": [],
    "reason": ""
  },
  "roles": [
    "reviewer"
  ],
  "details": {
    "scope": "Four derived same-FTL reconciliation endpoints: exact literal all-comparator iff empirical-mean convergence; explicit dyadic support; two actual mean subsequence limits; same bounded actual learner upper/best-average0 with fixed-zero no ordinary real limit.",
    "remaining_required": "Original16Chapter1 source objects/null unknown proof total, full Chapter1 reconciliation, other C1/C2, unenumerated C3-16 and necessary appendices REQUIRED. Only four derived endpoints close; Goal ACTIVE, main/live unchanged.",
    "derived_obligations_before": 4,
    "derived_obligations_after": 0,
    "accepted_production_proofs": 4,
    "public_supporting_definitions": 1,
    "source_private_helpers_not_public_endpoints": 8,
    "whole_source_items_closed": 0,
    "chapter_complete": false,
    "goal_complete": false,
    "merged": false,
    "live": false
  }
}
