{
  "id": "mem-7d1c99eb87d18888",
  "created_at": "2026-10-08T19:45:01+00:00",
  "type": "source_fact",
  "task": "ONLINE-FTL-OBSTRUCTION-20261009",
  "provenance": {
    "kind": "local_first_retrieval",
    "reference": "E:\\ABRL\\worktrees\\research-online-book\\runs\\online-ftl-obstruction-20261009\\canary-focused-v1-exit.json"
  },
  "assumptions": [],
  "declaration": "",
  "file": "",
  "status": "verified",
  "verifier_evidence": [
    "E:\\ABRL\\worktrees\\research-online-book\\Tests\\OnlineFTLOscillationCanary.lean"
  ],
  "supersession": {
    "supersedes": [],
    "reason": ""
  },
  "roles": [],
  "details": {
    "query": "Actual bounded FTL ordinary-limit obstruction and exact all-comparator mean convergence iff",
    "search_order": [
      "local declarations",
      "ABRL theorem cards",
      "Mathlib cards"
    ],
    "candidates": [
      "BanditRL.OnlineLearning.meanPredict_limitNoRegret_iff_mean_converges",
      "BanditRL.OnlineLearning.dyadicObservation_unit",
      "BanditRL.OnlineLearning.dyadic_empiricalMean_subsequences",
      "BanditRL.OnlineLearning.dyadic_meanPredict_obstruction"
    ],
    "rejections": [],
    "compiled_scratch": "E:\\ABRL\\worktrees\\research-online-book\\Tests\\OnlineFTLOscillationCanary.lean"
  }
}
