{
  "schema_version": 1,
  "entry_id": "entry-abccac6229562b54",
  "session_id": "ONLINE-FTL-OBSTRUCTION-20261009",
  "sequence": 7,
  "parent_id": "entry-60808b6cdbe5b00d",
  "event_type": "accepted",
  "created_at": "2026-10-08T19:45:00+00:00",
  "payload": {
    "run_id": "online-ftl-obstruction-20261009",
    "mathematical_contract_version": 1,
    "scope": "Four derived same-FTL reconciliation endpoints: exact literal all-comparator iff empirical-mean convergence; explicit dyadic support; two actual mean subsequence limits; same bounded actual learner upper/best-average0 with fixed-zero no ordinary real limit.",
    "accepted_decision": "E:/ABRL/worktrees/research-online-book/runs/online-ftl-obstruction-20261009/accepted-decision-v1.json",
    "derived_obligations_before": 4,
    "derived_obligations_after": 0,
    "accepted_production_proofs": 4,
    "public_supporting_definitions": 1,
    "source_private_helpers_not_public_endpoints": 8,
    "whole_source_items_closed": 0,
    "chapter_complete": false,
    "goal_complete": false,
    "merged": false,
    "live": false
  }
}
