{
  "schema_version": 1,
  "record_id": "frontier-b86fb5fccae3c231",
  "updated_at": "2026-10-08T19:32:50+00:00",
  "root_objective": "Persistent Orabona Chapters1-16; current four bounded actualFTL reconciliation terminals only",
  "current_leaf": {
    "id": "ONLINE-FTL-OBSTRUCTION-20261009",
    "kind": "review",
    "status": "gate-pending",
    "statement": "Four frozen actual proofs and11 same-dyadic-FTL canaries compiled; exact all-comparator iff and ordinary fixed-zero obstruction. Currentsite/FINAL/native/delivery pending.",
    "statement_hash": "863d35f91d74225ac5e4f3f168271a8b5d640abf256a816e838702f1bbb95411",
    "declaration": "",
    "file": "E:\\ABRL\\worktrees\\research-online-book\\runs\\online-ftl-obstruction-20261009\\public-body-review-v1.md",
    "source_status": "source-reviewed",
    "dependencies": [
      {
        "kind": "review",
        "name": "source-body",
        "status": "accepted"
      },
      {
        "kind": "lean",
        "name": "BanditRL.OnlineLearning.dyadic_empiricalMean_subsequences",
        "status": "compiled"
      }
    ]
  },
  "dag": {
    "nodes": [
      {
        "id": "ONLINE-FTL-OBSTRUCTION-20261009",
        "kind": "review",
        "status": "gate-pending",
        "dependencies": [
          {
            "kind": "review",
            "name": "source-body",
            "status": "accepted"
          },
          {
            "kind": "lean",
            "name": "BanditRL.OnlineLearning.dyadic_empiricalMean_subsequences",
            "status": "compiled"
          }
        ],
        "dispatch_count": 0
      }
    ]
  },
  "last_accepted_verifier": {
    "trial_index": 5,
    "time": "2026-10-08T19:13:37+00:00",
    "task": "ONLINE-FTL-OBSTRUCTION-20261009",
    "role": "lower",
    "kind": "attempt",
    "status": "compiled",
    "lean": "Tests/OnlineFTLOscillationCanary.lean",
    "notes": "Actual dyadic same-FTL eleven public canaries with reviewed immutable headers; BODY/full gates pending.",
    "run_id": "online-ftl-obstruction-20261009"
  },
  "memory_policy": {
    "recent_role_relevant_limit": 5,
    "explicit_verified_lemma_ids": [],
    "whole_history_default": false
  },
  "shadow_gate": {
    "status": "pending",
    "analyzed_trial_rows": 6,
    "mismatches": [],
    "replay_transitions": 0
  },
  "mutation_policy": {
    "canonical_path_queue": true,
    "cross_process_lock": true,
    "same_file_serialized": true,
    "disjoint_files_parallel": true
  },
  "autonomous_execution": {
    "enabled": false,
    "requires_deterministic_gates": true,
    "requires_explicit_user_request": true
  }
}
