{
  "schema_version": 1,
  "entry_id": "entry-60808b6cdbe5b00d",
  "session_id": "ONLINE-FTL-OBSTRUCTION-20261009",
  "sequence": 6,
  "parent_id": "entry-f53730d642df957b",
  "event_type": "candidate",
  "created_at": "2026-10-08T19:17:34+00:00",
  "payload": {
    "run_id": "online-ftl-obstruction-20261009",
    "actual_body_targets": 4,
    "actual_canary_proofs": 11,
    "accepted_obligations": 0,
    "pending": 4,
    "public_sha256": "87665aface86fbca5265f4da0f6dfecf7348c82064c7648528fcd6267d0de9c6",
    "canary_sha256": "36f4c45645620545830268023f04757ea8dfdd9a8b9a2fe45409ee2202146f67",
    "statement_hashes_unchanged": true,
    "chapter_complete": false,
    "goal_complete": false
  }
}
