warning: in the working copy of 'BanditRLProof.lean', LF will be replaced by CRLF the next time Git touches it
warning: in the working copy of 'MANIFEST.md', LF will be replaced by CRLF the next time Git touches it
warning: in the working copy of 'Tests.lean', LF will be replaced by CRLF the next time Git touches it
warning: in the working copy of 'website/content/chapters.json', LF will be replaced by CRLF the next time Git touches it
warning: in the working copy of 'website/content/highlights.json', LF will be replaced by CRLF the next time Git touches it
warning: in the working copy of 'website/content/readings.json', LF will be replaced by CRLF the next time Git touches it
warning: in the working copy of 'conversion-windows/ONLINE-FTL-OBSTRUCTION-20261009.md', LF will be replaced by CRLF the next time Git touches it
warning: in the working copy of 'docs/contracts/online-ftl-obstruction-v1/canary-context-v1.lean.txt', LF will be replaced by CRLF the next time Git touches it
warning: in the working copy of 'docs/contracts/online-ftl-obstruction-v1/canary-plan-v1.md', LF will be replaced by CRLF the next time Git touches it
warning: in the working copy of 'docs/contracts/online-ftl-obstruction-v1/canary-targets-v1.json', LF will be replaced by CRLF the next time Git touches it
warning: in the working copy of 'docs/contracts/online-ftl-obstruction-v1/canary-targets-v1.lean.txt', LF will be replaced by CRLF the next time Git touches it
warning: in the working copy of 'docs/contracts/online-ftl-obstruction-v1/chapter-one-source-ledger-candidate-v1.json', LF will be replaced by CRLF the next time Git touches it
warning: in the working copy of 'docs/contracts/online-ftl-obstruction-v1/context-v1.lean.txt', LF will be replaced by CRLF the next time Git touches it
warning: in the working copy of 'docs/contracts/online-ftl-obstruction-v1/conversion-window-v1.md', LF will be replaced by CRLF the next time Git touches it
warning: in the working copy of 'docs/contracts/online-ftl-obstruction-v1/dependency-dag-v1.json', LF will be replaced by CRLF the next time Git touches it
warning: in the working copy of 'docs/contracts/online-ftl-obstruction-v1/proof-obligations-draft-v1.json', LF will be replaced by CRLF the next time Git touches it
warning: in the working copy of 'docs/contracts/online-ftl-obstruction-v1/proposed-source-correction-v1.md', LF will be replaced by CRLF the next time Git touches it
warning: in the working copy of 'docs/contracts/online-ftl-obstruction-v1/reader-requirements-v1.json', LF will be replaced by CRLF the next time Git touches it
warning: in the working copy of 'docs/contracts/online-ftl-obstruction-v1/reuse-decision-v1.json', LF will be replaced by CRLF the next time Git touches it
warning: in the working copy of 'docs/contracts/online-ftl-obstruction-v1/semantic-signature-v1.json', LF will be replaced by CRLF the next time Git touches it
warning: in the working copy of 'docs/contracts/online-ftl-obstruction-v1/source-card-v1.json', LF will be replaced by CRLF the next time Git touches it
warning: in the working copy of 'docs/contracts/online-ftl-obstruction-v1/source-intent-v1.md', LF will be replaced by CRLF the next time Git touches it
warning: in the working copy of 'docs/contracts/online-ftl-obstruction-v1/targets-v1.json', LF will be replaced by CRLF the next time Git touches it
warning: in the working copy of 'docs/contracts/online-ftl-obstruction-v1/targets-v1.lean.txt', LF will be replaced by CRLF the next time Git touches it
warning: in the working copy of 'proof-obligations/ONLINE-FTL-OBSTRUCTION-20261009.md', LF will be replaced by CRLF the next time Git touches it
warning: in the working copy of 'research-wiki/contribution-contracts/online-ftl-obstruction-20261009.json', LF will be replaced by CRLF the next time Git touches it
warning: in the working copy of 'runs/online-ftl-obstruction-20261009/00_context.md', LF will be replaced by CRLF the next time Git touches it
warning: in the working copy of 'runs/online-ftl-obstruction-20261009/10_director-v1.md', LF will be replaced by CRLF the next time Git touches it
warning: in the working copy of 'runs/online-ftl-obstruction-20261009/11_architect-v1.md', LF will be replaced by CRLF the next time Git touches it
warning: in the working copy of 'runs/online-ftl-obstruction-20261009/12_worker-v1.md', LF will be replaced by CRLF the next time Git touches it
warning: in the working copy of 'runs/online-ftl-obstruction-20261009/C1-fence-v1-exit.json', LF will be replaced by CRLF the next time Git touches it
warning: in the working copy of 'runs/online-ftl-obstruction-20261009/C1-safe-v1-exit.json', LF will be replaced by CRLF the next time Git touches it
warning: in the working copy of 'runs/online-ftl-obstruction-20261009/C10-fence-v1-exit.json', LF will be replaced by CRLF the next time Git touches it
warning: in the working copy of 'runs/online-ftl-obstruction-20261009/C10-safe-v1-exit.json', LF will be replaced by CRLF the next time Git touches it
warning: in the working copy of 'runs/online-ftl-obstruction-20261009/C11-fence-v1-exit.json', LF will be replaced by CRLF the next time Git touches it
warning: in the working copy of 'runs/online-ftl-obstruction-20261009/C11-safe-v1-exit.json', LF will be replaced by CRLF the next time Git touches it
warning: in the working copy of 'runs/online-ftl-obstruction-20261009/C2-fence-v1-exit.json', LF will be replaced by CRLF the next time Git touches it
warning: in the working copy of 'runs/online-ftl-obstruction-20261009/C2-safe-v1-exit.json', LF will be replaced by CRLF the next time Git touches it
warning: in the working copy of 'runs/online-ftl-obstruction-20261009/C3-fence-v1-exit.json', LF will be replaced by CRLF the next time Git touches it
warning: in the working copy of 'runs/online-ftl-obstruction-20261009/C3-safe-v1-exit.json', LF will be replaced by CRLF the next time Git touches it
warning: in the working copy of 'runs/online-ftl-obstruction-20261009/C4-fence-v1-exit.json', LF will be replaced by CRLF the next time Git touches it
warning: in the working copy of 'runs/online-ftl-obstruction-20261009/C4-safe-v1-exit.json', LF will be replaced by CRLF the next time Git touches it
warning: in the working copy of 'runs/online-ftl-obstruction-20261009/C5-fence-v1-exit.json', LF will be replaced by CRLF the next time Git touches it
warning: in the working copy of 'runs/online-ftl-obstruction-20261009/C5-safe-v1-exit.json', LF will be replaced by CRLF the next time Git touches it
warning: in the working copy of 'runs/online-ftl-obstruction-20261009/C6-fence-v1-exit.json', LF will be replaced by CRLF the next time Git touches it
warning: in the working copy of 'runs/online-ftl-obstruction-20261009/C6-safe-v1-exit.json', LF will be replaced by CRLF the next time Git touches it
warning: in the working copy of 'runs/online-ftl-obstruction-20261009/C7-fence-v1-exit.json', LF will be replaced by CRLF the next time Git touches it
warning: in the working copy of 'runs/online-ftl-obstruction-20261009/C7-safe-v1-exit.json', LF will be replaced by CRLF the next time Git touches it
warning: in the working copy of 'runs/online-ftl-obstruction-20261009/C8-fence-v1-exit.json', LF will be replaced by CRLF the next time Git touches it
warning: in the working copy of 'runs/online-ftl-obstruction-20261009/C8-safe-v1-exit.json', LF will be replaced by CRLF the next time Git touches it
warning: in the working copy of 'runs/online-ftl-obstruction-20261009/C9-fence-v1-exit.json', LF will be replaced by CRLF the next time Git touches it
warning: in the working copy of 'runs/online-ftl-obstruction-20261009/C9-safe-v1-exit.json', LF will be replaced by CRLF the next time Git touches it
warning: in the working copy of 'runs/online-ftl-obstruction-20261009/D1-attempt-v1.json', LF will be replaced by CRLF the next time Git touches it
warning: in the working copy of 'runs/online-ftl-obstruction-20261009/D1-attempt-v1.lean.raw', LF will be replaced by CRLF the next time Git touches it
warning: in the working copy of 'runs/online-ftl-obstruction-20261009/D1-fence-v1-exit.json', LF will be replaced by CRLF the next time Git touches it
warning: in the working copy of 'runs/online-ftl-obstruction-20261009/D1-focused-v1-exit.json', LF will be replaced by CRLF the next time Git touches it
warning: in the working copy of 'runs/online-ftl-obstruction-20261009/D1-focused-v1.log', LF will be replaced by CRLF the next time Git touches it
warning: in the working copy of 'runs/online-ftl-obstruction-20261009/D1-safe-v1-exit.json', LF will be replaced by CRLF the next time Git touches it
warning: in the working copy of 'runs/online-ftl-obstruction-20261009/D1-trial-v1-exit.json', LF will be replaced by CRLF the next time Git touches it
warning: in the working copy of 'runs/online-ftl-obstruction-20261009/D2-attempt-v1.json', LF will be replaced by CRLF the next time Git touches it
warning: in the working copy of 'runs/online-ftl-obstruction-20261009/D2-attempt-v1.lean.raw', LF will be replaced by CRLF the next time Git touches it
warning: in the working copy of 'runs/online-ftl-obstruction-20261009/D2-fence-v1-exit.json', LF will be replaced by CRLF the next time Git touches it
warning: in the working copy of 'runs/online-ftl-obstruction-20261009/D2-focused-v1-exit.json', LF will be replaced by CRLF the next time Git touches it
warning: in the working copy of 'runs/online-ftl-obstruction-20261009/D2-focused-v1.log', LF will be replaced by CRLF the next time Git touches it
warning: in the working copy of 'runs/online-ftl-obstruction-20261009/D2-safe-v1-exit.json', LF will be replaced by CRLF the next time Git touches it
warning: in the working copy of 'runs/online-ftl-obstruction-20261009/D2-trial-v1-exit.json', LF will be replaced by CRLF the next time Git touches it
warning: in the working copy of 'runs/online-ftl-obstruction-20261009/D3-attempt-v1.json', LF will be replaced by CRLF the next time Git touches it
warning: in the working copy of 'runs/online-ftl-obstruction-20261009/D3-attempt-v1.lean.raw', LF will be replaced by CRLF the next time Git touches it
warning: in the working copy of 'runs/online-ftl-obstruction-20261009/D3-fence-v1-exit.json', LF will be replaced by CRLF the next time Git touches it
warning: in the working copy of 'runs/online-ftl-obstruction-20261009/D3-focused-v1-exit.json', LF will be replaced by CRLF the next time Git touches it
warning: in the working copy of 'runs/online-ftl-obstruction-20261009/D3-focused-v1.log', LF will be replaced by CRLF the next time Git touches it
warning: in the working copy of 'runs/online-ftl-obstruction-20261009/D3-safe-v1-exit.json', LF will be replaced by CRLF the next time Git touches it
warning: in the working copy of 'runs/online-ftl-obstruction-20261009/D3-trial-v1-exit.json', LF will be replaced by CRLF the next time Git touches it
warning: in the working copy of 'runs/online-ftl-obstruction-20261009/D4-attempt-v1.json', LF will be replaced by CRLF the next time Git touches it
warning: in the working copy of 'runs/online-ftl-obstruction-20261009/D4-attempt-v1.lean.raw', LF will be replaced by CRLF the next time Git touches it
warning: in the working copy of 'runs/online-ftl-obstruction-20261009/D4-attempt-v2.json', LF will be replaced by CRLF the next time Git touches it
warning: in the working copy of 'runs/online-ftl-obstruction-20261009/D4-attempt-v2.lean.raw', LF will be replaced by CRLF the next time Git touches it
warning: in the working copy of 'runs/online-ftl-obstruction-20261009/D4-fence-v2-exit.json', LF will be replaced by CRLF the next time Git touches it
warning: in the working copy of 'runs/online-ftl-obstruction-20261009/D4-focused-v1-exit.json', LF will be replaced by CRLF the next time Git touches it
warning: in the working copy of 'runs/online-ftl-obstruction-20261009/D4-focused-v1.log', LF will be replaced by CRLF the next time Git touches it
warning: in the working copy of 'runs/online-ftl-obstruction-20261009/D4-focused-v2-exit.json', LF will be replaced by CRLF the next time Git touches it
warning: in the working copy of 'runs/online-ftl-obstruction-20261009/D4-focused-v2.log', LF will be replaced by CRLF the next time Git touches it
warning: in the working copy of 'runs/online-ftl-obstruction-20261009/D4-safe-v2-exit.json', LF will be replaced by CRLF the next time Git touches it
warning: in the working copy of 'runs/online-ftl-obstruction-20261009/D4-trial-v1-exit.json', LF will be replaced by CRLF the next time Git touches it
warning: in the working copy of 'runs/online-ftl-obstruction-20261009/D4-trial-v2-exit.json', LF will be replaced by CRLF the next time Git touches it
warning: in the working copy of 'runs/online-ftl-obstruction-20261009/api-signature-probe-v1-exit.json', LF will be replaced by CRLF the next time Git touches it
warning: in the working copy of 'runs/online-ftl-obstruction-20261009/api-signature-probe-v1.lean', LF will be replaced by CRLF the next time Git touches it
warning: in the working copy of 'runs/online-ftl-obstruction-20261009/api-signature-probe-v1.log', LF will be replaced by CRLF the next time Git touches it
warning: in the working copy of 'runs/online-ftl-obstruction-20261009/append_leaf_v1.py', LF will be replaced by CRLF the next time Git touches it
warning: in the working copy of 'runs/online-ftl-obstruction-20261009/audit-compiled-v1.py', LF will be replaced by CRLF the next time Git touches it
warning: in the working copy of 'runs/online-ftl-obstruction-20261009/baseline-v1.json', LF will be replaced by CRLF the next time Git touches it
warning: in the working copy of 'runs/online-ftl-obstruction-20261009/baseline-v2.json', LF will be replaced by CRLF the next time Git touches it
warning: in the working copy of 'runs/online-ftl-obstruction-20261009/baseline/additional-input-1-v2.raw', LF will be replaced by CRLF the next time Git touches it
warning: in the working copy of 'runs/online-ftl-obstruction-20261009/baseline/input-10-v1.raw', LF will be replaced by CRLF the next time Git touches it
warning: in the working copy of 'runs/online-ftl-obstruction-20261009/baseline/input-11-v1.raw', LF will be replaced by CRLF the next time Git touches it
warning: in the working copy of 'runs/online-ftl-obstruction-20261009/baseline/input-12-v1.raw', LF will be replaced by CRLF the next time Git touches it
warning: in the working copy of 'runs/online-ftl-obstruction-20261009/baseline/input-13-v1.raw', LF will be replaced by CRLF the next time Git touches it
warning: in the working copy of 'runs/online-ftl-obstruction-20261009/baseline/input-14-v1.raw', LF will be replaced by CRLF the next time Git touches it
warning: in the working copy of 'runs/online-ftl-obstruction-20261009/baseline/input-3-v1.raw', LF will be replaced by CRLF the next time Git touches it
warning: in the working copy of 'runs/online-ftl-obstruction-20261009/baseline/input-4-v1.raw', LF will be replaced by CRLF the next time Git touches it
warning: in the working copy of 'runs/online-ftl-obstruction-20261009/baseline/input-45-v1.raw', LF will be replaced by CRLF the next time Git touches it
warning: in the working copy of 'runs/online-ftl-obstruction-20261009/baseline/input-49-v1.raw', LF will be replaced by CRLF the next time Git touches it
warning: in the working copy of 'runs/online-ftl-obstruction-20261009/baseline/input-5-v1.raw', LF will be replaced by CRLF the next time Git touches it
warning: in the working copy of 'runs/online-ftl-obstruction-20261009/baseline/input-51-v1.raw', LF will be replaced by CRLF the next time Git touches it
warning: in the working copy of 'runs/online-ftl-obstruction-20261009/baseline/input-53-v1.raw', LF will be replaced by CRLF the next time Git touches it
warning: in the working copy of 'runs/online-ftl-obstruction-20261009/baseline/input-6-v1.raw', LF will be replaced by CRLF the next time Git touches it
warning: in the working copy of 'runs/online-ftl-obstruction-20261009/baseline/input-7-v1.raw', LF will be replaced by CRLF the next time Git touches it
warning: in the working copy of 'runs/online-ftl-obstruction-20261009/baseline/input-8-v1.raw', LF will be replaced by CRLF the next time Git touches it
warning: in the working copy of 'runs/online-ftl-obstruction-20261009/baseline/input-9-v1.raw', LF will be replaced by CRLF the next time Git touches it
warning: in the working copy of 'runs/online-ftl-obstruction-20261009/blind-inputs-v1.json', LF will be replaced by CRLF the next time Git touches it
warning: in the working copy of 'runs/online-ftl-obstruction-20261009/blind-packet-v1.md', LF will be replaced by CRLF the next time Git touches it
warning: in the working copy of 'runs/online-ftl-obstruction-20261009/blind-reconstruction-v1.md', LF will be replaced by CRLF the next time Git touches it
warning: in the working copy of 'runs/online-ftl-obstruction-20261009/body-bindings-v1.json', LF will be replaced by CRLF the next time Git touches it
warning: in the working copy of 'runs/online-ftl-obstruction-20261009/body-future-integration-scope-v1.json', LF will be replaced by CRLF the next time Git touches it
warning: in the working copy of 'runs/online-ftl-obstruction-20261009/body-review-inputs-v1.json', LF will be replaced by CRLF the next time Git touches it
warning: in the working copy of 'runs/online-ftl-obstruction-20261009/body-review-packet-v1.md', LF will be replaced by CRLF the next time Git touches it
warning: in the working copy of 'runs/online-ftl-obstruction-20261009/canary-attempt-v1.json', LF will be replaced by CRLF the next time Git touches it
warning: in the working copy of 'runs/online-ftl-obstruction-20261009/canary-attempt-v1.lean.raw', LF will be replaced by CRLF the next time Git touches it
warning: in the working copy of 'runs/online-ftl-obstruction-20261009/canary-blind-inputs-v1.json', LF will be replaced by CRLF the next time Git touches it
warning: in the working copy of 'runs/online-ftl-obstruction-20261009/canary-blind-packet-v1.md', LF will be replaced by CRLF the next time Git touches it
warning: in the working copy of 'runs/online-ftl-obstruction-20261009/canary-blind-reconstruction-v1.md', LF will be replaced by CRLF the next time Git touches it
warning: in the working copy of 'runs/online-ftl-obstruction-20261009/canary-contract-receipt-v1.json', LF will be replaced by CRLF the next time Git touches it
warning: in the working copy of 'runs/online-ftl-obstruction-20261009/canary-contract-review-inputs-v1.json', LF will be replaced by CRLF the next time Git touches it
warning: in the working copy of 'runs/online-ftl-obstruction-20261009/canary-contract-review-v1.md', LF will be replaced by CRLF the next time Git touches it
warning: in the working copy of 'runs/online-ftl-obstruction-20261009/canary-draft-typecheck-v1-exit.json', LF will be replaced by CRLF the next time Git touches it
warning: in the working copy of 'runs/online-ftl-obstruction-20261009/canary-draft-typecheck-v1.lean', LF will be replaced by CRLF the next time Git touches it
warning: in the working copy of 'runs/online-ftl-obstruction-20261009/canary-draft-typecheck-v1.log', LF will be replaced by CRLF the next time Git touches it
warning: in the working copy of 'runs/online-ftl-obstruction-20261009/canary-focused-v1-exit.json', LF will be replaced by CRLF the next time Git touches it
warning: in the working copy of 'runs/online-ftl-obstruction-20261009/canary-focused-v1.log', LF will be replaced by CRLF the next time Git touches it
warning: in the working copy of 'runs/online-ftl-obstruction-20261009/canary-source-review-packet-v1.md', LF will be replaced by CRLF the next time Git touches it
warning: in the working copy of 'runs/online-ftl-obstruction-20261009/canary-trial-v1-exit.json', LF will be replaced by CRLF the next time Git touches it
warning: in the working copy of 'runs/online-ftl-obstruction-20261009/candidate-body-status-v1.md', LF will be replaced by CRLF the next time Git touches it
warning: in the working copy of 'runs/online-ftl-obstruction-20261009/candidate-event-v1-exit.json', LF will be replaced by CRLF the next time Git touches it
warning: in the working copy of 'runs/online-ftl-obstruction-20261009/candidate-frontier-refresh-v1-exit.json', LF will be replaced by CRLF the next time Git touches it
warning: in the working copy of 'runs/online-ftl-obstruction-20261009/candidate-frontier-shadow-v1-exit.json', LF will be replaced by CRLF the next time Git touches it
warning: in the working copy of 'runs/online-ftl-obstruction-20261009/candidate-shadow-gate-v1.json', LF will be replaced by CRLF the next time Git touches it
warning: in the working copy of 'runs/online-ftl-obstruction-20261009/candidate-shadow-memory-v1.md', LF will be replaced by CRLF the next time Git touches it
warning: in the working copy of 'runs/online-ftl-obstruction-20261009/capture-reader-v1.cjs', LF will be replaced by CRLF the next time Git touches it
warning: in the working copy of 'runs/online-ftl-obstruction-20261009/capture-reader-v1.py', LF will be replaced by CRLF the next time Git touches it
warning: in the working copy of 'runs/online-ftl-obstruction-20261009/checkpoint-site-v1.py', LF will be replaced by CRLF the next time Git touches it
warning: in the working copy of 'runs/online-ftl-obstruction-20261009/combined-Tests-v1-exit.json', LF will be replaced by CRLF the next time Git touches it
warning: in the working copy of 'runs/online-ftl-obstruction-20261009/combined-Tests-v1.log', LF will be replaced by CRLF the next time Git touches it
warning: in the working copy of 'runs/online-ftl-obstruction-20261009/combined-full-harness-v1-exit.json', LF will be replaced by CRLF the next time Git touches it
warning: in the working copy of 'runs/online-ftl-obstruction-20261009/combined-full-harness-v1.log', LF will be replaced by CRLF the next time Git touches it
warning: in the working copy of 'runs/online-ftl-obstruction-20261009/combined-gates-v1.json', LF will be replaced by CRLF the next time Git touches it
warning: in the working copy of 'runs/online-ftl-obstruction-20261009/combined-gates-v1.py', LF will be replaced by CRLF the next time Git touches it
warning: in the working copy of 'runs/online-ftl-obstruction-20261009/combined-root-v1-exit.json', LF will be replaced by CRLF the next time Git touches it
warning: in the working copy of 'runs/online-ftl-obstruction-20261009/combined-root-v1.log', LF will be replaced by CRLF the next time Git touches it
warning: in the working copy of 'runs/online-ftl-obstruction-20261009/combined-stage-two-reviewed-Lean-v1-exit.json', LF will be replaced by CRLF the next time Git touches it
warning: in the working copy of 'runs/online-ftl-obstruction-20261009/combined-stage-two-reviewed-Lean-v1.log', LF will be replaced by CRLF the next time Git touches it
warning: in the working copy of 'runs/online-ftl-obstruction-20261009/common_body_v2.py', LF will be replaced by CRLF the next time Git touches it
warning: in the working copy of 'runs/online-ftl-obstruction-20261009/common_canary_v1.py', LF will be replaced by CRLF the next time Git touches it
warning: in the working copy of 'runs/online-ftl-obstruction-20261009/common_proving_v1.py', LF will be replaced by CRLF the next time Git touches it
warning: in the working copy of 'runs/online-ftl-obstruction-20261009/common_v1.py', LF will be replaced by CRLF the next time Git touches it
warning: in the working copy of 'runs/online-ftl-obstruction-20261009/compiled-audit-v1.json', LF will be replaced by CRLF the next time Git touches it
warning: in the working copy of 'runs/online-ftl-obstruction-20261009/compiled-graph-v1.json', LF will be replaced by CRLF the next time Git touches it
warning: in the working copy of 'runs/online-ftl-obstruction-20261009/contract-mutable-scope-v1.json', LF will be replaced by CRLF the next time Git touches it
warning: in the working copy of 'runs/online-ftl-obstruction-20261009/draft-declaration-search-v1-exit.json', LF will be replaced by CRLF the next time Git touches it
warning: in the working copy of 'runs/online-ftl-obstruction-20261009/draft-help-lifecycle-v1-exit.json', LF will be replaced by CRLF the next time Git touches it
warning: in the working copy of 'runs/online-ftl-obstruction-20261009/draft-lifecycle-v1-exit.json', LF will be replaced by CRLF the next time Git touches it
warning: in the working copy of 'runs/online-ftl-obstruction-20261009/draft-new-task-v1-exit.json', LF will be replaced by CRLF the next time Git touches it
warning: in the working copy of 'runs/online-ftl-obstruction-20261009/export-compiled-graph-v1-exit.json', LF will be replaced by CRLF the next time Git touches it
warning: in the working copy of 'runs/online-ftl-obstruction-20261009/export-compiled-graph-v1.lean', LF will be replaced by CRLF the next time Git touches it
warning: in the working copy of 'runs/online-ftl-obstruction-20261009/freeze-canary-review-v1.py', LF will be replaced by CRLF the next time Git touches it
warning: in the working copy of 'runs/online-ftl-obstruction-20261009/freeze-contract-inputs-v1.py', LF will be replaced by CRLF the next time Git touches it
warning: in the working copy of 'runs/online-ftl-obstruction-20261009/help-contributor-v1-exit.json', LF will be replaced by CRLF the next time Git touches it
warning: in the working copy of 'runs/online-ftl-obstruction-20261009/help-frontier-v1-exit.json', LF will be replaced by CRLF the next time Git touches it
warning: in the working copy of 'runs/online-ftl-obstruction-20261009/help-shadow-v1-exit.json', LF will be replaced by CRLF the next time Git touches it
warning: in the working copy of 'runs/online-ftl-obstruction-20261009/help-site-build-v1-exit.json', LF will be replaced by CRLF the next time Git touches it
warning: in the working copy of 'runs/online-ftl-obstruction-20261009/help-site-check-v1-exit.json', LF will be replaced by CRLF the next time Git touches it
warning: in the working copy of 'runs/online-ftl-obstruction-20261009/integrate-reviewed-v1.py', LF will be replaced by CRLF the next time Git touches it
warning: in the working copy of 'runs/online-ftl-obstruction-20261009/integration-baseline-v1.json', LF will be replaced by CRLF the next time Git touches it
warning: in the working copy of 'runs/online-ftl-obstruction-20261009/integration-baseline/BanditRLProof.lean.raw', LF will be replaced by CRLF the next time Git touches it
warning: in the working copy of 'runs/online-ftl-obstruction-20261009/integration-baseline/Tests.lean.raw', LF will be replaced by CRLF the next time Git touches it
warning: in the working copy of 'runs/online-ftl-obstruction-20261009/integration-baseline/website--content--chapters.json.raw', LF will be replaced by CRLF the next time Git touches it
warning: in the working copy of 'runs/online-ftl-obstruction-20261009/integration-baseline/website--content--highlights.json.raw', LF will be replaced by CRLF the next time Git touches it
warning: in the working copy of 'runs/online-ftl-obstruction-20261009/integration-baseline/website--content--readings.json.raw', LF will be replaced by CRLF the next time Git touches it
warning: in the working copy of 'runs/online-ftl-obstruction-20261009/integration-guard-syntax-v1-exit.json', LF will be replaced by CRLF the next time Git touches it
warning: in the working copy of 'runs/online-ftl-obstruction-20261009/native-scoped-v1.py', LF will be replaced by CRLF the next time Git touches it
warning: in the working copy of 'runs/online-ftl-obstruction-20261009/neutral-canary-statements-v1.lean.txt', LF will be replaced by CRLF the next time Git touches it
warning: in the working copy of 'runs/online-ftl-obstruction-20261009/neutral-context-and-statements-v1.lean.txt', LF will be replaced by CRLF the next time Git touches it
warning: in the working copy of 'runs/online-ftl-obstruction-20261009/prepare-body-review-v1.py', LF will be replaced by CRLF the next time Git touches it
warning: in the working copy of 'runs/online-ftl-obstruction-20261009/prepare-canary-draft-v1.py', LF will be replaced by CRLF the next time Git touches it
warning: in the working copy of 'runs/online-ftl-obstruction-20261009/prepare-candidate-shadow-v1.py', LF will be replaced by CRLF the next time Git touches it
warning: in the working copy of 'runs/online-ftl-obstruction-20261009/prepare-capture-helper-v1.py', LF will be replaced by CRLF the next time Git touches it
warning: in the working copy of 'runs/online-ftl-obstruction-20261009/prepare-draft-v1.py', LF will be replaced by CRLF the next time Git touches it
warning: in the working copy of 'runs/online-ftl-obstruction-20261009/prepare-final-review-v1.py', LF will be replaced by CRLF the next time Git touches it
warning: in the working copy of 'runs/online-ftl-obstruction-20261009/prepare-integration-baseline-v1.py', LF will be replaced by CRLF the next time Git touches it
warning: in the working copy of 'runs/online-ftl-obstruction-20261009/prepare-reader-proposal-v1.py', LF will be replaced by CRLF the next time Git touches it
warning: in the working copy of 'runs/online-ftl-obstruction-20261009/prepare-roundtrip-v1.py', LF will be replaced by CRLF the next time Git touches it
warning: in the working copy of 'runs/online-ftl-obstruction-20261009/prior-delivery-v1.json', LF will be replaced by CRLF the next time Git touches it
warning: in the working copy of 'runs/online-ftl-obstruction-20261009/prove-D1-v1.py', LF will be replaced by CRLF the next time Git touches it
warning: in the working copy of 'runs/online-ftl-obstruction-20261009/prove-D2-v1.py', LF will be replaced by CRLF the next time Git touches it
warning: in the working copy of 'runs/online-ftl-obstruction-20261009/prove-D3-v1.py', LF will be replaced by CRLF the next time Git touches it
warning: in the working copy of 'runs/online-ftl-obstruction-20261009/prove-D4-v1.py', LF will be replaced by CRLF the next time Git touches it
warning: in the working copy of 'runs/online-ftl-obstruction-20261009/prove-canary-v1.py', LF will be replaced by CRLF the next time Git touches it
warning: in the working copy of 'runs/online-ftl-obstruction-20261009/proving-D1-lifecycle-v1-exit.json', LF will be replaced by CRLF the next time Git touches it
warning: in the working copy of 'runs/online-ftl-obstruction-20261009/proving-D1-v1.json', LF will be replaced by CRLF the next time Git touches it
warning: in the working copy of 'runs/online-ftl-obstruction-20261009/proving-D2-lifecycle-v1-exit.json', LF will be replaced by CRLF the next time Git touches it
warning: in the working copy of 'runs/online-ftl-obstruction-20261009/proving-D3-lifecycle-v1-exit.json', LF will be replaced by CRLF the next time Git touches it
warning: in the working copy of 'runs/online-ftl-obstruction-20261009/proving-D4-lifecycle-v1-exit.json', LF will be replaced by CRLF the next time Git touches it
warning: in the working copy of 'runs/online-ftl-obstruction-20261009/public-body-receipt-v1.json', LF will be replaced by CRLF the next time Git touches it
warning: in the working copy of 'runs/online-ftl-obstruction-20261009/public-body-review-v1.md', LF will be replaced by CRLF the next time Git touches it
warning: in the working copy of 'runs/online-ftl-obstruction-20261009/reader-integration-bindings-v1.json', LF will be replaced by CRLF the next time Git touches it
warning: in the working copy of 'runs/online-ftl-obstruction-20261009/reader-proposal-v1.json', LF will be replaced by CRLF the next time Git touches it
warning: in the working copy of 'runs/online-ftl-obstruction-20261009/registry-baseline-bindings-v1.json', LF will be replaced by CRLF the next time Git touches it
warning: in the working copy of 'runs/online-ftl-obstruction-20261009/repair-D4-v2.py', LF will be replaced by CRLF the next time Git touches it
warning: in the working copy of 'runs/online-ftl-obstruction-20261009/reuse-search-v1.txt', LF will be replaced by CRLF the next time Git touches it
warning: in the working copy of 'runs/online-ftl-obstruction-20261009/root-source-pixel-review-v1.json', LF will be replaced by CRLF the next time Git touches it
warning: in the working copy of 'runs/online-ftl-obstruction-20261009/schema2-validation-v1.json', LF will be replaced by CRLF the next time Git touches it
warning: in the working copy of 'runs/online-ftl-obstruction-20261009/snapshots/reviewed-conversion-windows-v1.raw', LF will be replaced by CRLF the next time Git touches it
warning: in the working copy of 'runs/online-ftl-obstruction-20261009/snapshots/reviewed-proof-obligations-v1.raw', LF will be replaced by CRLF the next time Git touches it
warning: in the working copy of 'runs/online-ftl-obstruction-20261009/snapshots/reviewed-tasks-v1.raw', LF will be replaced by CRLF the next time Git touches it
warning: in the working copy of 'runs/online-ftl-obstruction-20261009/source-contract-receipt-v1.json', LF will be replaced by CRLF the next time Git touches it
warning: in the working copy of 'runs/online-ftl-obstruction-20261009/source-contract-review-inputs-v1.json', LF will be replaced by CRLF the next time Git touches it
warning: in the working copy of 'runs/online-ftl-obstruction-20261009/source-contract-review-packet-v1.md', LF will be replaced by CRLF the next time Git touches it
warning: in the working copy of 'runs/online-ftl-obstruction-20261009/source-contract-review-v1.md', LF will be replaced by CRLF the next time Git touches it
warning: in the working copy of 'runs/online-ftl-obstruction-20261009/source-pdf14-text-v1.txt', LF will be replaced by CRLF the next time Git touches it
warning: in the working copy of 'runs/online-ftl-obstruction-20261009/source-pdf16-text-v1.txt', LF will be replaced by CRLF the next time Git touches it
warning: in the working copy of 'runs/online-ftl-obstruction-20261009/source-pdf18-text-v1.txt', LF will be replaced by CRLF the next time Git touches it
warning: in the working copy of 'runs/online-ftl-obstruction-20261009/stabilize-v1.py', LF will be replaced by CRLF the next time Git touches it
warning: in the working copy of 'runs/online-ftl-obstruction-20261009/stabilized-contract-v1.json', LF will be replaced by CRLF the next time Git touches it
warning: in the working copy of 'runs/online-ftl-obstruction-20261009/stabilized-lifecycle-v1-exit.json', LF will be replaced by CRLF the next time Git touches it
warning: in the working copy of 'runs/online-ftl-obstruction-20261009/verify-registry-v1.py', LF will be replaced by CRLF the next time Git touches it
warning: in the working copy of 'runs/online-ftl-obstruction-20261009/whole-public-values-axioms-v1-exit.json', LF will be replaced by CRLF the next time Git touches it
warning: in the working copy of 'runs/online-ftl-obstruction-20261009/whole-public-values-axioms-v1.lean', LF will be replaced by CRLF the next time Git touches it
warning: in the working copy of 'runs/online-ftl-obstruction-20261009/whole-public-values-axioms-v1.log', LF will be replaced by CRLF the next time Git touches it
warning: in the working copy of 'tasks/ONLINE-FTL-OBSTRUCTION-20261009.md', LF will be replaced by CRLF the next time Git touches it
