runs/online-ftl-obstruction-20261009/combined-Tests-v1.log:1310: trailing whitespace.
+  
runs/online-ftl-obstruction-20261009/combined-Tests-v1.log:1312: trailing whitespace.
+    
runs/online-ftl-obstruction-20261009/combined-Tests-v1.log:1317: trailing whitespace.
+  
runs/online-ftl-obstruction-20261009/combined-Tests-v1.log:1319: trailing whitespace.
+    
runs/online-ftl-obstruction-20261009/combined-Tests-v1.log:1480: trailing whitespace.
+  
runs/online-ftl-obstruction-20261009/combined-Tests-v1.log:1482: trailing whitespace.
+    
runs/online-ftl-obstruction-20261009/combined-Tests-v1.log:1631: trailing whitespace.
+  
runs/online-ftl-obstruction-20261009/combined-Tests-v1.log:1633: trailing whitespace.
+    
runs/online-ftl-obstruction-20261009/combined-Tests-v1.log:1802: trailing whitespace.
+  
runs/online-ftl-obstruction-20261009/combined-Tests-v1.log:1804: trailing whitespace.
+    
runs/online-ftl-obstruction-20261009/combined-Tests-v1.log:1844: trailing whitespace.
+  
runs/online-ftl-obstruction-20261009/combined-Tests-v1.log:1846: trailing whitespace.
+    
runs/online-ftl-obstruction-20261009/combined-Tests-v1.log:2339: trailing whitespace.
+  
runs/online-ftl-obstruction-20261009/combined-Tests-v1.log:2341: trailing whitespace.
+    
runs/online-ftl-obstruction-20261009/combined-Tests-v1.log:2390: trailing whitespace.
+  
runs/online-ftl-obstruction-20261009/combined-Tests-v1.log:2392: trailing whitespace.
+    
runs/online-ftl-obstruction-20261009/combined-Tests-v1.log:6828: trailing whitespace.
+  
runs/online-ftl-obstruction-20261009/combined-Tests-v1.log:6830: trailing whitespace.
+    
runs/online-ftl-obstruction-20261009/combined-full-harness-v1.log:687: trailing whitespace.
+  
runs/online-ftl-obstruction-20261009/combined-full-harness-v1.log:689: trailing whitespace.
+    
runs/online-ftl-obstruction-20261009/combined-full-harness-v1.log:838: trailing whitespace.
+  
runs/online-ftl-obstruction-20261009/combined-full-harness-v1.log:840: trailing whitespace.
+    
runs/online-ftl-obstruction-20261009/combined-full-harness-v1.log:1099: trailing whitespace.
+  
runs/online-ftl-obstruction-20261009/combined-full-harness-v1.log:1101: trailing whitespace.
+    
runs/online-ftl-obstruction-20261009/combined-full-harness-v1.log:1141: trailing whitespace.
+  
runs/online-ftl-obstruction-20261009/combined-full-harness-v1.log:1143: trailing whitespace.
+    
runs/online-ftl-obstruction-20261009/combined-full-harness-v1.log:1707: trailing whitespace.
+  
runs/online-ftl-obstruction-20261009/combined-full-harness-v1.log:1709: trailing whitespace.
+    
runs/online-ftl-obstruction-20261009/combined-full-harness-v1.log:1714: trailing whitespace.
+  
runs/online-ftl-obstruction-20261009/combined-full-harness-v1.log:1716: trailing whitespace.
+    
runs/online-ftl-obstruction-20261009/combined-full-harness-v1.log:1749: trailing whitespace.
+  
runs/online-ftl-obstruction-20261009/combined-full-harness-v1.log:1751: trailing whitespace.
+    
runs/online-ftl-obstruction-20261009/combined-full-harness-v1.log:1800: trailing whitespace.
+  
runs/online-ftl-obstruction-20261009/combined-full-harness-v1.log:1802: trailing whitespace.
+    
runs/online-ftl-obstruction-20261009/combined-full-harness-v1.log:3670: trailing whitespace.
+  
runs/online-ftl-obstruction-20261009/combined-full-harness-v1.log:3672: trailing whitespace.
+    
runs/online-ftl-obstruction-20261009/combined-full-harness-v1.log:3677: trailing whitespace.
+  
runs/online-ftl-obstruction-20261009/combined-full-harness-v1.log:3679: trailing whitespace.
+    
runs/online-ftl-obstruction-20261009/combined-full-harness-v1.log:3840: trailing whitespace.
+  
runs/online-ftl-obstruction-20261009/combined-full-harness-v1.log:3842: trailing whitespace.
+    
runs/online-ftl-obstruction-20261009/combined-full-harness-v1.log:3991: trailing whitespace.
+  
runs/online-ftl-obstruction-20261009/combined-full-harness-v1.log:3993: trailing whitespace.
+    
runs/online-ftl-obstruction-20261009/combined-full-harness-v1.log:4162: trailing whitespace.
+  
runs/online-ftl-obstruction-20261009/combined-full-harness-v1.log:4164: trailing whitespace.
+    
runs/online-ftl-obstruction-20261009/combined-full-harness-v1.log:4204: trailing whitespace.
+  
runs/online-ftl-obstruction-20261009/combined-full-harness-v1.log:4206: trailing whitespace.
+    
runs/online-ftl-obstruction-20261009/combined-full-harness-v1.log:4699: trailing whitespace.
+  
runs/online-ftl-obstruction-20261009/combined-full-harness-v1.log:4701: trailing whitespace.
+    
runs/online-ftl-obstruction-20261009/combined-full-harness-v1.log:4750: trailing whitespace.
+  
runs/online-ftl-obstruction-20261009/combined-full-harness-v1.log:4752: trailing whitespace.
+    
runs/online-ftl-obstruction-20261009/combined-full-harness-v1.log:9188: trailing whitespace.
+  
runs/online-ftl-obstruction-20261009/combined-full-harness-v1.log:9190: trailing whitespace.
+    
runs/online-ftl-obstruction-20261009/combined-root-v1.log:495: trailing whitespace.
+  
runs/online-ftl-obstruction-20261009/combined-root-v1.log:497: trailing whitespace.
+    
runs/online-ftl-obstruction-20261009/combined-root-v1.log:646: trailing whitespace.
+  
runs/online-ftl-obstruction-20261009/combined-root-v1.log:648: trailing whitespace.
+    
runs/online-ftl-obstruction-20261009/combined-root-v1.log:1018: trailing whitespace.
+  
runs/online-ftl-obstruction-20261009/combined-root-v1.log:1020: trailing whitespace.
+    
runs/online-ftl-obstruction-20261009/combined-root-v1.log:1060: trailing whitespace.
+  
runs/online-ftl-obstruction-20261009/combined-root-v1.log:1062: trailing whitespace.
+    
runs/online-ftl-obstruction-20261009/combined-root-v1.log:1661: trailing whitespace.
+  
runs/online-ftl-obstruction-20261009/combined-root-v1.log:1663: trailing whitespace.
+    
runs/online-ftl-obstruction-20261009/combined-root-v1.log:1713: trailing whitespace.
+  
runs/online-ftl-obstruction-20261009/combined-root-v1.log:1715: trailing whitespace.
+    
runs/online-ftl-obstruction-20261009/combined-root-v1.log:1748: trailing whitespace.
+  
runs/online-ftl-obstruction-20261009/combined-root-v1.log:1750: trailing whitespace.
+    
runs/online-ftl-obstruction-20261009/combined-root-v1.log:1792: trailing whitespace.
+  
runs/online-ftl-obstruction-20261009/combined-root-v1.log:1794: trailing whitespace.
+    
