{
  "time": "2026-10-08T18:55:13+00:00",
  "task": "ONLINE-FTL-OBSTRUCTION-20261009",
  "role": "lower",
  "kind": "attempt",
  "status": "compiled",
  "notes": "Actual frozen D1 body focused build; semantic/body/full gates pending.",
  "lean": "BanditRLProof/OnlineFTLOscillation.lean",
  "source": "",
  "run_id": "online-ftl-obstruction-20261009",
  "changed_files": [],
  "statement_hash": "f5f7c19e4558ed9c406cc50676605a5ae1559a67869ee9642a7b2f84c4532e88",
  "parent_id": "",
  "route_fingerprint": "",
  "verifier_evidence": [
    "E:\\ABRL\\worktrees\\research-online-book\\runs\\online-ftl-obstruction-20261009\\D1-focused-v1-exit.json"
  ],
  "harness": "",
  "experiment_id": "",
  "target_fingerprint": "",
  "route_packet_hash": "",
  "attempt_id": "D1-v1",
  "worker_id": "",
  "progress_class": "unreviewed",
  "reviewer_validated": false,
  "obligations_before": 4,
  "obligations_after": 4,
  "new_declarations": [],
  "reused_declarations": [],
  "dag_nodes": 0,
  "dag_depth": 0,
  "elapsed_seconds": 0.0,
  "lean_check_seconds": 0.0,
  "prompt_chars": 0,
  "input_tokens": 0,
  "output_tokens": 0,
  "error_signature": ""
}
