{
  "time": "2026-10-08T19:06:11+00:00",
  "task": "ONLINE-FTL-OBSTRUCTION-20261009",
  "role": "lower",
  "kind": "attempt",
  "status": "compiled",
  "notes": "Retained v1 failed implicit-zero inference; body-only explicit zero repair. Semantic and full gates pending.",
  "lean": "BanditRLProof/OnlineFTLOscillation.lean",
  "source": "",
  "run_id": "online-ftl-obstruction-20261009",
  "changed_files": [],
  "statement_hash": "ff24eefc87da8732c13c81c288f44b5cf03c14836121d98c177ac3dc464df288",
  "parent_id": "",
  "route_fingerprint": "",
  "verifier_evidence": [
    "E:\\ABRL\\worktrees\\research-online-book\\runs\\online-ftl-obstruction-20261009\\D4-focused-v2-exit.json"
  ],
  "harness": "",
  "experiment_id": "",
  "target_fingerprint": "",
  "route_packet_hash": "",
  "attempt_id": "D4-v2",
  "worker_id": "",
  "progress_class": "unreviewed",
  "reviewer_validated": false,
  "obligations_before": 4,
  "obligations_after": 4,
  "new_declarations": [],
  "reused_declarations": [],
  "dag_nodes": 0,
  "dag_depth": 0,
  "elapsed_seconds": 0.0,
  "lean_check_seconds": 0.0,
  "prompt_chars": 0,
  "input_tokens": 0,
  "output_tokens": 0,
  "error_signature": ""
}
