{
  "schema_version": 1,
  "entry_id": "entry-4020cd78ebb26cf5",
  "session_id": "ONLINE-FTL-OBSTRUCTION-20261009",
  "sequence": 0,
  "parent_id": "",
  "event_type": "draft",
  "created_at": "2026-10-08T18:49:07+00:00",
  "payload": {
    "run_id": "online-ftl-obstruction-20261009",
    "contract_version": 1,
    "source_sha256": "cef4edfa97a6e063e53e9c532717c50aa156e5bc782ea49f969b3385011a1b17",
    "target_statement_hashes": [
      "f5f7c19e4558ed9c406cc50676605a5ae1559a67869ee9642a7b2f84c4532e88",
      "6df5ff8b09810d455703e9dbf326b43da78a3aea36c243ce8aabaad68cf12c64",
      "397d0f921ca26f72d3d93f21dde7ae294939bf6b625c39ea29e3756744e4c3de",
      "ff24eefc87da8732c13c81c288f44b5cf03c14836121d98c177ac3dc464df288"
    ],
    "obligations": 4,
    "compiled": 0,
    "chapter_complete": false,
    "goal_complete": false
  }
}
