usage: bandit.py frontier-refresh [-h] --root-objective ROOT_OBJECTIVE --leaf
                                  LEAF
                                  [--kind {lean,harness,retrieval,review}]
                                  --statement STATEMENT
                                  [--declaration DECLARATION] [--file FILE]
                                  --source-status SOURCE_STATUS
                                  [--leaf-status {pending,ready,running,blocked,gate-pending,accepted}]
                                  [--dependency DEPENDENCY]
                                  [--verified-id VERIFIED_ID]
                                  [--memory MEMORY]
                                  [--shadow-status {pending,passed,failed}]
                                  [--replay-transitions REPLAY_TRANSITIONS]
                                  [--trials TRIALS] [--output OUTPUT]

optional arguments:
  -h, --help            show this help message and exit
  --root-objective ROOT_OBJECTIVE
  --leaf LEAF
  --kind {lean,harness,retrieval,review}
  --statement STATEMENT
  --declaration DECLARATION
  --file FILE
  --source-status SOURCE_STATUS
  --leaf-status {pending,ready,running,blocked,gate-pending,accepted}
  --dependency DEPENDENCY
                        KIND:NAME:STATUS
  --verified-id VERIFIED_ID
  --memory MEMORY
  --shadow-status {pending,passed,failed}
  --replay-transitions REPLAY_TRANSITIONS
  --trials TRIALS
  --output OUTPUT
