E:\ABRL\worktrees\research-online-book\runs\online-ftl-obstruction-20261009\whole-public-values-axioms-v1.lean:6:5: warning: unused variable `hy`

Note: This linter can be disabled with `set_option linter.unusedVariables false`
ActualFTLObstructionValues.wholePublicValue1 : Q1
'ActualFTLObstructionValues.wholePublicValue1' depends on axioms: [propext, Classical.choice, Quot.sound]
ActualFTLObstructionValues.wholePublicValue2 : Q2
'ActualFTLObstructionValues.wholePublicValue2' depends on axioms: [propext, Classical.choice, Quot.sound]
ActualFTLObstructionValues.wholePublicValue3 : Q3
'ActualFTLObstructionValues.wholePublicValue3' depends on axioms: [propext, Classical.choice, Quot.sound]
ActualFTLObstructionValues.wholePublicValue4 : Q4
'ActualFTLObstructionValues.wholePublicValue4' depends on axioms: [propext, Classical.choice, Quot.sound]
BanditRL.OnlineLearning.meanPredict_limitNoRegret_iff_mean_converges (y : ℕ → ℝ) (hy : ∀ (t : ℕ), y t ∈ Set.Icc 0 1) :
  LimitNoRegret (Set.Icc 0 1) (fun t x => (x - y t) ^ 2) (meanPredict y) ↔
    ∃ m ∈ Set.Icc 0 1, Tendsto (empiricalMean y) atTop (nhds m)
'BanditRL.OnlineLearning.meanPredict_limitNoRegret_iff_mean_converges' depends on axioms: [propext,
 Classical.choice,
 Quot.sound]
BanditRL.OnlineLearning.dyadicObservation_unit (t : ℕ) : dyadicObservation t ∈ Set.Icc 0 1
'BanditRL.OnlineLearning.dyadicObservation_unit' depends on axioms: [propext, Classical.choice, Quot.sound]
BanditRL.OnlineLearning.dyadic_empiricalMean_subsequences :
  Tendsto (fun n => empiricalMean dyadicObservation (4 ^ (n + 1) - 1)) atTop (nhds (2 / 3)) ∧
    Tendsto (fun n => empiricalMean dyadicObservation (2 * 4 ^ n - 1)) atTop (nhds (1 / 3))
'BanditRL.OnlineLearning.dyadic_empiricalMean_subsequences' depends on axioms: [propext, Classical.choice, Quot.sound]
BanditRL.OnlineLearning.dyadic_meanPredict_obstruction :
  NoRegret (Set.Icc 0 1) (fun t x => (x - dyadicObservation t) ^ 2) (meanPredict dyadicObservation) ∧
    Tendsto (fun T => squaredBestRegret dyadicObservation (meanPredict dyadicObservation) T / ↑T) atTop (nhds 0) ∧
      (¬∃ a,
            Tendsto
              (fun T =>
                comparatorRegret (fun t x => (x - dyadicObservation t) ^ 2) (meanPredict dyadicObservation) 0 T / ↑T)
              atTop (nhds a)) ∧
        ¬LimitNoRegret (Set.Icc 0 1) (fun t x => (x - dyadicObservation t) ^ 2) (meanPredict dyadicObservation)
'BanditRL.OnlineLearning.dyadic_meanPredict_obstruction' depends on axioms: [propext, Classical.choice, Quot.sound]
Tests.OnlineFTLOscillation.dyadic_unit_and_prefix :
  (∀ (t : ℕ), dyadicObservation t ∈ Set.Icc 0 1) ∧
    dyadicObservation 0 = 0 ∧ dyadicObservation 1 = 1 ∧ dyadicObservation 2 = 1 ∧ dyadicObservation 3 = 0
'Tests.OnlineFTLOscillation.dyadic_unit_and_prefix' depends on axioms: [propext, Classical.choice, Quot.sound]
Tests.OnlineFTLOscillation.actual_causal_predictions :
  meanPredict dyadicObservation 0 = 1 / 2 ∧
    meanPredict dyadicObservation 1 = 0 ∧
      meanPredict dyadicObservation 2 = 1 / 2 ∧ meanPredict dyadicObservation 3 = 2 / 3
'Tests.OnlineFTLOscillation.actual_causal_predictions' depends on axioms: [propext, Classical.choice, Quot.sound]
Tests.OnlineFTLOscillation.actual_signed_regrets :
  squaredBestRegret dyadicObservation (meanPredict dyadicObservation) 0 = 0 ∧
    squaredBestRegret dyadicObservation (meanPredict dyadicObservation) 1 = 1 / 4 ∧
      squaredBestRegret dyadicObservation (meanPredict dyadicObservation) 2 = 3 / 4 ∧
        squaredBestRegret dyadicObservation (meanPredict dyadicObservation) 3 = 5 / 6 ∧
          comparatorRegret (fun t x => (x - dyadicObservation t) ^ 2) (meanPredict dyadicObservation) 0 3 / 3 = -1 / 6
'Tests.OnlineFTLOscillation.actual_signed_regrets' depends on axioms: [propext, Classical.choice, Quot.sound]
Tests.OnlineFTLOscillation.all_comparator_iff_instantiated :
  LimitNoRegret (Set.Icc 0 1) (fun t x => (x - dyadicObservation t) ^ 2) (meanPredict dyadicObservation) ↔
    ∃ m ∈ Set.Icc 0 1, Tendsto (empiricalMean dyadicObservation) atTop (nhds m)
'Tests.OnlineFTLOscillation.all_comparator_iff_instantiated' depends on axioms: [propext, Classical.choice, Quot.sound]
Tests.OnlineFTLOscillation.no_feasible_mean_limit :
  ¬∃ m ∈ Set.Icc 0 1, Tendsto (empiricalMean dyadicObservation) atTop (nhds m)
'Tests.OnlineFTLOscillation.no_feasible_mean_limit' depends on axioms: [propext, Classical.choice, Quot.sound]
Tests.OnlineFTLOscillation.two_actual_mean_subsequences :
  Tendsto (fun n => empiricalMean dyadicObservation (4 ^ (n + 1) - 1)) atTop (nhds (2 / 3)) ∧
    Tendsto (fun n => empiricalMean dyadicObservation (2 * 4 ^ n - 1)) atTop (nhds (1 / 3))
'Tests.OnlineFTLOscillation.two_actual_mean_subsequences' depends on axioms: [propext, Classical.choice, Quot.sound]
Tests.OnlineFTLOscillation.obstruction_instantiated :
  NoRegret (Set.Icc 0 1) (fun t x => (x - dyadicObservation t) ^ 2) (meanPredict dyadicObservation) ∧
    Tendsto (fun T => squaredBestRegret dyadicObservation (meanPredict dyadicObservation) T / ↑T) atTop (nhds 0) ∧
      (¬∃ a,
            Tendsto
              (fun T =>
                comparatorRegret (fun t x => (x - dyadicObservation t) ^ 2) (meanPredict dyadicObservation) 0 T / ↑T)
              atTop (nhds a)) ∧
        ¬LimitNoRegret (Set.Icc 0 1) (fun t x => (x - dyadicObservation t) ^ 2) (meanPredict dyadicObservation)
'Tests.OnlineFTLOscillation.obstruction_instantiated' depends on axioms: [propext, Classical.choice, Quot.sound]
Tests.OnlineFTLOscillation.upper_noRegret_on_actual_stream :
  NoRegret (Set.Icc 0 1) (fun t x => (x - dyadicObservation t) ^ 2) (meanPredict dyadicObservation)
'Tests.OnlineFTLOscillation.upper_noRegret_on_actual_stream' depends on axioms: [propext, Classical.choice, Quot.sound]
Tests.OnlineFTLOscillation.actual_best_average_zero :
  Tendsto (fun T => squaredBestRegret dyadicObservation (meanPredict dyadicObservation) T / ↑T) atTop (nhds 0)
'Tests.OnlineFTLOscillation.actual_best_average_zero' depends on axioms: [propext, Classical.choice, Quot.sound]
Tests.OnlineFTLOscillation.fixed_zero_has_no_ordinary_limit :
  ¬∃ a,
      Tendsto
        (fun T => comparatorRegret (fun t x => (x - dyadicObservation t) ^ 2) (meanPredict dyadicObservation) 0 T / ↑T)
        atTop (nhds a)
'Tests.OnlineFTLOscillation.fixed_zero_has_no_ordinary_limit' depends on axioms: [propext, Classical.choice, Quot.sound]
Tests.OnlineFTLOscillation.literal_limit_noRegret_fails :
  ¬LimitNoRegret (Set.Icc 0 1) (fun t x => (x - dyadicObservation t) ^ 2) (meanPredict dyadicObservation)
'Tests.OnlineFTLOscillation.literal_limit_noRegret_fails' depends on axioms: [propext, Classical.choice, Quot.sound]
BanditRL.OnlineLearning.empiricalMean (y : ℕ → ℝ) (n : ℕ) : ℝ
'BanditRL.OnlineLearning.empiricalMean' depends on axioms: [propext, Classical.choice, Quot.sound]
BanditRL.OnlineLearning.meanPredict (y : ℕ → ℝ) (t : ℕ) : ℝ
'BanditRL.OnlineLearning.meanPredict' depends on axioms: [propext, Classical.choice, Quot.sound]
BanditRL.OnlineLearning.dyadicObservation : ℕ → ℝ
'BanditRL.OnlineLearning.dyadicObservation' depends on axioms: [propext, Classical.choice, Quot.sound]
BanditRL.OnlineLearning.meanPredict_fixedRegret_limit_iff (y : ℕ → ℝ) (hy : ∀ (t : ℕ), y t ∈ Set.Icc 0 1) (u a : ℝ) :
  Tendsto (fun T => comparatorRegret (fun t x => (x - y t) ^ 2) (meanPredict y) u T / ↑T) atTop (nhds a) ↔
    Tendsto (fun T => (u - empiricalMean y T) ^ 2) atTop (nhds (-a))
'BanditRL.OnlineLearning.meanPredict_fixedRegret_limit_iff' depends on axioms: [propext, Classical.choice, Quot.sound]
BanditRL.OnlineLearning.meanPredict_limitNoRegret_of_mean_converges (y : ℕ → ℝ) (hy : ∀ (t : ℕ), y t ∈ Set.Icc 0 1)
  (m : ℝ) (hm : Tendsto (empiricalMean y) atTop (nhds m)) :
  (∀ (u : ℝ),
      Tendsto (fun T => comparatorRegret (fun t x => (x - y t) ^ 2) (meanPredict y) u T / ↑T) atTop
        (nhds (-(u - m) ^ 2))) ∧
    LimitNoRegret (Set.Icc 0 1) (fun t x => (x - y t) ^ 2) (meanPredict y)
'BanditRL.OnlineLearning.meanPredict_limitNoRegret_of_mean_converges' depends on axioms: [propext,
 Classical.choice,
 Quot.sound]
BanditRL.OnlineLearning.meanPredict_noRegret (y : ℕ → ℝ) (hy : ∀ (t : ℕ), y t ∈ Set.Icc 0 1) :
  NoRegret (Set.Icc 0 1) (fun t x => (x - y t) ^ 2) (meanPredict y)
'BanditRL.OnlineLearning.meanPredict_noRegret' depends on axioms: [propext, Classical.choice, Quot.sound]
BanditRL.OnlineLearning.meanPredict_bestRegret_average_tendsto_zero (y : ℕ → ℝ) (hy : ∀ (t : ℕ), y t ∈ Set.Icc 0 1) :
  Tendsto (fun T => squaredBestRegret y (meanPredict y) T / ↑T) atTop (nhds 0)
'BanditRL.OnlineLearning.meanPredict_bestRegret_average_tendsto_zero' depends on axioms: [propext,
 Classical.choice,
 Quot.sound]
BanditRL.OnlineLearning.empiricalMean_mem (y : ℕ → ℝ) (n : ℕ) (hn : 0 < n) (hy : ∀ t < n, y t ∈ Set.Icc 0 1) :
  empiricalMean y n ∈ Set.Icc 0 1
'BanditRL.OnlineLearning.empiricalMean_mem' depends on axioms: [propext, Classical.choice, Quot.sound]
BanditRL.OnlineLearning.squaredBestRegret_eq_comparatorRegret (y prediction : ℕ → ℝ) (T : ℕ)
  (hy : ∀ t < T, y t ∈ Set.Icc 0 1) :
  squaredBestRegret y prediction T = comparatorRegret (fun t x => (x - y t) ^ 2) prediction (empiricalMean y T) T
'BanditRL.OnlineLearning.squaredBestRegret_eq_comparatorRegret' depends on axioms: [propext,
 Classical.choice,
 Quot.sound]
