{
  "schema_version": 1,
  "entry_id": "entry-82af37df6b0532dc",
  "session_id": "ONLINE-CONVEX-MIGRATION-20261005",
  "sequence": 8,
  "parent_id": "entry-b5b41f9eb2f7774e",
  "event_type": "accepted",
  "created_at": "2026-10-05T10:38:49+00:00",
  "payload": {
    "run_id": "online-convex-migration-20261005",
    "contract_version": 1,
    "scope": "four retained convex production modules only",
    "retained_proofs": 22,
    "new_proofs": 0,
    "canary_modules": 4,
    "semantic_verdict": "accepted-with-explicit-delta",
    "raw_rows": 1782,
    "finite_loss_gap": "mandatory",
    "chapter_complete": false,
    "book_complete": false,
    "goal_complete": false,
    "merged": false,
    "deployed": false
  }
}
