{
  "time": "2026-10-05T10:38:48+00:00",
  "task": "ONLINE-CONVEX-MIGRATION-20261005",
  "role": "reviewer",
  "kind": "review",
  "status": "accepted",
  "notes": "Distinct final source/reader/bindings accept four retained modules22 proofs, zero new bodies. Integrated/full/shared registry/site passed; finite-loss endpoint/chapter/book still mandatory, stacked PR pending.",
  "lean": "",
  "source": "",
  "run_id": "online-convex-migration-20261005",
  "changed_files": [],
  "statement_hash": "",
  "parent_id": "",
  "route_fingerprint": "",
  "verifier_evidence": [
    "runs\\online-convex-migration-20261005\\accepted-decision-v1.json"
  ],
  "harness": "",
  "experiment_id": "",
  "target_fingerprint": "",
  "route_packet_hash": "",
  "attempt_id": "RETAINED-CONVEX22-V1",
  "worker_id": "",
  "progress_class": "retrieval-reuse",
  "reviewer_validated": true,
  "obligations_before": 0,
  "obligations_after": 0,
  "new_declarations": [],
  "reused_declarations": [
    "BanditRL.OnlineConvex.convex_nonneg_linear_combination"
  ],
  "dag_nodes": 0,
  "dag_depth": 0,
  "elapsed_seconds": 0.0,
  "lean_check_seconds": 0.0,
  "prompt_chars": 0,
  "input_tokens": 0,
  "output_tokens": 0,
  "error_signature": ""
}
