{
  "schema_version": 1,
  "record_id": "frontier-d8ae1d8abd9db8a2",
  "updated_at": "2026-10-05T10:19:39+00:00",
  "root_objective": "Persistent Orabona Chapters1-16 Goal; four retained convex foundation modules candidate only, Chapter2/book incomplete",
  "current_leaf": {
    "id": "ONLINE-CONVEX-MIGRATION-20261005",
    "kind": "lean",
    "status": "gate-pending",
    "statement": "theorem convex_nonneg_linear_combination {E : Type*} [AddCommGroup E] [Module ℝ E] (f g : E → EReal) (hf : IsConvexExtended f) (hg : IsConvexExtended g) (a b : ℝ) (ha : 0 ≤ a) (hb : 0 ≤ b) : IsConvexExtended (fun x => upperAdd ((a : EReal) * f x) ((b : EReal) * g x))",
    "statement_hash": "42ec92568ec463e2544b6496370f2095f7f83391ebc43cd83f76b41db31bb365",
    "declaration": "BanditRL.OnlineConvex.convex_nonneg_linear_combination",
    "file": "BanditRLProof/OnlineConvexSums.lean",
    "source_status": "source-body-reviewed",
    "dependencies": [
      {
        "kind": "lean",
        "name": "BanditRL.OnlineConvex.convex_upperAdd",
        "status": "compiled"
      },
      {
        "kind": "lean",
        "name": "BanditRL.OnlineConvex.convex_nonneg_mul",
        "status": "compiled"
      },
      {
        "kind": "review",
        "name": "source-body",
        "status": "accepted"
      }
    ]
  },
  "dag": {
    "nodes": [
      {
        "id": "ONLINE-CONVEX-MIGRATION-20261005",
        "kind": "lean",
        "status": "gate-pending",
        "dependencies": [
          {
            "kind": "lean",
            "name": "BanditRL.OnlineConvex.convex_upperAdd",
            "status": "compiled"
          },
          {
            "kind": "lean",
            "name": "BanditRL.OnlineConvex.convex_nonneg_mul",
            "status": "compiled"
          },
          {
            "kind": "review",
            "name": "source-body",
            "status": "accepted"
          }
        ],
        "dispatch_count": 0
      }
    ]
  },
  "last_accepted_verifier": {
    "trial_index": 3,
    "time": "2026-10-05T10:06:47+00:00",
    "task": "ONLINE-CONVEX-MIGRATION-20261005",
    "role": "lower",
    "kind": "build",
    "status": "compiled",
    "lean": "BanditRLProof/OnlineConvexSums.lean",
    "notes": "Fresh actual retained-body elaboration, public canary and named axioms passed; no new proof code; separate body/package review pending.",
    "run_id": "online-convex-migration-20261005"
  },
  "memory_policy": {
    "recent_role_relevant_limit": 5,
    "explicit_verified_lemma_ids": [],
    "whole_history_default": false
  },
  "shadow_gate": {
    "status": "pending",
    "analyzed_trial_rows": 4,
    "mismatches": [],
    "replay_transitions": 0
  },
  "mutation_policy": {
    "canonical_path_queue": true,
    "cross_process_lock": true,
    "same_file_serialized": true,
    "disjoint_files_parallel": true
  },
  "autonomous_execution": {
    "enabled": false,
    "requires_deterministic_gates": true,
    "requires_explicit_user_request": true
  }
}
