runs/online-convex-migration-20261005/Tests-v1-01.log:1310: trailing whitespace.
+  
runs/online-convex-migration-20261005/Tests-v1-01.log:1312: trailing whitespace.
+    
runs/online-convex-migration-20261005/Tests-v1-01.log:1317: trailing whitespace.
+  
runs/online-convex-migration-20261005/Tests-v1-01.log:1319: trailing whitespace.
+    
runs/online-convex-migration-20261005/Tests-v1-01.log:1480: trailing whitespace.
+  
runs/online-convex-migration-20261005/Tests-v1-01.log:1482: trailing whitespace.
+    
runs/online-convex-migration-20261005/Tests-v1-01.log:1631: trailing whitespace.
+  
runs/online-convex-migration-20261005/Tests-v1-01.log:1633: trailing whitespace.
+    
runs/online-convex-migration-20261005/Tests-v1-01.log:1802: trailing whitespace.
+  
runs/online-convex-migration-20261005/Tests-v1-01.log:1804: trailing whitespace.
+    
runs/online-convex-migration-20261005/Tests-v1-01.log:1844: trailing whitespace.
+  
runs/online-convex-migration-20261005/Tests-v1-01.log:1846: trailing whitespace.
+    
runs/online-convex-migration-20261005/Tests-v1-01.log:2339: trailing whitespace.
+  
runs/online-convex-migration-20261005/Tests-v1-01.log:2341: trailing whitespace.
+    
runs/online-convex-migration-20261005/Tests-v1-01.log:2390: trailing whitespace.
+  
runs/online-convex-migration-20261005/Tests-v1-01.log:2392: trailing whitespace.
+    
runs/online-convex-migration-20261005/Tests-v1-01.log:7530: trailing whitespace.
+  
runs/online-convex-migration-20261005/Tests-v1-01.log:7532: trailing whitespace.
+    
runs/online-convex-migration-20261005/convention-printed6-pdf17.txt:35: new blank line at EOF.
runs/online-convex-migration-20261005/focused-build-v1-01.log:745: trailing whitespace.
+  
runs/online-convex-migration-20261005/focused-build-v1-01.log:747: trailing whitespace.
+    
runs/online-convex-migration-20261005/focused-build-v1-01.log:752: trailing whitespace.
+  
runs/online-convex-migration-20261005/focused-build-v1-01.log:754: trailing whitespace.
+    
runs/online-convex-migration-20261005/focused-build-v1-01.log:915: trailing whitespace.
+  
runs/online-convex-migration-20261005/focused-build-v1-01.log:917: trailing whitespace.
+    
runs/online-convex-migration-20261005/focused-build-v1-01.log:1066: trailing whitespace.
+  
runs/online-convex-migration-20261005/focused-build-v1-01.log:1068: trailing whitespace.
+    
runs/online-convex-migration-20261005/focused-build-v1-01.log:1237: trailing whitespace.
+  
runs/online-convex-migration-20261005/focused-build-v1-01.log:1239: trailing whitespace.
+    
runs/online-convex-migration-20261005/focused-build-v1-01.log:1279: trailing whitespace.
+  
runs/online-convex-migration-20261005/focused-build-v1-01.log:1281: trailing whitespace.
+    
runs/online-convex-migration-20261005/focused-build-v1-01.log:1774: trailing whitespace.
+  
runs/online-convex-migration-20261005/focused-build-v1-01.log:1776: trailing whitespace.
+    
runs/online-convex-migration-20261005/focused-build-v1-01.log:1825: trailing whitespace.
+  
runs/online-convex-migration-20261005/focused-build-v1-01.log:1827: trailing whitespace.
+    
runs/online-convex-migration-20261005/full-harness-v1-01.log:720: trailing whitespace.
+  
runs/online-convex-migration-20261005/full-harness-v1-01.log:722: trailing whitespace.
+    
runs/online-convex-migration-20261005/full-harness-v1-01.log:727: trailing whitespace.
+  
runs/online-convex-migration-20261005/full-harness-v1-01.log:729: trailing whitespace.
+    
runs/online-convex-migration-20261005/full-harness-v1-01.log:890: trailing whitespace.
+  
runs/online-convex-migration-20261005/full-harness-v1-01.log:892: trailing whitespace.
+    
runs/online-convex-migration-20261005/full-harness-v1-01.log:1041: trailing whitespace.
+  
runs/online-convex-migration-20261005/full-harness-v1-01.log:1043: trailing whitespace.
+    
runs/online-convex-migration-20261005/full-harness-v1-01.log:1212: trailing whitespace.
+  
runs/online-convex-migration-20261005/full-harness-v1-01.log:1214: trailing whitespace.
+    
runs/online-convex-migration-20261005/full-harness-v1-01.log:1254: trailing whitespace.
+  
runs/online-convex-migration-20261005/full-harness-v1-01.log:1256: trailing whitespace.
+    
runs/online-convex-migration-20261005/full-harness-v1-01.log:1749: trailing whitespace.
+  
runs/online-convex-migration-20261005/full-harness-v1-01.log:1751: trailing whitespace.
+    
runs/online-convex-migration-20261005/full-harness-v1-01.log:1800: trailing whitespace.
+  
runs/online-convex-migration-20261005/full-harness-v1-01.log:1802: trailing whitespace.
+    
runs/online-convex-migration-20261005/full-harness-v1-01.log:3631: trailing whitespace.
+  
runs/online-convex-migration-20261005/full-harness-v1-01.log:3633: trailing whitespace.
+    
runs/online-convex-migration-20261005/full-harness-v1-01.log:3638: trailing whitespace.
+  
runs/online-convex-migration-20261005/full-harness-v1-01.log:3640: trailing whitespace.
+    
runs/online-convex-migration-20261005/full-harness-v1-01.log:3801: trailing whitespace.
+  
runs/online-convex-migration-20261005/full-harness-v1-01.log:3803: trailing whitespace.
+    
runs/online-convex-migration-20261005/full-harness-v1-01.log:3952: trailing whitespace.
+  
runs/online-convex-migration-20261005/full-harness-v1-01.log:3954: trailing whitespace.
+    
runs/online-convex-migration-20261005/full-harness-v1-01.log:4123: trailing whitespace.
+  
runs/online-convex-migration-20261005/full-harness-v1-01.log:4125: trailing whitespace.
+    
runs/online-convex-migration-20261005/full-harness-v1-01.log:4165: trailing whitespace.
+  
runs/online-convex-migration-20261005/full-harness-v1-01.log:4167: trailing whitespace.
+    
runs/online-convex-migration-20261005/full-harness-v1-01.log:4660: trailing whitespace.
+  
runs/online-convex-migration-20261005/full-harness-v1-01.log:4662: trailing whitespace.
+    
runs/online-convex-migration-20261005/full-harness-v1-01.log:4711: trailing whitespace.
+  
runs/online-convex-migration-20261005/full-harness-v1-01.log:4713: trailing whitespace.
+    
runs/online-convex-migration-20261005/full-harness-v1-01.log:9110: trailing whitespace.
+  
runs/online-convex-migration-20261005/full-harness-v1-01.log:9112: trailing whitespace.
+    
runs/online-convex-migration-20261005/leaves/public-axioms-v1.lean:113: new blank line at EOF.
runs/online-convex-migration-20261005/root-v1-01.log:815: trailing whitespace.
+  
runs/online-convex-migration-20261005/root-v1-01.log:817: trailing whitespace.
+    
runs/online-convex-migration-20261005/root-v1-01.log:966: trailing whitespace.
+  
runs/online-convex-migration-20261005/root-v1-01.log:968: trailing whitespace.
+    
runs/online-convex-migration-20261005/root-v1-01.log:1137: trailing whitespace.
+  
runs/online-convex-migration-20261005/root-v1-01.log:1139: trailing whitespace.
+    
runs/online-convex-migration-20261005/root-v1-01.log:1179: trailing whitespace.
+  
runs/online-convex-migration-20261005/root-v1-01.log:1181: trailing whitespace.
+    
runs/online-convex-migration-20261005/root-v1-01.log:1661: trailing whitespace.
+  
runs/online-convex-migration-20261005/root-v1-01.log:1663: trailing whitespace.
+    
runs/online-convex-migration-20261005/root-v1-01.log:1668: trailing whitespace.
+  
runs/online-convex-migration-20261005/root-v1-01.log:1670: trailing whitespace.
+    
runs/online-convex-migration-20261005/root-v1-01.log:1748: trailing whitespace.
+  
runs/online-convex-migration-20261005/root-v1-01.log:1750: trailing whitespace.
+    
runs/online-convex-migration-20261005/root-v1-01.log:1799: trailing whitespace.
+  
runs/online-convex-migration-20261005/root-v1-01.log:1801: trailing whitespace.
+    
