fence-definition_2_2 exit 0 seconds 0.219
fence-convex_effectiveDomain exit 0 seconds 0.219
fence-effectiveDomain_indicator exit 0 seconds 0.203
fence-convex_indicator_iff exit 0 seconds 0.219
fence-realEpigraph_toReal exit 0 seconds 0.203
fence-convexExtended_iff_toReal exit 0 seconds 0.218
fence-theorem_2_4 exit 0 seconds 0.219
fence-convex_add_indicator exit 0 seconds 0.235
fence-convexExtended_coe_iff exit 0 seconds 0.203
fence-example_2_5 exit 0 seconds 0.218
fence-example_2_6 exit 0 seconds 0.219
fence-convex_comp_affine exit 0 seconds 0.219
fence-convex_iSup exit 0 seconds 0.219
fence-convex_comp_monotone exit 0 seconds 0.203
fence-upperAdd_coe exit 0 seconds 0.203
fence-upperAdd_top exit 0 seconds 0.218
fence-top_upperAdd exit 0 seconds 0.204
fence-upperAdd_le_coe_iff exit 0 seconds 0.219
fence-convex_upperAdd exit 0 seconds 0.219
fence-positive_mul_le_coe_iff exit 0 seconds 0.218
fence-convex_nonneg_mul exit 0 seconds 0.219
fence-convex_nonneg_linear_combination exit 0 seconds 0.219
actual-declaration-retrieval exit 0 seconds 7.016
draft-lifecycle exit 0 seconds 0.234
Draft frozen:22 actual native headers/five definitions/four modules, source/convention/DAG/window and neutral packet; distinct source review pending.
