{
  "schema_version": 1,
  "entry_id": "entry-a29596834d636571",
  "session_id": "ONLINE-CONVEX-MIGRATION-20261005",
  "sequence": 5,
  "parent_id": "entry-57e08de085ccedf0",
  "event_type": "candidate",
  "created_at": "2026-10-05T10:28:03+00:00",
  "payload": {
    "run_id": "online-convex-migration-20261005",
    "repair": "same-token probe v2 actual elaboration and scoped v2 passed; original frozen v1 retained",
    "mathematical_target_changed": false,
    "retained_proofs": 22,
    "new_proofs": 0,
    "root_jobs": 9087,
    "Tests_jobs": 9228,
    "full_tests": 466,
    "existing_skips": 7,
    "exact_stacked_contributor": "passed",
    "main_missing_paths": 16,
    "chapter_complete": false,
    "goal_complete": false
  }
}
