{
  "time": "2026-10-05T10:06:46+00:00",
  "task": "ONLINE-CONVEX-MIGRATION-20261005",
  "role": "lower",
  "kind": "build",
  "status": "compiled",
  "notes": "Fresh actual retained-body elaboration, public canary and named axioms passed; no new proof code; separate body/package review pending.",
  "lean": "BanditRLProof/OnlineConvexExtended.lean",
  "source": "",
  "run_id": "online-convex-migration-20261005",
  "changed_files": [],
  "statement_hash": "9356e80077b3a5958c97e9a0853a9650fb6ae40e3780ad2c6c0dfb942e29bff6",
  "parent_id": "",
  "route_fingerprint": "",
  "verifier_evidence": [
    "runs\\online-convex-migration-20261005\\body-OnlineConvexExtended-v1-01.log"
  ],
  "harness": "",
  "experiment_id": "",
  "target_fingerprint": "",
  "route_packet_hash": "",
  "attempt_id": "",
  "worker_id": "",
  "progress_class": "retrieval-reuse",
  "reviewer_validated": false,
  "obligations_before": 0,
  "obligations_after": 0,
  "new_declarations": [],
  "reused_declarations": [
    "BanditRL.OnlineConvex.convex_add_indicator"
  ],
  "dag_nodes": 0,
  "dag_depth": 0,
  "elapsed_seconds": 0.0,
  "lean_check_seconds": 0.0,
  "prompt_chars": 0,
  "input_tokens": 0,
  "output_tokens": 0,
  "error_signature": ""
}
