{
  "time": "2026-10-05T10:06:46+00:00",
  "task": "ONLINE-CONVEX-MIGRATION-20261005",
  "role": "lower",
  "kind": "build",
  "status": "compiled",
  "notes": "Fresh actual retained-body elaboration, public canary and named axioms passed; no new proof code; separate body/package review pending.",
  "lean": "BanditRLProof/OnlineConvexExamples.lean",
  "source": "",
  "run_id": "online-convex-migration-20261005",
  "changed_files": [],
  "statement_hash": "7c1ef105554e674fdd03bb81ee69a072151d6405c8dc00fabd4979eb121cecd4",
  "parent_id": "",
  "route_fingerprint": "",
  "verifier_evidence": [
    "runs\\online-convex-migration-20261005\\body-OnlineConvexExamples-v1-01.log"
  ],
  "harness": "",
  "experiment_id": "",
  "target_fingerprint": "",
  "route_packet_hash": "",
  "attempt_id": "",
  "worker_id": "",
  "progress_class": "retrieval-reuse",
  "reviewer_validated": false,
  "obligations_before": 0,
  "obligations_after": 0,
  "new_declarations": [],
  "reused_declarations": [
    "BanditRL.OnlineConvex.example_2_6"
  ],
  "dag_nodes": 0,
  "dag_depth": 0,
  "elapsed_seconds": 0.0,
  "lean_check_seconds": 0.0,
  "prompt_chars": 0,
  "input_tokens": 0,
  "output_tokens": 0,
  "error_signature": ""
}
