{
  "schema_version": 1,
  "entry_id": "entry-b5b41f9eb2f7774e",
  "session_id": "ONLINE-CONVEX-MIGRATION-20261005",
  "sequence": 7,
  "parent_id": "entry-1d4a09654441db58",
  "event_type": "candidate",
  "created_at": "2026-10-05T10:34:19+00:00",
  "payload": {
    "run_id": "online-convex-migration-20261005",
    "repair": "site02 exact-three notation check and repaired registry baseline passed; browser observed",
    "mathematical_target_changed": false,
    "retained_proofs": 22,
    "new_proofs": 0,
    "registry_nodes": 27,
    "old_ids_urls": 10804,
    "finite_loss_gap": "mandatory",
    "chapter_complete": false,
    "goal_complete": false
  }
}
