safe-public-v1-definition_2_2 exit 0 seconds 0.218
safe-public-v1-convex_effectiveDomain exit 0 seconds 0.219
safe-public-v1-effectiveDomain_indicator exit 0 seconds 0.219
safe-public-v1-convex_indicator_iff exit 0 seconds 0.203
safe-public-v1-realEpigraph_toReal exit 0 seconds 0.219
safe-public-v1-convexExtended_iff_toReal exit 0 seconds 0.203
safe-public-v1-theorem_2_4 exit 0 seconds 0.203
safe-public-v1-convex_add_indicator exit 0 seconds 0.219
safe-public-v1-convexExtended_coe_iff exit 0 seconds 0.219
safe-public-v1-example_2_5 exit 0 seconds 0.203
safe-public-v1-example_2_6 exit 0 seconds 0.219
safe-public-v1-convex_comp_affine exit 0 seconds 0.219
safe-public-v1-convex_iSup exit 0 seconds 0.203
safe-public-v1-convex_comp_monotone exit 0 seconds 0.219
safe-public-v1-upperAdd_coe exit 0 seconds 0.219
safe-public-v1-upperAdd_top exit 0 seconds 0.218
safe-public-v1-top_upperAdd exit 0 seconds 0.219
safe-public-v1-upperAdd_le_coe_iff exit 0 seconds 0.203
safe-public-v1-convex_upperAdd exit 0 seconds 0.203
safe-public-v1-positive_mul_le_coe_iff exit 0 seconds 0.219
safe-public-v1-convex_nonneg_mul exit 0 seconds 0.219
safe-public-v1-convex_nonneg_linear_combination exit 0 seconds 0.203
22 actual native public safe guards passed; header/placeholder guard, not compilation.
