{
  "schema_version": 1,
  "entry_id": "entry-052cf99f0121ef07",
  "session_id": "ONLINE-SUBGRADIENT-ABSOLUTE-MIGRATION-20261007",
  "sequence": 7,
  "parent_id": "entry-516000b83f9be975",
  "event_type": "accepted",
  "created_at": "2026-10-06T19:50:55+00:00",
  "payload": {
    "run_id": "online-subgradient-absolute-migration-20261007",
    "accepted_decision": "E:/ABRL/worktrees/research-online-book/runs/online-subgradient-absolute-migration-20261007/accepted-decision-v1.json",
    "retained_proofs": 4,
    "new_proofs": 0,
    "merged": false,
    "live": false,
    "source_package_accepted": true,
    "chapter_complete": false,
    "goal_complete": false
  }
}
