{
  "schema_version": 1,
  "entry_id": "entry-125dce10cbd2d534",
  "session_id": "ONLINE-SUBGRADIENT-ABSOLUTE-MIGRATION-20261007",
  "sequence": 4,
  "parent_id": "entry-6b822be46eed480f",
  "event_type": "candidate",
  "created_at": "2026-10-06T19:22:03+00:00",
  "payload": {
    "run_id": "online-subgradient-absolute-migration-20261007",
    "chapter_complete": false,
    "goal_complete": false,
    "frozen_headers": {
      "abs_subgradient_zero": "e878c47ef95faa47b1418c365baea538ad208382d41cb020cb1d4724132ada34",
      "abs_subgradient_positive": "7c28bc210670ae091789b68390cafca47f511cd3884a86e142611be79a001620",
      "abs_subgradient_negative": "72cc1d3ac4754af80a367ad2bec624bbdf45eca740ab79a29cc03f7ca3547a6e",
      "example_2_24": "4b044c75e8628878dea1648d15454734fb5eed6107330fca567ada3502f2cf1b"
    },
    "sequential_jobs": {
      "root-v1-01": 9089,
      "Tests-v1-01": 9234
    },
    "source_package_accepted": false,
    "remaining_gates": [
      "fullharness",
      "exact contributor/diff/history",
      "site/registry/browser/FINAL",
      "raw/PR"
    ]
  }
}
