{
  "schema_version": 1,
  "entry_id": "entry-656a335f30186000",
  "session_id": "ONLINE-SUBGRADIENT-ABSOLUTE-MIGRATION-20261007",
  "sequence": 5,
  "parent_id": "entry-125dce10cbd2d534",
  "event_type": "repair",
  "created_at": "2026-10-06T19:37:38+00:00",
  "payload": {
    "run_id": "online-subgradient-absolute-migration-20261007",
    "chapter_complete": false,
    "goal_complete": false,
    "scope": "source-card TeX row/closed interval grouping",
    "source_package_accepted": false,
    "mathematical_statement_repair": false,
    "review_receipt": "final-reader-receipt-v1.json",
    "all_four_frozen_headers": {
      "abs_subgradient_zero": "e878c47ef95faa47b1418c365baea538ad208382d41cb020cb1d4724132ada34",
      "abs_subgradient_positive": "7c28bc210670ae091789b68390cafca47f511cd3884a86e142611be79a001620",
      "abs_subgradient_negative": "72cc1d3ac4754af80a367ad2bec624bbdf45eca740ab79a29cc03f7ca3547a6e",
      "example_2_24": "4b044c75e8628878dea1648d15454734fb5eed6107330fca567ada3502f2cf1b"
    }
  }
}
