{
  "time": "2026-10-06T19:11:42+00:00",
  "task": "ONLINE-SUBGRADIENT-ABSOLUTE-MIGRATION-20261007",
  "role": "lower",
  "kind": "build",
  "status": "compiled",
  "notes": "Actual four retained proofs/whole threecanaries/seven unique named kernel checks/four guards/selected sevenproof nodes checked; zero new math/TESTs. BODY/package gates pending; Chapter2/book incomplete.",
  "lean": "BanditRLProof\\OnlineSubgradientAbsolute.lean",
  "source": "",
  "run_id": "online-subgradient-absolute-migration-20261007",
  "changed_files": [],
  "statement_hash": "4b044c75e8628878dea1648d15454734fb5eed6107330fca567ada3502f2cf1b",
  "parent_id": "",
  "route_fingerprint": "",
  "verifier_evidence": [
    "E:\\ABRL\\worktrees\\research-online-book\\runs\\online-subgradient-absolute-migration-20261007\\public-body-v1-01.log"
  ],
  "harness": "",
  "experiment_id": "",
  "target_fingerprint": "",
  "route_packet_hash": "",
  "attempt_id": "SUBGRADIENT-ABSOLUTE-RETAINED-BODIES-V1",
  "worker_id": "",
  "progress_class": "retrieval-reuse",
  "reviewer_validated": false,
  "obligations_before": 0,
  "obligations_after": 0,
  "new_declarations": [],
  "reused_declarations": [
    "BanditRL.OnlineConvex.example_2_24"
  ],
  "dag_nodes": 0,
  "dag_depth": 0,
  "elapsed_seconds": 0.0,
  "lean_check_seconds": 0.0,
  "prompt_chars": 0,
  "input_tokens": 0,
  "output_tokens": 0,
  "error_signature": ""
}
