{
  "id": "mem-181dede9863caca4",
  "created_at": "2026-10-06T19:04:08+00:00",
  "type": "source_fact",
  "task": "ONLINE-SUBGRADIENT-ABSOLUTE-MIGRATION-20261007",
  "provenance": {
    "kind": "local_first_retrieval",
    "reference": "MLIB-ORDER-ALGEBRA; frozen local bodies and actual scalar abs/EReal API lookup; no new generic lemma or global reference-index rewrite"
  },
  "assumptions": [],
  "declaration": "",
  "file": "",
  "status": "verified",
  "verifier_evidence": [
    "E:\\ABRL\\worktrees\\research-online-book\\runs\\online-subgradient-absolute-migration-20261007\\actual-types-v1-01.log"
  ],
  "supersession": {
    "supersedes": [],
    "reason": ""
  },
  "roles": [],
  "details": {
    "query": "scalar absolute global subdifferential/full closed zero interval",
    "search_order": [
      "local declarations",
      "ABRL theorem cards",
      "Mathlib cards"
    ],
    "candidates": [
      "BanditRL.OnlineConvex.example_2_24",
      "BanditRL.OnlineConvex.abs_subgradient_zero",
      "EReal.coe_add",
      "EReal.coe_le_coe_iff"
    ],
    "rejections": [],
    "compiled_scratch": "E:\\ABRL\\worktrees\\research-online-book\\runs\\online-subgradient-absolute-migration-20261007\\actual-types-v1-01.log"
  }
}
