{
  "id": "mem-8f3f7174e9203000",
  "created_at": "2026-10-08T17:19:01+00:00",
  "type": "source_fact",
  "task": "ONLINE-KERNEL-CAUSAL-20261008",
  "provenance": {
    "kind": "local_first_retrieval",
    "reference": "E:\\ABRL\\worktrees\\research-online-book\\runs\\online-kernel-causal-20261008\\canary-focused-v4-exit.json"
  },
  "assumptions": [],
  "declaration": "",
  "file": "",
  "status": "verified",
  "verifier_evidence": [
    "E:\\ABRL\\worktrees\\research-online-book\\Tests\\OnlineGuessingKernelCausalCanary.lean"
  ],
  "supersession": {
    "supersedes": [],
    "reason": ""
  },
  "roles": [],
  "details": {
    "query": "Actual causal behavioral-kernel realization, same-process joint/conditional laws and IID expected fixed excess",
    "search_order": [
      "local declarations",
      "ABRL theorem cards",
      "Mathlib cards"
    ],
    "candidates": [
      "BanditRL.OnlineLearning.kernel_sampler_family_exists",
      "BanditRL.OnlineLearning.kernel_sampler_causal_process",
      "BanditRL.OnlineLearning.kernel_sampler_joint_law",
      "BanditRL.OnlineLearning.kernel_sampler_conditional_law",
      "BanditRL.OnlineLearning.causal_kernel_realization_and_expectedFixed_excess"
    ],
    "rejections": [],
    "compiled_scratch": "E:\\ABRL\\worktrees\\research-online-book\\Tests\\OnlineGuessingKernelCausalCanary.lean"
  }
}
