{
  "schema_version": 1,
  "mode": "shadow-read-only",
  "analyzed_at": "2026-10-08T17:19:00+00:00",
  "trials_path": "E:\\ABRL\\worktrees\\research-online-book\\runs\\online-kernel-causal-20261008\\accepted-scoped-trials-v1.jsonl",
  "trial_rows": 13,
  "status_counts": {
    "accepted": 1,
    "compiled": 6,
    "failed": 6
  },
  "inferred_frontier": {
    "selected_task": "ONLINE-KERNEL-CAUSAL-20261008",
    "selected_leaf": "ONLINE-KERNEL-CAUSAL-20261008",
    "source_status": "accepted",
    "last_accepted_verifier": {
      "trial_index": 12,
      "time": "2026-10-08T17:18:59+00:00",
      "task": "ONLINE-KERNEL-CAUSAL-20261008",
      "role": "reviewer",
      "kind": "review",
      "status": "accepted",
      "lean": "",
      "notes": "Task: `ONLINE-KERNEL-CAUSAL-20261008`\n\nFive derived behavioral-kernel proofs only: one sampler before all laws/horizons, actual finite causal recursion and same-process prefix consistency, derived joint law, AE conditional law and every-horizon IID expected-fixed excess/nonnegativity. Original16 Chapter1 source objects/null unknown proof total; arbitrary-protocol/filtration/private-state reduction and action-dependent adaptive environments are not covered. Other required source/information constructions, remaining Chapter1/2, unenumerated Chapters3-16 and necessary appendices remain REQUIRED; whole Goal ACTIVE, main/live unchanged. Five focused public bodies and13canary proofs;57standard-only axiom records,52selected nodes3106coalesced TYPE_VALUEedges22requireddirectVALUEpairs. Combined root9102/Tests9264/fullharness472tests7skips; both contributor bases and ownshadow passed. Applicable clean local site preserves10942complete old records plus17module nodes:5terminals,8context definitions,4private helpers.12original pixels inspected by formalizer/distinctFINAL. CONTRACT104/retrieval16/BODY350/EOF22/registry-repair13/FINAL separately bound; all failure logs retained. Reused distinct automated actors; no absolute-blind/human/external/runtime attestation. Native/post-native/delivery separately recorded.",
      "run_id": "online-kernel-causal-20261008"
    }
  },
  "memory_digest": {
    "path": "E:\\ABRL\\worktrees\\research-online-book\\runs\\online-kernel-causal-20261008\\memory-digest-accepted-v1.md",
    "task": "ONLINE-KERNEL-CAUSAL-20261008"
  },
  "recorded_frontier": {
    "schema_version": 1,
    "record_id": "frontier-0c86517778dbce1f",
    "updated_at": "2026-10-08T17:19:00+00:00",
    "root_objective": "Persistent Orabona Chapters1-16; five derived behavioral-kernel proofs only",
    "current_leaf": {
      "id": "ONLINE-KERNEL-CAUSAL-20261008",
      "kind": "review",
      "status": "accepted",
      "statement": "Five derived behavioral-kernel proofs only: one sampler before all laws/horizons, actual finite causal recursion and same-process prefix consistency, derived joint law, AE conditional law and every-horizon IID expected-fixed excess/nonnegativity.",
      "statement_hash": "81df78b7849006219ad6ccbb3c3ba96ac16692777a5337e58def36065f99e7b9",
      "declaration": "",
      "file": "E:\\ABRL\\worktrees\\research-online-book\\runs\\online-kernel-causal-20261008\\final-reader-review-v1.md",
      "source_status": "source-reviewed",
      "dependencies": [
        {
          "kind": "review",
          "name": "source-reader",
          "status": "accepted"
        },
        {
          "kind": "lean",
          "name": "BanditRL.OnlineLearning.kernel_sampler_family_exists",
          "status": "compiled"
        },
        {
          "kind": "lean",
          "name": "BanditRL.OnlineLearning.kernel_sampler_causal_process",
          "status": "compiled"
        },
        {
          "kind": "lean",
          "name": "BanditRL.OnlineLearning.kernel_sampler_joint_law",
          "status": "compiled"
        },
        {
          "kind": "lean",
          "name": "BanditRL.OnlineLearning.kernel_sampler_conditional_law",
          "status": "compiled"
        },
        {
          "kind": "lean",
          "name": "BanditRL.OnlineLearning.causal_kernel_realization_and_expectedFixed_excess",
          "status": "compiled"
        }
      ]
    },
    "dag": {
      "nodes": [
        {
          "id": "ONLINE-KERNEL-CAUSAL-20261008",
          "kind": "review",
          "status": "accepted",
          "dependencies": [
            {
              "kind": "review",
              "name": "source-reader",
              "status": "accepted"
            },
            {
              "kind": "lean",
              "name": "BanditRL.OnlineLearning.kernel_sampler_family_exists",
              "status": "compiled"
            },
            {
              "kind": "lean",
              "name": "BanditRL.OnlineLearning.kernel_sampler_causal_process",
              "status": "compiled"
            },
            {
              "kind": "lean",
              "name": "BanditRL.OnlineLearning.kernel_sampler_joint_law",
              "status": "compiled"
            },
            {
              "kind": "lean",
              "name": "BanditRL.OnlineLearning.kernel_sampler_conditional_law",
              "status": "compiled"
            },
            {
              "kind": "lean",
              "name": "BanditRL.OnlineLearning.causal_kernel_realization_and_expectedFixed_excess",
              "status": "compiled"
            }
          ],
          "dispatch_count": 0
        }
      ]
    },
    "last_accepted_verifier": {
      "trial_index": 12,
      "time": "2026-10-08T17:18:59+00:00",
      "task": "ONLINE-KERNEL-CAUSAL-20261008",
      "role": "reviewer",
      "kind": "review",
      "status": "accepted",
      "lean": "",
      "notes": "Task: `ONLINE-KERNEL-CAUSAL-20261008`\n\nFive derived behavioral-kernel proofs only: one sampler before all laws/horizons, actual finite causal recursion and same-process prefix consistency, derived joint law, AE conditional law and every-horizon IID expected-fixed excess/nonnegativity. Original16 Chapter1 source objects/null unknown proof total; arbitrary-protocol/filtration/private-state reduction and action-dependent adaptive environments are not covered. Other required source/information constructions, remaining Chapter1/2, unenumerated Chapters3-16 and necessary appendices remain REQUIRED; whole Goal ACTIVE, main/live unchanged. Five focused public bodies and13canary proofs;57standard-only axiom records,52selected nodes3106coalesced TYPE_VALUEedges22requireddirectVALUEpairs. Combined root9102/Tests9264/fullharness472tests7skips; both contributor bases and ownshadow passed. Applicable clean local site preserves10942complete old records plus17module nodes:5terminals,8context definitions,4private helpers.12original pixels inspected by formalizer/distinctFINAL. CONTRACT104/retrieval16/BODY350/EOF22/registry-repair13/FINAL separately bound; all failure logs retained. Reused distinct automated actors; no absolute-blind/human/external/runtime attestation. Native/post-native/delivery separately recorded.",
      "run_id": "online-kernel-causal-20261008"
    },
    "memory_policy": {
      "recent_role_relevant_limit": 5,
      "explicit_verified_lemma_ids": [],
      "whole_history_default": false
    },
    "shadow_gate": {
      "status": "pending",
      "analyzed_trial_rows": 13,
      "mismatches": [],
      "replay_transitions": 0
    },
    "mutation_policy": {
      "canonical_path_queue": true,
      "cross_process_lock": true,
      "same_file_serialized": true,
      "disjoint_files_parallel": true
    },
    "autonomous_execution": {
      "enabled": false,
      "requires_deterministic_gates": true,
      "requires_explicit_user_request": true
    }
  },
  "mismatches": [],
  "would_mutate": false
}
