{
  "time": "2026-10-08T17:18:59+00:00",
  "task": "ONLINE-KERNEL-CAUSAL-20261008",
  "role": "reviewer",
  "kind": "review",
  "status": "accepted",
  "notes": "Task: `ONLINE-KERNEL-CAUSAL-20261008`\n\nFive derived behavioral-kernel proofs only: one sampler before all laws/horizons, actual finite causal recursion and same-process prefix consistency, derived joint law, AE conditional law and every-horizon IID expected-fixed excess/nonnegativity. Original16 Chapter1 source objects/null unknown proof total; arbitrary-protocol/filtration/private-state reduction and action-dependent adaptive environments are not covered. Other required source/information constructions, remaining Chapter1/2, unenumerated Chapters3-16 and necessary appendices remain REQUIRED; whole Goal ACTIVE, main/live unchanged. Five focused public bodies and13canary proofs;57standard-only axiom records,52selected nodes3106coalesced TYPE_VALUEedges22requireddirectVALUEpairs. Combined root9102/Tests9264/fullharness472tests7skips; both contributor bases and ownshadow passed. Applicable clean local site preserves10942complete old records plus17module nodes:5terminals,8context definitions,4private helpers.12original pixels inspected by formalizer/distinctFINAL. CONTRACT104/retrieval16/BODY350/EOF22/registry-repair13/FINAL separately bound; all failure logs retained. Reused distinct automated actors; no absolute-blind/human/external/runtime attestation. Native/post-native/delivery separately recorded.",
  "lean": "",
  "source": "",
  "run_id": "online-kernel-causal-20261008",
  "changed_files": [],
  "statement_hash": "",
  "parent_id": "",
  "route_fingerprint": "",
  "verifier_evidence": [
    "E:\\ABRL\\worktrees\\research-online-book\\runs\\online-kernel-causal-20261008\\final-reader-receipt-v1.json"
  ],
  "harness": "hierarchical",
  "experiment_id": "",
  "target_fingerprint": "",
  "route_packet_hash": "",
  "attempt_id": "KERNEL-CAUSAL-FINAL-V1",
  "worker_id": "",
  "progress_class": "closed-frontier",
  "reviewer_validated": true,
  "obligations_before": 5,
  "obligations_after": 0,
  "new_declarations": [
    "BanditRL.OnlineLearning.kernel_sampler_family_exists",
    "BanditRL.OnlineLearning.kernel_sampler_causal_process",
    "BanditRL.OnlineLearning.kernel_sampler_joint_law",
    "BanditRL.OnlineLearning.kernel_sampler_conditional_law",
    "BanditRL.OnlineLearning.causal_kernel_realization_and_expectedFixed_excess"
  ],
  "reused_declarations": [],
  "dag_nodes": 0,
  "dag_depth": 0,
  "elapsed_seconds": 0.0,
  "lean_check_seconds": 0.0,
  "prompt_chars": 0,
  "input_tokens": 0,
  "output_tokens": 0,
  "error_signature": ""
}
