{
  "schema_version": 1,
  "entry_id": "entry-f020ca9bbe6a1a12",
  "session_id": "ONLINE-KERNEL-CAUSAL-20261008",
  "sequence": 15,
  "parent_id": "entry-be38cf4817075091",
  "event_type": "accepted",
  "created_at": "2026-10-08T17:19:00+00:00",
  "payload": {
    "run_id": "online-kernel-causal-20261008",
    "mathematical_contract_version": 1,
    "scope": "Five derived behavioral-kernel proofs only: one sampler before all laws/horizons, actual finite causal recursion and same-process prefix consistency, derived joint law, AE conditional law and every-horizon IID expected-fixed excess/nonnegativity.",
    "accepted_decision": "E:/ABRL/worktrees/research-online-book/runs/online-kernel-causal-20261008/accepted-decision-v1.json",
    "derived_obligations_before": 5,
    "derived_obligations_after": 0,
    "accepted_production_proofs": 5,
    "whole_source_items_closed": 0,
    "chapter_complete": false,
    "goal_complete": false,
    "merged": false,
    "live": false
  }
}
