{
  "id": "mem-8a13c67741f5ca91",
  "created_at": "2026-10-08T17:19:00+00:00",
  "type": "verified_lemma",
  "task": "ONLINE-KERNEL-CAUSAL-20261008",
  "provenance": {
    "kind": "source-reviewed-compiled-kernel-causal-producer",
    "reference": "E:\\ABRL\\worktrees\\research-online-book\\runs\\online-kernel-causal-20261008\\accepted-decision-v1.json"
  },
  "assumptions": [],
  "declaration": "",
  "file": "",
  "status": "accepted",
  "verifier_evidence": [
    "E:\\ABRL\\worktrees\\research-online-book\\runs\\online-kernel-causal-20261008\\final-reader-receipt-v1.json"
  ],
  "supersession": {
    "supersedes": [],
    "reason": ""
  },
  "roles": [
    "reviewer"
  ],
  "details": {
    "scope": "Five derived behavioral-kernel proofs only: one sampler before all laws/horizons, actual finite causal recursion and same-process prefix consistency, derived joint law, AE conditional law and every-horizon IID expected-fixed excess/nonnegativity.",
    "remaining_required": "Original16 Chapter1 source objects/null unknown proof total; arbitrary-protocol/filtration/private-state reduction and action-dependent adaptive environments are not covered. Other required source/information constructions, remaining Chapter1/2, unenumerated Chapters3-16 and necessary appendices remain REQUIRED; whole Goal ACTIVE, main/live unchanged.",
    "derived_obligations_before": 5,
    "derived_obligations_after": 0,
    "accepted_production_proofs": 5,
    "whole_source_items_closed": 0,
    "chapter_complete": false,
    "goal_complete": false,
    "merged": false,
    "live": false
  }
}
