runs/online-kernel-causal-20261008/candidate-full-diff-v1.log:2: trailing whitespace.
++  
runs/online-kernel-causal-20261008/candidate-full-diff-v1.log:4: trailing whitespace.
++    
runs/online-kernel-causal-20261008/candidate-full-diff-v1.log:6: trailing whitespace.
++  
runs/online-kernel-causal-20261008/candidate-full-diff-v1.log:8: trailing whitespace.
++    
runs/online-kernel-causal-20261008/candidate-full-diff-v1.log:10: trailing whitespace.
++  
runs/online-kernel-causal-20261008/candidate-full-diff-v1.log:12: trailing whitespace.
++    
runs/online-kernel-causal-20261008/candidate-full-diff-v1.log:14: trailing whitespace.
++  
runs/online-kernel-causal-20261008/candidate-full-diff-v1.log:16: trailing whitespace.
++    
runs/online-kernel-causal-20261008/candidate-full-diff-v1.log:18: trailing whitespace.
++  
runs/online-kernel-causal-20261008/candidate-full-diff-v1.log:20: trailing whitespace.
++    
runs/online-kernel-causal-20261008/candidate-full-diff-v1.log:22: trailing whitespace.
++  
runs/online-kernel-causal-20261008/candidate-full-diff-v1.log:24: trailing whitespace.
++    
runs/online-kernel-causal-20261008/candidate-full-diff-v1.log:26: trailing whitespace.
++  
runs/online-kernel-causal-20261008/candidate-full-diff-v1.log:28: trailing whitespace.
++    
runs/online-kernel-causal-20261008/candidate-full-diff-v1.log:30: trailing whitespace.
++  
runs/online-kernel-causal-20261008/candidate-full-diff-v1.log:32: trailing whitespace.
++    
runs/online-kernel-causal-20261008/candidate-full-diff-v1.log:34: trailing whitespace.
++  
runs/online-kernel-causal-20261008/candidate-full-diff-v1.log:36: trailing whitespace.
++    
runs/online-kernel-causal-20261008/candidate-full-diff-v1.log:38: trailing whitespace.
++  
runs/online-kernel-causal-20261008/candidate-full-diff-v1.log:40: trailing whitespace.
++    
runs/online-kernel-causal-20261008/candidate-full-diff-v1.log:42: trailing whitespace.
++  
runs/online-kernel-causal-20261008/candidate-full-diff-v1.log:44: trailing whitespace.
++    
runs/online-kernel-causal-20261008/candidate-full-diff-v1.log:46: trailing whitespace.
++  
runs/online-kernel-causal-20261008/candidate-full-diff-v1.log:48: trailing whitespace.
++    
runs/online-kernel-causal-20261008/candidate-full-diff-v1.log:50: trailing whitespace.
++  
runs/online-kernel-causal-20261008/candidate-full-diff-v1.log:52: trailing whitespace.
++    
runs/online-kernel-causal-20261008/candidate-full-diff-v1.log:54: trailing whitespace.
++  
runs/online-kernel-causal-20261008/candidate-full-diff-v1.log:56: trailing whitespace.
++    
runs/online-kernel-causal-20261008/candidate-full-diff-v1.log:58: trailing whitespace.
++  
runs/online-kernel-causal-20261008/candidate-full-diff-v1.log:60: trailing whitespace.
++    
runs/online-kernel-causal-20261008/candidate-full-diff-v1.log:62: trailing whitespace.
++  
runs/online-kernel-causal-20261008/candidate-full-diff-v1.log:64: trailing whitespace.
++    
runs/online-kernel-causal-20261008/candidate-full-diff-v1.log:66: trailing whitespace.
++  
runs/online-kernel-causal-20261008/candidate-full-diff-v1.log:68: trailing whitespace.
++    
runs/online-kernel-causal-20261008/candidate-full-diff-v1.log:70: trailing whitespace.
++  
runs/online-kernel-causal-20261008/candidate-full-diff-v1.log:72: trailing whitespace.
++    
runs/online-kernel-causal-20261008/candidate-full-diff-v1.log:74: trailing whitespace.
++  
runs/online-kernel-causal-20261008/candidate-full-diff-v1.log:76: trailing whitespace.
++    
runs/online-kernel-causal-20261008/candidate-full-diff-v1.log:78: trailing whitespace.
++  
runs/online-kernel-causal-20261008/candidate-full-diff-v1.log:80: trailing whitespace.
++    
runs/online-kernel-causal-20261008/candidate-full-diff-v1.log:82: trailing whitespace.
++  
runs/online-kernel-causal-20261008/candidate-full-diff-v1.log:84: trailing whitespace.
++    
runs/online-kernel-causal-20261008/candidate-full-diff-v1.log:86: trailing whitespace.
++  
runs/online-kernel-causal-20261008/candidate-full-diff-v1.log:88: trailing whitespace.
++    
runs/online-kernel-causal-20261008/candidate-full-diff-v1.log:90: trailing whitespace.
++  
runs/online-kernel-causal-20261008/candidate-full-diff-v1.log:92: trailing whitespace.
++    
runs/online-kernel-causal-20261008/candidate-full-diff-v1.log:94: trailing whitespace.
++  
runs/online-kernel-causal-20261008/candidate-full-diff-v1.log:96: trailing whitespace.
++    
runs/online-kernel-causal-20261008/candidate-full-diff-v1.log:98: trailing whitespace.
++  
runs/online-kernel-causal-20261008/candidate-full-diff-v1.log:100: trailing whitespace.
++    
runs/online-kernel-causal-20261008/candidate-full-diff-v1.log:102: trailing whitespace.
++  
runs/online-kernel-causal-20261008/candidate-full-diff-v1.log:104: trailing whitespace.
++    
runs/online-kernel-causal-20261008/candidate-full-diff-v1.log:106: trailing whitespace.
++  
runs/online-kernel-causal-20261008/candidate-full-diff-v1.log:108: trailing whitespace.
++    
runs/online-kernel-causal-20261008/candidate-full-diff-v1.log:110: trailing whitespace.
++  
runs/online-kernel-causal-20261008/candidate-full-diff-v1.log:112: trailing whitespace.
++    
runs/online-kernel-causal-20261008/candidate-full-diff-v1.log:114: trailing whitespace.
++  
runs/online-kernel-causal-20261008/candidate-full-diff-v1.log:116: trailing whitespace.
++    
runs/online-kernel-causal-20261008/candidate-full-diff-v1.log:118: trailing whitespace.
++  
runs/online-kernel-causal-20261008/candidate-full-diff-v1.log:120: trailing whitespace.
++    
runs/online-kernel-causal-20261008/candidate-full-diff-v1.log:122: trailing whitespace.
++  
runs/online-kernel-causal-20261008/candidate-full-diff-v1.log:124: trailing whitespace.
++    
runs/online-kernel-causal-20261008/candidate-full-diff-v1.log:126: trailing whitespace.
++  
runs/online-kernel-causal-20261008/candidate-full-diff-v1.log:128: trailing whitespace.
++    
runs/online-kernel-causal-20261008/candidate-full-diff-v1.log:130: trailing whitespace.
++  
runs/online-kernel-causal-20261008/candidate-full-diff-v1.log:132: trailing whitespace.
++    
runs/online-kernel-causal-20261008/candidate-full-diff-v1.log:134: trailing whitespace.
++  
runs/online-kernel-causal-20261008/candidate-full-diff-v1.log:136: trailing whitespace.
++    
runs/online-kernel-causal-20261008/candidate-full-diff-v2.log:2: trailing whitespace.
+++  
runs/online-kernel-causal-20261008/candidate-full-diff-v2.log:4: trailing whitespace.
+++    
runs/online-kernel-causal-20261008/candidate-full-diff-v2.log:6: trailing whitespace.
+++  
runs/online-kernel-causal-20261008/candidate-full-diff-v2.log:8: trailing whitespace.
+++    
runs/online-kernel-causal-20261008/candidate-full-diff-v2.log:10: trailing whitespace.
+++  
runs/online-kernel-causal-20261008/candidate-full-diff-v2.log:12: trailing whitespace.
+++    
runs/online-kernel-causal-20261008/candidate-full-diff-v2.log:14: trailing whitespace.
+++  
runs/online-kernel-causal-20261008/candidate-full-diff-v2.log:16: trailing whitespace.
+++    
runs/online-kernel-causal-20261008/candidate-full-diff-v2.log:18: trailing whitespace.
+++  
runs/online-kernel-causal-20261008/candidate-full-diff-v2.log:20: trailing whitespace.
+++    
runs/online-kernel-causal-20261008/candidate-full-diff-v2.log:22: trailing whitespace.
+++  
runs/online-kernel-causal-20261008/candidate-full-diff-v2.log:24: trailing whitespace.
+++    
runs/online-kernel-causal-20261008/candidate-full-diff-v2.log:26: trailing whitespace.
+++  
runs/online-kernel-causal-20261008/candidate-full-diff-v2.log:28: trailing whitespace.
+++    
runs/online-kernel-causal-20261008/candidate-full-diff-v2.log:30: trailing whitespace.
+++  
runs/online-kernel-causal-20261008/candidate-full-diff-v2.log:32: trailing whitespace.
+++    
runs/online-kernel-causal-20261008/candidate-full-diff-v2.log:34: trailing whitespace.
+++  
runs/online-kernel-causal-20261008/candidate-full-diff-v2.log:36: trailing whitespace.
+++    
runs/online-kernel-causal-20261008/candidate-full-diff-v2.log:38: trailing whitespace.
+++  
runs/online-kernel-causal-20261008/candidate-full-diff-v2.log:40: trailing whitespace.
+++    
runs/online-kernel-causal-20261008/candidate-full-diff-v2.log:42: trailing whitespace.
+++  
runs/online-kernel-causal-20261008/candidate-full-diff-v2.log:44: trailing whitespace.
+++    
runs/online-kernel-causal-20261008/candidate-full-diff-v2.log:46: trailing whitespace.
+++  
runs/online-kernel-causal-20261008/candidate-full-diff-v2.log:48: trailing whitespace.
+++    
runs/online-kernel-causal-20261008/candidate-full-diff-v2.log:50: trailing whitespace.
+++  
runs/online-kernel-causal-20261008/candidate-full-diff-v2.log:52: trailing whitespace.
+++    
runs/online-kernel-causal-20261008/candidate-full-diff-v2.log:54: trailing whitespace.
+++  
runs/online-kernel-causal-20261008/candidate-full-diff-v2.log:56: trailing whitespace.
+++    
runs/online-kernel-causal-20261008/candidate-full-diff-v2.log:58: trailing whitespace.
+++  
runs/online-kernel-causal-20261008/candidate-full-diff-v2.log:60: trailing whitespace.
+++    
runs/online-kernel-causal-20261008/candidate-full-diff-v2.log:62: trailing whitespace.
+++  
runs/online-kernel-causal-20261008/candidate-full-diff-v2.log:64: trailing whitespace.
+++    
runs/online-kernel-causal-20261008/candidate-full-diff-v2.log:66: trailing whitespace.
+++  
runs/online-kernel-causal-20261008/candidate-full-diff-v2.log:68: trailing whitespace.
+++    
runs/online-kernel-causal-20261008/candidate-full-diff-v2.log:70: trailing whitespace.
+++  
runs/online-kernel-causal-20261008/candidate-full-diff-v2.log:72: trailing whitespace.
+++    
runs/online-kernel-causal-20261008/candidate-full-diff-v2.log:74: trailing whitespace.
+++  
runs/online-kernel-causal-20261008/candidate-full-diff-v2.log:76: trailing whitespace.
+++    
runs/online-kernel-causal-20261008/candidate-full-diff-v2.log:78: trailing whitespace.
+++  
runs/online-kernel-causal-20261008/candidate-full-diff-v2.log:80: trailing whitespace.
+++    
runs/online-kernel-causal-20261008/candidate-full-diff-v2.log:82: trailing whitespace.
+++  
runs/online-kernel-causal-20261008/candidate-full-diff-v2.log:84: trailing whitespace.
+++    
runs/online-kernel-causal-20261008/candidate-full-diff-v2.log:86: trailing whitespace.
+++  
runs/online-kernel-causal-20261008/candidate-full-diff-v2.log:88: trailing whitespace.
+++    
runs/online-kernel-causal-20261008/candidate-full-diff-v2.log:90: trailing whitespace.
+++  
runs/online-kernel-causal-20261008/candidate-full-diff-v2.log:92: trailing whitespace.
+++    
runs/online-kernel-causal-20261008/candidate-full-diff-v2.log:94: trailing whitespace.
+++  
runs/online-kernel-causal-20261008/candidate-full-diff-v2.log:96: trailing whitespace.
+++    
runs/online-kernel-causal-20261008/candidate-full-diff-v2.log:98: trailing whitespace.
+++  
runs/online-kernel-causal-20261008/candidate-full-diff-v2.log:100: trailing whitespace.
+++    
runs/online-kernel-causal-20261008/candidate-full-diff-v2.log:102: trailing whitespace.
+++  
runs/online-kernel-causal-20261008/candidate-full-diff-v2.log:104: trailing whitespace.
+++    
runs/online-kernel-causal-20261008/candidate-full-diff-v2.log:106: trailing whitespace.
+++  
runs/online-kernel-causal-20261008/candidate-full-diff-v2.log:108: trailing whitespace.
+++    
runs/online-kernel-causal-20261008/candidate-full-diff-v2.log:110: trailing whitespace.
+++  
runs/online-kernel-causal-20261008/candidate-full-diff-v2.log:112: trailing whitespace.
+++    
runs/online-kernel-causal-20261008/candidate-full-diff-v2.log:114: trailing whitespace.
+++  
runs/online-kernel-causal-20261008/candidate-full-diff-v2.log:116: trailing whitespace.
+++    
runs/online-kernel-causal-20261008/candidate-full-diff-v2.log:118: trailing whitespace.
+++  
runs/online-kernel-causal-20261008/candidate-full-diff-v2.log:120: trailing whitespace.
+++    
runs/online-kernel-causal-20261008/candidate-full-diff-v2.log:122: trailing whitespace.
+++  
runs/online-kernel-causal-20261008/candidate-full-diff-v2.log:124: trailing whitespace.
+++    
runs/online-kernel-causal-20261008/candidate-full-diff-v2.log:126: trailing whitespace.
+++  
runs/online-kernel-causal-20261008/candidate-full-diff-v2.log:128: trailing whitespace.
+++    
runs/online-kernel-causal-20261008/candidate-full-diff-v2.log:130: trailing whitespace.
+++  
runs/online-kernel-causal-20261008/candidate-full-diff-v2.log:132: trailing whitespace.
+++    
runs/online-kernel-causal-20261008/candidate-full-diff-v2.log:134: trailing whitespace.
+++  
runs/online-kernel-causal-20261008/candidate-full-diff-v2.log:136: trailing whitespace.
+++    
runs/online-kernel-causal-20261008/candidate-full-diff-v2.log:138: trailing whitespace.
++  
runs/online-kernel-causal-20261008/candidate-full-diff-v2.log:140: trailing whitespace.
++    
runs/online-kernel-causal-20261008/candidate-full-diff-v2.log:142: trailing whitespace.
++  
runs/online-kernel-causal-20261008/candidate-full-diff-v2.log:144: trailing whitespace.
++    
runs/online-kernel-causal-20261008/candidate-full-diff-v2.log:146: trailing whitespace.
++  
runs/online-kernel-causal-20261008/candidate-full-diff-v2.log:148: trailing whitespace.
++    
runs/online-kernel-causal-20261008/candidate-full-diff-v2.log:150: trailing whitespace.
++  
runs/online-kernel-causal-20261008/candidate-full-diff-v2.log:152: trailing whitespace.
++    
runs/online-kernel-causal-20261008/candidate-full-diff-v2.log:154: trailing whitespace.
++  
runs/online-kernel-causal-20261008/candidate-full-diff-v2.log:156: trailing whitespace.
++    
runs/online-kernel-causal-20261008/candidate-full-diff-v2.log:158: trailing whitespace.
++  
runs/online-kernel-causal-20261008/candidate-full-diff-v2.log:160: trailing whitespace.
++    
runs/online-kernel-causal-20261008/candidate-full-diff-v2.log:162: trailing whitespace.
++  
runs/online-kernel-causal-20261008/candidate-full-diff-v2.log:164: trailing whitespace.
++    
runs/online-kernel-causal-20261008/candidate-full-diff-v2.log:166: trailing whitespace.
++  
runs/online-kernel-causal-20261008/candidate-full-diff-v2.log:168: trailing whitespace.
++    
runs/online-kernel-causal-20261008/candidate-full-diff-v2.log:170: trailing whitespace.
++  
runs/online-kernel-causal-20261008/candidate-full-diff-v2.log:172: trailing whitespace.
++    
runs/online-kernel-causal-20261008/candidate-full-diff-v2.log:174: trailing whitespace.
++  
runs/online-kernel-causal-20261008/candidate-full-diff-v2.log:176: trailing whitespace.
++    
runs/online-kernel-causal-20261008/candidate-full-diff-v2.log:178: trailing whitespace.
++  
runs/online-kernel-causal-20261008/candidate-full-diff-v2.log:180: trailing whitespace.
++    
runs/online-kernel-causal-20261008/candidate-full-diff-v2.log:182: trailing whitespace.
++  
runs/online-kernel-causal-20261008/candidate-full-diff-v2.log:184: trailing whitespace.
++    
runs/online-kernel-causal-20261008/candidate-full-diff-v2.log:186: trailing whitespace.
++  
runs/online-kernel-causal-20261008/candidate-full-diff-v2.log:188: trailing whitespace.
++    
runs/online-kernel-causal-20261008/candidate-full-diff-v2.log:190: trailing whitespace.
++  
runs/online-kernel-causal-20261008/candidate-full-diff-v2.log:192: trailing whitespace.
++    
runs/online-kernel-causal-20261008/candidate-full-diff-v2.log:194: trailing whitespace.
++  
runs/online-kernel-causal-20261008/candidate-full-diff-v2.log:196: trailing whitespace.
++    
runs/online-kernel-causal-20261008/candidate-full-diff-v2.log:198: trailing whitespace.
++  
runs/online-kernel-causal-20261008/candidate-full-diff-v2.log:200: trailing whitespace.
++    
runs/online-kernel-causal-20261008/candidate-full-diff-v2.log:202: trailing whitespace.
++  
runs/online-kernel-causal-20261008/candidate-full-diff-v2.log:204: trailing whitespace.
++    
runs/online-kernel-causal-20261008/candidate-full-diff-v2.log:206: trailing whitespace.
++  
runs/online-kernel-causal-20261008/candidate-full-diff-v2.log:208: trailing whitespace.
++    
runs/online-kernel-causal-20261008/candidate-full-diff-v2.log:210: trailing whitespace.
++  
runs/online-kernel-causal-20261008/candidate-full-diff-v2.log:212: trailing whitespace.
++    
runs/online-kernel-causal-20261008/candidate-full-diff-v2.log:214: trailing whitespace.
++  
runs/online-kernel-causal-20261008/candidate-full-diff-v2.log:216: trailing whitespace.
++    
runs/online-kernel-causal-20261008/candidate-full-diff-v2.log:218: trailing whitespace.
++  
runs/online-kernel-causal-20261008/candidate-full-diff-v2.log:220: trailing whitespace.
++    
runs/online-kernel-causal-20261008/candidate-full-diff-v2.log:222: trailing whitespace.
++  
runs/online-kernel-causal-20261008/candidate-full-diff-v2.log:224: trailing whitespace.
++    
runs/online-kernel-causal-20261008/candidate-full-diff-v2.log:226: trailing whitespace.
++  
runs/online-kernel-causal-20261008/candidate-full-diff-v2.log:228: trailing whitespace.
++    
runs/online-kernel-causal-20261008/candidate-full-diff-v2.log:230: trailing whitespace.
++  
runs/online-kernel-causal-20261008/candidate-full-diff-v2.log:232: trailing whitespace.
++    
runs/online-kernel-causal-20261008/candidate-full-diff-v2.log:234: trailing whitespace.
++  
runs/online-kernel-causal-20261008/candidate-full-diff-v2.log:236: trailing whitespace.
++    
runs/online-kernel-causal-20261008/candidate-full-diff-v2.log:238: trailing whitespace.
++  
runs/online-kernel-causal-20261008/candidate-full-diff-v2.log:240: trailing whitespace.
++    
runs/online-kernel-causal-20261008/candidate-full-diff-v2.log:242: trailing whitespace.
++  
runs/online-kernel-causal-20261008/candidate-full-diff-v2.log:244: trailing whitespace.
++    
runs/online-kernel-causal-20261008/candidate-full-diff-v2.log:246: trailing whitespace.
++  
runs/online-kernel-causal-20261008/candidate-full-diff-v2.log:248: trailing whitespace.
++    
runs/online-kernel-causal-20261008/candidate-full-diff-v2.log:250: trailing whitespace.
++  
runs/online-kernel-causal-20261008/candidate-full-diff-v2.log:252: trailing whitespace.
++    
runs/online-kernel-causal-20261008/candidate-full-diff-v2.log:254: trailing whitespace.
++  
runs/online-kernel-causal-20261008/candidate-full-diff-v2.log:256: trailing whitespace.
++    
runs/online-kernel-causal-20261008/candidate-full-diff-v2.log:258: trailing whitespace.
++  
runs/online-kernel-causal-20261008/candidate-full-diff-v2.log:260: trailing whitespace.
++    
runs/online-kernel-causal-20261008/candidate-full-diff-v2.log:262: trailing whitespace.
++  
runs/online-kernel-causal-20261008/candidate-full-diff-v2.log:264: trailing whitespace.
++    
runs/online-kernel-causal-20261008/candidate-full-diff-v2.log:266: trailing whitespace.
++  
runs/online-kernel-causal-20261008/candidate-full-diff-v2.log:268: trailing whitespace.
++    
runs/online-kernel-causal-20261008/candidate-full-diff-v2.log:270: trailing whitespace.
++  
runs/online-kernel-causal-20261008/candidate-full-diff-v2.log:272: trailing whitespace.
++    
runs/online-kernel-causal-20261008/combined-Tests-build-v1.log:1310: trailing whitespace.
+  
runs/online-kernel-causal-20261008/combined-Tests-build-v1.log:1312: trailing whitespace.
+    
runs/online-kernel-causal-20261008/combined-Tests-build-v1.log:1317: trailing whitespace.
+  
runs/online-kernel-causal-20261008/combined-Tests-build-v1.log:1319: trailing whitespace.
+    
runs/online-kernel-causal-20261008/combined-Tests-build-v1.log:1480: trailing whitespace.
+  
runs/online-kernel-causal-20261008/combined-Tests-build-v1.log:1482: trailing whitespace.
+    
runs/online-kernel-causal-20261008/combined-Tests-build-v1.log:1631: trailing whitespace.
+  
runs/online-kernel-causal-20261008/combined-Tests-build-v1.log:1633: trailing whitespace.
+    
runs/online-kernel-causal-20261008/combined-Tests-build-v1.log:1802: trailing whitespace.
+  
runs/online-kernel-causal-20261008/combined-Tests-build-v1.log:1804: trailing whitespace.
+    
runs/online-kernel-causal-20261008/combined-Tests-build-v1.log:1844: trailing whitespace.
+  
runs/online-kernel-causal-20261008/combined-Tests-build-v1.log:1846: trailing whitespace.
+    
runs/online-kernel-causal-20261008/combined-Tests-build-v1.log:2339: trailing whitespace.
+  
runs/online-kernel-causal-20261008/combined-Tests-build-v1.log:2341: trailing whitespace.
+    
runs/online-kernel-causal-20261008/combined-Tests-build-v1.log:2390: trailing whitespace.
+  
runs/online-kernel-causal-20261008/combined-Tests-build-v1.log:2392: trailing whitespace.
+    
runs/online-kernel-causal-20261008/combined-Tests-build-v1.log:6828: trailing whitespace.
+  
runs/online-kernel-causal-20261008/combined-Tests-build-v1.log:6830: trailing whitespace.
+    
runs/online-kernel-causal-20261008/combined-full-harness-v1.log:513: trailing whitespace.
+  
runs/online-kernel-causal-20261008/combined-full-harness-v1.log:515: trailing whitespace.
+    
runs/online-kernel-causal-20261008/combined-full-harness-v1.log:848: trailing whitespace.
+  
runs/online-kernel-causal-20261008/combined-full-harness-v1.log:850: trailing whitespace.
+    
runs/online-kernel-causal-20261008/combined-full-harness-v1.log:1099: trailing whitespace.
+  
runs/online-kernel-causal-20261008/combined-full-harness-v1.log:1101: trailing whitespace.
+    
runs/online-kernel-causal-20261008/combined-full-harness-v1.log:1141: trailing whitespace.
+  
runs/online-kernel-causal-20261008/combined-full-harness-v1.log:1143: trailing whitespace.
+    
runs/online-kernel-causal-20261008/combined-full-harness-v1.log:1662: trailing whitespace.
+  
runs/online-kernel-causal-20261008/combined-full-harness-v1.log:1664: trailing whitespace.
+    
runs/online-kernel-causal-20261008/combined-full-harness-v1.log:1714: trailing whitespace.
+  
runs/online-kernel-causal-20261008/combined-full-harness-v1.log:1716: trailing whitespace.
+    
runs/online-kernel-causal-20261008/combined-full-harness-v1.log:1749: trailing whitespace.
+  
runs/online-kernel-causal-20261008/combined-full-harness-v1.log:1751: trailing whitespace.
+    
runs/online-kernel-causal-20261008/combined-full-harness-v1.log:1800: trailing whitespace.
+  
runs/online-kernel-causal-20261008/combined-full-harness-v1.log:1802: trailing whitespace.
+    
runs/online-kernel-causal-20261008/combined-full-harness-v1.log:3670: trailing whitespace.
+  
runs/online-kernel-causal-20261008/combined-full-harness-v1.log:3672: trailing whitespace.
+    
runs/online-kernel-causal-20261008/combined-full-harness-v1.log:3677: trailing whitespace.
+  
runs/online-kernel-causal-20261008/combined-full-harness-v1.log:3679: trailing whitespace.
+    
runs/online-kernel-causal-20261008/combined-full-harness-v1.log:3840: trailing whitespace.
+  
runs/online-kernel-causal-20261008/combined-full-harness-v1.log:3842: trailing whitespace.
+    
runs/online-kernel-causal-20261008/combined-full-harness-v1.log:3991: trailing whitespace.
+  
runs/online-kernel-causal-20261008/combined-full-harness-v1.log:3993: trailing whitespace.
+    
runs/online-kernel-causal-20261008/combined-full-harness-v1.log:4162: trailing whitespace.
+  
runs/online-kernel-causal-20261008/combined-full-harness-v1.log:4164: trailing whitespace.
+    
runs/online-kernel-causal-20261008/combined-full-harness-v1.log:4204: trailing whitespace.
+  
runs/online-kernel-causal-20261008/combined-full-harness-v1.log:4206: trailing whitespace.
+    
runs/online-kernel-causal-20261008/combined-full-harness-v1.log:4699: trailing whitespace.
+  
runs/online-kernel-causal-20261008/combined-full-harness-v1.log:4701: trailing whitespace.
+    
runs/online-kernel-causal-20261008/combined-full-harness-v1.log:4750: trailing whitespace.
+  
runs/online-kernel-causal-20261008/combined-full-harness-v1.log:4752: trailing whitespace.
+    
runs/online-kernel-causal-20261008/combined-full-harness-v1.log:9188: trailing whitespace.
+  
runs/online-kernel-causal-20261008/combined-full-harness-v1.log:9190: trailing whitespace.
+    
runs/online-kernel-causal-20261008/combined-root-build-v1.log:686: trailing whitespace.
+  
runs/online-kernel-causal-20261008/combined-root-build-v1.log:688: trailing whitespace.
+    
runs/online-kernel-causal-20261008/combined-root-build-v1.log:837: trailing whitespace.
+  
runs/online-kernel-causal-20261008/combined-root-build-v1.log:839: trailing whitespace.
+    
runs/online-kernel-causal-20261008/combined-root-build-v1.log:1098: trailing whitespace.
+  
runs/online-kernel-causal-20261008/combined-root-build-v1.log:1100: trailing whitespace.
+    
runs/online-kernel-causal-20261008/combined-root-build-v1.log:1140: trailing whitespace.
+  
runs/online-kernel-causal-20261008/combined-root-build-v1.log:1142: trailing whitespace.
+    
runs/online-kernel-causal-20261008/combined-root-build-v1.log:1691: trailing whitespace.
+  
runs/online-kernel-causal-20261008/combined-root-build-v1.log:1693: trailing whitespace.
+    
runs/online-kernel-causal-20261008/combined-root-build-v1.log:1698: trailing whitespace.
+  
runs/online-kernel-causal-20261008/combined-root-build-v1.log:1700: trailing whitespace.
+    
runs/online-kernel-causal-20261008/combined-root-build-v1.log:1748: trailing whitespace.
+  
runs/online-kernel-causal-20261008/combined-root-build-v1.log:1750: trailing whitespace.
+    
runs/online-kernel-causal-20261008/combined-root-build-v1.log:1799: trailing whitespace.
+  
runs/online-kernel-causal-20261008/combined-root-build-v1.log:1801: trailing whitespace.
+    
runs/online-kernel-causal-20261008/commit-helper-before-eof-v1.py.raw:32: new blank line at EOF.
runs/online-kernel-causal-20261008/helper-eof-original-v1.py.raw:33: new blank line at EOF.
