{
  "time": "2026-10-08T16:34:29+00:00",
  "task": "ONLINE-KERNEL-CAUSAL-20261008",
  "role": "lower",
  "kind": "attempt",
  "status": "compiled",
  "notes": "Repeated canary errors audited against frozen math and actual pinned API: only two total-mass 4/4=1 goals remained; separate div_self probe compiled. Explicit nonzero/finite conditions, no target weakening or production change. Prior failures retained; source/body and combined gates pending.",
  "lean": "Tests/OnlineGuessingKernelCausalCanary.lean",
  "source": "",
  "run_id": "online-kernel-causal-20261008",
  "changed_files": [],
  "statement_hash": "",
  "parent_id": "",
  "route_fingerprint": "",
  "verifier_evidence": [],
  "harness": "",
  "experiment_id": "",
  "target_fingerprint": "",
  "route_packet_hash": "",
  "attempt_id": "",
  "worker_id": "",
  "progress_class": "compiled-leaf",
  "reviewer_validated": false,
  "obligations_before": 5,
  "obligations_after": 5,
  "new_declarations": [],
  "reused_declarations": [],
  "dag_nodes": 0,
  "dag_depth": 0,
  "elapsed_seconds": 0.0,
  "lean_check_seconds": 0.0,
  "prompt_chars": 0,
  "input_tokens": 0,
  "output_tokens": 0,
  "error_signature": ""
}
