{
  "time": "2026-10-08T16:28:42+00:00",
  "task": "ONLINE-KERNEL-CAUSAL-20261008",
  "role": "lower",
  "kind": "attempt",
  "status": "failed",
  "notes": "Frozen stochastic binary kernel canary, actual generated action and observation feedback, all five public endpoints with one selected family, same-process all-T T/4 excess and positive target variance. Focused Test build only; source review and combined gates pending.",
  "lean": "Tests/OnlineGuessingKernelCausalCanary.lean",
  "source": "",
  "run_id": "online-kernel-causal-20261008",
  "changed_files": [],
  "statement_hash": "",
  "parent_id": "",
  "route_fingerprint": "",
  "verifier_evidence": [],
  "harness": "",
  "experiment_id": "",
  "target_fingerprint": "",
  "route_packet_hash": "",
  "attempt_id": "",
  "worker_id": "",
  "progress_class": "diagnostic",
  "reviewer_validated": false,
  "obligations_before": 5,
  "obligations_after": 5,
  "new_declarations": [],
  "reused_declarations": [],
  "dag_nodes": 0,
  "dag_depth": 0,
  "elapsed_seconds": 0.0,
  "lean_check_seconds": 0.0,
  "prompt_chars": 0,
  "input_tokens": 0,
  "output_tokens": 0,
  "error_signature": ""
}
