runs/online-kernel-causal-20261008/combined-Tests-build-v1.log:1310: trailing whitespace.
+  
runs/online-kernel-causal-20261008/combined-Tests-build-v1.log:1312: trailing whitespace.
+    
runs/online-kernel-causal-20261008/combined-Tests-build-v1.log:1317: trailing whitespace.
+  
runs/online-kernel-causal-20261008/combined-Tests-build-v1.log:1319: trailing whitespace.
+    
runs/online-kernel-causal-20261008/combined-Tests-build-v1.log:1480: trailing whitespace.
+  
runs/online-kernel-causal-20261008/combined-Tests-build-v1.log:1482: trailing whitespace.
+    
runs/online-kernel-causal-20261008/combined-Tests-build-v1.log:1631: trailing whitespace.
+  
runs/online-kernel-causal-20261008/combined-Tests-build-v1.log:1633: trailing whitespace.
+    
runs/online-kernel-causal-20261008/combined-Tests-build-v1.log:1802: trailing whitespace.
+  
runs/online-kernel-causal-20261008/combined-Tests-build-v1.log:1804: trailing whitespace.
+    
runs/online-kernel-causal-20261008/combined-Tests-build-v1.log:1844: trailing whitespace.
+  
runs/online-kernel-causal-20261008/combined-Tests-build-v1.log:1846: trailing whitespace.
+    
runs/online-kernel-causal-20261008/combined-Tests-build-v1.log:2339: trailing whitespace.
+  
runs/online-kernel-causal-20261008/combined-Tests-build-v1.log:2341: trailing whitespace.
+    
runs/online-kernel-causal-20261008/combined-Tests-build-v1.log:2390: trailing whitespace.
+  
runs/online-kernel-causal-20261008/combined-Tests-build-v1.log:2392: trailing whitespace.
+    
runs/online-kernel-causal-20261008/combined-Tests-build-v1.log:6828: trailing whitespace.
+  
runs/online-kernel-causal-20261008/combined-Tests-build-v1.log:6830: trailing whitespace.
+    
runs/online-kernel-causal-20261008/combined-full-harness-v1.log:513: trailing whitespace.
+  
runs/online-kernel-causal-20261008/combined-full-harness-v1.log:515: trailing whitespace.
+    
runs/online-kernel-causal-20261008/combined-full-harness-v1.log:848: trailing whitespace.
+  
runs/online-kernel-causal-20261008/combined-full-harness-v1.log:850: trailing whitespace.
+    
runs/online-kernel-causal-20261008/combined-full-harness-v1.log:1099: trailing whitespace.
+  
runs/online-kernel-causal-20261008/combined-full-harness-v1.log:1101: trailing whitespace.
+    
runs/online-kernel-causal-20261008/combined-full-harness-v1.log:1141: trailing whitespace.
+  
runs/online-kernel-causal-20261008/combined-full-harness-v1.log:1143: trailing whitespace.
+    
runs/online-kernel-causal-20261008/combined-full-harness-v1.log:1662: trailing whitespace.
+  
runs/online-kernel-causal-20261008/combined-full-harness-v1.log:1664: trailing whitespace.
+    
runs/online-kernel-causal-20261008/combined-full-harness-v1.log:1714: trailing whitespace.
+  
runs/online-kernel-causal-20261008/combined-full-harness-v1.log:1716: trailing whitespace.
+    
runs/online-kernel-causal-20261008/combined-full-harness-v1.log:1749: trailing whitespace.
+  
runs/online-kernel-causal-20261008/combined-full-harness-v1.log:1751: trailing whitespace.
+    
runs/online-kernel-causal-20261008/combined-full-harness-v1.log:1800: trailing whitespace.
+  
runs/online-kernel-causal-20261008/combined-full-harness-v1.log:1802: trailing whitespace.
+    
runs/online-kernel-causal-20261008/combined-full-harness-v1.log:3670: trailing whitespace.
+  
runs/online-kernel-causal-20261008/combined-full-harness-v1.log:3672: trailing whitespace.
+    
runs/online-kernel-causal-20261008/combined-full-harness-v1.log:3677: trailing whitespace.
+  
runs/online-kernel-causal-20261008/combined-full-harness-v1.log:3679: trailing whitespace.
+    
runs/online-kernel-causal-20261008/combined-full-harness-v1.log:3840: trailing whitespace.
+  
runs/online-kernel-causal-20261008/combined-full-harness-v1.log:3842: trailing whitespace.
+    
runs/online-kernel-causal-20261008/combined-full-harness-v1.log:3991: trailing whitespace.
+  
runs/online-kernel-causal-20261008/combined-full-harness-v1.log:3993: trailing whitespace.
+    
runs/online-kernel-causal-20261008/combined-full-harness-v1.log:4162: trailing whitespace.
+  
runs/online-kernel-causal-20261008/combined-full-harness-v1.log:4164: trailing whitespace.
+    
runs/online-kernel-causal-20261008/combined-full-harness-v1.log:4204: trailing whitespace.
+  
runs/online-kernel-causal-20261008/combined-full-harness-v1.log:4206: trailing whitespace.
+    
runs/online-kernel-causal-20261008/combined-full-harness-v1.log:4699: trailing whitespace.
+  
runs/online-kernel-causal-20261008/combined-full-harness-v1.log:4701: trailing whitespace.
+    
runs/online-kernel-causal-20261008/combined-full-harness-v1.log:4750: trailing whitespace.
+  
runs/online-kernel-causal-20261008/combined-full-harness-v1.log:4752: trailing whitespace.
+    
runs/online-kernel-causal-20261008/combined-full-harness-v1.log:9188: trailing whitespace.
+  
runs/online-kernel-causal-20261008/combined-full-harness-v1.log:9190: trailing whitespace.
+    
runs/online-kernel-causal-20261008/combined-root-build-v1.log:686: trailing whitespace.
+  
runs/online-kernel-causal-20261008/combined-root-build-v1.log:688: trailing whitespace.
+    
runs/online-kernel-causal-20261008/combined-root-build-v1.log:837: trailing whitespace.
+  
runs/online-kernel-causal-20261008/combined-root-build-v1.log:839: trailing whitespace.
+    
runs/online-kernel-causal-20261008/combined-root-build-v1.log:1098: trailing whitespace.
+  
runs/online-kernel-causal-20261008/combined-root-build-v1.log:1100: trailing whitespace.
+    
runs/online-kernel-causal-20261008/combined-root-build-v1.log:1140: trailing whitespace.
+  
runs/online-kernel-causal-20261008/combined-root-build-v1.log:1142: trailing whitespace.
+    
runs/online-kernel-causal-20261008/combined-root-build-v1.log:1691: trailing whitespace.
+  
runs/online-kernel-causal-20261008/combined-root-build-v1.log:1693: trailing whitespace.
+    
runs/online-kernel-causal-20261008/combined-root-build-v1.log:1698: trailing whitespace.
+  
runs/online-kernel-causal-20261008/combined-root-build-v1.log:1700: trailing whitespace.
+    
runs/online-kernel-causal-20261008/combined-root-build-v1.log:1748: trailing whitespace.
+  
runs/online-kernel-causal-20261008/combined-root-build-v1.log:1750: trailing whitespace.
+    
runs/online-kernel-causal-20261008/combined-root-build-v1.log:1799: trailing whitespace.
+  
runs/online-kernel-causal-20261008/combined-root-build-v1.log:1801: trailing whitespace.
+    
runs/online-kernel-causal-20261008/commit_owned_v1.py:32: new blank line at EOF.
runs/online-kernel-causal-20261008/common_canary_v1.py:33: new blank line at EOF.
