{
  "schema_version": 1,
  "entry_id": "entry-be38cf4817075091",
  "session_id": "ONLINE-KERNEL-CAUSAL-20261008",
  "sequence": 14,
  "parent_id": "entry-b5282050f2845c48",
  "event_type": "candidate",
  "created_at": "2026-10-08T16:39:10+00:00",
  "payload": {
    "run_id": "online-kernel-causal-20261008",
    "contract_version": 2,
    "actual_bodies": 5,
    "actual_canary_proofs": 13,
    "public_sha256": "e4e207c116caf5e92ba5cb22d65289207bba0f19c0277999eee5caa5fb1708d0",
    "canary_sha256": "6b123e347fec544e158f58f627b28838dbbd02bd55273839671364ea20c087c8",
    "accepted_obligations": 0,
    "pending": 5,
    "source_body_combined_reader_final_pending": true,
    "chapter_complete": false,
    "goal_complete": false
  }
}
