{
  "time": "2026-10-08T16:22:32+00:00",
  "task": "ONLINE-KERNEL-CAUSAL-20261008",
  "role": "lower",
  "kind": "attempt",
  "status": "failed",
  "notes": "One law/horizon-independent sampler family realizes actual causal joint/conditional laws. IID observation assumptions lifted to same product law; concrete history policy instantiates existing expected-fixed excess producer for all natural horizons including zero. No assumed prediction-current independence or performance bound. Nondegenerate canary/body review/full gates remain.",
  "lean": "BanditRLProof/OnlineGuessingKernelCausal.lean",
  "source": "",
  "run_id": "online-kernel-causal-20261008",
  "changed_files": [],
  "statement_hash": "376138ab1ad5ebbd2c83a48200d8f893c386e23e1d0f8d358b05bac922a9e02d",
  "parent_id": "",
  "route_fingerprint": "",
  "verifier_evidence": [],
  "harness": "",
  "experiment_id": "",
  "target_fingerprint": "",
  "route_packet_hash": "",
  "attempt_id": "",
  "worker_id": "",
  "progress_class": "diagnostic",
  "reviewer_validated": false,
  "obligations_before": 5,
  "obligations_after": 5,
  "new_declarations": [],
  "reused_declarations": [],
  "dag_nodes": 0,
  "dag_depth": 0,
  "elapsed_seconds": 0.0,
  "lean_check_seconds": 0.0,
  "prompt_chars": 0,
  "input_tokens": 0,
  "output_tokens": 0,
  "error_signature": ""
}
