{
  "time": "2026-10-08T16:20:13+00:00",
  "task": "ONLINE-KERNEL-CAUSAL-20261008",
  "role": "lower",
  "kind": "attempt",
  "status": "compiled",
  "notes": "K3 derives fresh-draw independence and actual-history/current-prediction joint kernel law from infinite product law. Normalize composition expressions; v1 failure retained. Conditional law and final performance terminal still pending.",
  "lean": "BanditRLProof/OnlineGuessingKernelCausal.lean",
  "source": "",
  "run_id": "online-kernel-causal-20261008",
  "changed_files": [],
  "statement_hash": "bef7e1c4a65f053dd9b72482adb5202747c54da455f85c980cf44f2b05c9f725",
  "parent_id": "",
  "route_fingerprint": "",
  "verifier_evidence": [],
  "harness": "",
  "experiment_id": "",
  "target_fingerprint": "",
  "route_packet_hash": "",
  "attempt_id": "",
  "worker_id": "",
  "progress_class": "compiled-leaf",
  "reviewer_validated": false,
  "obligations_before": 5,
  "obligations_after": 5,
  "new_declarations": [],
  "reused_declarations": [],
  "dag_nodes": 0,
  "dag_depth": 0,
  "elapsed_seconds": 0.0,
  "lean_check_seconds": 0.0,
  "prompt_chars": 0,
  "input_tokens": 0,
  "output_tokens": 0,
  "error_signature": ""
}
