{
  "time": "2026-10-08T16:21:07+00:00",
  "task": "ONLINE-KERNEL-CAUSAL-20261008",
  "role": "lower",
  "kind": "attempt",
  "status": "compiled",
  "notes": "Conditional law follows from actual K3 joint law and AE uniqueness of condDistrib; equality only under actual generated-history marginal. Frozen context and all preceding bodies retained; final same-process performance terminal and package gates pending.",
  "lean": "BanditRLProof/OnlineGuessingKernelCausal.lean",
  "source": "",
  "run_id": "online-kernel-causal-20261008",
  "changed_files": [],
  "statement_hash": "098ae1ceebcaceecf137157e06a2237a8197b5c909b0b26e75b90a77cf34bbb5",
  "parent_id": "",
  "route_fingerprint": "",
  "verifier_evidence": [],
  "harness": "",
  "experiment_id": "",
  "target_fingerprint": "",
  "route_packet_hash": "",
  "attempt_id": "",
  "worker_id": "",
  "progress_class": "compiled-leaf",
  "reviewer_validated": false,
  "obligations_before": 5,
  "obligations_after": 5,
  "new_declarations": [],
  "reused_declarations": [],
  "dag_nodes": 0,
  "dag_depth": 0,
  "elapsed_seconds": 0.0,
  "lean_check_seconds": 0.0,
  "prompt_chars": 0,
  "input_tokens": 0,
  "output_tokens": 0,
  "error_signature": ""
}
