{
  "time": "2026-10-08T16:12:05+00:00",
  "task": "ONLINE-KERNEL-CAUSAL-20261008",
  "role": "lower",
  "kind": "attempt",
  "status": "compiled",
  "notes": "K2 same frozen terminal/algorithm, explicit finite-prefix restriction map fixes composition elaboration. Measurability/prefix coherence/nonanticipation proof; retained v1 failure. Joint-law terminal and package gates pending.",
  "lean": "BanditRLProof/OnlineGuessingKernelCausal.lean",
  "source": "",
  "run_id": "online-kernel-causal-20261008",
  "changed_files": [],
  "statement_hash": "53418547fd45271f47e79e699404339bcbe652ad8f9bdfa3427c202f28d11a7f",
  "parent_id": "",
  "route_fingerprint": "",
  "verifier_evidence": [],
  "harness": "",
  "experiment_id": "",
  "target_fingerprint": "",
  "route_packet_hash": "",
  "attempt_id": "",
  "worker_id": "",
  "progress_class": "compiled-leaf",
  "reviewer_validated": false,
  "obligations_before": 5,
  "obligations_after": 5,
  "new_declarations": [],
  "reused_declarations": [],
  "dag_nodes": 0,
  "dag_depth": 0,
  "elapsed_seconds": 0.0,
  "lean_check_seconds": 0.0,
  "prompt_chars": 0,
  "input_tokens": 0,
  "output_tokens": 0,
  "error_signature": ""
}
