⚠ [3327/3454] Replayed BanditRLProof.OnlineLearningFTL
warning: BanditRLProof/OnlineLearningFTL.lean:81:41: unused variable `hT`

Note: This linter can be disabled with `set_option linter.unusedVariables false`
⚠ [3371/3454] Replayed BanditRLProof.OnlineLearningHistory
warning: BanditRLProof/OnlineLearningHistory.lean:46:6: 'ring' tactic does nothing

Note: This linter can be disabled with `set_option linter.unusedTactic false`
warning: BanditRLProof/OnlineLearningHistory.lean:46:6: this tactic is never executed

Note: This linter can be disabled with `set_option linter.unreachableTactic false`
⚠ [3372/3454] Replayed BanditRLProof.OnlineGuessingIIDBenchmark
warning: BanditRLProof/OnlineGuessingIIDBenchmark.lean:38:8: This simp argument is unused:
  Finset.sum_add_distrib

Hint: Omit it from the simp argument list.
  simp ̵[̵F̵i̵n̵s̵e̵t̵.̵s̵u̵m̵_̵a̵d̵d̵_̵d̵i̵s̵t̵r̵i̵b̵]̵

Note: This linter can be disabled with `set_option linter.unusedSimpArgs false`
warning: BanditRLProof/OnlineGuessingIIDBenchmark.lean:185:5: unused variable `hind`

Note: This linter can be disabled with `set_option linter.unusedVariables false`
warning: BanditRLProof/OnlineGuessingIIDBenchmark.lean:187:5: unused variable `hp`

Note: This linter can be disabled with `set_option linter.unusedVariables false`
warning: BanditRLProof/OnlineGuessingIIDBenchmark.lean:188:5: unused variable `hpb`

Note: This linter can be disabled with `set_option linter.unusedVariables false`
⚠ [3373/3454] Replayed BanditRLProof.OnlineGuessingRandomizedIID
warning: BanditRLProof/OnlineGuessingRandomizedIID.lean:8:0: Definition `BanditRL.OnlineLearning.privateSeedPastInformation` of class type must be marked with `@[reducible]` or `@[implicit_reducible]`
✖ [3454/3454] Building BanditRLProof.OnlineGuessingKernelCausal (10s)
trace: .> LEAN_PATH=E:\ABRL\research\.lake\packages\Cli\.lake\build\lib\lean;E:\ABRL\research\.lake\packages\batteries\.lake\build\lib\lean;E:\ABRL\research\.lake\packages\Qq\.lake\build\lib\lean;E:\ABRL\research\.lake\packages\aesop\.lake\build\lib\lean;E:\ABRL\research\.lake\packages\proofwidgets\.lake\build\lib\lean;E:\ABRL\research\.lake\packages\importGraph\.lake\build\lib\lean;E:\ABRL\research\.lake\packages\LeanSearchClient\.lake\build\lib\lean;E:\ABRL\research\.lake\packages\plausible\.lake\build\lib\lean;E:\ABRL\research\.lake\packages\mathlib\.lake\build\lib\lean;E:\ABRL\worktrees\research-online-book\.lake\build\lib\lean c:\Users\admin\.elan\toolchains\leanprover--lean4---v4.29.1\bin\lean.exe E:\ABRL\worktrees\research-online-book\BanditRLProof\OnlineGuessingKernelCausal.lean -o E:\ABRL\worktrees\research-online-book\.lake\build\lib\lean\BanditRLProof\OnlineGuessingKernelCausal.olean -i E:\ABRL\worktrees\research-online-book\.lake\build\lib\lean\BanditRLProof\OnlineGuessingKernelCausal.ilean -c E:\ABRL\worktrees\research-online-book\.lake\build\ir\BanditRLProof\OnlineGuessingKernelCausal.c --setup E:\ABRL\worktrees\research-online-book\.lake\build\ir\BanditRLProof\OnlineGuessingKernelCausal.setup.json --json
error: BanditRLProof/OnlineGuessingKernelCausal.lean:182:8: Tactic `rewrite` failed: Did not find an occurrence of the pattern
  Measure.map (fun ω => (past ω.1, ω.1 t)) (kernelGameLaw ν)
in the target expression
  Measure.map (fun ω => ((past ∘ Prod.fst) ω, ((fun f => f t) ∘ Prod.fst) ω)) (kernelGameLaw ν) =
    (Measure.map (past ∘ Prod.fst) (kernelGameLaw ν)).prod (Measure.map ((fun f => f t) ∘ Prod.fst) (kernelGameLaw ν))

κ : (t : ℕ) → Kernel (KernelDecisionHistory t) ↑I
inst✝ : ∀ (t : ℕ), IsMarkovKernel (κ t)
f : KernelDecisionSampler
hf : ∀ (t : ℕ), Measurable (Function.uncurry (f t))
hκ : ∀ (t : ℕ) (h : KernelDecisionHistory t), Measure.map (f t h) ℙ = (κ t) h
ν : ProbabilityMeasure (ℕ → ℝ)
t : ℕ
past : (ℕ → ↑I) → Fin t → ↑I := ⋯
hpast : Measurable past
htape : iIndepFun (fun n u => u n) kernelUniformTapeLaw
hpi : past ⟂ᵢ[kernelUniformTapeLaw] fun u => u t
⊢ Measure.map (fun ω => ((past ∘ Prod.fst) ω, ((fun f => f t) ∘ Prod.fst) ω)) (kernelGameLaw ν) =
    (Measure.map (past ∘ Prod.fst) (kernelGameLaw ν)).prod (Measure.map ((fun f => f t) ∘ Prod.fst) (kernelGameLaw ν))
error: Lean exited with code 1
Some required targets logged failures:
- BanditRLProof.OnlineGuessingKernelCausal
error: build failed
