{
  "schema_version": 1,
  "entry_id": "entry-9c80188d26a44c52",
  "session_id": "ONLINE-KERNEL-CAUSAL-20261008",
  "sequence": 10,
  "parent_id": "entry-a4fe8e9cc05ea0e6",
  "event_type": "proving",
  "created_at": "2026-10-08T16:28:27+00:00",
  "payload": {
    "run_id": "online-kernel-causal-20261008",
    "leaf": "public-nondegenerate-canary",
    "attempt": 1,
    "frozen_targets_sha256": "f2e180aaf6453eaf2de02d12d20fba096964ffea9f4f035eab17d22d2f9df4bd",
    "dependencies": [
      "K1",
      "K2",
      "K3",
      "K4",
      "K5",
      "existing IID Bernoulli test law"
    ],
    "package_accepted": false
  }
}
