{
  "schema_version": 1,
  "entry_id": "entry-590ac51918ec191a",
  "session_id": "ONLINE-KERNEL-CAUSAL-20261008",
  "sequence": 7,
  "parent_id": "entry-3584edde06dcd2fb",
  "event_type": "proving",
  "created_at": "2026-10-08T16:20:54+00:00",
  "payload": {
    "run_id": "online-kernel-causal-20261008",
    "leaf": "K4",
    "attempt": 1,
    "statement_hash": "098ae1ceebcaceecf137157e06a2237a8197b5c909b0b26e75b90a77cf34bbb5",
    "dependencies": [
      "K1",
      "K2",
      "K3"
    ],
    "terminal": "conditional law AE under actual generated history marginal"
  }
}
