{
  "schema_version": 1,
  "entry_id": "entry-5c1800752b95a5f7",
  "session_id": "ONLINE-KERNEL-CAUSAL-20261008",
  "sequence": 8,
  "parent_id": "entry-590ac51918ec191a",
  "event_type": "proving",
  "created_at": "2026-10-08T16:22:19+00:00",
  "payload": {
    "run_id": "online-kernel-causal-20261008",
    "leaf": "K5",
    "attempt": 1,
    "statement_hash": "376138ab1ad5ebbd2c83a48200d8f893c386e23e1d0f8d358b05bac922a9e02d",
    "dependencies": [
      "K1",
      "K2",
      "K3",
      "K4",
      "randomized_history_policy_expectedFixed_excess"
    ],
    "terminal": "one sampler family before every law and every natural horizon; actual same-process expected-fixed excess"
  }
}
