{
  "schema_version": 1,
  "entry_id": "entry-d83470a1aa4ba05c",
  "session_id": "ONLINE-KERNEL-CAUSAL-20261008",
  "sequence": 1,
  "parent_id": "entry-17ff458b1fcdcac3",
  "event_type": "stabilized",
  "created_at": "2026-10-08T16:07:22+00:00",
  "payload": {
    "run_id": "online-kernel-causal-20261008",
    "contract_version": 2,
    "source_sha256": "cef4edfa97a6e063e53e9c532717c50aa156e5bc782ea49f969b3385011a1b17",
    "source_contract_receipt_sha256": "d2c5790f1dc3306138d6cb7ce9fde9e70b1d67371c9d6c3d908dab05b351c08a",
    "target_statement_hashes": [
      "9d18ad2d4f68f0d7a5f96b8d226b8a0395470ff634735939831b09df91715c07",
      "53418547fd45271f47e79e699404339bcbe652ad8f9bdfa3427c202f28d11a7f",
      "bef7e1c4a65f053dd9b72482adb5202747c54da455f85c980cf44f2b05c9f725",
      "098ae1ceebcaceecf137157e06a2237a8197b5c909b0b26e75b90a77cf34bbb5",
      "376138ab1ad5ebbd2c83a48200d8f893c386e23e1d0f8d358b05bac922a9e02d"
    ],
    "obligations": 5,
    "compiled": 0,
    "historical_scanner_review_supplement_pending": true,
    "chapter_complete": false,
    "goal_complete": false
  }
}
