{
  "schema_version": 1,
  "entry_id": "entry-b975b95caa4cc043",
  "session_id": "ONLINE-CONVEX-NONDIFFERENTIABILITY-20261007",
  "sequence": 10,
  "parent_id": "entry-c1b5245ef0ff0d1e",
  "event_type": "accepted",
  "created_at": "2026-10-07T00:43:07+00:00",
  "payload": {
    "run_id": "online-convex-nondifferentiability-20261007",
    "chapter_complete": false,
    "goal_complete": false,
    "accepted_decision": "E:/ABRL/worktrees/research-online-book/runs/online-convex-nondifferentiability-20261007/accepted-decision-v1.json",
    "new_proofs": 3,
    "new_definitions": 1,
    "merged": false,
    "live": false,
    "source_package_accepted": true
  }
}
