{
  "time": "2026-10-07T00:43:07+00:00",
  "task": "ONLINE-CONVEX-NONDIFFERENTIABILITY-20261007",
  "role": "reviewer",
  "kind": "review",
  "status": "accepted",
  "notes": "Actual globalconvex/ambient closedsegment producer terminal accepted after real combined gates and distinct FINAL. Three new public proofs/one definition/five actual2D canaries; cardinality separate REQUIRED. No chapter/book/productivity claim.",
  "lean": "",
  "source": "",
  "run_id": "online-convex-nondifferentiability-20261007",
  "changed_files": [],
  "statement_hash": "30f03b667f47303d7fe3168b5b19994f3b2c73d2ce7496396693c62f0c497221",
  "parent_id": "",
  "route_fingerprint": "",
  "verifier_evidence": [
    "E:\\ABRL\\worktrees\\research-online-book\\runs\\online-convex-nondifferentiability-20261007\\final-reader-receipt-v1.json"
  ],
  "harness": "hierarchical",
  "experiment_id": "",
  "target_fingerprint": "",
  "route_packet_hash": "",
  "attempt_id": "NONDIFF-BODY-V2",
  "worker_id": "",
  "progress_class": "compiled-leaf",
  "reviewer_validated": true,
  "obligations_before": 0,
  "obligations_after": 0,
  "new_declarations": [],
  "reused_declarations": [
    "BanditRL.OnlineConvex.convex_nondifferentiable_segment"
  ],
  "dag_nodes": 0,
  "dag_depth": 0,
  "elapsed_seconds": 0.0,
  "lean_check_seconds": 0.0,
  "prompt_chars": 0,
  "input_tokens": 0,
  "output_tokens": 0,
  "error_signature": ""
}
