{
  "schema_version": 1,
  "entry_id": "entry-9d0baa974f9104c4",
  "session_id": "ONLINE-CONVEX-NONDIFFERENTIABILITY-20261007",
  "sequence": 6,
  "parent_id": "entry-73e6f960babb2dbe",
  "event_type": "candidate",
  "created_at": "2026-10-07T00:12:33+00:00",
  "payload": {
    "run_id": "online-convex-nondifferentiability-20261007",
    "chapter_complete": false,
    "goal_complete": false,
    "sequential_jobs": {
      "root-v1-01": 9090,
      "Tests-v1-01": 9236
    },
    "remaining_gates": [
      "fullharness",
      "historyexactbasediff",
      "site/registry/actualpixels/FINAL/native",
      "actualPR"
    ],
    "cardinality_required": true
  }
}
