{
  "schema_version": 1,
  "record_id": "frontier-dcf20fd7ce6cec61",
  "updated_at": "2026-10-07T00:12:34+00:00",
  "root_objective": "PersistentOrabonaChapters1-16 Goal; exactunnumbered2Dexample candidateonly, formalcardinality/chapter/bookrequired",
  "current_leaf": {
    "id": "ONLINE-CONVEX-NONDIFFERENTIABILITY-20261007",
    "kind": "lean",
    "status": "gate-pending",
    "statement": "theorem convex_nondifferentiable_segment : ConvexOn ℝ Set.univ coordinateAbsolute ∧ ∀ x ∈ segment ℝ (0 : EuclideanSpace ℝ (Fin 2)) (PiLp.single 2 1 1), ¬ DifferentiableAt ℝ coordinateAbsolute x",
    "statement_hash": "4e034a3e6385b3ecc4cafa3dcf72f2ee850203d7a3921ec879b5d0c50c7c2deb",
    "declaration": "BanditRL.OnlineConvex.convex_nondifferentiable_segment",
    "file": "BanditRLProof\\OnlineConvexNondifferentiability.lean",
    "source_status": "source-body-reviewed",
    "dependencies": [
      {
        "kind": "lean",
        "name": "BanditRL.OnlineConvex.coordinate_absolute_convex",
        "status": "compiled"
      },
      {
        "kind": "lean",
        "name": "BanditRL.OnlineConvex.coordinate_absolute_not_differentiable",
        "status": "compiled"
      },
      {
        "kind": "review",
        "name": "source-body",
        "status": "accepted"
      }
    ]
  },
  "dag": {
    "nodes": [
      {
        "id": "ONLINE-CONVEX-NONDIFFERENTIABILITY-20261007",
        "kind": "lean",
        "status": "gate-pending",
        "dependencies": [
          {
            "kind": "lean",
            "name": "BanditRL.OnlineConvex.coordinate_absolute_convex",
            "status": "compiled"
          },
          {
            "kind": "lean",
            "name": "BanditRL.OnlineConvex.coordinate_absolute_not_differentiable",
            "status": "compiled"
          },
          {
            "kind": "review",
            "name": "source-body",
            "status": "accepted"
          }
        ],
        "dispatch_count": 0
      }
    ]
  },
  "last_accepted_verifier": {
    "trial_index": 1,
    "time": "2026-10-07T00:02:49+00:00",
    "task": "ONLINE-CONVEX-NONDIFFERENTIABILITY-20261007",
    "role": "lower",
    "kind": "build",
    "status": "compiled",
    "lean": "BanditRLProof\\OnlineConvexNondifferentiability.lean",
    "notes": "New actualsource exact2Dconvex+ALLclosedsegment ambientfailure terminal with real producer leaves,5nondegeneratecanaries,9standardkernel4guards/actualvaluegraph. CONTRACTM1repairedseparately; BODY/combined/site/FINAL/native/PRpending, cardinalityrequiredseparate.",
    "run_id": "online-convex-nondifferentiability-20261007"
  },
  "memory_policy": {
    "recent_role_relevant_limit": 5,
    "explicit_verified_lemma_ids": [],
    "whole_history_default": false
  },
  "shadow_gate": {
    "status": "pending",
    "analyzed_trial_rows": 2,
    "mismatches": [],
    "replay_transitions": 0
  },
  "mutation_policy": {
    "canonical_path_queue": true,
    "cross_process_lock": true,
    "same_file_serialized": true,
    "disjoint_files_parallel": true
  },
  "autonomous_execution": {
    "enabled": false,
    "requires_deterministic_gates": true,
    "requires_explicit_user_request": true
  }
}
