{
  "time": "2026-10-06T23:59:30+00:00",
  "task": "ONLINE-CONVEX-NONDIFFERENTIABILITY-20261007",
  "role": "lower",
  "kind": "attempt",
  "status": "failed",
  "notes": "Actual publicbodyV1 failure; focused constant argument repair V2 alreadyapplied, exactsame frozen headers/source/route. First kindproof logging rejection preserved, actualkindattempt recorded.",
  "lean": "",
  "source": "",
  "run_id": "online-convex-nondifferentiability-20261007",
  "changed_files": [],
  "statement_hash": "4e034a3e6385b3ecc4cafa3dcf72f2ee850203d7a3921ec879b5d0c50c7c2deb",
  "parent_id": "",
  "route_fingerprint": "",
  "verifier_evidence": [
    "E:\\ABRL\\worktrees\\research-online-book\\runs\\online-convex-nondifferentiability-20261007\\public-body-v1-01.log"
  ],
  "harness": "hierarchical",
  "experiment_id": "",
  "target_fingerprint": "",
  "route_packet_hash": "",
  "attempt_id": "NONDIFF-BODY-V1",
  "worker_id": "",
  "progress_class": "no-progress",
  "reviewer_validated": false,
  "obligations_before": 0,
  "obligations_after": 0,
  "new_declarations": [],
  "reused_declarations": [],
  "dag_nodes": 0,
  "dag_depth": 0,
  "elapsed_seconds": 0.0,
  "lean_check_seconds": 0.0,
  "prompt_chars": 0,
  "input_tokens": 0,
  "output_tokens": 0,
  "error_signature": "Unknown constant differentiableAt_const.add"
}
