help-lifecycle-event-v2 exit 0 seconds 0.203
help-trial-log-v2 exit 0 seconds 0.203
help-frontier-refresh-v2 exit 0 seconds 0.219
help-frontier-shadow-v2 exit 0 seconds 0.203
project-declarations-1-v1 exit 0 seconds 5.859
memory-search-1-v1 exit 0 seconds 5.953
project-declarations-2-v1 exit 0 seconds 5.906
memory-search-2-v1 exit 0 seconds 5.922
project-declarations-3-v1 exit 0 seconds 5.829
memory-search-3-v1 exit 0 seconds 5.891
reference-index-v1-01 exit 0 seconds 6.25
list-mathlib-v1 exit 0 seconds 0.203
list-papers-v1 exit 0 seconds 0.219
list-weapons-v1 exit 0 seconds 0.203
target-types-v1-01 exit 0 seconds 8.219
pinned-APIs-v1-01 exit 1 seconds 8.359
Failure tail only; full raw output is retained in pinned-APIs-v1-01.log
: Module 𝕜 E] [inst_7 : Module 𝕜 F] [inst_8 : SMul 𝕜 β] {f : F → β} {s : Set F},
  ConvexOn 𝕜 s f → ∀ (g : E →ₗ[𝕜] F), ConvexOn 𝕜 (⇑g ⁻¹' s) (f ∘ ⇑g)
not_differentiableAt_abs_zero : ¬DifferentiableAt ℝ abs 0
@DifferentiableAt.comp : ∀ {𝕜 : Type u_1} [inst : NontriviallyNormedField 𝕜] {E : Type u_2}
  [inst_1 : NormedAddCommGroup E] [inst_2 : NormedSpace 𝕜 E] {F : Type u_3} [inst_3 : NormedAddCommGroup F]
  [inst_4 : NormedSpace 𝕜 F] {G : Type u_4} [inst_5 : NormedAddCommGroup G] [inst_6 : NormedSpace 𝕜 G] {f : E → F}
  (x : E) {g : F → G}, DifferentiableAt 𝕜 g (f x) → DifferentiableAt 𝕜 f x → DifferentiableAt 𝕜 (g ∘ f) x
@DifferentiableAt.abs : ∀ {E : Type u_1} [inst : NormedAddCommGroup E] [inst_1 : NormedSpace ℝ E] {f : E → ℝ} {x : E},
  DifferentiableAt ℝ f x → f x ≠ 0 → DifferentiableAt ℝ (fun x => |f x|) x
@ContinuousLinearMap.differentiableAt : ∀ {𝕜 : Type u_1} [inst : NontriviallyNormedField 𝕜] {E : Type u_2}
  [inst_1 : AddCommGroup E] [inst_2 : Module 𝕜 E] [inst_3 : TopologicalSpace E] {F : Type u_3} [inst_4 : AddCommGroup F]
  [inst_5 : Module 𝕜 F] [inst_6 : TopologicalSpace F] (f : E →L[𝕜] F) {x : E}, DifferentiableAt 𝕜 (⇑f) x
@ContinuousLinearEquiv.differentiableAt : ∀ {𝕜 : Type u_1} [inst : NontriviallyNormedField 𝕜] {E : Type u_2}
  [inst_1 : NormedAddCommGroup E] [inst_2 : NormedSpace 𝕜 E] {F : Type u_3} [inst_3 : NormedAddCommGroup F]
  [inst_4 : NormedSpace 𝕜 F] {x : E} (iso : E ≃L[𝕜] F), DifferentiableAt 𝕜 (⇑iso) x
PiLp.single_eq_same : ∀ (p : ENNReal) {ι : Type u_1} {β : ι → Type u_2} [inst : DecidableEq ι]
  [inst_1 : (i : ι) → Zero (β i)] (i : ι) (a : β i), (PiLp.single p i a).ofLp i = a
PiLp.single_eq_of_ne : ∀ (p : ENNReal) {ι : Type u_1} {β : ι → Type u_2} [inst : DecidableEq ι]
  [inst_1 : (i : ι) → Zero (β i)] {i i' : ι}, i' ≠ i → ∀ (a : β i), (PiLp.single p i a).ofLp i' = 0
E:\ABRL\worktrees\research-online-book\runs\online-convex-nondifferentiability-20261007\leaves\pinned-APIs-v1.lean:17:8: error(lean.unknownIdentifier): Unknown constant `Set.segment`
E:\ABRL\worktrees\research-online-book\runs\online-convex-nondifferentiability-20261007\leaves\pinned-APIs-v1.lean:18:8: error(lean.unknownIdentifier): Unknown constant `Set.left_mem_segment`
E:\ABRL\worktrees\research-online-book\runs\online-convex-nondifferentiability-20261007\leaves\pinned-APIs-v1.lean:19:8: error(lean.unknownIdentifier): Unknown constant `Set.right_mem_segment`

Traceback (most recent call last):
  File "runs/online-convex-nondifferentiability-20261007/prepare-readiness-v2.py", line 16, in <module>
    gate('pinned-APIs-v1-01','lake','env','lean',RUN/'leaves/pinned-APIs-v1.lean')
  File "E:\ABRL\worktrees\research-online-book\runs\online-convex-nondifferentiability-20261007\common_v2.py", line 17, in gate
    subprocess.run([sys.executable,'-B','-X','utf8',str(RUN/'run-command.py'),label,*map(str,args)],check=True)
  File "C:\Users\admin\AppData\Local\Programs\Python\Python38\lib\subprocess.py", line 516, in run
    raise CalledProcessError(retcode, process.args,
subprocess.CalledProcessError: Command '['C:\\Users\\admin\\AppData\\Local\\Programs\\Python\\Python38\\python.exe', '-B', '-X', 'utf8', 'E:\\ABRL\\worktrees\\research-online-book\\runs\\online-convex-nondifferentiability-20261007\\run-command.py', 'pinned-APIs-v1-01', 'lake', 'env', 'lean', 'E:\\ABRL\\worktrees\\research-online-book\\runs\\online-convex-nondifferentiability-20261007\\leaves\\pinned-APIs-v1.lean']' returned non-zero exit status 1.
