{
  "schema_version": 1,
  "entry_id": "entry-61f2b96cf92bf82e",
  "session_id": "ONLINE-CONVEX-NONDIFFERENTIABILITY-20261007",
  "sequence": 3,
  "parent_id": "entry-eb7ab0e78ac11d76",
  "event_type": "proving",
  "created_at": "2026-10-06T23:58:14+00:00",
  "payload": {
    "run_id": "online-convex-nondifferentiability-20261007",
    "chapter_complete": false,
    "goal_complete": false,
    "lower_route": "normconvex coordinatepullback -> smooth horizontal restriction and abs-at0 contradiction -> allclosedsegment",
    "owned_files": [
      "BanditRLProof/OnlineConvexNondifferentiability.lean",
      "Tests/OnlineConvexNondifferentiabilityCanary.lean"
    ],
    "proof_compiled": false
  }
}
