{
  "schema_version": 1,
  "entry_id": "entry-4c32f25f0efe8269",
  "session_id": "ONLINE-CONVEX-NONDIFFERENTIABILITY-20261007",
  "sequence": 8,
  "parent_id": "entry-5d736ba3ae33a533",
  "event_type": "repair",
  "created_at": "2026-10-07T00:38:33+00:00",
  "payload": {
    "run_id": "online-convex-nondifferentiability-20261007",
    "chapter_complete": false,
    "goal_complete": false,
    "scope": "candidate publication gates",
    "actual_failures": [
      "full-harness-v1-01",
      "contributor-exact-v1-01",
      "site-build-v1-01",
      "site-check-v1-01",
      "actual-root-visual-v1",
      "actual-root-visual-v2"
    ],
    "repair_records": [
      "harness-tracked-source-repair-v2.json",
      "contributor-schema-repair-v2.json",
      "proof-bridge-reader-repair-v2.json",
      "notation-primer-reader-repair-v2.json",
      "visual-badge-reader-repair-v2.json",
      "visible-boundary-reader-repair-v3.json"
    ],
    "mathematical_headers_bodies_unchanged": true
  }
}
