{
  "schema_version": 1,
  "entry_id": "entry-2bc29ca3bcd0c6a6",
  "session_id": "ONLINE-OGD-MIGRATION-20261005",
  "sequence": 6,
  "parent_id": "entry-4001d5e7de56b21a",
  "event_type": "accepted",
  "created_at": "2026-10-05T08:41:39+00:00",
  "payload": {
    "run_id": "online-ogd-migration-20261005",
    "contract_version": 2,
    "scope": "OGD source package only",
    "public_proofs": 12,
    "canaries": 30,
    "axioms": 75,
    "semantic_verdict": "accepted-with-explicit-delta",
    "immutable_raw_rows": 1743,
    "chapter_complete": false,
    "book_complete": false,
    "goal_complete": false,
    "merged": false,
    "deployed": false
  }
}
