{
  "time": "2026-10-05T07:23:46+00:00",
  "task": "ONLINE-OGD-MIGRATION-20261005",
  "role": "lower",
  "kind": "build",
  "status": "compiled",
  "notes": "Frozen v2 actual bodies typechecked locally: source_to_feasible, regular_to_feasible. Distinct body/combined/package gates pending; chapter/book incomplete.",
  "lean": "BanditRLProof\\OnlineGradientDescentSource.lean",
  "source": "",
  "run_id": "online-ogd-migration-20261005",
  "changed_files": [
    "BanditRLProof\\OnlineGradientDescentSource.lean"
  ],
  "statement_hash": "",
  "parent_id": "",
  "route_fingerprint": "",
  "verifier_evidence": [
    "runs\\online-ogd-migration-20261005\\body-adapters-v2-01-bindings.json"
  ],
  "harness": "",
  "experiment_id": "",
  "target_fingerprint": "",
  "route_packet_hash": "",
  "attempt_id": "body-adapters-v2-01",
  "worker_id": "",
  "progress_class": "compiled-leaf",
  "reviewer_validated": false,
  "obligations_before": 12,
  "obligations_after": 10,
  "new_declarations": [],
  "reused_declarations": [],
  "dag_nodes": 0,
  "dag_depth": 0,
  "elapsed_seconds": 0.0,
  "lean_check_seconds": 0.0,
  "prompt_chars": 0,
  "input_tokens": 0,
  "output_tokens": 0,
  "error_signature": ""
}
