{
  "time": "2026-10-05T08:14:13+00:00",
  "task": "ONLINE-OGD-MIGRATION-20261005",
  "role": "reviewer",
  "kind": "review",
  "status": "compiled",
  "notes": "Actual12 public bodies/30 canaries/75axioms/root9087Tests9228/38graph accepted by distinct source-body review; package/chapter/book incomplete; pending full harness/site/final reader/immutable/PR.",
  "lean": "",
  "source": "",
  "run_id": "online-ogd-migration-20261005",
  "changed_files": [],
  "statement_hash": "",
  "parent_id": "",
  "route_fingerprint": "",
  "verifier_evidence": [
    "runs\\online-ogd-migration-20261005\\candidate-decision-v2.json"
  ],
  "harness": "",
  "experiment_id": "",
  "target_fingerprint": "",
  "route_packet_hash": "",
  "attempt_id": "ONLINE-OGD-SOURCE12-BODY-V2",
  "worker_id": "",
  "progress_class": "closed-frontier",
  "reviewer_validated": true,
  "obligations_before": 0,
  "obligations_after": 0,
  "new_declarations": [],
  "reused_declarations": [],
  "dag_nodes": 0,
  "dag_depth": 0,
  "elapsed_seconds": 0.0,
  "lean_check_seconds": 0.0,
  "prompt_chars": 0,
  "input_tokens": 0,
  "output_tokens": 0,
  "error_signature": ""
}
