{
  "schema_version": 1,
  "entry_id": "entry-f1d97d0087b8f5a1",
  "session_id": "ONLINE-OGD-MIGRATION-20261005",
  "sequence": 4,
  "parent_id": "entry-0ff600fbb35baa18",
  "event_type": "candidate",
  "created_at": "2026-10-05T08:14:13+00:00",
  "payload": {
    "run_id": "online-ogd-migration-20261005",
    "contract_version": 2,
    "scope": "OGD source repair only",
    "public_proofs": 12,
    "canaries": 30,
    "axioms": 75,
    "root_jobs": 9087,
    "Tests_jobs": 9228,
    "remaining_gates": [
      "full harness",
      "clean shared registry/site build and check",
      "final source reader review",
      "immutable binding audit",
      "exact stacked contributor gate",
      "stacked draft PR delivery"
    ],
    "chapter_complete": false,
    "book_complete": false,
    "goal_complete": false
  }
}
