runs/online-ogd-migration-20261005/Tests-v2-01.log:1310: trailing whitespace.
+  
runs/online-ogd-migration-20261005/Tests-v2-01.log:1312: trailing whitespace.
+    
runs/online-ogd-migration-20261005/Tests-v2-01.log:1317: trailing whitespace.
+  
runs/online-ogd-migration-20261005/Tests-v2-01.log:1319: trailing whitespace.
+    
runs/online-ogd-migration-20261005/Tests-v2-01.log:1480: trailing whitespace.
+  
runs/online-ogd-migration-20261005/Tests-v2-01.log:1482: trailing whitespace.
+    
runs/online-ogd-migration-20261005/Tests-v2-01.log:1631: trailing whitespace.
+  
runs/online-ogd-migration-20261005/Tests-v2-01.log:1633: trailing whitespace.
+    
runs/online-ogd-migration-20261005/Tests-v2-01.log:1802: trailing whitespace.
+  
runs/online-ogd-migration-20261005/Tests-v2-01.log:1804: trailing whitespace.
+    
runs/online-ogd-migration-20261005/Tests-v2-01.log:1844: trailing whitespace.
+  
runs/online-ogd-migration-20261005/Tests-v2-01.log:1846: trailing whitespace.
+    
runs/online-ogd-migration-20261005/Tests-v2-01.log:2339: trailing whitespace.
+  
runs/online-ogd-migration-20261005/Tests-v2-01.log:2341: trailing whitespace.
+    
runs/online-ogd-migration-20261005/Tests-v2-01.log:2390: trailing whitespace.
+  
runs/online-ogd-migration-20261005/Tests-v2-01.log:2392: trailing whitespace.
+    
runs/online-ogd-migration-20261005/Tests-v2-01.log:6789: trailing whitespace.
+  
runs/online-ogd-migration-20261005/Tests-v2-01.log:6791: trailing whitespace.
+    
runs/online-ogd-migration-20261005/draft-python-01.log:5: new blank line at EOF.
runs/online-ogd-migration-20261005/leaves/native-types-v2.lean:44: new blank line at EOF.
runs/online-ogd-migration-20261005/leaves/neutral-types-v1.lean:92: new blank line at EOF.
runs/online-ogd-migration-20261005/leaves/neutral-types-v2.lean:92: new blank line at EOF.
runs/online-ogd-migration-20261005/leaves/pre-integration-BanditRLProof--OnlineGradientDescent.lean.txt:216: new blank line at EOF.
runs/online-ogd-migration-20261005/root-v2-01.log:491: trailing whitespace.
+  
runs/online-ogd-migration-20261005/root-v2-01.log:493: trailing whitespace.
+    
runs/online-ogd-migration-20261005/root-v2-01.log:646: trailing whitespace.
+  
runs/online-ogd-migration-20261005/root-v2-01.log:648: trailing whitespace.
+    
runs/online-ogd-migration-20261005/root-v2-01.log:834: trailing whitespace.
+  
runs/online-ogd-migration-20261005/root-v2-01.log:836: trailing whitespace.
+    
runs/online-ogd-migration-20261005/root-v2-01.log:876: trailing whitespace.
+  
runs/online-ogd-migration-20261005/root-v2-01.log:878: trailing whitespace.
+    
runs/online-ogd-migration-20261005/root-v2-01.log:1706: trailing whitespace.
+  
runs/online-ogd-migration-20261005/root-v2-01.log:1708: trailing whitespace.
+    
runs/online-ogd-migration-20261005/root-v2-01.log:1713: trailing whitespace.
+  
runs/online-ogd-migration-20261005/root-v2-01.log:1715: trailing whitespace.
+    
runs/online-ogd-migration-20261005/root-v2-01.log:1748: trailing whitespace.
+  
runs/online-ogd-migration-20261005/root-v2-01.log:1750: trailing whitespace.
+    
runs/online-ogd-migration-20261005/root-v2-01.log:1799: trailing whitespace.
+  
runs/online-ogd-migration-20261005/root-v2-01.log:1801: trailing whitespace.
+    
