runs/online-ogd-migration-20261005/leaves/native-types-v2.lean:19:50: warning: unused variable `hf`

Note: This linter can be disabled with `set_option linter.unusedVariables false`
@Type1 : {E : Type u_2} → [inst : NormedAddCommGroup E] → [InnerProductSpace ℝ E] → Prop
runs/online-ogd-migration-20261005/leaves/native-types-v2.lean:21:50: warning: unused variable `hf`

Note: This linter can be disabled with `set_option linter.unusedVariables false`
@Type2 : {E : Type u_2} → [inst : NormedAddCommGroup E] → [InnerProductSpace ℝ E] → Prop
@Type3 : {E : Type u_2} → [inst : NormedAddCommGroup E] → [InnerProductSpace ℝ E] → Prop
@Type4 : {E : Type u_2} → [inst : NormedAddCommGroup E] → [InnerProductSpace ℝ E] → [CompleteSpace E] → Prop
runs/online-ogd-migration-20261005/leaves/native-types-v2.lean:27:50: warning: unused variable `hf`

Note: This linter can be disabled with `set_option linter.unusedVariables false`
runs/online-ogd-migration-20261005/leaves/native-types-v2.lean:27:91: warning: unused variable `hx`

Note: This linter can be disabled with `set_option linter.unusedVariables false`
runs/online-ogd-migration-20261005/leaves/native-types-v2.lean:27:112: warning: unused variable `hu`

Note: This linter can be disabled with `set_option linter.unusedVariables false`
@Type5 : {E : Type u_2} → [inst : NormedAddCommGroup E] → [InnerProductSpace ℝ E] → [CompleteSpace E] → Prop
runs/online-ogd-migration-20261005/leaves/native-types-v2.lean:29:50: warning: unused variable `hf`

Note: This linter can be disabled with `set_option linter.unusedVariables false`
runs/online-ogd-migration-20261005/leaves/native-types-v2.lean:29:89: warning: unused variable `hη`

Note: This linter can be disabled with `set_option linter.unusedVariables false`
runs/online-ogd-migration-20261005/leaves/native-types-v2.lean:29:112: warning: unused variable `hx`

Note: This linter can be disabled with `set_option linter.unusedVariables false`
runs/online-ogd-migration-20261005/leaves/native-types-v2.lean:29:133: warning: unused variable `hu`

Note: This linter can be disabled with `set_option linter.unusedVariables false`
@Type6 : {E : Type u_2} → [inst : NormedAddCommGroup E] → [InnerProductSpace ℝ E] → [CompleteSpace E] → Prop
runs/online-ogd-migration-20261005/leaves/native-types-v2.lean:31:46: warning: unused variable `hη`

Note: This linter can be disabled with `set_option linter.unusedVariables false`
runs/online-ogd-migration-20261005/leaves/native-types-v2.lean:31:87: warning: unused variable `hx₁`

Note: This linter can be disabled with `set_option linter.unusedVariables false`
runs/online-ogd-migration-20261005/leaves/native-types-v2.lean:31:118: warning: unused variable `hloss`

Note: This linter can be disabled with `set_option linter.unusedVariables false`
runs/online-ogd-migration-20261005/leaves/native-types-v2.lean:31:176: warning: unused variable `hu`

Note: This linter can be disabled with `set_option linter.unusedVariables false`
@Type7 : {E : Type u_2} → [inst : NormedAddCommGroup E] → [InnerProductSpace ℝ E] → [CompleteSpace E] → Prop
runs/online-ogd-migration-20261005/leaves/native-types-v2.lean:33:78: warning: unused variable `hx₁`

Note: This linter can be disabled with `set_option linter.unusedVariables false`
runs/online-ogd-migration-20261005/leaves/native-types-v2.lean:33:109: warning: unused variable `hη`

Note: This linter can be disabled with `set_option linter.unusedVariables false`
runs/online-ogd-migration-20261005/leaves/native-types-v2.lean:33:124: warning: unused variable `hloss`

Note: This linter can be disabled with `set_option linter.unusedVariables false`
runs/online-ogd-migration-20261005/leaves/native-types-v2.lean:33:173: warning: unused variable `hu`

Note: This linter can be disabled with `set_option linter.unusedVariables false`
@Type8 : {E : Type u_2} → [inst : NormedAddCommGroup E] → [InnerProductSpace ℝ E] → [CompleteSpace E] → Prop
runs/online-ogd-migration-20261005/leaves/native-types-v2.lean:35:78: warning: unused variable `hx₁`

Note: This linter can be disabled with `set_option linter.unusedVariables false`
runs/online-ogd-migration-20261005/leaves/native-types-v2.lean:35:109: warning: unused variable `hT`

Note: This linter can be disabled with `set_option linter.unusedVariables false`
runs/online-ogd-migration-20261005/leaves/native-types-v2.lean:35:122: warning: unused variable `hη`

Note: This linter can be disabled with `set_option linter.unusedVariables false`
runs/online-ogd-migration-20261005/leaves/native-types-v2.lean:35:146: warning: unused variable `hmono`

Note: This linter can be disabled with `set_option linter.unusedVariables false`
runs/online-ogd-migration-20261005/leaves/native-types-v2.lean:35:189: warning: unused variable `hloss`

Note: This linter can be disabled with `set_option linter.unusedVariables false`
runs/online-ogd-migration-20261005/leaves/native-types-v2.lean:35:247: warning: unused variable `hdiam`

Note: This linter can be disabled with `set_option linter.unusedVariables false`
runs/online-ogd-migration-20261005/leaves/native-types-v2.lean:35:311: warning: unused variable `hu`

Note: This linter can be disabled with `set_option linter.unusedVariables false`
@Type9 : {E : Type u_2} → [inst : NormedAddCommGroup E] → [InnerProductSpace ℝ E] → [CompleteSpace E] → Prop
runs/online-ogd-migration-20261005/leaves/native-types-v2.lean:37:39: warning: unused variable `hV`

Note: This linter can be disabled with `set_option linter.unusedVariables false`
runs/online-ogd-migration-20261005/leaves/native-types-v2.lean:37:116: warning: unused variable `hx₁`

Note: This linter can be disabled with `set_option linter.unusedVariables false`
runs/online-ogd-migration-20261005/leaves/native-types-v2.lean:37:147: warning: unused variable `hT`

Note: This linter can be disabled with `set_option linter.unusedVariables false`
runs/online-ogd-migration-20261005/leaves/native-types-v2.lean:37:160: warning: unused variable `hη`

Note: This linter can be disabled with `set_option linter.unusedVariables false`
runs/online-ogd-migration-20261005/leaves/native-types-v2.lean:37:184: warning: unused variable `hmono`

Note: This linter can be disabled with `set_option linter.unusedVariables false`
runs/online-ogd-migration-20261005/leaves/native-types-v2.lean:37:227: warning: unused variable `hloss`

Note: This linter can be disabled with `set_option linter.unusedVariables false`
runs/online-ogd-migration-20261005/leaves/native-types-v2.lean:37:285: warning: unused variable `hu`

Note: This linter can be disabled with `set_option linter.unusedVariables false`
@Type10 : {E : Type u_2} → [inst : NormedAddCommGroup E] → [InnerProductSpace ℝ E] → [CompleteSpace E] → Prop
runs/online-ogd-migration-20261005/leaves/native-types-v2.lean:39:67: warning: unused variable `hx₁`

Note: This linter can be disabled with `set_option linter.unusedVariables false`
runs/online-ogd-migration-20261005/leaves/native-types-v2.lean:39:98: warning: unused variable `hT`

Note: This linter can be disabled with `set_option linter.unusedVariables false`
runs/online-ogd-migration-20261005/leaves/native-types-v2.lean:39:121: warning: unused variable `hD`

Note: This linter can be disabled with `set_option linter.unusedVariables false`
runs/online-ogd-migration-20261005/leaves/native-types-v2.lean:39:134: warning: unused variable `hG`

Note: This linter can be disabled with `set_option linter.unusedVariables false`
runs/online-ogd-migration-20261005/leaves/native-types-v2.lean:39:147: warning: unused variable `hloss`

Note: This linter can be disabled with `set_option linter.unusedVariables false`
runs/online-ogd-migration-20261005/leaves/native-types-v2.lean:39:205: warning: unused variable `hu`

Note: This linter can be disabled with `set_option linter.unusedVariables false`
runs/online-ogd-migration-20261005/leaves/native-types-v2.lean:39:226: warning: unused variable `hdist`

Note: This linter can be disabled with `set_option linter.unusedVariables false`
runs/online-ogd-migration-20261005/leaves/native-types-v2.lean:39:249: warning: unused variable `hgrad`

Note: This linter can be disabled with `set_option linter.unusedVariables false`
@Type11 : {E : Type u_2} → [inst : NormedAddCommGroup E] → [InnerProductSpace ℝ E] → [CompleteSpace E] → Prop
runs/online-ogd-migration-20261005/leaves/native-types-v2.lean:41:67: warning: unused variable `hx₁`

Note: This linter can be disabled with `set_option linter.unusedVariables false`
runs/online-ogd-migration-20261005/leaves/native-types-v2.lean:41:98: warning: unused variable `hT`

Note: This linter can be disabled with `set_option linter.unusedVariables false`
runs/online-ogd-migration-20261005/leaves/native-types-v2.lean:41:121: warning: unused variable `hD`

Note: This linter can be disabled with `set_option linter.unusedVariables false`
runs/online-ogd-migration-20261005/leaves/native-types-v2.lean:41:134: warning: unused variable `hG`

Note: This linter can be disabled with `set_option linter.unusedVariables false`
runs/online-ogd-migration-20261005/leaves/native-types-v2.lean:41:147: warning: unused variable `hdiam`

Note: This linter can be disabled with `set_option linter.unusedVariables false`
runs/online-ogd-migration-20261005/leaves/native-types-v2.lean:41:203: warning: unused variable `hloss`

Note: This linter can be disabled with `set_option linter.unusedVariables false`
runs/online-ogd-migration-20261005/leaves/native-types-v2.lean:41:253: warning: unused variable `hgrad`

Note: This linter can be disabled with `set_option linter.unusedVariables false`
@Type12 : {E : Type u_2} → [inst : NormedAddCommGroup E] → [InnerProductSpace ℝ E] → [CompleteSpace E] → Prop
