@N01Type : {E : Type u_2} → [inst : NormedAddCommGroup E] → [InnerProductSpace ℝ E] → [CompleteSpace E] → Prop
runs/online-ogd-migration-20261005/leaves/neutral-types-v1.lean:61:46: warning: unused variable `hp`

Note: This linter can be disabled with `set_option linter.unusedVariables false`
runs/online-ogd-migration-20261005/leaves/neutral-types-v1.lean:61:67: warning: unused variable `h`

Note: This linter can be disabled with `set_option linter.unusedVariables false`
@N02Type : {E : Type u_2} → [inst : NormedAddCommGroup E] → [InnerProductSpace ℝ E] → [CompleteSpace E] → Prop
runs/online-ogd-migration-20261005/leaves/neutral-types-v1.lean:63:46: warning: unused variable `hu`

Note: This linter can be disabled with `set_option linter.unusedVariables false`
@N03Type : {E : Type u_2} → [inst : NormedAddCommGroup E] → [InnerProductSpace ℝ E] → [CompleteSpace E] → Prop
runs/online-ogd-migration-20261005/leaves/neutral-types-v1.lean:65:48: warning: unused variable `hf`

Note: This linter can be disabled with `set_option linter.unusedVariables false`
runs/online-ogd-migration-20261005/leaves/neutral-types-v1.lean:65:72: warning: unused variable `hx`

Note: This linter can be disabled with `set_option linter.unusedVariables false`
runs/online-ogd-migration-20261005/leaves/neutral-types-v1.lean:65:93: warning: unused variable `hu`

Note: This linter can be disabled with `set_option linter.unusedVariables false`
@N04Type : {E : Type u_2} → [inst : NormedAddCommGroup E] → [InnerProductSpace ℝ E] → [CompleteSpace E] → Prop
runs/online-ogd-migration-20261005/leaves/neutral-types-v1.lean:67:48: warning: unused variable `hf`

Note: This linter can be disabled with `set_option linter.unusedVariables false`
runs/online-ogd-migration-20261005/leaves/neutral-types-v1.lean:67:70: warning: unused variable `hη`

Note: This linter can be disabled with `set_option linter.unusedVariables false`
runs/online-ogd-migration-20261005/leaves/neutral-types-v1.lean:67:93: warning: unused variable `hx`

Note: This linter can be disabled with `set_option linter.unusedVariables false`
runs/online-ogd-migration-20261005/leaves/neutral-types-v1.lean:67:114: warning: unused variable `hu`

Note: This linter can be disabled with `set_option linter.unusedVariables false`
@N05Type : {E : Type u_2} → [inst : NormedAddCommGroup E] → [InnerProductSpace ℝ E] → [CompleteSpace E] → Prop
runs/online-ogd-migration-20261005/leaves/neutral-types-v1.lean:69:72: warning: unused variable `hx₁`

Note: This linter can be disabled with `set_option linter.unusedVariables false`
@N06Type : {E : Type u_2} → [inst : NormedAddCommGroup E] → [InnerProductSpace ℝ E] → [CompleteSpace E] → Prop
runs/online-ogd-migration-20261005/leaves/neutral-types-v1.lean:71:86: warning: unused variable `h`

Note: This linter can be disabled with `set_option linter.unusedVariables false`
@N07Type : {E : Type u_2} → [inst : NormedAddCommGroup E] → [InnerProductSpace ℝ E] → [CompleteSpace E] → Prop
runs/online-ogd-migration-20261005/leaves/neutral-types-v1.lean:73:44: warning: unused variable `hη`

Note: This linter can be disabled with `set_option linter.unusedVariables false`
runs/online-ogd-migration-20261005/leaves/neutral-types-v1.lean:73:85: warning: unused variable `hx₁`

Note: This linter can be disabled with `set_option linter.unusedVariables false`
runs/online-ogd-migration-20261005/leaves/neutral-types-v1.lean:73:116: warning: unused variable `hloss`

Note: This linter can be disabled with `set_option linter.unusedVariables false`
runs/online-ogd-migration-20261005/leaves/neutral-types-v1.lean:73:157: warning: unused variable `hu`

Note: This linter can be disabled with `set_option linter.unusedVariables false`
@N08Type : {E : Type u_2} → [inst : NormedAddCommGroup E] → [InnerProductSpace ℝ E] → [CompleteSpace E] → Prop
runs/online-ogd-migration-20261005/leaves/neutral-types-v1.lean:75:64: warning: unused variable `hx₁`

Note: This linter can be disabled with `set_option linter.unusedVariables false`
runs/online-ogd-migration-20261005/leaves/neutral-types-v1.lean:75:95: warning: unused variable `hT`

Note: This linter can be disabled with `set_option linter.unusedVariables false`
runs/online-ogd-migration-20261005/leaves/neutral-types-v1.lean:75:118: warning: unused variable `hD`

Note: This linter can be disabled with `set_option linter.unusedVariables false`
runs/online-ogd-migration-20261005/leaves/neutral-types-v1.lean:75:131: warning: unused variable `hG`

Note: This linter can be disabled with `set_option linter.unusedVariables false`
runs/online-ogd-migration-20261005/leaves/neutral-types-v1.lean:75:144: warning: unused variable `hloss`

Note: This linter can be disabled with `set_option linter.unusedVariables false`
runs/online-ogd-migration-20261005/leaves/neutral-types-v1.lean:75:185: warning: unused variable `hu`

Note: This linter can be disabled with `set_option linter.unusedVariables false`
runs/online-ogd-migration-20261005/leaves/neutral-types-v1.lean:75:206: warning: unused variable `hdist`

Note: This linter can be disabled with `set_option linter.unusedVariables false`
runs/online-ogd-migration-20261005/leaves/neutral-types-v1.lean:75:229: warning: unused variable `hgrad`

Note: This linter can be disabled with `set_option linter.unusedVariables false`
@N09Type : {E : Type u_2} → [inst : NormedAddCommGroup E] → [InnerProductSpace ℝ E] → [CompleteSpace E] → Prop
runs/online-ogd-migration-20261005/leaves/neutral-types-v1.lean:77:64: warning: unused variable `hx₁`

Note: This linter can be disabled with `set_option linter.unusedVariables false`
runs/online-ogd-migration-20261005/leaves/neutral-types-v1.lean:77:95: warning: unused variable `hT`

Note: This linter can be disabled with `set_option linter.unusedVariables false`
runs/online-ogd-migration-20261005/leaves/neutral-types-v1.lean:77:118: warning: unused variable `hD`

Note: This linter can be disabled with `set_option linter.unusedVariables false`
runs/online-ogd-migration-20261005/leaves/neutral-types-v1.lean:77:131: warning: unused variable `hG`

Note: This linter can be disabled with `set_option linter.unusedVariables false`
runs/online-ogd-migration-20261005/leaves/neutral-types-v1.lean:77:144: warning: unused variable `hdiam`

Note: This linter can be disabled with `set_option linter.unusedVariables false`
runs/online-ogd-migration-20261005/leaves/neutral-types-v1.lean:77:200: warning: unused variable `hloss`

Note: This linter can be disabled with `set_option linter.unusedVariables false`
runs/online-ogd-migration-20261005/leaves/neutral-types-v1.lean:77:233: warning: unused variable `hgrad`

Note: This linter can be disabled with `set_option linter.unusedVariables false`
@N10Type : {E : Type u_2} → [inst : NormedAddCommGroup E] → [InnerProductSpace ℝ E] → [CompleteSpace E] → Prop
runs/online-ogd-migration-20261005/leaves/neutral-types-v1.lean:79:76: warning: unused variable `hx₁`

Note: This linter can be disabled with `set_option linter.unusedVariables false`
@N11Type : {E : Type u_2} → [inst : NormedAddCommGroup E] → [InnerProductSpace ℝ E] → [CompleteSpace E] → Prop
runs/online-ogd-migration-20261005/leaves/neutral-types-v1.lean:81:90: warning: unused variable `h`

Note: This linter can be disabled with `set_option linter.unusedVariables false`
@N12Type : {E : Type u_2} → [inst : NormedAddCommGroup E] → [InnerProductSpace ℝ E] → [CompleteSpace E] → Prop
runs/online-ogd-migration-20261005/leaves/neutral-types-v1.lean:83:76: warning: unused variable `hx₁`

Note: This linter can be disabled with `set_option linter.unusedVariables false`
runs/online-ogd-migration-20261005/leaves/neutral-types-v1.lean:83:107: warning: unused variable `hη`

Note: This linter can be disabled with `set_option linter.unusedVariables false`
runs/online-ogd-migration-20261005/leaves/neutral-types-v1.lean:83:122: warning: unused variable `hloss`

Note: This linter can be disabled with `set_option linter.unusedVariables false`
runs/online-ogd-migration-20261005/leaves/neutral-types-v1.lean:83:154: warning: unused variable `hu`

Note: This linter can be disabled with `set_option linter.unusedVariables false`
@N13Type : {E : Type u_2} → [inst : NormedAddCommGroup E] → [InnerProductSpace ℝ E] → [CompleteSpace E] → Prop
runs/online-ogd-migration-20261005/leaves/neutral-types-v1.lean:85:55: warning: unused variable `hT`

Note: This linter can be disabled with `set_option linter.unusedVariables false`
runs/online-ogd-migration-20261005/leaves/neutral-types-v1.lean:85:68: warning: unused variable `hη`

Note: This linter can be disabled with `set_option linter.unusedVariables false`
runs/online-ogd-migration-20261005/leaves/neutral-types-v1.lean:85:92: warning: unused variable `hmono`

Note: This linter can be disabled with `set_option linter.unusedVariables false`
runs/online-ogd-migration-20261005/leaves/neutral-types-v1.lean:85:135: warning: unused variable `hbound`

Note: This linter can be disabled with `set_option linter.unusedVariables false`
N14Type : Prop
runs/online-ogd-migration-20261005/leaves/neutral-types-v1.lean:87:76: warning: unused variable `hx₁`

Note: This linter can be disabled with `set_option linter.unusedVariables false`
runs/online-ogd-migration-20261005/leaves/neutral-types-v1.lean:87:107: warning: unused variable `hT`

Note: This linter can be disabled with `set_option linter.unusedVariables false`
runs/online-ogd-migration-20261005/leaves/neutral-types-v1.lean:87:120: warning: unused variable `hη`

Note: This linter can be disabled with `set_option linter.unusedVariables false`
runs/online-ogd-migration-20261005/leaves/neutral-types-v1.lean:87:144: warning: unused variable `hmono`

Note: This linter can be disabled with `set_option linter.unusedVariables false`
runs/online-ogd-migration-20261005/leaves/neutral-types-v1.lean:87:187: warning: unused variable `hloss`

Note: This linter can be disabled with `set_option linter.unusedVariables false`
runs/online-ogd-migration-20261005/leaves/neutral-types-v1.lean:87:228: warning: unused variable `hdiam`

Note: This linter can be disabled with `set_option linter.unusedVariables false`
runs/online-ogd-migration-20261005/leaves/neutral-types-v1.lean:87:292: warning: unused variable `hu`

Note: This linter can be disabled with `set_option linter.unusedVariables false`
@N15Type : {E : Type u_2} → [inst : NormedAddCommGroup E] → [InnerProductSpace ℝ E] → [CompleteSpace E] → Prop
runs/online-ogd-migration-20261005/leaves/neutral-types-v1.lean:89:36: warning: unused variable `hV`

Note: This linter can be disabled with `set_option linter.unusedVariables false`
runs/online-ogd-migration-20261005/leaves/neutral-types-v1.lean:89:113: warning: unused variable `hx₁`

Note: This linter can be disabled with `set_option linter.unusedVariables false`
runs/online-ogd-migration-20261005/leaves/neutral-types-v1.lean:89:144: warning: unused variable `hT`

Note: This linter can be disabled with `set_option linter.unusedVariables false`
runs/online-ogd-migration-20261005/leaves/neutral-types-v1.lean:89:157: warning: unused variable `hη`

Note: This linter can be disabled with `set_option linter.unusedVariables false`
runs/online-ogd-migration-20261005/leaves/neutral-types-v1.lean:89:181: warning: unused variable `hmono`

Note: This linter can be disabled with `set_option linter.unusedVariables false`
runs/online-ogd-migration-20261005/leaves/neutral-types-v1.lean:89:224: warning: unused variable `hloss`

Note: This linter can be disabled with `set_option linter.unusedVariables false`
runs/online-ogd-migration-20261005/leaves/neutral-types-v1.lean:89:265: warning: unused variable `hu`

Note: This linter can be disabled with `set_option linter.unusedVariables false`
@N16Type : {E : Type u_2} → [inst : NormedAddCommGroup E] → [InnerProductSpace ℝ E] → [CompleteSpace E] → Prop
