runs/online-ogd-migration-20261005/leaves/neutral-types-v2.lean:67:48: warning: unused variable `hf`

Note: This linter can be disabled with `set_option linter.unusedVariables false`
@M01Type : {E : Type u_2} → [inst : NormedAddCommGroup E] → [InnerProductSpace ℝ E] → Prop
runs/online-ogd-migration-20261005/leaves/neutral-types-v2.lean:69:48: warning: unused variable `hf`

Note: This linter can be disabled with `set_option linter.unusedVariables false`
@M02Type : {E : Type u_2} → [inst : NormedAddCommGroup E] → [InnerProductSpace ℝ E] → Prop
@M03Type : {E : Type u_2} → [inst : NormedAddCommGroup E] → [InnerProductSpace ℝ E] → Prop
@M04Type : {E : Type u_2} → [inst : NormedAddCommGroup E] → [InnerProductSpace ℝ E] → [CompleteSpace E] → Prop
runs/online-ogd-migration-20261005/leaves/neutral-types-v2.lean:75:48: warning: unused variable `hf`

Note: This linter can be disabled with `set_option linter.unusedVariables false`
runs/online-ogd-migration-20261005/leaves/neutral-types-v2.lean:75:72: warning: unused variable `hx`

Note: This linter can be disabled with `set_option linter.unusedVariables false`
runs/online-ogd-migration-20261005/leaves/neutral-types-v2.lean:75:93: warning: unused variable `hu`

Note: This linter can be disabled with `set_option linter.unusedVariables false`
@M05Type : {E : Type u_2} → [inst : NormedAddCommGroup E] → [InnerProductSpace ℝ E] → [CompleteSpace E] → Prop
runs/online-ogd-migration-20261005/leaves/neutral-types-v2.lean:77:48: warning: unused variable `hf`

Note: This linter can be disabled with `set_option linter.unusedVariables false`
runs/online-ogd-migration-20261005/leaves/neutral-types-v2.lean:77:70: warning: unused variable `hη`

Note: This linter can be disabled with `set_option linter.unusedVariables false`
runs/online-ogd-migration-20261005/leaves/neutral-types-v2.lean:77:93: warning: unused variable `hx`

Note: This linter can be disabled with `set_option linter.unusedVariables false`
runs/online-ogd-migration-20261005/leaves/neutral-types-v2.lean:77:114: warning: unused variable `hu`

Note: This linter can be disabled with `set_option linter.unusedVariables false`
@M06Type : {E : Type u_2} → [inst : NormedAddCommGroup E] → [InnerProductSpace ℝ E] → [CompleteSpace E] → Prop
runs/online-ogd-migration-20261005/leaves/neutral-types-v2.lean:79:44: warning: unused variable `hη`

Note: This linter can be disabled with `set_option linter.unusedVariables false`
runs/online-ogd-migration-20261005/leaves/neutral-types-v2.lean:79:85: warning: unused variable `hx₁`

Note: This linter can be disabled with `set_option linter.unusedVariables false`
runs/online-ogd-migration-20261005/leaves/neutral-types-v2.lean:79:116: warning: unused variable `hloss`

Note: This linter can be disabled with `set_option linter.unusedVariables false`
runs/online-ogd-migration-20261005/leaves/neutral-types-v2.lean:79:157: warning: unused variable `hu`

Note: This linter can be disabled with `set_option linter.unusedVariables false`
@M07Type : {E : Type u_2} → [inst : NormedAddCommGroup E] → [InnerProductSpace ℝ E] → [CompleteSpace E] → Prop
runs/online-ogd-migration-20261005/leaves/neutral-types-v2.lean:81:76: warning: unused variable `hx₁`

Note: This linter can be disabled with `set_option linter.unusedVariables false`
runs/online-ogd-migration-20261005/leaves/neutral-types-v2.lean:81:107: warning: unused variable `hη`

Note: This linter can be disabled with `set_option linter.unusedVariables false`
runs/online-ogd-migration-20261005/leaves/neutral-types-v2.lean:81:122: warning: unused variable `hloss`

Note: This linter can be disabled with `set_option linter.unusedVariables false`
runs/online-ogd-migration-20261005/leaves/neutral-types-v2.lean:81:154: warning: unused variable `hu`

Note: This linter can be disabled with `set_option linter.unusedVariables false`
@M08Type : {E : Type u_2} → [inst : NormedAddCommGroup E] → [InnerProductSpace ℝ E] → [CompleteSpace E] → Prop
runs/online-ogd-migration-20261005/leaves/neutral-types-v2.lean:83:76: warning: unused variable `hx₁`

Note: This linter can be disabled with `set_option linter.unusedVariables false`
runs/online-ogd-migration-20261005/leaves/neutral-types-v2.lean:83:107: warning: unused variable `hT`

Note: This linter can be disabled with `set_option linter.unusedVariables false`
runs/online-ogd-migration-20261005/leaves/neutral-types-v2.lean:83:120: warning: unused variable `hη`

Note: This linter can be disabled with `set_option linter.unusedVariables false`
runs/online-ogd-migration-20261005/leaves/neutral-types-v2.lean:83:144: warning: unused variable `hmono`

Note: This linter can be disabled with `set_option linter.unusedVariables false`
runs/online-ogd-migration-20261005/leaves/neutral-types-v2.lean:83:187: warning: unused variable `hloss`

Note: This linter can be disabled with `set_option linter.unusedVariables false`
runs/online-ogd-migration-20261005/leaves/neutral-types-v2.lean:83:228: warning: unused variable `hdiam`

Note: This linter can be disabled with `set_option linter.unusedVariables false`
runs/online-ogd-migration-20261005/leaves/neutral-types-v2.lean:83:292: warning: unused variable `hu`

Note: This linter can be disabled with `set_option linter.unusedVariables false`
@M09Type : {E : Type u_2} → [inst : NormedAddCommGroup E] → [InnerProductSpace ℝ E] → [CompleteSpace E] → Prop
runs/online-ogd-migration-20261005/leaves/neutral-types-v2.lean:85:36: warning: unused variable `hV`

Note: This linter can be disabled with `set_option linter.unusedVariables false`
runs/online-ogd-migration-20261005/leaves/neutral-types-v2.lean:85:113: warning: unused variable `hx₁`

Note: This linter can be disabled with `set_option linter.unusedVariables false`
runs/online-ogd-migration-20261005/leaves/neutral-types-v2.lean:85:144: warning: unused variable `hT`

Note: This linter can be disabled with `set_option linter.unusedVariables false`
runs/online-ogd-migration-20261005/leaves/neutral-types-v2.lean:85:157: warning: unused variable `hη`

Note: This linter can be disabled with `set_option linter.unusedVariables false`
runs/online-ogd-migration-20261005/leaves/neutral-types-v2.lean:85:181: warning: unused variable `hmono`

Note: This linter can be disabled with `set_option linter.unusedVariables false`
runs/online-ogd-migration-20261005/leaves/neutral-types-v2.lean:85:224: warning: unused variable `hloss`

Note: This linter can be disabled with `set_option linter.unusedVariables false`
runs/online-ogd-migration-20261005/leaves/neutral-types-v2.lean:85:265: warning: unused variable `hu`

Note: This linter can be disabled with `set_option linter.unusedVariables false`
@M10Type : {E : Type u_2} → [inst : NormedAddCommGroup E] → [InnerProductSpace ℝ E] → [CompleteSpace E] → Prop
runs/online-ogd-migration-20261005/leaves/neutral-types-v2.lean:87:64: warning: unused variable `hx₁`

Note: This linter can be disabled with `set_option linter.unusedVariables false`
runs/online-ogd-migration-20261005/leaves/neutral-types-v2.lean:87:95: warning: unused variable `hT`

Note: This linter can be disabled with `set_option linter.unusedVariables false`
runs/online-ogd-migration-20261005/leaves/neutral-types-v2.lean:87:118: warning: unused variable `hD`

Note: This linter can be disabled with `set_option linter.unusedVariables false`
runs/online-ogd-migration-20261005/leaves/neutral-types-v2.lean:87:131: warning: unused variable `hG`

Note: This linter can be disabled with `set_option linter.unusedVariables false`
runs/online-ogd-migration-20261005/leaves/neutral-types-v2.lean:87:144: warning: unused variable `hloss`

Note: This linter can be disabled with `set_option linter.unusedVariables false`
runs/online-ogd-migration-20261005/leaves/neutral-types-v2.lean:87:185: warning: unused variable `hu`

Note: This linter can be disabled with `set_option linter.unusedVariables false`
runs/online-ogd-migration-20261005/leaves/neutral-types-v2.lean:87:206: warning: unused variable `hdist`

Note: This linter can be disabled with `set_option linter.unusedVariables false`
runs/online-ogd-migration-20261005/leaves/neutral-types-v2.lean:87:229: warning: unused variable `hgrad`

Note: This linter can be disabled with `set_option linter.unusedVariables false`
@M11Type : {E : Type u_2} → [inst : NormedAddCommGroup E] → [InnerProductSpace ℝ E] → [CompleteSpace E] → Prop
runs/online-ogd-migration-20261005/leaves/neutral-types-v2.lean:89:64: warning: unused variable `hx₁`

Note: This linter can be disabled with `set_option linter.unusedVariables false`
runs/online-ogd-migration-20261005/leaves/neutral-types-v2.lean:89:95: warning: unused variable `hT`

Note: This linter can be disabled with `set_option linter.unusedVariables false`
runs/online-ogd-migration-20261005/leaves/neutral-types-v2.lean:89:118: warning: unused variable `hD`

Note: This linter can be disabled with `set_option linter.unusedVariables false`
runs/online-ogd-migration-20261005/leaves/neutral-types-v2.lean:89:131: warning: unused variable `hG`

Note: This linter can be disabled with `set_option linter.unusedVariables false`
runs/online-ogd-migration-20261005/leaves/neutral-types-v2.lean:89:144: warning: unused variable `hdiam`

Note: This linter can be disabled with `set_option linter.unusedVariables false`
runs/online-ogd-migration-20261005/leaves/neutral-types-v2.lean:89:200: warning: unused variable `hloss`

Note: This linter can be disabled with `set_option linter.unusedVariables false`
runs/online-ogd-migration-20261005/leaves/neutral-types-v2.lean:89:233: warning: unused variable `hgrad`

Note: This linter can be disabled with `set_option linter.unusedVariables false`
@M12Type : {E : Type u_2} → [inst : NormedAddCommGroup E] → [InnerProductSpace ℝ E] → [CompleteSpace E] → Prop
