public-fence-v2-source_to_feasible exit 0 seconds 0.219
safe-public-v2-source_to_feasible exit 0 seconds 0.219
public-fence-v2-regular_to_feasible exit 0 seconds 0.218
safe-public-v2-regular_to_feasible exit 0 seconds 0.219
public-fence-v2-linear_regular exit 0 seconds 0.219
safe-public-v2-linear_regular exit 0 seconds 0.219
public-fence-v2-gradient_linear exit 0 seconds 0.218
safe-public-v2-gradient_linear exit 0 seconds 0.219
public-fence-v2-first_order exit 0 seconds 0.203
safe-public-v2-first_order exit 0 seconds 0.218
public-fence-v2-lemma_2_12 exit 0 seconds 0.219
safe-public-v2-lemma_2_12 exit 0 seconds 0.235
public-fence-v2-theorem_2_13_fixed exit 0 seconds 0.219
safe-public-v2-theorem_2_13_fixed exit 0 seconds 0.218
public-fence-v2-variable_one_step exit 0 seconds 0.219
safe-public-v2-variable_one_step exit 0 seconds 0.219
public-fence-v2-theorem_2_13_variable_bound exit 0 seconds 0.219
safe-public-v2-theorem_2_13_variable_bound exit 0 seconds 0.234
public-fence-v2-theorem_2_13_variable exit 0 seconds 0.234
safe-public-v2-theorem_2_13_variable exit 0 seconds 0.203
public-fence-v2-equation_2_1_distance exit 0 seconds 0.235
safe-public-v2-equation_2_1_distance exit 0 seconds 0.218
public-fence-v2-equation_2_1 exit 0 seconds 0.219
safe-public-v2-equation_2_1 exit 0 seconds 0.219
public-declaration-retrieval-v2 exit 0 seconds 7.86
Twelve actual public fences/safe guards passed;75 named axiom/check targets prepared.
