BanditRL.OnlineGradientDescentSource.FeasibleRegularLoss [def] BanditRLProof/OnlineGradientDescentSource.lean:23
  def FeasibleRegularLoss (V : Domain E) (f : E → ℝ) : Prop
BanditRL.OnlineGradientDescentSource.SourceRegularLoss [def] BanditRLProof/OnlineGradientDescentSource.lean:27
  def SourceRegularLoss (V : Domain E) (f : E → ℝ) : Prop
BanditRL.OnlineGradientDescentSource.source_to_feasible [theorem] BanditRLProof/OnlineGradientDescentSource.lean:32
  theorem source_to_feasible (V : Domain E) (f : E → ℝ) (hf : SourceRegularLoss V f) : FeasibleRegularLoss V f
BanditRL.OnlineGradientDescentSource.regular_to_feasible [theorem] BanditRLProof/OnlineGradientDescentSource.lean:38
  theorem regular_to_feasible (V : Domain E) (f : E → ℝ) (hf : RegularLoss V f) : FeasibleRegularLoss V f
BanditRL.OnlineGradientDescentSource.linear_regular [theorem] BanditRLProof/OnlineGradientDescentSource.lean:45
  theorem linear_regular (V : Domain E) (g : E) : RegularLoss V (fun z => inner ℝ g z)
BanditRL.OnlineGradientDescentSource.gradient_linear [theorem] BanditRLProof/OnlineGradientDescentSource.lean:53
  theorem gradient_linear (g x : E) : gradient (fun z => inner ℝ g z) x = g
BanditRL.OnlineGradientDescentSource.first_order [theorem] BanditRLProof/OnlineGradientDescentSource.lean:60
  theorem first_order (V : Domain E) (f : E → ℝ) (hf : FeasibleRegularLoss V f) (x u : E) (hx : x ∈ V.carrier) (hu : u ∈ V.carrier) : f x - f u ≤ inner ℝ (gradient f x) (x - u)
BanditRL.OnlineGradientDescentSource.lemma_2_12 [theorem] BanditRLProof/OnlineGradientDescentSource.lean:69
  theorem lemma_2_12 (V : Domain E) (f : E → ℝ) (hf : FeasibleRegularLoss V f) (η : ℝ) (hη : 0 < η) (x u : E) (hx : x ∈ V.carrier) (hu : u ∈ V.carrier) : η * (f x - f u) ≤ η * inner ℝ (gradient f x) (x - u) ∧ η * inner ℝ (gradient f x) (x - u) ≤ ‖x - u‖ ^ 2 / 2 - ‖step V η f x - u‖ ^ 2 / 2 + η ^ 2 / 2 * ‖gradient f x‖ ^ 2
BanditRL.OnlineGradientDescentSource.theorem_2_13_fixed [theorem] BanditRLProof/OnlineGradientDescentSource.lean:82
  theorem theorem_2_13_fixed (V : Domain E) (η : ℝ) (hη : 0 < η) (loss : ℕ → E → ℝ) (x₁ : E) (hx₁ : x₁ ∈ V.carrier) (T : ℕ) (hloss : ∀ t < T, FeasibleRegularLoss V (loss t)) (u : E) (hu : u ∈ V.carrier) : regret V η loss x₁ u T ≤ ‖x₁ - u‖ ^ 2 / (2 * η) + η / 2 * (∑ t ∈ range T, ‖gradient (loss t) (iterate V η loss x₁ t)‖ ^ 2) - ‖iterate V η loss x₁ T - u‖ ^ 2 / (2 * η)
BanditRL.OnlineGradientDescentSource.variable_one_step [theorem] BanditRLProof/OnlineGradientDescentSource.lean:108
  theorem variable_one_step (V : Domain E) (η : ℕ → ℝ) (loss : ℕ → E → ℝ) (x₁ : E) (hx₁ : x₁ ∈ V.carrier) (t : ℕ) (hη : 0 < η t) (hloss : FeasibleRegularLoss V (loss t)) (u : E) (hu : u ∈ V.carrier) : loss t (iterateVariable V η loss x₁ t) - loss t u ≤ (‖iterateVariable V η loss x₁ t - u‖ ^ 2 - ‖iterateVariable V η loss x₁ (t + 1) - u‖ ^ 2) / (2 * η t) + η t / 2 * ‖gradient (loss t) (iterateVariable V η loss x₁ t)‖ ^ 2
BanditRL.OnlineGradientDescentSource.theorem_2_13_variable_bound [theorem] BanditRLProof/OnlineGradientDescentSource.lean:130
  theorem theorem_2_13_variable_bound (V : Domain E) (η : ℕ → ℝ) (loss : ℕ → E → ℝ) (x₁ : E) (hx₁ : x₁ ∈ V.carrier) (T : ℕ) (hT : 0 < T) (hη : ∀ t < T, 0 < η t) (hmono : ∀ t, t + 1 < T → η (t + 1) ≤ η t) (hloss : ∀ t < T, FeasibleRegularLoss V (loss t)) (D : ℝ) (hdiam : ∀ x ∈ V.carrier, ∀ y ∈ V.carrier, ‖x - y‖ ≤ D) (u : E) (hu : u ∈ V.carrier) : regretVariable V η loss x₁ u T ≤ D ^ 2 / (2 * η (T - 1)) + (∑ t ∈ range T, η t / 2 * ‖gradient (loss t) (iterateVariable V η loss x₁ t)‖ ^ 2) - ‖iterateVariable V η loss x₁ T - u‖ ^ 2 / (2 * η (T - 1))
BanditRL.OnlineGradientDescentSource.theorem_2_13_variable [theorem] BanditRLProof/OnlineGradientDescentSource.lean:151
  theorem theorem_2_13_variable (V : Domain E) (hV : Bornology.IsBounded V.carrier) (η : ℕ → ℝ) (loss : ℕ → E → ℝ) (x₁ : E) (hx₁ : x₁ ∈ V.carrier) (T : ℕ) (hT : 0 < T) (hη : ∀ t < T, 0 < η t) (hmono : ∀ t, t + 1 < T → η (t + 1) ≤ η t) (hloss : ∀ t < T, FeasibleRegularLoss V (loss t)) (u : E) (hu : u ∈ V.carrier) : regretVariable V η loss x₁ u T ≤ (Metric.diam V.carrier) ^ 2 / (2 * η (T - 1)) + (∑ t ∈ range T, η t / 2 * ‖gradient (loss t) (iterateVariable V η loss x₁ t)‖ ^ 2) - ‖iterateVariable V η loss x₁ T - u‖ ^ 2 / (2 * η (T - 1))
BanditRL.OnlineGradientDescentSource.equation_2_1_distance [theorem] BanditRLProof/OnlineGradientDescentSource.lean:165
  theorem equation_2_1_distance (V : Domain E) (loss : ℕ → E → ℝ) (x₁ : E) (hx₁ : x₁ ∈ V.carrier) (T : ℕ) (hT : 0 < T) (D G : ℝ) (hD : 0 < D) (hG : 0 < G) (hloss : ∀ t < T, FeasibleRegularLoss V (loss t)) (u : E) (hu : u ∈ V.carrier) (hdist : ‖x₁ - u‖ ≤ D) (hgrad : ∀ t < T, ‖gradient (loss t) (iterate V (D / (G * Real.sqrt T)) loss x₁ t)‖ ≤ G) : regret V (D / (G * Real.sqrt T)) loss x₁ u T ≤ D * G * Real.sqrt T
BanditRL.OnlineGradientDescentSource.equation_2_1 [theorem] BanditRLProof/OnlineGradientDescentSource.lean:199
  theorem equation_2_1 (V : Domain E) (loss : ℕ → E → ℝ) (x₁ : E) (hx₁ : x₁ ∈ V.carrier) (T : ℕ) (hT : 0 < T) (D G : ℝ) (hD : 0 < D) (hG : 0 < G) (hdiam : ∀ x ∈ V.carrier, ∀ y ∈ V.carrier, ‖x - y‖ ≤ D) (hloss : ∀ t < T, FeasibleRegularLoss V (loss t)) (hgrad : ∀ t < T, ‖gradient (loss t) (iterate V (D / (G * Real.sqrt T)) loss x₁ t)‖ ≤ G) : ∀ u ∈ V.carrier, regret V (D / (G * Real.sqrt T)) loss x₁ u T ≤ D * G * Real.sqrt T
Tests.OnlineGradientDescentSource.Plane [abbrev] Tests/OnlineGradientDescentSourceCanary.lean:13
  abbrev Plane
Tests.OnlineGradientDescentSource.e0 [def] Tests/OnlineGradientDescentSourceCanary.lean:14
  def e0 : Plane
Tests.OnlineGradientDescentSource.e1 [def] Tests/OnlineGradientDescentSourceCanary.lean:15
  def e1 : Plane
Tests.OnlineGradientDescentSource.e00 [theorem] Tests/OnlineGradientDescentSourceCanary.lean:17
  @[simp] theorem e00 : inner ℝ e0 e0 = 1
Tests.OnlineGradientDescentSource.e01 [theorem] Tests/OnlineGradientDescentSourceCanary.lean:19
  @[simp] theorem e01 : inner ℝ e0 e1 = 0
Tests.OnlineGradientDescentSource.e10 [theorem] Tests/OnlineGradientDescentSourceCanary.lean:21
  @[simp] theorem e10 : inner ℝ e1 e0 = 0
Tests.OnlineGradientDescentSource.e11 [theorem] Tests/OnlineGradientDescentSourceCanary.lean:23
  @[simp] theorem e11 : inner ℝ e1 e1 = 1
Tests.OnlineGradientDescentSource.norm_e0 [theorem] Tests/OnlineGradientDescentSourceCanary.lean:25
  @[simp] theorem norm_e0 : ‖e0‖ = 1
Tests.OnlineGradientDescentSource.norm_e1 [theorem] Tests/OnlineGradientDescentSourceCanary.lean:26
  @[simp] theorem norm_e1 : ‖e1‖ = 1
Tests.OnlineGradientDescentSource.axis [def] Tests/OnlineGradientDescentSourceCanary.lean:28
  def axis : Domain Plane where
Tests.OnlineGradientDescentSource.maxExp [def] Tests/OnlineGradientDescentSourceCanary.lean:40
  def maxExp (z : Plane) : ℝ
Tests.OnlineGradientDescentSource.smoothRegion [def] Tests/OnlineGradientDescentSourceCanary.lean:41
  def smoothRegion : Set Plane
Tests.OnlineGradientDescentSource.region_open [theorem] Tests/OnlineGradientDescentSourceCanary.lean:43
  theorem region_open : IsOpen smoothRegion
Tests.OnlineGradientDescentSource.axis_in_region [theorem] Tests/OnlineGradientDescentSourceCanary.lean:52
  theorem axis_in_region : axis.carrier ⊆ smoothRegion
Tests.OnlineGradientDescentSource.maxExp_on_region [theorem] Tests/OnlineGradientDescentSourceCanary.lean:59
  theorem maxExp_on_region (z : Plane) (hz : z ∈ smoothRegion) : maxExp z = Real.exp (-inner ℝ e0 z)
Tests.OnlineGradientDescentSource.maxExp_eventually [theorem] Tests/OnlineGradientDescentSourceCanary.lean:62
  theorem maxExp_eventually (z : Plane) (hz : z ∈ smoothRegion) : maxExp =ᶠ[𝓝 z] (fun w => Real.exp (-inner ℝ e0 w))
Tests.OnlineGradientDescentSource.maxExp_source [theorem] Tests/OnlineGradientDescentSourceCanary.lean:68
  theorem maxExp_source : BanditRL.OnlineGradientDescentSource.SourceRegularLoss axis maxExp
Tests.OnlineGradientDescentSource.region_not_convex [theorem] Tests/OnlineGradientDescentSourceCanary.lean:83
  theorem region_not_convex : ¬ Convex ℝ smoothRegion
Tests.OnlineGradientDescentSource.gradient_at_zero [theorem] Tests/OnlineGradientDescentSourceCanary.lean:98
  theorem gradient_at_zero : gradient maxExp (0 : Plane) = -e0
Tests.OnlineGradientDescentSource.project_e0 [theorem] Tests/OnlineGradientDescentSourceCanary.lean:105
  theorem project_e0 : project axis e0 = e0
Tests.OnlineGradientDescentSource.axis_first_point [theorem] Tests/OnlineGradientDescentSourceCanary.lean:110
  theorem axis_first_point : iterate axis 1 (fun _ => maxExp) 0 1 = e0
Tests.OnlineGradientDescentSource.maxExp_zero [theorem] Tests/OnlineGradientDescentSourceCanary.lean:113
  theorem maxExp_zero : maxExp (0 : Plane) = 1
Tests.OnlineGradientDescentSource.maxExp_two [theorem] Tests/OnlineGradientDescentSourceCanary.lean:114
  theorem maxExp_two : maxExp ((2 : ℝ) • e0) = Real.exp (-2)
Tests.OnlineGradientDescentSource.positive_regret [theorem] Tests/OnlineGradientDescentSourceCanary.lean:117
  theorem positive_regret : 0 < regret axis 1 (fun _ => maxExp) 0 ((2 : ℝ) • e0) 1
Tests.OnlineGradientDescentSource.terminal_distance [theorem] Tests/OnlineGradientDescentSourceCanary.lean:122
  theorem terminal_distance : ‖iterate axis 1 (fun _ => maxExp) 0 1 - (2 : ℝ) • e0‖ ^ 2 = 1
Tests.OnlineGradientDescentSource.source_nondegenerate [theorem] Tests/OnlineGradientDescentSourceCanary.lean:130
  theorem source_nondegenerate : gradient maxExp (0 : Plane) = -e0 ∧ ‖gradient maxExp (0 : Plane)‖ = 1 ∧ iterate axis 1 (fun _ => maxExp) 0 1 = e0 ∧ 0 < regret axis 1 (fun _ => maxExp) 0 ((2 : ℝ) • e0) 1 ∧ ‖iterate axis 1 (fun _ => maxExp) 0 1 - (2 : ℝ) • e0‖ ^ 2 = 1
Tests.OnlineGradientDescentSource.repaired_one_step [theorem] Tests/OnlineGradientDescentSourceCanary.lean:139
  theorem repaired_one_step : 1 * (maxExp 0 - maxExp ((2 : ℝ) • e0)) ≤ 1 * inner ℝ (gradient maxExp 0) (0 - (2 : ℝ) • e0) ∧ 1 * inner ℝ (gradient maxExp 0) (0 - (2 : ℝ) • e0) ≤ ‖(0 : Plane) - (2 : ℝ) • e0‖ ^ 2 / 2 - ‖step axis 1 maxExp 0 - (2 : ℝ) • e0‖ ^ 2 / 2 + 1 ^ 2 / 2 * ‖gradient maxExp 0‖ ^ 2
Tests.OnlineGradientDescentSource.repaired_fixed_endpoint [theorem] Tests/OnlineGradientDescentSourceCanary.lean:149
  theorem repaired_fixed_endpoint : regret axis 1 (fun _ => maxExp) 0 ((2 : ℝ) • e0) 1 ≤ ‖(0 : Plane) - (2 : ℝ) • e0‖ ^ 2 / (2 * 1) + 1 / 2 * (∑ t ∈ range 1, ‖gradient maxExp (iterate axis 1 (fun _ => maxExp) 0 t)‖ ^ 2) - ‖iterate axis 1 (fun _ => maxExp) 0 1 - (2 : ℝ) • e0‖ ^ 2 / (2 * 1)
Tests.OnlineGradientDescentSource.axis_unbounded [theorem] Tests/OnlineGradientDescentSourceCanary.lean:159
  theorem axis_unbounded : ¬ Bornology.IsBounded axis.carrier
Tests.OnlineGradientDescentSource.active_projection_fixed [theorem] Tests/OnlineGradientDescentSourceCanary.lean:173
  theorem active_projection_fixed : regret interval 1 losses 0 0 2 ≤ ‖(0 : ℝ) - 0‖ ^ 2 / (2 * 1) + 1 / 2 * (∑ t ∈ range 2, ‖gradient (losses t) (iterate interval 1 losses 0 t)‖ ^ 2) - ‖iterate interval 1 losses 0 2 - 0‖ ^ 2 / (2 * 1)
Tests.OnlineGradientDescentSource.active_projection_variable [theorem] Tests/OnlineGradientDescentSourceCanary.lean:182
  theorem active_projection_variable : regretVariable interval rates losses 0 0 2 ≤ (Metric.diam interval.carrier) ^ 2 / (2 * rates (2 - 1)) + (∑ t ∈ range 2, rates t / 2 * ‖gradient (losses t) (iterateVariable interval rates losses 0 t)‖ ^ 2) - ‖iterateVariable interval rates losses 0 2 - 0‖ ^ 2 / (2 * rates (2 - 1))
Tests.OnlineGradientDescentSource.active_projection_tuned [theorem] Tests/OnlineGradientDescentSourceCanary.lean:199
  theorem active_projection_tuned : ∀ u ∈ interval.carrier, regret interval (1 / (2 * Real.sqrt 2)) losses 0 u 2 ≤ 1 * 2 * Real.sqrt 2
Tests.OnlineGradientDescentSource.fixed_zero_round [theorem] Tests/OnlineGradientDescentSourceCanary.lean:214
  theorem fixed_zero_round : regret axis 1 (fun _ => maxExp) 0 ((2 : ℝ) • e0) 0 ≤ ‖(0 : Plane) - (2 : ℝ) • e0‖ ^ 2 / (2 * 1) + 1 / 2 * (∑ t ∈ range 0, ‖gradient maxExp (iterate axis 1 (fun _ => maxExp) 0 t)‖ ^ 2) - ‖iterate axis 1 (fun _ => maxExp) 0 0 - (2 : ℝ) • e0‖ ^ 2 / (2 * 1)
Tests.OnlineGradientDescentSource.zero_round_cancellation [theorem] Tests/OnlineGradientDescentSourceCanary.lean:224
  theorem zero_round_cancellation : regret axis 1 (fun _ => maxExp) 0 ((2 : ℝ) • e0) 0 = 0 ∧ ‖(0 : Plane) - (2 : ℝ) • e0‖ ^ 2 / (2 * 1) + 1 / 2 * (∑ t ∈ range 0, ‖gradient maxExp (iterate axis 1 (fun _ => maxExp) 0 t)‖ ^ 2) - ‖iterate axis 1 (fun _ => maxExp) 0 0 - (2 : ℝ) • e0‖ ^ 2 / (2 * 1) = 0
Tests.OnlineGradientDescentSource.pointDomain [def] Tests/OnlineGradientDescentSourceCanary.lean:232
  def pointDomain : Domain ℝ where
Tests.OnlineGradientDescentSource.variable_one_round_zero_diameter [theorem] Tests/OnlineGradientDescentSourceCanary.lean:239
  theorem variable_one_round_zero_diameter : regretVariable pointDomain (fun _ => 1) (fun _ x => inner ℝ (1 : ℝ) x) 0 0 1 ≤ (0 : ℝ) ^ 2 / (2 * 1) + (∑ t ∈ range 1, 1 / 2 * ‖gradient (fun x : ℝ => inner ℝ (1 : ℝ) x) (iterateVariable pointDomain (fun _ => 1) (fun _ x => inner ℝ (1 : ℝ) x) 0 t)‖ ^ 2) - ‖iterateVariable pointDomain (fun _ => 1) (fun _ x => inner ℝ (1 : ℝ) x) 0 1 - 0‖ ^ 2 / (2 * 1)
Tests.OnlineGradientDescentSource.prefix_future_independence [theorem] Tests/OnlineGradientDescentSourceCanary.lean:259
  theorem prefix_future_independence : iterate interval 1 losses 0 2 = iterate interval 1 (fun t => if t < 2 then losses t else fun x => 100 * x) 0 2
