local: LOCAL-LEAF-TSALLIS-FINITE-ARM-NONIDENTICAL-GLOBAL-MEAN-SWITCH-COUNT-HORIZON-COMPRESSED-LOG-DYNAMIC-REGRET: BanditRLProof.TsallisFiniteArmIndependentGlobalMeanSwitchCountCompressedDynamicRegret
local: LOCAL-LEAF-OFUL-SCHEDULED-GENERATED-TRAJECTORY-BOUNDED-STOPPING-TIME-EXPECTED-PSEUDOREGRET-RATE: BanditRLProof.OFULScheduledBoundedStoppingTimeExpectedRegret
local: LOCAL-LEAF-OFUL-SCHEDULED-GENERATED-TRAJECTORY-UNBOUNDED-STOPPING-TIME-SQUARE-INTEGRABLE-CLOSED-EXPECTED-PSEUDOREGRET-RATE: BanditRLProof.OFULScheduledUnboundedStoppingTimeExpectedRegretClosed
local: LOCAL-LEAF-OFUL-SCHEDULED-GENERATED-TRAJECTORY-BOUNDED-STOPPING-TIME-ASYMPTOTIC-EXPECTED-PSEUDOREGRET-RATE: BanditRLProof.OFULScheduledBoundedStoppingTimeExpectedRegretAsymptotics
local: LOCAL-LEAF-OFUL-SELECTED-WIDTH-SUMMATION: BanditRLProof.OFULSelectedWidthSummation
local: LOCAL-LEAF-OFUL-GENERATED-TRAJECTORY-STANDARD-RADIUS-WIDTH-GAP-TAIL: BanditRLProof.OFULGeneratedTrajectoryRadiusWidth
local: LOCAL-LEAF-OFUL-GENERATED-TRAJECTORY-EXPLICIT-HIGH-PROBABILITY-PSEUDOREGRET-RATE: BanditRLProof.OFULHighProbabilityRegretRate
local: LOCAL-LEAF-OFUL-GENERATED-TRAJECTORY-EXPLICIT-EXPECTED-PSEUDOREGRET-RATE: BanditRLProof.OFULExpectedRegretRate
local: LOCAL-LEAF-OFUL-GENERATED-TRAJECTORY-ASYMPTOTIC-EXPECTED-PSEUDOREGRET-RATE: BanditRLProof.OFULExpectedRegretAsymptotics
local: LOCAL-LEAF-OFUL-STANDARD-LOG-ELLIPTICAL-POTENTIAL-FOUNDATION: BanditRLProof.OFULEllipticalPotentialFoundation
lean: BanditRLProof.OFUL.standardLogDeterminantAndEllipticalPotential [theorem] BanditRLProof/OFULEllipticalPotentialFoundation.lean:25
  theorem standardLogDeterminantAndEllipticalPotential {Feature : Type u} [Fintype Feature] [DecidableEq Feature] [Nonempty Feature] (lambda : Real) (hlambda : 0 < lambda) (history : Nat -> Feature -> Real) (T : Nat) (L2 : Real) (hL2 : 0 <= L2) (hbound : forall t : Nat, t < T -> dotProduct (history t) (history t) <= L2) : (regularizedPrefixFeatureGram lambda history T).det <= lambda ^ Fintype.card Feature * Real.exp ((Fintype.card Feature : Real) * Real.log (1 + (T * L2) / ((Fintype.card Feature : Real) * lambda))) /\ (Finset.range T).sum (fun t => min 1 (dotProduct (history t) (Matrix.mulVec ((regularizedPrefixFeatureGram lambda history t)⁻¹) (history t)))) <= 2 * ((Fintype.card Feature : Real) * Real.log (1 + (T * L2) / ((Fintype.card Feature : Real) * lambda)))
lean: BanditRLProof.OFUL.standardScalarLogDetBudget_isBigO_log [theorem] BanditRLProof/OFULExpectedRegretAsymptotics.lean:21
  theorem standardScalarLogDetBudget_isBigO_log {Feature : Type u} [Fintype Feature] [Nonempty Feature] (lambda : Real) (hlambda : 0 < lambda) (L2 : Real) (hL2 : 0 <= L2) : (fun horizon : Nat => standardScalarLogDetBudget (Feature := Feature) lambda (horizon + 1) L2) =O[atTop] (fun horizon : Nat => Real.log (((horizon + 1 : Nat) : Real)))
lean: BanditRLProof.OFUL.standardScalarLogDetBudget [def] BanditRLProof/OFULGeneratedTrajectoryRadiusWidth.lean:21
  noncomputable def standardScalarLogDetBudget {Feature : Type u} [Fintype Feature] (lambda : Real) (T : Nat) (L2 : Real) : Real
lean: BanditRLProof.OFUL.standardScalarLogDetBudget_mono [theorem] BanditRLProof/OFULGeneratedTrajectoryRadiusWidth.lean:79
  theorem standardScalarLogDetBudget_mono {Feature : Type u} [Fintype Feature] [Nonempty Feature] (lambda : Real) (hlambda : 0 < lambda) (L2 : Real) (hL2 : 0 <= L2) {n T : Nat} (hnT : n <= T) : standardScalarLogDetBudget (Feature := Feature) lambda n L2 <= standardScalarLogDetBudget (Feature := Feature) lambda T L2
lean: BanditRLProof.OFUL.standardScalarLogDetBudget_nonneg [theorem] BanditRLProof/OFULGeneratedTrajectoryRadiusWidth.lean:118
  theorem standardScalarLogDetBudget_nonneg {Feature : Type u} [Fintype Feature] [Nonempty Feature] (lambda : Real) (hlambda : 0 < lambda) (T : Nat) (L2 : Real) (hL2 : 0 <= L2) : 0 <= standardScalarLogDetBudget (Feature := Feature) lambda T L2
lean: BanditRLProof.OFUL.standardScalarLogDetBudget_le_rounds_mul_div [theorem] BanditRLProof/OFULScheduledUnboundedStoppingTimeExpectedRegretClosed.lean:20
  theorem standardScalarLogDetBudget_le_rounds_mul_div {Feature : Type u} [Fintype Feature] [Nonempty Feature] (lambda : Real) (hlambda : 0 < lambda) (rounds : Nat) (L2 : Real) (hL2 : 0 <= L2) : standardScalarLogDetBudget (Feature := Feature) lambda rounds L2 <= (rounds : Real) * (L2 / lambda)
lean: BanditRL.OnlineGradientDescent.unitInterval [def] BanditRLProof/OnlineGuessingOGD.lean:8
  def unitInterval : Domain ℝ where
lean: BanditRL.OnlineGradientDescent.project_unitInterval [theorem] BanditRLProof/OnlineGuessingOGD.lean:14
  theorem project_unitInterval (z : ℝ) : project unitInterval z = min (max z 0) 1
lean: BanditRL.OnlineGradientDescent.square_regular [theorem] BanditRLProof/OnlineGuessingOGD.lean:38
  theorem square_regular (y : ℝ) : RegularLoss unitInterval (fun x : ℝ => (x-y)^2)
lean: BanditRL.OnlineGradientDescent.gradient_square [theorem] BanditRLProof/OnlineGuessingOGD.lean:45
  theorem gradient_square (y x : ℝ) : gradient (fun x : ℝ => (x-y)^2) x = 2 * (x-y)
lean: BanditRL.OnlineGradientDescent.gradient_square_bound [theorem] BanditRLProof/OnlineGuessingOGD.lean:49
  theorem gradient_square_bound (y x : ℝ) (hy : y ∈ Icc (0 : ℝ) 1) (hx : x ∈ Icc (0 : ℝ) 1) : ‖gradient (fun x : ℝ => (x-y)^2) x‖ ≤ 2
lean: BanditRL.OnlineGradientDescent.square_step_clamp [theorem] BanditRLProof/OnlineGuessingOGD.lean:54
  theorem square_step_clamp (η y x : ℝ) : step unitInterval η (fun x : ℝ => (x-y)^2) x = min (max (x - 2 * η * (x-y)) 0) 1
lean: BanditRL.OnlineGradientDescent.example_2_14 [theorem] BanditRLProof/OnlineGuessingOGD.lean:62
  theorem example_2_14 (y : ℕ → ℝ) (x0 : ℝ) (hx0 : x0 ∈ Icc (0 : ℝ) 1) (T : ℕ) (hT : 0 < T) (hy : ∀ t < T, y t ∈ Icc (0 : ℝ) 1) : ∀ u ∈ Icc (0 : ℝ) 1, regret unitInterval (1 / (2 * Real.sqrt T)) (fun t x => (x-y t)^2) x0 u T ≤ 2 * Real.sqrt T
lean: BanditRLProof.Tsallis.finiteArmIndependentGlobalMeanSwitchCountHorizonCompressedLogDynamicBound [def] BanditRLProof/TsallisFiniteArmIndependentGlobalMeanSwitchCountCompressedDynamicRegret.lean:189
  noncomputable def finiteArmIndependentGlobalMeanSwitchCountHorizonCompressedLogDynamicBound {K : Nat} (model : FiniteBanditModel K) (armLaw : Nat -> Fin K -> Measure Rat) (horizon : Nat) : Real
lean: BanditRLProof.Tsallis.finiteArmIndependentGlobalMeanSwitchCountHorizonCompressedLogDynamicBound_fin_one [theorem] BanditRLProof/TsallisFiniteArmIndependentGlobalMeanSwitchCountCompressedDynamicRegret.lean:202
  theorem finiteArmIndependentGlobalMeanSwitchCountHorizonCompressedLogDynamicBound_fin_one (model : FiniteBanditModel 1) (armLaw : Nat -> Fin 1 -> Measure Rat) (horizon : Nat) : finiteArmIndependentGlobalMeanSwitchCountHorizonCompressedLogDynamicBound model armLaw horizon = 1 + Real.log (((horizon + 1 : Nat) : Real))
lean: BanditRLProof.Tsallis.integral_sampledScheduledHalfTsallisFiniteArmIndependentGlobalMeanSwitchCountHorizonCompressedDynamicRegret_le_log [theorem] BanditRLProof/TsallisFiniteArmIndependentGlobalMeanSwitchCountCompressedDynamicRegret.lean:218
  theorem integral_sampledScheduledHalfTsallisFiniteArmIndependentGlobalMeanSwitchCountHorizonCompressedDynamicRegret_le_log {K : Nat} (model : FiniteBanditModel K) (armLaw : Nat -> Fin K -> Measure Rat) (hprob : forall t arm, IsProbabilityMeasure (armLaw t arm)) (hbound : forall t arm, ∀ᵐ reward ∂armLaw t arm, ((reward : Rat) : Real) ∈ Set.Icc (0 : Real) 1) (hinitialMean : forall arm, finiteArmIndependentRewardMean armLaw 0 arm = ((model.mean arm : Rat) : Real)) (hgapPos : forall arm, arm ≠ model.bestArm -> 0 < ((model.gap arm : Rat) : Real)) (horizon : Nat) : letI : Nonempty (Fin K) := ⟨model.bestArm⟩ let law := finiteArmIndependentRewardVectorLaw armLaw let value := fun _ : Nat => finiteArmIIDRewardVectorLoss let loss := iidTimeVaryingLossStatePredictableLossVector value (fun _ => measurable_finiteArmIIDRewardVectorLoss) (fun _ => finiteArmIIDRewardVectorLoss_nonneg) (fun _ => finiteArmIIDRewardVectorLoss_le_one) let selector := canonicalHalfTsallisScheduleGeneratedSelectorMeasurability (Finset.univ : Finset (Fin K)) Finset.univ_nonempty sampledScheduledHalfTsallisSqrtSchedule loss let prior := Measure.infinitePi law let mu := prior.compProd (sampledScheduledHalfTsallisTrajectoryKernel (Finset.univ : Finset (Fin K)) Finset.univ_nonempty sampledScheduledHalfTsallisSqrtSchedule selector.finiteHistory loss.environment) integral mu (sampledScheduledHalfTsallisPredictableMovingComparatorEnvironmentRegret (Finset.univ : Finset (Fin K)) Finset.univ_nonempty sampledScheduledHalfTsallisSqrtSchedule loss (finiteArmIndependentBestArmAt model armLaw) horizon) <= finiteArmIndependentGlobalMeanSwitchCountHorizonCompressedLogDynamicBound model armLaw horizon
