{
  "schema_version": 1,
  "mode": "shadow-read-only",
  "analyzed_at": "2026-10-05T13:37:47+00:00",
  "trials_path": "E:\\ABRL\\worktrees\\research-online-book\\runs\\online-expectation-migration-20261005\\accepted-scoped-trials-v1.jsonl",
  "trial_rows": 3,
  "status_counts": {
    "accepted": 1,
    "compiled": 1,
    "failed": 1
  },
  "inferred_frontier": {
    "selected_task": "ONLINE-EXPECTATION-MIGRATION-20261005",
    "selected_leaf": "ONLINE-EXPECTATION-MIGRATION-20261005",
    "source_status": "accepted",
    "last_accepted_verifier": {
      "trial_index": 2,
      "time": "2026-10-05T13:37:46+00:00",
      "task": "ONLINE-EXPECTATION-MIGRATION-20261005",
      "role": "reviewer",
      "kind": "review",
      "status": "accepted",
      "lean": "",
      "notes": "Same named actual compiled representation bundle accepted after distinct finalsource/reader and repaired fullv2 integratedgates;7retainedproofs/3definitions/0newcode, no Jensen/chapter/book completion or productivity/timing experiment.",
      "run_id": "online-expectation-migration-20261005"
    }
  },
  "memory_digest": {
    "path": "E:\\ABRL\\worktrees\\research-online-book\\runs\\online-expectation-migration-20261005\\memory-digest-accepted-v1.md",
    "task": ""
  },
  "recorded_frontier": {
    "schema_version": 1,
    "record_id": "frontier-06e3cd3f08bd2b04",
    "updated_at": "2026-10-05T13:37:47+00:00",
    "root_objective": "Persistent Orabona Chapters1-16 Goal; only retained representation foundations accepted, Jensen/Chapter2/book incomplete",
    "current_leaf": {
      "id": "ONLINE-EXPECTATION-MIGRATION-20261005",
      "kind": "lean",
      "status": "accepted",
      "statement": "theorem signedExpectation_coe_integrable (μ : Measure Ω) (f : Ω → ℝ) (hf : Integrable f μ) : signedExpectation μ (fun ω => (f ω : EReal)) = ((∫ ω, f ω ∂μ : ℝ) : EReal)",
      "statement_hash": "514bb93238be4680b601af8974f058536abe380dae595f54e5c2f4f8dec9d85a",
      "declaration": "BanditRL.OnlineConvex.signedExpectation_coe_integrable",
      "file": "BanditRLProof/OnlineExpectation.lean",
      "source_status": "source-reviewed",
      "dependencies": [
        {
          "kind": "lean",
          "name": "BanditRL.OnlineConvex.positiveIntegral_coe_ne_top",
          "status": "compiled"
        },
        {
          "kind": "lean",
          "name": "BanditRL.OnlineConvex.negativeIntegral_coe_ne_top",
          "status": "compiled"
        },
        {
          "kind": "review",
          "name": "source-reader",
          "status": "accepted"
        }
      ]
    },
    "dag": {
      "nodes": [
        {
          "id": "ONLINE-EXPECTATION-MIGRATION-20261005",
          "kind": "lean",
          "status": "accepted",
          "dependencies": [
            {
              "kind": "lean",
              "name": "BanditRL.OnlineConvex.positiveIntegral_coe_ne_top",
              "status": "compiled"
            },
            {
              "kind": "lean",
              "name": "BanditRL.OnlineConvex.negativeIntegral_coe_ne_top",
              "status": "compiled"
            },
            {
              "kind": "review",
              "name": "source-reader",
              "status": "accepted"
            }
          ],
          "dispatch_count": 0
        }
      ]
    },
    "last_accepted_verifier": {
      "trial_index": 2,
      "time": "2026-10-05T13:37:46+00:00",
      "task": "ONLINE-EXPECTATION-MIGRATION-20261005",
      "role": "reviewer",
      "kind": "review",
      "status": "accepted",
      "lean": "",
      "notes": "Same named actual compiled representation bundle accepted after distinct finalsource/reader and repaired fullv2 integratedgates;7retainedproofs/3definitions/0newcode, no Jensen/chapter/book completion or productivity/timing experiment.",
      "run_id": "online-expectation-migration-20261005"
    },
    "memory_policy": {
      "recent_role_relevant_limit": 5,
      "explicit_verified_lemma_ids": [],
      "whole_history_default": false
    },
    "shadow_gate": {
      "status": "pending",
      "analyzed_trial_rows": 3,
      "mismatches": [],
      "replay_transitions": 0
    },
    "mutation_policy": {
      "canonical_path_queue": true,
      "cross_process_lock": true,
      "same_file_serialized": true,
      "disjoint_files_parallel": true
    },
    "autonomous_execution": {
      "enabled": false,
      "requires_deterministic_gates": true,
      "requires_explicit_user_request": true
    }
  },
  "mismatches": [],
  "would_mutate": false
}
