{
  "time": "2026-10-05T13:37:46+00:00",
  "task": "ONLINE-EXPECTATION-MIGRATION-20261005",
  "role": "reviewer",
  "kind": "review",
  "status": "accepted",
  "notes": "Same named actual compiled representation bundle accepted after distinct finalsource/reader and repaired fullv2 integratedgates;7retainedproofs/3definitions/0newcode, no Jensen/chapter/book completion or productivity/timing experiment.",
  "lean": "",
  "source": "",
  "run_id": "online-expectation-migration-20261005",
  "changed_files": [],
  "statement_hash": "514bb93238be4680b601af8974f058536abe380dae595f54e5c2f4f8dec9d85a",
  "parent_id": "",
  "route_fingerprint": "",
  "verifier_evidence": [
    "runs\\online-expectation-migration-20261005\\final-reader-receipt-v1.json"
  ],
  "harness": "hierarchical",
  "experiment_id": "",
  "target_fingerprint": "",
  "route_packet_hash": "",
  "attempt_id": "EXPECTATION-RETAINED-BODIES-V1",
  "worker_id": "",
  "progress_class": "retrieval-reuse",
  "reviewer_validated": true,
  "obligations_before": 0,
  "obligations_after": 0,
  "new_declarations": [],
  "reused_declarations": [
    "BanditRL.OnlineConvex.signedExpectation_coe_integrable"
  ],
  "dag_nodes": 0,
  "dag_depth": 0,
  "elapsed_seconds": 0.0,
  "lean_check_seconds": 0.0,
  "prompt_chars": 0,
  "input_tokens": 0,
  "output_tokens": 0,
  "error_signature": ""
}
