{
  "schema_version": 1,
  "entry_id": "entry-1eb94cd80825c7b4",
  "session_id": "ONLINE-EXPECTATION-MIGRATION-20261005",
  "sequence": 6,
  "parent_id": "entry-c985c4971843a357",
  "event_type": "accepted",
  "created_at": "2026-10-05T13:37:47+00:00",
  "payload": {
    "run_id": "online-expectation-migration-20261005",
    "accepted_decision": "runs\\online-expectation-migration-20261005\\accepted-decision-v1.json",
    "retained_proofs": 7,
    "retained_definitions": 3,
    "new_proofs": 0,
    "parent_accepted": false,
    "chapter_complete": false,
    "goal_complete": false,
    "merged": false,
    "live": false
  }
}
