{
  "schema_version": 1,
  "record_id": "frontier-c0f19e2f841f4db4",
  "updated_at": "2026-10-05T13:18:02+00:00",
  "root_objective": "Persistent Orabona Chapters1-16 Goal; only retained representation foundations candidate, Jensen/Chapter2/book incomplete",
  "current_leaf": {
    "id": "ONLINE-EXPECTATION-MIGRATION-20261005",
    "kind": "lean",
    "status": "gate-pending",
    "statement": "theorem signedExpectation_coe_integrable (μ : Measure Ω) (f : Ω → ℝ) (hf : Integrable f μ) : signedExpectation μ (fun ω => (f ω : EReal)) = ((∫ ω, f ω ∂μ : ℝ) : EReal)",
    "statement_hash": "514bb93238be4680b601af8974f058536abe380dae595f54e5c2f4f8dec9d85a",
    "declaration": "BanditRL.OnlineConvex.signedExpectation_coe_integrable",
    "file": "BanditRLProof/OnlineExpectation.lean",
    "source_status": "source-body-reviewed",
    "dependencies": [
      {
        "kind": "lean",
        "name": "BanditRL.OnlineConvex.positiveIntegral_coe_ne_top",
        "status": "compiled"
      },
      {
        "kind": "lean",
        "name": "BanditRL.OnlineConvex.negativeIntegral_coe_ne_top",
        "status": "compiled"
      },
      {
        "kind": "review",
        "name": "source-body",
        "status": "accepted"
      }
    ]
  },
  "dag": {
    "nodes": [
      {
        "id": "ONLINE-EXPECTATION-MIGRATION-20261005",
        "kind": "lean",
        "status": "gate-pending",
        "dependencies": [
          {
            "kind": "lean",
            "name": "BanditRL.OnlineConvex.positiveIntegral_coe_ne_top",
            "status": "compiled"
          },
          {
            "kind": "lean",
            "name": "BanditRL.OnlineConvex.negativeIntegral_coe_ne_top",
            "status": "compiled"
          },
          {
            "kind": "review",
            "name": "source-body",
            "status": "accepted"
          }
        ],
        "dispatch_count": 0
      }
    ]
  },
  "last_accepted_verifier": {
    "trial_index": 0,
    "time": "2026-10-05T13:12:00+00:00",
    "task": "ONLINE-EXPECTATION-MIGRATION-20261005",
    "role": "lower",
    "kind": "build",
    "status": "compiled",
    "lean": "BanditRLProof/OnlineExpectation.lean",
    "notes": "Actual7retainedbodies/3definitions/byte-unchanged meaningful nonprobability canary/18namedaxioms/10nativeguards passed. No newproofcode; distinctbody/package review pending, not Jensen acceptance.",
    "run_id": "online-expectation-migration-20261005"
  },
  "memory_policy": {
    "recent_role_relevant_limit": 5,
    "explicit_verified_lemma_ids": [],
    "whole_history_default": false
  },
  "shadow_gate": {
    "status": "pending",
    "analyzed_trial_rows": 1,
    "mismatches": [],
    "replay_transitions": 0
  },
  "mutation_policy": {
    "canonical_path_queue": true,
    "cross_process_lock": true,
    "same_file_serialized": true,
    "disjoint_files_parallel": true
  },
  "autonomous_execution": {
    "enabled": false,
    "requires_deterministic_gates": true,
    "requires_explicit_user_request": true
  }
}
