runs/online-expectation-migration-20261005/Tests-v1-01.log:1310: trailing whitespace.
+  
runs/online-expectation-migration-20261005/Tests-v1-01.log:1312: trailing whitespace.
+    
runs/online-expectation-migration-20261005/Tests-v1-01.log:1317: trailing whitespace.
+  
runs/online-expectation-migration-20261005/Tests-v1-01.log:1319: trailing whitespace.
+    
runs/online-expectation-migration-20261005/Tests-v1-01.log:1480: trailing whitespace.
+  
runs/online-expectation-migration-20261005/Tests-v1-01.log:1482: trailing whitespace.
+    
runs/online-expectation-migration-20261005/Tests-v1-01.log:1631: trailing whitespace.
+  
runs/online-expectation-migration-20261005/Tests-v1-01.log:1633: trailing whitespace.
+    
runs/online-expectation-migration-20261005/Tests-v1-01.log:1802: trailing whitespace.
+  
runs/online-expectation-migration-20261005/Tests-v1-01.log:1804: trailing whitespace.
+    
runs/online-expectation-migration-20261005/Tests-v1-01.log:1844: trailing whitespace.
+  
runs/online-expectation-migration-20261005/Tests-v1-01.log:1846: trailing whitespace.
+    
runs/online-expectation-migration-20261005/Tests-v1-01.log:2339: trailing whitespace.
+  
runs/online-expectation-migration-20261005/Tests-v1-01.log:2341: trailing whitespace.
+    
runs/online-expectation-migration-20261005/Tests-v1-01.log:2390: trailing whitespace.
+  
runs/online-expectation-migration-20261005/Tests-v1-01.log:2392: trailing whitespace.
+    
runs/online-expectation-migration-20261005/Tests-v1-01.log:6789: trailing whitespace.
+  
runs/online-expectation-migration-20261005/Tests-v1-01.log:6791: trailing whitespace.
+    
runs/online-expectation-migration-20261005/actual-pinned-API-retrieval-v1-01.log:4: trailing whitespace.
+473: 
runs/online-expectation-migration-20261005/actual-pinned-API-retrieval-v1-01.log:28: trailing whitespace.
+925: 
runs/online-expectation-migration-20261005/actual-pinned-API-retrieval-v1-01.log:34: trailing whitespace.
+931: 
runs/online-expectation-migration-20261005/actual-pinned-API-retrieval-v1-01.log:36: trailing whitespace.
+933: 
runs/online-expectation-migration-20261005/actual-pinned-API-retrieval-v1-01.log:38: trailing whitespace.
+935: 
runs/online-expectation-migration-20261005/actual-pinned-API-retrieval-v1-01.log:40: trailing whitespace.
+937: 
runs/online-expectation-migration-20261005/actual-pinned-API-retrieval-v1-01.log:41: trailing whitespace.
+938: 
runs/online-expectation-migration-20261005/actual-pinned-API-retrieval-v1-01.log:46: trailing whitespace.
+943: 
runs/online-expectation-migration-20261005/actual-pinned-API-retrieval-v1-01.log:51: trailing whitespace.
+948: 
runs/online-expectation-migration-20261005/actual-pinned-API-retrieval-v1-01.log:53: trailing whitespace.
+950: 
runs/online-expectation-migration-20261005/actual-pinned-API-retrieval-v1-01.log:55: trailing whitespace.
+952: 
runs/online-expectation-migration-20261005/actual-pinned-API-retrieval-v1-01.log:61: trailing whitespace.
+329: 
runs/online-expectation-migration-20261005/actual-pinned-API-retrieval-v1-01.log:64: trailing whitespace.
+332: 
runs/online-expectation-migration-20261005/actual-pinned-API-retrieval-v1-01.log:69: trailing whitespace.
+337: 
runs/online-expectation-migration-20261005/actual-pinned-API-retrieval-v1-01.log:73: trailing whitespace.
+341: 
runs/online-expectation-migration-20261005/actual-pinned-API-retrieval-v1-01.log:77: trailing whitespace.
+345: 
runs/online-expectation-migration-20261005/actual-pinned-API-retrieval-v1-01.log:81: trailing whitespace.
+349: 
runs/online-expectation-migration-20261005/actual-pinned-API-retrieval-v1-01.log:85: trailing whitespace.
+353: 
runs/online-expectation-migration-20261005/actual-pinned-API-retrieval-v1-01.log:89: trailing whitespace.
+357: 
runs/online-expectation-migration-20261005/actual-pinned-API-retrieval-v1-01.log:93: trailing whitespace.
+361: 
runs/online-expectation-migration-20261005/actual-pinned-API-retrieval-v1-01.log:97: trailing whitespace.
+365: 
runs/online-expectation-migration-20261005/actual-pinned-API-retrieval-v1-01.log:101: trailing whitespace.
+369: 
runs/online-expectation-migration-20261005/actual-pinned-API-retrieval-v1-01.log:106: trailing whitespace.
+683: 
runs/online-expectation-migration-20261005/actual-pinned-API-retrieval-v1-01.log:108: trailing whitespace.
+685: 
runs/online-expectation-migration-20261005/actual-pinned-API-retrieval-v1-01.log:113: trailing whitespace.
+690: 
runs/online-expectation-migration-20261005/actual-pinned-API-retrieval-v1-01.log:115: trailing whitespace.
+692: 
runs/online-expectation-migration-20261005/actual-pinned-API-retrieval-v1-01.log:119: trailing whitespace.
+696: 
runs/online-expectation-migration-20261005/actual-pinned-API-retrieval-v1-01.log:125: trailing whitespace.
+702: 
runs/online-expectation-migration-20261005/actual-pinned-API-retrieval-v1-01.log:127: trailing whitespace.
+704: 
runs/online-expectation-migration-20261005/actual-pinned-API-retrieval-v1-01.log:133: trailing whitespace.
+710: 
runs/online-expectation-migration-20261005/actual-pinned-API-retrieval-v1-01.log:136: trailing whitespace.
+713: 
runs/online-expectation-migration-20261005/actual-pinned-API-retrieval-v1-01.log:139: trailing whitespace.
+716: 
runs/online-expectation-migration-20261005/actual-pinned-API-retrieval-v1-01.log:142: trailing whitespace.
+719: 
runs/online-expectation-migration-20261005/actual-pinned-API-retrieval-v1-01.log:146: trailing whitespace.
+723: 
runs/online-expectation-migration-20261005/actual-pinned-API-retrieval-v1-01.log:156: trailing whitespace.
+733: 
runs/online-expectation-migration-20261005/actual-pinned-API-retrieval-v1-01.log:161: trailing whitespace.
+738: 
runs/online-expectation-migration-20261005/root-v1-01.log:491: trailing whitespace.
+  
runs/online-expectation-migration-20261005/root-v1-01.log:493: trailing whitespace.
+    
runs/online-expectation-migration-20261005/root-v1-01.log:646: trailing whitespace.
+  
runs/online-expectation-migration-20261005/root-v1-01.log:648: trailing whitespace.
+    
runs/online-expectation-migration-20261005/root-v1-01.log:834: trailing whitespace.
+  
runs/online-expectation-migration-20261005/root-v1-01.log:836: trailing whitespace.
+    
runs/online-expectation-migration-20261005/root-v1-01.log:876: trailing whitespace.
+  
runs/online-expectation-migration-20261005/root-v1-01.log:878: trailing whitespace.
+    
runs/online-expectation-migration-20261005/root-v1-01.log:1706: trailing whitespace.
+  
runs/online-expectation-migration-20261005/root-v1-01.log:1708: trailing whitespace.
+    
runs/online-expectation-migration-20261005/root-v1-01.log:1713: trailing whitespace.
+  
runs/online-expectation-migration-20261005/root-v1-01.log:1715: trailing whitespace.
+    
runs/online-expectation-migration-20261005/root-v1-01.log:1748: trailing whitespace.
+  
runs/online-expectation-migration-20261005/root-v1-01.log:1750: trailing whitespace.
+    
runs/online-expectation-migration-20261005/root-v1-01.log:1799: trailing whitespace.
+  
runs/online-expectation-migration-20261005/root-v1-01.log:1801: trailing whitespace.
+    
