{
  "schema_version": 1,
  "entry_id": "entry-c985c4971843a357",
  "session_id": "ONLINE-EXPECTATION-MIGRATION-20261005",
  "sequence": 5,
  "parent_id": "entry-4ff214cc2e0b1875",
  "event_type": "candidate",
  "created_at": "2026-10-05T13:32:18+00:00",
  "payload": {
    "reader_repair_resolved": true,
    "failed_v1_retained": true,
    "full_v2": "466tests7skips passed",
    "mathematical_target_change": false,
    "tests_unchanged": true,
    "retained_proofs": 7,
    "retained_definitions": 3,
    "new_proofs": 0,
    "parent_accepted": false,
    "chapter_complete": false,
    "goal_complete": false
  }
}
