{
  "time": "2026-10-05T13:12:00+00:00",
  "task": "ONLINE-EXPECTATION-MIGRATION-20261005",
  "role": "lower",
  "kind": "build",
  "status": "compiled",
  "notes": "Actual7retainedbodies/3definitions/byte-unchanged meaningful nonprobability canary/18namedaxioms/10nativeguards passed. No newproofcode; distinctbody/package review pending, not Jensen acceptance.",
  "lean": "BanditRLProof/OnlineExpectation.lean",
  "source": "",
  "run_id": "online-expectation-migration-20261005",
  "changed_files": [],
  "statement_hash": "514bb93238be4680b601af8974f058536abe380dae595f54e5c2f4f8dec9d85a",
  "parent_id": "",
  "route_fingerprint": "",
  "verifier_evidence": [
    "runs\\online-expectation-migration-20261005\\public-body-v1-01.log"
  ],
  "harness": "",
  "experiment_id": "",
  "target_fingerprint": "",
  "route_packet_hash": "",
  "attempt_id": "EXPECTATION-RETAINED-BODIES-V1",
  "worker_id": "",
  "progress_class": "retrieval-reuse",
  "reviewer_validated": false,
  "obligations_before": 0,
  "obligations_after": 0,
  "new_declarations": [],
  "reused_declarations": [
    "BanditRL.OnlineConvex.signedExpectation_coe_integrable"
  ],
  "dag_nodes": 0,
  "dag_depth": 0,
  "elapsed_seconds": 0.0,
  "lean_check_seconds": 0.0,
  "prompt_chars": 0,
  "input_tokens": 0,
  "output_tokens": 0,
  "error_signature": ""
}
