SITE CHECK PASSED
- HTML pages: 945
- modules: 840
- declarations: 10806
- highlights: 324
- milestones: 97
- textbook crosswalks: 40
- source theorem restatements: 76
- BanditRLwiki settings/cases/papers: 7/13/19
- BanditRLwiki theorem surfaces: 27
- BanditRLwiki literature-open/formalization-open cases: 0/13
- BanditRLwiki named formalization leaves: 36
- BanditRLwiki active source-frozen ports: 2
- Live Formalization mappings: 324
- Mermaid blocks: 19
- Lean source links: 12020
- internal links and anchors: valid
- README relative links: valid
- MathJax loader and readable mathematical fallbacks: valid
- GitHub Pages workflow: complete
