{
  "schema_version": 1,
  "entry_id": "entry-f02858c0d6e9477c",
  "session_id": "ONLINE-AFFINE-SUBGRADIENT-MIGRATION-20261007",
  "sequence": 7,
  "parent_id": "entry-adae1a80a1d394e3",
  "event_type": "accepted",
  "created_at": "2026-10-06T23:08:24+00:00",
  "payload": {
    "run_id": "online-affine-subgradient-migration-20261007",
    "chapter_complete": false,
    "goal_complete": false,
    "accepted_decision": "E:/ABRL/worktrees/research-online-book/runs/online-affine-subgradient-migration-20261007/accepted-decision-v1.json",
    "retained_proofs": 1,
    "retained_definitions": 0,
    "new_proofs": 0,
    "merged": false,
    "live": false,
    "source_package_accepted": true
  }
}
