{
  "time": "2026-10-06T23:08:24+00:00",
  "task": "ONLINE-AFFINE-SUBGRADIENT-MIGRATION-20261007",
  "role": "reviewer",
  "kind": "review",
  "status": "accepted",
  "notes": "Actual global support/affine cancellation/Mathlibadjoint inclusion reviewed after currentcombined/siteFINAL gates. One retainedproof/zeroowneddefs/no newmathTEST; sourcepackage only, no Chapterbook/productivityexperiment.",
  "lean": "",
  "source": "",
  "run_id": "online-affine-subgradient-migration-20261007",
  "changed_files": [],
  "statement_hash": "82587fe92f5705cd28adb86e7e554c97855a1930f46f660d79a5fc0a6fca2f76",
  "parent_id": "",
  "route_fingerprint": "",
  "verifier_evidence": [
    "E:\\ABRL\\worktrees\\research-online-book\\runs\\online-affine-subgradient-migration-20261007\\final-reader-receipt-v1.json"
  ],
  "harness": "hierarchical",
  "experiment_id": "",
  "target_fingerprint": "",
  "route_packet_hash": "",
  "attempt_id": "AFFINE-RETAINED-BODY-V1",
  "worker_id": "",
  "progress_class": "retrieval-reuse",
  "reviewer_validated": true,
  "obligations_before": 0,
  "obligations_after": 0,
  "new_declarations": [],
  "reused_declarations": [
    "BanditRL.OnlineConvex.theorem_2_28"
  ],
  "dag_nodes": 0,
  "dag_depth": 0,
  "elapsed_seconds": 0.0,
  "lean_check_seconds": 0.0,
  "prompt_chars": 0,
  "input_tokens": 0,
  "output_tokens": 0,
  "error_signature": ""
}
