{
  "schema_version": 1,
  "mode": "shadow-read-only",
  "analyzed_at": "2026-10-06T23:08:25+00:00",
  "trials_path": "E:\\ABRL\\worktrees\\research-online-book\\runs\\online-affine-subgradient-migration-20261007\\accepted-scoped-trials-v1.jsonl",
  "trial_rows": 2,
  "status_counts": {
    "accepted": 1,
    "compiled": 1
  },
  "inferred_frontier": {
    "selected_task": "ONLINE-AFFINE-SUBGRADIENT-MIGRATION-20261007",
    "selected_leaf": "ONLINE-AFFINE-SUBGRADIENT-MIGRATION-20261007",
    "source_status": "accepted",
    "last_accepted_verifier": {
      "trial_index": 1,
      "time": "2026-10-06T23:08:24+00:00",
      "task": "ONLINE-AFFINE-SUBGRADIENT-MIGRATION-20261007",
      "role": "reviewer",
      "kind": "review",
      "status": "accepted",
      "lean": "",
      "notes": "Actual global support/affine cancellation/Mathlibadjoint inclusion reviewed after currentcombined/siteFINAL gates. One retainedproof/zeroowneddefs/no newmathTEST; sourcepackage only, no Chapterbook/productivityexperiment.",
      "run_id": "online-affine-subgradient-migration-20261007"
    }
  },
  "memory_digest": {
    "path": "E:\\ABRL\\worktrees\\research-online-book\\runs\\online-affine-subgradient-migration-20261007\\memory-digest-accepted-v1.md",
    "task": ""
  },
  "recorded_frontier": {
    "schema_version": 1,
    "record_id": "frontier-78326018213109c1",
    "updated_at": "2026-10-06T23:08:24+00:00",
    "root_objective": "Persistent Orabona Chapters1-16 Goal; only Theorem2.28 accepted, chapter/book incomplete",
    "current_leaf": {
      "id": "ONLINE-AFFINE-SUBGRADIENT-MIGRATION-20261007",
      "kind": "lean",
      "status": "accepted",
      "statement": "theorem theorem_2_28 [FiniteDimensional ℝ E] [FiniteDimensional ℝ F] (f : F → EReal) (hp : SourceProper f) (A : E →L[ℝ] F) (b : F) (x : E) : A.adjoint '' (SourceSubdifferential f (A x + b)) ⊆ SourceSubdifferential (fun y => f (A y + b)) x",
      "statement_hash": "82587fe92f5705cd28adb86e7e554c97855a1930f46f660d79a5fc0a6fca2f76",
      "declaration": "BanditRL.OnlineConvex.theorem_2_28",
      "file": "BanditRLProof\\OnlineAffineSubgradient.lean",
      "source_status": "source-reviewed",
      "dependencies": [
        {
          "kind": "lean",
          "name": "BanditRL.OnlineConvex.SourceSubdifferential",
          "status": "compiled"
        },
        {
          "kind": "review",
          "name": "source-reader",
          "status": "accepted"
        }
      ]
    },
    "dag": {
      "nodes": [
        {
          "id": "ONLINE-AFFINE-SUBGRADIENT-MIGRATION-20261007",
          "kind": "lean",
          "status": "accepted",
          "dependencies": [
            {
              "kind": "lean",
              "name": "BanditRL.OnlineConvex.SourceSubdifferential",
              "status": "compiled"
            },
            {
              "kind": "review",
              "name": "source-reader",
              "status": "accepted"
            }
          ],
          "dispatch_count": 0
        }
      ]
    },
    "last_accepted_verifier": {
      "trial_index": 1,
      "time": "2026-10-06T23:08:24+00:00",
      "task": "ONLINE-AFFINE-SUBGRADIENT-MIGRATION-20261007",
      "role": "reviewer",
      "kind": "review",
      "status": "accepted",
      "lean": "",
      "notes": "Actual global support/affine cancellation/Mathlibadjoint inclusion reviewed after currentcombined/siteFINAL gates. One retainedproof/zeroowneddefs/no newmathTEST; sourcepackage only, no Chapterbook/productivityexperiment.",
      "run_id": "online-affine-subgradient-migration-20261007"
    },
    "memory_policy": {
      "recent_role_relevant_limit": 5,
      "explicit_verified_lemma_ids": [],
      "whole_history_default": false
    },
    "shadow_gate": {
      "status": "pending",
      "analyzed_trial_rows": 2,
      "mismatches": [],
      "replay_transitions": 0
    },
    "mutation_policy": {
      "canonical_path_queue": true,
      "cross_process_lock": true,
      "same_file_serialized": true,
      "disjoint_files_parallel": true
    },
    "autonomous_execution": {
      "enabled": false,
      "requires_deterministic_gates": true,
      "requires_explicit_user_request": true
    }
  },
  "mismatches": [],
  "would_mutate": false
}
