{
  "schema_version": 1,
  "record_id": "frontier-40f0160aa3435caf",
  "updated_at": "2026-10-06T22:54:30+00:00",
  "root_objective": "Persistent Orabona Chapters1-16 Goal; only Theorem2.28 candidate, chapter/book incomplete",
  "current_leaf": {
    "id": "ONLINE-AFFINE-SUBGRADIENT-MIGRATION-20261007",
    "kind": "lean",
    "status": "gate-pending",
    "statement": "theorem theorem_2_28 [FiniteDimensional ℝ E] [FiniteDimensional ℝ F] (f : F → EReal) (hp : SourceProper f) (A : E →L[ℝ] F) (b : F) (x : E) : A.adjoint '' (SourceSubdifferential f (A x + b)) ⊆ SourceSubdifferential (fun y => f (A y + b)) x",
    "statement_hash": "82587fe92f5705cd28adb86e7e554c97855a1930f46f660d79a5fc0a6fca2f76",
    "declaration": "BanditRL.OnlineConvex.theorem_2_28",
    "file": "BanditRLProof\\OnlineAffineSubgradient.lean",
    "source_status": "source-body-reviewed",
    "dependencies": [
      {
        "kind": "lean",
        "name": "BanditRL.OnlineConvex.SourceSubdifferential",
        "status": "compiled"
      },
      {
        "kind": "review",
        "name": "source-body",
        "status": "accepted"
      }
    ]
  },
  "dag": {
    "nodes": [
      {
        "id": "ONLINE-AFFINE-SUBGRADIENT-MIGRATION-20261007",
        "kind": "lean",
        "status": "gate-pending",
        "dependencies": [
          {
            "kind": "lean",
            "name": "BanditRL.OnlineConvex.SourceSubdifferential",
            "status": "compiled"
          },
          {
            "kind": "review",
            "name": "source-body",
            "status": "accepted"
          }
        ],
        "dispatch_count": 0
      }
    ]
  },
  "last_accepted_verifier": {
    "trial_index": 0,
    "time": "2026-10-06T22:45:55+00:00",
    "task": "ONLINE-AFFINE-SUBGRADIENT-MIGRATION-20261007",
    "role": "lower",
    "kind": "build",
    "status": "compiled",
    "lean": "BanditRLProof\\OnlineAffineSubgradient.lean",
    "notes": "Actual ONE retained full affine inclusion producer/whole7canaryproof2TESTdefs/10namedkernelchecks1guard/10selectednodes;0newmath/TEST. Sourceproper retained/no convexity/equality strengthening. BODY/package gatespending; Chapterbook incomplete.",
    "run_id": "online-affine-subgradient-migration-20261007"
  },
  "memory_policy": {
    "recent_role_relevant_limit": 5,
    "explicit_verified_lemma_ids": [],
    "whole_history_default": false
  },
  "shadow_gate": {
    "status": "pending",
    "analyzed_trial_rows": 1,
    "mismatches": [],
    "replay_transitions": 0
  },
  "mutation_policy": {
    "canonical_path_queue": true,
    "cross_process_lock": true,
    "same_file_serialized": true,
    "disjoint_files_parallel": true
  },
  "autonomous_execution": {
    "enabled": false,
    "requires_deterministic_gates": true,
    "requires_explicit_user_request": true
  }
}
