{
  "schema_version": 1,
  "entry_id": "entry-8708ab83ba6ec2b6",
  "session_id": "ONLINE-AFFINE-SUBGRADIENT-MIGRATION-20261007",
  "sequence": 5,
  "parent_id": "entry-7777eac1a9915cb6",
  "event_type": "candidate",
  "created_at": "2026-10-06T22:54:30+00:00",
  "payload": {
    "run_id": "online-affine-subgradient-migration-20261007",
    "chapter_complete": false,
    "goal_complete": false,
    "frozen_headers": {
      "theorem_2_28": "82587fe92f5705cd28adb86e7e554c97855a1930f46f660d79a5fc0a6fca2f76"
    },
    "sequential_jobs": {
      "root-v2-01": 9089,
      "Tests-v2-01": 9234
    },
    "source_package_accepted": false,
    "remaining_gates": [
      "fullharness",
      "exactcontributor/diff/history",
      "site/registry/pixels/FINAL/native",
      "rawPR"
    ]
  }
}
