{
  "schema_version": 1,
  "entry_id": "entry-2f2e0dae53167fa4",
  "session_id": "ONLINE-AFFINE-SUBGRADIENT-MIGRATION-20261007",
  "sequence": 0,
  "parent_id": "",
  "event_type": "draft",
  "created_at": "2026-10-06T22:39:43+00:00",
  "payload": {
    "run_id": "online-affine-subgradient-migration-20261007",
    "chapter_complete": false,
    "goal_complete": false,
    "frozen_headers": {
      "theorem_2_28": "82587fe92f5705cd28adb86e7e554c97855a1930f46f660d79a5fc0a6fca2f76"
    },
    "source_package_accepted": false,
    "retained_proofs": 1,
    "retained_definitions": 0,
    "new_proofs": 0
  }
}
