BanditRL.OnlineConvex.theorem_2_28 [theorem] BanditRLProof/OnlineAffineSubgradient.lean:18
  theorem theorem_2_28 [FiniteDimensional ℝ E] [FiniteDimensional ℝ F] (f : F → EReal) (hp : SourceProper f) (A : E →L[ℝ] F) (b : F) (x : E) : A.adjoint '' (SourceSubdifferential f (A x + b)) ⊆ SourceSubdifferential (fun y => f (A y + b)) x
BanditRL.OnlineConvex.convex_comp_affine [theorem] BanditRLProof/OnlineConvexClosures.lean:16
  theorem convex_comp_affine {E F : Type*} [AddCommGroup E] [Module ℝ E] [AddCommGroup F] [Module ℝ F] (f : F → EReal) (hf : IsConvexExtended f) (A : E →ᵃ[ℝ] F) : IsConvexExtended (fun x => f (A x))
BanditRL.OnlineConvex.affine_support_of_finite_neighborhood [theorem] BanditRLProof/OnlineConvexMinorant.lean:30
  theorem affine_support_of_finite_neighborhood (f : E → EReal) (hf : IsConvexExtended f) (x : E) (hneigh : ∀ᶠ y in 𝓝 x, ∃ r : ℝ, f y = (r : EReal)) : ∃ (a : E →L[ℝ] ℝ) (b : ℝ), ((a x + b : ℝ) : EReal) = f x ∧ ∀ y, ((a y + b : ℝ) : EReal) ≤ f y
BanditRL.OnlineConvex.affine_support_of_domain_interior [theorem] BanditRLProof/OnlineConvexMinorant.lean:129
  theorem affine_support_of_domain_interior (f : E → EReal) (hbot : ∀ y, f y ≠ ⊥) (hf : IsConvexExtended f) (x : E) (hx : x ∈ interior (effectiveDomain f)) : ∃ (a : E →L[ℝ] ℝ) (b : ℝ), ((a x + b : ℝ) : EReal) = f x ∧ ∀ y, ((a y + b : ℝ) : EReal) ≤ f y
BanditRL.OnlineConvex.affine_minorant_of_domain_interior [theorem] BanditRLProof/OnlineConvexMinorant.lean:138
  theorem affine_minorant_of_domain_interior (f : E → EReal) (hbot : ∀ y, f y ≠ ⊥) (hf : IsConvexExtended f) (x : E) (hx : x ∈ interior (effectiveDomain f)) : ∃ (a : E →L[ℝ] ℝ) (b : ℝ), ∀ y, ((a y + b : ℝ) : EReal) ≤ f y
BanditRL.OnlineConvex.convex_affine_minorant [theorem] BanditRLProof/OnlineConvexMinorant.lean:144
  theorem convex_affine_minorant (f : E → EReal) (hbot : ∀ x, f x ≠ ⊥) (hf : IsConvexExtended f) (hne : (effectiveDomain f).Nonempty) : ∃ (a : E →L[ℝ] ℝ) (b : ℝ), ∀ x, ((a x + b : ℝ) : EReal) ≤ f x
BanditRL.OnlineConvex.affine_subdifferential [theorem] BanditRLProof/OnlineHinge.lean:31
  theorem affine_subdifferential (a : E) (b : ℝ) (x : E) : SourceSubdifferential (fun y => ((inner ℝ a y + b : ℝ) : EReal)) x = {a}
BanditRL.OnlineConvex.affine_proper [theorem] BanditRLProof/OnlineHinge.lean:61
  theorem affine_proper (a : E) (b : ℝ) : SourceProper (fun y => ((inner ℝ a y + b : ℝ) : EReal))
BanditRL.OnlineConvex.affine_convex [theorem] BanditRLProof/OnlineHinge.lean:65
  theorem affine_convex (a : E) (b : ℝ) : IsConvexExtended (fun y => ((inner ℝ a y + b : ℝ) : EReal))
BanditRL.OnlineConvex.affine_continuous [theorem] BanditRLProof/OnlineHinge.lean:80
  theorem affine_continuous (a : E) (b : ℝ) (x : E) : ContinuousAt (fun y => ((inner ℝ a y + b : ℝ) : EReal)) x
BanditRL.OnlineConvex.affine_support_of_relative_domain_interior [theorem] BanditRLProof/OnlineSubgradientInterior.lean:29
  theorem affine_support_of_relative_domain_interior {E : Type*} [NormedAddCommGroup E] [NormedSpace ℝ E] [FiniteDimensional ℝ E] (f : E → EReal) (hbot : ∀ y, f y ≠ ⊥) (hc : IsConvexExtended f) (x : E) (hx : x ∈ intrinsicInterior ℝ (effectiveDomain f)) : ∃ (a : E →L[ℝ] ℝ) (b : ℝ), ((a x + b : ℝ) : EReal) = f x ∧ ∀ y, ((a y + b : ℝ) : EReal) ≤ f y
