BanditRL.OnlineConvex.theorem_2_28 [theorem] BanditRLProof/OnlineAffineSubgradient.lean:18
  theorem theorem_2_28 [FiniteDimensional ℝ E] [FiniteDimensional ℝ F] (f : F → EReal) (hp : SourceProper f) (A : E →L[ℝ] F) (b : F) (x : E) : A.adjoint '' (SourceSubdifferential f (A x + b)) ⊆ SourceSubdifferential (fun y => f (A y + b)) x
BanditRL.OnlineGuessingSubgradient.loss_subdifferential_translate [theorem] BanditRLProof/OnlineGuessingSubgradient.lean:27
  theorem loss_subdifferential_translate (y x : ℝ) : SourceSubdifferential (loss y) x = SourceSubdifferential (fun z : ℝ => ((|z| : ℝ) : EReal)) (x - y)
BanditRL.OnlineGuessingSubgradient.loss_subgradient_positive [theorem] BanditRLProof/OnlineGuessingSubgradient.lean:40
  theorem loss_subgradient_positive (y x : ℝ) (hxy : y < x) : SourceSubdifferential (loss y) x = {(1 : ℝ)}
BanditRL.OnlineGuessingSubgradient.loss_subgradient_zero [theorem] BanditRLProof/OnlineGuessingSubgradient.lean:45
  theorem loss_subgradient_zero (y : ℝ) : SourceSubdifferential (loss y) y = Icc (-1 : ℝ) 1
BanditRL.OnlineGuessingSubgradient.loss_subgradient_negative [theorem] BanditRLProof/OnlineGuessingSubgradient.lean:50
  theorem loss_subgradient_negative (y x : ℝ) (hxy : x < y) : SourceSubdifferential (loss y) x = {(-1 : ℝ)}
BanditRL.OnlineGuessingSubgradient.example_2_32_subdifferential [theorem] BanditRLProof/OnlineGuessingSubgradient.lean:55
  theorem example_2_32_subdifferential (y x : ℝ) : SourceSubdifferential (loss y) x = if y < x then {(1 : ℝ)} else if x = y then Icc (-1 : ℝ) 1 else {(-1 : ℝ)}
BanditRL.OnlineGuessingSubgradient.loss_subgradient_bound [theorem] BanditRLProof/OnlineGuessingSubgradient.lean:78
  theorem loss_subgradient_bound (y x g : ℝ) (hg : g ∈ SourceSubdifferential (loss y) x) : ‖g‖ ≤ 1
BanditRL.OnlineConvex.affine_subdifferential [theorem] BanditRLProof/OnlineHinge.lean:31
  theorem affine_subdifferential (a : E) (b : ℝ) (x : E) : SourceSubdifferential (fun y => ((inner ℝ a y + b : ℝ) : EReal)) x = {a}
BanditRL.OnlineConvex.hinge_subdifferential_hull [theorem] BanditRLProof/OnlineHinge.lean:117
  theorem hinge_subdifferential_hull [FiniteDimensional ℝ E] (z x : E) : SourceSubdifferential (sourceHinge z) x = convexHull ℝ (SourceActiveSubgradientUnion (hingeFamily z) x)
BanditRL.OnlineConvex.hinge_family_support [theorem] BanditRLProof/OnlineHinge.lean:131
  theorem hinge_family_support (z : E) (i : Bool) (x : E) : SourceSubdifferential (hingeFamily z i) x = {if i then -z else 0}
BanditRL.OnlineConvex.example_2_27 [theorem] BanditRLProof/OnlineHinge.lean:182
  theorem example_2_27 [FiniteDimensional ℝ E] (z x : E) : SourceSubdifferential (sourceHinge z) x = if 1 - inner ℝ z x < 0 then {0} else if 1 - inner ℝ z x = 0 then {g | ∃ α ∈ Icc (0 : ℝ) 1, g = -(α • z)} else {-z}
BanditRL.OnlineLinearization.support_gap [theorem] BanditRLProof/OnlineLinearization.lean:133
  theorem support_gap (V : Domain (E := E)) (f : E → EReal) (hf : BanditRL.OnlineSubgradientDescent.SubdifferentiableOn V f) (x g u : E) (hu : u ∈ V.carrier) (hg : g ∈ SourceSubdifferential f x) : (f x).toReal - (f u).toReal ≤ inner ℝ g (x - u)
BanditRL.OnlineConvex.theorem_2_30 [theorem] BanditRLProof/OnlineLipschitzSubgradient.lean:27
  theorem theorem_2_30 [FiniteDimensional ℝ E] (f : E → EReal) (hp : SourceProper f) (hc : IsConvexExtended f) (L : ℝ≥0) : SourceLipschitzOn f (interior (effectiveDomain f)) L ↔ ∀ x ∈ interior (effectiveDomain f), ∀ g ∈ SourceSubdifferential f x, ‖g‖ ≤ (L : ℝ)
BanditRL.OnlineConvex.indicator_subdifferential_eq_normalCone [theorem] BanditRLProof/OnlineNormalCone.lean:53
  theorem indicator_subdifferential_eq_normalCone [FiniteDimensional ℝ E] (V : Set E) (hVn : V.Nonempty) (hVc : Convex ℝ V) (x : E) : SourceSubdifferential (extendedIndicator V) x = SourceNormalCone V x
BanditRL.OnlineConvex.abs_subgradient_zero [theorem] BanditRLProof/OnlineSubgradientAbsolute.lean:38
  theorem abs_subgradient_zero : SourceSubdifferential (fun y : ℝ => ((|y| : ℝ) : EReal)) 0 = Icc (-1 : ℝ) 1
BanditRL.OnlineConvex.abs_subgradient_positive [theorem] BanditRLProof/OnlineSubgradientAbsolute.lean:65
  theorem abs_subgradient_positive (x : ℝ) (hx : 0 < x) : SourceSubdifferential (fun y : ℝ => ((|y| : ℝ) : EReal)) x = {(1 : ℝ)}
BanditRL.OnlineConvex.abs_subgradient_negative [theorem] BanditRLProof/OnlineSubgradientAbsolute.lean:92
  theorem abs_subgradient_negative (x : ℝ) (hx : x < 0) : SourceSubdifferential (fun y : ℝ => ((|y| : ℝ) : EReal)) x = {(-1 : ℝ)}
BanditRL.OnlineConvex.example_2_24 [theorem] BanditRLProof/OnlineSubgradientAbsolute.lean:119
  theorem example_2_24 (x : ℝ) : SourceSubdifferential (fun y : ℝ => ((|y| : ℝ) : EReal)) x = if 0 < x then {(1 : ℝ)} else if x = 0 then Icc (-1 : ℝ) 1 else {(-1 : ℝ)}
BanditRL.OnlineConvex.SourceSubdifferential [def] BanditRLProof/OnlineSubgradientBasic.lean:38
  def SourceSubdifferential (f : E → EReal) (x : E) : Set E
BanditRL.OnlineConvex.subgradient_point_finite [theorem] BanditRLProof/OnlineSubgradientBasic.lean:41
  theorem subgradient_point_finite (f : E → EReal) (hf : SourceProper f) (x g : E) (hg : g ∈ SourceSubdifferential f x) : x ∈ effectiveDomain f
BanditRL.OnlineConvex.theorem_2_21 [theorem] BanditRLProof/OnlineSubgradientBasic.lean:51
  theorem theorem_2_21 (f : E → ℝ) (V : Set E) (hV : Convex ℝ V) (hsub : ∀ x ∈ V, (SourceSubdifferential (fun y => (f y : EReal)) x).Nonempty) : ConvexOn ℝ V f
BanditRL.OnlineSubgradientDescent.lemma_2_31 [theorem] BanditRLProof/OnlineSubgradientDescent.lean:40
  theorem lemma_2_31 (V : Domain (E := E)) (f : E → EReal) (hf : SubdifferentiableOn V f) (η : ℝ) (hη : 0 < η) (x u : E) (hu : u ∈ V.carrier) (g : E) (hg : g ∈ SourceSubdifferential f x) : η * ((f x).toReal - (f u).toReal) ≤ η * inner ℝ g (x - u) ∧ η * inner ℝ g (x - u) ≤ ‖x - u‖ ^ 2 / 2 - ‖BanditRL.OnlineGradientDescent.project V (x - η • g) - u‖ ^ 2 / 2 + η ^ 2 / 2 * ‖g‖ ^ 2
BanditRL.OnlineSubgradientDescent.currentSubgradient_mem [theorem] BanditRLProof/OnlineSubgradientDescent.lean:71
  theorem currentSubgradient_mem (V : Domain (E := E)) (f : E → EReal) (hf : SubdifferentiableOn V f) (x : E) (hx : x ∈ V.carrier) : currentSubgradient f x ∈ SourceSubdifferential f x
BanditRL.OnlineSubgradientDescent.iterate_support [theorem] BanditRLProof/OnlineSubgradientDescent.lean:105
  theorem iterate_support (V : Domain (E := E)) (η : ℕ → ℝ) (loss : ℕ → E → EReal) (x₁ : E) (hx₁ : x₁ ∈ V.carrier) (t : ℕ) (hloss : SubdifferentiableOn V (loss t)) : currentSubgradient (loss t) (iterate V η loss x₁ t) ∈ SourceSubdifferential (loss t) (iterate V η loss x₁ t)
BanditRL.OnlineConvex.subgradient_norm_le_lipschitz_ball [theorem] BanditRLProof/OnlineSubgradientDifferentiability.lean:43
  theorem subgradient_norm_le_lipschitz_ball (f : E → EReal) (x : E) (r : ℝ) (hr : 0 < r) (K : ℝ≥0) (hfinite : ∀ y ∈ Metric.ball x r, ∃ a : ℝ, f y = (a : EReal)) (hlip : LipschitzOnWith K (fun y => (f y).toReal) (Metric.ball x r)) (g : E) (hg : g ∈ SourceSubdifferential f x) : ‖g‖ ≤ (K : ℝ)
BanditRL.OnlineConvex.subgradients_locally_bounded [theorem] BanditRLProof/OnlineSubgradientDifferentiability.lean:88
  theorem subgradients_locally_bounded (f : E → EReal) (hbot : ∀ y, f y ≠ ⊥) (hf : IsConvexExtended f) (x : E) (hx : x ∈ interior (effectiveDomain f)) : ∃ r : ℝ, 0 < r ∧ ∃ K : ℝ≥0, ∀ y ∈ Metric.ball x r, ∀ g ∈ SourceSubdifferential f y, ‖g‖ ≤ (K : ℝ)
BanditRL.OnlineConvex.subgradient_limit_of_continuousAt [theorem] BanditRLProof/OnlineSubgradientDifferentiability.lean:111
  theorem subgradient_limit_of_continuousAt {ι : Type*} (l : Filter ι) [NeBot l] (f : E → EReal) (hbot : ∀ y, f y ≠ ⊥) (x g : E) (hx : x ∈ interior (effectiveDomain f)) (hcont : ContinuousAt (fun y => (f y).toReal) x) (xs gs : ι → E) (hxs : Tendsto xs l (𝓝 x)) (hgs : Tendsto gs l (𝓝 g)) (hs : ∀ᶠ i in l, gs i ∈ SourceSubdifferential f (xs i)) : g ∈ SourceSubdifferential f x
BanditRL.OnlineConvex.singleton_subgradient_tendsto [theorem] BanditRLProof/OnlineSubgradientDifferentiability.lean:141
  theorem singleton_subgradient_tendsto {ι : Type*} (l : Filter ι) [NeBot l] (f : E → EReal) (hbot : ∀ y, f y ≠ ⊥) (hf : IsConvexExtended f) (x g : E) (hx : x ∈ interior (effectiveDomain f)) (hg : SourceSubdifferential f x = {g}) (xs gs : ι → E) (hxs : Tendsto xs l (𝓝 x)) (hs : ∀ᶠ i in l, gs i ∈ SourceSubdifferential f (xs i)) : Tendsto gs l (𝓝 g)
BanditRL.OnlineConvex.singleton_subdifferential_interior [theorem] BanditRLProof/OnlineSubgradientDifferentiability.lean:171
  theorem singleton_subdifferential_interior (f : E → EReal) (hf : IsConvexExtended f) (x : E) (hx : ∃ r : ℝ, f x = (r : EReal)) (g : E) (hg : SourceSubdifferential f x = {g}) : x ∈ interior (effectiveDomain f)
BanditRL.OnlineConvex.singleton_subdifferential_hasGradientAt [theorem] BanditRLProof/OnlineSubgradientDifferentiability.lean:222
  theorem singleton_subdifferential_hasGradientAt (f : E → EReal) (hf : IsConvexExtended f) (x : E) (hx : ∃ r : ℝ, f x = (r : EReal)) (g : E) (hg : SourceSubdifferential f x = {g}) : HasGradientAt (fun y => (f y).toReal) g x
BanditRL.OnlineConvex.subgradient_eq_gradient_at_interior [theorem] BanditRLProof/OnlineSubgradientDifferentiability.lean:294
  theorem subgradient_eq_gradient_at_interior (f : E → EReal) (hbot : ∀ z, f z ≠ ⊥) (x : E) (hx : x ∈ interior (effectiveDomain f)) (hd : DifferentiableAt ℝ (fun z => (f z).toReal) x) (g : E) (hg : g ∈ SourceSubdifferential f x) : g = gradient (fun z => (f z).toReal) x
BanditRL.OnlineConvex.theorem_2_22_gradient [theorem] BanditRLProof/OnlineSubgradientDifferentiability.lean:319
  theorem theorem_2_22_gradient (f : E → EReal) (hf : IsConvexExtended f) (x : E) (hx : ∃ r : ℝ, f x = (r : EReal)) (h : E → ℝ) (he : (fun y => (h y : EReal)) =ᶠ[𝓝 x] f) (hd : DifferentiableAt ℝ h x) : SourceSubdifferential f x = {gradient h x}
BanditRL.OnlineConvex.theorem_2_22_forward [theorem] BanditRLProof/OnlineSubgradientDifferentiability.lean:351
  theorem theorem_2_22_forward (f : E → EReal) (hf : IsConvexExtended f) (x : E) (hx : ∃ r : ℝ, f x = (r : EReal)) (hd : SourceDifferentiableAt f x) : ∃ g : E, SourceSubdifferential f x = {g}
BanditRL.OnlineConvex.theorem_2_22 [theorem] BanditRLProof/OnlineSubgradientDifferentiability.lean:362
  theorem theorem_2_22 (f : E → EReal) (hf : IsConvexExtended f) (x : E) (hx : ∃ r : ℝ, f x = (r : EReal)) : SourceDifferentiableAt f x ↔ ∃ g : E, SourceSubdifferential f x = {g}
BanditRL.OnlineConvex.subgradient_exists_of_domain_interior [theorem] BanditRLProof/OnlineSubgradientInterior.lean:10
  theorem subgradient_exists_of_domain_interior {F : Type*} [NormedAddCommGroup F] [InnerProductSpace ℝ F] [FiniteDimensional ℝ F] (f : F → EReal) (hf : SourceProper f) (hc : IsConvexExtended f) (x : F) (hx : x ∈ interior (effectiveDomain f)) : (SourceSubdifferential f x).Nonempty
BanditRL.OnlineConvex.subgradient_exists_of_relative_domain_interior [theorem] BanditRLProof/OnlineSubgradientInterior.lean:74
  theorem subgradient_exists_of_relative_domain_interior {F : Type*} [NormedAddCommGroup F] [InnerProductSpace ℝ F] [FiniteDimensional ℝ F] (f : F → EReal) (hf : SourceProper f) (hc : IsConvexExtended f) (x : F) (hx : x ∈ intrinsicInterior ℝ (effectiveDomain f)) : (SourceSubdifferential f x).Nonempty
BanditRL.OnlineConvex.active_subgradient_support_max [theorem] BanditRLProof/OnlineSubgradientMax.lean:49
  theorem active_subgradient_support_max {ι : Type*} [Fintype ι] [Nonempty ι] (f : ι → E → EReal) (x : E) : SourceActiveSubgradientUnion f x ⊆ SourceSubdifferential (SourceFiniteMax f) x
BanditRL.OnlineConvex.subgradient_iff_real_support [theorem] BanditRLProof/OnlineSubgradientMax.lean:74
  theorem subgradient_iff_real_support (f : E → EReal) (hbot : ∀ y, f y ≠ ⊥) (x : E) (hx : x ∈ effectiveDomain f) (g : E) : g ∈ SourceSubdifferential f x ↔ ∀ y, f y ≠ ⊤ → (f x).toReal + inner ℝ g (y - x) ≤ (f y).toReal
BanditRL.OnlineConvex.convex_sourceSubdifferential [theorem] BanditRLProof/OnlineSubgradientMax.lean:94
  theorem convex_sourceSubdifferential (f : E → EReal) (hbot : ∀ y, f y ≠ ⊥) (x : E) (hx : x ∈ effectiveDomain f) : Convex ℝ (SourceSubdifferential f x)
BanditRL.OnlineConvex.convexHull_active_support_max [theorem] BanditRLProof/OnlineSubgradientMax.lean:123
  theorem convexHull_active_support_max {ι : Type*} [Fintype ι] [Nonempty ι] (f : ι → E → EReal) (hp : ∀ i, SourceProper (f i)) (x : E) (hx : ∀ i, x ∈ effectiveDomain (f i)) : convexHull ℝ (SourceActiveSubgradientUnion f x) ⊆ SourceSubdifferential (SourceFiniteMax f) x
BanditRL.OnlineConvex.isClosed_sourceSubdifferential [theorem] BanditRLProof/OnlineSubgradientMax.lean:136
  theorem isClosed_sourceSubdifferential (f : E → EReal) (hbot : ∀ y, f y ≠ ⊥) (x : E) (hx : x ∈ effectiveDomain f) : IsClosed (SourceSubdifferential f x)
BanditRL.OnlineConvex.isCompact_sourceSubdifferential [theorem] BanditRLProof/OnlineSubgradientMax.lean:149
  theorem isCompact_sourceSubdifferential [FiniteDimensional ℝ E] (f : E → EReal) (hp : SourceProper f) (hf : IsConvexExtended f) (x : E) (hx : x ∈ interior (effectiveDomain f)) : IsCompact (SourceSubdifferential f x)
BanditRL.OnlineConvex.max_support_displacement_compare [theorem] BanditRLProof/OnlineSubgradientMax.lean:250
  theorem max_support_displacement_compare {ι : Type*} [Fintype ι] [Nonempty ι] (f : ι → E → EReal) (hp : ∀ i, SourceProper (f i)) (x : E) (hx : ∀ i, x ∈ effectiveDomain (f i)) (y : E) (i : ι) (hy : y ∈ effectiveDomain (f i)) (hi : SourceFiniteMax f y = f i y) (g k : E) (hg : g ∈ SourceSubdifferential (SourceFiniteMax f) x) (hk : k ∈ SourceSubdifferential (f i) y) : inner ℝ g (y - x) ≤ inner ℝ k (y - x)
BanditRL.OnlineConvex.max_subgradient_direction_witness [theorem] BanditRLProof/OnlineSubgradientMax.lean:276
  theorem max_subgradient_direction_witness [FiniteDimensional ℝ E] {ι : Type*} [Fintype ι] [Nonempty ι] (f : ι → E → EReal) (hp : ∀ i, SourceProper (f i)) (hc : ∀ i, IsConvexExtended (f i)) (x : E) (hx : ∀ i, x ∈ effectiveDomain (f i)) (hcont : ∀ i, ContinuousAt (f i) x) (g d : E) (hg : g ∈ SourceSubdifferential (SourceFiniteMax f) x) : ∃ k ∈ SourceActiveSubgradientUnion f x, inner ℝ g d ≤ inner ℝ k d
BanditRL.OnlineConvex.theorem_2_26 [theorem] BanditRLProof/OnlineSubgradientMax.lean:369
  theorem theorem_2_26 [FiniteDimensional ℝ E] {ι : Type*} [Fintype ι] [Nonempty ι] (f : ι → E → EReal) (hp : ∀ i, SourceProper (f i)) (hc : ∀ i, IsConvexExtended (f i)) (x : E) (hx : ∀ i, x ∈ effectiveDomain (f i)) (hcont : ∀ i, ContinuousAt (f i) x) : SourceSubdifferential (SourceFiniteMax f) x = convexHull ℝ (SourceActiveSubgradientUnion f x)
BanditRL.OnlineSubgradientPolicy.one_step_chain [theorem] BanditRLProof/OnlineSubgradientPolicy.lean:135
  theorem one_step_chain (V : Domain (E := E)) (η : ℕ → ℝ) (loss : ℕ → E → EReal) (x₁ : E) (p : SupportPolicy (E := E)) (t : ℕ) (hη : 0 < η t) (hloss : BanditRL.OnlineSubgradientDescent.SubdifferentiableOn V (loss t)) (hg : selected V η loss x₁ p t ∈ SourceSubdifferential (loss t) (output V η loss x₁ p t)) (u : E) (hu : u ∈ V.carrier) : η t * ((loss t (output V η loss x₁ p t)).toReal - (loss t u).toReal) ≤ η t * inner ℝ (selected V η loss x₁ p t) (output V η loss x₁ p t - u) ∧ η t * inner ℝ (selected V η loss x₁ p t) (output V η loss x₁ p t - u) ≤ ‖output V η loss x₁ p t - u‖ ^ 2 / 2 - ‖output V η loss x₁ p (t + 1) - u‖ ^ 2 / 2 + (η t) ^ 2 / 2 * ‖selected V η loss x₁ p t‖ ^ 2
BanditRL.OnlineSubgradientPolicy.one_step [theorem] BanditRLProof/OnlineSubgradientPolicy.lean:150
  theorem one_step (V : Domain (E := E)) (η : ℕ → ℝ) (loss : ℕ → E → EReal) (x₁ : E) (p : SupportPolicy (E := E)) (t : ℕ) (hη : 0 < η t) (hloss : BanditRL.OnlineSubgradientDescent.SubdifferentiableOn V (loss t)) (hg : selected V η loss x₁ p t ∈ SourceSubdifferential (loss t) (output V η loss x₁ p t)) (u : E) (hu : u ∈ V.carrier) : (loss t (output V η loss x₁ p t)).toReal - (loss t u).toReal ≤ (‖output V η loss x₁ p t - u‖ ^ 2 - ‖output V η loss x₁ p (t + 1) - u‖ ^ 2) / (2 * η t) + η t / 2 * ‖selected V η loss x₁ p t‖ ^ 2
BanditRL.OnlineConvex.binary_subgradient_decomposition [theorem] BanditRLProof/OnlineSubgradientSum.lean:140
  theorem binary_subgradient_decomposition (f h : E → EReal) (hpf : SourceProper f) (hph : SourceProper h) (hcf : IsConvexExtended f) (hch : IsConvexExtended h) (x : E) (hfx : ∃ a : ℝ, f x = (a : EReal)) (hhx : ∃ b : ℝ, h x = (b : EReal)) (g : E) (hgs : g ∈ SourceSubdifferential (fun y => f y + h y) x) (hqual : ∃ z : E, z ∈ interior (effectiveDomain f) ∧ z ∈ effectiveDomain h) : ∃ p : E, p ∈ SourceSubdifferential f x ∧ g - p ∈ SourceSubdifferential h x
BanditRL.OnlineConvex.theorem_2_23_inclusion [theorem] BanditRLProof/OnlineSubgradientSum.lean:278
  theorem theorem_2_23_inclusion {ι : Type*} [Fintype ι] (f : ι → E → EReal) (hp : ∀ i, SourceProper (f i)) (x : E) : SourceSubgradientSum f x ⊆ SourceSubdifferential (fun y => ∑ i, f i y) x
BanditRL.OnlineConvex.theorem_2_23_equality [theorem] BanditRLProof/OnlineSubgradientSum.lean:294
  theorem theorem_2_23_equality (n : ℕ) (f : Fin (n + 1) → E → EReal) (hp : ∀ i, SourceProper (f i)) (hc : ∀ i, IsConvexExtended (f i)) (hclosed : ∀ i, SourceClosed (f i)) (hqual : ∃ z : E, z ∈ effectiveDomain (f (Fin.last n)) ∧ ∀ i : Fin (n + 1), i ≠ Fin.last n → z ∈ interior (effectiveDomain (f i))) (x : E) : SourceSubdifferential (fun y => ∑ i, f i y) x = SourceSubgradientSum f x
BanditRL.OnlineUnitScaling.subgradient_scaled [theorem] BanditRLProof/OnlineUnitScaling.lean:46
  theorem subgradient_scaled (c : ℝ) (hc : 0 < c) (f : E → EReal) (hf : SourceProper f) (y g : E) (hg : g ∈ SourceSubdifferential f (c • y)) : c • g ∈ SourceSubdifferential (scaledLoss c f) y
