statement-fence-help-v1-01 exit 0 seconds 0.219
retrieval-record-help-v1-01 exit 0 seconds 0.203
lifecycle-event-help-v1-01 exit 0 seconds 0.203
list-lean-decls-help-v1-01 exit 0 seconds 0.203
search-memory-help-v1-01 exit 0 seconds 0.219
reference-index-help-v1-01 exit 0 seconds 0.203
list-mathlib-help-v1-01 exit 0 seconds 0.203
list-papers-help-v1-01 exit 0 seconds 0.203
list-weapons-help-v1-01 exit 0 seconds 0.219
safe-verify-help-v1-01 exit 0 seconds 0.219
trial-log-help-v1-01 exit 0 seconds 0.203
frontier-refresh-help-v1-01 exit 0 seconds 0.203
frontier-shadow-help-v1-01 exit 0 seconds 0.203
draft-lifecycle-v1 exit 0 seconds 0.218
list-mathlib-v1 exit 0 seconds 0.219
list-papers-v1 exit 0 seconds 0.203
list-weapons-v1 exit 0 seconds 0.204
local-declaration-search-v1 exit 0 seconds 5.828
local-declaration-search-v2 exit 0 seconds 5.828
local-memory-search-v1 exit 0 seconds 5.859
retained-focused-v1-01 exit 0 seconds 2.281
actual-types-v1-01 exit 0 seconds 9.531
pinned-APIs-v1-01 exit 0 seconds 9.485
compiled-ready-graph-v1-01 exit 0 seconds 29.016
reference-index-scoped-v1-01 exit 0 seconds 6.297
Actual focused/types/API/compiled readiness/reference retrieval passed; source stabilization remains pending.
