{
  "schema_version": 1,
  "entry_id": "entry-dc565be9f9f1da1a",
  "session_id": "ONLINE-AFFINE-SUBGRADIENT-MIGRATION-20261007",
  "sequence": 3,
  "parent_id": "entry-2ff037c9d982cc8b",
  "event_type": "repair",
  "created_at": "2026-10-06T22:49:26+00:00",
  "payload": {
    "run_id": "online-affine-subgradient-migration-20261007",
    "chapter_complete": false,
    "goal_complete": false,
    "failure": "reader prose comment lexical guard and continued preintegration project failed",
    "mathematical_repairs": [],
    "frozen_headers": {
      "theorem_2_28": "82587fe92f5705cd28adb86e7e554c97855a1930f46f660d79a5fc0a6fca2f76"
    },
    "source_package_accepted": false
  }
}
