{
  "schema_version": 1,
  "entry_id": "entry-7777eac1a9915cb6",
  "session_id": "ONLINE-AFFINE-SUBGRADIENT-MIGRATION-20261007",
  "sequence": 4,
  "parent_id": "entry-dc565be9f9f1da1a",
  "event_type": "repair",
  "created_at": "2026-10-06T22:50:13+00:00",
  "payload": {
    "run_id": "online-affine-subgradient-migration-20261007",
    "chapter_complete": false,
    "goal_complete": false,
    "failure": "metadata original MANIFEST pointer after authorized candidate append",
    "resolution": "verified immutable exact raw pre-entry prefix; additive pointer overlay",
    "frozen_headers": {
      "theorem_2_28": "82587fe92f5705cd28adb86e7e554c97855a1930f46f660d79a5fc0a6fca2f76"
    },
    "mathematical_repairs": [],
    "source_package_accepted": false
  }
}
