{
  "schema_version": 1,
  "entry_id": "entry-adae1a80a1d394e3",
  "session_id": "ONLINE-AFFINE-SUBGRADIENT-MIGRATION-20261007",
  "sequence": 6,
  "parent_id": "entry-8708ab83ba6ec2b6",
  "event_type": "repair",
  "created_at": "2026-10-06T23:08:12+00:00",
  "payload": {
    "run_id": "online-affine-subgradient-migration-20261007",
    "chapter_complete": false,
    "goal_complete": false,
    "failure": "acceptance adapter historical reader requirements versus FINAL discharge",
    "resolution": "all original R1-R7 explicitly hash-bound to actual FINAL satisfied verdicts; no receipt rewrite",
    "frozen_headers": {
      "theorem_2_28": "82587fe92f5705cd28adb86e7e554c97855a1930f46f660d79a5fc0a6fca2f76"
    },
    "mathematical_repairs": [],
    "source_package_accepted": false
  }
}
