{
  "time": "2026-10-06T22:45:55+00:00",
  "task": "ONLINE-AFFINE-SUBGRADIENT-MIGRATION-20261007",
  "role": "lower",
  "kind": "build",
  "status": "compiled",
  "notes": "Actual ONE retained full affine inclusion producer/whole7canaryproof2TESTdefs/10namedkernelchecks1guard/10selectednodes;0newmath/TEST. Sourceproper retained/no convexity/equality strengthening. BODY/package gatespending; Chapterbook incomplete.",
  "lean": "BanditRLProof\\OnlineAffineSubgradient.lean",
  "source": "",
  "run_id": "online-affine-subgradient-migration-20261007",
  "changed_files": [],
  "statement_hash": "82587fe92f5705cd28adb86e7e554c97855a1930f46f660d79a5fc0a6fca2f76",
  "parent_id": "",
  "route_fingerprint": "",
  "verifier_evidence": [
    "E:\\ABRL\\worktrees\\research-online-book\\runs\\online-affine-subgradient-migration-20261007\\public-actual-bindings-v1.json"
  ],
  "harness": "",
  "experiment_id": "",
  "target_fingerprint": "",
  "route_packet_hash": "",
  "attempt_id": "AFFINE-RETAINED-BODY-V1",
  "worker_id": "",
  "progress_class": "retrieval-reuse",
  "reviewer_validated": false,
  "obligations_before": 0,
  "obligations_after": 0,
  "new_declarations": [],
  "reused_declarations": [
    "BanditRL.OnlineConvex.theorem_2_28"
  ],
  "dag_nodes": 0,
  "dag_depth": 0,
  "elapsed_seconds": 0.0,
  "lean_check_seconds": 0.0,
  "prompt_chars": 0,
  "input_tokens": 0,
  "output_tokens": 0,
  "error_signature": ""
}
