{
  "id": "mem-0d0044def76c5239",
  "created_at": "2026-10-06T22:41:27+00:00",
  "type": "source_fact",
  "task": "ONLINE-AFFINE-SUBGRADIENT-MIGRATION-20261007",
  "provenance": {
    "kind": "local_first_retrieval",
    "reference": "MLIB-CONVEX-LINALG; actual eleven pinned API types/current compiled production dependency graph. Reuse existing actual producer, no coordinate certificate or unchecked external library."
  },
  "assumptions": [],
  "declaration": "",
  "file": "",
  "status": "verified",
  "verifier_evidence": [
    "E:\\ABRL\\worktrees\\research-online-book\\runs\\online-affine-subgradient-migration-20261007\\actual-types-v1-01.log"
  ],
  "supersession": {
    "supersedes": [],
    "reason": ""
  },
  "roles": [],
  "details": {
    "query": "proper arbitrary extended-real global subgradient under actual affine map adjoint inclusion without convexity",
    "search_order": [
      "local declarations",
      "ABRL theorem cards",
      "Mathlib cards"
    ],
    "candidates": [
      "BanditRL.OnlineConvex.theorem_2_28",
      "ContinuousLinearMap.adjoint_inner_left",
      "ContinuousLinearMap.map_sub",
      "BanditRL.OnlineConvex.subgradient_point_finite"
    ],
    "rejections": [],
    "compiled_scratch": "E:\\ABRL\\worktrees\\research-online-book\\runs\\online-affine-subgradient-migration-20261007\\actual-types-v1-01.log"
  }
}
