SITE CHECK PASSED
- HTML pages: 911
- modules: 822
- declarations: 10584
- highlights: 173
- milestones: 97
- textbook crosswalks: 24
- source theorem restatements: 41
- BanditRLwiki settings/cases/papers: 7/13/19
- BanditRLwiki theorem surfaces: 27
- BanditRLwiki literature-open/formalization-open cases: 0/13
- BanditRLwiki named formalization leaves: 36
- BanditRLwiki active source-frozen ports: 2
- Live Formalization mappings: 173
- Mermaid blocks: 19
- Lean source links: 11629
- internal links and anchors: valid
- README relative links: valid
- MathJax loader and readable mathematical fallbacks: valid
- GitHub Pages workflow: complete
