{
  "generated_at": "2026-10-03T08:18:16+00:00",
  "lean_verified": true,
  "module_count": 822,
  "declaration_count": 10584,
  "public_declaration_count": 10502,
  "private_declaration_count": 82,
  "placeholder_count": 0,
  "kind_counts": {
    "abbrev": 58,
    "class": 2,
    "def": 2560,
    "inductive": 9,
    "lemma": 18,
    "structure": 145,
    "theorem": 7792
  },
  "chapter_counts": {
    "etc": 339,
    "exp3": 841,
    "finite-horizon-rl": 2697,
    "foundations": 2579,
    "frontier": 686,
    "oful": 706,
    "online-barycenter": 3,
    "online-closed-proper": 5,
    "online-convex": 15,
    "online-convex-closures": 12,
    "online-expectation": 10,
    "online-first-order": 3,
    "online-foundations": 28,
    "online-ftl-failure": 10,
    "online-guessing-ogd": 10,
    "online-huber": 22,
    "online-jensen": 2,
    "online-minorant": 2,
    "online-ogd": 24,
    "online-optimality": 4,
    "probability": 807,
    "thompson": 297,
    "tsallis": 896,
    "ucb": 586
  },
  "author_count": 6,
  "community_contributor_count": 0,
  "contributor_count": 6,
  "highlight_count": 173,
  "ide_mapping_count": 173,
  "milestone_count": 97,
  "milestone_status_counts": {
    "blocked": 2,
    "compiled": 86,
    "partial": 8,
    "planned": 1
  },
  "community_entry_count": 0,
  "reading_count": 24,
  "source_theorem_count": 41,
  "textbook_spine_chapter_count": 5,
  "textbook_spine_status_counts": {
    "compiled": 5
  },
  "banditrlwiki_family_count": 7,
  "banditrlwiki_case_count": 13,
  "banditrlwiki_paper_count": 19,
  "banditrlwiki_theorem_surface_count": 27,
  "banditrlwiki_paper_case_link_count": 19,
  "banditrlwiki_exact_source_audit_count": 12,
  "banditrlwiki_literature_open_count": 0,
  "banditrlwiki_formalization_open_case_count": 13,
  "banditrlwiki_formalization_leaf_count": 36,
  "banditrlwiki_active_source_audit_count": 2,
  "banditrlwiki_literature_status_counts": {
    "asymptotic-matched": 2,
    "minimax-matched": 2,
    "near-minimax": 8,
    "source-audit-pending": 1
  },
  "banditrlwiki_lean_status_counts": {
    "partial": 10,
    "planned": 3
  },
  "max_module_slug_length": 96,
  "public_snapshot": false,
  "public_base_url": "",
  "source_commit": "0b049d54d2f734809813a62b2690c3a137bd3f5d",
  "source_dirty": true,
  "lean_graph_node_count": 11537,
  "lean_graph_edge_count": 14903,
  "lean_graph_shard_count": 848,
  "lean_graph_max_shard_bytes": 1176532,
  "lean_graph_search_index_bytes": 1488193,
  "proof_graph_benchmark_status": "prototype",
  "proof_graph_root_count": 3,
  "cng_candidate_status": "partial",
  "cng_structural_discovery_established": false
}
