{
  "schema_version": 1,
  "entry_id": "entry-5b0af1c0d2c293cf",
  "session_id": "ONLINE-FTL-SHARP-20261007",
  "sequence": 11,
  "parent_id": "entry-5c3168dbd02fea77",
  "event_type": "accepted",
  "created_at": "2026-10-07T12:52:48+00:00",
  "payload": {
    "run_id": "online-ftl-sharp-20261007",
    "contract_version": 1,
    "accepted_decision": "E:/ABRL/worktrees/research-online-book/runs/online-ftl-sharp-20261007/accepted-decision-v1.json",
    "source_package_accepted": true,
    "chapter_complete": false,
    "goal_complete": false,
    "merged": false,
    "live": false,
    "new_public_math": 2,
    "new_source_math_closures": 2,
    "new_production_registry_nodes": 2,
    "new_named_validation_proofs": 6
  }
}
