{
  "time": "2026-10-07T12:52:47+00:00",
  "task": "ONLINE-FTL-SHARP-20261007",
  "role": "reviewer",
  "kind": "review",
  "status": "accepted",
  "notes": "ONLINE-FTL-SHARP-20261007 Two new faithful unnumbered Theorem1.3 proof bounds: first-round1/4 and same-causal-FTL finite-horizon1/4+4sum(t=2..T)1/t. Old5proof1def retained; six new validation proofs/one testdef not new book results. Chapter1 required16 source items enumerated; mandatory proof-leaf totalnull. General initialization, genuine recursive mean/count producer, W/V domain mapping and logarithmic-unavoidability lower-bound/source audit remain required. Actual main-relative eight other contributor gaps inclFoundations FAILUNWAIVED; ownFTL resolved only by actual gate. Chapter2null/incomplete;3–16unenumerated; necessaryappendices required; wholeGoalACTIVE/unbudgeted. No merge/main/live/retirement. OriginalR1–R8 discharged. Actual15kernel/13exactrfl/13fences/9VALUE2401refs; source0-based/prior1/2 notemptymean0/producedfeasibleargmins/positiveT/tailt+2/T1empty/endpointquarter/midzero/outside9/4/two-round3/4vs9/4/strictprefix. Original rejected metadata/enumeration CONTRACT, reader-scope pixel failure, FINAL M3 delivery-registry rejection and all path/binding/CLI failures and separately reviewed repairs retained; no mathematical weakening. Distinct required reused automated actors requestedAstra/medium/nohumanexternalruntimeattestation.",
  "lean": "",
  "source": "",
  "run_id": "online-ftl-sharp-20261007",
  "changed_files": [],
  "statement_hash": "fb0f95d7729dcf9c8f9a92f78a080642b6b05f1198083bacc764b4458efd4d27",
  "parent_id": "",
  "route_fingerprint": "",
  "verifier_evidence": [
    "E:\\ABRL\\worktrees\\research-online-book\\runs\\online-ftl-sharp-20261007\\final-metadata-repair-receipt-v2.json"
  ],
  "harness": "hierarchical",
  "experiment_id": "",
  "target_fingerprint": "",
  "route_packet_hash": "",
  "attempt_id": "FTL-SHARP-BODIES-V1",
  "worker_id": "",
  "progress_class": "closed-frontier",
  "reviewer_validated": true,
  "obligations_before": 0,
  "obligations_after": 0,
  "new_declarations": [
    "BanditRL.OnlineLearning.meanPredict_initial_stability",
    "BanditRL.OnlineLearning.meanPredict_regret_refined"
  ],
  "reused_declarations": [],
  "dag_nodes": 0,
  "dag_depth": 0,
  "elapsed_seconds": 0.0,
  "lean_check_seconds": 0.0,
  "prompt_chars": 0,
  "input_tokens": 0,
  "output_tokens": 0,
  "error_signature": ""
}
