{
  "id": "mem-3304b38a77390e95",
  "created_at": "2026-10-07T12:52:48+00:00",
  "type": "verified_lemma",
  "task": "ONLINE-FTL-SHARP-20261007",
  "provenance": {
    "kind": "source-reviewed-new-proof-package",
    "reference": "E:\\ABRL\\worktrees\\research-online-book\\runs\\online-ftl-sharp-20261007\\accepted-decision-v1.json"
  },
  "assumptions": [],
  "declaration": "BanditRL.OnlineLearning.meanPredict_regret_refined",
  "file": "BanditRLProof\\OnlineLearningFTL.lean",
  "status": "verified",
  "verifier_evidence": [
    "E:\\ABRL\\worktrees\\research-online-book\\runs\\online-ftl-sharp-20261007\\final-metadata-repair-receipt-v2.json"
  ],
  "supersession": {
    "supersedes": [],
    "reason": ""
  },
  "roles": [
    "reviewer"
  ],
  "details": {
    "scope": "Two new faithful unnumbered Theorem1.3 proof bounds: first-round1/4 and same-causal-FTL finite-horizon1/4+4sum(t=2..T)1/t. Old5proof1def retained; six new validation proofs/one testdef not new book results.",
    "remaining_required": "Chapter1 required16 source items enumerated; mandatory proof-leaf totalnull. General initialization, genuine recursive mean/count producer, W/V domain mapping and logarithmic-unavoidability lower-bound/source audit remain required. Actual main-relative eight other contributor gaps inclFoundations FAILUNWAIVED; ownFTL resolved only by actual gate. Chapter2null/incomplete;3–16unenumerated; necessaryappendices required; wholeGoalACTIVE/unbudgeted. No merge/main/live/retirement.",
    "source_package_accepted": true,
    "chapter_complete": false,
    "goal_complete": false,
    "merged": false,
    "live": false,
    "new_public_math": 2,
    "new_source_math_closures": 2,
    "new_production_registry_nodes": 2,
    "new_named_validation_proofs": 6
  }
}
