{
  "id": "mem-6f1703073adefa2a",
  "created_at": "2026-10-07T12:52:49+00:00",
  "type": "source_fact",
  "task": "ONLINE-FTL-SHARP-20261007",
  "provenance": {
    "kind": "local_first_retrieval",
    "reference": "E:\\ABRL\\worktrees\\research-online-book\\runs\\online-ftl-sharp-20261007\\all-public-types-v1-exit.json"
  },
  "assumptions": [],
  "declaration": "",
  "file": "",
  "status": "verified",
  "verifier_evidence": [
    "E:\\ABRL\\worktrees\\research-online-book\\runs\\online-ftl-sharp-20261007\\leaves\\all-public-types-v1.lean"
  ],
  "supersession": {
    "supersedes": [],
    "reason": ""
  },
  "roles": [],
  "details": {
    "query": "FTL firstquarter stability exact finitehorizon shiftedsum actual causal mean feasibleargmins",
    "search_order": [
      "local declarations",
      "ABRL theorem cards",
      "Mathlib cards"
    ],
    "candidates": [
      "BanditRL.OnlineLearning.meanPredict_initial_stability",
      "BanditRL.OnlineLearning.meanPredict_regret_refined"
    ],
    "rejections": [],
    "compiled_scratch": "E:\\ABRL\\worktrees\\research-online-book\\runs\\online-ftl-sharp-20261007\\leaves\\all-public-types-v1.lean"
  }
}
