{
  "schema_version": 1,
  "mode": "shadow-read-only",
  "analyzed_at": "2026-10-07T12:52:48+00:00",
  "trials_path": "E:\\ABRL\\worktrees\\research-online-book\\runs\\online-ftl-sharp-20261007\\accepted-scoped-trials-v1.jsonl",
  "trial_rows": 5,
  "status_counts": {
    "accepted": 1,
    "compiled": 2,
    "failed": 2
  },
  "inferred_frontier": {
    "selected_task": "ONLINE-FTL-SHARP-20261007",
    "selected_leaf": "ONLINE-FTL-SHARP-20261007",
    "source_status": "accepted",
    "last_accepted_verifier": {
      "trial_index": 4,
      "time": "2026-10-07T12:52:47+00:00",
      "task": "ONLINE-FTL-SHARP-20261007",
      "role": "reviewer",
      "kind": "review",
      "status": "accepted",
      "lean": "",
      "notes": "ONLINE-FTL-SHARP-20261007 Two new faithful unnumbered Theorem1.3 proof bounds: first-round1/4 and same-causal-FTL finite-horizon1/4+4sum(t=2..T)1/t. Old5proof1def retained; six new validation proofs/one testdef not new book results. Chapter1 required16 source items enumerated; mandatory proof-leaf totalnull. General initialization, genuine recursive mean/count producer, W/V domain mapping and logarithmic-unavoidability lower-bound/source audit remain required. Actual main-relative eight other contributor gaps inclFoundations FAILUNWAIVED; ownFTL resolved only by actual gate. Chapter2null/incomplete;3–16unenumerated; necessaryappendices required; wholeGoalACTIVE/unbudgeted. No merge/main/live/retirement. OriginalR1–R8 discharged. Actual15kernel/13exactrfl/13fences/9VALUE2401refs; source0-based/prior1/2 notemptymean0/producedfeasibleargmins/positiveT/tailt+2/T1empty/endpointquarter/midzero/outside9/4/two-round3/4vs9/4/strictprefix. Original rejected metadata/enumeration CONTRACT, reader-scope pixel failure, FINAL M3 delivery-registry rejection and all path/binding/CLI failures and separately reviewed repairs retained; no mathematical weakening. Distinct required reused automated actors requestedAstra/medium/nohumanexternalruntimeattestation.",
      "run_id": "online-ftl-sharp-20261007"
    }
  },
  "memory_digest": {
    "path": "E:\\ABRL\\worktrees\\research-online-book\\runs\\online-ftl-sharp-20261007\\memory-digest-accepted-v1.md",
    "task": ""
  },
  "recorded_frontier": {
    "schema_version": 1,
    "record_id": "frontier-a2252d5b8674c640",
    "updated_at": "2026-10-07T12:52:48+00:00",
    "root_objective": "Persistent Orabona Chapters1–16; current FTL2sourcebounds accepted",
    "current_leaf": {
      "id": "ONLINE-FTL-SHARP-20261007",
      "kind": "lean",
      "status": "accepted",
      "statement": "theorem meanPredict_regret_refined (y : ℕ → ℝ) (T : ℕ) (hT : 0 < T) (hy : ∀ t < T, y t ∈ Set.Icc (0 : ℝ) 1) : (∑ t ∈ Finset.range T, (meanPredict y t - y t)^2) - (∑ t ∈ Finset.range T, (empiricalMean y T - y t)^2) ≤ (1 : ℝ) / 4 + ∑ t ∈ Finset.range (T - 1), 4 / ((t : ℝ) + 2)",
      "statement_hash": "fb0f95d7729dcf9c8f9a92f78a080642b6b05f1198083bacc764b4458efd4d27",
      "declaration": "BanditRL.OnlineLearning.meanPredict_regret_refined",
      "file": "BanditRLProof\\OnlineLearningFTL.lean",
      "source_status": "source-reviewed",
      "dependencies": [
        {
          "kind": "lean",
          "name": "BanditRL.OnlineLearning.meanPredict_initial_stability",
          "status": "compiled"
        },
        {
          "kind": "review",
          "name": "source-reader",
          "status": "accepted"
        }
      ]
    },
    "dag": {
      "nodes": [
        {
          "id": "ONLINE-FTL-SHARP-20261007",
          "kind": "lean",
          "status": "accepted",
          "dependencies": [
            {
              "kind": "lean",
              "name": "BanditRL.OnlineLearning.meanPredict_initial_stability",
              "status": "compiled"
            },
            {
              "kind": "review",
              "name": "source-reader",
              "status": "accepted"
            }
          ],
          "dispatch_count": 0
        }
      ]
    },
    "last_accepted_verifier": {
      "trial_index": 4,
      "time": "2026-10-07T12:52:47+00:00",
      "task": "ONLINE-FTL-SHARP-20261007",
      "role": "reviewer",
      "kind": "review",
      "status": "accepted",
      "lean": "",
      "notes": "ONLINE-FTL-SHARP-20261007 Two new faithful unnumbered Theorem1.3 proof bounds: first-round1/4 and same-causal-FTL finite-horizon1/4+4sum(t=2..T)1/t. Old5proof1def retained; six new validation proofs/one testdef not new book results. Chapter1 required16 source items enumerated; mandatory proof-leaf totalnull. General initialization, genuine recursive mean/count producer, W/V domain mapping and logarithmic-unavoidability lower-bound/source audit remain required. Actual main-relative eight other contributor gaps inclFoundations FAILUNWAIVED; ownFTL resolved only by actual gate. Chapter2null/incomplete;3–16unenumerated; necessaryappendices required; wholeGoalACTIVE/unbudgeted. No merge/main/live/retirement. OriginalR1–R8 discharged. Actual15kernel/13exactrfl/13fences/9VALUE2401refs; source0-based/prior1/2 notemptymean0/producedfeasibleargmins/positiveT/tailt+2/T1empty/endpointquarter/midzero/outside9/4/two-round3/4vs9/4/strictprefix. Original rejected metadata/enumeration CONTRACT, reader-scope pixel failure, FINAL M3 delivery-registry rejection and all path/binding/CLI failures and separately reviewed repairs retained; no mathematical weakening. Distinct required reused automated actors requestedAstra/medium/nohumanexternalruntimeattestation.",
      "run_id": "online-ftl-sharp-20261007"
    },
    "memory_policy": {
      "recent_role_relevant_limit": 5,
      "explicit_verified_lemma_ids": [],
      "whole_history_default": false
    },
    "shadow_gate": {
      "status": "pending",
      "analyzed_trial_rows": 5,
      "mismatches": [],
      "replay_transitions": 0
    },
    "mutation_policy": {
      "canonical_path_queue": true,
      "cross_process_lock": true,
      "same_file_serialized": true,
      "disjoint_files_parallel": true
    },
    "autonomous_execution": {
      "enabled": false,
      "requires_deterministic_gates": true,
      "requires_explicit_user_request": true
    }
  },
  "mismatches": [],
  "would_mutate": false
}
