{
  "schema_version": 1,
  "entry_id": "entry-d5f29d3a372f0e0a",
  "session_id": "ONLINE-FTL-SHARP-20261007",
  "sequence": 6,
  "parent_id": "entry-86db11b319a69ae8",
  "event_type": "candidate",
  "created_at": "2026-10-07T12:30:18+00:00",
  "payload": {
    "run_id": "online-ftl-sharp-20261007",
    "contract_version": 1,
    "all_frozen_statements_and_proof_bodies_unchanged": true,
    "metadata_schema_and_EOF_repairs_passed": true,
    "full_harness_tests": 466,
    "root_and_Tests_passed": true,
    "site_shared_registry": 10823,
    "pixel_FINAL_native_PR_pending": true,
    "chapter_complete": false,
    "goal_complete": false
  }
}
