{
  "time": "2026-10-07T12:06:29+00:00",
  "task": "ONLINE-FTL-SHARP-20261007",
  "role": "lower",
  "kind": "build",
  "status": "compiled",
  "notes": "Two frozen maintext source-bound proofs and six validation proofs/one testdef compiled, actual13rfl/15kernelaxioms/13fences/9VALUE calls. Old5proof1def unchanged. Bounded terminals local; BODY/combined/reader/FINAL/native/PR/chapter/Goal pending.",
  "lean": "BanditRLProof\\OnlineLearningFTL.lean",
  "source": "",
  "run_id": "online-ftl-sharp-20261007",
  "changed_files": [],
  "statement_hash": "",
  "parent_id": "",
  "route_fingerprint": "",
  "verifier_evidence": [
    "E:\\ABRL\\worktrees\\research-online-book\\runs\\online-ftl-sharp-20261007\\body-bindings-v1.json"
  ],
  "harness": "hierarchical",
  "experiment_id": "",
  "target_fingerprint": "",
  "route_packet_hash": "",
  "attempt_id": "FTL-SHARP-BODIES-V1",
  "worker_id": "",
  "progress_class": "closed-frontier",
  "reviewer_validated": false,
  "obligations_before": 0,
  "obligations_after": 0,
  "new_declarations": [
    "BanditRL.OnlineLearning.meanPredict_initial_stability",
    "BanditRL.OnlineLearning.meanPredict_regret_refined"
  ],
  "reused_declarations": [],
  "dag_nodes": 0,
  "dag_depth": 0,
  "elapsed_seconds": 0.0,
  "lean_check_seconds": 0.0,
  "prompt_chars": 0,
  "input_tokens": 0,
  "output_tokens": 0,
  "error_signature": ""
}
