{
  "time": "2026-10-07T11:52:25+00:00",
  "task": "ONLINE-FTL-SHARP-20261007",
  "role": "reviewer",
  "kind": "review",
  "status": "failed",
  "notes": "Actual distinct CONTRACT rejected pending versioned ledger/source-enumeration and prospective snapshot binding repair. N01-N13 mathematically accepted-with-explicit-delta; NO proof bodies written/no source target weakened.",
  "lean": "",
  "source": "",
  "run_id": "online-ftl-sharp-20261007",
  "changed_files": [],
  "statement_hash": "",
  "parent_id": "",
  "route_fingerprint": "",
  "verifier_evidence": [
    "E:\\ABRL\\worktrees\\research-online-book\\runs\\online-ftl-sharp-20261007\\source-contract-receipt-v1.json"
  ],
  "harness": "hierarchical",
  "experiment_id": "",
  "target_fingerprint": "",
  "route_packet_hash": "",
  "attempt_id": "FTL-SHARP-CONTRACT-METADATA-V1",
  "worker_id": "",
  "progress_class": "diagnostic",
  "reviewer_validated": false,
  "obligations_before": 0,
  "obligations_after": 0,
  "new_declarations": [],
  "reused_declarations": [],
  "dag_nodes": 0,
  "dag_depth": 0,
  "elapsed_seconds": 0.0,
  "lean_check_seconds": 0.0,
  "prompt_chars": 0,
  "input_tokens": 0,
  "output_tokens": 0,
  "error_signature": "M1 E1 E2 M2 metadata/enumeration; zero mathematical repairs"
}
