{
  "schema_version": 1,
  "entry_id": "entry-9c69034efdf80ac2",
  "session_id": "ONLINE-FTL-SHARP-20261007",
  "sequence": 1,
  "parent_id": "entry-206a4cdb5e2919b2",
  "event_type": "repair",
  "created_at": "2026-10-07T11:52:25+00:00",
  "payload": {
    "run_id": "online-ftl-sharp-20261007",
    "contract_version": 1,
    "review": "E:/ABRL/worktrees/research-online-book/runs/online-ftl-sharp-20261007/source-contract-receipt-v1.json",
    "required_repairs": [
      "E1",
      "E2",
      "M1",
      "M2"
    ],
    "mathematical_targets_unchanged": true,
    "chapter_complete": false,
    "goal_complete": false
  }
}
