{
  "time": "2026-10-07T12:23:28+00:00",
  "task": "ONLINE-FTL-SHARP-20261007",
  "role": "lower",
  "kind": "build",
  "status": "failed",
  "notes": "Retain actual failed contributor gate; prefix-only metadata repair, public source/tests/reader unchanged; actual fullharness/contributor/site checks pending.",
  "lean": "",
  "source": "",
  "run_id": "online-ftl-sharp-20261007",
  "changed_files": [],
  "statement_hash": "",
  "parent_id": "",
  "route_fingerprint": "",
  "verifier_evidence": [
    "E:\\ABRL\\worktrees\\research-online-book\\runs\\online-ftl-sharp-20261007\\contributor-exact-v1-exit.json"
  ],
  "harness": "hierarchical",
  "experiment_id": "",
  "target_fingerprint": "",
  "route_packet_hash": "",
  "attempt_id": "FTL-SHARP-CONTRIBUTOR-SCHEMA-V1",
  "worker_id": "",
  "progress_class": "diagnostic",
  "reviewer_validated": false,
  "obligations_before": 0,
  "obligations_after": 0,
  "new_declarations": [],
  "reused_declarations": [],
  "dag_nodes": 0,
  "dag_depth": 0,
  "elapsed_seconds": 0.0,
  "lean_check_seconds": 0.0,
  "prompt_chars": 0,
  "input_tokens": 0,
  "output_tokens": 0,
  "error_signature": "three progress field schema prefixes absent; no mathematical failure"
}
