E:\ABRL\worktrees\research-online-book\runs\online-ftl-sharp-20261007\leaves\existing-public-type-identities-v1.lean:9:29: warning: unused variable `h`

Note: This linter can be disabled with `set_option linter.unusedVariables false`
E:\ABRL\worktrees\research-online-book\runs\online-ftl-sharp-20261007\leaves\existing-public-type-identities-v1.lean:14:5: warning: unused variable `hy`

Note: This linter can be disabled with `set_option linter.unusedVariables false`
E:\ABRL\worktrees\research-online-book\runs\online-ftl-sharp-20261007\leaves\existing-public-type-identities-v1.lean:18:27: warning: unused variable `ht`

Note: This linter can be disabled with `set_option linter.unusedVariables false`
E:\ABRL\worktrees\research-online-book\runs\online-ftl-sharp-20261007\leaves\existing-public-type-identities-v1.lean:24:5: warning: unused variable `hy`

Note: This linter can be disabled with `set_option linter.unusedVariables false`
E:\ABRL\worktrees\research-online-book\runs\online-ftl-sharp-20261007\leaves\existing-public-type-identities-v1.lean:29:27: warning: unused variable `hT`

Note: This linter can be disabled with `set_option linter.unusedVariables false`
E:\ABRL\worktrees\research-online-book\runs\online-ftl-sharp-20261007\leaves\existing-public-type-identities-v1.lean:30:5: warning: unused variable `hy`

Note: This linter can be disabled with `set_option linter.unusedVariables false`
E:\ABRL\worktrees\research-online-book\runs\online-ftl-sharp-20261007\leaves\existing-public-type-identities-v1.lean:37:5: warning: unused variable `hy`

Note: This linter can be disabled with `set_option linter.unusedVariables false`
E:\ABRL\worktrees\research-online-book\runs\online-ftl-sharp-20261007\leaves\existing-public-type-identities-v1.lean:41:27: warning: unused variable `hT`

Note: This linter can be disabled with `set_option linter.unusedVariables false`
E:\ABRL\worktrees\research-online-book\runs\online-ftl-sharp-20261007\leaves\existing-public-type-identities-v1.lean:42:5: warning: unused variable `hy`

Note: This linter can be disabled with `set_option linter.unusedVariables false`
E:\ABRL\worktrees\research-online-book\runs\online-ftl-sharp-20261007\leaves\existing-public-type-identities-v1.lean:65:9: warning: unused variable `t`

Note: This linter can be disabled with `set_option linter.unusedVariables false`
E:\ABRL\worktrees\research-online-book\runs\online-ftl-sharp-20261007\leaves\existing-public-type-identities-v1.lean:67:9: warning: unused variable `t`

Note: This linter can be disabled with `set_option linter.unusedVariables false`
Neutral.N01 : Prop
Neutral.N02 : Prop
Neutral.N03 : Prop
Neutral.N04 : Prop
Neutral.N05 : Prop
Neutral.N06 : Prop
Neutral.N07 : Prop
Neutral.N08 : Prop
Neutral.N09 : Prop
Neutral.N10 : Prop
Neutral.N11 : Prop
Neutral.N12 : Prop
Neutral.N13 : Prop
Finset.sum_range_succ'.{u_4} {M : Type u_4} [AddCommMonoid M] (f : ℕ → M) (n : ℕ) :
  ∑ k ∈ Finset.range (n + 1), f k = ∑ k ∈ Finset.range n, f (k + 1) + f 0
