{
  "time": "2026-10-07T12:02:51+00:00",
  "task": "ONLINE-FTL-SHARP-20261007",
  "role": "lower",
  "kind": "build",
  "status": "compiled",
  "notes": "Actual focused build and exactN06rfl/#check/axioms/endpoint/midpoint/outside witnesses passed. Failed fence and role invocations retained; capture/hash/safe-verify passed. Refined/BODY/combined/site/FINAL/PR/chapter/Goal pending.",
  "lean": "",
  "source": "",
  "run_id": "online-ftl-sharp-20261007",
  "changed_files": [
    "BanditRLProof\\OnlineLearningFTL.lean"
  ],
  "statement_hash": "69df4ba9a809f58eb9bad35094f8a2f1fead1adfddb4de3f8f314a63458cf4eb",
  "parent_id": "",
  "route_fingerprint": "",
  "verifier_evidence": [
    "E:\\ABRL\\worktrees\\research-online-book\\runs\\online-ftl-sharp-20261007\\initial-type-axiom-canary-v1-exit.json"
  ],
  "harness": "hierarchical",
  "experiment_id": "",
  "target_fingerprint": "",
  "route_packet_hash": "",
  "attempt_id": "FTL-SHARP-INITIAL-V3",
  "worker_id": "",
  "progress_class": "compiled-leaf",
  "reviewer_validated": false,
  "obligations_before": 0,
  "obligations_after": 0,
  "new_declarations": [
    "BanditRL.OnlineLearning.meanPredict_initial_stability"
  ],
  "reused_declarations": [],
  "dag_nodes": 0,
  "dag_depth": 0,
  "elapsed_seconds": 0.0,
  "lean_check_seconds": 0.0,
  "prompt_chars": 0,
  "input_tokens": 0,
  "output_tokens": 0,
  "error_signature": ""
}
