E:\ABRL\worktrees\research-online-book\runs\online-ftl-sharp-20261007\leaves\neutral-closed-props-v1.lean:8:29: warning: unused variable `h`

Note: This linter can be disabled with `set_option linter.unusedVariables false`
E:\ABRL\worktrees\research-online-book\runs\online-ftl-sharp-20261007\leaves\neutral-closed-props-v1.lean:13:5: warning: unused variable `hy`

Note: This linter can be disabled with `set_option linter.unusedVariables false`
E:\ABRL\worktrees\research-online-book\runs\online-ftl-sharp-20261007\leaves\neutral-closed-props-v1.lean:17:27: warning: unused variable `ht`

Note: This linter can be disabled with `set_option linter.unusedVariables false`
E:\ABRL\worktrees\research-online-book\runs\online-ftl-sharp-20261007\leaves\neutral-closed-props-v1.lean:23:5: warning: unused variable `hy`

Note: This linter can be disabled with `set_option linter.unusedVariables false`
E:\ABRL\worktrees\research-online-book\runs\online-ftl-sharp-20261007\leaves\neutral-closed-props-v1.lean:28:27: warning: unused variable `hT`

Note: This linter can be disabled with `set_option linter.unusedVariables false`
E:\ABRL\worktrees\research-online-book\runs\online-ftl-sharp-20261007\leaves\neutral-closed-props-v1.lean:29:5: warning: unused variable `hy`

Note: This linter can be disabled with `set_option linter.unusedVariables false`
E:\ABRL\worktrees\research-online-book\runs\online-ftl-sharp-20261007\leaves\neutral-closed-props-v1.lean:36:5: warning: unused variable `hy`

Note: This linter can be disabled with `set_option linter.unusedVariables false`
E:\ABRL\worktrees\research-online-book\runs\online-ftl-sharp-20261007\leaves\neutral-closed-props-v1.lean:40:27: warning: unused variable `hT`

Note: This linter can be disabled with `set_option linter.unusedVariables false`
E:\ABRL\worktrees\research-online-book\runs\online-ftl-sharp-20261007\leaves\neutral-closed-props-v1.lean:41:5: warning: unused variable `hy`

Note: This linter can be disabled with `set_option linter.unusedVariables false`
E:\ABRL\worktrees\research-online-book\runs\online-ftl-sharp-20261007\leaves\neutral-closed-props-v1.lean:64:9: warning: unused variable `t`

Note: This linter can be disabled with `set_option linter.unusedVariables false`
E:\ABRL\worktrees\research-online-book\runs\online-ftl-sharp-20261007\leaves\neutral-closed-props-v1.lean:66:9: warning: unused variable `t`

Note: This linter can be disabled with `set_option linter.unusedVariables false`
Neutral.N01 : Prop
Neutral.N02 : Prop
Neutral.N03 : Prop
Neutral.N04 : Prop
Neutral.N05 : Prop
Neutral.N06 : Prop
Neutral.N07 : Prop
Neutral.N08 : Prop
Neutral.N09 : Prop
Neutral.N10 : Prop
Neutral.N11 : Prop
Neutral.N12 : Prop
Neutral.N13 : Prop
Finset.sum_range_succ'.{u_4} {M : Type u_4} [AddCommMonoid M] (f : ℕ → M) (n : ℕ) :
  ∑ k ∈ Finset.range (n + 1), f k = ∑ k ∈ Finset.range n, f (k + 1) + f 0
