{
  "schema_version": 1,
  "entry_id": "entry-35932246c1cc5a70",
  "session_id": "ONLINE-FTL-SHARP-20261007",
  "sequence": 3,
  "parent_id": "entry-0e02ce58f8829f7b",
  "event_type": "proving",
  "created_at": "2026-10-07T11:56:57+00:00",
  "payload": {
    "run_id": "online-ftl-sharp-20261007",
    "contract_version": 1,
    "leaf": "BanditRL.OnlineLearning.meanPredict_initial_stability",
    "ready_dependencies": [
      "actual meanPredict/empiricalMean definitions",
      "Mathlib interval/order/square algebra"
    ],
    "single_lower_route": true,
    "allowed_source_edit": "Append exact two reviewed headers only; all original five proofs/one definition untouched",
    "chapter_complete": false,
    "goal_complete": false
  }
}
