{
  "schema_version": 1,
  "mode": "shadow-read-only",
  "analyzed_at": "2026-10-05T12:18:49+00:00",
  "trials_path": "E:\\ABRL\\worktrees\\research-online-book\\runs\\online-first-order-migration-20261005\\accepted-scoped-trials-v1.jsonl",
  "trial_rows": 2,
  "status_counts": {
    "accepted": 1,
    "compiled": 1
  },
  "inferred_frontier": {
    "selected_task": "ONLINE-FIRST-ORDER-MIGRATION-20261005",
    "selected_leaf": "ONLINE-FIRST-ORDER-MIGRATION-20261005",
    "source_status": "accepted",
    "last_accepted_verifier": {
      "trial_index": 1,
      "time": "2026-10-05T12:18:49+00:00",
      "task": "ONLINE-FIRST-ORDER-MIGRATION-20261005",
      "role": "reviewer",
      "kind": "review",
      "status": "accepted",
      "lean": "",
      "notes": "Same named actually compiled reuse attempt accepted after distinct final source/reader and integrated gates; three retained contracts, zero new proofs, Chapter2/book incomplete. No timing/productivity experiment claim.",
      "run_id": "online-first-order-migration-20261005"
    }
  },
  "memory_digest": {
    "path": "E:\\ABRL\\worktrees\\research-online-book\\runs\\online-first-order-migration-20261005\\memory-digest-accepted-v1.md",
    "task": ""
  },
  "recorded_frontier": {
    "schema_version": 1,
    "record_id": "frontier-b0116f5f9a22b06d",
    "updated_at": "2026-10-05T12:18:49+00:00",
    "root_objective": "Persistent Orabona Chapters1-16 Goal; only retained Theorem2.7 chain accepted, Chapter2/book incomplete",
    "current_leaf": {
      "id": "ONLINE-FIRST-ORDER-MIGRATION-20261005",
      "kind": "lean",
      "status": "accepted",
      "statement": "theorem theorem_2_7 (f : E → EReal) (hbot : ∀ z, f z ≠ ⊥) (hf : IsConvexExtended f) (x : E) (hx : x ∈ interior (effectiveDomain f)) (hd : DifferentiableAt ℝ (fun z => (f z).toReal) x) (y : E) : f x + ((inner ℝ (gradient (fun z => (f z).toReal) x) (y - x) : ℝ) : EReal) ≤ f y",
      "statement_hash": "78da3284a35f63802c33f85826bbfb4539933173834ef98887870bcd0ceea8ee",
      "declaration": "BanditRL.OnlineConvex.theorem_2_7",
      "file": "BanditRLProof/OnlineConvexFirstOrder.lean",
      "source_status": "source-reviewed",
      "dependencies": [
        {
          "kind": "lean",
          "name": "BanditRL.OnlineConvex.finitePart_eventually",
          "status": "compiled"
        },
        {
          "kind": "lean",
          "name": "BanditRL.OnlineConvex.convex_gradient_lower_bound",
          "status": "compiled"
        },
        {
          "kind": "review",
          "name": "source-reader",
          "status": "accepted"
        }
      ]
    },
    "dag": {
      "nodes": [
        {
          "id": "ONLINE-FIRST-ORDER-MIGRATION-20261005",
          "kind": "lean",
          "status": "accepted",
          "dependencies": [
            {
              "kind": "lean",
              "name": "BanditRL.OnlineConvex.finitePart_eventually",
              "status": "compiled"
            },
            {
              "kind": "lean",
              "name": "BanditRL.OnlineConvex.convex_gradient_lower_bound",
              "status": "compiled"
            },
            {
              "kind": "review",
              "name": "source-reader",
              "status": "accepted"
            }
          ],
          "dispatch_count": 0
        }
      ]
    },
    "last_accepted_verifier": {
      "trial_index": 1,
      "time": "2026-10-05T12:18:49+00:00",
      "task": "ONLINE-FIRST-ORDER-MIGRATION-20261005",
      "role": "reviewer",
      "kind": "review",
      "status": "accepted",
      "lean": "",
      "notes": "Same named actually compiled reuse attempt accepted after distinct final source/reader and integrated gates; three retained contracts, zero new proofs, Chapter2/book incomplete. No timing/productivity experiment claim.",
      "run_id": "online-first-order-migration-20261005"
    },
    "memory_policy": {
      "recent_role_relevant_limit": 5,
      "explicit_verified_lemma_ids": [],
      "whole_history_default": false
    },
    "shadow_gate": {
      "status": "pending",
      "analyzed_trial_rows": 2,
      "mismatches": [],
      "replay_transitions": 0
    },
    "mutation_policy": {
      "canonical_path_queue": true,
      "cross_process_lock": true,
      "same_file_serialized": true,
      "disjoint_files_parallel": true
    },
    "autonomous_execution": {
      "enabled": false,
      "requires_deterministic_gates": true,
      "requires_explicit_user_request": true
    }
  },
  "mismatches": [],
  "would_mutate": false
}
