{
  "schema_version": 1,
  "entry_id": "entry-bd60a8d9b63acfed",
  "session_id": "ONLINE-FIRST-ORDER-MIGRATION-20261005",
  "sequence": 3,
  "parent_id": "entry-c2f610354bfa5324",
  "event_type": "candidate",
  "created_at": "2026-10-05T12:09:27+00:00",
  "payload": {
    "run_id": "online-first-order-migration-20261005",
    "retained_proofs": 3,
    "new_proofs": 0,
    "frozen_headers": {
      "finitePart_eventually": "07192843ec8e544dacfb91caa994eb45119ebcae3fbcf2fcd56eb3110a1ba446",
      "convex_gradient_lower_bound": "1d40519f54e5fdbbd9d2c4f598f0e4951480f0d9042432c8aceed5b31f92562f",
      "theorem_2_7": "78da3284a35f63802c33f85826bbfb4539933173834ef98887870bcd0ceea8ee"
    },
    "fresh_jobs": {
      "root-v1-01": 9088,
      "Tests-v1-01": 9230
    },
    "remaining_gates": [
      "full harness",
      "contributor",
      "site/registry/final reader",
      "raw binding/PR"
    ],
    "chapter_complete": false,
    "goal_complete": false
  }
}
