runs/online-first-order-migration-20261005/Tests-v1-01.log:1310: trailing whitespace.
+  
runs/online-first-order-migration-20261005/Tests-v1-01.log:1312: trailing whitespace.
+    
runs/online-first-order-migration-20261005/Tests-v1-01.log:1317: trailing whitespace.
+  
runs/online-first-order-migration-20261005/Tests-v1-01.log:1319: trailing whitespace.
+    
runs/online-first-order-migration-20261005/Tests-v1-01.log:1480: trailing whitespace.
+  
runs/online-first-order-migration-20261005/Tests-v1-01.log:1482: trailing whitespace.
+    
runs/online-first-order-migration-20261005/Tests-v1-01.log:1631: trailing whitespace.
+  
runs/online-first-order-migration-20261005/Tests-v1-01.log:1633: trailing whitespace.
+    
runs/online-first-order-migration-20261005/Tests-v1-01.log:1802: trailing whitespace.
+  
runs/online-first-order-migration-20261005/Tests-v1-01.log:1804: trailing whitespace.
+    
runs/online-first-order-migration-20261005/Tests-v1-01.log:1844: trailing whitespace.
+  
runs/online-first-order-migration-20261005/Tests-v1-01.log:1846: trailing whitespace.
+    
runs/online-first-order-migration-20261005/Tests-v1-01.log:2339: trailing whitespace.
+  
runs/online-first-order-migration-20261005/Tests-v1-01.log:2341: trailing whitespace.
+    
runs/online-first-order-migration-20261005/Tests-v1-01.log:2390: trailing whitespace.
+  
runs/online-first-order-migration-20261005/Tests-v1-01.log:2392: trailing whitespace.
+    
runs/online-first-order-migration-20261005/Tests-v1-01.log:7554: trailing whitespace.
+  
runs/online-first-order-migration-20261005/Tests-v1-01.log:7556: trailing whitespace.
+    
runs/online-first-order-migration-20261005/focused-v1-01.log:527: trailing whitespace.
+  
runs/online-first-order-migration-20261005/focused-v1-01.log:529: trailing whitespace.
+    
runs/online-first-order-migration-20261005/focused-v1-01.log:678: trailing whitespace.
+  
runs/online-first-order-migration-20261005/focused-v1-01.log:680: trailing whitespace.
+    
runs/online-first-order-migration-20261005/focused-v1-01.log:1113: trailing whitespace.
+  
runs/online-first-order-migration-20261005/focused-v1-01.log:1115: trailing whitespace.
+    
runs/online-first-order-migration-20261005/focused-v1-01.log:1155: trailing whitespace.
+  
runs/online-first-order-migration-20261005/focused-v1-01.log:1157: trailing whitespace.
+    
runs/online-first-order-migration-20261005/focused-v1-01.log:1721: trailing whitespace.
+  
runs/online-first-order-migration-20261005/focused-v1-01.log:1723: trailing whitespace.
+    
runs/online-first-order-migration-20261005/focused-v1-01.log:1728: trailing whitespace.
+  
runs/online-first-order-migration-20261005/focused-v1-01.log:1730: trailing whitespace.
+    
runs/online-first-order-migration-20261005/focused-v1-01.log:1763: trailing whitespace.
+  
runs/online-first-order-migration-20261005/focused-v1-01.log:1765: trailing whitespace.
+    
runs/online-first-order-migration-20261005/focused-v1-01.log:1807: trailing whitespace.
+  
runs/online-first-order-migration-20261005/focused-v1-01.log:1809: trailing whitespace.
+    
runs/online-first-order-migration-20261005/full-harness-v1-01.log:496: trailing whitespace.
+  
runs/online-first-order-migration-20261005/full-harness-v1-01.log:498: trailing whitespace.
+    
runs/online-first-order-migration-20261005/full-harness-v1-01.log:647: trailing whitespace.
+  
runs/online-first-order-migration-20261005/full-harness-v1-01.log:649: trailing whitespace.
+    
runs/online-first-order-migration-20261005/full-harness-v1-01.log:835: trailing whitespace.
+  
runs/online-first-order-migration-20261005/full-harness-v1-01.log:837: trailing whitespace.
+    
runs/online-first-order-migration-20261005/full-harness-v1-01.log:877: trailing whitespace.
+  
runs/online-first-order-migration-20261005/full-harness-v1-01.log:879: trailing whitespace.
+    
runs/online-first-order-migration-20261005/full-harness-v1-01.log:1707: trailing whitespace.
+  
runs/online-first-order-migration-20261005/full-harness-v1-01.log:1709: trailing whitespace.
+    
runs/online-first-order-migration-20261005/full-harness-v1-01.log:1714: trailing whitespace.
+  
runs/online-first-order-migration-20261005/full-harness-v1-01.log:1716: trailing whitespace.
+    
runs/online-first-order-migration-20261005/full-harness-v1-01.log:1755: trailing whitespace.
+  
runs/online-first-order-migration-20261005/full-harness-v1-01.log:1757: trailing whitespace.
+    
runs/online-first-order-migration-20261005/full-harness-v1-01.log:1769: trailing whitespace.
+  
runs/online-first-order-migration-20261005/full-harness-v1-01.log:1771: trailing whitespace.
+    
runs/online-first-order-migration-20261005/full-harness-v1-01.log:3631: trailing whitespace.
+  
runs/online-first-order-migration-20261005/full-harness-v1-01.log:3633: trailing whitespace.
+    
runs/online-first-order-migration-20261005/full-harness-v1-01.log:3638: trailing whitespace.
+  
runs/online-first-order-migration-20261005/full-harness-v1-01.log:3640: trailing whitespace.
+    
runs/online-first-order-migration-20261005/full-harness-v1-01.log:3801: trailing whitespace.
+  
runs/online-first-order-migration-20261005/full-harness-v1-01.log:3803: trailing whitespace.
+    
runs/online-first-order-migration-20261005/full-harness-v1-01.log:3952: trailing whitespace.
+  
runs/online-first-order-migration-20261005/full-harness-v1-01.log:3954: trailing whitespace.
+    
runs/online-first-order-migration-20261005/full-harness-v1-01.log:4123: trailing whitespace.
+  
runs/online-first-order-migration-20261005/full-harness-v1-01.log:4125: trailing whitespace.
+    
runs/online-first-order-migration-20261005/full-harness-v1-01.log:4165: trailing whitespace.
+  
runs/online-first-order-migration-20261005/full-harness-v1-01.log:4167: trailing whitespace.
+    
runs/online-first-order-migration-20261005/full-harness-v1-01.log:4660: trailing whitespace.
+  
runs/online-first-order-migration-20261005/full-harness-v1-01.log:4662: trailing whitespace.
+    
runs/online-first-order-migration-20261005/full-harness-v1-01.log:4711: trailing whitespace.
+  
runs/online-first-order-migration-20261005/full-harness-v1-01.log:4713: trailing whitespace.
+    
runs/online-first-order-migration-20261005/full-harness-v1-01.log:9110: trailing whitespace.
+  
runs/online-first-order-migration-20261005/full-harness-v1-01.log:9112: trailing whitespace.
+    
runs/online-first-order-migration-20261005/root-v1-01.log:719: trailing whitespace.
+  
runs/online-first-order-migration-20261005/root-v1-01.log:721: trailing whitespace.
+    
runs/online-first-order-migration-20261005/root-v1-01.log:726: trailing whitespace.
+  
runs/online-first-order-migration-20261005/root-v1-01.log:728: trailing whitespace.
+    
runs/online-first-order-migration-20261005/root-v1-01.log:889: trailing whitespace.
+  
runs/online-first-order-migration-20261005/root-v1-01.log:891: trailing whitespace.
+    
runs/online-first-order-migration-20261005/root-v1-01.log:1040: trailing whitespace.
+  
runs/online-first-order-migration-20261005/root-v1-01.log:1042: trailing whitespace.
+    
runs/online-first-order-migration-20261005/root-v1-01.log:1211: trailing whitespace.
+  
runs/online-first-order-migration-20261005/root-v1-01.log:1213: trailing whitespace.
+    
runs/online-first-order-migration-20261005/root-v1-01.log:1253: trailing whitespace.
+  
runs/online-first-order-migration-20261005/root-v1-01.log:1255: trailing whitespace.
+    
runs/online-first-order-migration-20261005/root-v1-01.log:1748: trailing whitespace.
+  
runs/online-first-order-migration-20261005/root-v1-01.log:1750: trailing whitespace.
+    
runs/online-first-order-migration-20261005/root-v1-01.log:1799: trailing whitespace.
+  
runs/online-first-order-migration-20261005/root-v1-01.log:1801: trailing whitespace.
+    
