{
  "time": "2026-10-05T11:58:38+00:00",
  "task": "ONLINE-FIRST-ORDER-MIGRATION-20261005",
  "role": "lower",
  "kind": "build",
  "status": "compiled",
  "notes": "Fresh actual retained three-body module, byte-unchanged meaningful public canary,12 named axioms and3 native guards; no new proof code. Distinct body review/full package pending.",
  "lean": "BanditRLProof/OnlineConvexFirstOrder.lean",
  "source": "",
  "run_id": "online-first-order-migration-20261005",
  "changed_files": [],
  "statement_hash": "78da3284a35f63802c33f85826bbfb4539933173834ef98887870bcd0ceea8ee",
  "parent_id": "",
  "route_fingerprint": "",
  "verifier_evidence": [
    "runs\\online-first-order-migration-20261005\\public-body-v1-01.log"
  ],
  "harness": "",
  "experiment_id": "",
  "target_fingerprint": "",
  "route_packet_hash": "",
  "attempt_id": "FIRST-ORDER-RETAINED-BODIES-V1",
  "worker_id": "",
  "progress_class": "retrieval-reuse",
  "reviewer_validated": false,
  "obligations_before": 0,
  "obligations_after": 0,
  "new_declarations": [],
  "reused_declarations": [
    "BanditRL.OnlineConvex.theorem_2_7"
  ],
  "dag_nodes": 0,
  "dag_depth": 0,
  "elapsed_seconds": 0.0,
  "lean_check_seconds": 0.0,
  "prompt_chars": 0,
  "input_tokens": 0,
  "output_tokens": 0,
  "error_signature": ""
}
