{
  "schema_version": 1,
  "entry_id": "entry-575b0ca849f99161",
  "session_id": "ONLINE-FIRST-ORDER-MIGRATION-20261005",
  "sequence": 1,
  "parent_id": "entry-f0d8f3db0f68a5c3",
  "event_type": "stabilized",
  "created_at": "2026-10-05T11:48:41+00:00",
  "payload": {
    "run_id": "online-first-order-migration-20261005",
    "frozen_headers": {
      "finitePart_eventually": "07192843ec8e544dacfb91caa994eb45119ebcae3fbcf2fcd56eb3110a1ba446",
      "convex_gradient_lower_bound": "1d40519f54e5fdbbd9d2c4f598f0e4951480f0d9042432c8aceed5b31f92562f",
      "theorem_2_7": "78da3284a35f63802c33f85826bbfb4539933173834ef98887870bcd0ceea8ee"
    },
    "source_contract_receipt": "runs\\online-first-order-migration-20261005\\source-contract-receipt-v1.json",
    "route": "single lower retained body revalidation",
    "first_ready_leaf": "finitePart_eventually",
    "terminal": "theorem_2_7",
    "allowed_edits": "source qualification comment and only online-first-order reader subtree; proof tokens/headers/canary bytes fixed",
    "retained_proofs": 3,
    "new_proofs": 0,
    "chapter_complete": false,
    "goal_complete": false
  }
}
