{
  "time": "2026-10-07T07:01:08+00:00",
  "task": "ONLINE-GUESSING-OSD-POLICY-20261007",
  "role": "reviewer",
  "kind": "review",
  "status": "accepted",
  "notes": "Only frozen missing absolute-loss played-legal history-policy terminal accepted:4newpublicproofs0defs, one printed Example2.32 with explicit refinements, actual combined/site and distinct FINAL R1-R8 pass. Chapter/book obligations remain REQUIRED; no merge/live.",
  "lean": "",
  "source": "",
  "run_id": "online-guessing-osd-policy-20261007",
  "changed_files": [],
  "statement_hash": "5117f5dd79224571892f6a641cbd081afcc731d13e313a1f72afe9e542fa98e6",
  "parent_id": "",
  "route_fingerprint": "",
  "verifier_evidence": [
    "E:\\ABRL\\worktrees\\research-online-book\\runs\\online-guessing-osd-policy-20261007\\final-reader-receipt-v1.json"
  ],
  "harness": "hierarchical",
  "experiment_id": "",
  "target_fingerprint": "",
  "route_packet_hash": "",
  "attempt_id": "GUESSING-OSD-POLICY-V1",
  "worker_id": "",
  "progress_class": "terminal",
  "reviewer_validated": true,
  "obligations_before": 1,
  "obligations_after": 0,
  "new_declarations": [
    "BanditRL.OnlineGuessingSubgradientPolicy.example_2_32"
  ],
  "reused_declarations": [
    "BanditRL.OnlineSubgradientPolicy.regret_tuned"
  ],
  "dag_nodes": 0,
  "dag_depth": 0,
  "elapsed_seconds": 0.0,
  "lean_check_seconds": 0.0,
  "prompt_chars": 0,
  "input_tokens": 0,
  "output_tokens": 0,
  "error_signature": ""
}
