{
  "schema_version": 1,
  "entry_id": "entry-5488f83f151c8cae",
  "session_id": "ONLINE-GUESSING-OSD-POLICY-20261007",
  "sequence": 25,
  "parent_id": "entry-613bf898d75ad74e",
  "event_type": "accepted",
  "created_at": "2026-10-07T07:01:08+00:00",
  "payload": {
    "run_id": "online-guessing-osd-policy-20261007",
    "contract_version": 1,
    "accepted_decision": "E:/ABRL/worktrees/research-online-book/runs/online-guessing-osd-policy-20261007/accepted-decision-v1.json",
    "source_package_accepted": true,
    "new_proofs": 4,
    "new_definitions": 0,
    "chapter_complete": false,
    "goal_complete": false,
    "merged": false,
    "live": false
  }
}
