{
  "id": "mem-d0962bfe59886f7b",
  "created_at": "2026-10-07T07:01:09+00:00",
  "type": "source_fact",
  "task": "ONLINE-GUESSING-OSD-POLICY-20261007",
  "provenance": {
    "kind": "local_first_retrieval",
    "reference": "E:\\ABRL\\worktrees\\research-online-book\\runs\\online-guessing-osd-policy-20261007\\all-public-types-v1-01-exit.json"
  },
  "assumptions": [],
  "declaration": "",
  "file": "",
  "status": "verified",
  "verifier_evidence": [
    "E:\\ABRL\\worktrees\\research-online-book\\runs\\online-guessing-osd-policy-20261007\\leaves\\all-public-types-v1.lean"
  ],
  "supersession": {
    "supersedes": [],
    "reason": ""
  },
  "roles": [],
  "details": {
    "query": "Actual shared absolute guessing finite-history policy terminal and same-run support/tuning dependencies",
    "search_order": [
      "local declarations",
      "ABRL theorem cards",
      "Mathlib cards"
    ],
    "candidates": [
      "BanditRL.OnlineGuessingSubgradientPolicy.example_2_32",
      "BanditRL.OnlineSubgradientPolicy.regret_tuned"
    ],
    "rejections": [],
    "compiled_scratch": "E:\\ABRL\\worktrees\\research-online-book\\runs\\online-guessing-osd-policy-20261007\\leaves\\all-public-types-v1.lean"
  }
}
