E:\ABRL\worktrees\research-online-book\runs\online-guessing-osd-policy-20261007\leaves\actual-neutral-type-bridge-v2.lean:16:5: warning: unused variable `hlegal`

Note: This linter can be disabled with `set_option linter.unusedVariables false`
E:\ABRL\worktrees\research-online-book\runs\online-guessing-osd-policy-20261007\leaves\actual-neutral-type-bridge-v2.lean:17:13: warning: unused variable `ht`

Note: This linter can be disabled with `set_option linter.unusedVariables false`
E:\ABRL\worktrees\research-online-book\runs\online-guessing-osd-policy-20261007\leaves\actual-neutral-type-bridge-v2.lean:29:5: warning: unused variable `hx₁`

Note: This linter can be disabled with `set_option linter.unusedVariables false`
E:\ABRL\worktrees\research-online-book\runs\online-guessing-osd-policy-20261007\leaves\actual-neutral-type-bridge-v2.lean:29:40: warning: unused variable `hT`

Note: This linter can be disabled with `set_option linter.unusedVariables false`
E:\ABRL\worktrees\research-online-book\runs\online-guessing-osd-policy-20261007\leaves\actual-neutral-type-bridge-v2.lean:30:5: warning: unused variable `hy`

Note: This linter can be disabled with `set_option linter.unusedVariables false`
E:\ABRL\worktrees\research-online-book\runs\online-guessing-osd-policy-20261007\leaves\actual-neutral-type-bridge-v2.lean:31:5: warning: unused variable `hlegal`

Note: This linter can be disabled with `set_option linter.unusedVariables false`
E:\ABRL\worktrees\research-online-book\runs\online-guessing-osd-policy-20261007\leaves\actual-neutral-type-bridge-v2.lean:40:13: warning: unused variable `hx₁`

Note: This linter can be disabled with `set_option linter.unusedVariables false`
E:\ABRL\worktrees\research-online-book\runs\online-guessing-osd-policy-20261007\leaves\actual-neutral-type-bridge-v2.lean:41:5: warning: unused variable `hy`

Note: This linter can be disabled with `set_option linter.unusedVariables false`
E:\ABRL\worktrees\research-online-book\runs\online-guessing-osd-policy-20261007\leaves\actual-neutral-type-bridge-v2.lean:42:5: warning: unused variable `hlegal`

Note: This linter can be disabled with `set_option linter.unusedVariables false`
E:\ABRL\worktrees\research-online-book\runs\online-guessing-osd-policy-20261007\leaves\actual-neutral-type-bridge-v2.lean:44:13: warning: unused variable `hu`

Note: This linter can be disabled with `set_option linter.unusedVariables false`
E:\ABRL\worktrees\research-online-book\runs\online-guessing-osd-policy-20261007\leaves\actual-neutral-type-bridge-v2.lean:44:46: warning: unused variable `hε`

Note: This linter can be disabled with `set_option linter.unusedVariables false`
E:\ABRL\worktrees\research-online-book\runs\online-guessing-osd-policy-20261007\leaves\actual-neutral-type-bridge-v2.lean:61:5: warning: unused variable `hlegal`

Note: This linter can be disabled with `set_option linter.unusedVariables false`
E:\ABRL\worktrees\research-online-book\runs\online-guessing-osd-policy-20261007\leaves\actual-neutral-type-bridge-v2.lean:62:13: warning: unused variable `ht`

Note: This linter can be disabled with `set_option linter.unusedVariables false`
E:\ABRL\worktrees\research-online-book\runs\online-guessing-osd-policy-20261007\leaves\actual-neutral-type-bridge-v2.lean:74:5: warning: unused variable `hx₁`

Note: This linter can be disabled with `set_option linter.unusedVariables false`
E:\ABRL\worktrees\research-online-book\runs\online-guessing-osd-policy-20261007\leaves\actual-neutral-type-bridge-v2.lean:74:40: warning: unused variable `hT`

Note: This linter can be disabled with `set_option linter.unusedVariables false`
E:\ABRL\worktrees\research-online-book\runs\online-guessing-osd-policy-20261007\leaves\actual-neutral-type-bridge-v2.lean:75:5: warning: unused variable `hy`

Note: This linter can be disabled with `set_option linter.unusedVariables false`
E:\ABRL\worktrees\research-online-book\runs\online-guessing-osd-policy-20261007\leaves\actual-neutral-type-bridge-v2.lean:76:5: warning: unused variable `hlegal`

Note: This linter can be disabled with `set_option linter.unusedVariables false`
E:\ABRL\worktrees\research-online-book\runs\online-guessing-osd-policy-20261007\leaves\actual-neutral-type-bridge-v2.lean:85:34: warning: unused variable `hx₁`

Note: This linter can be disabled with `set_option linter.unusedVariables false`
E:\ABRL\worktrees\research-online-book\runs\online-guessing-osd-policy-20261007\leaves\actual-neutral-type-bridge-v2.lean:86:5: warning: unused variable `hy`

Note: This linter can be disabled with `set_option linter.unusedVariables false`
E:\ABRL\worktrees\research-online-book\runs\online-guessing-osd-policy-20261007\leaves\actual-neutral-type-bridge-v2.lean:87:5: warning: unused variable `hlegal`

Note: This linter can be disabled with `set_option linter.unusedVariables false`
E:\ABRL\worktrees\research-online-book\runs\online-guessing-osd-policy-20261007\leaves\actual-neutral-type-bridge-v2.lean:89:13: warning: unused variable `hu`

Note: This linter can be disabled with `set_option linter.unusedVariables false`
E:\ABRL\worktrees\research-online-book\runs\online-guessing-osd-policy-20261007\leaves\actual-neutral-type-bridge-v2.lean:89:46: warning: unused variable `hε`

Note: This linter can be disabled with `set_option linter.unusedVariables false`
