E:\ABRL\worktrees\research-online-book\runs\online-guessing-osd-policy-20261007\leaves\actual-neutral-type-bridge-v1.lean:15:5: warning: unused variable `hlegal`

Note: This linter can be disabled with `set_option linter.unusedVariables false`
E:\ABRL\worktrees\research-online-book\runs\online-guessing-osd-policy-20261007\leaves\actual-neutral-type-bridge-v1.lean:16:13: warning: unused variable `ht`

Note: This linter can be disabled with `set_option linter.unusedVariables false`
E:\ABRL\worktrees\research-online-book\runs\online-guessing-osd-policy-20261007\leaves\actual-neutral-type-bridge-v1.lean:28:5: warning: unused variable `hx₁`

Note: This linter can be disabled with `set_option linter.unusedVariables false`
E:\ABRL\worktrees\research-online-book\runs\online-guessing-osd-policy-20261007\leaves\actual-neutral-type-bridge-v1.lean:28:40: warning: unused variable `hT`

Note: This linter can be disabled with `set_option linter.unusedVariables false`
E:\ABRL\worktrees\research-online-book\runs\online-guessing-osd-policy-20261007\leaves\actual-neutral-type-bridge-v1.lean:29:5: warning: unused variable `hy`

Note: This linter can be disabled with `set_option linter.unusedVariables false`
E:\ABRL\worktrees\research-online-book\runs\online-guessing-osd-policy-20261007\leaves\actual-neutral-type-bridge-v1.lean:30:5: warning: unused variable `hlegal`

Note: This linter can be disabled with `set_option linter.unusedVariables false`
E:\ABRL\worktrees\research-online-book\runs\online-guessing-osd-policy-20261007\leaves\actual-neutral-type-bridge-v1.lean:39:13: warning: unused variable `hx₁`

Note: This linter can be disabled with `set_option linter.unusedVariables false`
E:\ABRL\worktrees\research-online-book\runs\online-guessing-osd-policy-20261007\leaves\actual-neutral-type-bridge-v1.lean:40:5: warning: unused variable `hy`

Note: This linter can be disabled with `set_option linter.unusedVariables false`
E:\ABRL\worktrees\research-online-book\runs\online-guessing-osd-policy-20261007\leaves\actual-neutral-type-bridge-v1.lean:41:5: warning: unused variable `hlegal`

Note: This linter can be disabled with `set_option linter.unusedVariables false`
E:\ABRL\worktrees\research-online-book\runs\online-guessing-osd-policy-20261007\leaves\actual-neutral-type-bridge-v1.lean:43:13: warning: unused variable `hu`

Note: This linter can be disabled with `set_option linter.unusedVariables false`
E:\ABRL\worktrees\research-online-book\runs\online-guessing-osd-policy-20261007\leaves\actual-neutral-type-bridge-v1.lean:43:46: warning: unused variable `hε`

Note: This linter can be disabled with `set_option linter.unusedVariables false`
E:\ABRL\worktrees\research-online-book\runs\online-guessing-osd-policy-20261007\leaves\actual-neutral-type-bridge-v1.lean:50:0: error: invalid 'import' command, it must be used in the beginning of the file
