'BanditRL.OnlineGuessingSubgradientPolicy.selected_bound' depends on axioms: [propext, Classical.choice, Quot.sound]
'BanditRL.OnlineGuessingSubgradientPolicy.step_clamp' depends on axioms: [propext, Classical.choice, Quot.sound]
'BanditRL.OnlineGuessingSubgradientPolicy.example_2_32' depends on axioms: [propext, Classical.choice, Quot.sound]
'BanditRL.OnlineGuessingSubgradientPolicy.example_2_32_average_eventually' depends on axioms: [propext,
 Classical.choice,
 Quot.sound]
'GuessingPolicyProbe.policy_on_absolute' depends on axioms: [propext, Classical.choice, Quot.sound]
'GuessingPolicyProbe.policy_legal' depends on axioms: [propext, Classical.choice, Quot.sound]
'GuessingPolicyProbe.selected_rule' depends on axioms: [propext, Classical.choice, Quot.sound]
'GuessingPolicyProbe.labelsA_feasible' depends on axioms: [propext, Classical.choice, Quot.sound]
'GuessingPolicyProbe.labelsB_feasible' depends on axioms: [propext, Classical.choice, Quot.sound]
'GuessingPolicyProbe.a_zero' depends on axioms: [propext, Classical.choice, Quot.sound]
'GuessingPolicyProbe.b_zero' depends on axioms: [propext, Classical.choice, Quot.sound]
'GuessingPolicyProbe.ga_zero' depends on axioms: [propext, Classical.choice, Quot.sound]
'GuessingPolicyProbe.gb_zero' depends on axioms: [propext, Classical.choice, Quot.sound]
'GuessingPolicyProbe.a_one' depends on axioms: [propext, Classical.choice, Quot.sound]
'GuessingPolicyProbe.b_one' depends on axioms: [propext, Classical.choice, Quot.sound]
'GuessingPolicyProbe.ga_one' depends on axioms: [propext, Classical.choice, Quot.sound]
'GuessingPolicyProbe.gb_one' depends on axioms: [propext, Classical.choice, Quot.sound]
'GuessingPolicyProbe.a_two' depends on axioms: [propext, Classical.choice, Quot.sound]
'GuessingPolicyProbe.b_two' depends on axioms: [propext, Classical.choice, Quot.sound]
'GuessingPolicyProbe.ga_two' depends on axioms: [propext, Classical.choice, Quot.sound]
'GuessingPolicyProbe.gb_two' depends on axioms: [propext, Classical.choice, Quot.sound]
'GuessingPolicyProbe.a_three' depends on axioms: [propext, Classical.choice, Quot.sound]
'GuessingPolicyProbe.b_three' depends on axioms: [propext, Classical.choice, Quot.sound]
'GuessingPolicyProbe.ga_three' depends on axioms: [propext, Classical.choice, Quot.sound]
'GuessingPolicyProbe.gb_three' depends on axioms: [propext, Classical.choice, Quot.sound]
'GuessingPolicyProbe.a_four' depends on axioms: [propext, Classical.choice, Quot.sound]
'GuessingPolicyProbe.b_four' depends on axioms: [propext, Classical.choice, Quot.sound]
'GuessingPolicyProbe.history_changes_kink_choice' depends on axioms: [propext, Classical.choice, Quot.sound]
'GuessingPolicyProbe.a_real_regret' depends on axioms: [propext, Classical.choice, Quot.sound]
'GuessingPolicyProbe.b_real_regret' depends on axioms: [propext, Classical.choice, Quot.sound]
'GuessingPolicyProbe.a_energy' depends on axioms: [propext, Classical.choice, Quot.sound]
'GuessingPolicyProbe.positive_terminal' depends on axioms: [propext, Classical.choice, Quot.sound]
'GuessingPolicyProbe.a_actual_fixed' depends on axioms: [propext, Classical.choice, Quot.sound]
'GuessingPolicyProbe.fixed_rhs_is_one' depends on axioms: [propext, Classical.choice, Quot.sound]
'GuessingPolicyProbe.a_selected_bound' depends on axioms: [propext, Classical.choice, Quot.sound]
'GuessingPolicyProbe.a_tuned_all_comparators' depends on axioms: [propext, Classical.choice, Quot.sound]
'GuessingPolicyProbe.not_global_oracle' depends on axioms: [propext, Classical.choice, Quot.sound]
'GuessingPolicyProbe.invalid_future_causal' depends on axioms: [propext, Classical.choice, Quot.sound]
'GuessingPolicyProbe.zero_rate_infeasible_initial' depends on axioms: [propext, Classical.choice, Quot.sound]
'GuessingPolicyProbe.a_horizon_family_average' depends on axioms: [propext, Classical.choice, Quot.sound]
'GuessingPolicyProbe.policy' depends on axioms: [propext, Classical.choice, Quot.sound]
'GuessingPolicyProbe.labelsA' depends on axioms: [propext, Classical.choice, Quot.sound]
'GuessingPolicyProbe.labelsB' depends on axioms: [propext, Classical.choice, Quot.sound]
'GuessingPolicyProbe.eta' depends on axioms: [propext, Classical.choice, Quot.sound]
'GuessingPolicyProbe.futureLabels' depends on axioms: [propext, Classical.choice, Quot.sound]
'GuessingPolicyProbe.futureEta' depends on axioms: [propext, Classical.choice, Quot.sound]
'GuessingPolicyProbe.V' depends on axioms: [propext, Classical.choice, Quot.sound]
'GuessingPolicyProbe.a' depends on axioms: [propext, Classical.choice, Quot.sound]
'GuessingPolicyProbe.b' depends on axioms: [propext, Classical.choice, Quot.sound]
'GuessingPolicyProbe.ga' depends on axioms: [propext, Classical.choice, Quot.sound]
'GuessingPolicyProbe.gb' depends on axioms: [propext, Classical.choice, Quot.sound]
