{
  "schema_version": 1,
  "mode": "shadow-read-only",
  "analyzed_at": "2026-10-07T06:44:05+00:00",
  "trials_path": "E:\\ABRL\\worktrees\\research-online-book\\runs\\online-guessing-osd-policy-20261007\\candidate-scoped-trials-v1.jsonl",
  "trial_rows": 1,
  "status_counts": {
    "compiled": 1
  },
  "inferred_frontier": {
    "selected_task": "ONLINE-GUESSING-OSD-POLICY-20261007",
    "selected_leaf": "ONLINE-GUESSING-OSD-POLICY-20261007",
    "source_status": "compiled",
    "last_accepted_verifier": {
      "trial_index": 0,
      "time": "2026-10-07T06:28:15+00:00",
      "task": "ONLINE-GUESSING-OSD-POLICY-20261007",
      "role": "lower",
      "kind": "build",
      "status": "compiled",
      "lean": "BanditRLProof\\OnlineGuessingSubgradientPolicy.lean",
      "notes": "Actual4 new public proofs0defs and whole36canaryproofs6defs5abbr;51 kernel checks4fences26prespecified directVALUEpairs. Same-run arbitrary played-legal history-policy finite terminal compiled; distinct BODY/combined/reader/FINAL/nativeacceptance/PR still pending. Chapter/Goal not complete.",
      "run_id": "online-guessing-osd-policy-20261007"
    }
  },
  "memory_digest": {
    "path": "E:\\ABRL\\worktrees\\research-online-book\\runs\\online-guessing-osd-policy-20261007\\memory-digest-candidate-v1.md",
    "task": ""
  },
  "recorded_frontier": {
    "schema_version": 1,
    "record_id": "frontier-2b3ec9b92413f98b",
    "updated_at": "2026-10-07T06:44:05+00:00",
    "root_objective": "Persistent Orabona Chapters1-16; missing played-legal absolute-loss finite-history policy terminal",
    "current_leaf": {
      "id": "ONLINE-GUESSING-OSD-POLICY-20261007",
      "kind": "lean",
      "status": "gate-pending",
      "statement": "theorem example_2_32 (y : ℕ → ℝ) (x₁ : ℝ) (p : SupportPolicy (E := ℝ)) (hx₁ : x₁ ∈ Icc (0 : ℝ) 1) (T : ℕ) (hT : 0 < T) (hy : ∀ t < T, y t ∈ Icc (0 : ℝ) 1) (hlegal : LegalFeedback unitInterval (fun _ => 1 / Real.sqrt T) (fun s => loss (y s)) x₁ p T) : ∀ u ∈ Icc (0 : ℝ) 1, (∑ t ∈ range T, (|output unitInterval (fun _ => 1 / Real.sqrt T) (fun s => loss (y s)) x₁ p t - y t| - |u - y t|)) ≤ Real.sqrt T",
      "statement_hash": "5117f5dd79224571892f6a641cbd081afcc731d13e313a1f72afe9e542fa98e6",
      "declaration": "BanditRL.OnlineGuessingSubgradientPolicy.example_2_32",
      "file": "BanditRLProof\\OnlineGuessingSubgradientPolicy.lean",
      "source_status": "source-reviewed",
      "dependencies": [
        {
          "kind": "lean",
          "name": "BanditRL.OnlineSubgradientPolicy.regret_tuned",
          "status": "compiled"
        },
        {
          "kind": "lean",
          "name": "BanditRL.OnlineGuessingSubgradientPolicy.selected_bound",
          "status": "compiled"
        }
      ]
    },
    "dag": {
      "nodes": [
        {
          "id": "ONLINE-GUESSING-OSD-POLICY-20261007",
          "kind": "lean",
          "status": "gate-pending",
          "dependencies": [
            {
              "kind": "lean",
              "name": "BanditRL.OnlineSubgradientPolicy.regret_tuned",
              "status": "compiled"
            },
            {
              "kind": "lean",
              "name": "BanditRL.OnlineGuessingSubgradientPolicy.selected_bound",
              "status": "compiled"
            }
          ],
          "dispatch_count": 0
        }
      ]
    },
    "last_accepted_verifier": {
      "trial_index": 0,
      "time": "2026-10-07T06:28:15+00:00",
      "task": "ONLINE-GUESSING-OSD-POLICY-20261007",
      "role": "lower",
      "kind": "build",
      "status": "compiled",
      "lean": "BanditRLProof\\OnlineGuessingSubgradientPolicy.lean",
      "notes": "Actual4 new public proofs0defs and whole36canaryproofs6defs5abbr;51 kernel checks4fences26prespecified directVALUEpairs. Same-run arbitrary played-legal history-policy finite terminal compiled; distinct BODY/combined/reader/FINAL/nativeacceptance/PR still pending. Chapter/Goal not complete.",
      "run_id": "online-guessing-osd-policy-20261007"
    },
    "memory_policy": {
      "recent_role_relevant_limit": 5,
      "explicit_verified_lemma_ids": [],
      "whole_history_default": false
    },
    "shadow_gate": {
      "status": "pending",
      "analyzed_trial_rows": 1,
      "mismatches": [],
      "replay_transitions": 0
    },
    "mutation_policy": {
      "canonical_path_queue": true,
      "cross_process_lock": true,
      "same_file_serialized": true,
      "disjoint_files_parallel": true
    },
    "autonomous_execution": {
      "enabled": false,
      "requires_deterministic_gates": true,
      "requires_explicit_user_request": true
    }
  },
  "mismatches": [],
  "would_mutate": false
}
