{
  "time": "2026-10-07T06:28:15+00:00",
  "task": "ONLINE-GUESSING-OSD-POLICY-20261007",
  "role": "lower",
  "kind": "build",
  "status": "compiled",
  "notes": "Actual4 new public proofs0defs and whole36canaryproofs6defs5abbr;51 kernel checks4fences26prespecified directVALUEpairs. Same-run arbitrary played-legal history-policy finite terminal compiled; distinct BODY/combined/reader/FINAL/nativeacceptance/PR still pending. Chapter/Goal not complete.",
  "lean": "BanditRLProof\\OnlineGuessingSubgradientPolicy.lean",
  "source": "",
  "run_id": "online-guessing-osd-policy-20261007",
  "changed_files": [
    "BanditRLProof\\OnlineGuessingSubgradientPolicy.lean",
    "Tests\\OnlineGuessingSubgradientPolicyCanary.lean"
  ],
  "statement_hash": "5117f5dd79224571892f6a641cbd081afcc731d13e313a1f72afe9e542fa98e6",
  "parent_id": "",
  "route_fingerprint": "",
  "verifier_evidence": [
    "E:\\ABRL\\worktrees\\research-online-book\\runs\\online-guessing-osd-policy-20261007\\body-bindings-v1.json"
  ],
  "harness": "hierarchical",
  "experiment_id": "",
  "target_fingerprint": "",
  "route_packet_hash": "",
  "attempt_id": "GUESSING-OSD-POLICY-V1",
  "worker_id": "",
  "progress_class": "compiled-leaf",
  "reviewer_validated": false,
  "obligations_before": 0,
  "obligations_after": 0,
  "new_declarations": [
    "BanditRL.OnlineGuessingSubgradientPolicy.example_2_32"
  ],
  "reused_declarations": [
    "BanditRL.OnlineSubgradientPolicy.regret_tuned"
  ],
  "dag_nodes": 0,
  "dag_depth": 0,
  "elapsed_seconds": 0.0,
  "lean_check_seconds": 0.0,
  "prompt_chars": 0,
  "input_tokens": 0,
  "output_tokens": 0,
  "error_signature": ""
}
