E:\ABRL\worktrees\research-online-book\runs\online-guessing-osd-policy-20261007\leaves\neutral-types-v1.lean:5:12: error(lean.unknownIdentifier): Unknown identifier `BanditRL.OnlineGradientDescent.unitInterval`
E:\ABRL\worktrees\research-online-book\runs\online-guessing-osd-policy-20261007\leaves\neutral-types-v1.lean:7:12: error: typeclass instance problem is stuck
  FiniteDimensional ℝ ?m.6

Note: Lean will not try to resolve this typeclass instance problem because the second, fourth, and fifth type arguments to `FiniteDimensional` contain metavariables. These arguments must be fully determined before Lean will try to resolve the typeclass.

Hint: Adding type annotations and supplying implicit arguments to functions can give Lean more information for typeclass resolution. For example, if you have a variable `x` that you intend to be a `Nat`, but Lean reports it as having an unresolved type like `?m`, replacing `x` with `(x : Nat)` can get typeclass resolution un-stuck.
E:\ABRL\worktrees\research-online-book\runs\online-guessing-osd-policy-20261007\leaves\neutral-types-v1.lean:8:12: error: typeclass instance problem is stuck
  FiniteDimensional ℝ ?m.6

Note: Lean will not try to resolve this typeclass instance problem because the second, fourth, and fifth type arguments to `FiniteDimensional` contain metavariables. These arguments must be fully determined before Lean will try to resolve the typeclass.

Hint: Adding type annotations and supplying implicit arguments to functions can give Lean more information for typeclass resolution. For example, if you have a variable `x` that you intend to be a `Nat`, but Lean reports it as having an unresolved type like `?m`, replacing `x` with `(x : Nat)` can get typeclass resolution un-stuck.
E:\ABRL\worktrees\research-online-book\runs\online-guessing-osd-policy-20261007\leaves\neutral-types-v1.lean:9:12: error: typeclass instance problem is stuck
  FiniteDimensional ℝ ?m.6

Note: Lean will not try to resolve this typeclass instance problem because the second, fourth, and fifth type arguments to `FiniteDimensional` contain metavariables. These arguments must be fully determined before Lean will try to resolve the typeclass.

Hint: Adding type annotations and supplying implicit arguments to functions can give Lean more information for typeclass resolution. For example, if you have a variable `x` that you intend to be a `Nat`, but Lean reports it as having an unresolved type like `?m`, replacing `x` with `(x : Nat)` can get typeclass resolution un-stuck.
E:\ABRL\worktrees\research-online-book\runs\online-guessing-osd-policy-20261007\leaves\neutral-types-v1.lean:14:14: error(lean.unknownIdentifier): Unknown identifier `L`
E:\ABRL\worktrees\research-online-book\runs\online-guessing-osd-policy-20261007\leaves\neutral-types-v1.lean:16:5: error(lean.unknownIdentifier): Unknown identifier `A`
E:\ABRL\worktrees\research-online-book\runs\online-guessing-osd-policy-20261007\leaves\neutral-types-v1.lean:21:4: error(lean.unknownIdentifier): Unknown identifier `X`
E:\ABRL\worktrees\research-online-book\runs\online-guessing-osd-policy-20261007\leaves\neutral-types-v1.lean:22:16: error(lean.unknownIdentifier): Unknown identifier `X`
E:\ABRL\worktrees\research-online-book\runs\online-guessing-osd-policy-20261007\leaves\neutral-types-v1.lean:23:14: error(lean.unknownIdentifier): Unknown identifier `A`
E:\ABRL\worktrees\research-online-book\runs\online-guessing-osd-policy-20261007\leaves\neutral-types-v1.lean:29:14: error(lean.unknownIdentifier): Unknown identifier `L`
E:\ABRL\worktrees\research-online-book\runs\online-guessing-osd-policy-20261007\leaves\neutral-types-v1.lean:33:10: error(lean.unknownIdentifier): Unknown identifier `X`
E:\ABRL\worktrees\research-online-book\runs\online-guessing-osd-policy-20261007\leaves\neutral-types-v1.lean:40:31: error(lean.unknownIdentifier): Unknown identifier `L`
E:\ABRL\worktrees\research-online-book\runs\online-guessing-osd-policy-20261007\leaves\neutral-types-v1.lean:45:10: error(lean.unknownIdentifier): Unknown identifier `X`
