{
  "schema_version": 1,
  "entry_id": "entry-fd37c23595efd378",
  "session_id": "ONLINE-GUESSING-OSD-POLICY-20261007",
  "sequence": 4,
  "parent_id": "entry-64d75c416c183df3",
  "event_type": "repair",
  "created_at": "2026-10-07T06:27:00+00:00",
  "payload": {
    "run_id": "online-guessing-osd-policy-20261007",
    "contract_version": 1,
    "retained_failures": [
      "first-public-leaf-safe-v1-01",
      "public-canary-focused-v1-01"
    ],
    "repair": "Literal sourceguard annotations and canary rewrite/elaboration only; public four types/bodies unchanged; canary full headers unchanged",
    "chapter_complete": false,
    "goal_complete": false
  }
}
