⚠ [3309/3325] Replayed BanditRLProof.OnlineConvexBarycenter
warning: BanditRLProof/OnlineConvexBarycenter.lean:73:0: automatically included section variable(s) unused in theorem `BanditRL.OnlineConvex.integral_mem_convex_finiteDimensional`:
  [MeasurableSpace E]
  [BorelSpace E]
consider restructuring your `variable` declarations so that the variables are not in scope or explicitly omit them:
  omit [MeasurableSpace E] [BorelSpace E] in theorem ...

Note: This linter can be disabled with `set_option linter.unusedSectionVars false`
⚠ [3310/3325] Replayed BanditRLProof.OnlineConvexExtended
warning: BanditRLProof/OnlineConvexExtended.lean:57:0: automatically included section variable(s) unused in theorem `BanditRL.OnlineConvex.effectiveDomain_indicator`:
  [AddCommGroup E]
  [Module ℝ E]
consider restructuring your `variable` declarations so that the variables are not in scope or explicitly omit them:
  omit [AddCommGroup E] [Module ℝ E] in theorem ...

Note: This linter can be disabled with `set_option linter.unusedSectionVars false`
warning: BanditRLProof/OnlineConvexExtended.lean:77:0: automatically included section variable(s) unused in theorem `BanditRL.OnlineConvex.realEpigraph_toReal`:
  [AddCommGroup E]
  [Module ℝ E]
consider restructuring your `variable` declarations so that the variables are not in scope or explicitly omit them:
  omit [AddCommGroup E] [Module ℝ E] in theorem ...

Note: This linter can be disabled with `set_option linter.unusedSectionVars false`
⚠ [3313/3325] Replayed BanditRLProof.OnlineClosedProper
warning: BanditRLProof/OnlineClosedProper.lean:79:0: automatically included section variable(s) unused in theorem `BanditRL.OnlineConvex.sourceProper_indicator_iff`:
  [TopologicalSpace E]
consider restructuring your `variable` declarations so that the variables are not in scope or explicitly omit them:
  omit [TopologicalSpace E] in theorem ...

Note: This linter can be disabled with `set_option linter.unusedSectionVars false`
⚠ [3316/3325] Replayed BanditRLProof.OnlineConvexFirstOrder
warning: BanditRLProof/OnlineConvexFirstOrder.lean:26:0: automatically included section variable(s) unused in theorem `BanditRL.OnlineConvex.finitePart_eventually`:
  [InnerProductSpace ℝ E]
  [CompleteSpace E]
consider restructuring your `variable` declarations so that the variables are not in scope or explicitly omit them:
  omit [InnerProductSpace ℝ E] [CompleteSpace E] in theorem ...

Note: This linter can be disabled with `set_option linter.unusedSectionVars false`
⚠ [3317/3325] Replayed BanditRLProof.OnlineSubgradientDifferentiability
warning: BanditRLProof/OnlineSubgradientDifferentiability.lean:43:0: automatically included section variable(s) unused in theorem `BanditRL.OnlineConvex.subgradient_norm_le_lipschitz_ball`:
  [FiniteDimensional ℝ E]
consider restructuring your `variable` declarations so that the variables are not in scope or explicitly omit them:
  omit [FiniteDimensional ℝ E] in theorem ...

Note: This linter can be disabled with `set_option linter.unusedSectionVars false`
warning: BanditRLProof/OnlineSubgradientDifferentiability.lean:273:0: automatically included section variable(s) unused in theorem `BanditRL.OnlineConvex.sourceDifferentiableAt_regular`:
  [FiniteDimensional ℝ E]
consider restructuring your `variable` declarations so that the variables are not in scope or explicitly omit them:
  omit [FiniteDimensional ℝ E] in theorem ...

Note: This linter can be disabled with `set_option linter.unusedSectionVars false`
warning: BanditRLProof/OnlineSubgradientDifferentiability.lean:320:13: unused variable `hx`

Note: This linter can be disabled with `set_option linter.unusedVariables false`
⚠ [3319/3325] Replayed BanditRLProof.OnlineSubgradientDescent
warning: BanditRLProof/OnlineSubgradientDescent.lean:71:0: automatically included section variable(s) unused in theorem `BanditRL.OnlineSubgradientDescent.currentSubgradient_mem`:
  [FiniteDimensional ℝ E]
consider restructuring your `variable` declarations so that the variables are not in scope or explicitly omit them:
  omit [FiniteDimensional ℝ E] in theorem ...

Note: This linter can be disabled with `set_option linter.unusedSectionVars false`
⚠ [3322/3325] Replayed BanditRLProof.OnlineGuessingSubgradient
warning: BanditRLProof/OnlineGuessingSubgradient.lean:114:26: unused variable `hy`

Note: This linter can be disabled with `set_option linter.unusedVariables false`
⚠ [3323/3325] Replayed BanditRLProof.OnlineSubgradientPolicy
warning: BanditRLProof/OnlineSubgradientPolicy.lean:173:5: unused variable `hx₁`

Note: This linter can be disabled with `set_option linter.unusedVariables false`
⚠ [3324/3325] Replayed BanditRLProof.OnlineGuessingSubgradientPolicy
warning: BanditRLProof/OnlineGuessingSubgradientPolicy.lean:40:5: unused variable `hy`

Note: This linter can be disabled with `set_option linter.unusedVariables false`
✖ [3325/3325] Building Tests.OnlineGuessingSubgradientPolicyCanary (8.7s)
trace: .> LEAN_PATH=E:\ABRL\research\.lake\packages\Cli\.lake\build\lib\lean;E:\ABRL\research\.lake\packages\batteries\.lake\build\lib\lean;E:\ABRL\research\.lake\packages\Qq\.lake\build\lib\lean;E:\ABRL\research\.lake\packages\aesop\.lake\build\lib\lean;E:\ABRL\research\.lake\packages\proofwidgets\.lake\build\lib\lean;E:\ABRL\research\.lake\packages\importGraph\.lake\build\lib\lean;E:\ABRL\research\.lake\packages\LeanSearchClient\.lake\build\lib\lean;E:\ABRL\research\.lake\packages\plausible\.lake\build\lib\lean;E:\ABRL\research\.lake\packages\mathlib\.lake\build\lib\lean;E:\ABRL\worktrees\research-online-book\.lake\build\lib\lean c:\Users\admin\.elan\toolchains\leanprover--lean4---v4.29.1\bin\lean.exe E:\ABRL\worktrees\research-online-book\Tests\OnlineGuessingSubgradientPolicyCanary.lean -o E:\ABRL\worktrees\research-online-book\.lake\build\lib\lean\Tests\OnlineGuessingSubgradientPolicyCanary.olean -i E:\ABRL\worktrees\research-online-book\.lake\build\lib\lean\Tests\OnlineGuessingSubgradientPolicyCanary.ilean -c E:\ABRL\worktrees\research-online-book\.lake\build\ir\Tests\OnlineGuessingSubgradientPolicyCanary.c --setup E:\ABRL\worktrees\research-online-book\.lake\build\ir\Tests\OnlineGuessingSubgradientPolicyCanary.setup.json --json
error: Tests/OnlineGuessingSubgradientPolicyCanary.lean:50:68: unsolved goals
η y : ℕ → ℝ
x₁ : ℝ
t : ℕ
⊢ (if |y t| < history V η (fun s => loss (y s)) x₁ policy t (Fin.last t) then 1
    else
      if history V η (fun s => loss (y s)) x₁ policy t (Fin.last t) < |y t| then -1
      else if h : 0 < t then if |y 0| = 0 then 1 else -1 else 1) =
    if |y t| < history V η (fun s => loss (y s)) x₁ policy t (Fin.last t) then 1
    else
      if history V η (fun s => loss (y s)) x₁ policy t (Fin.last t) < |y t| then -1
      else if h : 0 < t then if |y 0| = 0 then 1 else -1 else 1
error: Tests/OnlineGuessingSubgradientPolicyCanary.lean:69:6: Tactic `rewrite` failed: Did not find an occurrence of the pattern
  selected V ?η (fun s => loss (?y s)) ?x₁ policy ?t
in the target expression
  ga 0 = 1

⊢ ga 0 = 1
error: Tests/OnlineGuessingSubgradientPolicyCanary.lean:72:6: Tactic `rewrite` failed: Did not find an occurrence of the pattern
  selected V ?η (fun s => loss (?y s)) ?x₁ policy ?t
in the target expression
  gb 0 = -1

⊢ gb 0 = -1
error: Tests/OnlineGuessingSubgradientPolicyCanary.lean:76:6: Tactic `rewrite` failed: Did not find an occurrence of the pattern
  output BanditRL.OnlineGradientDescent.unitInterval ?η (fun s => loss (?y s)) ?x₁ ?p (?t + 1)
in the target expression
  a 1 = 0

⊢ a 1 = 0
error: Tests/OnlineGuessingSubgradientPolicyCanary.lean:80:6: Tactic `rewrite` failed: Did not find an occurrence of the pattern
  output BanditRL.OnlineGradientDescent.unitInterval ?η (fun s => loss (?y s)) ?x₁ ?p (?t + 1)
in the target expression
  b 1 = 1

⊢ b 1 = 1
error: Tests/OnlineGuessingSubgradientPolicyCanary.lean:84:6: Tactic `rewrite` failed: Did not find an occurrence of the pattern
  selected V ?η (fun s => loss (?y s)) ?x₁ policy ?t
in the target expression
  ga 1 = -1

⊢ ga 1 = -1
error: Tests/OnlineGuessingSubgradientPolicyCanary.lean:87:6: Tactic `rewrite` failed: Did not find an occurrence of the pattern
  selected V ?η (fun s => loss (?y s)) ?x₁ policy ?t
in the target expression
  gb 1 = 1

⊢ gb 1 = 1
error: Tests/OnlineGuessingSubgradientPolicyCanary.lean:91:6: Tactic `rewrite` failed: Did not find an occurrence of the pattern
  output BanditRL.OnlineGradientDescent.unitInterval ?η (fun s => loss (?y s)) ?x₁ ?p (?t + 1)
in the target expression
  a 2 = 1 / 2

⊢ a 2 = 1 / 2
error: Tests/OnlineGuessingSubgradientPolicyCanary.lean:95:6: Tactic `rewrite` failed: Did not find an occurrence of the pattern
  output BanditRL.OnlineGradientDescent.unitInterval ?η (fun s => loss (?y s)) ?x₁ ?p (?t + 1)
in the target expression
  b 2 = 1 / 2

⊢ b 2 = 1 / 2
error: Tests/OnlineGuessingSubgradientPolicyCanary.lean:99:6: Tactic `rewrite` failed: Did not find an occurrence of the pattern
  selected V ?η (fun s => loss (?y s)) ?x₁ policy ?t
in the target expression
  ga 2 = 1

⊢ ga 2 = 1
error: Tests/OnlineGuessingSubgradientPolicyCanary.lean:102:6: Tactic `rewrite` failed: Did not find an occurrence of the pattern
  selected V ?η (fun s => loss (?y s)) ?x₁ policy ?t
in the target expression
  gb 2 = -1

⊢ gb 2 = -1
error: Tests/OnlineGuessingSubgradientPolicyCanary.lean:106:6: Tactic `rewrite` failed: Did not find an occurrence of the pattern
  output BanditRL.OnlineGradientDescent.unitInterval ?η (fun s => loss (?y s)) ?x₁ ?p (?t + 1)
in the target expression
  a 3 = 0

⊢ a 3 = 0
error: Tests/OnlineGuessingSubgradientPolicyCanary.lean:110:6: Tactic `rewrite` failed: Did not find an occurrence of the pattern
  output BanditRL.OnlineGradientDescent.unitInterval ?η (fun s => loss (?y s)) ?x₁ ?p (?t + 1)
in the target expression
  b 3 = 1

⊢ b 3 = 1
error: Tests/OnlineGuessingSubgradientPolicyCanary.lean:114:6: Tactic `rewrite` failed: Did not find an occurrence of the pattern
  selected V ?η (fun s => loss (?y s)) ?x₁ policy ?t
in the target expression
  ga 3 = -1

⊢ ga 3 = -1
error: Tests/OnlineGuessingSubgradientPolicyCanary.lean:117:6: Tactic `rewrite` failed: Did not find an occurrence of the pattern
  selected V ?η (fun s => loss (?y s)) ?x₁ policy ?t
in the target expression
  gb 3 = 1

⊢ gb 3 = 1
error: Tests/OnlineGuessingSubgradientPolicyCanary.lean:120:6: Tactic `rewrite` failed: Did not find an occurrence of the pattern
  output BanditRL.OnlineGradientDescent.unitInterval ?η (fun s => loss (?y s)) ?x₁ ?p (?t + 1)
in the target expression
  a 4 = 1 / 2

⊢ a 4 = 1 / 2
error: Tests/OnlineGuessingSubgradientPolicyCanary.lean:124:6: Tactic `rewrite` failed: Did not find an occurrence of the pattern
  output BanditRL.OnlineGradientDescent.unitInterval ?η (fun s => loss (?y s)) ?x₁ ?p (?t + 1)
in the target expression
  b 4 = 1 / 2

⊢ b 4 = 1 / 2
error: Tests/OnlineGuessingSubgradientPolicyCanary.lean:182:2: Type mismatch: After simplification, term
  hb
 has type
  ∀ u ∈ Set.Icc 0 1,
    ∑ t ∈ Finset.range 4,
        (|output BanditRL.OnlineGradientDescent.unitInterval (fun x => 1 / √↑4) (fun s => loss (labelsA s)) (1 / 2)
                policy t -
              labelsA t| -
          |u - labelsA t|) ≤
      √↑4
but is expected to have type
  ∀ u ∈ Set.Icc 0 1, ∑ t ∈ Finset.range 4, (|GuessingPolicyProbe.a t - labelsA t| - |u - labelsA t|) ≤ 2
error: Lean exited with code 1
Some required targets logged failures:
- Tests.OnlineGuessingSubgradientPolicyCanary
error: build failed
