{
  "id": "mem-79868b4a926f151b",
  "created_at": "2026-10-07T06:03:26+00:00",
  "type": "source_fact",
  "task": "ONLINE-GUESSING-OSD-POLICY-20261007",
  "provenance": {
    "kind": "local_first_retrieval",
    "reference": "Actual compiled public API types in pinned shared project; neutral elaboration failure preserved/repaired without public target change. No unchecked external repository or upgraded dependency"
  },
  "assumptions": [],
  "declaration": "",
  "file": "",
  "status": "verified",
  "verifier_evidence": [
    "E:\\ABRL\\worktrees\\research-online-book\\runs\\online-guessing-osd-policy-20261007\\leaves\\retrieval-probe-v1.lean"
  ],
  "supersession": {
    "supersedes": [],
    "reason": ""
  },
  "roles": [],
  "details": {
    "query": "absolute loss actual finite-history played legal policy same-run horizon sqrtT",
    "search_order": [
      "local declarations",
      "ABRL theorem cards",
      "Mathlib cards"
    ],
    "candidates": [
      "BanditRL.OnlineGuessingSubgradient.loss_subgradient_bound",
      "BanditRL.OnlineSubgradientPolicy.regret_tuned"
    ],
    "rejections": [],
    "compiled_scratch": "E:\\ABRL\\worktrees\\research-online-book\\runs\\online-guessing-osd-policy-20261007\\leaves\\retrieval-probe-v1.lean"
  }
}
