{
  "schema_version": 1,
  "entry_id": "entry-5ad64f1df9f86180",
  "session_id": "ONLINE-CH2-CHAPTER-AUDIT-20261009",
  "sequence": 0,
  "parent_id": "",
  "event_type": "draft",
  "created_at": "2026-10-09T05:18:32+00:00",
  "payload": {
    "run_id": "online-ch2-chapter-audit-20261009",
    "source_fingerprint": "d4f66c24b7a201f3c99afc56a0c57b7943a16fc20fa1a6d38d17edaf05c128f4",
    "source_inventory_v2": "73f6c741df92fded56c76e74fecfd4def053335f902d3809a5618717e5849ca8",
    "source_containers": 65,
    "proof_leaf_total": null,
    "source_review_pending": true,
    "new_math": 0,
    "chapter_complete": false,
    "goal_complete": false,
    "workflow_enforcement": "Native event record; semantic roles/review and edit permissions separately documented, not a single enforced runtime."
  }
}
