{
  "time": "2026-10-05T15:14:21+00:00",
  "task": "ONLINE-MINORANT-MIGRATION-20261005",
  "role": "reviewer",
  "kind": "review",
  "status": "accepted",
  "notes": "Same named actual compiled minorant bundle accepted after distinct final source/reader and integrated gates; four retained proofs/zero new code. No Jensen/chapter/book completion or productivity experiment.",
  "lean": "",
  "source": "",
  "run_id": "online-minorant-migration-20261005",
  "changed_files": [],
  "statement_hash": "a7cd5eabf49d29d0ca1a1043fb05bef4eb682762ff24cfc9dead2bf72df01ada",
  "parent_id": "",
  "route_fingerprint": "",
  "verifier_evidence": [
    "runs\\online-minorant-migration-20261005\\final-reader-receipt-v1.json"
  ],
  "harness": "hierarchical",
  "experiment_id": "",
  "target_fingerprint": "",
  "route_packet_hash": "",
  "attempt_id": "MINORANT-RETAINED-BODIES-V1",
  "worker_id": "",
  "progress_class": "retrieval-reuse",
  "reviewer_validated": true,
  "obligations_before": 0,
  "obligations_after": 0,
  "new_declarations": [],
  "reused_declarations": [
    "BanditRL.OnlineConvex.convex_affine_minorant"
  ],
  "dag_nodes": 0,
  "dag_depth": 0,
  "elapsed_seconds": 0.0,
  "lean_check_seconds": 0.0,
  "prompt_chars": 0,
  "input_tokens": 0,
  "output_tokens": 0,
  "error_signature": ""
}
