{
  "schema_version": 1,
  "entry_id": "entry-534b4b43f7f558e1",
  "session_id": "ONLINE-MINORANT-MIGRATION-20261005",
  "sequence": 4,
  "parent_id": "entry-31eccb47cd38c0f3",
  "event_type": "accepted",
  "created_at": "2026-10-05T15:14:22+00:00",
  "payload": {
    "run_id": "online-minorant-migration-20261005",
    "accepted_decision": "runs\\online-minorant-migration-20261005\\accepted-decision-v1.json",
    "retained_proofs": 4,
    "retained_definitions": 0,
    "new_proofs": 0,
    "merged": false,
    "live": false,
    "parent_accepted": false,
    "chapter_complete": false,
    "goal_complete": false
  }
}
