{
  "schema_version": 1,
  "entry_id": "entry-31eccb47cd38c0f3",
  "session_id": "ONLINE-MINORANT-MIGRATION-20261005",
  "sequence": 3,
  "parent_id": "entry-daf4bae255c2bdda",
  "event_type": "candidate",
  "created_at": "2026-10-05T15:03:22+00:00",
  "payload": {
    "run_id": "online-minorant-migration-20261005",
    "retained_proofs": 4,
    "retained_definitions": 0,
    "new_proofs": 0,
    "frozen_headers": {
      "affine_support_of_finite_neighborhood": "c879b931b89bb081b196ac41251b34430fd3bdf994cfe44003e6cecc8011169d",
      "affine_support_of_domain_interior": "bdc95208c1d7fe9666eb78ffefccb0d4b8dc66e407c6c69091f04cedba0d800c",
      "affine_minorant_of_domain_interior": "afc7c8bcb0366acef77d3a11329059226a89fb77faf622231867537001895321",
      "convex_affine_minorant": "a7cd5eabf49d29d0ca1a1043fb05bef4eb682762ff24cfc9dead2bf72df01ada"
    },
    "fresh_jobs": {
      "root-v1-01": 9088,
      "Tests-v1-01": 9230
    },
    "remaining_gates": [
      "fullharness",
      "contributor",
      "site/registry/finalreader",
      "raw/PR"
    ],
    "parent_accepted": false,
    "chapter_complete": false,
    "goal_complete": false
  }
}
