{
  "schema_version": 1,
  "mode": "shadow-read-only",
  "analyzed_at": "2026-10-05T15:03:22+00:00",
  "trials_path": "E:\\ABRL\\worktrees\\research-online-book\\runs\\online-minorant-migration-20261005\\candidate-scoped-trials-v1.jsonl",
  "trial_rows": 1,
  "status_counts": {
    "compiled": 1
  },
  "inferred_frontier": {
    "selected_task": "ONLINE-MINORANT-MIGRATION-20261005",
    "selected_leaf": "ONLINE-MINORANT-MIGRATION-20261005",
    "source_status": "compiled",
    "last_accepted_verifier": {
      "trial_index": 0,
      "time": "2026-10-05T14:53:17+00:00",
      "task": "ONLINE-MINORANT-MIGRATION-20261005",
      "role": "lower",
      "kind": "build",
      "status": "compiled",
      "lean": "BanditRLProof/OnlineConvexMinorant.lean",
      "notes": "Actual4retainedproducerbodies/bytefixednonclosedlowerdimloss canary6proofs1def/11namedaxioms/4nativeguards passed. No newproofcode; distinctbody/package review pending, not Jensen acceptance.",
      "run_id": "online-minorant-migration-20261005"
    }
  },
  "memory_digest": {
    "path": "E:\\ABRL\\worktrees\\research-online-book\\runs\\online-minorant-migration-20261005\\memory-digest-candidate-v1.md",
    "task": ""
  },
  "recorded_frontier": {
    "schema_version": 1,
    "record_id": "frontier-a39a6b2d2cedac46",
    "updated_at": "2026-10-05T15:03:22+00:00",
    "root_objective": "Persistent Orabona Chapters1-16 Goal; only affine-minorant dependency candidate, Jensen/Chapter2/book incomplete",
    "current_leaf": {
      "id": "ONLINE-MINORANT-MIGRATION-20261005",
      "kind": "lean",
      "status": "gate-pending",
      "statement": "theorem convex_affine_minorant (f : E → EReal) (hbot : ∀ x, f x ≠ ⊥) (hf : IsConvexExtended f) (hne : (effectiveDomain f).Nonempty) : ∃ (a : E →L[ℝ] ℝ) (b : ℝ), ∀ x, ((a x + b : ℝ) : EReal) ≤ f x",
      "statement_hash": "a7cd5eabf49d29d0ca1a1043fb05bef4eb682762ff24cfc9dead2bf72df01ada",
      "declaration": "BanditRL.OnlineConvex.convex_affine_minorant",
      "file": "BanditRLProof/OnlineConvexMinorant.lean",
      "source_status": "source-body-reviewed",
      "dependencies": [
        {
          "kind": "lean",
          "name": "BanditRL.OnlineConvex.affine_support_of_finite_neighborhood",
          "status": "compiled"
        },
        {
          "kind": "lean",
          "name": "BanditRL.OnlineConvex.affine_support_of_domain_interior",
          "status": "compiled"
        },
        {
          "kind": "lean",
          "name": "BanditRL.OnlineConvex.affine_minorant_of_domain_interior",
          "status": "compiled"
        },
        {
          "kind": "lean",
          "name": "BanditRL.OnlineConvex.supporting_functional_at_closure",
          "status": "compiled"
        },
        {
          "kind": "lean",
          "name": "BanditRL.OnlineConvex.convex_effectiveDomain",
          "status": "compiled"
        },
        {
          "kind": "review",
          "name": "source-body",
          "status": "accepted"
        }
      ]
    },
    "dag": {
      "nodes": [
        {
          "id": "ONLINE-MINORANT-MIGRATION-20261005",
          "kind": "lean",
          "status": "gate-pending",
          "dependencies": [
            {
              "kind": "lean",
              "name": "BanditRL.OnlineConvex.affine_support_of_finite_neighborhood",
              "status": "compiled"
            },
            {
              "kind": "lean",
              "name": "BanditRL.OnlineConvex.affine_support_of_domain_interior",
              "status": "compiled"
            },
            {
              "kind": "lean",
              "name": "BanditRL.OnlineConvex.affine_minorant_of_domain_interior",
              "status": "compiled"
            },
            {
              "kind": "lean",
              "name": "BanditRL.OnlineConvex.supporting_functional_at_closure",
              "status": "compiled"
            },
            {
              "kind": "lean",
              "name": "BanditRL.OnlineConvex.convex_effectiveDomain",
              "status": "compiled"
            },
            {
              "kind": "review",
              "name": "source-body",
              "status": "accepted"
            }
          ],
          "dispatch_count": 0
        }
      ]
    },
    "last_accepted_verifier": {
      "trial_index": 0,
      "time": "2026-10-05T14:53:17+00:00",
      "task": "ONLINE-MINORANT-MIGRATION-20261005",
      "role": "lower",
      "kind": "build",
      "status": "compiled",
      "lean": "BanditRLProof/OnlineConvexMinorant.lean",
      "notes": "Actual4retainedproducerbodies/bytefixednonclosedlowerdimloss canary6proofs1def/11namedaxioms/4nativeguards passed. No newproofcode; distinctbody/package review pending, not Jensen acceptance.",
      "run_id": "online-minorant-migration-20261005"
    },
    "memory_policy": {
      "recent_role_relevant_limit": 5,
      "explicit_verified_lemma_ids": [],
      "whole_history_default": false
    },
    "shadow_gate": {
      "status": "pending",
      "analyzed_trial_rows": 1,
      "mismatches": [],
      "replay_transitions": 0
    },
    "mutation_policy": {
      "canonical_path_queue": true,
      "cross_process_lock": true,
      "same_file_serialized": true,
      "disjoint_files_parallel": true
    },
    "autonomous_execution": {
      "enabled": false,
      "requires_deterministic_gates": true,
      "requires_explicit_user_request": true
    }
  },
  "mismatches": [],
  "would_mutate": false
}
