{
  "schema_version": 1,
  "entry_id": "entry-f36854f89fc61c23",
  "session_id": "ONLINE-MINORANT-MIGRATION-20261005",
  "sequence": 0,
  "parent_id": "",
  "event_type": "draft",
  "created_at": "2026-10-05T14:37:42+00:00",
  "payload": {
    "run_id": "online-minorant-migration-20261005",
    "frozen_headers": {
      "affine_support_of_finite_neighborhood": "c879b931b89bb081b196ac41251b34430fd3bdf994cfe44003e6cecc8011169d",
      "affine_support_of_domain_interior": "bdc95208c1d7fe9666eb78ffefccb0d4b8dc66e407c6c69091f04cedba0d800c",
      "affine_minorant_of_domain_interior": "afc7c8bcb0366acef77d3a11329059226a89fb77faf622231867537001895321",
      "convex_affine_minorant": "a7cd5eabf49d29d0ca1a1043fb05bef4eb682762ff24cfc9dead2bf72df01ada"
    },
    "retained_proofs": 4,
    "new_proofs": 0,
    "source_accepted": false,
    "parent_accepted": false,
    "chapter_complete": false,
    "goal_complete": false
  }
}
