Tests/OnlineConvexMinorantCanary.lean:15:66: warning: This simp argument is unused:
  ← EReal.coe_add

Hint: Omit it from the simp argument list.
  simp [loss, extendedIndicator, hp, upperAdd, ← EReal.coe_neg,̵ ̵←̵ ̵E̵R̵e̵a̵l̵.̵c̵o̵e̵_̵a̵d̵d̵]

Note: Simp arguments with `←` have the additional effect of removing the other direction from the simp set, even if the simp argument itself is unused. If the hint above does not work, try replacing `←` with `-` to only get that effect and silence this warning.

Note: This linter can be disabled with `set_option linter.unusedSimpArgs false`
Tests/OnlineConvexMinorantCanary.lean:41:37: warning: 'rfl' tactic does nothing

Note: This linter can be disabled with `set_option linter.unusedTactic false`
Tests/OnlineConvexMinorantCanary.lean:43:37: warning: 'rfl' tactic does nothing

Note: This linter can be disabled with `set_option linter.unusedTactic false`
Tests/OnlineConvexMinorantCanary.lean:41:37: warning: this tactic is never executed

Note: This linter can be disabled with `set_option linter.unreachableTactic false`
Tests/OnlineConvexMinorantCanary.lean:43:37: warning: this tactic is never executed

Note: This linter can be disabled with `set_option linter.unreachableTactic false`
Tests/OnlineConvexMinorantCanary.lean:42:33: warning: Used `tac1 <;> tac2` where `(tac1; tac2)` would suffice

Note: This linter can be disabled with `set_option linter.unnecessarySeqFocus false`
'BanditRL.OnlineConvex.affine_minorant_of_domain_interior' depends on axioms: [propext, Classical.choice, Quot.sound]
'BanditRL.OnlineConvex.convex_affine_minorant' depends on axioms: [propext, Classical.choice, Quot.sound]
'Tests.OnlineConvexMinorant.global_minorant' depends on axioms: [propext, Classical.choice, Quot.sound]
'Tests.OnlineConvexMinorant.nondegenerate_nonclosed' depends on axioms: [propext, Classical.choice, Quot.sound]
