{
  "time": "2026-10-05T14:53:17+00:00",
  "task": "ONLINE-MINORANT-MIGRATION-20261005",
  "role": "lower",
  "kind": "build",
  "status": "compiled",
  "notes": "Actual4retainedproducerbodies/bytefixednonclosedlowerdimloss canary6proofs1def/11namedaxioms/4nativeguards passed. No newproofcode; distinctbody/package review pending, not Jensen acceptance.",
  "lean": "BanditRLProof/OnlineConvexMinorant.lean",
  "source": "",
  "run_id": "online-minorant-migration-20261005",
  "changed_files": [],
  "statement_hash": "a7cd5eabf49d29d0ca1a1043fb05bef4eb682762ff24cfc9dead2bf72df01ada",
  "parent_id": "",
  "route_fingerprint": "",
  "verifier_evidence": [
    "runs\\online-minorant-migration-20261005\\public-body-v1-01.log"
  ],
  "harness": "",
  "experiment_id": "",
  "target_fingerprint": "",
  "route_packet_hash": "",
  "attempt_id": "MINORANT-RETAINED-BODIES-V1",
  "worker_id": "",
  "progress_class": "retrieval-reuse",
  "reviewer_validated": false,
  "obligations_before": 0,
  "obligations_after": 0,
  "new_declarations": [],
  "reused_declarations": [
    "BanditRL.OnlineConvex.convex_affine_minorant"
  ],
  "dag_nodes": 0,
  "dag_depth": 0,
  "elapsed_seconds": 0.0,
  "lean_check_seconds": 0.0,
  "prompt_chars": 0,
  "input_tokens": 0,
  "output_tokens": 0,
  "error_signature": ""
}
