{
  "schema_version": 1,
  "entry_id": "entry-7295b5fb12309fca",
  "session_id": "ONLINE-MINORANT-MIGRATION-20261005",
  "sequence": 1,
  "parent_id": "entry-f36854f89fc61c23",
  "event_type": "stabilized",
  "created_at": "2026-10-05T14:45:30+00:00",
  "payload": {
    "run_id": "online-minorant-migration-20261005",
    "frozen_headers": {
      "affine_support_of_finite_neighborhood": "c879b931b89bb081b196ac41251b34430fd3bdf994cfe44003e6cecc8011169d",
      "affine_support_of_domain_interior": "bdc95208c1d7fe9666eb78ffefccb0d4b8dc66e407c6c69091f04cedba0d800c",
      "affine_minorant_of_domain_interior": "afc7c8bcb0366acef77d3a11329059226a89fb77faf622231867537001895321",
      "convex_affine_minorant": "a7cd5eabf49d29d0ca1a1043fb05bef4eb682762ff24cfc9dead2bf72df01ada"
    },
    "source_contract_receipt": "runs\\online-minorant-migration-20261005\\source-contract-receipt-v1.json",
    "route": "single lower retained-body revalidation",
    "first_ready_leaf": "affine_support_of_finite_neighborhood",
    "terminal_dependency": "convex_affine_minorant: global continuous real affine bound without ambient-interior/closedness premise",
    "allowed_edits": "leading qualification comment/selected online-minorant reader subtree; all4headers/proof tokens/canary bytes fixed",
    "retained_proofs": 4,
    "retained_definitions": 0,
    "new_proofs": 0,
    "parent_accepted": false,
    "chapter_complete": false,
    "goal_complete": false
  }
}
