{
  "schema_version": 1,
  "record_id": "frontier-1de35d4f2466d52d",
  "updated_at": "2026-10-06T16:54:45+00:00",
  "root_objective": "Persistent Orabona Chapters1-16 Goal; only ambient-relative sourceexistence accepted, Chapter2/book incomplete",
  "current_leaf": {
    "id": "ONLINE-SUBGRADIENT-INTERIOR-MIGRATION-20261006",
    "kind": "lean",
    "status": "accepted",
    "statement": "theorem subgradient_exists_of_relative_domain_interior {F : Type*} [NormedAddCommGroup F] [InnerProductSpace ℝ F] [FiniteDimensional ℝ F] (f : F → EReal) (hf : SourceProper f) (hc : IsConvexExtended f) (x : F) (hx : x ∈ intrinsicInterior ℝ (effectiveDomain f)) : (SourceSubdifferential f x).Nonempty",
    "statement_hash": "4f004cf914499728c06df7aedcdc3f431caa2788c7f7a15daac742d54dd2e142",
    "declaration": "BanditRL.OnlineConvex.subgradient_exists_of_relative_domain_interior",
    "file": "BanditRLProof/OnlineSubgradientInterior.lean",
    "source_status": "source-reviewed",
    "dependencies": [
      {
        "kind": "lean",
        "name": "BanditRL.OnlineConvex.affine_support_of_relative_domain_interior",
        "status": "compiled"
      },
      {
        "kind": "lean",
        "name": "BanditRL.OnlineConvex.affine_support_of_domain_interior",
        "status": "compiled"
      },
      {
        "kind": "review",
        "name": "source-reader",
        "status": "accepted"
      }
    ]
  },
  "dag": {
    "nodes": [
      {
        "id": "ONLINE-SUBGRADIENT-INTERIOR-MIGRATION-20261006",
        "kind": "lean",
        "status": "accepted",
        "dependencies": [
          {
            "kind": "lean",
            "name": "BanditRL.OnlineConvex.affine_support_of_relative_domain_interior",
            "status": "compiled"
          },
          {
            "kind": "lean",
            "name": "BanditRL.OnlineConvex.affine_support_of_domain_interior",
            "status": "compiled"
          },
          {
            "kind": "review",
            "name": "source-reader",
            "status": "accepted"
          }
        ],
        "dispatch_count": 0
      }
    ]
  },
  "last_accepted_verifier": {
    "trial_index": 1,
    "time": "2026-10-06T16:54:44+00:00",
    "task": "ONLINE-SUBGRADIENT-INTERIOR-MIGRATION-20261006",
    "role": "reviewer",
    "kind": "review",
    "status": "accepted",
    "lean": "",
    "notes": "Same actualcompiled precise relativecontact/globalvector bundle accepted after distinct source/reader/combinedgates. Two new genuine mathematical proofs close required sourcefootnote, one retainedambientproducer; packageonly/notChapter2/wholeGoal/productivityexperiment.",
    "run_id": "online-subgradient-interior-migration-20261006"
  },
  "memory_policy": {
    "recent_role_relevant_limit": 5,
    "explicit_verified_lemma_ids": [],
    "whole_history_default": false
  },
  "shadow_gate": {
    "status": "pending",
    "analyzed_trial_rows": 2,
    "mismatches": [],
    "replay_transitions": 0
  },
  "mutation_policy": {
    "canonical_path_queue": true,
    "cross_process_lock": true,
    "same_file_serialized": true,
    "disjoint_files_parallel": true
  },
  "autonomous_execution": {
    "enabled": false,
    "requires_deterministic_gates": true,
    "requires_explicit_user_request": true
  }
}
