{
  "schema_version": 1,
  "entry_id": "entry-b2e8840de3ae8195",
  "session_id": "ONLINE-SUBGRADIENT-INTERIOR-MIGRATION-20261006",
  "sequence": 5,
  "parent_id": "entry-1234362fae1d524c",
  "event_type": "accepted",
  "created_at": "2026-10-06T16:54:45+00:00",
  "payload": {
    "run_id": "online-subgradient-interior-migration-20261006",
    "accepted_decision": "runs\\online-subgradient-interior-migration-20261006\\accepted-decision-v1.json",
    "retained_proofs": 1,
    "new_proofs": 2,
    "new_definitions": 0,
    "merged": false,
    "live": false,
    "source_package_accepted": true,
    "chapter_complete": false,
    "goal_complete": false
  }
}
