{
  "schema_version": 1,
  "mode": "shadow-read-only",
  "analyzed_at": "2026-10-06T16:34:40+00:00",
  "trials_path": "E:\\ABRL\\worktrees\\research-online-book\\runs\\online-subgradient-interior-migration-20261006\\candidate-scoped-trials-v1.jsonl",
  "trial_rows": 1,
  "status_counts": {
    "compiled": 1
  },
  "inferred_frontier": {
    "selected_task": "ONLINE-SUBGRADIENT-INTERIOR-MIGRATION-20261006",
    "selected_leaf": "ONLINE-SUBGRADIENT-INTERIOR-MIGRATION-20261006",
    "source_status": "compiled",
    "last_accepted_verifier": {
      "trial_index": 0,
      "time": "2026-10-06T16:28:00+00:00",
      "task": "ONLINE-SUBGRADIENT-INTERIOR-MIGRATION-20261006",
      "role": "lower",
      "kind": "build",
      "status": "compiled",
      "lean": "BanditRLProof\\OnlineSubgradientInterior.lean",
      "notes": "Actual prescribed-point relative affine contact followed by global Riesz subgradient producer. Two new mathematical proofs, one retained ambient producer. Eight named kernel checks/three native guards/four genuine old+new canaries/eight selected actual nodes, package gates pending; Chapter2/book incomplete.",
      "run_id": "online-subgradient-interior-migration-20261006"
    }
  },
  "memory_digest": {
    "path": "E:\\ABRL\\worktrees\\research-online-book\\runs\\online-subgradient-interior-migration-20261006\\memory-digest-candidate-v1.md",
    "task": ""
  },
  "recorded_frontier": {
    "schema_version": 1,
    "record_id": "frontier-7312888296c82dfb",
    "updated_at": "2026-10-06T16:34:40+00:00",
    "root_objective": "Persistent Orabona Chapters1-16 Goal; only ambient-relative existence package candidate, Chapter2/book incomplete",
    "current_leaf": {
      "id": "ONLINE-SUBGRADIENT-INTERIOR-MIGRATION-20261006",
      "kind": "lean",
      "status": "gate-pending",
      "statement": "theorem subgradient_exists_of_relative_domain_interior {F : Type*} [NormedAddCommGroup F] [InnerProductSpace ℝ F] [FiniteDimensional ℝ F] (f : F → EReal) (hf : SourceProper f) (hc : IsConvexExtended f) (x : F) (hx : x ∈ intrinsicInterior ℝ (effectiveDomain f)) : (SourceSubdifferential f x).Nonempty",
      "statement_hash": "4f004cf914499728c06df7aedcdc3f431caa2788c7f7a15daac742d54dd2e142",
      "declaration": "BanditRL.OnlineConvex.subgradient_exists_of_relative_domain_interior",
      "file": "BanditRLProof\\OnlineSubgradientInterior.lean",
      "source_status": "source-body-reviewed",
      "dependencies": [
        {
          "kind": "lean",
          "name": "BanditRL.OnlineConvex.affine_support_of_relative_domain_interior",
          "status": "compiled"
        },
        {
          "kind": "lean",
          "name": "BanditRL.OnlineConvex.affine_support_of_domain_interior",
          "status": "compiled"
        },
        {
          "kind": "review",
          "name": "source-body",
          "status": "accepted"
        }
      ]
    },
    "dag": {
      "nodes": [
        {
          "id": "ONLINE-SUBGRADIENT-INTERIOR-MIGRATION-20261006",
          "kind": "lean",
          "status": "gate-pending",
          "dependencies": [
            {
              "kind": "lean",
              "name": "BanditRL.OnlineConvex.affine_support_of_relative_domain_interior",
              "status": "compiled"
            },
            {
              "kind": "lean",
              "name": "BanditRL.OnlineConvex.affine_support_of_domain_interior",
              "status": "compiled"
            },
            {
              "kind": "review",
              "name": "source-body",
              "status": "accepted"
            }
          ],
          "dispatch_count": 0
        }
      ]
    },
    "last_accepted_verifier": {
      "trial_index": 0,
      "time": "2026-10-06T16:28:00+00:00",
      "task": "ONLINE-SUBGRADIENT-INTERIOR-MIGRATION-20261006",
      "role": "lower",
      "kind": "build",
      "status": "compiled",
      "lean": "BanditRLProof\\OnlineSubgradientInterior.lean",
      "notes": "Actual prescribed-point relative affine contact followed by global Riesz subgradient producer. Two new mathematical proofs, one retained ambient producer. Eight named kernel checks/three native guards/four genuine old+new canaries/eight selected actual nodes, package gates pending; Chapter2/book incomplete.",
      "run_id": "online-subgradient-interior-migration-20261006"
    },
    "memory_policy": {
      "recent_role_relevant_limit": 5,
      "explicit_verified_lemma_ids": [],
      "whole_history_default": false
    },
    "shadow_gate": {
      "status": "pending",
      "analyzed_trial_rows": 1,
      "mismatches": [],
      "replay_transitions": 0
    },
    "mutation_policy": {
      "canonical_path_queue": true,
      "cross_process_lock": true,
      "same_file_serialized": true,
      "disjoint_files_parallel": true
    },
    "autonomous_execution": {
      "enabled": false,
      "requires_deterministic_gates": true,
      "requires_explicit_user_request": true
    }
  },
  "mismatches": [],
  "would_mutate": false
}
