{
  "schema_version": 1,
  "entry_id": "entry-0ffde8273e30ff3d",
  "session_id": "ONLINE-SUBGRADIENT-INTERIOR-MIGRATION-20261006",
  "sequence": 0,
  "parent_id": "",
  "event_type": "draft",
  "created_at": "2026-10-05T20:00:25+00:00",
  "payload": {
    "run_id": "online-subgradient-interior-migration-20261006",
    "frozen_headers": {
      "subgradient_exists_of_domain_interior": "399c87900d53afdd4c25611e2858d8650e5adc77bcf30c3d8533bfcf30e61e79",
      "affine_support_of_relative_domain_interior": "07f8d7c4f1577b12305bb2a6961ea6c35aafb1eecf9ba0ab8faa36da2c07b219",
      "subgradient_exists_of_relative_domain_interior": "4f004cf914499728c06df7aedcdc3f431caa2788c7f7a15daac742d54dd2e142"
    },
    "retained_proofs": 1,
    "planned_new_proofs": 2,
    "new_proofs_compiled": 0,
    "first_ready_leaf": "affine_support_of_relative_domain_interior",
    "required_source_relative_footnote": true,
    "source_package_accepted": false,
    "chapter_complete": false,
    "goal_complete": false
  }
}
