{
  "time": "2026-10-06T16:28:00+00:00",
  "task": "ONLINE-SUBGRADIENT-INTERIOR-MIGRATION-20261006",
  "role": "lower",
  "kind": "build",
  "status": "compiled",
  "notes": "Actual prescribed-point relative affine contact followed by global Riesz subgradient producer. Two new mathematical proofs, one retained ambient producer. Eight named kernel checks/three native guards/four genuine old+new canaries/eight selected actual nodes, package gates pending; Chapter2/book incomplete.",
  "lean": "BanditRLProof\\OnlineSubgradientInterior.lean",
  "source": "",
  "run_id": "online-subgradient-interior-migration-20261006",
  "changed_files": [],
  "statement_hash": "4f004cf914499728c06df7aedcdc3f431caa2788c7f7a15daac742d54dd2e142",
  "parent_id": "",
  "route_fingerprint": "",
  "verifier_evidence": [
    "runs\\online-subgradient-interior-migration-20261006\\public-actual-bindings-v1.json"
  ],
  "harness": "",
  "experiment_id": "",
  "target_fingerprint": "",
  "route_packet_hash": "",
  "attempt_id": "SUBGRADIENT-INTERIOR-RELATIVE-PRODUCERS-V1",
  "worker_id": "",
  "progress_class": "compiled-leaf",
  "reviewer_validated": false,
  "obligations_before": 0,
  "obligations_after": 0,
  "new_declarations": [
    "BanditRL.OnlineConvex.affine_support_of_relative_domain_interior",
    "BanditRL.OnlineConvex.subgradient_exists_of_relative_domain_interior"
  ],
  "reused_declarations": [
    "BanditRL.OnlineConvex.subgradient_exists_of_domain_interior"
  ],
  "dag_nodes": 0,
  "dag_depth": 0,
  "elapsed_seconds": 0.0,
  "lean_check_seconds": 0.0,
  "prompt_chars": 0,
  "input_tokens": 0,
  "output_tokens": 0,
  "error_signature": ""
}
