SITE CHECK PASSED
- HTML pages: 756
- modules: 680
- declarations: 8979
- highlights: 151
- milestones: 83
- textbook crosswalks: 17
- source theorem restatements: 31
- BanditRLwiki settings/cases/papers: 7/13/19
- BanditRLwiki theorem surfaces: 27
- BanditRLwiki literature-open/formalization-open cases: 0/13
- BanditRLwiki named formalization leaves: 36
- BanditRLwiki active source-frozen ports: 2
- Live Formalization mappings: 151
- Mermaid blocks: 18
- Lean source links: 9860
- internal links and anchors: valid
- README relative links: valid
- MathJax loader and readable mathematical fallbacks: valid
- GitHub Pages workflow: complete
