⚠ [2501/2528] Replayed BanditRLProof.OnlineConvexBarycenter
warning: BanditRLProof/OnlineConvexBarycenter.lean:59:0: automatically included section variable(s) unused in theorem `BanditRL.OnlineConvex.integral_mem_convex_finiteDimensional`:
  [MeasurableSpace E]
  [BorelSpace E]
consider restructuring your `variable` declarations so that the variables are not in scope or explicitly omit them:
  omit [MeasurableSpace E] [BorelSpace E] in theorem ...

Note: This linter can be disabled with `set_option linter.unusedSectionVars false`
⚠ [3305/3322] Replayed BanditRLProof.OnlineConvexExtended
warning: BanditRLProof/OnlineConvexExtended.lean:46:0: automatically included section variable(s) unused in theorem `BanditRL.OnlineConvex.effectiveDomain_indicator`:
  [AddCommGroup E]
  [Module ℝ E]
consider restructuring your `variable` declarations so that the variables are not in scope or explicitly omit them:
  omit [AddCommGroup E] [Module ℝ E] in theorem ...

Note: This linter can be disabled with `set_option linter.unusedSectionVars false`
warning: BanditRLProof/OnlineConvexExtended.lean:66:0: automatically included section variable(s) unused in theorem `BanditRL.OnlineConvex.realEpigraph_toReal`:
  [AddCommGroup E]
  [Module ℝ E]
consider restructuring your `variable` declarations so that the variables are not in scope or explicitly omit them:
  omit [AddCommGroup E] [Module ℝ E] in theorem ...

Note: This linter can be disabled with `set_option linter.unusedSectionVars false`
⚠ [3307/3322] Replayed BanditRLProof.OnlineClosedProper
warning: BanditRLProof/OnlineClosedProper.lean:59:0: automatically included section variable(s) unused in theorem `BanditRL.OnlineConvex.sourceProper_indicator_iff`:
  [TopologicalSpace E]
consider restructuring your `variable` declarations so that the variables are not in scope or explicitly omit them:
  omit [TopologicalSpace E] in theorem ...

Note: This linter can be disabled with `set_option linter.unusedSectionVars false`
⚠ [3314/3322] Replayed BanditRLProof.OnlineConvexFirstOrder
warning: BanditRLProof/OnlineConvexFirstOrder.lean:11:0: automatically included section variable(s) unused in theorem `BanditRL.OnlineConvex.finitePart_eventually`:
  [InnerProductSpace ℝ E]
  [CompleteSpace E]
consider restructuring your `variable` declarations so that the variables are not in scope or explicitly omit them:
  omit [InnerProductSpace ℝ E] [CompleteSpace E] in theorem ...

Note: This linter can be disabled with `set_option linter.unusedSectionVars false`
⚠ [3316/3322] Replayed BanditRLProof.OnlineNormalCone
warning: BanditRLProof/OnlineNormalCone.lean:26:36: unused variable `hVc`

Note: This linter can be disabled with `set_option linter.unusedVariables false`
warning: BanditRLProof/OnlineNormalCone.lean:48:17: unused variable `hVn`

Note: This linter can be disabled with `set_option linter.unusedVariables false`
warning: BanditRLProof/OnlineNormalCone.lean:48:36: unused variable `hVc`

Note: This linter can be disabled with `set_option linter.unusedVariables false`
⚠ [3318/3322] Replayed BanditRLProof.OnlineSubgradientDifferentiability
warning: BanditRLProof/OnlineSubgradientDifferentiability.lean:17:0: automatically included section variable(s) unused in theorem `BanditRL.OnlineConvex.subgradient_norm_le_lipschitz_ball`:
  [FiniteDimensional ℝ E]
consider restructuring your `variable` declarations so that the variables are not in scope or explicitly omit them:
  omit [FiniteDimensional ℝ E] in theorem ...

Note: This linter can be disabled with `set_option linter.unusedSectionVars false`
warning: BanditRLProof/OnlineSubgradientDifferentiability.lean:247:0: automatically included section variable(s) unused in theorem `BanditRL.OnlineConvex.sourceDifferentiableAt_regular`:
  [FiniteDimensional ℝ E]
consider restructuring your `variable` declarations so that the variables are not in scope or explicitly omit them:
  omit [FiniteDimensional ℝ E] in theorem ...

Note: This linter can be disabled with `set_option linter.unusedSectionVars false`
warning: BanditRLProof/OnlineSubgradientDifferentiability.lean:294:13: unused variable `hx`

Note: This linter can be disabled with `set_option linter.unusedVariables false`
⚠ [3319/3322] Replayed BanditRLProof.OnlineSubgradientMax
warning: BanditRLProof/OnlineSubgradientMax.lean:47:0: automatically included section variable(s) unused in theorem `BanditRL.OnlineConvex.finiteMax_attained`:
  [NormedAddCommGroup E]
  [InnerProductSpace ℝ E]
consider restructuring your `variable` declarations so that the variables are not in scope or explicitly omit them:
  omit [NormedAddCommGroup E] [InnerProductSpace ℝ E] in theorem ...

Note: This linter can be disabled with `set_option linter.unusedSectionVars false`
warning: BanditRLProof/OnlineSubgradientMax.lean:95:0: automatically included section variable(s) unused in theorem `BanditRL.OnlineConvex.continuousAt_mem_domain_interior`:
  [InnerProductSpace ℝ E]
consider restructuring your `variable` declarations so that the variables are not in scope or explicitly omit them:
  omit [InnerProductSpace ℝ E] in theorem ...

Note: This linter can be disabled with `set_option linter.unusedSectionVars false`
warning: BanditRLProof/OnlineSubgradientMax.lean:228:0: automatically included section variable(s) unused in theorem `BanditRL.OnlineConvex.continuousAt_finite_toReal`:
  [InnerProductSpace ℝ E]
consider restructuring your `variable` declarations so that the variables are not in scope or explicitly omit them:
  omit [InnerProductSpace ℝ E] in theorem ...

Note: This linter can be disabled with `set_option linter.unusedSectionVars false`
⚠ [3320/3322] Replayed BanditRLProof.OnlineHinge
warning: BanditRLProof/OnlineHinge.lean:79:6: try 'simp' instead of 'simpa'

Note: This linter can be disabled with `set_option linter.unnecessarySimpa false`
✔ [3321/3322] Built BanditRLProof.OnlineLipschitzSubgradient (8.4s)
✖ [3322/3322] Building Tests.OnlineLipschitzSubgradientCanary (8.5s)
trace: .> LEAN_PATH=E:\ABRL\research\.lake\packages\Cli\.lake\build\lib\lean;E:\ABRL\research\.lake\packages\batteries\.lake\build\lib\lean;E:\ABRL\research\.lake\packages\Qq\.lake\build\lib\lean;E:\ABRL\research\.lake\packages\aesop\.lake\build\lib\lean;E:\ABRL\research\.lake\packages\proofwidgets\.lake\build\lib\lean;E:\ABRL\research\.lake\packages\importGraph\.lake\build\lib\lean;E:\ABRL\research\.lake\packages\LeanSearchClient\.lake\build\lib\lean;E:\ABRL\research\.lake\packages\plausible\.lake\build\lib\lean;E:\ABRL\research\.lake\packages\mathlib\.lake\build\lib\lean;E:\ABRL\worktrees\research-online-book\.lake\build\lib\lean c:\Users\admin\.elan\toolchains\leanprover--lean4---v4.29.1\bin\lean.exe E:\ABRL\worktrees\research-online-book\Tests\OnlineLipschitzSubgradientCanary.lean -o E:\ABRL\worktrees\research-online-book\.lake\build\lib\lean\Tests\OnlineLipschitzSubgradientCanary.olean -i E:\ABRL\worktrees\research-online-book\.lake\build\lib\lean\Tests\OnlineLipschitzSubgradientCanary.ilean -c E:\ABRL\worktrees\research-online-book\.lake\build\ir\Tests\OnlineLipschitzSubgradientCanary.c --setup E:\ABRL\worktrees\research-online-book\.lake\build\ir\Tests\OnlineLipschitzSubgradientCanary.setup.json --json
warning: Tests/OnlineLipschitzSubgradientCanary.lean:107:51: This simp argument is unused:
  interior_Ici

Hint: Omit it from the simp argument list.
  simp [halflineLoss, effectiveDomain_indicator,̵ ̵i̵n̵t̵e̵r̵i̵o̵r̵_̵I̵c̵i̵]

Note: This linter can be disabled with `set_option linter.unusedSimpArgs false`
error: Tests/OnlineLipschitzSubgradientCanary.lean:164:4: Function expected at
  SourceProper
but this term has type
  ?m.1

Note: Expected a function because this term is being applied to the argument
  zeroLoss

Hint: The identifier `SourceProper` is unknown, and Lean's `autoImplicit` option causes an unknown identifier to be treated as an implicitly bound variable with an unknown type. However, the unknown type cannot be a function, and a function is what Lean expects here. This is often the result of a typo or a missing `import` or `open` statement.
error: Tests/OnlineLipschitzSubgradientCanary.lean:164:28: Function expected at
  IsConvexExtended
but this term has type
  ?m.2

Note: Expected a function because this term is being applied to the argument
  zeroLoss

Hint: The identifier `IsConvexExtended` is unknown, and Lean's `autoImplicit` option causes an unknown identifier to be treated as an implicitly bound variable with an unknown type. However, the unknown type cannot be a function, and a function is what Lean expects here. This is often the result of a typo or a missing `import` or `open` statement.
error: Tests/OnlineLipschitzSubgradientCanary.lean:166:22: Function expected at
  SourceSubdifferential
but this term has type
  ?m.3

Note: Expected a function because this term is being applied to the argument
  zeroLoss

Hint: The identifier `SourceSubdifferential` is unknown, and Lean's `autoImplicit` option causes an unknown identifier to be treated as an implicitly bound variable with an unknown type. However, the unknown type cannot be a function, and a function is what Lean expects here. This is often the result of a typo or a missing `import` or `open` statement.
error: Tests/OnlineLipschitzSubgradientCanary.lean:167:12: Function expected at
  SourceProper
but this term has type
  x✝²

Note: Expected a function because this term is being applied to the argument
  zeroLoss
error: Tests/OnlineLipschitzSubgradientCanary.lean:169:12: Function expected at
  IsConvexExtended
but this term has type
  x✝¹

Note: Expected a function because this term is being applied to the argument
  zeroLoss
error: Tests/OnlineLipschitzSubgradientCanary.lean:170:27: Unknown identifier `affine_convex`
error: Tests/OnlineLipschitzSubgradientCanary.lean:176:24: Function expected at
  SourceSubdifferential
but this term has type
  x✝

Note: Expected a function because this term is being applied to the argument
  zeroLoss
error: Lean exited with code 1
Some required targets logged failures:
- Tests.OnlineLipschitzSubgradientCanary
error: build failed
