runs/online-lipschitz-20261004/full-harness.log:687: trailing whitespace.
+  
runs/online-lipschitz-20261004/full-harness.log:689: trailing whitespace.
+    
runs/online-lipschitz-20261004/full-harness.log:838: trailing whitespace.
+  
runs/online-lipschitz-20261004/full-harness.log:840: trailing whitespace.
+    
runs/online-lipschitz-20261004/full-harness.log:1099: trailing whitespace.
+  
runs/online-lipschitz-20261004/full-harness.log:1101: trailing whitespace.
+    
runs/online-lipschitz-20261004/full-harness.log:1141: trailing whitespace.
+  
runs/online-lipschitz-20261004/full-harness.log:1143: trailing whitespace.
+    
runs/online-lipschitz-20261004/full-harness.log:1692: trailing whitespace.
+  
runs/online-lipschitz-20261004/full-harness.log:1694: trailing whitespace.
+    
runs/online-lipschitz-20261004/full-harness.log:1699: trailing whitespace.
+  
runs/online-lipschitz-20261004/full-harness.log:1701: trailing whitespace.
+    
runs/online-lipschitz-20261004/full-harness.log:1749: trailing whitespace.
+  
runs/online-lipschitz-20261004/full-harness.log:1751: trailing whitespace.
+    
runs/online-lipschitz-20261004/full-harness.log:1800: trailing whitespace.
+  
runs/online-lipschitz-20261004/full-harness.log:1802: trailing whitespace.
+    
runs/online-lipschitz-20261004/full-harness.log:3530: trailing whitespace.
+  
runs/online-lipschitz-20261004/full-harness.log:3532: trailing whitespace.
+    
runs/online-lipschitz-20261004/full-harness.log:3537: trailing whitespace.
+  
runs/online-lipschitz-20261004/full-harness.log:3539: trailing whitespace.
+    
runs/online-lipschitz-20261004/full-harness.log:3700: trailing whitespace.
+  
runs/online-lipschitz-20261004/full-harness.log:3702: trailing whitespace.
+    
runs/online-lipschitz-20261004/full-harness.log:3851: trailing whitespace.
+  
runs/online-lipschitz-20261004/full-harness.log:3853: trailing whitespace.
+    
runs/online-lipschitz-20261004/full-harness.log:4022: trailing whitespace.
+  
runs/online-lipschitz-20261004/full-harness.log:4024: trailing whitespace.
+    
runs/online-lipschitz-20261004/full-harness.log:4064: trailing whitespace.
+  
runs/online-lipschitz-20261004/full-harness.log:4066: trailing whitespace.
+    
runs/online-lipschitz-20261004/full-harness.log:4559: trailing whitespace.
+  
runs/online-lipschitz-20261004/full-harness.log:4561: trailing whitespace.
+    
runs/online-lipschitz-20261004/full-harness.log:4610: trailing whitespace.
+  
runs/online-lipschitz-20261004/full-harness.log:4612: trailing whitespace.
+    
runs/online-lipschitz-20261004/full-harness.log:8908: trailing whitespace.
+  
runs/online-lipschitz-20261004/full-harness.log:8910: trailing whitespace.
+    
runs/online-lipschitz-20261004/root-build.log:570: trailing whitespace.
+  
runs/online-lipschitz-20261004/root-build.log:572: trailing whitespace.
+    
runs/online-lipschitz-20261004/root-build.log:721: trailing whitespace.
+  
runs/online-lipschitz-20261004/root-build.log:723: trailing whitespace.
+    
runs/online-lipschitz-20261004/root-build.log:1098: trailing whitespace.
+  
runs/online-lipschitz-20261004/root-build.log:1100: trailing whitespace.
+    
runs/online-lipschitz-20261004/root-build.log:1140: trailing whitespace.
+  
runs/online-lipschitz-20261004/root-build.log:1142: trailing whitespace.
+    
runs/online-lipschitz-20261004/root-build.log:1676: trailing whitespace.
+  
runs/online-lipschitz-20261004/root-build.log:1678: trailing whitespace.
+    
runs/online-lipschitz-20261004/root-build.log:1683: trailing whitespace.
+  
runs/online-lipschitz-20261004/root-build.log:1685: trailing whitespace.
+    
runs/online-lipschitz-20261004/root-build.log:1748: trailing whitespace.
+  
runs/online-lipschitz-20261004/root-build.log:1750: trailing whitespace.
+    
runs/online-lipschitz-20261004/root-build.log:1799: trailing whitespace.
+  
runs/online-lipschitz-20261004/root-build.log:1801: trailing whitespace.
+    
runs/online-lipschitz-20261004/tests-build.log:1310: trailing whitespace.
+  
runs/online-lipschitz-20261004/tests-build.log:1312: trailing whitespace.
+    
runs/online-lipschitz-20261004/tests-build.log:1458: trailing whitespace.
+  
runs/online-lipschitz-20261004/tests-build.log:1460: trailing whitespace.
+    
runs/online-lipschitz-20261004/tests-build.log:1609: trailing whitespace.
+  
runs/online-lipschitz-20261004/tests-build.log:1611: trailing whitespace.
+    
runs/online-lipschitz-20261004/tests-build.log:1686: trailing whitespace.
+  
runs/online-lipschitz-20261004/tests-build.log:1688: trailing whitespace.
+    
runs/online-lipschitz-20261004/tests-build.log:1802: trailing whitespace.
+  
runs/online-lipschitz-20261004/tests-build.log:1804: trailing whitespace.
+    
runs/online-lipschitz-20261004/tests-build.log:1844: trailing whitespace.
+  
runs/online-lipschitz-20261004/tests-build.log:1846: trailing whitespace.
+    
runs/online-lipschitz-20261004/tests-build.log:2339: trailing whitespace.
+  
runs/online-lipschitz-20261004/tests-build.log:2341: trailing whitespace.
+    
runs/online-lipschitz-20261004/tests-build.log:2390: trailing whitespace.
+  
runs/online-lipschitz-20261004/tests-build.log:2392: trailing whitespace.
+    
runs/online-lipschitz-20261004/tests-build.log:6688: trailing whitespace.
+  
runs/online-lipschitz-20261004/tests-build.log:6690: trailing whitespace.
+    
