'BanditRL.OnlineConvex.SourceLipschitzOn' depends on axioms: [propext, Classical.choice, Quot.sound]
'BanditRL.OnlineConvex.theorem_2_30' depends on axioms: [propext, Classical.choice, Quot.sound]
'LipschitzProbe.absLoss' depends on axioms: [propext, Classical.choice, Quot.sound]
'LipschitzProbe.abs_proper' depends on axioms: [propext, Classical.choice, Quot.sound]
'LipschitzProbe.abs_domain' depends on axioms: [propext, Classical.choice, Quot.sound]
'LipschitzProbe.abs_convex' depends on axioms: [propext, Classical.choice, Quot.sound]
'LipschitzProbe.abs_lipschitz' depends on axioms: [propext, Classical.choice, Quot.sound]
'LipschitzProbe.abs_all_supports_and_nonzero' depends on axioms: [propext, Classical.choice, Quot.sound]
'LipschitzProbe.linearLoss' depends on axioms: [propext, Classical.choice, Quot.sound]
'LipschitzProbe.linear_proper' depends on axioms: [propext, Classical.choice, Quot.sound]
'LipschitzProbe.linear_convex' depends on axioms: [propext, Classical.choice, Quot.sound]
'LipschitzProbe.linear_three_reverse' depends on axioms: [propext, Classical.choice, Quot.sound]
'LipschitzProbe.zeroLoss' depends on axioms: [propext, Classical.choice, Quot.sound]
'LipschitzProbe.zero_proper' depends on axioms: [propext, Classical.choice, Quot.sound]
'LipschitzProbe.zero_convex' depends on axioms: [propext, Classical.choice, Quot.sound]
'LipschitzProbe.zero_constant' depends on axioms: [propext, Classical.choice, Quot.sound]
'LipschitzProbe.singleton_empty_interior_and_boundary' depends on axioms: [propext, Classical.choice, Quot.sound]
'LipschitzProbe.halflineLoss' depends on axioms: [propext, Classical.choice, Quot.sound]
'LipschitzProbe.halfline_proper' depends on axioms: [propext, Classical.choice, Quot.sound]
'LipschitzProbe.halfline_convex' depends on axioms: [propext, Classical.choice, Quot.sound]
'LipschitzProbe.halfline_lipschitz' depends on axioms: [propext, Classical.choice, Quot.sound]
'LipschitzProbe.halfline_interior_not_whole_domain' depends on axioms: [propext, Classical.choice, Quot.sound]
'LipschitzProbe.Z' depends on axioms: [propext, Classical.choice, Quot.sound]
'LipschitzProbe.nineLoss' depends on axioms: [propext, Classical.choice, Quot.sound]
'LipschitzProbe.zero_dimension' depends on axioms: [propext, Classical.choice, Quot.sound]
'LipschitzSourceAudit.Z' depends on axioms: [propext, Classical.choice, Quot.sound]
'LipschitzSourceAudit.zeroLoss' depends on axioms: [propext, Classical.choice, Quot.sound]
'LipschitzSourceAudit.negative_constant_zero_dimension' depends on axioms: [propext, Classical.choice, Quot.sound]
