SITE CHECK PASSED
- HTML pages: 931
- modules: 832
- declarations: 10657
- highlights: 209
- milestones: 97
- textbook crosswalks: 34
- source theorem restatements: 56
- BanditRLwiki settings/cases/papers: 7/13/19
- BanditRLwiki theorem surfaces: 27
- BanditRLwiki literature-open/formalization-open cases: 0/13
- BanditRLwiki named formalization leaves: 36
- BanditRLwiki active source-frozen ports: 2
- Live Formalization mappings: 209
- Mermaid blocks: 19
- Lean source links: 11748
- internal links and anchors: valid
- README relative links: valid
- MathJax loader and readable mathematical fallbacks: valid
- GitHub Pages workflow: complete
