{
  "id": "mem-4839579096a18261",
  "created_at": "2026-10-08T14:08:21+00:00",
  "type": "verified_lemma",
  "task": "ONLINE-AE-CAUSAL-20261008",
  "provenance": {
    "kind": "source-reviewed-compiled-AE-causal-producer",
    "reference": "E:\\ABRL\\worktrees\\research-online-book\\runs\\online-ae-causal-20261008\\accepted-decision-v2.json"
  },
  "assumptions": [],
  "declaration": "",
  "file": "",
  "status": "accepted",
  "verifier_evidence": [
    "E:\\ABRL\\worktrees\\research-online-book\\runs\\online-ae-causal-20261008\\final-reader-receipt-v2.json"
  ],
  "supersession": {
    "supersedes": [],
    "reason": ""
  },
  "roles": [
    "reviewer"
  ],
  "details": {
    "scope": "Three derived AE causal proofs only: one bounded all-time history version, actual original current-target independence, exact original IID expected-fixed excess and nonnegativity for every natural horizon.",
    "remaining_required": "Original16 Chapter1 source objects/null proof total, ambient completed-information bridge, general causal stochastic-kernel realization, remaining Chapter1/2, unenumerated Chapters3-16 and necessary appendices remain REQUIRED; whole Goal ACTIVE, main/live unchanged.",
    "derived_obligations_before": 3,
    "derived_obligations_after": 0,
    "accepted_production_proofs": 3,
    "whole_source_items_closed": 0,
    "chapter_complete": false,
    "goal_complete": false,
    "merged": false,
    "live": false
  }
}
