runs/online-ae-causal-20261008/candidate-full-diff-v1.log:2: trailing whitespace.
++  
runs/online-ae-causal-20261008/candidate-full-diff-v1.log:4: trailing whitespace.
++    
runs/online-ae-causal-20261008/candidate-full-diff-v1.log:6: trailing whitespace.
++  
runs/online-ae-causal-20261008/candidate-full-diff-v1.log:8: trailing whitespace.
++    
runs/online-ae-causal-20261008/candidate-full-diff-v1.log:10: trailing whitespace.
++  
runs/online-ae-causal-20261008/candidate-full-diff-v1.log:12: trailing whitespace.
++    
runs/online-ae-causal-20261008/candidate-full-diff-v1.log:14: trailing whitespace.
++  
runs/online-ae-causal-20261008/candidate-full-diff-v1.log:16: trailing whitespace.
++    
runs/online-ae-causal-20261008/candidate-full-diff-v1.log:18: trailing whitespace.
++  
runs/online-ae-causal-20261008/candidate-full-diff-v1.log:20: trailing whitespace.
++    
runs/online-ae-causal-20261008/candidate-full-diff-v1.log:22: trailing whitespace.
++  
runs/online-ae-causal-20261008/candidate-full-diff-v1.log:24: trailing whitespace.
++    
runs/online-ae-causal-20261008/candidate-full-diff-v1.log:26: trailing whitespace.
++  
runs/online-ae-causal-20261008/candidate-full-diff-v1.log:28: trailing whitespace.
++    
runs/online-ae-causal-20261008/candidate-full-diff-v1.log:30: trailing whitespace.
++  
runs/online-ae-causal-20261008/candidate-full-diff-v1.log:32: trailing whitespace.
++    
runs/online-ae-causal-20261008/candidate-full-diff-v1.log:34: trailing whitespace.
++  
runs/online-ae-causal-20261008/candidate-full-diff-v1.log:36: trailing whitespace.
++    
runs/online-ae-causal-20261008/candidate-full-diff-v1.log:38: trailing whitespace.
++  
runs/online-ae-causal-20261008/candidate-full-diff-v1.log:40: trailing whitespace.
++    
runs/online-ae-causal-20261008/candidate-full-diff-v1.log:42: trailing whitespace.
++  
runs/online-ae-causal-20261008/candidate-full-diff-v1.log:44: trailing whitespace.
++    
runs/online-ae-causal-20261008/candidate-full-diff-v1.log:46: trailing whitespace.
++  
runs/online-ae-causal-20261008/candidate-full-diff-v1.log:48: trailing whitespace.
++    
runs/online-ae-causal-20261008/candidate-full-diff-v1.log:50: trailing whitespace.
++  
runs/online-ae-causal-20261008/candidate-full-diff-v1.log:52: trailing whitespace.
++    
runs/online-ae-causal-20261008/candidate-full-diff-v1.log:54: trailing whitespace.
++  
runs/online-ae-causal-20261008/candidate-full-diff-v1.log:56: trailing whitespace.
++    
runs/online-ae-causal-20261008/candidate-full-diff-v1.log:58: trailing whitespace.
++  
runs/online-ae-causal-20261008/candidate-full-diff-v1.log:60: trailing whitespace.
++    
runs/online-ae-causal-20261008/candidate-full-diff-v1.log:62: trailing whitespace.
++  
runs/online-ae-causal-20261008/candidate-full-diff-v1.log:64: trailing whitespace.
++    
runs/online-ae-causal-20261008/candidate-full-diff-v1.log:66: trailing whitespace.
++  
runs/online-ae-causal-20261008/candidate-full-diff-v1.log:68: trailing whitespace.
++    
runs/online-ae-causal-20261008/candidate-full-diff-v1.log:70: trailing whitespace.
++  
runs/online-ae-causal-20261008/candidate-full-diff-v1.log:72: trailing whitespace.
++    
runs/online-ae-causal-20261008/candidate-full-diff-v1.log:74: trailing whitespace.
++  
runs/online-ae-causal-20261008/candidate-full-diff-v1.log:76: trailing whitespace.
++    
runs/online-ae-causal-20261008/candidate-full-diff-v1.log:78: trailing whitespace.
++  
runs/online-ae-causal-20261008/candidate-full-diff-v1.log:80: trailing whitespace.
++    
runs/online-ae-causal-20261008/candidate-full-diff-v1.log:82: trailing whitespace.
++  
runs/online-ae-causal-20261008/candidate-full-diff-v1.log:84: trailing whitespace.
++    
runs/online-ae-causal-20261008/candidate-full-diff-v1.log:86: trailing whitespace.
++  
runs/online-ae-causal-20261008/candidate-full-diff-v1.log:88: trailing whitespace.
++    
runs/online-ae-causal-20261008/candidate-full-diff-v1.log:90: trailing whitespace.
++  
runs/online-ae-causal-20261008/candidate-full-diff-v1.log:92: trailing whitespace.
++    
runs/online-ae-causal-20261008/candidate-full-diff-v1.log:94: trailing whitespace.
++  
runs/online-ae-causal-20261008/candidate-full-diff-v1.log:96: trailing whitespace.
++    
runs/online-ae-causal-20261008/candidate-full-diff-v1.log:98: trailing whitespace.
++  
runs/online-ae-causal-20261008/candidate-full-diff-v1.log:100: trailing whitespace.
++    
runs/online-ae-causal-20261008/candidate-full-diff-v1.log:102: trailing whitespace.
++  
runs/online-ae-causal-20261008/candidate-full-diff-v1.log:104: trailing whitespace.
++    
runs/online-ae-causal-20261008/candidate-full-diff-v1.log:106: trailing whitespace.
++  
runs/online-ae-causal-20261008/candidate-full-diff-v1.log:108: trailing whitespace.
++    
runs/online-ae-causal-20261008/candidate-full-diff-v1.log:110: trailing whitespace.
++  
runs/online-ae-causal-20261008/candidate-full-diff-v1.log:112: trailing whitespace.
++    
runs/online-ae-causal-20261008/candidate-full-diff-v1.log:114: trailing whitespace.
++  
runs/online-ae-causal-20261008/candidate-full-diff-v1.log:116: trailing whitespace.
++    
runs/online-ae-causal-20261008/candidate-full-diff-v1.log:118: trailing whitespace.
++  
runs/online-ae-causal-20261008/candidate-full-diff-v1.log:120: trailing whitespace.
++    
runs/online-ae-causal-20261008/candidate-full-diff-v1.log:122: trailing whitespace.
++  
runs/online-ae-causal-20261008/candidate-full-diff-v1.log:124: trailing whitespace.
++    
runs/online-ae-causal-20261008/candidate-full-diff-v1.log:126: trailing whitespace.
++  
runs/online-ae-causal-20261008/candidate-full-diff-v1.log:128: trailing whitespace.
++    
runs/online-ae-causal-20261008/candidate-full-diff-v1.log:130: trailing whitespace.
++  
runs/online-ae-causal-20261008/candidate-full-diff-v1.log:132: trailing whitespace.
++    
runs/online-ae-causal-20261008/candidate-full-diff-v1.log:134: trailing whitespace.
++  
runs/online-ae-causal-20261008/candidate-full-diff-v1.log:136: trailing whitespace.
++    
runs/online-ae-causal-20261008/combined-Tests-build-v1.log:1310: trailing whitespace.
+  
runs/online-ae-causal-20261008/combined-Tests-build-v1.log:1312: trailing whitespace.
+    
runs/online-ae-causal-20261008/combined-Tests-build-v1.log:1317: trailing whitespace.
+  
runs/online-ae-causal-20261008/combined-Tests-build-v1.log:1319: trailing whitespace.
+    
runs/online-ae-causal-20261008/combined-Tests-build-v1.log:1480: trailing whitespace.
+  
runs/online-ae-causal-20261008/combined-Tests-build-v1.log:1482: trailing whitespace.
+    
runs/online-ae-causal-20261008/combined-Tests-build-v1.log:1631: trailing whitespace.
+  
runs/online-ae-causal-20261008/combined-Tests-build-v1.log:1633: trailing whitespace.
+    
runs/online-ae-causal-20261008/combined-Tests-build-v1.log:1802: trailing whitespace.
+  
runs/online-ae-causal-20261008/combined-Tests-build-v1.log:1804: trailing whitespace.
+    
runs/online-ae-causal-20261008/combined-Tests-build-v1.log:1844: trailing whitespace.
+  
runs/online-ae-causal-20261008/combined-Tests-build-v1.log:1846: trailing whitespace.
+    
runs/online-ae-causal-20261008/combined-Tests-build-v1.log:2339: trailing whitespace.
+  
runs/online-ae-causal-20261008/combined-Tests-build-v1.log:2341: trailing whitespace.
+    
runs/online-ae-causal-20261008/combined-Tests-build-v1.log:2390: trailing whitespace.
+  
runs/online-ae-causal-20261008/combined-Tests-build-v1.log:2392: trailing whitespace.
+    
runs/online-ae-causal-20261008/combined-Tests-build-v1.log:6820: trailing whitespace.
+  
runs/online-ae-causal-20261008/combined-Tests-build-v1.log:6822: trailing whitespace.
+    
runs/online-ae-causal-20261008/combined-full-harness-v1.log:687: trailing whitespace.
+  
runs/online-ae-causal-20261008/combined-full-harness-v1.log:689: trailing whitespace.
+    
runs/online-ae-causal-20261008/combined-full-harness-v1.log:838: trailing whitespace.
+  
runs/online-ae-causal-20261008/combined-full-harness-v1.log:840: trailing whitespace.
+    
runs/online-ae-causal-20261008/combined-full-harness-v1.log:1099: trailing whitespace.
+  
runs/online-ae-causal-20261008/combined-full-harness-v1.log:1101: trailing whitespace.
+    
runs/online-ae-causal-20261008/combined-full-harness-v1.log:1141: trailing whitespace.
+  
runs/online-ae-causal-20261008/combined-full-harness-v1.log:1143: trailing whitespace.
+    
runs/online-ae-causal-20261008/combined-full-harness-v1.log:1692: trailing whitespace.
+  
runs/online-ae-causal-20261008/combined-full-harness-v1.log:1694: trailing whitespace.
+    
runs/online-ae-causal-20261008/combined-full-harness-v1.log:1699: trailing whitespace.
+  
runs/online-ae-causal-20261008/combined-full-harness-v1.log:1701: trailing whitespace.
+    
runs/online-ae-causal-20261008/combined-full-harness-v1.log:1749: trailing whitespace.
+  
runs/online-ae-causal-20261008/combined-full-harness-v1.log:1751: trailing whitespace.
+    
runs/online-ae-causal-20261008/combined-full-harness-v1.log:1780: trailing whitespace.
+  
runs/online-ae-causal-20261008/combined-full-harness-v1.log:1782: trailing whitespace.
+    
runs/online-ae-causal-20261008/combined-full-harness-v1.log:3662: trailing whitespace.
+  
runs/online-ae-causal-20261008/combined-full-harness-v1.log:3664: trailing whitespace.
+    
runs/online-ae-causal-20261008/combined-full-harness-v1.log:3669: trailing whitespace.
+  
runs/online-ae-causal-20261008/combined-full-harness-v1.log:3671: trailing whitespace.
+    
runs/online-ae-causal-20261008/combined-full-harness-v1.log:3832: trailing whitespace.
+  
runs/online-ae-causal-20261008/combined-full-harness-v1.log:3834: trailing whitespace.
+    
runs/online-ae-causal-20261008/combined-full-harness-v1.log:3983: trailing whitespace.
+  
runs/online-ae-causal-20261008/combined-full-harness-v1.log:3985: trailing whitespace.
+    
runs/online-ae-causal-20261008/combined-full-harness-v1.log:4154: trailing whitespace.
+  
runs/online-ae-causal-20261008/combined-full-harness-v1.log:4156: trailing whitespace.
+    
runs/online-ae-causal-20261008/combined-full-harness-v1.log:4196: trailing whitespace.
+  
runs/online-ae-causal-20261008/combined-full-harness-v1.log:4198: trailing whitespace.
+    
runs/online-ae-causal-20261008/combined-full-harness-v1.log:4691: trailing whitespace.
+  
runs/online-ae-causal-20261008/combined-full-harness-v1.log:4693: trailing whitespace.
+    
runs/online-ae-causal-20261008/combined-full-harness-v1.log:4742: trailing whitespace.
+  
runs/online-ae-causal-20261008/combined-full-harness-v1.log:4744: trailing whitespace.
+    
runs/online-ae-causal-20261008/combined-full-harness-v1.log:9172: trailing whitespace.
+  
runs/online-ae-causal-20261008/combined-full-harness-v1.log:9174: trailing whitespace.
+    
runs/online-ae-causal-20261008/combined-root-build-v1.log:512: trailing whitespace.
+  
runs/online-ae-causal-20261008/combined-root-build-v1.log:514: trailing whitespace.
+    
runs/online-ae-causal-20261008/combined-root-build-v1.log:847: trailing whitespace.
+  
runs/online-ae-causal-20261008/combined-root-build-v1.log:849: trailing whitespace.
+    
runs/online-ae-causal-20261008/combined-root-build-v1.log:1098: trailing whitespace.
+  
runs/online-ae-causal-20261008/combined-root-build-v1.log:1100: trailing whitespace.
+    
runs/online-ae-causal-20261008/combined-root-build-v1.log:1140: trailing whitespace.
+  
runs/online-ae-causal-20261008/combined-root-build-v1.log:1142: trailing whitespace.
+    
runs/online-ae-causal-20261008/combined-root-build-v1.log:1706: trailing whitespace.
+  
runs/online-ae-causal-20261008/combined-root-build-v1.log:1708: trailing whitespace.
+    
runs/online-ae-causal-20261008/combined-root-build-v1.log:1713: trailing whitespace.
+  
runs/online-ae-causal-20261008/combined-root-build-v1.log:1715: trailing whitespace.
+    
runs/online-ae-causal-20261008/combined-root-build-v1.log:1748: trailing whitespace.
+  
runs/online-ae-causal-20261008/combined-root-build-v1.log:1750: trailing whitespace.
+    
runs/online-ae-causal-20261008/combined-root-build-v1.log:1779: trailing whitespace.
+  
runs/online-ae-causal-20261008/combined-root-build-v1.log:1781: trailing whitespace.
+    
