{
  "schema_version": 1,
  "record_id": "frontier-f93b4de9940dbb7c",
  "updated_at": "2026-10-08T14:08:20+00:00",
  "root_objective": "Persistent Orabona Chapters1-16; three derived AE causal proofs only",
  "current_leaf": {
    "id": "ONLINE-AE-CAUSAL-20261008",
    "kind": "review",
    "status": "accepted",
    "statement": "Three derived AE causal proofs only: one bounded all-time history version, actual original current-target independence, exact original IID expected-fixed excess and nonnegativity for every natural horizon.",
    "statement_hash": "ba5568efb771eecbfe9b0cacafbdc9f7c166f0a836cb63a4f2e8ba1916a3be96",
    "declaration": "",
    "file": "E:\\ABRL\\worktrees\\research-online-book\\runs\\online-ae-causal-20261008\\final-reader-review-v2.md",
    "source_status": "source-reviewed",
    "dependencies": [
      {
        "kind": "review",
        "name": "source-reader",
        "status": "accepted"
      },
      {
        "kind": "lean",
        "name": "BanditRL.OnlineLearning.ae_predictable_exists_bounded_history_policy",
        "status": "compiled"
      },
      {
        "kind": "lean",
        "name": "BanditRL.OnlineLearning.ae_predictable_private_seed_independent",
        "status": "compiled"
      },
      {
        "kind": "lean",
        "name": "BanditRL.OnlineLearning.ae_predictable_private_seed_expectedFixed_excess",
        "status": "compiled"
      }
    ]
  },
  "dag": {
    "nodes": [
      {
        "id": "ONLINE-AE-CAUSAL-20261008",
        "kind": "review",
        "status": "accepted",
        "dependencies": [
          {
            "kind": "review",
            "name": "source-reader",
            "status": "accepted"
          },
          {
            "kind": "lean",
            "name": "BanditRL.OnlineLearning.ae_predictable_exists_bounded_history_policy",
            "status": "compiled"
          },
          {
            "kind": "lean",
            "name": "BanditRL.OnlineLearning.ae_predictable_private_seed_independent",
            "status": "compiled"
          },
          {
            "kind": "lean",
            "name": "BanditRL.OnlineLearning.ae_predictable_private_seed_expectedFixed_excess",
            "status": "compiled"
          }
        ],
        "dispatch_count": 0
      }
    ]
  },
  "last_accepted_verifier": {
    "trial_index": 7,
    "time": "2026-10-08T14:08:20+00:00",
    "task": "ONLINE-AE-CAUSAL-20261008",
    "role": "reviewer",
    "kind": "review",
    "status": "accepted",
    "lean": "",
    "notes": "Task: `ONLINE-AE-CAUSAL-20261008`\n\nThree derived AE causal proofs only: one bounded all-time history version, actual original current-target independence, exact original IID expected-fixed excess and nonnegativity for every natural horizon. Original16 Chapter1 source objects/null proof total, ambient completed-information bridge, general causal stochastic-kernel realization, remaining Chapter1/2, unenumerated Chapters3-16 and necessary appendices remain REQUIRED; whole Goal ACTIVE, main/live unchanged. Actual focused proofs/14 canary proofs and one definition;42 standard axiom records;39 selected compiled nodes2136 coalesced TYPE_VALUE edges12 required direct VALUE pairs. Root9100/Tests9260/fullharness472skip7 pass, both contributor bases and own shadow pass. Applicable clean local site preserves10935old IDs/URLs/hash/status plus3actual declarations;8same original current pixels personally inspected by root and distinct staged reviewer. CONTRACT118/BODY236/repaired FINAL475; rejected FINAL444 F1 and exact PR AE-unit-premise repair preserved. Reused automated history disclosed; no absolute blind/human/external/runtime attestation. Native/post-native/draft delivery separately recorded.",
    "run_id": "online-ae-causal-20261008"
  },
  "memory_policy": {
    "recent_role_relevant_limit": 5,
    "explicit_verified_lemma_ids": [],
    "whole_history_default": false
  },
  "shadow_gate": {
    "status": "pending",
    "analyzed_trial_rows": 8,
    "mismatches": [],
    "replay_transitions": 0
  },
  "mutation_policy": {
    "canonical_path_queue": true,
    "cross_process_lock": true,
    "same_file_serialized": true,
    "disjoint_files_parallel": true
  },
  "autonomous_execution": {
    "enabled": false,
    "requires_deterministic_gates": true,
    "requires_explicit_user_request": true
  }
}
