{
  "time": "2026-10-08T14:08:20+00:00",
  "task": "ONLINE-AE-CAUSAL-20261008",
  "role": "reviewer",
  "kind": "review",
  "status": "accepted",
  "notes": "Task: `ONLINE-AE-CAUSAL-20261008`\n\nThree derived AE causal proofs only: one bounded all-time history version, actual original current-target independence, exact original IID expected-fixed excess and nonnegativity for every natural horizon. Original16 Chapter1 source objects/null proof total, ambient completed-information bridge, general causal stochastic-kernel realization, remaining Chapter1/2, unenumerated Chapters3-16 and necessary appendices remain REQUIRED; whole Goal ACTIVE, main/live unchanged. Actual focused proofs/14 canary proofs and one definition;42 standard axiom records;39 selected compiled nodes2136 coalesced TYPE_VALUE edges12 required direct VALUE pairs. Root9100/Tests9260/fullharness472skip7 pass, both contributor bases and own shadow pass. Applicable clean local site preserves10935old IDs/URLs/hash/status plus3actual declarations;8same original current pixels personally inspected by root and distinct staged reviewer. CONTRACT118/BODY236/repaired FINAL475; rejected FINAL444 F1 and exact PR AE-unit-premise repair preserved. Reused automated history disclosed; no absolute blind/human/external/runtime attestation. Native/post-native/draft delivery separately recorded.",
  "lean": "",
  "source": "",
  "run_id": "online-ae-causal-20261008",
  "changed_files": [],
  "statement_hash": "",
  "parent_id": "",
  "route_fingerprint": "",
  "verifier_evidence": [
    "E:\\ABRL\\worktrees\\research-online-book\\runs\\online-ae-causal-20261008\\final-reader-receipt-v2.json"
  ],
  "harness": "hierarchical",
  "experiment_id": "",
  "target_fingerprint": "",
  "route_packet_hash": "",
  "attempt_id": "AE-CAUSAL-FINAL-V2",
  "worker_id": "",
  "progress_class": "closed-frontier",
  "reviewer_validated": true,
  "obligations_before": 3,
  "obligations_after": 0,
  "new_declarations": [
    "BanditRL.OnlineLearning.ae_predictable_exists_bounded_history_policy",
    "BanditRL.OnlineLearning.ae_predictable_private_seed_independent",
    "BanditRL.OnlineLearning.ae_predictable_private_seed_expectedFixed_excess"
  ],
  "reused_declarations": [],
  "dag_nodes": 0,
  "dag_depth": 0,
  "elapsed_seconds": 0.0,
  "lean_check_seconds": 0.0,
  "prompt_chars": 0,
  "input_tokens": 0,
  "output_tokens": 0,
  "error_signature": ""
}
