{
  "schema_version": 1,
  "entry_id": "entry-34daa16fd7ee1bb5",
  "session_id": "ONLINE-AE-CAUSAL-20261008",
  "sequence": 8,
  "parent_id": "entry-7378788e33a559c4",
  "event_type": "accepted",
  "created_at": "2026-10-08T14:08:20+00:00",
  "payload": {
    "run_id": "online-ae-causal-20261008",
    "mathematical_contract_version": 1,
    "scope": "Three derived AE causal proofs only: one bounded all-time history version, actual original current-target independence, exact original IID expected-fixed excess and nonnegativity for every natural horizon.",
    "accepted_decision": "E:/ABRL/worktrees/research-online-book/runs/online-ae-causal-20261008/accepted-decision-v2.json",
    "derived_obligations_before": 3,
    "derived_obligations_after": 0,
    "accepted_production_proofs": 3,
    "whole_source_items_closed": 0,
    "chapter_complete": false,
    "goal_complete": false,
    "merged": false,
    "live": false
  }
}
