{
  "time": "2026-10-08T13:19:07+00:00",
  "task": "ONLINE-AE-CAUSAL-20261008",
  "role": "lower",
  "kind": "build",
  "status": "failed",
  "notes": "Actual failed test proof retained; one proof-local constructor application repair, unchanged public headers and test conclusion.",
  "lean": "Tests/OnlineGuessingAECausalCanary.lean",
  "source": "",
  "run_id": "online-ae-causal-20261008",
  "changed_files": [],
  "statement_hash": "",
  "parent_id": "",
  "route_fingerprint": "",
  "verifier_evidence": [
    "E:\\ABRL\\worktrees\\research-online-book\\runs\\online-ae-causal-20261008\\canary-focused-v1-exit.json"
  ],
  "harness": "",
  "experiment_id": "",
  "target_fingerprint": "",
  "route_packet_hash": "",
  "attempt_id": "AE-CANARY-V1",
  "worker_id": "",
  "progress_class": "diagnostic",
  "reviewer_validated": false,
  "obligations_before": 0,
  "obligations_after": 0,
  "new_declarations": [],
  "reused_declarations": [],
  "dag_nodes": 0,
  "dag_depth": 0,
  "elapsed_seconds": 0.0,
  "lean_check_seconds": 0.0,
  "prompt_chars": 0,
  "input_tokens": 0,
  "output_tokens": 0,
  "error_signature": "Prod.ext rfl unified the whole seed/history pair prematurely"
}
