{
  "time": "2026-10-08T13:19:07+00:00",
  "task": "ONLINE-AE-CAUSAL-20261008",
  "role": "lower",
  "kind": "build",
  "status": "compiled",
  "notes": "Fourteen actual named AE-only test proofs, one test definition; original process not pointwise predictable or everywhere unit yet AE equal to a seed-only causal predictor. Positive variance and original-process two-round excess1/2. BODY/combined/readers/FINAL/native pending.",
  "lean": "Tests/OnlineGuessingAECausalCanary.lean",
  "source": "",
  "run_id": "online-ae-causal-20261008",
  "changed_files": [],
  "statement_hash": "",
  "parent_id": "",
  "route_fingerprint": "",
  "verifier_evidence": [
    "E:\\ABRL\\worktrees\\research-online-book\\runs\\online-ae-causal-20261008\\actual-kernel-value-audit-v2.json"
  ],
  "harness": "",
  "experiment_id": "",
  "target_fingerprint": "82a7063357561ca60960ddb8985d757d5ef6ec4fcfadc7c775aa2a0f46b21315",
  "route_packet_hash": "",
  "attempt_id": "AE-CANARY-V2",
  "worker_id": "",
  "progress_class": "compiled-leaf",
  "reviewer_validated": false,
  "obligations_before": 3,
  "obligations_after": 3,
  "new_declarations": [],
  "reused_declarations": [],
  "dag_nodes": 0,
  "dag_depth": 0,
  "elapsed_seconds": 0.0,
  "lean_check_seconds": 0.0,
  "prompt_chars": 0,
  "input_tokens": 0,
  "output_tokens": 0,
  "error_signature": ""
}
