⚠ [3327/3437] Replayed BanditRLProof.OnlineLearningFTL
warning: BanditRLProof/OnlineLearningFTL.lean:81:41: unused variable `hT`

Note: This linter can be disabled with `set_option linter.unusedVariables false`
⚠ [3371/3437] Replayed BanditRLProof.OnlineLearningHistory
warning: BanditRLProof/OnlineLearningHistory.lean:46:6: 'ring' tactic does nothing

Note: This linter can be disabled with `set_option linter.unusedTactic false`
warning: BanditRLProof/OnlineLearningHistory.lean:46:6: this tactic is never executed

Note: This linter can be disabled with `set_option linter.unreachableTactic false`
⚠ [3372/3437] Replayed BanditRLProof.OnlineGuessingIIDBenchmark
warning: BanditRLProof/OnlineGuessingIIDBenchmark.lean:38:8: This simp argument is unused:
  Finset.sum_add_distrib

Hint: Omit it from the simp argument list.
  simp ̵[̵F̵i̵n̵s̵e̵t̵.̵s̵u̵m̵_̵a̵d̵d̵_̵d̵i̵s̵t̵r̵i̵b̵]̵

Note: This linter can be disabled with `set_option linter.unusedSimpArgs false`
warning: BanditRLProof/OnlineGuessingIIDBenchmark.lean:185:5: unused variable `hind`

Note: This linter can be disabled with `set_option linter.unusedVariables false`
warning: BanditRLProof/OnlineGuessingIIDBenchmark.lean:187:5: unused variable `hp`

Note: This linter can be disabled with `set_option linter.unusedVariables false`
warning: BanditRLProof/OnlineGuessingIIDBenchmark.lean:188:5: unused variable `hpb`

Note: This linter can be disabled with `set_option linter.unusedVariables false`
⚠ [3373/3437] Replayed BanditRLProof.OnlineGuessingRandomizedIID
warning: BanditRLProof/OnlineGuessingRandomizedIID.lean:8:0: Definition `BanditRL.OnlineLearning.privateSeedPastInformation` of class type must be marked with `@[reducible]` or `@[implicit_reducible]`
⚠ [3434/3437] Replayed Tests.OnlineGuessingIIDBenchmarkCanary
warning: Tests/OnlineGuessingIIDBenchmarkCanary.lean:199:4: Used `tac1 <;> tac2` where `(tac1; tac2)` would suffice

Note: This linter can be disabled with `set_option linter.unnecessarySeqFocus false`
✖ [3437/3437] Building Tests.OnlineGuessingAECausalCanary (9.5s)
trace: .> LEAN_PATH=E:\ABRL\research\.lake\packages\Cli\.lake\build\lib\lean;E:\ABRL\research\.lake\packages\batteries\.lake\build\lib\lean;E:\ABRL\research\.lake\packages\Qq\.lake\build\lib\lean;E:\ABRL\research\.lake\packages\aesop\.lake\build\lib\lean;E:\ABRL\research\.lake\packages\proofwidgets\.lake\build\lib\lean;E:\ABRL\research\.lake\packages\importGraph\.lake\build\lib\lean;E:\ABRL\research\.lake\packages\LeanSearchClient\.lake\build\lib\lean;E:\ABRL\research\.lake\packages\plausible\.lake\build\lib\lean;E:\ABRL\research\.lake\packages\mathlib\.lake\build\lib\lean;E:\ABRL\worktrees\research-online-book\.lake\build\lib\lean c:\Users\admin\.elan\toolchains\leanprover--lean4---v4.29.1\bin\lean.exe E:\ABRL\worktrees\research-online-book\Tests\OnlineGuessingAECausalCanary.lean -o E:\ABRL\worktrees\research-online-book\.lake\build\lib\lean\Tests\OnlineGuessingAECausalCanary.olean -i E:\ABRL\worktrees\research-online-book\.lake\build\lib\lean\Tests\OnlineGuessingAECausalCanary.ilean -c E:\ABRL\worktrees\research-online-book\.lake\build\ir\Tests\OnlineGuessingAECausalCanary.c --setup E:\ABRL\worktrees\research-online-book\.lake\build\ir\Tests\OnlineGuessingAECausalCanary.setup.json --json
error: Tests/OnlineGuessingAECausalCanary.lean:53:4: Tactic `apply` failed: could not unify the conclusion of `Prod.ext rfl`
  ?m.74 = ?m.74
with the goal
  (seed (0, fun x => 2), fun i => target ↑i (0, fun x => 2)) =
    (seed (0, fun x => 0), fun i => target ↑i (0, fun x => 0))

Note: The full type of `Prod.ext rfl` is
  ?m.74.2 = ?m.74.2 → ?m.74 = ?m.74

hm : Measurable (badPrediction 0)
⊢ (seed (0, fun x => 2), fun i => target ↑i (0, fun x => 2)) =
    (seed (0, fun x => 0), fun i => target ↑i (0, fun x => 0))
error: Lean exited with code 1
Some required targets logged failures:
- Tests.OnlineGuessingAECausalCanary
error: build failed
