runs/online-ae-causal-20261008/combined-Tests-build-v1.log:1310: trailing whitespace.
+  
runs/online-ae-causal-20261008/combined-Tests-build-v1.log:1312: trailing whitespace.
+    
runs/online-ae-causal-20261008/combined-Tests-build-v1.log:1317: trailing whitespace.
+  
runs/online-ae-causal-20261008/combined-Tests-build-v1.log:1319: trailing whitespace.
+    
runs/online-ae-causal-20261008/combined-Tests-build-v1.log:1480: trailing whitespace.
+  
runs/online-ae-causal-20261008/combined-Tests-build-v1.log:1482: trailing whitespace.
+    
runs/online-ae-causal-20261008/combined-Tests-build-v1.log:1631: trailing whitespace.
+  
runs/online-ae-causal-20261008/combined-Tests-build-v1.log:1633: trailing whitespace.
+    
runs/online-ae-causal-20261008/combined-Tests-build-v1.log:1802: trailing whitespace.
+  
runs/online-ae-causal-20261008/combined-Tests-build-v1.log:1804: trailing whitespace.
+    
runs/online-ae-causal-20261008/combined-Tests-build-v1.log:1844: trailing whitespace.
+  
runs/online-ae-causal-20261008/combined-Tests-build-v1.log:1846: trailing whitespace.
+    
runs/online-ae-causal-20261008/combined-Tests-build-v1.log:2339: trailing whitespace.
+  
runs/online-ae-causal-20261008/combined-Tests-build-v1.log:2341: trailing whitespace.
+    
runs/online-ae-causal-20261008/combined-Tests-build-v1.log:2390: trailing whitespace.
+  
runs/online-ae-causal-20261008/combined-Tests-build-v1.log:2392: trailing whitespace.
+    
runs/online-ae-causal-20261008/combined-Tests-build-v1.log:6820: trailing whitespace.
+  
runs/online-ae-causal-20261008/combined-Tests-build-v1.log:6822: trailing whitespace.
+    
runs/online-ae-causal-20261008/combined-full-harness-v1.log:687: trailing whitespace.
+  
runs/online-ae-causal-20261008/combined-full-harness-v1.log:689: trailing whitespace.
+    
runs/online-ae-causal-20261008/combined-full-harness-v1.log:838: trailing whitespace.
+  
runs/online-ae-causal-20261008/combined-full-harness-v1.log:840: trailing whitespace.
+    
runs/online-ae-causal-20261008/combined-full-harness-v1.log:1099: trailing whitespace.
+  
runs/online-ae-causal-20261008/combined-full-harness-v1.log:1101: trailing whitespace.
+    
runs/online-ae-causal-20261008/combined-full-harness-v1.log:1141: trailing whitespace.
+  
runs/online-ae-causal-20261008/combined-full-harness-v1.log:1143: trailing whitespace.
+    
runs/online-ae-causal-20261008/combined-full-harness-v1.log:1692: trailing whitespace.
+  
runs/online-ae-causal-20261008/combined-full-harness-v1.log:1694: trailing whitespace.
+    
runs/online-ae-causal-20261008/combined-full-harness-v1.log:1699: trailing whitespace.
+  
runs/online-ae-causal-20261008/combined-full-harness-v1.log:1701: trailing whitespace.
+    
runs/online-ae-causal-20261008/combined-full-harness-v1.log:1749: trailing whitespace.
+  
runs/online-ae-causal-20261008/combined-full-harness-v1.log:1751: trailing whitespace.
+    
runs/online-ae-causal-20261008/combined-full-harness-v1.log:1780: trailing whitespace.
+  
runs/online-ae-causal-20261008/combined-full-harness-v1.log:1782: trailing whitespace.
+    
runs/online-ae-causal-20261008/combined-full-harness-v1.log:3662: trailing whitespace.
+  
runs/online-ae-causal-20261008/combined-full-harness-v1.log:3664: trailing whitespace.
+    
runs/online-ae-causal-20261008/combined-full-harness-v1.log:3669: trailing whitespace.
+  
runs/online-ae-causal-20261008/combined-full-harness-v1.log:3671: trailing whitespace.
+    
runs/online-ae-causal-20261008/combined-full-harness-v1.log:3832: trailing whitespace.
+  
runs/online-ae-causal-20261008/combined-full-harness-v1.log:3834: trailing whitespace.
+    
runs/online-ae-causal-20261008/combined-full-harness-v1.log:3983: trailing whitespace.
+  
runs/online-ae-causal-20261008/combined-full-harness-v1.log:3985: trailing whitespace.
+    
runs/online-ae-causal-20261008/combined-full-harness-v1.log:4154: trailing whitespace.
+  
runs/online-ae-causal-20261008/combined-full-harness-v1.log:4156: trailing whitespace.
+    
runs/online-ae-causal-20261008/combined-full-harness-v1.log:4196: trailing whitespace.
+  
runs/online-ae-causal-20261008/combined-full-harness-v1.log:4198: trailing whitespace.
+    
runs/online-ae-causal-20261008/combined-full-harness-v1.log:4691: trailing whitespace.
+  
runs/online-ae-causal-20261008/combined-full-harness-v1.log:4693: trailing whitespace.
+    
runs/online-ae-causal-20261008/combined-full-harness-v1.log:4742: trailing whitespace.
+  
runs/online-ae-causal-20261008/combined-full-harness-v1.log:4744: trailing whitespace.
+    
runs/online-ae-causal-20261008/combined-full-harness-v1.log:9172: trailing whitespace.
+  
runs/online-ae-causal-20261008/combined-full-harness-v1.log:9174: trailing whitespace.
+    
runs/online-ae-causal-20261008/combined-root-build-v1.log:512: trailing whitespace.
+  
runs/online-ae-causal-20261008/combined-root-build-v1.log:514: trailing whitespace.
+    
runs/online-ae-causal-20261008/combined-root-build-v1.log:847: trailing whitespace.
+  
runs/online-ae-causal-20261008/combined-root-build-v1.log:849: trailing whitespace.
+    
runs/online-ae-causal-20261008/combined-root-build-v1.log:1098: trailing whitespace.
+  
runs/online-ae-causal-20261008/combined-root-build-v1.log:1100: trailing whitespace.
+    
runs/online-ae-causal-20261008/combined-root-build-v1.log:1140: trailing whitespace.
+  
runs/online-ae-causal-20261008/combined-root-build-v1.log:1142: trailing whitespace.
+    
runs/online-ae-causal-20261008/combined-root-build-v1.log:1706: trailing whitespace.
+  
runs/online-ae-causal-20261008/combined-root-build-v1.log:1708: trailing whitespace.
+    
runs/online-ae-causal-20261008/combined-root-build-v1.log:1713: trailing whitespace.
+  
runs/online-ae-causal-20261008/combined-root-build-v1.log:1715: trailing whitespace.
+    
runs/online-ae-causal-20261008/combined-root-build-v1.log:1748: trailing whitespace.
+  
runs/online-ae-causal-20261008/combined-root-build-v1.log:1750: trailing whitespace.
+    
runs/online-ae-causal-20261008/combined-root-build-v1.log:1779: trailing whitespace.
+  
runs/online-ae-causal-20261008/combined-root-build-v1.log:1781: trailing whitespace.
+    
