{
  "time": "2026-10-08T14:02:58+00:00",
  "task": "ONLINE-AE-CAUSAL-20261008",
  "role": "reviewer",
  "kind": "review",
  "status": "rejected",
  "notes": "FINAL444 rejected F1: prospective PR opening omits original prediction AE unit feasibility. Constant2 counterexample retained. Public statements, bodies, readers and eight original pixels unchanged; repair only versioned PR prose, no obligation accepted.",
  "lean": "",
  "source": "",
  "run_id": "online-ae-causal-20261008",
  "changed_files": [],
  "statement_hash": "",
  "parent_id": "",
  "route_fingerprint": "",
  "verifier_evidence": [
    "E:\\ABRL\\worktrees\\research-online-book\\runs\\online-ae-causal-20261008\\final-reader-receipt-v1.json"
  ],
  "harness": "hierarchical",
  "experiment_id": "",
  "target_fingerprint": "",
  "route_packet_hash": "",
  "attempt_id": "AE-CAUSAL-FINAL-V1",
  "worker_id": "",
  "progress_class": "diagnostic",
  "reviewer_validated": true,
  "obligations_before": 3,
  "obligations_after": 3,
  "new_declarations": [],
  "reused_declarations": [],
  "dag_nodes": 0,
  "dag_depth": 0,
  "elapsed_seconds": 0.0,
  "lean_check_seconds": 0.0,
  "prompt_chars": 0,
  "input_tokens": 0,
  "output_tokens": 0,
  "error_signature": ""
}
