{
  "schema_version": 1,
  "entry_id": "entry-7378788e33a559c4",
  "session_id": "ONLINE-AE-CAUSAL-20261008",
  "sequence": 7,
  "parent_id": "entry-9f67c468d4ad13bc",
  "event_type": "repair",
  "created_at": "2026-10-08T14:02:58+00:00",
  "payload": {
    "run_id": "online-ae-causal-20261008",
    "mathematical_contract_version": 1,
    "presentation_version": 2,
    "repair": "E:/ABRL/worktrees/research-online-book/docs/contracts/online-ae-causal-v1/publication-prose-repair-v2.json",
    "blocker": "F1",
    "frozen_mathematical_target_unchanged": true,
    "bounded_obligations_pending": 3,
    "chapter_complete": false,
    "goal_complete": false
  }
}
