{
  "time": "2026-10-08T13:02:52+00:00",
  "task": "ONLINE-AE-CAUSAL-20261008",
  "role": "lower",
  "kind": "attempt",
  "status": "compiled",
  "notes": "L3 exact original-P expected fixed minimum outside expectation; actual derived independence and L2 integrability; finite all-natural T. Full gates pending.",
  "lean": "BanditRLProof/OnlineGuessingAECausal.lean",
  "source": "",
  "run_id": "online-ae-causal-20261008",
  "changed_files": [],
  "statement_hash": "ba4a2317c32fef15e0dc2b76c82237a5590ba451f229942454897981fdaf5351",
  "parent_id": "",
  "route_fingerprint": "",
  "verifier_evidence": [],
  "harness": "",
  "experiment_id": "",
  "target_fingerprint": "",
  "route_packet_hash": "",
  "attempt_id": "",
  "worker_id": "",
  "progress_class": "compiled-leaf",
  "reviewer_validated": false,
  "obligations_before": 3,
  "obligations_after": 3,
  "new_declarations": [],
  "reused_declarations": [],
  "dag_nodes": 0,
  "dag_depth": 0,
  "elapsed_seconds": 0.0,
  "lean_check_seconds": 0.0,
  "prompt_chars": 0,
  "input_tokens": 0,
  "output_tokens": 0,
  "error_signature": ""
}
