{
  "time": "2026-10-08T12:55:56+00:00",
  "task": "ONLINE-AE-CAUSAL-20261008",
  "role": "lower",
  "kind": "attempt",
  "status": "compiled",
  "notes": "L1 exact stabilized body, focused module compile only; semantic/body/full/reader gates pending.",
  "lean": "BanditRLProof/OnlineGuessingAECausal.lean",
  "source": "",
  "run_id": "online-ae-causal-20261008",
  "changed_files": [],
  "statement_hash": "e833ef6d42d7c88fb328349e8fbe76bd4838c790f040aa1b89d6329c45fb6f91",
  "parent_id": "",
  "route_fingerprint": "",
  "verifier_evidence": [],
  "harness": "",
  "experiment_id": "",
  "target_fingerprint": "",
  "route_packet_hash": "",
  "attempt_id": "",
  "worker_id": "",
  "progress_class": "compiled-leaf",
  "reviewer_validated": false,
  "obligations_before": 3,
  "obligations_after": 3,
  "new_declarations": [],
  "reused_declarations": [],
  "dag_nodes": 0,
  "dag_depth": 0,
  "elapsed_seconds": 0.0,
  "lean_check_seconds": 0.0,
  "prompt_chars": 0,
  "input_tokens": 0,
  "output_tokens": 0,
  "error_signature": ""
}
