{
  "time": "2026-10-08T13:01:10+00:00",
  "task": "ONLINE-AE-CAUSAL-20261008",
  "role": "lower",
  "kind": "attempt",
  "status": "compiled",
  "notes": "L2 same exact type; proof-local ambient measurable instance repair; failed v1 retained.",
  "lean": "BanditRLProof/OnlineGuessingAECausal.lean",
  "source": "",
  "run_id": "online-ae-causal-20261008",
  "changed_files": [],
  "statement_hash": "67ea6421e66a39194e5076e3b9f71d824285d488cf117f503e0be2b958e8a37e",
  "parent_id": "",
  "route_fingerprint": "",
  "verifier_evidence": [],
  "harness": "",
  "experiment_id": "",
  "target_fingerprint": "",
  "route_packet_hash": "",
  "attempt_id": "",
  "worker_id": "",
  "progress_class": "compiled-leaf",
  "reviewer_validated": false,
  "obligations_before": 3,
  "obligations_after": 3,
  "new_declarations": [],
  "reused_declarations": [],
  "dag_nodes": 0,
  "dag_depth": 0,
  "elapsed_seconds": 0.0,
  "lean_check_seconds": 0.0,
  "prompt_chars": 0,
  "input_tokens": 0,
  "output_tokens": 0,
  "error_signature": ""
}
