{
  "schema_version": 1,
  "entry_id": "entry-5a7d3e56db3d4f05",
  "session_id": "ONLINE-AE-CAUSAL-20261008",
  "sequence": 1,
  "parent_id": "entry-7b0c648a74d32e4c",
  "event_type": "stabilized",
  "created_at": "2026-10-08T12:54:32+00:00",
  "payload": {
    "run_id": "online-ae-causal-20261008",
    "contract_version": 1,
    "source_sha256": "cef4edfa97a6e063e53e9c532717c50aa156e5bc782ea49f969b3385011a1b17",
    "target_statement_hashes": [
      "e833ef6d42d7c88fb328349e8fbe76bd4838c790f040aa1b89d6329c45fb6f91",
      "67ea6421e66a39194e5076e3b9f71d824285d488cf117f503e0be2b958e8a37e",
      "ba4a2317c32fef15e0dc2b76c82237a5590ba451f229942454897981fdaf5351"
    ],
    "source_contract_receipt_sha256": "867a15110f9584827546d2a62292fd3e19a3f58eb63312cacc0481810c50892a",
    "obligations": 3,
    "compiled": 0,
    "source_delta": "Derived AE information-model specialization; not blanket completed-filtration/kernel or pathwise-source equivalence. Classical bounded measurable versions are not an executable algorithm design.",
    "chapter_complete": false,
    "goal_complete": false
  }
}
