Measurable.exists_eq_measurable_comp.{u_1, u_2, u_3} {X : Type u_1} {Y : Type u_2} {Z : Type u_3}
  [mY : MeasurableSpace Y] {f : X → Y} {g : X → Z} [Nonempty Z] [MeasurableSpace Z] [StandardBorelSpace Z]
  (hg : Measurable g) : ∃ h, Measurable h ∧ g = h ∘ f
MeasureTheory.AEStronglyMeasurable.measurable_mk.{u_1, u_2} {α : Type u_1} {β : Type u_2} [TopologicalSpace β]
  {m m₀ : MeasurableSpace α} {μ : Measure α} {f : α → β} [TopologicalSpace.PseudoMetrizableSpace β] [MeasurableSpace β]
  [BorelSpace β] (hf : AEStronglyMeasurable f μ) : Measurable (AEStronglyMeasurable.mk f hf)
MeasureTheory.AEStronglyMeasurable.ae_eq_mk.{u_1, u_2} {α : Type u_1} {β : Type u_2} [TopologicalSpace β]
  {m m₀ : MeasurableSpace α} {μ : Measure α} {f : α → β} (hf : AEStronglyMeasurable f μ) :
  f =ᶠ[ae μ] AEStronglyMeasurable.mk f hf
MeasureTheory.AEStronglyMeasurable.mono.{u_1, u_2} {α : Type u_1} {β : Type u_2} [TopologicalSpace β]
  {m m₀ : MeasurableSpace α} {μ : Measure α} {f : α → β} {m' : MeasurableSpace α} (hm : m ≤ m')
  (hf : AEStronglyMeasurable f μ) : AEStronglyMeasurable f μ
ProbabilityTheory.IndepFun.congr.{u_1, u_6, u_7} {Ω : Type u_1} {β : Type u_6} {β' : Type u_7} {_mΩ : MeasurableSpace Ω}
  {μ : Measure Ω} {f : Ω → β} {g : Ω → β'} {mβ : MeasurableSpace β} {mβ' : MeasurableSpace β'} {f' : Ω → β}
  {g' : Ω → β'} (hfg : f ⟂ᵢ[μ] g) (hf : f =ᶠ[ae μ] f') (hg : g =ᶠ[ae μ] g') : f' ⟂ᵢ[μ] g'
continuous_projIcc.{u_1} {α : Type u_1} [LinearOrder α] {a b : α} {h : a ≤ b} [TopologicalSpace α] [OrderTopology α] :
  Continuous (Set.projIcc a b h)
Set.projIcc_of_mem.{u_1} {α : Type u_1} [LinearOrder α] {a b : α} (h : a ≤ b) {x : α} (hx : x ∈ Set.Icc a b) :
  Set.projIcc a b h x = ⟨x, hx⟩
Measurable.subtype_coe.{u_1, u_2} {α : Type u_1} {β : Type u_2} {m : MeasurableSpace α} {mβ : MeasurableSpace β}
  {p : β → Prop} {f : α → Subtype p} (hf : Measurable f) : Measurable fun a => ↑(f a)
MeasureTheory.integral_congr_ae.{u_1, u_5} {α : Type u_1} {G : Type u_5} [NormedAddCommGroup G] [NormedSpace ℝ G]
  {m : MeasurableSpace α} {μ : Measure α} {f g : α → G} (h : f =ᶠ[ae μ] g) : ∫ (a : α), f a ∂μ = ∫ (a : α), g a ∂μ
MeasureTheory.ae_all_iff.{u_1, u_3, u_4} {α : Type u_1} {F : Type u_3} [FunLike F (Set α) ENNReal]
  [OuterMeasureClass F α] {μ : F} {ι : Sort u_4} [Countable ι] {p : α → ι → Prop} :
  (∀ᵐ (a : α) ∂μ, ∀ (i : ι), p a i) ↔ ∀ (i : ι), ∀ᵐ (a : α) ∂μ, p a i
Finset.sum_congr.{u_1, u_4} {ι : Type u_1} {M : Type u_4} {s₁ s₂ : Finset ι} [AddCommMonoid M] {f g : ι → M}
  (h : s₁ = s₂) : (∀ x ∈ s₂, f x = g x) → s₁.sum f = s₂.sum g
MeasureTheory.memLp_of_bounded.{u_1} {α : Type u_1} {m0 : MeasurableSpace α} {μ : Measure α} [IsFiniteMeasure μ]
  {a b : ℝ} {f : α → ℝ} (h : ∀ᵐ (x : α) ∂μ, f x ∈ Set.Icc a b) (hX : AEStronglyMeasurable f μ) (p : ENNReal) :
  MemLp f p μ
BanditRL.OnlineLearning.iid_cumulative_prediction_decomposition.{u_1} {Ω : Type u_1} [MeasurableSpace Ω] (μ : Measure Ω)
  [IsProbabilityMeasure μ] (Y : ℕ → Ω → ℝ) (hY : ∀ (t : ℕ), Measurable (Y t))
  (hlaw : ∀ (t : ℕ), IdentDistrib (Y t) (Y 0) μ μ) (hb : ∀ (t : ℕ), ∀ᵐ (ω : Ω) ∂μ, Y t ω ∈ Set.Icc 0 1)
  (prediction : ℕ → Ω → ℝ) (hP : ∀ (t : ℕ), MemLp (prediction t) 2 μ) (hInd : ∀ (t : ℕ), prediction t ⟂ᵢ[μ] Y t)
  (T : ℕ) :
  ∫ (ω : Ω), ∑ t ∈ Finset.range T, (prediction t ω - Y t ω) ^ 2 ∂μ - ↑T * Var[Y 0; μ] =
    ∑ t ∈ Finset.range T, ∫ (ω : Ω), (prediction t ω - ∫ (ω : Ω), Y 0 ω ∂μ) ^ 2 ∂μ
BanditRL.OnlineLearning.predictable_private_seed_independent.{u, v} {Ω : Type u} {Seed : Type v} [MeasurableSpace Ω]
  [MeasurableSpace Seed] (μ : Measure Ω) [IsProbabilityMeasure μ] (Y : ℕ → Ω → ℝ) (hY : ∀ (t : ℕ), Measurable (Y t))
  (hind : iIndepFun Y μ) (S : Ω → Seed) (hS : Measurable S) (hseed : S ⟂ᵢ[μ] fun ω t => Y t ω) (t : ℕ)
  (F : MeasurableSpace Ω) (hF : F ≤ BanditRL.OnlineLearning.privateSeedPastInformation S Y t) (P : Ω → ℝ)
  (hP : Measurable P) : P ⟂ᵢ[μ] Y t
BanditRL.OnlineLearning.expectedFixedMinimum_eq_variance.{u_1} {Ω : Type u_1} [MeasurableSpace Ω] (μ : Measure Ω)
  [IsProbabilityMeasure μ] (Y : ℕ → Ω → ℝ) (hY : ∀ (t : ℕ), Measurable (Y t))
  (hlaw : ∀ (t : ℕ), IdentDistrib (Y t) (Y 0) μ μ) (hb : ∀ (t : ℕ), ∀ᵐ (ω : Ω) ∂μ, Y t ω ∈ Set.Icc 0 1) (T : ℕ) :
  BanditRL.OnlineLearning.expectedFixedMinimum μ Y T = ↑T * Var[Y 0; μ]
MeasureTheory.NullMeasurable.aemeasurable.{u_2, u_3} {α : Type u_2} {β : Type u_3} {m0 : MeasurableSpace α}
  [MeasurableSpace β] {μ : Measure α} {f : α → β} [hc : MeasurableSpace.CountablyGenerated β] (h : NullMeasurable f μ) :
  AEMeasurable f μ
MeasureTheory.AEStronglyMeasurable.of_trim.{u_1, u_2} {α : Type u_1} {β : Type u_2} [TopologicalSpace β]
  {m m₀ : MeasurableSpace α} {μ : Measure α} {f : α → β} {m₀' : MeasurableSpace α} (hm₀ : m₀' ≤ m₀)
  (hf : AEStronglyMeasurable f (μ.trim hm₀)) : AEStronglyMeasurable f μ
