E:\ABRL\worktrees\research-online-book\runs\online-ae-causal-20261008\whole-public-types-axioms-v1.lean:9:5: warning: unused variable `hF`

Note: This linter can be disabled with `set_option linter.unusedVariables false`
E:\ABRL\worktrees\research-online-book\runs\online-ae-causal-20261008\whole-public-types-axioms-v1.lean:11:5: warning: unused variable `hP`

Note: This linter can be disabled with `set_option linter.unusedVariables false`
E:\ABRL\worktrees\research-online-book\runs\online-ae-causal-20261008\whole-public-types-axioms-v1.lean:12:5: warning: unused variable `hpb`

Note: This linter can be disabled with `set_option linter.unusedVariables false`
NeutralAECausal.wholePublicValue1.{u_1, u_2} : Q1
'NeutralAECausal.wholePublicValue1' depends on axioms: [propext, Classical.choice, Quot.sound]
E:\ABRL\worktrees\research-online-book\runs\online-ae-causal-20261008\whole-public-types-axioms-v1.lean:25:5: warning: unused variable `hY`

Note: This linter can be disabled with `set_option linter.unusedVariables false`
E:\ABRL\worktrees\research-online-book\runs\online-ae-causal-20261008\whole-public-types-axioms-v1.lean:25:34: warning: unused variable `hind`

Note: This linter can be disabled with `set_option linter.unusedVariables false`
E:\ABRL\worktrees\research-online-book\runs\online-ae-causal-20261008\whole-public-types-axioms-v1.lean:26:20: warning: unused variable `hS`

Note: This linter can be disabled with `set_option linter.unusedVariables false`
E:\ABRL\worktrees\research-online-book\runs\online-ae-causal-20261008\whole-public-types-axioms-v1.lean:27:5: warning: unused variable `hseed`

Note: This linter can be disabled with `set_option linter.unusedVariables false`
E:\ABRL\worktrees\research-online-book\runs\online-ae-causal-20261008\whole-public-types-axioms-v1.lean:28:37: warning: unused variable `hF`

Note: This linter can be disabled with `set_option linter.unusedVariables false`
E:\ABRL\worktrees\research-online-book\runs\online-ae-causal-20261008\whole-public-types-axioms-v1.lean:29:17: warning: unused variable `hP`

Note: This linter can be disabled with `set_option linter.unusedVariables false`
NeutralAECausal.wholePublicValue2.{u_1, u_2} : Q2
'NeutralAECausal.wholePublicValue2' depends on axioms: [propext, Classical.choice, Quot.sound]
E:\ABRL\worktrees\research-online-book\runs\online-ae-causal-20261008\whole-public-types-axioms-v1.lean:39:5: warning: unused variable `hY`

Note: This linter can be disabled with `set_option linter.unusedVariables false`
E:\ABRL\worktrees\research-online-book\runs\online-ae-causal-20261008\whole-public-types-axioms-v1.lean:40:5: warning: unused variable `hlaw`

Note: This linter can be disabled with `set_option linter.unusedVariables false`
E:\ABRL\worktrees\research-online-book\runs\online-ae-causal-20261008\whole-public-types-axioms-v1.lean:41:5: warning: unused variable `hb`

Note: This linter can be disabled with `set_option linter.unusedVariables false`
E:\ABRL\worktrees\research-online-book\runs\online-ae-causal-20261008\whole-public-types-axioms-v1.lean:42:5: warning: unused variable `hind`

Note: This linter can be disabled with `set_option linter.unusedVariables false`
E:\ABRL\worktrees\research-online-book\runs\online-ae-causal-20261008\whole-public-types-axioms-v1.lean:43:20: warning: unused variable `hS`

Note: This linter can be disabled with `set_option linter.unusedVariables false`
E:\ABRL\worktrees\research-online-book\runs\online-ae-causal-20261008\whole-public-types-axioms-v1.lean:44:5: warning: unused variable `hseed`

Note: This linter can be disabled with `set_option linter.unusedVariables false`
E:\ABRL\worktrees\research-online-book\runs\online-ae-causal-20261008\whole-public-types-axioms-v1.lean:46:5: warning: unused variable `hF`

Note: This linter can be disabled with `set_option linter.unusedVariables false`
E:\ABRL\worktrees\research-online-book\runs\online-ae-causal-20261008\whole-public-types-axioms-v1.lean:48:5: warning: unused variable `hP`

Note: This linter can be disabled with `set_option linter.unusedVariables false`
E:\ABRL\worktrees\research-online-book\runs\online-ae-causal-20261008\whole-public-types-axioms-v1.lean:49:5: warning: unused variable `hpb`

Note: This linter can be disabled with `set_option linter.unusedVariables false`
NeutralAECausal.wholePublicValue3.{u_1, u_2} : Q3
'NeutralAECausal.wholePublicValue3' depends on axioms: [propext, Classical.choice, Quot.sound]
BanditRL.OnlineLearning.ae_predictable_exists_bounded_history_policy.{u, v} {Ω : Type u} {Seed : Type v}
  [MeasurableSpace Ω] [MeasurableSpace Seed] (μ : Measure Ω) (Y : ℕ → Ω → ℝ) (S : Ω → Seed) (F : ℕ → MeasurableSpace Ω)
  (hF : ∀ (t : ℕ), F t ≤ privateSeedPastInformation S Y t) (prediction : ℕ → Ω → ℝ)
  (hP : ∀ (t : ℕ), AEStronglyMeasurable (prediction t) μ)
  (hpb : ∀ (t : ℕ), ∀ᵐ (ω : Ω) ∂μ, prediction t ω ∈ Set.Icc 0 1) :
  ∃ policy,
    (∀ (t : ℕ), Measurable (policy t)) ∧
      (∀ (t : ℕ) (q : Seed × (↥(Finset.range t) → ℝ)), policy t q ∈ Set.Icc 0 1) ∧
        ∀ᵐ (ω : Ω) ∂μ, ∀ (t : ℕ), prediction t ω = policy t (S ω, fun i => Y (↑i) ω)
'BanditRL.OnlineLearning.ae_predictable_exists_bounded_history_policy' depends on axioms: [propext,
 Classical.choice,
 Quot.sound]
BanditRL.OnlineLearning.ae_predictable_private_seed_independent.{u, v} {Ω : Type u} {Seed : Type v} [MeasurableSpace Ω]
  [MeasurableSpace Seed] (μ : Measure Ω) [IsProbabilityMeasure μ] (Y : ℕ → Ω → ℝ) (hY : ∀ (t : ℕ), Measurable (Y t))
  (hind : iIndepFun Y μ) (S : Ω → Seed) (hS : Measurable S) (hseed : S ⟂ᵢ[μ] fun ω t => Y t ω) (t : ℕ)
  (F : MeasurableSpace Ω) (hF : F ≤ privateSeedPastInformation S Y t) (P : Ω → ℝ) (hP : AEStronglyMeasurable P μ) :
  P ⟂ᵢ[μ] Y t
'BanditRL.OnlineLearning.ae_predictable_private_seed_independent' depends on axioms: [propext,
 Classical.choice,
 Quot.sound]
BanditRL.OnlineLearning.ae_predictable_private_seed_expectedFixed_excess.{u, v} {Ω : Type u} {Seed : Type v}
  [MeasurableSpace Ω] [MeasurableSpace Seed] (μ : Measure Ω) [IsProbabilityMeasure μ] (Y : ℕ → Ω → ℝ)
  (hY : ∀ (t : ℕ), Measurable (Y t)) (hlaw : ∀ (t : ℕ), IdentDistrib (Y t) (Y 0) μ μ)
  (hb : ∀ (t : ℕ), ∀ᵐ (ω : Ω) ∂μ, Y t ω ∈ Set.Icc 0 1) (hind : iIndepFun Y μ) (S : Ω → Seed) (hS : Measurable S)
  (hseed : S ⟂ᵢ[μ] fun ω t => Y t ω) (F : ℕ → MeasurableSpace Ω)
  (hF : ∀ (t : ℕ), F t ≤ privateSeedPastInformation S Y t) (prediction : ℕ → Ω → ℝ)
  (hP : ∀ (t : ℕ), AEStronglyMeasurable (prediction t) μ) (hpb : ∀ (t : ℕ), ∀ᵐ (ω : Ω) ∂μ, prediction t ω ∈ Set.Icc 0 1)
  (T : ℕ) :
  expectedFixedRegret μ Y prediction T =
      ∑ t ∈ Finset.range T, ∫ (ω : Ω), (prediction t ω - ∫ (ω : Ω), Y 0 ω ∂μ) ^ 2 ∂μ ∧
    0 ≤ expectedFixedRegret μ Y prediction T
'BanditRL.OnlineLearning.ae_predictable_private_seed_expectedFixed_excess' depends on axioms: [propext,
 Classical.choice,
 Quot.sound]
Tests.OnlineGuessingAECausal.badPrediction (t : ℕ) (ω : ℝ × (ℕ → ℝ)) : ℝ
'Tests.OnlineGuessingAECausal.badPrediction' depends on axioms: [propext, Classical.choice, Quot.sound]
Tests.OnlineGuessingAECausal.bad_eq_causal_ae (t : ℕ) :
  Tests.OnlineGuessingAECausal.badPrediction t =ᶠ[ae Tests.OnlineGuessingRandomizedIID.seededLaw]
    Tests.OnlineGuessingIIDSuccess.persistentPrediction t
'Tests.OnlineGuessingAECausal.bad_eq_causal_ae' depends on axioms: [propext, Classical.choice, Quot.sound]
Tests.OnlineGuessingAECausal.causal_version_measurable (t : ℕ) :
  Measurable (Tests.OnlineGuessingIIDSuccess.persistentPrediction t)
'Tests.OnlineGuessingAECausal.causal_version_measurable' depends on axioms: [propext, Classical.choice, Quot.sound]
Tests.OnlineGuessingAECausal.bad_ae_predictable (t : ℕ) :
  AEStronglyMeasurable (Tests.OnlineGuessingAECausal.badPrediction t) Tests.OnlineGuessingRandomizedIID.seededLaw
'Tests.OnlineGuessingAECausal.bad_ae_predictable' depends on axioms: [propext, Classical.choice, Quot.sound]
Tests.OnlineGuessingAECausal.bad_ae_unit (t : ℕ) :
  ∀ᵐ (ω : ℝ × (ℕ → ℝ)) ∂Tests.OnlineGuessingRandomizedIID.seededLaw,
    Tests.OnlineGuessingAECausal.badPrediction t ω ∈ Set.Icc 0 1
'Tests.OnlineGuessingAECausal.bad_ae_unit' depends on axioms: [propext, Classical.choice, Quot.sound]
Tests.OnlineGuessingAECausal.bad_is_not_pointwise_predictable :
  ¬Measurable (Tests.OnlineGuessingAECausal.badPrediction 0)
'Tests.OnlineGuessingAECausal.bad_is_not_pointwise_predictable' depends on axioms: [propext,
 Classical.choice,
 Quot.sound]
Tests.OnlineGuessingAECausal.bad_is_not_everywhere_unit :
  ¬∀ (t : ℕ) (ω : ℝ × (ℕ → ℝ)), Tests.OnlineGuessingAECausal.badPrediction t ω ∈ Set.Icc 0 1
'Tests.OnlineGuessingAECausal.bad_is_not_everywhere_unit' depends on axioms: [propext, Classical.choice, Quot.sound]
Tests.OnlineGuessingAECausal.actual_all_time_bounded_policy :
  ∃ policy,
    (∀ (t : ℕ), Measurable (policy t)) ∧
      (∀ (t : ℕ) (q : ℝ × (↥(Finset.range t) → ℝ)), policy t q ∈ Set.Icc 0 1) ∧
        ∀ᵐ (ω : ℝ × (ℕ → ℝ)) ∂Tests.OnlineGuessingRandomizedIID.seededLaw,
          ∀ (t : ℕ),
            Tests.OnlineGuessingAECausal.badPrediction t ω =
              policy t
                (Tests.OnlineGuessingRandomizedIID.seed ω, fun i => Tests.OnlineGuessingRandomizedIID.target (↑i) ω)
'Tests.OnlineGuessingAECausal.actual_all_time_bounded_policy' depends on axioms: [propext, Classical.choice, Quot.sound]
Tests.OnlineGuessingAECausal.actual_current_independence (t : ℕ) :
  Tests.OnlineGuessingAECausal.badPrediction t ⟂ᵢ[Tests.OnlineGuessingRandomizedIID.seededLaw]
    Tests.OnlineGuessingRandomizedIID.target t
'Tests.OnlineGuessingAECausal.actual_current_independence' depends on axioms: [propext, Classical.choice, Quot.sound]
Tests.OnlineGuessingAECausal.actual_original_excess_identity (T : ℕ) :
  expectedFixedRegret Tests.OnlineGuessingRandomizedIID.seededLaw Tests.OnlineGuessingRandomizedIID.target
        Tests.OnlineGuessingAECausal.badPrediction T =
      ∑ t ∈ Finset.range T,
        ∫ (ω : ℝ × (ℕ → ℝ)),
          (Tests.OnlineGuessingAECausal.badPrediction t ω -
              ∫ (ω : ℝ × (ℕ → ℝ)),
                Tests.OnlineGuessingRandomizedIID.target 0 ω ∂Tests.OnlineGuessingRandomizedIID.seededLaw) ^
            2 ∂Tests.OnlineGuessingRandomizedIID.seededLaw ∧
    0 ≤
      expectedFixedRegret Tests.OnlineGuessingRandomizedIID.seededLaw Tests.OnlineGuessingRandomizedIID.target
        Tests.OnlineGuessingAECausal.badPrediction T
'Tests.OnlineGuessingAECausal.actual_original_excess_identity' depends on axioms: [propext,
 Classical.choice,
 Quot.sound]
Tests.OnlineGuessingAECausal.actual_mean_square (t : ℕ) :
  ∫ (ω : ℝ × (ℕ → ℝ)),
      (Tests.OnlineGuessingAECausal.badPrediction t ω -
          ∫ (ω : ℝ × (ℕ → ℝ)),
            Tests.OnlineGuessingRandomizedIID.target 0 ω ∂Tests.OnlineGuessingRandomizedIID.seededLaw) ^
        2 ∂Tests.OnlineGuessingRandomizedIID.seededLaw =
    1 / 4
'Tests.OnlineGuessingAECausal.actual_mean_square' depends on axioms: [propext, Classical.choice, Quot.sound]
Tests.OnlineGuessingAECausal.actual_nonzero_excess (T : ℕ) :
  expectedFixedRegret Tests.OnlineGuessingRandomizedIID.seededLaw Tests.OnlineGuessingRandomizedIID.target
      Tests.OnlineGuessingAECausal.badPrediction T =
    ↑T / 4
'Tests.OnlineGuessingAECausal.actual_nonzero_excess' depends on axioms: [propext, Classical.choice, Quot.sound]
Tests.OnlineGuessingAECausal.actual_two_round_excess :
  expectedFixedRegret Tests.OnlineGuessingRandomizedIID.seededLaw Tests.OnlineGuessingRandomizedIID.target
      Tests.OnlineGuessingAECausal.badPrediction 2 =
    1 / 2
'Tests.OnlineGuessingAECausal.actual_two_round_excess' depends on axioms: [propext, Classical.choice, Quot.sound]
Tests.OnlineGuessingAECausal.actual_empty_excess :
  expectedFixedRegret Tests.OnlineGuessingRandomizedIID.seededLaw Tests.OnlineGuessingRandomizedIID.target
      Tests.OnlineGuessingAECausal.badPrediction 0 =
    0
'Tests.OnlineGuessingAECausal.actual_empty_excess' depends on axioms: [propext, Classical.choice, Quot.sound]
Tests.OnlineGuessingAECausal.actual_positive_target_variance :
  Var[Tests.OnlineGuessingRandomizedIID.target 0; Tests.OnlineGuessingRandomizedIID.seededLaw] = 1 / 4
'Tests.OnlineGuessingAECausal.actual_positive_target_variance' depends on axioms: [propext,
 Classical.choice,
 Quot.sound]
BanditRL.OnlineLearning.privateSeedPastInformation.{u, v} {Ω : Type u} {Seed : Type v} [MeasurableSpace Seed]
  (S : Ω → Seed) (Y : ℕ → Ω → ℝ) (t : ℕ) : MeasurableSpace Ω
'BanditRL.OnlineLearning.privateSeedPastInformation' depends on axioms: [propext, Classical.choice, Quot.sound]
BanditRL.OnlineLearning.private_seed_past_independent.{u, v} {Ω : Type u} {Seed : Type v} [MeasurableSpace Ω]
  [MeasurableSpace Seed] (μ : Measure Ω) [IsProbabilityMeasure μ] (Y : ℕ → Ω → ℝ) (hY : ∀ (t : ℕ), Measurable (Y t))
  (hind : iIndepFun Y μ) (S : Ω → Seed) (hS : Measurable S) (hseed : S ⟂ᵢ[μ] fun ω t => Y t ω) (t : ℕ) :
  (fun ω => (S ω, fun i => Y (↑i) ω)) ⟂ᵢ[μ] Y t
'BanditRL.OnlineLearning.private_seed_past_independent' depends on axioms: [propext, Classical.choice, Quot.sound]
BanditRL.OnlineLearning.predictable_private_seed_independent.{u, v} {Ω : Type u} {Seed : Type v} [MeasurableSpace Ω]
  [MeasurableSpace Seed] (μ : Measure Ω) [IsProbabilityMeasure μ] (Y : ℕ → Ω → ℝ) (hY : ∀ (t : ℕ), Measurable (Y t))
  (hind : iIndepFun Y μ) (S : Ω → Seed) (hS : Measurable S) (hseed : S ⟂ᵢ[μ] fun ω t => Y t ω) (t : ℕ)
  (F : MeasurableSpace Ω) (hF : F ≤ privateSeedPastInformation S Y t) (P : Ω → ℝ) (hP : Measurable P) : P ⟂ᵢ[μ] Y t
'BanditRL.OnlineLearning.predictable_private_seed_independent' depends on axioms: [propext,
 Classical.choice,
 Quot.sound]
BanditRL.OnlineLearning.expectedFixedMinimum.{u_1} {Ω : Type u_1} [MeasurableSpace Ω] (μ : Measure Ω) (Y : ℕ → Ω → ℝ)
  (T : ℕ) : ℝ
'BanditRL.OnlineLearning.expectedFixedMinimum' depends on axioms: [propext, Classical.choice, Quot.sound]
BanditRL.OnlineLearning.expectedFixedRegret.{u_1} {Ω : Type u_1} [MeasurableSpace Ω] (μ : Measure Ω)
  (Y prediction : ℕ → Ω → ℝ) (T : ℕ) : ℝ
'BanditRL.OnlineLearning.expectedFixedRegret' depends on axioms: [propext, Classical.choice, Quot.sound]
BanditRL.OnlineLearning.expectedFixedMinimum_eq_variance.{u_1} {Ω : Type u_1} [MeasurableSpace Ω] (μ : Measure Ω)
  [IsProbabilityMeasure μ] (Y : ℕ → Ω → ℝ) (hY : ∀ (t : ℕ), Measurable (Y t))
  (hlaw : ∀ (t : ℕ), IdentDistrib (Y t) (Y 0) μ μ) (hb : ∀ (t : ℕ), ∀ᵐ (ω : Ω) ∂μ, Y t ω ∈ Set.Icc 0 1) (T : ℕ) :
  expectedFixedMinimum μ Y T = ↑T * Var[Y 0; μ]
'BanditRL.OnlineLearning.expectedFixedMinimum_eq_variance' depends on axioms: [propext, Classical.choice, Quot.sound]
BanditRL.OnlineLearning.iid_cumulative_prediction_decomposition.{u_1} {Ω : Type u_1} [MeasurableSpace Ω] (μ : Measure Ω)
  [IsProbabilityMeasure μ] (Y : ℕ → Ω → ℝ) (hY : ∀ (t : ℕ), Measurable (Y t))
  (hlaw : ∀ (t : ℕ), IdentDistrib (Y t) (Y 0) μ μ) (hb : ∀ (t : ℕ), ∀ᵐ (ω : Ω) ∂μ, Y t ω ∈ Set.Icc 0 1)
  (prediction : ℕ → Ω → ℝ) (hP : ∀ (t : ℕ), MemLp (prediction t) 2 μ) (hInd : ∀ (t : ℕ), prediction t ⟂ᵢ[μ] Y t)
  (T : ℕ) :
  ∫ (ω : Ω), ∑ t ∈ Finset.range T, (prediction t ω - Y t ω) ^ 2 ∂μ - ↑T * Var[Y 0; μ] =
    ∑ t ∈ Finset.range T, ∫ (ω : Ω), (prediction t ω - ∫ (ω : Ω), Y 0 ω ∂μ) ^ 2 ∂μ
'BanditRL.OnlineLearning.iid_cumulative_prediction_decomposition' depends on axioms: [propext,
 Classical.choice,
 Quot.sound]
Tests.OnlineGuessingRandomizedIID.seededLaw : Measure (ℝ × (ℕ → ℝ))
'Tests.OnlineGuessingRandomizedIID.seededLaw' depends on axioms: [propext, Classical.choice, Quot.sound]
Tests.OnlineGuessingRandomizedIID.seed (ω : ℝ × (ℕ → ℝ)) : ℝ
'Tests.OnlineGuessingRandomizedIID.seed' depends on axioms: [propext, Classical.choice, Quot.sound]
Tests.OnlineGuessingRandomizedIID.target (t : ℕ) (ω : ℝ × (ℕ → ℝ)) : ℝ
'Tests.OnlineGuessingRandomizedIID.target' depends on axioms: [propext, Classical.choice, Quot.sound]
Tests.OnlineGuessingRandomizedIID.seededLaw_probability :
  IsProbabilityMeasure Tests.OnlineGuessingRandomizedIID.seededLaw
'Tests.OnlineGuessingRandomizedIID.seededLaw_probability' depends on axioms: [propext, Classical.choice, Quot.sound]
Tests.OnlineGuessingRandomizedIID.seed_measurable : Measurable Tests.OnlineGuessingRandomizedIID.seed
'Tests.OnlineGuessingRandomizedIID.seed_measurable' depends on axioms: [propext, Classical.choice, Quot.sound]
Tests.OnlineGuessingRandomizedIID.target_measurable (t : ℕ) : Measurable (Tests.OnlineGuessingRandomizedIID.target t)
'Tests.OnlineGuessingRandomizedIID.target_measurable' depends on axioms: [propext, Classical.choice, Quot.sound]
Tests.OnlineGuessingRandomizedIID.seed_has_coinLaw :
  IdentDistrib Tests.OnlineGuessingRandomizedIID.seed (fun x => x) Tests.OnlineGuessingRandomizedIID.seededLaw
    Tests.OnlineGuessingIIDBenchmark.coinLaw
'Tests.OnlineGuessingRandomizedIID.seed_has_coinLaw' depends on axioms: [propext, Classical.choice, Quot.sound]
Tests.OnlineGuessingRandomizedIID.target_has_coinLaw (t : ℕ) :
  IdentDistrib (Tests.OnlineGuessingRandomizedIID.target t) (fun x => x) Tests.OnlineGuessingRandomizedIID.seededLaw
    Tests.OnlineGuessingIIDBenchmark.coinLaw
'Tests.OnlineGuessingRandomizedIID.target_has_coinLaw' depends on axioms: [propext, Classical.choice, Quot.sound]
Tests.OnlineGuessingRandomizedIID.target_sameLaw (t : ℕ) :
  IdentDistrib (Tests.OnlineGuessingRandomizedIID.target t) (Tests.OnlineGuessingRandomizedIID.target 0)
    Tests.OnlineGuessingRandomizedIID.seededLaw Tests.OnlineGuessingRandomizedIID.seededLaw
'Tests.OnlineGuessingRandomizedIID.target_sameLaw' depends on axioms: [propext, Classical.choice, Quot.sound]
Tests.OnlineGuessingRandomizedIID.target_support (t : ℕ) :
  ∀ᵐ (ω : ℝ × (ℕ → ℝ)) ∂Tests.OnlineGuessingRandomizedIID.seededLaw,
    Tests.OnlineGuessingRandomizedIID.target t ω ∈ Set.Icc 0 1
'Tests.OnlineGuessingRandomizedIID.target_support' depends on axioms: [propext, Classical.choice, Quot.sound]
Tests.OnlineGuessingRandomizedIID.target_independent :
  iIndepFun Tests.OnlineGuessingRandomizedIID.target Tests.OnlineGuessingRandomizedIID.seededLaw
'Tests.OnlineGuessingRandomizedIID.target_independent' depends on axioms: [propext, Classical.choice, Quot.sound]
Tests.OnlineGuessingRandomizedIID.seed_independent_whole_process :
  Tests.OnlineGuessingRandomizedIID.seed ⟂ᵢ[Tests.OnlineGuessingRandomizedIID.seededLaw] fun ω t =>
    Tests.OnlineGuessingRandomizedIID.target t ω
'Tests.OnlineGuessingRandomizedIID.seed_independent_whole_process' depends on axioms: [propext,
 Classical.choice,
 Quot.sound]
Tests.OnlineGuessingRandomizedIID.target_mean (t : ℕ) :
  ∫ (ω : ℝ × (ℕ → ℝ)), Tests.OnlineGuessingRandomizedIID.target t ω ∂Tests.OnlineGuessingRandomizedIID.seededLaw = 1 / 2
'Tests.OnlineGuessingRandomizedIID.target_mean' depends on axioms: [propext, Classical.choice, Quot.sound]
Tests.OnlineGuessingRandomizedIID.target_variance (t : ℕ) :
  Var[Tests.OnlineGuessingRandomizedIID.target t; Tests.OnlineGuessingRandomizedIID.seededLaw] = 1 / 4
'Tests.OnlineGuessingRandomizedIID.target_variance' depends on axioms: [propext, Classical.choice, Quot.sound]
