{
  "time": "2026-10-05T06:34:28+00:00",
  "task": "ONLINE-UNIT-SCALING-20261004",
  "role": "reviewer",
  "kind": "review",
  "status": "compiled",
  "notes": "Distinct final source reader and immutable raw gate accepted unit package only; actual22 public proofs/30 canaries/62axioms/rootTests/full466/7/26registry/21proof-value pairs/clean site02. Chapter2/book incomplete; stacked PR pending.",
  "lean": "",
  "source": "",
  "run_id": "online-unit-scaling-20261004",
  "changed_files": [],
  "statement_hash": "",
  "parent_id": "",
  "route_fingerprint": "",
  "verifier_evidence": [
    "runs\\online-unit-scaling-20261004\\accepted-decision.json"
  ],
  "harness": "",
  "experiment_id": "",
  "target_fingerprint": "",
  "route_packet_hash": "",
  "attempt_id": "ONLINE-UNIT-PUBLIC22-BODY01",
  "worker_id": "",
  "progress_class": "closed-frontier",
  "reviewer_validated": true,
  "obligations_before": 0,
  "obligations_after": 0,
  "new_declarations": [],
  "reused_declarations": [],
  "dag_nodes": 0,
  "dag_depth": 0,
  "elapsed_seconds": 0.0,
  "lean_check_seconds": 0.0,
  "prompt_chars": 0,
  "input_tokens": 0,
  "output_tokens": 0,
  "error_signature": ""
}
