{
  "schema_version": 1,
  "mode": "shadow-read-only",
  "analyzed_at": "2026-10-05T06:34:28+00:00",
  "trials_path": "E:\\ABRL\\worktrees\\research-online-book\\runs\\online-unit-scaling-20261004\\accepted-scoped-trials.jsonl",
  "trial_rows": 3,
  "status_counts": {
    "compiled": 3
  },
  "inferred_frontier": {
    "selected_task": "ONLINE-UNIT-SCALING-20261004",
    "selected_leaf": "ONLINE-UNIT-SCALING-20261004",
    "source_status": "compiled",
    "last_accepted_verifier": {
      "trial_index": 2,
      "time": "2026-10-05T06:34:28+00:00",
      "task": "ONLINE-UNIT-SCALING-20261004",
      "role": "reviewer",
      "kind": "review",
      "status": "compiled",
      "lean": "",
      "notes": "Distinct final source reader and immutable raw gate accepted unit package only; actual22 public proofs/30 canaries/62axioms/rootTests/full466/7/26registry/21proof-value pairs/clean site02. Chapter2/book incomplete; stacked PR pending.",
      "run_id": "online-unit-scaling-20261004"
    }
  },
  "memory_digest": {
    "path": "E:\\ABRL\\worktrees\\research-online-book\\runs\\online-unit-scaling-20261004\\memory-digest-accepted.md",
    "task": ""
  },
  "recorded_frontier": {
    "schema_version": 1,
    "record_id": "frontier-6291cdf3d7c6c6ae",
    "updated_at": "2026-10-05T06:34:28+00:00",
    "root_objective": "Persistent Orabona Chapters1-16 Goal; accepted unit scaling package only, Chapter2/book incomplete",
    "current_leaf": {
      "id": "ONLINE-UNIT-SCALING-20261004",
      "kind": "lean",
      "status": "accepted",
      "statement": "theorem regret_fixed_scaled (c : ℝ) (hc : 0 < c) (η : ℝ) (hη : 0 < η) (loss : ℕ → E → EReal) (x₁ : E) (p : SupportPolicy (E := E)) (T : ℕ) (hloss : ∀ t < T, BanditRL.OnlineSubgradientDescent.SubdifferentiableOn V (loss t)) (hlegal : LegalFeedback V (fun _ => η) loss x₁ p T) (u : E) : regret V (scaledEta c (fun _ => η)) (fun s => scaledLoss c (loss s)) (c⁻¹ • x₁) (scaledPolicy c p) (c⁻¹ • u) T ≤ ‖x₁ - u‖ ^ 2 / (2 * η) + η / 2 * (∑ t ∈ range T, ‖selected V (fun _ => η) loss x₁ p t‖ ^ 2) - ‖output V (fun _ => η) loss x₁ p T - u‖ ^ 2 / (2 * η)",
      "statement_hash": "e183a80660e5d151f317ed0ade141335007e700f1464090d6c089bbdc2d61e81",
      "declaration": "BanditRL.OnlineUnitScaling.regret_fixed_scaled",
      "file": "BanditRLProof/OnlineUnitScaling.lean",
      "source_status": "accepted",
      "dependencies": [
        {
          "kind": "lean",
          "name": "BanditRL.OnlineUnitScaling.regret_scaling",
          "status": "compiled"
        },
        {
          "kind": "lean",
          "name": "BanditRL.OnlineSubgradientPolicy.regret_fixed",
          "status": "compiled"
        },
        {
          "kind": "review",
          "name": "final-reader",
          "status": "accepted"
        },
        {
          "kind": "harness",
          "name": "full-bandit",
          "status": "passed"
        }
      ]
    },
    "dag": {
      "nodes": [
        {
          "id": "ONLINE-UNIT-SCALING-20261004",
          "kind": "lean",
          "status": "blocked",
          "dependencies": [
            {
              "kind": "lean",
              "name": "BanditRL.OnlineUnitScaling.regret_scaling",
              "status": "compiled"
            },
            {
              "kind": "lean",
              "name": "BanditRL.OnlineSubgradientPolicy.regret_fixed",
              "status": "compiled"
            },
            {
              "kind": "review",
              "name": "final-reader",
              "status": "accepted"
            },
            {
              "kind": "harness",
              "name": "full-bandit",
              "status": "passed"
            }
          ],
          "dispatch_count": 0
        }
      ]
    },
    "last_accepted_verifier": {
      "trial_index": 2,
      "time": "2026-10-05T06:34:28+00:00",
      "task": "ONLINE-UNIT-SCALING-20261004",
      "role": "reviewer",
      "kind": "review",
      "status": "compiled",
      "lean": "",
      "notes": "Distinct final source reader and immutable raw gate accepted unit package only; actual22 public proofs/30 canaries/62axioms/rootTests/full466/7/26registry/21proof-value pairs/clean site02. Chapter2/book incomplete; stacked PR pending.",
      "run_id": "online-unit-scaling-20261004"
    },
    "memory_policy": {
      "recent_role_relevant_limit": 5,
      "explicit_verified_lemma_ids": [],
      "whole_history_default": false
    },
    "shadow_gate": {
      "status": "pending",
      "analyzed_trial_rows": 3,
      "mismatches": [],
      "replay_transitions": 0
    },
    "mutation_policy": {
      "canonical_path_queue": true,
      "cross_process_lock": true,
      "same_file_serialized": true,
      "disjoint_files_parallel": true
    },
    "autonomous_execution": {
      "enabled": false,
      "requires_deterministic_gates": true,
      "requires_explicit_user_request": true
    }
  },
  "mismatches": [],
  "would_mutate": false
}
