{
  "schema_version": 1,
  "entry_id": "entry-f8b42d84e59195aa",
  "session_id": "ONLINE-UNIT-SCALING-20261004",
  "sequence": 6,
  "parent_id": "entry-eb3102fe24f2a498",
  "event_type": "accepted",
  "created_at": "2026-10-05T06:34:29+00:00",
  "payload": {
    "run_id": "online-unit-scaling-20261004",
    "scope": "C2-unit-scaling package only",
    "public_proofs": 22,
    "canaries": 30,
    "semantic_verdict": "accepted-with-explicit-delta",
    "immutable_raw_rows": 1303,
    "chapter_complete": false,
    "book_complete": false,
    "goal_complete": false,
    "merged": false,
    "deployed": false
  }
}
