runs/online-unit-scaling-20261004/leaves/body-03.lean:32:0: warning: automatically included section variable(s) unused in theorem `BanditRL.OnlineUnitScaling.inverse_loss`:
  [FiniteDimensional ℝ E]
consider restructuring your `variable` declarations so that the variables are not in scope or explicitly omit them:
  omit [FiniteDimensional ℝ E] in theorem ...

Note: This linter can be disabled with `set_option linter.unusedSectionVars false`
runs/online-unit-scaling-20261004/leaves/body-03.lean:37:0: warning: automatically included section variable(s) unused in theorem `BanditRL.OnlineUnitScaling.proper_scaled_loss`:
  [FiniteDimensional ℝ E]
consider restructuring your `variable` declarations so that the variables are not in scope or explicitly omit them:
  omit [FiniteDimensional ℝ E] in theorem ...

Note: This linter can be disabled with `set_option linter.unusedSectionVars false`
runs/online-unit-scaling-20261004/leaves/body-03.lean:46:36: warning: unused variable `hc`

Note: This linter can be disabled with `set_option linter.unusedVariables false`
runs/online-unit-scaling-20261004/leaves/body-03.lean:90:0: warning: automatically included section variable(s) unused in theorem `BanditRL.OnlineUnitScaling.step_scaling`:
  [FiniteDimensional ℝ E]
consider restructuring your `variable` declarations so that the variables are not in scope or explicitly omit them:
  omit [FiniteDimensional ℝ E] in theorem ...

Note: This linter can be disabled with `set_option linter.unusedSectionVars false`
runs/online-unit-scaling-20261004/leaves/body-03.lean:94:8: warning: 'ring' tactic does nothing

Note: This linter can be disabled with `set_option linter.unusedTactic false`
runs/online-unit-scaling-20261004/leaves/body-03.lean:94:8: warning: this tactic is never executed

Note: This linter can be disabled with `set_option linter.unreachableTactic false`
runs/online-unit-scaling-20261004/leaves/body-03.lean:97:0: warning: automatically included section variable(s) unused in theorem `BanditRL.OnlineUnitScaling.wrong_step_scaling`:
  [FiniteDimensional ℝ E]
consider restructuring your `variable` declarations so that the variables are not in scope or explicitly omit them:
  omit [FiniteDimensional ℝ E] in theorem ...

Note: This linter can be disabled with `set_option linter.unusedSectionVars false`
