runs/online-unit-scaling-20261004/Tests-01.log:1310: trailing whitespace.
+  
runs/online-unit-scaling-20261004/Tests-01.log:1312: trailing whitespace.
+    
runs/online-unit-scaling-20261004/Tests-01.log:1317: trailing whitespace.
+  
runs/online-unit-scaling-20261004/Tests-01.log:1319: trailing whitespace.
+    
runs/online-unit-scaling-20261004/Tests-01.log:1480: trailing whitespace.
+  
runs/online-unit-scaling-20261004/Tests-01.log:1482: trailing whitespace.
+    
runs/online-unit-scaling-20261004/Tests-01.log:1631: trailing whitespace.
+  
runs/online-unit-scaling-20261004/Tests-01.log:1633: trailing whitespace.
+    
runs/online-unit-scaling-20261004/Tests-01.log:1802: trailing whitespace.
+  
runs/online-unit-scaling-20261004/Tests-01.log:1804: trailing whitespace.
+    
runs/online-unit-scaling-20261004/Tests-01.log:1844: trailing whitespace.
+  
runs/online-unit-scaling-20261004/Tests-01.log:1846: trailing whitespace.
+    
runs/online-unit-scaling-20261004/Tests-01.log:2339: trailing whitespace.
+  
runs/online-unit-scaling-20261004/Tests-01.log:2341: trailing whitespace.
+    
runs/online-unit-scaling-20261004/Tests-01.log:2390: trailing whitespace.
+  
runs/online-unit-scaling-20261004/Tests-01.log:2392: trailing whitespace.
+    
runs/online-unit-scaling-20261004/Tests-01.log:6776: trailing whitespace.
+  
runs/online-unit-scaling-20261004/Tests-01.log:6778: trailing whitespace.
+    
runs/online-unit-scaling-20261004/canary-focused-01.log:655: trailing whitespace.
+  
runs/online-unit-scaling-20261004/canary-focused-01.log:657: trailing whitespace.
+    
runs/online-unit-scaling-20261004/canary-focused-01.log:806: trailing whitespace.
+  
runs/online-unit-scaling-20261004/canary-focused-01.log:808: trailing whitespace.
+    
runs/online-unit-scaling-20261004/canary-focused-01.log:1035: trailing whitespace.
+  
runs/online-unit-scaling-20261004/canary-focused-01.log:1037: trailing whitespace.
+    
runs/online-unit-scaling-20261004/canary-focused-01.log:1077: trailing whitespace.
+  
runs/online-unit-scaling-20261004/canary-focused-01.log:1079: trailing whitespace.
+    
runs/online-unit-scaling-20261004/canary-focused-01.log:1849: trailing whitespace.
+  
runs/online-unit-scaling-20261004/canary-focused-01.log:1851: trailing whitespace.
+    
runs/online-unit-scaling-20261004/canary-focused-01.log:1856: trailing whitespace.
+  
runs/online-unit-scaling-20261004/canary-focused-01.log:1858: trailing whitespace.
+    
runs/online-unit-scaling-20261004/canary-focused-01.log:1891: trailing whitespace.
+  
runs/online-unit-scaling-20261004/canary-focused-01.log:1893: trailing whitespace.
+    
runs/online-unit-scaling-20261004/canary-focused-01.log:1935: trailing whitespace.
+  
runs/online-unit-scaling-20261004/canary-focused-01.log:1937: trailing whitespace.
+    
runs/online-unit-scaling-20261004/full-harness-01.log:496: trailing whitespace.
+  
runs/online-unit-scaling-20261004/full-harness-01.log:498: trailing whitespace.
+    
runs/online-unit-scaling-20261004/full-harness-01.log:647: trailing whitespace.
+  
runs/online-unit-scaling-20261004/full-harness-01.log:649: trailing whitespace.
+    
runs/online-unit-scaling-20261004/full-harness-01.log:893: trailing whitespace.
+  
runs/online-unit-scaling-20261004/full-harness-01.log:895: trailing whitespace.
+    
runs/online-unit-scaling-20261004/full-harness-01.log:935: trailing whitespace.
+  
runs/online-unit-scaling-20261004/full-harness-01.log:937: trailing whitespace.
+    
runs/online-unit-scaling-20261004/full-harness-01.log:1707: trailing whitespace.
+  
runs/online-unit-scaling-20261004/full-harness-01.log:1709: trailing whitespace.
+    
runs/online-unit-scaling-20261004/full-harness-01.log:1714: trailing whitespace.
+  
runs/online-unit-scaling-20261004/full-harness-01.log:1716: trailing whitespace.
+    
runs/online-unit-scaling-20261004/full-harness-01.log:1749: trailing whitespace.
+  
runs/online-unit-scaling-20261004/full-harness-01.log:1751: trailing whitespace.
+    
runs/online-unit-scaling-20261004/full-harness-01.log:1780: trailing whitespace.
+  
runs/online-unit-scaling-20261004/full-harness-01.log:1782: trailing whitespace.
+    
runs/online-unit-scaling-20261004/full-harness-01.log:3618: trailing whitespace.
+  
runs/online-unit-scaling-20261004/full-harness-01.log:3620: trailing whitespace.
+    
runs/online-unit-scaling-20261004/full-harness-01.log:3625: trailing whitespace.
+  
runs/online-unit-scaling-20261004/full-harness-01.log:3627: trailing whitespace.
+    
runs/online-unit-scaling-20261004/full-harness-01.log:3788: trailing whitespace.
+  
runs/online-unit-scaling-20261004/full-harness-01.log:3790: trailing whitespace.
+    
runs/online-unit-scaling-20261004/full-harness-01.log:3939: trailing whitespace.
+  
runs/online-unit-scaling-20261004/full-harness-01.log:3941: trailing whitespace.
+    
runs/online-unit-scaling-20261004/full-harness-01.log:4110: trailing whitespace.
+  
runs/online-unit-scaling-20261004/full-harness-01.log:4112: trailing whitespace.
+    
runs/online-unit-scaling-20261004/full-harness-01.log:4152: trailing whitespace.
+  
runs/online-unit-scaling-20261004/full-harness-01.log:4154: trailing whitespace.
+    
runs/online-unit-scaling-20261004/full-harness-01.log:4647: trailing whitespace.
+  
runs/online-unit-scaling-20261004/full-harness-01.log:4649: trailing whitespace.
+    
runs/online-unit-scaling-20261004/full-harness-01.log:4698: trailing whitespace.
+  
runs/online-unit-scaling-20261004/full-harness-01.log:4700: trailing whitespace.
+    
runs/online-unit-scaling-20261004/full-harness-01.log:9084: trailing whitespace.
+  
runs/online-unit-scaling-20261004/full-harness-01.log:9086: trailing whitespace.
+    
runs/online-unit-scaling-20261004/root-01.log:491: trailing whitespace.
+  
runs/online-unit-scaling-20261004/root-01.log:493: trailing whitespace.
+    
runs/online-unit-scaling-20261004/root-01.log:646: trailing whitespace.
+  
runs/online-unit-scaling-20261004/root-01.log:648: trailing whitespace.
+    
runs/online-unit-scaling-20261004/root-01.log:834: trailing whitespace.
+  
runs/online-unit-scaling-20261004/root-01.log:836: trailing whitespace.
+    
runs/online-unit-scaling-20261004/root-01.log:876: trailing whitespace.
+  
runs/online-unit-scaling-20261004/root-01.log:878: trailing whitespace.
+    
runs/online-unit-scaling-20261004/root-01.log:1706: trailing whitespace.
+  
runs/online-unit-scaling-20261004/root-01.log:1708: trailing whitespace.
+    
runs/online-unit-scaling-20261004/root-01.log:1713: trailing whitespace.
+  
runs/online-unit-scaling-20261004/root-01.log:1715: trailing whitespace.
+    
runs/online-unit-scaling-20261004/root-01.log:1748: trailing whitespace.
+  
runs/online-unit-scaling-20261004/root-01.log:1750: trailing whitespace.
+    
runs/online-unit-scaling-20261004/root-01.log:1799: trailing whitespace.
+  
runs/online-unit-scaling-20261004/root-01.log:1801: trailing whitespace.
+    
