{
  "time": "2026-10-04T14:10:09+00:00",
  "task": "ONLINE-UNIT-SCALING-20261004",
  "role": "lower",
  "kind": "attempt",
  "status": "compiled",
  "notes": "Actual22 frozen bodies compile in body-06 and public-focused-01. Shared history/scaled feedback/effective schedule/regret/sharp residual closed. Canary/body review/combined gates pending; native kind proof rejection retained, actual kind attempt.",
  "lean": "BanditRLProof/OnlineUnitScaling.lean",
  "source": "ORABONA-V10-P21-22-UNIT-SCALING",
  "run_id": "online-unit-scaling-20261004",
  "changed_files": [
    "BanditRLProof/OnlineUnitScaling.lean"
  ],
  "statement_hash": "",
  "parent_id": "",
  "route_fingerprint": "",
  "verifier_evidence": [
    "runs/online-unit-scaling-20261004/public-focused-01-exit.json"
  ],
  "harness": "",
  "experiment_id": "",
  "target_fingerprint": "",
  "route_packet_hash": "",
  "attempt_id": "ONLINE-UNIT-PUBLIC22-BODY01",
  "worker_id": "",
  "progress_class": "compiled-leaf",
  "reviewer_validated": false,
  "obligations_before": 22,
  "obligations_after": 0,
  "new_declarations": [],
  "reused_declarations": [],
  "dag_nodes": 0,
  "dag_depth": 0,
  "elapsed_seconds": 0.0,
  "lean_check_seconds": 0.0,
  "prompt_chars": 0,
  "input_tokens": 0,
  "output_tokens": 0,
  "error_signature": ""
}
