runs/online-unit-scaling-20261004/leaves/neutral-types-v1.lean:24:7: warning: unused variable `k`

Note: This linter can be disabled with `set_option linter.unusedVariables false`
∀ {D : Type u_2} [inst : AddCommGroup D] (X L H : D), H + (L - X) = X → H = X + X - L : Prop
runs/online-unit-scaling-20261004/leaves/neutral-types-v1.lean:42:52: warning: unused variable `h`

Note: This linter can be disabled with `set_option linter.unusedVariables false`
∀ {D : Type u_2} [inst : AddCommGroup D] (X L : D), X + X - (X + X - L) = L ∧ X + X - L + (L - X) + (L - X) = L : Prop
∀ (c : ℝ), 0 < c → ∀ (f : E → EReal), F c⁻¹ (F c f) = f : Prop
runs/online-unit-scaling-20261004/leaves/neutral-types-v1.lean:46:19: warning: unused variable `hc`

Note: This linter can be disabled with `set_option linter.unusedVariables false`
∀ (c : ℝ), 0 < c → ∀ (f : E → EReal), Q f → Q (F c f) : Prop
runs/online-unit-scaling-20261004/leaves/neutral-types-v1.lean:48:19: warning: unused variable `hc`

Note: This linter can be disabled with `set_option linter.unusedVariables false`
runs/online-unit-scaling-20261004/leaves/neutral-types-v1.lean:48:48: warning: unused variable `hf`

Note: This linter can be disabled with `set_option linter.unusedVariables false`
∀ (c : ℝ), 0 < c → ∀ (f : E → EReal), Q f → ∀ (y g : E), g ∈ S f (c • y) → c • g ∈ S (F c f) y : Prop
runs/online-unit-scaling-20261004/leaves/neutral-types-v1.lean:50:19: warning: unused variable `hc`

Note: This linter can be disabled with `set_option linter.unusedVariables false`
runs/online-unit-scaling-20261004/leaves/neutral-types-v1.lean:50:48: warning: unused variable `hf`

Note: This linter can be disabled with `set_option linter.unusedVariables false`
runs/online-unit-scaling-20261004/leaves/neutral-types-v1.lean:50:69: warning: unused variable `hg`

Note: This linter can be disabled with `set_option linter.unusedVariables false`
∀ (c : ℝ), 0 < c → ∀ (f : E → EReal), B f → B (F c f) : Prop
runs/online-unit-scaling-20261004/leaves/neutral-types-v1.lean:52:19: warning: unused variable `hc`

Note: This linter can be disabled with `set_option linter.unusedVariables false`
runs/online-unit-scaling-20261004/leaves/neutral-types-v1.lean:52:48: warning: unused variable `hf`

Note: This linter can be disabled with `set_option linter.unusedVariables false`
∀ (c : ℝ) (f : E → ℝ) (y g : E), HasGradientAt f g (c • y) → HasGradientAt (fun z => f (c • z)) (c • g) y : Prop
runs/online-unit-scaling-20261004/leaves/neutral-types-v1.lean:54:41: warning: unused variable `hf`

Note: This linter can be disabled with `set_option linter.unusedVariables false`
∀ (c : ℝ) (f : E → ℝ) (y : E),
  DifferentiableAt ℝ f (c • y) → gradient (fun z => f (c • z)) y = c • gradient f (c • y) : Prop
runs/online-unit-scaling-20261004/leaves/neutral-types-v1.lean:56:39: warning: unused variable `hf`

Note: This linter can be disabled with `set_option linter.unusedVariables false`
∀ (c : ℝ), 0 < c → ∀ (η : ℝ) (x g : E), c⁻¹ • (x - η • g) = c⁻¹ • x - (η / c ^ 2) • c • g : Prop
runs/online-unit-scaling-20261004/leaves/neutral-types-v1.lean:58:19: warning: unused variable `hc`

Note: This linter can be disabled with `set_option linter.unusedVariables false`
∀ (c : ℝ), 0 < c → ∀ (η : ℝ) (x g : E), c • (c⁻¹ • x - η • c • g) = x - (c ^ 2 * η) • g : Prop
runs/online-unit-scaling-20261004/leaves/neutral-types-v1.lean:60:19: warning: unused variable `hc`

Note: This linter can be disabled with `set_option linter.unusedVariables false`
∀ (c : ℝ), 0 < c → ∀ (η : ℕ → ℝ) (t : ℕ), 0 < η t → 0 < e c η t : Prop
runs/online-unit-scaling-20261004/leaves/neutral-types-v1.lean:62:19: warning: unused variable `hc`

Note: This linter can be disabled with `set_option linter.unusedVariables false`
runs/online-unit-scaling-20261004/leaves/neutral-types-v1.lean:62:52: warning: unused variable `hη`

Note: This linter can be disabled with `set_option linter.unusedVariables false`
∀ (c : ℝ),
  0 < c →
    ∀ (η : ℕ → ℝ) (loss : ℕ → E → EReal) (x₁ : E) (p : P) (t : ℕ),
      H K (e c η) (fun s => F c (loss s)) (c⁻¹ • x₁) (a c p) t = fun i => c⁻¹ • H K η loss x₁ p t i : Prop
runs/online-unit-scaling-20261004/leaves/neutral-types-v1.lean:64:19: warning: unused variable `hc`

Note: This linter can be disabled with `set_option linter.unusedVariables false`
∀ (c : ℝ),
  0 < c →
    ∀ (η : ℕ → ℝ) (loss : ℕ → E → EReal) (x₁ : E) (p : P) (t : ℕ),
      Z K (e c η) (fun s => F c (loss s)) (c⁻¹ • x₁) (a c p) t = c⁻¹ • Z K η loss x₁ p t : Prop
runs/online-unit-scaling-20261004/leaves/neutral-types-v1.lean:66:19: warning: unused variable `hc`

Note: This linter can be disabled with `set_option linter.unusedVariables false`
∀ (c : ℝ),
  0 < c →
    ∀ (η : ℕ → ℝ) (loss : ℕ → E → EReal) (x₁ : E) (p : P) (t : ℕ),
      G K (e c η) (fun s => F c (loss s)) (c⁻¹ • x₁) (a c p) t = c • G K η loss x₁ p t : Prop
runs/online-unit-scaling-20261004/leaves/neutral-types-v1.lean:68:19: warning: unused variable `hc`

Note: This linter can be disabled with `set_option linter.unusedVariables false`
∀ (c : ℝ),
  0 < c →
    ∀ (η : ℕ → ℝ) (loss : ℕ → E → EReal) (x₁ : E) (p : P) (T : ℕ),
      (∀ t < T, Q (loss t)) → L K η loss x₁ p T → L K (e c η) (fun s => F c (loss s)) (c⁻¹ • x₁) (a c p) T : Prop
runs/online-unit-scaling-20261004/leaves/neutral-types-v1.lean:70:19: warning: unused variable `hc`

Note: This linter can be disabled with `set_option linter.unusedVariables false`
runs/online-unit-scaling-20261004/leaves/neutral-types-v1.lean:70:101: warning: unused variable `hproper`

Note: This linter can be disabled with `set_option linter.unusedVariables false`
runs/online-unit-scaling-20261004/leaves/neutral-types-v1.lean:70:133: warning: unused variable `hlegal`

Note: This linter can be disabled with `set_option linter.unusedVariables false`
∀ (c : ℝ),
  0 < c →
    ∀ (η : ℕ → ℝ) (loss : ℕ → E → EReal) (x₁ : E) (p : P) (t : ℕ),
      F c (loss t) (Z K (e c η) (fun s => F c (loss s)) (c⁻¹ • x₁) (a c p) t) = loss t (Z K η loss x₁ p t) : Prop
runs/online-unit-scaling-20261004/leaves/neutral-types-v1.lean:72:19: warning: unused variable `hc`

Note: This linter can be disabled with `set_option linter.unusedVariables false`
∀ (c : ℝ),
  0 < c →
    ∀ (η : ℕ → ℝ) (loss : ℕ → E → EReal) (x₁ : E) (p : P) (u : E) (T : ℕ),
      R K (e c η) (fun s => F c (loss s)) (c⁻¹ • x₁) (a c p) (c⁻¹ • u) T = R K η loss x₁ p u T : Prop
runs/online-unit-scaling-20261004/leaves/neutral-types-v1.lean:74:19: warning: unused variable `hc`

Note: This linter can be disabled with `set_option linter.unusedVariables false`
∀ (c : ℝ),
  0 < c →
    ∀ (η : ℕ → ℝ) (loss : ℕ → E → EReal) (x₁ : E) (p : P) (t : ℕ),
      c • Z K η (fun s => F c (loss s)) (c⁻¹ • x₁) (a c p) t = Z K (fun s => c ^ 2 * η s) loss x₁ p t : Prop
runs/online-unit-scaling-20261004/leaves/neutral-types-v1.lean:76:19: warning: unused variable `hc`

Note: This linter can be disabled with `set_option linter.unusedVariables false`
∀ (c : ℝ), 0 < c → ∀ (x u : E), ‖c⁻¹ • x - c⁻¹ • u‖ ^ 2 = ‖x - u‖ ^ 2 / c ^ 2 : Prop
runs/online-unit-scaling-20261004/leaves/neutral-types-v1.lean:78:19: warning: unused variable `hc`

Note: This linter can be disabled with `set_option linter.unusedVariables false`
∀ (c : ℝ),
  0 < c →
    ∀ (η : ℕ → ℝ) (loss : ℕ → E → EReal) (x₁ : E) (p : P) (T : ℕ),
      ∑ t ∈ Finset.range T, ‖G K (e c η) (fun s => F c (loss s)) (c⁻¹ • x₁) (a c p) t‖ ^ 2 =
        c ^ 2 * ∑ t ∈ Finset.range T, ‖G K η loss x₁ p t‖ ^ 2 : Prop
runs/online-unit-scaling-20261004/leaves/neutral-types-v1.lean:80:19: warning: unused variable `hc`

Note: This linter can be disabled with `set_option linter.unusedVariables false`
∀ (c : ℝ), 0 < c → ∀ (A B η : ℝ), 0 < η → U (A / c ^ 2) (c ^ 2 * B) (η / c ^ 2) = U A B η : Prop
runs/online-unit-scaling-20261004/leaves/neutral-types-v1.lean:82:19: warning: unused variable `hc`

Note: This linter can be disabled with `set_option linter.unusedVariables false`
runs/online-unit-scaling-20261004/leaves/neutral-types-v1.lean:82:44: warning: unused variable `hη`

Note: This linter can be disabled with `set_option linter.unusedVariables false`
∀ (c : ℝ),
  0 < c →
    ∀ (η : ℝ),
      0 < η →
        ∀ (loss : ℕ → E → EReal) (x₁ : E) (p : P) (T : ℕ),
          (∀ t < T, B (loss t)) →
            L K (fun x => η) loss x₁ p T →
              ∀ (u : E),
                R K (e c fun x => η) (fun s => F c (loss s)) (c⁻¹ • x₁) (a c p) (c⁻¹ • u) T ≤
                  ‖x₁ - u‖ ^ 2 / (2 * η) + η / 2 * ∑ t ∈ Finset.range T, ‖G K (fun x => η) loss x₁ p t‖ ^ 2 -
                    ‖Z K (fun x => η) loss x₁ p T - u‖ ^ 2 / (2 * η) : Prop
runs/online-unit-scaling-20261004/leaves/neutral-types-v1.lean:84:19: warning: unused variable `hc`

Note: This linter can be disabled with `set_option linter.unusedVariables false`
runs/online-unit-scaling-20261004/leaves/neutral-types-v1.lean:84:40: warning: unused variable `hη`

Note: This linter can be disabled with `set_option linter.unusedVariables false`
runs/online-unit-scaling-20261004/leaves/neutral-types-v1.lean:84:110: warning: unused variable `hloss`

Note: This linter can be disabled with `set_option linter.unusedVariables false`
runs/online-unit-scaling-20261004/leaves/neutral-types-v1.lean:84:140: warning: unused variable `hlegal`

Note: This linter can be disabled with `set_option linter.unusedVariables false`
