BanditRL.OnlineUnitScaling.V.{u_1} {E : Type u_1} [NormedAddCommGroup E] [InnerProductSpace ℝ E] :
  BanditRL.OnlineSubgradientPolicy.Domain
'BanditRL.OnlineUnitScaling.V' depends on axioms: [propext, Classical.choice, Quot.sound]
BanditRL.OnlineUnitScaling.scaledLoss.{u_1} {E : Type u_1} [NormedAddCommGroup E] [InnerProductSpace ℝ E] (c : ℝ)
  (f : E → EReal) : E → EReal
'BanditRL.OnlineUnitScaling.scaledLoss' depends on axioms: [propext, Classical.choice, Quot.sound]
BanditRL.OnlineUnitScaling.scaledEta (c : ℝ) (η : ℕ → ℝ) : ℕ → ℝ
'BanditRL.OnlineUnitScaling.scaledEta' depends on axioms: [propext, Classical.choice, Quot.sound]
BanditRL.OnlineUnitScaling.scaledPolicy.{u_1} {E : Type u_1} [NormedAddCommGroup E] [InnerProductSpace ℝ E] (c : ℝ)
  (p : BanditRL.OnlineSubgradientPolicy.SupportPolicy) : BanditRL.OnlineSubgradientPolicy.SupportPolicy
'BanditRL.OnlineUnitScaling.scaledPolicy' depends on axioms: [propext, Classical.choice, Quot.sound]
BanditRL.OnlineUnitScaling.unit_exponents.{u_2} {D : Type u_2} [AddCommGroup D] (X L H : D) (h : H + (L - X) = X) :
  H = X + X - L
'BanditRL.OnlineUnitScaling.unit_exponents' depends on axioms: [propext]
BanditRL.OnlineUnitScaling.regret_unit_exponents.{u_2} {D : Type u_2} [AddCommGroup D] (X L : D) :
  X + X - (X + X - L) = L ∧ X + X - L + (L - X) + (L - X) = L
'BanditRL.OnlineUnitScaling.regret_unit_exponents' depends on axioms: [propext]
BanditRL.OnlineUnitScaling.inverse_loss.{u_1} {E : Type u_1} [NormedAddCommGroup E] [InnerProductSpace ℝ E]
  [FiniteDimensional ℝ E] (c : ℝ) (hc : 0 < c) (f : E → EReal) :
  BanditRL.OnlineUnitScaling.scaledLoss c⁻¹ (BanditRL.OnlineUnitScaling.scaledLoss c f) = f
'BanditRL.OnlineUnitScaling.inverse_loss' depends on axioms: [propext, Classical.choice, Quot.sound]
BanditRL.OnlineUnitScaling.proper_scaled_loss.{u_1} {E : Type u_1} [NormedAddCommGroup E] [InnerProductSpace ℝ E]
  [FiniteDimensional ℝ E] (c : ℝ) (hc : 0 < c) (f : E → EReal) (hf : BanditRL.OnlineConvex.SourceProper f) :
  BanditRL.OnlineConvex.SourceProper (BanditRL.OnlineUnitScaling.scaledLoss c f)
'BanditRL.OnlineUnitScaling.proper_scaled_loss' depends on axioms: [propext, Classical.choice, Quot.sound]
BanditRL.OnlineUnitScaling.subgradient_scaled.{u_1} {E : Type u_1} [NormedAddCommGroup E] [InnerProductSpace ℝ E]
  [FiniteDimensional ℝ E] (c : ℝ) (hc : 0 < c) (f : E → EReal) (hf : BanditRL.OnlineConvex.SourceProper f) (y g : E)
  (hg : g ∈ BanditRL.OnlineConvex.SourceSubdifferential f (c • y)) :
  c • g ∈ BanditRL.OnlineConvex.SourceSubdifferential (BanditRL.OnlineUnitScaling.scaledLoss c f) y
'BanditRL.OnlineUnitScaling.subgradient_scaled' depends on axioms: [propext, Classical.choice, Quot.sound]
BanditRL.OnlineUnitScaling.subdifferentiable_scaled.{u_1} {E : Type u_1} [NormedAddCommGroup E] [InnerProductSpace ℝ E]
  [FiniteDimensional ℝ E] (c : ℝ) (hc : 0 < c) (f : E → EReal)
  (hf : BanditRL.OnlineSubgradientDescent.SubdifferentiableOn BanditRL.OnlineUnitScaling.V f) :
  BanditRL.OnlineSubgradientDescent.SubdifferentiableOn BanditRL.OnlineUnitScaling.V
    (BanditRL.OnlineUnitScaling.scaledLoss c f)
'BanditRL.OnlineUnitScaling.subdifferentiable_scaled' depends on axioms: [propext, Classical.choice, Quot.sound]
BanditRL.OnlineUnitScaling.hasGradientAt_scaled.{u_1} {E : Type u_1} [NormedAddCommGroup E] [InnerProductSpace ℝ E]
  [FiniteDimensional ℝ E] (c : ℝ) (f : E → ℝ) (y g : E) (hf : HasGradientAt f g (c • y)) :
  HasGradientAt (fun z => f (c • z)) (c • g) y
'BanditRL.OnlineUnitScaling.hasGradientAt_scaled' depends on axioms: [propext, Classical.choice, Quot.sound]
BanditRL.OnlineUnitScaling.gradient_scaled.{u_1} {E : Type u_1} [NormedAddCommGroup E] [InnerProductSpace ℝ E]
  [FiniteDimensional ℝ E] (c : ℝ) (f : E → ℝ) (y : E) (hf : DifferentiableAt ℝ f (c • y)) :
  gradient (fun z => f (c • z)) y = c • gradient f (c • y)
'BanditRL.OnlineUnitScaling.gradient_scaled' depends on axioms: [propext, Classical.choice, Quot.sound]
BanditRL.OnlineUnitScaling.step_scaling.{u_1} {E : Type u_1} [NormedAddCommGroup E] [InnerProductSpace ℝ E]
  [FiniteDimensional ℝ E] (c : ℝ) (hc : 0 < c) (η : ℝ) (x g : E) : c⁻¹ • (x - η • g) = c⁻¹ • x - (η / c ^ 2) • c • g
'BanditRL.OnlineUnitScaling.step_scaling' depends on axioms: [propext, Classical.choice, Quot.sound]
BanditRL.OnlineUnitScaling.wrong_step_scaling.{u_1} {E : Type u_1} [NormedAddCommGroup E] [InnerProductSpace ℝ E]
  [FiniteDimensional ℝ E] (c : ℝ) (hc : 0 < c) (η : ℝ) (x g : E) : c • (c⁻¹ • x - η • c • g) = x - (c ^ 2 * η) • g
'BanditRL.OnlineUnitScaling.wrong_step_scaling' depends on axioms: [propext, Classical.choice, Quot.sound]
BanditRL.OnlineUnitScaling.scaled_eta_positive (c : ℝ) (hc : 0 < c) (η : ℕ → ℝ) (t : ℕ) (hη : 0 < η t) :
  0 < BanditRL.OnlineUnitScaling.scaledEta c η t
'BanditRL.OnlineUnitScaling.scaled_eta_positive' depends on axioms: [propext, Classical.choice, Quot.sound]
BanditRL.OnlineUnitScaling.history_scaling.{u_1} {E : Type u_1} [NormedAddCommGroup E] [InnerProductSpace ℝ E]
  [FiniteDimensional ℝ E] (c : ℝ) (hc : 0 < c) (η : ℕ → ℝ) (loss : ℕ → E → EReal) (x₁ : E)
  (p : BanditRL.OnlineSubgradientPolicy.SupportPolicy) (t : ℕ) :
  BanditRL.OnlineSubgradientPolicy.history BanditRL.OnlineUnitScaling.V (BanditRL.OnlineUnitScaling.scaledEta c η)
      (fun s => BanditRL.OnlineUnitScaling.scaledLoss c (loss s)) (c⁻¹ • x₁)
      (BanditRL.OnlineUnitScaling.scaledPolicy c p) t =
    fun i => c⁻¹ • BanditRL.OnlineSubgradientPolicy.history BanditRL.OnlineUnitScaling.V η loss x₁ p t i
'BanditRL.OnlineUnitScaling.history_scaling' depends on axioms: [propext, Classical.choice, Quot.sound]
BanditRL.OnlineUnitScaling.output_scaling.{u_1} {E : Type u_1} [NormedAddCommGroup E] [InnerProductSpace ℝ E]
  [FiniteDimensional ℝ E] (c : ℝ) (hc : 0 < c) (η : ℕ → ℝ) (loss : ℕ → E → EReal) (x₁ : E)
  (p : BanditRL.OnlineSubgradientPolicy.SupportPolicy) (t : ℕ) :
  BanditRL.OnlineSubgradientPolicy.output BanditRL.OnlineUnitScaling.V (BanditRL.OnlineUnitScaling.scaledEta c η)
      (fun s => BanditRL.OnlineUnitScaling.scaledLoss c (loss s)) (c⁻¹ • x₁)
      (BanditRL.OnlineUnitScaling.scaledPolicy c p) t =
    c⁻¹ • BanditRL.OnlineSubgradientPolicy.output BanditRL.OnlineUnitScaling.V η loss x₁ p t
'BanditRL.OnlineUnitScaling.output_scaling' depends on axioms: [propext, Classical.choice, Quot.sound]
BanditRL.OnlineUnitScaling.selected_scaling.{u_1} {E : Type u_1} [NormedAddCommGroup E] [InnerProductSpace ℝ E]
  [FiniteDimensional ℝ E] (c : ℝ) (hc : 0 < c) (η : ℕ → ℝ) (loss : ℕ → E → EReal) (x₁ : E)
  (p : BanditRL.OnlineSubgradientPolicy.SupportPolicy) (t : ℕ) :
  BanditRL.OnlineSubgradientPolicy.selected BanditRL.OnlineUnitScaling.V (BanditRL.OnlineUnitScaling.scaledEta c η)
      (fun s => BanditRL.OnlineUnitScaling.scaledLoss c (loss s)) (c⁻¹ • x₁)
      (BanditRL.OnlineUnitScaling.scaledPolicy c p) t =
    c • BanditRL.OnlineSubgradientPolicy.selected BanditRL.OnlineUnitScaling.V η loss x₁ p t
'BanditRL.OnlineUnitScaling.selected_scaling' depends on axioms: [propext, Classical.choice, Quot.sound]
BanditRL.OnlineUnitScaling.legal_feedback_scaling.{u_1} {E : Type u_1} [NormedAddCommGroup E] [InnerProductSpace ℝ E]
  [FiniteDimensional ℝ E] (c : ℝ) (hc : 0 < c) (η : ℕ → ℝ) (loss : ℕ → E → EReal) (x₁ : E)
  (p : BanditRL.OnlineSubgradientPolicy.SupportPolicy) (T : ℕ)
  (hproper : ∀ t < T, BanditRL.OnlineConvex.SourceProper (loss t))
  (hlegal : BanditRL.OnlineSubgradientPolicy.LegalFeedback BanditRL.OnlineUnitScaling.V η loss x₁ p T) :
  BanditRL.OnlineSubgradientPolicy.LegalFeedback BanditRL.OnlineUnitScaling.V (BanditRL.OnlineUnitScaling.scaledEta c η)
    (fun s => BanditRL.OnlineUnitScaling.scaledLoss c (loss s)) (c⁻¹ • x₁) (BanditRL.OnlineUnitScaling.scaledPolicy c p)
    T
'BanditRL.OnlineUnitScaling.legal_feedback_scaling' depends on axioms: [propext, Classical.choice, Quot.sound]
BanditRL.OnlineUnitScaling.loss_value_scaling.{u_1} {E : Type u_1} [NormedAddCommGroup E] [InnerProductSpace ℝ E]
  [FiniteDimensional ℝ E] (c : ℝ) (hc : 0 < c) (η : ℕ → ℝ) (loss : ℕ → E → EReal) (x₁ : E)
  (p : BanditRL.OnlineSubgradientPolicy.SupportPolicy) (t : ℕ) :
  BanditRL.OnlineUnitScaling.scaledLoss c (loss t)
      (BanditRL.OnlineSubgradientPolicy.output BanditRL.OnlineUnitScaling.V (BanditRL.OnlineUnitScaling.scaledEta c η)
        (fun s => BanditRL.OnlineUnitScaling.scaledLoss c (loss s)) (c⁻¹ • x₁)
        (BanditRL.OnlineUnitScaling.scaledPolicy c p) t) =
    loss t (BanditRL.OnlineSubgradientPolicy.output BanditRL.OnlineUnitScaling.V η loss x₁ p t)
'BanditRL.OnlineUnitScaling.loss_value_scaling' depends on axioms: [propext, Classical.choice, Quot.sound]
BanditRL.OnlineUnitScaling.regret_scaling.{u_1} {E : Type u_1} [NormedAddCommGroup E] [InnerProductSpace ℝ E]
  [FiniteDimensional ℝ E] (c : ℝ) (hc : 0 < c) (η : ℕ → ℝ) (loss : ℕ → E → EReal) (x₁ : E)
  (p : BanditRL.OnlineSubgradientPolicy.SupportPolicy) (u : E) (T : ℕ) :
  BanditRL.OnlineSubgradientPolicy.regret BanditRL.OnlineUnitScaling.V (BanditRL.OnlineUnitScaling.scaledEta c η)
      (fun s => BanditRL.OnlineUnitScaling.scaledLoss c (loss s)) (c⁻¹ • x₁)
      (BanditRL.OnlineUnitScaling.scaledPolicy c p) (c⁻¹ • u) T =
    BanditRL.OnlineSubgradientPolicy.regret BanditRL.OnlineUnitScaling.V η loss x₁ p u T
'BanditRL.OnlineUnitScaling.regret_scaling' depends on axioms: [propext, Classical.choice, Quot.sound]
BanditRL.OnlineUnitScaling.wrong_step_output.{u_1} {E : Type u_1} [NormedAddCommGroup E] [InnerProductSpace ℝ E]
  [FiniteDimensional ℝ E] (c : ℝ) (hc : 0 < c) (η : ℕ → ℝ) (loss : ℕ → E → EReal) (x₁ : E)
  (p : BanditRL.OnlineSubgradientPolicy.SupportPolicy) (t : ℕ) :
  c •
      BanditRL.OnlineSubgradientPolicy.output BanditRL.OnlineUnitScaling.V η
        (fun s => BanditRL.OnlineUnitScaling.scaledLoss c (loss s)) (c⁻¹ • x₁)
        (BanditRL.OnlineUnitScaling.scaledPolicy c p) t =
    BanditRL.OnlineSubgradientPolicy.output BanditRL.OnlineUnitScaling.V (fun s => c ^ 2 * η s) loss x₁ p t
'BanditRL.OnlineUnitScaling.wrong_step_output' depends on axioms: [propext, Classical.choice, Quot.sound]
BanditRL.OnlineUnitScaling.distance_square_scaling.{u_1} {E : Type u_1} [NormedAddCommGroup E] [InnerProductSpace ℝ E]
  [FiniteDimensional ℝ E] (c : ℝ) (hc : 0 < c) (x u : E) : ‖c⁻¹ • x - c⁻¹ • u‖ ^ 2 = ‖x - u‖ ^ 2 / c ^ 2
'BanditRL.OnlineUnitScaling.distance_square_scaling' depends on axioms: [propext, Classical.choice, Quot.sound]
BanditRL.OnlineUnitScaling.energy_scaling.{u_1} {E : Type u_1} [NormedAddCommGroup E] [InnerProductSpace ℝ E]
  [FiniteDimensional ℝ E] (c : ℝ) (hc : 0 < c) (η : ℕ → ℝ) (loss : ℕ → E → EReal) (x₁ : E)
  (p : BanditRL.OnlineSubgradientPolicy.SupportPolicy) (T : ℕ) :
  ∑ t ∈ Finset.range T,
      ‖BanditRL.OnlineSubgradientPolicy.selected BanditRL.OnlineUnitScaling.V (BanditRL.OnlineUnitScaling.scaledEta c η)
            (fun s => BanditRL.OnlineUnitScaling.scaledLoss c (loss s)) (c⁻¹ • x₁)
            (BanditRL.OnlineUnitScaling.scaledPolicy c p) t‖ ^
        2 =
    c ^ 2 *
      ∑ t ∈ Finset.range T, ‖BanditRL.OnlineSubgradientPolicy.selected BanditRL.OnlineUnitScaling.V η loss x₁ p t‖ ^ 2
'BanditRL.OnlineUnitScaling.energy_scaling' depends on axioms: [propext, Classical.choice, Quot.sound]
BanditRL.OnlineUnitScaling.upper_bound_scaling (c : ℝ) (hc : 0 < c) (A B η : ℝ) (hη : 0 < η) :
  BanditRL.OnlineOptimalStep.upperBound (A / c ^ 2) (c ^ 2 * B) (η / c ^ 2) =
    BanditRL.OnlineOptimalStep.upperBound A B η
'BanditRL.OnlineUnitScaling.upper_bound_scaling' depends on axioms: [propext, Classical.choice, Quot.sound]
BanditRL.OnlineUnitScaling.regret_fixed_scaled.{u_1} {E : Type u_1} [NormedAddCommGroup E] [InnerProductSpace ℝ E]
  [FiniteDimensional ℝ E] (c : ℝ) (hc : 0 < c) (η : ℝ) (hη : 0 < η) (loss : ℕ → E → EReal) (x₁ : E)
  (p : BanditRL.OnlineSubgradientPolicy.SupportPolicy) (T : ℕ)
  (hloss : ∀ t < T, BanditRL.OnlineSubgradientDescent.SubdifferentiableOn BanditRL.OnlineUnitScaling.V (loss t))
  (hlegal : BanditRL.OnlineSubgradientPolicy.LegalFeedback BanditRL.OnlineUnitScaling.V (fun x => η) loss x₁ p T)
  (u : E) :
  BanditRL.OnlineSubgradientPolicy.regret BanditRL.OnlineUnitScaling.V
      (BanditRL.OnlineUnitScaling.scaledEta c fun x => η) (fun s => BanditRL.OnlineUnitScaling.scaledLoss c (loss s))
      (c⁻¹ • x₁) (BanditRL.OnlineUnitScaling.scaledPolicy c p) (c⁻¹ • u) T ≤
    ‖x₁ - u‖ ^ 2 / (2 * η) +
        η / 2 *
          ∑ t ∈ Finset.range T,
            ‖BanditRL.OnlineSubgradientPolicy.selected BanditRL.OnlineUnitScaling.V (fun x => η) loss x₁ p t‖ ^ 2 -
      ‖BanditRL.OnlineSubgradientPolicy.output BanditRL.OnlineUnitScaling.V (fun x => η) loss x₁ p T - u‖ ^ 2 / (2 * η)
'BanditRL.OnlineUnitScaling.regret_fixed_scaled' depends on axioms: [propext, Classical.choice, Quot.sound]
UnitScalingProbe.loss : ℕ → ℝ → EReal
'UnitScalingProbe.loss' depends on axioms: [propext, Classical.choice, Quot.sound]
UnitScalingProbe.policy : BanditRL.OnlineSubgradientPolicy.SupportPolicy
'UnitScalingProbe.policy' depends on axioms: [propext, Classical.choice, Quot.sound]
UnitScalingProbe.eta : ℕ → ℝ
'UnitScalingProbe.eta' depends on axioms: [propext, Classical.choice, Quot.sound]
UnitScalingProbe.old (t : ℕ) : ℝ
'UnitScalingProbe.old' depends on axioms: [propext, Classical.choice, Quot.sound]
UnitScalingProbe.good (t : ℕ) : ℝ
'UnitScalingProbe.good' depends on axioms: [propext, Classical.choice, Quot.sound]
UnitScalingProbe.bad (t : ℕ) : ℝ
'UnitScalingProbe.bad' depends on axioms: [propext, Classical.choice, Quot.sound]
UnitScalingProbe.dimensions_eta : (2, -1) = (1, 0) + (1, 0) - (0, 1)
'UnitScalingProbe.dimensions_eta' depends on axioms: [propext, Quot.sound]
UnitScalingProbe.dimensions_regret :
  (1, 0) + (1, 0) - ((1, 0) + (1, 0) - (0, 1)) = (0, 1) ∧
    (1, 0) + (1, 0) - (0, 1) + ((0, 1) - (1, 0)) + ((0, 1) - (1, 0)) = (0, 1)
'UnitScalingProbe.dimensions_regret' depends on axioms: [propext, Quot.sound]
UnitScalingProbe.real_linear_gradient (x : ℝ) : gradient (fun z => (UnitScalingProbe.loss 0 z).toReal) x = 1
'UnitScalingProbe.real_linear_gradient' depends on axioms: [propext, Classical.choice, Quot.sound]
UnitScalingProbe.real_scaled_gradient (x : ℝ) : gradient (fun z => 1000 * z) x = 1000
'UnitScalingProbe.real_scaled_gradient' depends on axioms: [propext, Classical.choice, Quot.sound]
UnitScalingProbe.support (t : ℕ) (x : ℝ) : BanditRL.OnlineConvex.SourceSubdifferential (UnitScalingProbe.loss t) x = {1}
'UnitScalingProbe.support' depends on axioms: [propext, Classical.choice, Quot.sound]
UnitScalingProbe.loss_on (t : ℕ) :
  BanditRL.OnlineSubgradientDescent.SubdifferentiableOn BanditRL.OnlineUnitScaling.V (UnitScalingProbe.loss t)
'UnitScalingProbe.loss_on' depends on axioms: [propext, Classical.choice, Quot.sound]
UnitScalingProbe.selected_one (η : ℕ → ℝ) (t : ℕ) :
  BanditRL.OnlineSubgradientPolicy.selected BanditRL.OnlineUnitScaling.V η UnitScalingProbe.loss 0
      UnitScalingProbe.policy t =
    1
'UnitScalingProbe.selected_one' depends on axioms: [propext, Classical.choice, Quot.sound]
UnitScalingProbe.legal (η : ℕ → ℝ) (T : ℕ) :
  BanditRL.OnlineSubgradientPolicy.LegalFeedback BanditRL.OnlineUnitScaling.V η UnitScalingProbe.loss 0
    UnitScalingProbe.policy T
'UnitScalingProbe.legal' depends on axioms: [propext, Classical.choice, Quot.sound]
UnitScalingProbe.correct_eta : BanditRL.OnlineUnitScaling.scaledEta 1000 UnitScalingProbe.eta 0 = 1 / 1000000
'UnitScalingProbe.correct_eta' depends on axioms: [propext, Classical.choice, Quot.sound]
UnitScalingProbe.positive_eta : 0 < BanditRL.OnlineUnitScaling.scaledEta 1000 UnitScalingProbe.eta 0
'UnitScalingProbe.positive_eta' depends on axioms: [propext, Classical.choice, Quot.sound]
UnitScalingProbe.old_one (η : ℕ → ℝ) :
  BanditRL.OnlineSubgradientPolicy.output BanditRL.OnlineUnitScaling.V η UnitScalingProbe.loss 0 UnitScalingProbe.policy
      1 =
    -η 0
'UnitScalingProbe.old_one' depends on axioms: [propext, Classical.choice, Quot.sound]
UnitScalingProbe.correct_path : UnitScalingProbe.good 1 = -1 / 1000
'UnitScalingProbe.correct_path' depends on axioms: [propext, Classical.choice, Quot.sound]
UnitScalingProbe.wrong_path : UnitScalingProbe.bad 1 = -1000
'UnitScalingProbe.wrong_path' depends on axioms: [propext, Classical.choice, Quot.sound]
UnitScalingProbe.physical_path_difference :
  1000 * UnitScalingProbe.good 1 = -1 ∧
    1000 * UnitScalingProbe.bad 1 = -1000000 ∧ UnitScalingProbe.good 1 ≠ UnitScalingProbe.bad 1
'UnitScalingProbe.physical_path_difference' depends on axioms: [propext, Classical.choice, Quot.sound]
UnitScalingProbe.transformed_selected :
  BanditRL.OnlineSubgradientPolicy.selected BanditRL.OnlineUnitScaling.V
      (BanditRL.OnlineUnitScaling.scaledEta 1000 UnitScalingProbe.eta)
      (fun s => BanditRL.OnlineUnitScaling.scaledLoss 1000 (UnitScalingProbe.loss s)) (1000⁻¹ • 0)
      (BanditRL.OnlineUnitScaling.scaledPolicy 1000 UnitScalingProbe.policy) 0 =
    1000
'UnitScalingProbe.transformed_selected' depends on axioms: [propext, Classical.choice, Quot.sound]
UnitScalingProbe.transformed_legal :
  BanditRL.OnlineSubgradientPolicy.LegalFeedback BanditRL.OnlineUnitScaling.V
    (BanditRL.OnlineUnitScaling.scaledEta 1000 UnitScalingProbe.eta)
    (fun s => BanditRL.OnlineUnitScaling.scaledLoss 1000 (UnitScalingProbe.loss s)) (1000⁻¹ • 0)
    (BanditRL.OnlineUnitScaling.scaledPolicy 1000 UnitScalingProbe.policy) 1
'UnitScalingProbe.transformed_legal' depends on axioms: [propext, Classical.choice, Quot.sound]
UnitScalingProbe.old_regret :
  BanditRL.OnlineSubgradientPolicy.regret BanditRL.OnlineUnitScaling.V UnitScalingProbe.eta UnitScalingProbe.loss 0
      UnitScalingProbe.policy (-2) 1 =
    2
'UnitScalingProbe.old_regret' depends on axioms: [propext, Classical.choice, Quot.sound]
UnitScalingProbe.correct_regret :
  BanditRL.OnlineSubgradientPolicy.regret BanditRL.OnlineUnitScaling.V
      (BanditRL.OnlineUnitScaling.scaledEta 1000 UnitScalingProbe.eta)
      (fun s => BanditRL.OnlineUnitScaling.scaledLoss 1000 (UnitScalingProbe.loss s)) (1000⁻¹ • 0)
      (BanditRL.OnlineUnitScaling.scaledPolicy 1000 UnitScalingProbe.policy) (1000⁻¹ • -2) 1 =
    2
'UnitScalingProbe.correct_regret' depends on axioms: [propext, Classical.choice, Quot.sound]
UnitScalingProbe.positive_old_energy :
  ∑ t ∈ Finset.range 1,
      ‖BanditRL.OnlineSubgradientPolicy.selected BanditRL.OnlineUnitScaling.V UnitScalingProbe.eta UnitScalingProbe.loss
            0 UnitScalingProbe.policy t‖ ^
        2 =
    1
'UnitScalingProbe.positive_old_energy' depends on axioms: [propext, Classical.choice, Quot.sound]
UnitScalingProbe.positive_terminal : ‖UnitScalingProbe.old 1 - -2‖ ^ 2 = 1
'UnitScalingProbe.positive_terminal' depends on axioms: [propext, Classical.choice, Quot.sound]
UnitScalingProbe.scaled_energy :
  ∑ t ∈ Finset.range 1,
      ‖BanditRL.OnlineSubgradientPolicy.selected BanditRL.OnlineUnitScaling.V
            (BanditRL.OnlineUnitScaling.scaledEta 1000 UnitScalingProbe.eta)
            (fun s => BanditRL.OnlineUnitScaling.scaledLoss 1000 (UnitScalingProbe.loss s)) (1000⁻¹ • 0)
            (BanditRL.OnlineUnitScaling.scaledPolicy 1000 UnitScalingProbe.policy) t‖ ^
        2 =
    1000000
'UnitScalingProbe.scaled_energy' depends on axioms: [propext, Classical.choice, Quot.sound]
UnitScalingProbe.scaled_distance : ‖1000⁻¹ • 0 - 1000⁻¹ • -2‖ ^ 2 = 4 / 1000000
'UnitScalingProbe.scaled_distance' depends on axioms: [propext, Classical.choice, Quot.sound]
UnitScalingProbe.actual_sharp_bound :
  BanditRL.OnlineSubgradientPolicy.regret BanditRL.OnlineUnitScaling.V
      (BanditRL.OnlineUnitScaling.scaledEta 1000 fun x => 1)
      (fun s => BanditRL.OnlineUnitScaling.scaledLoss 1000 (UnitScalingProbe.loss s)) (1000⁻¹ • 0)
      (BanditRL.OnlineUnitScaling.scaledPolicy 1000 UnitScalingProbe.policy) (1000⁻¹ • -2) 1 ≤
    ‖0 - -2‖ ^ 2 / (2 * 1) +
        1 / 2 *
          ∑ t ∈ Finset.range 1,
            ‖BanditRL.OnlineSubgradientPolicy.selected BanditRL.OnlineUnitScaling.V (fun x => 1) UnitScalingProbe.loss 0
                  UnitScalingProbe.policy t‖ ^
              2 -
      ‖BanditRL.OnlineSubgradientPolicy.output BanditRL.OnlineUnitScaling.V (fun x => 1) UnitScalingProbe.loss 0
                UnitScalingProbe.policy 1 -
              -2‖ ^
          2 /
        (2 * 1)
'UnitScalingProbe.actual_sharp_bound' depends on axioms: [propext, Classical.choice, Quot.sound]
UnitScalingProbe.sharp_rhs :
  ‖0 - -2‖ ^ 2 / (2 * 1) +
        1 / 2 *
          ∑ t ∈ Finset.range 1,
            ‖BanditRL.OnlineSubgradientPolicy.selected BanditRL.OnlineUnitScaling.V UnitScalingProbe.eta
                  UnitScalingProbe.loss 0 UnitScalingProbe.policy t‖ ^
              2 -
      ‖UnitScalingProbe.old 1 - -2‖ ^ 2 / (2 * 1) =
    2
'UnitScalingProbe.sharp_rhs' depends on axioms: [propext, Classical.choice, Quot.sound]
UnitScalingProbe.coarse_bound_invariant :
  BanditRL.OnlineOptimalStep.upperBound (4 / 1000 ^ 2) (1000 ^ 2 * 1) (1 / 1000 ^ 2) =
    BanditRL.OnlineOptimalStep.upperBound 4 1 1
'UnitScalingProbe.coarse_bound_invariant' depends on axioms: [propext, Classical.choice, Quot.sound]
UnitScalingProbe.inverse_inadmissible_zero :
  BanditRL.OnlineUnitScaling.scaledLoss 0⁻¹ (BanditRL.OnlineUnitScaling.scaledLoss 0 (UnitScalingProbe.loss 0)) 1 ≠
    UnitScalingProbe.loss 0 1
'UnitScalingProbe.inverse_inadmissible_zero' depends on axioms: [propext, Classical.choice, Quot.sound]
UnitScalingProbe.identity_scale :
  BanditRL.OnlineSubgradientPolicy.output BanditRL.OnlineUnitScaling.V
      (BanditRL.OnlineUnitScaling.scaledEta 1 UnitScalingProbe.eta)
      (fun s => BanditRL.OnlineUnitScaling.scaledLoss 1 (UnitScalingProbe.loss s)) (1⁻¹ • 0)
      (BanditRL.OnlineUnitScaling.scaledPolicy 1 UnitScalingProbe.policy) 1 =
    UnitScalingProbe.old 1
'UnitScalingProbe.identity_scale' depends on axioms: [propext, Classical.choice, Quot.sound]
UnitScalingProbe.source_horizon_boundary : 0 < 1 / √1 ∧ 1 / √0 = 0 ∧ ¬0 < 0
'UnitScalingProbe.source_horizon_boundary' depends on axioms: [propext, Classical.choice, Quot.sound]
UnitScalingProbe.empty_regret :
  BanditRL.OnlineSubgradientPolicy.regret BanditRL.OnlineUnitScaling.V
      (BanditRL.OnlineUnitScaling.scaledEta 1000 UnitScalingProbe.eta)
      (fun s => BanditRL.OnlineUnitScaling.scaledLoss 1000 (UnitScalingProbe.loss s)) (1000⁻¹ • 0)
      (BanditRL.OnlineUnitScaling.scaledPolicy 1000 UnitScalingProbe.policy) (1000⁻¹ • -2) 0 =
    0
'UnitScalingProbe.empty_regret' depends on axioms: [propext, Classical.choice, Quot.sound]
UnitScalingProbe.zero_horizon_actual_sharp :
  BanditRL.OnlineSubgradientPolicy.regret BanditRL.OnlineUnitScaling.V
      (BanditRL.OnlineUnitScaling.scaledEta 1000 fun x => 1)
      (fun s => BanditRL.OnlineUnitScaling.scaledLoss 1000 (UnitScalingProbe.loss s)) (1000⁻¹ • 0)
      (BanditRL.OnlineUnitScaling.scaledPolicy 1000 UnitScalingProbe.policy) (1000⁻¹ • -2) 0 ≤
    ‖0 - -2‖ ^ 2 / (2 * 1) +
        1 / 2 *
          ∑ t ∈ Finset.range 0,
            ‖BanditRL.OnlineSubgradientPolicy.selected BanditRL.OnlineUnitScaling.V (fun x => 1) UnitScalingProbe.loss 0
                  UnitScalingProbe.policy t‖ ^
              2 -
      ‖BanditRL.OnlineSubgradientPolicy.output BanditRL.OnlineUnitScaling.V (fun x => 1) UnitScalingProbe.loss 0
                UnitScalingProbe.policy 0 -
              -2‖ ^
          2 /
        (2 * 1)
'UnitScalingProbe.zero_horizon_actual_sharp' depends on axioms: [propext, Classical.choice, Quot.sound]
