SITE CHECK PASSED
- HTML pages: 943
- modules: 838
- declarations: 10790
- highlights: 308
- milestones: 97
- textbook crosswalks: 40
- source theorem restatements: 75
- BanditRLwiki settings/cases/papers: 7/13/19
- BanditRLwiki theorem surfaces: 27
- BanditRLwiki literature-open/formalization-open cases: 0/13
- BanditRLwiki named formalization leaves: 36
- BanditRLwiki active source-frozen ports: 2
- Live Formalization mappings: 308
- Mermaid blocks: 19
- Lean source links: 11986
- internal links and anchors: valid
- README relative links: valid
- MathJax loader and readable mathematical fallbacks: valid
- GitHub Pages workflow: complete
