tmp/online-subgradient-forward-canary.lean:121:0: warning: automatically included section variable(s) unused in theorem `BanditRL.OnlineConvex.sourceDifferentiableAt_regular`:
  [FiniteDimensional ℝ E]
consider restructuring your `variable` declarations so that the variables are not in scope or explicitly omit them:
  omit [FiniteDimensional ℝ E] in theorem ...

Note: This linter can be disabled with `set_option linter.unusedSectionVars false`
tmp/online-subgradient-forward-canary.lean:167:13: warning: unused variable `hx`

Note: This linter can be disabled with `set_option linter.unusedVariables false`
'BanditRL.OnlineConvex.theorem_2_22_forward' depends on axioms: [propext, Classical.choice, Quot.sound]
tmp/online-subgradient-forward-canary.lean:218:43: error: unsolved goals
case h
hi : 1 ∈ interior (Icc 0 2)
y : ℝ
hy : y ∈ interior (Icc 0 2)
hymem : y ∈ Icc 0 2
⊢ ↑0 = 0
'ForwardSubgradientProbe.constrained_interval_singleton' depends on axioms: [propext,
 sorryAx,
 Classical.choice,
 Quot.sound]
'ForwardSubgradientProbe.quadratic_singleton_nonzero' depends on axioms: [propext, Classical.choice, Quot.sound]
