tmp/online-subgradient-full.lean:15:0: warning: automatically included section variable(s) unused in theorem `BanditRL.OnlineConvex.subgradient_norm_le_lipschitz_ball`:
  [FiniteDimensional ℝ E]
consider restructuring your `variable` declarations so that the variables are not in scope or explicitly omit them:
  omit [FiniteDimensional ℝ E] in theorem ...

Note: This linter can be disabled with `set_option linter.unusedSectionVars false`
'BanditRL.OnlineConvex.subgradient_norm_le_lipschitz_ball' depends on axioms: [propext, Classical.choice, Quot.sound]
'BanditRL.OnlineConvex.subgradients_locally_bounded' depends on axioms: [propext, Classical.choice, Quot.sound]
'BanditRL.OnlineConvex.singleton_subgradient_tendsto' depends on axioms: [propext, Classical.choice, Quot.sound]
tmp/online-subgradient-full.lean:347:0: warning: automatically included section variable(s) unused in theorem `BanditRL.OnlineConvex.sourceDifferentiableAt_regular`:
  [FiniteDimensional ℝ E]
consider restructuring your `variable` declarations so that the variables are not in scope or explicitly omit them:
  omit [FiniteDimensional ℝ E] in theorem ...

Note: This linter can be disabled with `set_option linter.unusedSectionVars false`
tmp/online-subgradient-full.lean:393:13: warning: unused variable `hx`

Note: This linter can be disabled with `set_option linter.unusedVariables false`
'BanditRL.OnlineConvex.singleton_subdifferential_hasGradientAt' depends on axioms: [propext,
 Classical.choice,
 Quot.sound]
'BanditRL.OnlineConvex.theorem_2_22' depends on axioms: [propext, Classical.choice, Quot.sound]
'BanditRL.OnlineConvex.theorem_2_22_gradient' depends on axioms: [propext, Classical.choice, Quot.sound]
