'BanditRL.OnlineConvex.singleton_subdifferential_interior' depends on axioms: [propext, Classical.choice, Quot.sound]
tmp/online-subgradient-singleton-canary.lean:98:30: error: unsolved goals
f : ℝ → EReal := fun y => ↑(y ^ 2)
y : ℝ
⊢ ¬↑y ^ 2 = ⊥
tmp/online-subgradient-singleton-canary.lean:99:42: error: unsolved goals
case h
f : ℝ → EReal := fun y => ↑(y ^ 2)
hbot : ∀ (y : ℝ), f y ≠ ⊥
y : ℝ
⊢ ↑y ^ 2 < ⊤
tmp/online-subgradient-singleton-canary.lean:104:4: error: Type mismatch: After simplification, term
  DifferentiableAt.pow differentiableAt_id 2
 has type
  True
but is expected to have type
  DifferentiableAt ℝ (fun y => (↑y ^ 2).toReal) 1
tmp/online-subgradient-singleton-canary.lean:120:8: error(lean.unknownIdentifier): Unknown identifier `convexExtended_of_real`
'SingletonInteriorProbe.square_singleton_support' depends on axioms: [propext, sorryAx, Classical.choice, Quot.sound]
'SingletonInteriorProbe.square_finite_interior' depends on axioms: [propext, sorryAx, Classical.choice, Quot.sound]
