tmp/online-subgradient-reverse-gradient.lean:15:0: warning: automatically included section variable(s) unused in theorem `BanditRL.OnlineConvex.subgradient_norm_le_lipschitz_ball`:
  [FiniteDimensional ℝ E]
consider restructuring your `variable` declarations so that the variables are not in scope or explicitly omit them:
  omit [FiniteDimensional ℝ E] in theorem ...

Note: This linter can be disabled with `set_option linter.unusedSectionVars false`
'BanditRL.OnlineConvex.subgradient_norm_le_lipschitz_ball' depends on axioms: [propext, Classical.choice, Quot.sound]
'BanditRL.OnlineConvex.subgradients_locally_bounded' depends on axioms: [propext, Classical.choice, Quot.sound]
'BanditRL.OnlineConvex.singleton_subgradient_tendsto' depends on axioms: [propext, Classical.choice, Quot.sound]
tmp/online-subgradient-reverse-gradient.lean:223:4: error: Type mismatch: After simplification, term
  Tendsto.norm (Tendsto.sub hG tendsto_const_nhds)
 has type
  Tendsto (fun x => ‖G x - ?m.227‖) (𝓝 x) (𝓝 ‖g - ?m.227‖)
but is expected to have type
  Tendsto (fun y => ‖G y - g‖) (𝓝 x) (𝓝 0)
tmp/online-subgradient-reverse-gradient.lean:229:60: error: Application type mismatch: The argument
  hy
has type
  Membership.mem.{u_1, u_1} (interior (effectiveDomain f)) y
but is expected to have type
  Membership.mem.{0, 0} (interior (Preorder.toLT.1 ?m.332)) ⊤
in the application
  interior_subset hy
'BanditRL.OnlineConvex.singleton_subdifferential_hasGradientAt' depends on axioms: [propext,
 sorryAx,
 Classical.choice,
 Quot.sound]
