SITE CHECK PASSED
- HTML pages: 917
- modules: 825
- declarations: 10602
- highlights: 183
- milestones: 97
- textbook crosswalks: 27
- source theorem restatements: 45
- BanditRLwiki settings/cases/papers: 7/13/19
- BanditRLwiki theorem surfaces: 27
- BanditRLwiki literature-open/formalization-open cases: 0/13
- BanditRLwiki named formalization leaves: 36
- BanditRLwiki active source-frozen ports: 2
- Live Formalization mappings: 183
- Mermaid blocks: 19
- Lean source links: 11660
- internal links and anchors: valid
- README relative links: valid
- MathJax loader and readable mathematical fallbacks: valid
- GitHub Pages workflow: complete
