{
  "schema_version": 1,
  "entry_id": "entry-a78ee287f0250e11",
  "session_id": "ONLINE-SUBGRADIENT-MAX-MIGRATION-20261007",
  "sequence": 8,
  "parent_id": "entry-c290ec670a84702c",
  "event_type": "accepted",
  "created_at": "2026-10-06T21:49:16+00:00",
  "payload": {
    "run_id": "online-subgradient-max-migration-20261007",
    "chapter_complete": false,
    "goal_complete": false,
    "accepted_decision": "E:/ABRL/worktrees/research-online-book/runs/online-subgradient-max-migration-20261007/accepted-decision-v1.json",
    "retained_proofs": 17,
    "retained_definitions": 2,
    "new_proofs": 0,
    "merged": false,
    "live": false,
    "source_package_accepted": true
  }
}
