{
  "time": "2026-10-06T21:49:16+00:00",
  "task": "ONLINE-SUBGRADIENT-MAX-MIGRATION-20261007",
  "role": "reviewer",
  "kind": "review",
  "status": "accepted",
  "notes": "Same compiled actualfinite maximum/fullactivesupport union and17actualproducers accepted after distinctFINAL/currentcombinedgates;17retainedproof2defs/zero newmath or TESTs. Theorem2.26 package only, not Chapter2/book/productivityexperiment.",
  "lean": "",
  "source": "",
  "run_id": "online-subgradient-max-migration-20261007",
  "changed_files": [],
  "statement_hash": "de3991d62d3727578ba8d7fe329d62563899d8e2959e66c7565c0844be980578",
  "parent_id": "",
  "route_fingerprint": "",
  "verifier_evidence": [
    "E:\\ABRL\\worktrees\\research-online-book\\runs\\online-subgradient-max-migration-20261007\\final-reader-receipt-v1.json"
  ],
  "harness": "hierarchical",
  "experiment_id": "",
  "target_fingerprint": "",
  "route_packet_hash": "",
  "attempt_id": "FINITE-MAX-RETAINED-BODIES-V1",
  "worker_id": "",
  "progress_class": "retrieval-reuse",
  "reviewer_validated": true,
  "obligations_before": 0,
  "obligations_after": 0,
  "new_declarations": [],
  "reused_declarations": [
    "BanditRL.OnlineConvex.theorem_2_26"
  ],
  "dag_nodes": 0,
  "dag_depth": 0,
  "elapsed_seconds": 0.0,
  "lean_check_seconds": 0.0,
  "prompt_chars": 0,
  "input_tokens": 0,
  "output_tokens": 0,
  "error_signature": ""
}
