{
  "schema_version": 1,
  "mode": "shadow-read-only",
  "analyzed_at": "2026-10-06T21:49:16+00:00",
  "trials_path": "E:\\ABRL\\worktrees\\research-online-book\\runs\\online-subgradient-max-migration-20261007\\accepted-scoped-trials-v1.jsonl",
  "trial_rows": 2,
  "status_counts": {
    "accepted": 1,
    "compiled": 1
  },
  "inferred_frontier": {
    "selected_task": "ONLINE-SUBGRADIENT-MAX-MIGRATION-20261007",
    "selected_leaf": "ONLINE-SUBGRADIENT-MAX-MIGRATION-20261007",
    "source_status": "accepted",
    "last_accepted_verifier": {
      "trial_index": 1,
      "time": "2026-10-06T21:49:16+00:00",
      "task": "ONLINE-SUBGRADIENT-MAX-MIGRATION-20261007",
      "role": "reviewer",
      "kind": "review",
      "status": "accepted",
      "lean": "",
      "notes": "Same compiled actualfinite maximum/fullactivesupport union and17actualproducers accepted after distinctFINAL/currentcombinedgates;17retainedproof2defs/zero newmath or TESTs. Theorem2.26 package only, not Chapter2/book/productivityexperiment.",
      "run_id": "online-subgradient-max-migration-20261007"
    }
  },
  "memory_digest": {
    "path": "E:\\ABRL\\worktrees\\research-online-book\\runs\\online-subgradient-max-migration-20261007\\memory-digest-accepted-v1.md",
    "task": ""
  },
  "recorded_frontier": {
    "schema_version": 1,
    "record_id": "frontier-55c9da8c11912cae",
    "updated_at": "2026-10-06T21:49:16+00:00",
    "root_objective": "Persistent Orabona Chapters1-16 Goal; only Theorem2.26 accepted, chapter/book incomplete",
    "current_leaf": {
      "id": "ONLINE-SUBGRADIENT-MAX-MIGRATION-20261007",
      "kind": "lean",
      "status": "accepted",
      "statement": "theorem theorem_2_26 [FiniteDimensional ℝ E] {ι : Type*} [Fintype ι] [Nonempty ι] (f : ι → E → EReal) (hp : ∀ i, SourceProper (f i)) (hc : ∀ i, IsConvexExtended (f i)) (x : E) (hx : ∀ i, x ∈ effectiveDomain (f i)) (hcont : ∀ i, ContinuousAt (f i) x) : SourceSubdifferential (SourceFiniteMax f) x = convexHull ℝ (SourceActiveSubgradientUnion f x)",
      "statement_hash": "de3991d62d3727578ba8d7fe329d62563899d8e2959e66c7565c0844be980578",
      "declaration": "BanditRL.OnlineConvex.theorem_2_26",
      "file": "BanditRLProof\\OnlineSubgradientMax.lean",
      "source_status": "source-reviewed",
      "dependencies": [
        {
          "kind": "lean",
          "name": "BanditRL.OnlineConvex.SourceFiniteMax",
          "status": "compiled"
        },
        {
          "kind": "review",
          "name": "source-reader",
          "status": "accepted"
        }
      ]
    },
    "dag": {
      "nodes": [
        {
          "id": "ONLINE-SUBGRADIENT-MAX-MIGRATION-20261007",
          "kind": "lean",
          "status": "accepted",
          "dependencies": [
            {
              "kind": "lean",
              "name": "BanditRL.OnlineConvex.SourceFiniteMax",
              "status": "compiled"
            },
            {
              "kind": "review",
              "name": "source-reader",
              "status": "accepted"
            }
          ],
          "dispatch_count": 0
        }
      ]
    },
    "last_accepted_verifier": {
      "trial_index": 1,
      "time": "2026-10-06T21:49:16+00:00",
      "task": "ONLINE-SUBGRADIENT-MAX-MIGRATION-20261007",
      "role": "reviewer",
      "kind": "review",
      "status": "accepted",
      "lean": "",
      "notes": "Same compiled actualfinite maximum/fullactivesupport union and17actualproducers accepted after distinctFINAL/currentcombinedgates;17retainedproof2defs/zero newmath or TESTs. Theorem2.26 package only, not Chapter2/book/productivityexperiment.",
      "run_id": "online-subgradient-max-migration-20261007"
    },
    "memory_policy": {
      "recent_role_relevant_limit": 5,
      "explicit_verified_lemma_ids": [],
      "whole_history_default": false
    },
    "shadow_gate": {
      "status": "pending",
      "analyzed_trial_rows": 2,
      "mismatches": [],
      "replay_transitions": 0
    },
    "mutation_policy": {
      "canonical_path_queue": true,
      "cross_process_lock": true,
      "same_file_serialized": true,
      "disjoint_files_parallel": true
    },
    "autonomous_execution": {
      "enabled": false,
      "requires_deterministic_gates": true,
      "requires_explicit_user_request": true
    }
  },
  "mismatches": [],
  "would_mutate": false
}
