integrated-safe-SourceFiniteMax-v1 exit 0 seconds 0.219
integrated-safe-SourceActiveSubgradientUnion-v1 exit 0 seconds 0.219
integrated-safe-active_subgradient_support_max-v1 exit 0 seconds 0.218
integrated-safe-finiteMax_attained-v1 exit 0 seconds 0.219
integrated-safe-finiteMax_point_finite-v1 exit 0 seconds 0.218
integrated-safe-subgradient_iff_real_support-v1 exit 0 seconds 0.219
integrated-safe-convex_sourceSubdifferential-v1 exit 0 seconds 0.219
integrated-safe-continuousAt_mem_domain_interior-v1 exit 0 seconds 0.234
integrated-safe-finiteMax_ne_bot-v1 exit 0 seconds 0.219
integrated-safe-convexHull_active_support_max-v1 exit 0 seconds 0.219
integrated-safe-isClosed_sourceSubdifferential-v1 exit 0 seconds 0.219
integrated-safe-isCompact_sourceSubdifferential-v1 exit 0 seconds 0.219
integrated-safe-isCompact_convexJoin-v1 exit 0 seconds 0.218
integrated-safe-isCompact_convexHull_finite_convex_union-v1 exit 0 seconds 0.235
integrated-safe-isCompact_active_subgradient_hull-v1 exit 0 seconds 0.218
integrated-safe-continuousAt_finite_toReal-v1 exit 0 seconds 0.219
integrated-safe-max_support_displacement_compare-v1 exit 0 seconds 0.219
integrated-safe-max_subgradient_direction_witness-v1 exit 0 seconds 0.218
integrated-safe-theorem_2_26-v1 exit 0 seconds 0.219
BODY bound; definition cards precisely separated from source theorem; all19guardchecks passed, complete original math bytes preserved. Combined gates pending.
