draft-fence-SourceFiniteMax-v1 exit 0 seconds 0.219
draft-fence-SourceActiveSubgradientUnion-v1 exit 0 seconds 0.203
draft-fence-active_subgradient_support_max-v1 exit 0 seconds 0.219
draft-fence-finiteMax_attained-v1 exit 0 seconds 0.219
draft-fence-finiteMax_point_finite-v1 exit 0 seconds 0.234
draft-fence-subgradient_iff_real_support-v1 exit 0 seconds 0.219
draft-fence-convex_sourceSubdifferential-v1 exit 0 seconds 0.203
draft-fence-continuousAt_mem_domain_interior-v1 exit 0 seconds 0.203
draft-fence-finiteMax_ne_bot-v1 exit 0 seconds 0.219
draft-fence-convexHull_active_support_max-v1 exit 0 seconds 0.203
draft-fence-isClosed_sourceSubdifferential-v1 exit 0 seconds 0.218
draft-fence-isCompact_sourceSubdifferential-v1 exit 0 seconds 0.219
draft-fence-isCompact_convexJoin-v1 exit 0 seconds 0.218
draft-fence-isCompact_convexHull_finite_convex_union-v1 exit 0 seconds 0.219
draft-fence-isCompact_active_subgradient_hull-v1 exit 0 seconds 0.219
draft-fence-continuousAt_finite_toReal-v1 exit 0 seconds 0.203
draft-fence-max_support_displacement_compare-v1 exit 0 seconds 0.219
draft-fence-max_subgradient_direction_witness-v1 exit 0 seconds 0.219
draft-fence-theorem_2_26-v1 exit 0 seconds 0.219
local-declaration-search-v1 exit 0 seconds 5.812
local-declaration-search-v2 exit 0 seconds 5.844
local-memory-search-v1 exit 0 seconds 5.86
retrieval-record-v1 exit 0 seconds 0.218
Traceback (most recent call last):
  File "runs/online-subgradient-max-migration-20261007/prepare-contract-v1.py", line 21, in <module>
    actual=(RUN/'actual-types-v1-01.log').read_text(encoding='utf-8');actual=actual[:actual.index('@MaximumProbe.')]
ValueError: substring not found
