'BanditRL.OnlineConvex.SourceFiniteMax' depends on axioms: [propext, Classical.choice, Quot.sound]
'BanditRL.OnlineConvex.SourceActiveSubgradientUnion' depends on axioms: [propext, Classical.choice, Quot.sound]
'BanditRL.OnlineConvex.active_subgradient_support_max' depends on axioms: [propext, Classical.choice, Quot.sound]
'BanditRL.OnlineConvex.finiteMax_attained' depends on axioms: [propext, Classical.choice, Quot.sound]
'BanditRL.OnlineConvex.finiteMax_point_finite' depends on axioms: [propext, Classical.choice, Quot.sound]
'BanditRL.OnlineConvex.subgradient_iff_real_support' depends on axioms: [propext, Classical.choice, Quot.sound]
'BanditRL.OnlineConvex.convex_sourceSubdifferential' depends on axioms: [propext, Classical.choice, Quot.sound]
'BanditRL.OnlineConvex.continuousAt_mem_domain_interior' depends on axioms: [propext, Classical.choice, Quot.sound]
'BanditRL.OnlineConvex.finiteMax_ne_bot' depends on axioms: [propext, Classical.choice, Quot.sound]
'BanditRL.OnlineConvex.convexHull_active_support_max' depends on axioms: [propext, Classical.choice, Quot.sound]
'BanditRL.OnlineConvex.isClosed_sourceSubdifferential' depends on axioms: [propext, Classical.choice, Quot.sound]
'BanditRL.OnlineConvex.isCompact_sourceSubdifferential' depends on axioms: [propext, Classical.choice, Quot.sound]
'BanditRL.OnlineConvex.isCompact_convexJoin' depends on axioms: [propext, Classical.choice, Quot.sound]
'BanditRL.OnlineConvex.isCompact_convexHull_finite_convex_union' depends on axioms: [propext,
 Classical.choice,
 Quot.sound]
'BanditRL.OnlineConvex.isCompact_active_subgradient_hull' depends on axioms: [propext, Classical.choice, Quot.sound]
'BanditRL.OnlineConvex.continuousAt_finite_toReal' depends on axioms: [propext, Classical.choice, Quot.sound]
'BanditRL.OnlineConvex.max_support_displacement_compare' depends on axioms: [propext, Classical.choice, Quot.sound]
'BanditRL.OnlineConvex.max_subgradient_direction_witness' depends on axioms: [propext, Classical.choice, Quot.sound]
'BanditRL.OnlineConvex.theorem_2_26' depends on axioms: [propext, Classical.choice, Quot.sound]
'MaximumProbe.family_proper' depends on axioms: [propext, Classical.choice, Quot.sound]
'MaximumProbe.family_domain' depends on axioms: [propext, Classical.choice, Quot.sound]
'MaximumProbe.family_convex' depends on axioms: [propext, Classical.choice, Quot.sound]
'MaximumProbe.family_continuous' depends on axioms: [propext, Classical.choice, Quot.sound]
'MaximumProbe.affine_support' depends on axioms: [propext, Classical.choice, Quot.sound]
'MaximumProbe.maximum_zero' depends on axioms: [propext, Classical.choice, Quot.sound]
'MaximumProbe.tie_active_union' depends on axioms: [propext, Classical.choice, Quot.sound]
'MaximumProbe.full_tie_hull_canary' depends on axioms: [propext, Classical.choice, Quot.sound]
'MaximumProbe.full_tie_interval_canary' depends on axioms: [propext, Classical.choice, Quot.sound]
'MaximumProbe.mixture_and_rejection_canary' depends on axioms: [propext, Classical.choice, Quot.sound]
'MaximumProbe.maximum_two' depends on axioms: [propext, Classical.choice, Quot.sound]
'MaximumProbe.inactive_union_canary' depends on axioms: [propext, Classical.choice, Quot.sound]
'MaximumProbe.strict_active_canary' depends on axioms: [propext, Classical.choice, Quot.sound]
'MaximumExtendedProbe.constrained_proper' depends on axioms: [propext, Classical.choice, Quot.sound]
'MaximumExtendedProbe.constrained_convex' depends on axioms: [propext, Classical.choice, Quot.sound]
'MaximumExtendedProbe.constrained_domain' depends on axioms: [propext, Classical.choice, Quot.sound]
'MaximumExtendedProbe.constrained_continuous' depends on axioms: [propext, Classical.choice, Quot.sound]
'MaximumExtendedProbe.singleton_max' depends on axioms: [propext, Classical.choice, Quot.sound]
'MaximumExtendedProbe.singleton_extended_domain_canary' depends on axioms: [propext, Classical.choice, Quot.sound]
'MaximumProbe.family' depends on axioms: [propext, Classical.choice, Quot.sound]
'MaximumExtendedProbe.constrained' depends on axioms: [propext, Classical.choice, Quot.sound]
