{
  "time": "2026-10-06T21:15:37+00:00",
  "task": "ONLINE-SUBGRADIENT-MAX-MIGRATION-20261007",
  "role": "lower",
  "kind": "build",
  "status": "compiled",
  "notes": "Actual17retainedproofs2fullowneddefs/whole19canaryproof2TESTdefs/40namedkernel checks19guards/40selectednodes checked; no newmath/TEST. BODY/package gates pending; Chapter2/book incomplete.",
  "lean": "BanditRLProof\\OnlineSubgradientMax.lean",
  "source": "",
  "run_id": "online-subgradient-max-migration-20261007",
  "changed_files": [],
  "statement_hash": "de3991d62d3727578ba8d7fe329d62563899d8e2959e66c7565c0844be980578",
  "parent_id": "",
  "route_fingerprint": "",
  "verifier_evidence": [
    "E:\\ABRL\\worktrees\\research-online-book\\runs\\online-subgradient-max-migration-20261007\\public-actual-bindings-v1.json"
  ],
  "harness": "",
  "experiment_id": "",
  "target_fingerprint": "",
  "route_packet_hash": "",
  "attempt_id": "FINITE-MAX-RETAINED-BODIES-V1",
  "worker_id": "",
  "progress_class": "retrieval-reuse",
  "reviewer_validated": false,
  "obligations_before": 0,
  "obligations_after": 0,
  "new_declarations": [],
  "reused_declarations": [
    "BanditRL.OnlineConvex.theorem_2_26"
  ],
  "dag_nodes": 0,
  "dag_depth": 0,
  "elapsed_seconds": 0.0,
  "lean_check_seconds": 0.0,
  "prompt_chars": 0,
  "input_tokens": 0,
  "output_tokens": 0,
  "error_signature": ""
}
