{
  "id": "mem-69d54b4cf7bb5bc6",
  "created_at": "2026-10-06T21:04:18+00:00",
  "type": "source_fact",
  "task": "ONLINE-SUBGRADIENT-MAX-MIGRATION-20261007",
  "provenance": {
    "kind": "local_first_retrieval",
    "reference": "MLIB-CONVEX-LINALG; all20 pinned APIs checked in corrected probe. v1 unqualified Filter name errors retained. Existing full producer bodies compiled, no newgeneric theorem, external compatible rebuild or pins changed."
  },
  "assumptions": [],
  "declaration": "",
  "file": "",
  "status": "verified",
  "verifier_evidence": [
    "E:\\ABRL\\worktrees\\research-online-book\\runs\\online-subgradient-max-migration-20261007\\actual-types-v1-01.log"
  ],
  "supersession": {
    "supersedes": [],
    "reason": ""
  },
  "roles": [],
  "details": {
    "query": "finite maximum full active support ordinary convexHull compactness actual direction witness",
    "search_order": [
      "local declarations",
      "ABRL theorem cards",
      "Mathlib cards"
    ],
    "candidates": [
      "BanditRL.OnlineConvex.theorem_2_26",
      "BanditRL.OnlineConvex.max_subgradient_direction_witness",
      "BanditRL.OnlineConvex.isCompact_convexHull_finite_convex_union",
      "Filter.frequently_exists",
      "geometric_hahn_banach_closed_point"
    ],
    "rejections": [],
    "compiled_scratch": "E:\\ABRL\\worktrees\\research-online-book\\runs\\online-subgradient-max-migration-20261007\\actual-types-v1-01.log"
  }
}
