SITE CHECK PASSED
- HTML pages: 915
- modules: 824
- declarations: 10589
- highlights: 177
- milestones: 97
- textbook crosswalks: 26
- source theorem restatements: 44
- BanditRLwiki settings/cases/papers: 7/13/19
- BanditRLwiki theorem surfaces: 27
- BanditRLwiki literature-open/formalization-open cases: 0/13
- BanditRLwiki named formalization leaves: 36
- BanditRLwiki active source-frozen ports: 2
- Live Formalization mappings: 177
- Mermaid blocks: 19
- Lean source links: 11640
- internal links and anchors: valid
- README relative links: valid
- MathJax loader and readable mathematical fallbacks: valid
- GitHub Pages workflow: complete
