warning: verso: repository 'C:\qb261009\bandit\research\quantum-bandit\.lake/packages\verso' has local changes
'BanditRLProof.AdaptiveTranscript.hellingerSq_expand' depends on axioms: [propext, Classical.choice, Quot.sound]
'BanditRLProof.AdaptiveTranscript.finite_kernel_chain' depends on axioms: [propext, Classical.choice, Quot.sound]
'BanditRLProof.AdaptiveTranscript.Trace' does not depend on any axioms
'BanditRLProof.AdaptiveTranscript.traceFintype' depends on axioms: [propext, Classical.choice, Quot.sound]
'BanditRLProof.AdaptiveTranscript.history' does not depend on any axioms
'BanditRLProof.AdaptiveTranscript.history_length' depends on axioms: [propext]
'BanditRLProof.AdaptiveTranscript.history_injective' depends on axioms: [propext]
'BanditRLProof.AdaptiveTranscript.kernel' depends on axioms: [propext, Classical.choice, Quot.sound]
'BanditRLProof.AdaptiveTranscript.density' depends on axioms: [propext, Classical.choice, Quot.sound]
'BanditRLProof.AdaptiveTranscript.weightedCost' depends on axioms: [propext, Classical.choice, Quot.sound]
'BanditRLProof.AdaptiveTranscript.expectedCost' depends on axioms: [propext, Classical.choice, Quot.sound]
'BanditRLProof.AdaptiveTranscript.kernel_nonneg' depends on axioms: [propext, Classical.choice, Quot.sound]
'BanditRLProof.AdaptiveTranscript.kernel_normalized' depends on axioms: [propext, Classical.choice, Quot.sound]
'BanditRLProof.AdaptiveTranscript.density_nonneg' depends on axioms: [propext, Classical.choice, Quot.sound]
'BanditRLProof.AdaptiveTranscript.density_normalized' depends on axioms: [propext, Classical.choice, Quot.sound]
'BanditRLProof.AdaptiveTranscript.expectedCost_succ' depends on axioms: [propext, Classical.choice, Quot.sound]
'BanditRLProof.AdaptiveTranscript.kernel_hellinger_le' depends on axioms: [propext, Classical.choice, Quot.sound]
'BanditRLProof.AdaptiveTranscript.adaptive_hellinger_le' depends on axioms: [propext, Classical.choice, Quot.sound]
'BanditRLProof.AdaptiveTranscript.traceLaw' depends on axioms: [propext, Classical.choice, Quot.sound]
'BanditRLProof.AdaptiveTranscript.map_pair_apply' depends on axioms: [propext, Classical.choice, Quot.sound]
'BanditRLProof.AdaptiveTranscript.traceLaw_apply' depends on axioms: [propext, Classical.choice, Quot.sound]
'BanditRLProof.AdaptiveTranscript.traceLaw_history_eq' depends on axioms: [propext, Classical.choice, Quot.sound]
'BanditRLProof.AdaptiveTranscript.traceLaw_toReal' depends on axioms: [propext, Classical.choice, Quot.sound]
'BanditRLProof.AdaptiveTranscript.historyLaw_apply_at_trace' depends on axioms: [propext, Classical.choice, Quot.sound]
'BanditRLProof.AdaptiveTranscript.historyQueryCost_append' depends on axioms: [propext, Classical.choice, Quot.sound]
'BanditRLProof.AdaptiveTranscript.weightedCost_uniform' depends on axioms: [propext, Classical.choice, Quot.sound]
'BanditRLProof.AdaptiveTranscript.expectedCost_le' depends on axioms: [propext, Classical.choice, Quot.sound]
'BanditRLProof.AdaptiveTranscript.adaptive_hellinger_budget' depends on axioms: [propext, Classical.choice, Quot.sound]
