⚠ [3285/3289] Replayed BanditRLProof.OnlineConvexExtended
warning: BanditRLProof/OnlineConvexExtended.lean:46:0: automatically included section variable(s) unused in theorem `BanditRL.OnlineConvex.effectiveDomain_indicator`:
  [AddCommGroup E]
  [Module ℝ E]
consider restructuring your `variable` declarations so that the variables are not in scope or explicitly omit them:
  omit [AddCommGroup E] [Module ℝ E] in theorem ...

Note: This linter can be disabled with `set_option linter.unusedSectionVars false`
warning: BanditRLProof/OnlineConvexExtended.lean:66:0: automatically included section variable(s) unused in theorem `BanditRL.OnlineConvex.realEpigraph_toReal`:
  [AddCommGroup E]
  [Module ℝ E]
consider restructuring your `variable` declarations so that the variables are not in scope or explicitly omit them:
  omit [AddCommGroup E] [Module ℝ E] in theorem ...

Note: This linter can be disabled with `set_option linter.unusedSectionVars false`
⚠ [3286/3289] Replayed BanditRLProof.OnlineClosedProper
warning: BanditRLProof/OnlineClosedProper.lean:59:0: automatically included section variable(s) unused in theorem `BanditRL.OnlineConvex.sourceProper_indicator_iff`:
  [TopologicalSpace E]
consider restructuring your `variable` declarations so that the variables are not in scope or explicitly omit them:
  omit [TopologicalSpace E] in theorem ...

Note: This linter can be disabled with `set_option linter.unusedSectionVars false`
⚠ [3288/3289] Built BanditRLProof.OnlineNormalCone (9.4s)
warning: BanditRLProof/OnlineNormalCone.lean:26:36: unused variable `hVc`

Note: This linter can be disabled with `set_option linter.unusedVariables false`
warning: BanditRLProof/OnlineNormalCone.lean:48:17: unused variable `hVn`

Note: This linter can be disabled with `set_option linter.unusedVariables false`
warning: BanditRLProof/OnlineNormalCone.lean:48:36: unused variable `hVc`

Note: This linter can be disabled with `set_option linter.unusedVariables false`
ℹ [3289/3289] Built Tests.OnlineNormalConeCanary (9.7s)
info: Tests/OnlineNormalConeCanary.lean:37:0: 'NormalIndicatorProbe.interval_boundary_and_outside_canary' depends on axioms: [propext, Classical.choice, Quot.sound]
info: Tests/OnlineNormalConeCanary.lean:38:0: 'NormalIndicatorProbe.thin_singleton_all_normals_canary' depends on axioms: [propext, Classical.choice, Quot.sound]
info: Tests/OnlineNormalConeCanary.lean:70:0: 'NormalGeometryProbe.interval_interior_canary' depends on axioms: [propext, Classical.choice, Quot.sound]
info: Tests/OnlineNormalConeCanary.lean:71:0: 'NormalGeometryProbe.two_dimensional_unit_boundary_canary' depends on axioms: [propext, Classical.choice, Quot.sound]
Build completed successfully (3289 jobs).
