{
  "id": "mem-61b571ce58dd3b17",
  "created_at": "2026-10-03T12:32:15+00:00",
  "type": "source_fact",
  "task": "ONLINE-BOOK-CH2-NORMAL-CONE",
  "provenance": {
    "kind": "local_first_retrieval",
    "reference": "runs/online-normal-cone-20261003/full-source-review.md"
  },
  "assumptions": [],
  "declaration": "",
  "file": "",
  "status": "verified",
  "verifier_evidence": [
    "runs/online-normal-cone-20261003/full-leaf03.log"
  ],
  "supersession": {
    "supersedes": [],
    "reason": ""
  },
  "roles": [],
  "details": {
    "query": "Actual indicator normal-cone equality, interior zero and full unitball boundary ray producer",
    "search_order": [
      "local declarations",
      "ABRL theorem cards",
      "Mathlib cards"
    ],
    "candidates": [
      "BanditRLProof/OnlineSubgradientBasic.lean",
      "BanditRLProof/OnlineNormalCone.lean",
      "Metric.mem_nhds_iff",
      "real_inner_le_norm",
      "norm_sub_sq_real"
    ],
    "rejections": [],
    "compiled_scratch": "runs/online-normal-cone-20261003/full-leaf03.log"
  }
}
