SITE CHECK PASSED
- HTML pages: 923
- modules: 828
- declarations: 10620
- highlights: 197
- milestones: 97
- textbook crosswalks: 30
- source theorem restatements: 51
- BanditRLwiki settings/cases/papers: 7/13/19
- BanditRLwiki theorem surfaces: 27
- BanditRLwiki literature-open/formalization-open cases: 0/13
- BanditRLwiki named formalization leaves: 36
- BanditRLwiki active source-frozen ports: 2
- Live Formalization mappings: 197
- Mermaid blocks: 19
- Lean source links: 11695
- internal links and anchors: valid
- README relative links: valid
- MathJax loader and readable mathematical fallbacks: valid
- GitHub Pages workflow: complete
