⚠ [2486/2736] Replayed BanditRLProof.OnlineConvexBarycenter
warning: BanditRLProof/OnlineConvexBarycenter.lean:59:0: automatically included section variable(s) unused in theorem `BanditRL.OnlineConvex.integral_mem_convex_finiteDimensional`:
  [MeasurableSpace E]
  [BorelSpace E]
consider restructuring your `variable` declarations so that the variables are not in scope or explicitly omit them:
  omit [MeasurableSpace E] [BorelSpace E] in theorem ...

Note: This linter can be disabled with `set_option linter.unusedSectionVars false`
⚠ [3303/3319] Replayed BanditRLProof.OnlineConvexExtended
warning: BanditRLProof/OnlineConvexExtended.lean:46:0: automatically included section variable(s) unused in theorem `BanditRL.OnlineConvex.effectiveDomain_indicator`:
  [AddCommGroup E]
  [Module ℝ E]
consider restructuring your `variable` declarations so that the variables are not in scope or explicitly omit them:
  omit [AddCommGroup E] [Module ℝ E] in theorem ...

Note: This linter can be disabled with `set_option linter.unusedSectionVars false`
warning: BanditRLProof/OnlineConvexExtended.lean:66:0: automatically included section variable(s) unused in theorem `BanditRL.OnlineConvex.realEpigraph_toReal`:
  [AddCommGroup E]
  [Module ℝ E]
consider restructuring your `variable` declarations so that the variables are not in scope or explicitly omit them:
  omit [AddCommGroup E] [Module ℝ E] in theorem ...

Note: This linter can be disabled with `set_option linter.unusedSectionVars false`
⚠ [3306/3319] Replayed BanditRLProof.OnlineClosedProper
warning: BanditRLProof/OnlineClosedProper.lean:59:0: automatically included section variable(s) unused in theorem `BanditRL.OnlineConvex.sourceProper_indicator_iff`:
  [TopologicalSpace E]
consider restructuring your `variable` declarations so that the variables are not in scope or explicitly omit them:
  omit [TopologicalSpace E] in theorem ...

Note: This linter can be disabled with `set_option linter.unusedSectionVars false`
⚠ [3314/3319] Replayed BanditRLProof.OnlineConvexFirstOrder
warning: BanditRLProof/OnlineConvexFirstOrder.lean:11:0: automatically included section variable(s) unused in theorem `BanditRL.OnlineConvex.finitePart_eventually`:
  [InnerProductSpace ℝ E]
  [CompleteSpace E]
consider restructuring your `variable` declarations so that the variables are not in scope or explicitly omit them:
  omit [InnerProductSpace ℝ E] [CompleteSpace E] in theorem ...

Note: This linter can be disabled with `set_option linter.unusedSectionVars false`
⚠ [3315/3319] Replayed BanditRLProof.OnlineSubgradientDifferentiability
warning: BanditRLProof/OnlineSubgradientDifferentiability.lean:17:0: automatically included section variable(s) unused in theorem `BanditRL.OnlineConvex.subgradient_norm_le_lipschitz_ball`:
  [FiniteDimensional ℝ E]
consider restructuring your `variable` declarations so that the variables are not in scope or explicitly omit them:
  omit [FiniteDimensional ℝ E] in theorem ...

Note: This linter can be disabled with `set_option linter.unusedSectionVars false`
warning: BanditRLProof/OnlineSubgradientDifferentiability.lean:247:0: automatically included section variable(s) unused in theorem `BanditRL.OnlineConvex.sourceDifferentiableAt_regular`:
  [FiniteDimensional ℝ E]
consider restructuring your `variable` declarations so that the variables are not in scope or explicitly omit them:
  omit [FiniteDimensional ℝ E] in theorem ...

Note: This linter can be disabled with `set_option linter.unusedSectionVars false`
warning: BanditRLProof/OnlineSubgradientDifferentiability.lean:294:13: unused variable `hx`

Note: This linter can be disabled with `set_option linter.unusedVariables false`
⚠ [3317/3319] Replayed BanditRLProof.OnlineSubgradientMax
warning: BanditRLProof/OnlineSubgradientMax.lean:47:0: automatically included section variable(s) unused in theorem `BanditRL.OnlineConvex.finiteMax_attained`:
  [NormedAddCommGroup E]
  [InnerProductSpace ℝ E]
consider restructuring your `variable` declarations so that the variables are not in scope or explicitly omit them:
  omit [NormedAddCommGroup E] [InnerProductSpace ℝ E] in theorem ...

Note: This linter can be disabled with `set_option linter.unusedSectionVars false`
warning: BanditRLProof/OnlineSubgradientMax.lean:95:0: automatically included section variable(s) unused in theorem `BanditRL.OnlineConvex.continuousAt_mem_domain_interior`:
  [InnerProductSpace ℝ E]
consider restructuring your `variable` declarations so that the variables are not in scope or explicitly omit them:
  omit [InnerProductSpace ℝ E] in theorem ...

Note: This linter can be disabled with `set_option linter.unusedSectionVars false`
warning: BanditRLProof/OnlineSubgradientMax.lean:228:0: automatically included section variable(s) unused in theorem `BanditRL.OnlineConvex.continuousAt_finite_toReal`:
  [InnerProductSpace ℝ E]
consider restructuring your `variable` declarations so that the variables are not in scope or explicitly omit them:
  omit [InnerProductSpace ℝ E] in theorem ...

Note: This linter can be disabled with `set_option linter.unusedSectionVars false`
⚠ [3318/3319] Built BanditRLProof.OnlineHinge (9.0s)
warning: BanditRLProof/OnlineHinge.lean:79:6: try 'simp' instead of 'simpa'

Note: This linter can be disabled with `set_option linter.unnecessarySimpa false`
✔ [3319/3319] Built Tests.OnlineHingeCanary (8.0s)
Build completed successfully (3319 jobs).
