'BanditRL.OnlineConvex.sourceHinge' depends on axioms: [propext, Classical.choice, Quot.sound]
'BanditRL.OnlineConvex.affine_subdifferential' depends on axioms: [propext, Classical.choice, Quot.sound]
'BanditRL.OnlineConvex.hingeFamily' depends on axioms: [propext, Classical.choice, Quot.sound]
'BanditRL.OnlineConvex.affine_proper' depends on axioms: [propext, Classical.choice, Quot.sound]
'BanditRL.OnlineConvex.affine_convex' depends on axioms: [propext, Classical.choice, Quot.sound]
'BanditRL.OnlineConvex.affine_continuous' depends on axioms: [propext, Classical.choice, Quot.sound]
'BanditRL.OnlineConvex.hinge_max_identity' depends on axioms: [propext, Classical.choice, Quot.sound]
'BanditRL.OnlineConvex.hinge_subdifferential_hull' depends on axioms: [propext, Classical.choice, Quot.sound]
'BanditRL.OnlineConvex.hinge_family_support' depends on axioms: [propext, Classical.choice, Quot.sound]
'BanditRL.OnlineConvex.hinge_family_false' depends on axioms: [propext, Classical.choice, Quot.sound]
'BanditRL.OnlineConvex.hinge_family_true' depends on axioms: [propext, Classical.choice, Quot.sound]
'BanditRL.OnlineConvex.hinge_active_negative' depends on axioms: [propext, Classical.choice, Quot.sound]
'BanditRL.OnlineConvex.hinge_active_positive' depends on axioms: [propext, Classical.choice, Quot.sound]
'BanditRL.OnlineConvex.hinge_active_zero' depends on axioms: [propext, Classical.choice, Quot.sound]
'BanditRL.OnlineConvex.example_2_27' depends on axioms: [propext, Classical.choice, Quot.sound]
'HingeProbe.strict_zero' depends on axioms: [propext, Classical.choice, Quot.sound]
'HingeProbe.strict_slope' depends on axioms: [propext, Classical.choice, Quot.sound]
'HingeProbe.boundary_interval' depends on axioms: [propext, Classical.choice, Quot.sound]
'HingeProbe.actual_mixture_and_rejection' depends on axioms: [propext, Classical.choice, Quot.sound]
'HingeProbe.zero_vector' depends on axioms: [propext, Classical.choice, Quot.sound]
