SITE CHECK PASSED
- HTML pages: 927
- modules: 830
- declarations: 10654
- highlights: 206
- milestones: 97
- textbook crosswalks: 32
- source theorem restatements: 53
- BanditRLwiki settings/cases/papers: 7/13/19
- BanditRLwiki theorem surfaces: 27
- BanditRLwiki literature-open/formalization-open cases: 0/13
- BanditRLwiki named formalization leaves: 36
- BanditRLwiki active source-frozen ports: 2
- Live Formalization mappings: 206
- Mermaid blocks: 19
- Lean source links: 11740
- internal links and anchors: valid
- README relative links: valid
- MathJax loader and readable mathematical fallbacks: valid
- GitHub Pages workflow: complete
