tmp/online-huber-derivative-canary.lean:109:2: error: Type mismatch: After simplification, term
  huber_hasDerivAt 2 2
    (Mathlib.Meta.NormNum.isNat_le_true (Mathlib.Meta.NormNum.isNat_ofNat ℝ Nat.cast_zero)
      (Mathlib.Meta.NormNum.isNat_ofNat ℝ (Eq.refl 2)) (Eq.refl true))
 has type
  HasDerivAt (huber 2) (if 2 ≤ 0 then -2 else 2) 2
but is expected to have type
  HasDerivAt (huber 2) 2 2
tmp/online-huber-derivative-canary.lean:113:2: error: Type mismatch: After simplification, term
  huber_hasDerivAt 2 1
    (Mathlib.Meta.NormNum.isNat_le_true (Mathlib.Meta.NormNum.isNat_ofNat ℝ Nat.cast_zero)
      (Mathlib.Meta.NormNum.isNat_ofNat ℝ (Eq.refl 2)) (Eq.refl true))
 has type
  HasDerivAt (huber 2) (if 1 ≤ -2 then -2 else 1) 1
but is expected to have type
  HasDerivAt (huber 2) 1 1
tmp/online-huber-derivative-canary.lean:115:2: error: Type mismatch: After simplification, term
  huber_hasDerivAt 2 3
    (Mathlib.Meta.NormNum.isNat_le_true (Mathlib.Meta.NormNum.isNat_ofNat ℝ Nat.cast_zero)
      (Mathlib.Meta.NormNum.isNat_ofNat ℝ (Eq.refl 2)) (Eq.refl true))
 has type
  HasDerivAt (huber 2) (if 3 ≤ -2 then -2 else if 3 ≤ 2 then 3 else 2) 3
but is expected to have type
  HasDerivAt (huber 2) 2 3
'BanditRL.OnlineHuber.hasDerivAt_join' depends on axioms: [propext, Classical.choice, Quot.sound]
'BanditRL.OnlineHuber.huber_hasDerivAt' depends on axioms: [propext, Classical.choice, Quot.sound]
'HuberDerivativeProbe.lower_seam' depends on axioms: [propext, Classical.choice, Quot.sound]
'HuberDerivativeProbe.upper_seam' depends on axioms: [propext, sorryAx, Classical.choice, Quot.sound]
'HuberDerivativeProbe.zero_threshold' depends on axioms: [propext, Classical.choice, Quot.sound]
'HuberDerivativeProbe.quadratic_interior' depends on axioms: [propext, sorryAx, Classical.choice, Quot.sound]
'HuberDerivativeProbe.affine_exterior' depends on axioms: [propext, sorryAx, Classical.choice, Quot.sound]
