tmp/online-huber-ogd-canary.lean:110:31: warning: This simp argument is unused:
  max_eq_left hlo

Hint: Omit it from the simp argument list.
  simp [hlo, min_eq_left hr,̵ ̵m̵a̵x̵_̵e̵q̵_̵l̵e̵f̵t̵ ̵h̵l̵o̵]

Note: This linter can be disabled with `set_option linter.unusedSimpArgs false`
tmp/online-huber-ogd-canary.lean:112:22: warning: This simp argument is unused:
  min_eq_left hhi

Hint: Omit it from the simp argument list.
  simp [hlo, hhi, mi̵n̵_̵e̵q̵_̵l̵e̵f̵t̵ ̵h̵h̵i̵,̵ ̵m̵ax_eq_right (le_of_lt (not_le.mp hlo))]

Note: This linter can be disabled with `set_option linter.unusedSimpArgs false`
tmp/online-huber-ogd-canary.lean:166:46: warning: This simp argument is unused:
  real_inner_smul_left

Hint: Omit it from the simp argument list.
  simp [InnerProductSpace.toDual_apply_apply,̵ ̵r̵e̵a̵l̵_̵i̵n̵n̵e̵r̵_̵s̵m̵u̵l̵_̵l̵e̵f̵t̵]

Note: This linter can be disabled with `set_option linter.unusedSimpArgs false`
tmp/online-huber-ogd-canary.lean:168:0: warning: automatically included section variable(s) unused in theorem `BanditRL.OnlineHuber.huber_linear_convex`:
  [CompleteSpace E]
consider restructuring your `variable` declarations so that the variables are not in scope or explicitly omit them:
  omit [CompleteSpace E] in theorem ...

Note: This linter can be disabled with `set_option linter.unusedSectionVars false`
tmp/online-huber-ogd-canary.lean:207:5: warning: unused variable `hZ`

Note: This linter can be disabled with `set_option linter.unusedVariables false`
tmp/online-huber-ogd-canary.lean:234:32: error(lean.synthInstanceFailed): failed to synthesize instance of type class
  AddGroup ℕ

Hint: Type class instance resolution failures can be inspected with the `set_option trace.Meta.synthInstance true` command.
tmp/online-huber-ogd-canary.lean:234:2: error: 'change' tactic failed, pattern
  2 - 1 / 2 * ((if |2 * 1 - 0| ≤ 1 then 2 * 1 - 0 else 1 * (2 * 1 - 0).sign) * 1) = 3 / 2
is not definitionally equal to target
  2 - (1 / 2) • (if |inner ℝ 1 2 - 0| ≤ 1 then inner ℝ 1 2 - 0 else 1 * (inner ℝ 1 2 - 0).sign) • 1 = 3 / 2
'BanditRL.OnlineHuber.project_fullSpace' depends on axioms: [propext, Classical.choice, Quot.sound]
'BanditRL.OnlineHuber.huber_regular' depends on axioms: [propext, Classical.choice, Quot.sound]
'BanditRL.OnlineHuber.huber_step' depends on axioms: [propext, Classical.choice, Quot.sound]
'BanditRL.OnlineHuber.huber_regret_fixed' depends on axioms: [propext, Classical.choice, Quot.sound]
'HuberOGDProbe.actual_step' depends on axioms: [propext, sorryAx, Classical.choice, Quot.sound]
'HuberOGDProbe.residual_bound' depends on axioms: [propext, Classical.choice, Quot.sound]
