build	Enforce contributor publication contract	﻿2026-10-03T07:58:00.0579660Z ##[group]Run python3 -m unittest tools.test_contributor_contract
build	Enforce contributor publication contract	2026-10-03T07:58:00.0580205Z ^[[36;1mpython3 -m unittest tools.test_contributor_contract^[[0m
build	Enforce contributor publication contract	2026-10-03T07:58:00.0580622Z ^[[36;1mpython3 tools/check_contributor_contract.py --ci^[[0m
build	Enforce contributor publication contract	2026-10-03T07:58:00.0875298Z shell: /usr/bin/bash -e {0}
build	Enforce contributor publication contract	2026-10-03T07:58:00.0875671Z env:
build	Enforce contributor publication contract	2026-10-03T07:58:00.0876034Z   CONTRIBUTOR_BASE: ce5ecc949fee79d50da65d9fd2c1a00e071bbe23
build	Enforce contributor publication contract	2026-10-03T07:58:00.0876474Z ##[endgroup]
build	Enforce contributor publication contract	2026-10-03T07:58:00.1595008Z ...
build	Enforce contributor publication contract	2026-10-03T07:58:00.1595706Z ----------------------------------------------------------------------
build	Enforce contributor publication contract	2026-10-03T07:58:00.1596443Z Ran 3 tests in 0.002s
build	Enforce contributor publication contract	2026-10-03T07:58:00.1596736Z 
build	Enforce contributor publication contract	2026-10-03T07:58:00.1596893Z OK
build	Enforce contributor publication contract	2026-10-03T07:58:00.2086092Z CONTRIBUTOR CONTRACT FAILED
build	Enforce contributor publication contract	2026-10-03T07:58:00.2087275Z Substantive production/publication changes require a changed research-wiki/contribution-contracts/*.json manifest.
build	Enforce contributor publication contract	2026-10-03T07:58:00.2087923Z  - uncovered: BanditRLProof.lean
build	Enforce contributor publication contract	2026-10-03T07:58:00.2088222Z  - uncovered: BanditRLProof/OnlineHuber.lean
build	Enforce contributor publication contract	2026-10-03T07:58:00.2088624Z  - uncovered: website/content/books.json
build	Enforce contributor publication contract	2026-10-03T07:58:00.2088915Z  - uncovered: website/content/chapters.json
build	Enforce contributor publication contract	2026-10-03T07:58:00.2089221Z  - uncovered: website/content/highlights.json
build	Enforce contributor publication contract	2026-10-03T07:58:00.2089529Z  - uncovered: website/content/readings.json
build	Enforce contributor publication contract	2026-10-03T07:58:00.2089902Z contributor base: ce5ecc949fee79d50da65d9fd2c1a00e071bbe23
build	Enforce contributor publication contract	2026-10-03T07:58:00.2090230Z changed paths: 159
build	Enforce contributor publication contract	2026-10-03T07:58:00.2090453Z affected production paths: 6
build	Enforce contributor publication contract	2026-10-03T07:58:00.2090711Z changed contribution contracts: 0
build	Enforce contributor publication contract	2026-10-03T07:58:00.2155708Z ##[error]Process completed with exit code 1.
