SITE CHECK PASSED
- HTML pages: 769
- modules: 687
- declarations: 9028
- highlights: 170
- milestones: 83
- textbook crosswalks: 23
- source theorem restatements: 38
- BanditRLwiki settings/cases/papers: 7/13/19
- BanditRLwiki theorem surfaces: 27
- BanditRLwiki literature-open/formalization-open cases: 0/13
- BanditRLwiki named formalization leaves: 36
- BanditRLwiki active source-frozen ports: 2
- Live Formalization mappings: 170
- Mermaid blocks: 18
- Lean source links: 9935
- internal links and anchors: valid
- README relative links: valid
- MathJax loader and readable mathematical fallbacks: valid
- GitHub Pages workflow: complete
