tmp/online-huber-vector-canary.lean:110:31: warning: This simp argument is unused:
  max_eq_left hlo

Hint: Omit it from the simp argument list.
  simp [hlo, min_eq_left hr,̵ ̵m̵a̵x̵_̵e̵q̵_̵l̵e̵f̵t̵ ̵h̵l̵o̵]

Note: This linter can be disabled with `set_option linter.unusedSimpArgs false`
tmp/online-huber-vector-canary.lean:112:22: warning: This simp argument is unused:
  min_eq_left hhi

Hint: Omit it from the simp argument list.
  simp [hlo, hhi, mi̵n̵_̵e̵q̵_̵l̵e̵f̵t̵ ̵h̵h̵i̵,̵ ̵m̵ax_eq_right (le_of_lt (not_le.mp hlo))]

Note: This linter can be disabled with `set_option linter.unusedSimpArgs false`
tmp/online-huber-vector-canary.lean:166:46: warning: This simp argument is unused:
  real_inner_smul_left

Hint: Omit it from the simp argument list.
  simp [InnerProductSpace.toDual_apply_apply,̵ ̵r̵e̵a̵l̵_̵i̵n̵n̵e̵r̵_̵s̵m̵u̵l̵_̵l̵e̵f̵t̵]

Note: This linter can be disabled with `set_option linter.unusedSimpArgs false`
tmp/online-huber-vector-canary.lean:168:0: warning: automatically included section variable(s) unused in theorem `BanditRL.OnlineHuber.huber_linear_convex`:
  [CompleteSpace E]
consider restructuring your `variable` declarations so that the variables are not in scope or explicitly omit them:
  omit [CompleteSpace E] in theorem ...

Note: This linter can be disabled with `set_option linter.unusedSectionVars false`
'BanditRL.OnlineHuber.huber_deriv_clamp' depends on axioms: [propext, Classical.choice, Quot.sound]
'BanditRL.OnlineHuber.huber_convex' depends on axioms: [propext, Classical.choice, Quot.sound]
'BanditRL.OnlineHuber.huber_deriv_bound' depends on axioms: [propext, Classical.choice, Quot.sound]
'BanditRL.OnlineHuber.huber_deriv_source' depends on axioms: [propext, Classical.choice, Quot.sound]
'BanditRL.OnlineHuber.huber_linear_hasGradientAt' depends on axioms: [propext, Classical.choice, Quot.sound]
'BanditRL.OnlineHuber.huber_linear_convex' depends on axioms: [propext, Classical.choice, Quot.sound]
'BanditRL.OnlineHuber.huber_linear_gradient_bound' depends on axioms: [propext, Classical.choice, Quot.sound]
'HuberVectorProbe.nonzero_feature' depends on axioms: [propext, Classical.choice, Quot.sound]
'HuberVectorProbe.zero_threshold' depends on axioms: [propext, Classical.choice, Quot.sound]
'HuberVectorProbe.feature_bound' depends on axioms: [propext, Classical.choice, Quot.sound]
'HuberVectorProbe.global_convex' depends on axioms: [propext, Classical.choice, Quot.sound]
