{
  "schema_version": 1,
  "declaration": "BanditRL.OnlineHuber.huber_linear_hasGradientAt",
  "file": "tmp/online-huber-vector-draft.lean",
  "statement": "theorem huber_linear_hasGradientAt (delta y : ℝ) (hd : 0 ≤ delta) (z x : E) : HasGradientAt (fun w => huber delta (inner ℝ z w - y)) (deriv (huber delta) (inner ℝ z x - y) • z) x",
  "statement_hash": "caf0f78552cef8124708fa3d79903195aad6e48641ca8bbb446af19ddd3af740",
  "source_assumptions": [],
  "created_at": "2026-10-03T07:16:43+00:00"
}
{
  "schema_version": 1,
  "declaration": "BanditRL.OnlineHuber.huber_linear_convex",
  "file": "tmp/online-huber-vector-draft.lean",
  "statement": "theorem huber_linear_convex (delta y : ℝ) (hd : 0 ≤ delta) (z : E) : ConvexOn ℝ Set.univ (fun w => huber delta (inner ℝ z w - y))",
  "statement_hash": "ae00876f13fdf1cfd102526d5bd5ba10e93549fad073d3f4050775e5b197f8c3",
  "source_assumptions": [],
  "created_at": "2026-10-03T07:16:44+00:00"
}
{
  "schema_version": 1,
  "declaration": "BanditRL.OnlineHuber.huber_linear_gradient_bound",
  "file": "tmp/online-huber-vector-draft.lean",
  "statement": "theorem huber_linear_gradient_bound (delta y : ℝ) (hd : 0 ≤ delta) (z x : E) : ‖gradient (fun w => huber delta (inner ℝ z w - y)) x‖ ≤ delta * ‖z‖",
  "statement_hash": "9e4b73a6a76d184a0480495afcfd2ae0dc2f95e4d8e4a344d3c3731c3f145696",
  "source_assumptions": [],
  "created_at": "2026-10-03T07:16:44+00:00"
}
