SITE CHECK PASSED
- HTML pages: 758
- modules: 681
- declarations: 8982
- highlights: 154
- milestones: 83
- textbook crosswalks: 18
- source theorem restatements: 32
- BanditRLwiki settings/cases/papers: 7/13/19
- BanditRLwiki theorem surfaces: 27
- BanditRLwiki literature-open/formalization-open cases: 0/13
- BanditRLwiki named formalization leaves: 36
- BanditRLwiki active source-frozen ports: 2
- Live Formalization mappings: 154
- Mermaid blocks: 18
- Lean source links: 9867
- internal links and anchors: valid
- README relative links: valid
- MathJax loader and readable mathematical fallbacks: valid
- GitHub Pages workflow: complete
