{
  "id": "mem-02aec5bf7f113651",
  "created_at": "2026-10-08T04:49:32+00:00",
  "type": "verified_lemma",
  "task": "ONLINE-SQUARE-MINIMUM-20261008",
  "provenance": {
    "kind": "source-reviewed-compiled-square-minimum",
    "reference": "E:\\ABRL\\worktrees\\research-online-book\\runs\\online-square-minimum-20261008\\accepted-decision-v1.json"
  },
  "assumptions": [],
  "declaration": "BanditRL.OnlineLearning.meanPredict_bestRegret_refined",
  "file": "BanditRLProof\\OnlineSquareMinimum.lean",
  "status": "accepted",
  "verifier_evidence": [
    "E:\\ABRL\\worktrees\\research-online-book\\runs\\online-square-minimum-20261008\\final-reader-receipt-v1.json"
  ],
  "supersession": {
    "supersedes": [],
    "reason": ""
  },
  "roles": [
    "reviewer"
  ],
  "details": {
    "scope": "C1 pathwise square-minimum hinge only: actual empirical-mean feasibility/minimization and attained real interval infimum; signed same-process best-fixed/comparator identity and order; existing actual first1/2 strict-past FTL log and sharp-quarter-tail guarantees expressed against that minimum. Six derived producer/representation/adapters and one definition, not six printed source theorems or new rate mathematics. T0 empty extension without uniqueness; positiveT performance restrictions; arbitrary supplied traces algebra only.",
    "remaining_required": "Original16C1source items/proof-totalnull/fullC1open, expected FIXED-loss minimum and causal IID cumulative variance REQUIRED next; five older main-relative Foundations/History/IID/Information/Stochastic audits unwaived. Chapter2incomplete, Chapters3–16unenumerated, necessaryappendices required, totalGoalACTIVE. No min/expectation interchange or generic causal learner; exact OPENdraft/unmergedPR192base2aa08b9e1f5da4d0c7d7dcbe9ddeadd1fbfc34e3 stack, no main/live/merge/deploy/retirement.",
    "source_package_accepted": true,
    "chapter_complete": false,
    "goal_complete": false,
    "merged": false,
    "live": false,
    "new_public_proofs": 6,
    "new_public_definitions": 1,
    "source_subobligation_closures": 1,
    "new_registry_nodes": 7
  }
}
