{
  "schema_version": 1,
  "mode": "shadow-read-only",
  "analyzed_at": "2026-10-08T04:49:32+00:00",
  "trials_path": "E:\\ABRL\\worktrees\\research-online-book\\runs\\online-square-minimum-20261008\\accepted-scoped-trials-v1.jsonl",
  "trial_rows": 5,
  "status_counts": {
    "accepted": 1,
    "compiled": 2,
    "running": 2
  },
  "inferred_frontier": {
    "selected_task": "ONLINE-SQUARE-MINIMUM-20261008",
    "selected_leaf": "ONLINE-SQUARE-MINIMUM-20261008",
    "source_status": "accepted",
    "last_accepted_verifier": {
      "trial_index": 4,
      "time": "2026-10-08T04:49:31+00:00",
      "task": "ONLINE-SQUARE-MINIMUM-20261008",
      "role": "reviewer",
      "kind": "review",
      "status": "accepted",
      "lean": "",
      "notes": "ONLINE-SQUARE-MINIMUM-20261008 C1 pathwise square-minimum hinge only: actual empirical-mean feasibility/minimization and attained real interval infimum; signed same-process best-fixed/comparator identity and order; existing actual first1/2 strict-past FTL log and sharp-quarter-tail guarantees expressed against that minimum. Six derived producer/representation/adapters and one definition, not six printed source theorems or new rate mathematics. T0 empty extension without uniqueness; positiveT performance restrictions; arbitrary supplied traces algebra only. Original16C1source items/proof-totalnull/fullC1open, expected FIXED-loss minimum and causal IID cumulative variance REQUIRED next; five older main-relative Foundations/History/IID/Information/Stochastic audits unwaived. Chapter2incomplete, Chapters3–16unenumerated, necessaryappendices required, totalGoalACTIVE. No min/expectation interchange or generic causal learner; exact OPENdraft/unmergedPR192base2aa08b9e1f5da4d0c7d7dcbe9ddeadd1fbfc34e3 stack, no main/live/merge/deploy/retirement. Actual38kernel/26nativeguards/16VALUEpairs,20namedcanaries2fixtures, 6neutral->draft+6draft->actual+20canary types and6wholedefinition identities. Root9096/Tests9251/harness472skip7; actual committed5productionpaths1contract gate supersedes initialvacuous0/0. Clean47c6a03 localLeanverifiedsite/10906oldsharedIDsURLsHashes+7newnodes/12currentimages independently viewed. Distinct reused staged decoder/source reviewer CONTRACT/BODY/FINAL accepted with exact R1–R8; requestedAstra-medium/no human/external/runtime attestation. Frozen6terminal contract progresses6->0 only; original helper/ownership/whitespace/clean-tail failures retained and rawbytes preserved.",
      "run_id": "online-square-minimum-20261008"
    }
  },
  "memory_digest": {
    "path": "E:\\ABRL\\worktrees\\research-online-book\\runs\\online-square-minimum-20261008\\memory-digest-accepted-v1.md",
    "task": ""
  },
  "recorded_frontier": {
    "schema_version": 1,
    "record_id": "frontier-5ae96a1e456d7f50",
    "updated_at": "2026-10-08T04:49:32+00:00",
    "root_objective": "Persistent Orabona Chapters1–16; only actual pathwise-square-minimum hinge accepted",
    "current_leaf": {
      "id": "ONLINE-SQUARE-MINIMUM-20261008",
      "kind": "lean",
      "status": "accepted",
      "statement": "theorem meanPredict_bestRegret_refined (y : ℕ → ℝ) (T : ℕ) (hT : 0 < T) (hy : ∀ t < T, y t ∈ Set.Icc (0 : ℝ) 1) : squaredBestRegret y (meanPredict y) T ≤ (1 : ℝ) / 4 + ∑ t ∈ Finset.range (T - 1), 4 / ((t : ℝ) + 2)",
      "statement_hash": "1f42f6f8dc9b7fadcf162457167680eef99c17013ebc9156be9d9392b5190e26",
      "declaration": "BanditRL.OnlineLearning.meanPredict_bestRegret_refined",
      "file": "BanditRLProof\\OnlineSquareMinimum.lean",
      "source_status": "source-reviewed",
      "dependencies": [
        {
          "kind": "lean",
          "name": "BanditRL.OnlineLearning.squaredLoss_minimum_eq",
          "status": "compiled"
        },
        {
          "kind": "review",
          "name": "source-reader",
          "status": "accepted"
        }
      ]
    },
    "dag": {
      "nodes": [
        {
          "id": "ONLINE-SQUARE-MINIMUM-20261008",
          "kind": "lean",
          "status": "accepted",
          "dependencies": [
            {
              "kind": "lean",
              "name": "BanditRL.OnlineLearning.squaredLoss_minimum_eq",
              "status": "compiled"
            },
            {
              "kind": "review",
              "name": "source-reader",
              "status": "accepted"
            }
          ],
          "dispatch_count": 0
        }
      ]
    },
    "last_accepted_verifier": {
      "trial_index": 4,
      "time": "2026-10-08T04:49:31+00:00",
      "task": "ONLINE-SQUARE-MINIMUM-20261008",
      "role": "reviewer",
      "kind": "review",
      "status": "accepted",
      "lean": "",
      "notes": "ONLINE-SQUARE-MINIMUM-20261008 C1 pathwise square-minimum hinge only: actual empirical-mean feasibility/minimization and attained real interval infimum; signed same-process best-fixed/comparator identity and order; existing actual first1/2 strict-past FTL log and sharp-quarter-tail guarantees expressed against that minimum. Six derived producer/representation/adapters and one definition, not six printed source theorems or new rate mathematics. T0 empty extension without uniqueness; positiveT performance restrictions; arbitrary supplied traces algebra only. Original16C1source items/proof-totalnull/fullC1open, expected FIXED-loss minimum and causal IID cumulative variance REQUIRED next; five older main-relative Foundations/History/IID/Information/Stochastic audits unwaived. Chapter2incomplete, Chapters3–16unenumerated, necessaryappendices required, totalGoalACTIVE. No min/expectation interchange or generic causal learner; exact OPENdraft/unmergedPR192base2aa08b9e1f5da4d0c7d7dcbe9ddeadd1fbfc34e3 stack, no main/live/merge/deploy/retirement. Actual38kernel/26nativeguards/16VALUEpairs,20namedcanaries2fixtures, 6neutral->draft+6draft->actual+20canary types and6wholedefinition identities. Root9096/Tests9251/harness472skip7; actual committed5productionpaths1contract gate supersedes initialvacuous0/0. Clean47c6a03 localLeanverifiedsite/10906oldsharedIDsURLsHashes+7newnodes/12currentimages independently viewed. Distinct reused staged decoder/source reviewer CONTRACT/BODY/FINAL accepted with exact R1–R8; requestedAstra-medium/no human/external/runtime attestation. Frozen6terminal contract progresses6->0 only; original helper/ownership/whitespace/clean-tail failures retained and rawbytes preserved.",
      "run_id": "online-square-minimum-20261008"
    },
    "memory_policy": {
      "recent_role_relevant_limit": 5,
      "explicit_verified_lemma_ids": [],
      "whole_history_default": false
    },
    "shadow_gate": {
      "status": "pending",
      "analyzed_trial_rows": 5,
      "mismatches": [],
      "replay_transitions": 0
    },
    "mutation_policy": {
      "canonical_path_queue": true,
      "cross_process_lock": true,
      "same_file_serialized": true,
      "disjoint_files_parallel": true
    },
    "autonomous_execution": {
      "enabled": false,
      "requires_deterministic_gates": true,
      "requires_explicit_user_request": true
    }
  },
  "mismatches": [],
  "would_mutate": false
}
