{
  "time": "2026-10-08T04:49:31+00:00",
  "task": "ONLINE-SQUARE-MINIMUM-20261008",
  "role": "reviewer",
  "kind": "review",
  "status": "accepted",
  "notes": "ONLINE-SQUARE-MINIMUM-20261008 C1 pathwise square-minimum hinge only: actual empirical-mean feasibility/minimization and attained real interval infimum; signed same-process best-fixed/comparator identity and order; existing actual first1/2 strict-past FTL log and sharp-quarter-tail guarantees expressed against that minimum. Six derived producer/representation/adapters and one definition, not six printed source theorems or new rate mathematics. T0 empty extension without uniqueness; positiveT performance restrictions; arbitrary supplied traces algebra only. Original16C1source items/proof-totalnull/fullC1open, expected FIXED-loss minimum and causal IID cumulative variance REQUIRED next; five older main-relative Foundations/History/IID/Information/Stochastic audits unwaived. Chapter2incomplete, Chapters3–16unenumerated, necessaryappendices required, totalGoalACTIVE. No min/expectation interchange or generic causal learner; exact OPENdraft/unmergedPR192base2aa08b9e1f5da4d0c7d7dcbe9ddeadd1fbfc34e3 stack, no main/live/merge/deploy/retirement. Actual38kernel/26nativeguards/16VALUEpairs,20namedcanaries2fixtures, 6neutral->draft+6draft->actual+20canary types and6wholedefinition identities. Root9096/Tests9251/harness472skip7; actual committed5productionpaths1contract gate supersedes initialvacuous0/0. Clean47c6a03 localLeanverifiedsite/10906oldsharedIDsURLsHashes+7newnodes/12currentimages independently viewed. Distinct reused staged decoder/source reviewer CONTRACT/BODY/FINAL accepted with exact R1–R8; requestedAstra-medium/no human/external/runtime attestation. Frozen6terminal contract progresses6->0 only; original helper/ownership/whitespace/clean-tail failures retained and rawbytes preserved.",
  "lean": "",
  "source": "",
  "run_id": "online-square-minimum-20261008",
  "changed_files": [],
  "statement_hash": "1f42f6f8dc9b7fadcf162457167680eef99c17013ebc9156be9d9392b5190e26",
  "parent_id": "",
  "route_fingerprint": "",
  "verifier_evidence": [
    "E:\\ABRL\\worktrees\\research-online-book\\runs\\online-square-minimum-20261008\\final-reader-receipt-v1.json"
  ],
  "harness": "hierarchical",
  "experiment_id": "",
  "target_fingerprint": "",
  "route_packet_hash": "",
  "attempt_id": "SQUARE-MINIMUM-V1",
  "worker_id": "",
  "progress_class": "terminal",
  "reviewer_validated": true,
  "obligations_before": 6,
  "obligations_after": 0,
  "new_declarations": [
    "BanditRL.OnlineLearning.meanPredict_bestRegret_refined"
  ],
  "reused_declarations": [],
  "dag_nodes": 0,
  "dag_depth": 0,
  "elapsed_seconds": 0.0,
  "lean_check_seconds": 0.0,
  "prompt_chars": 0,
  "input_tokens": 0,
  "output_tokens": 0,
  "error_signature": ""
}
