{
  "id": "mem-43124aec5691a707",
  "created_at": "2026-10-08T04:49:32+00:00",
  "type": "source_fact",
  "task": "ONLINE-SQUARE-MINIMUM-20261008",
  "provenance": {
    "kind": "local_first_retrieval",
    "reference": "E:\\ABRL\\worktrees\\research-online-book\\runs\\online-square-minimum-20261008\\public-canary-focused-build-v1-exit.json"
  },
  "assumptions": [],
  "declaration": "",
  "file": "",
  "status": "verified",
  "verifier_evidence": [
    "Tests\\OnlineSquareMinimumCanary.lean"
  ],
  "supersession": {
    "supersedes": [],
    "reason": ""
  },
  "roles": [],
  "details": {
    "query": "Produce the attained interval squared-loss minimum and same actual strict-past FTL best-fixed regret",
    "search_order": [
      "local declarations",
      "ABRL theorem cards",
      "Mathlib cards"
    ],
    "candidates": [
      "BanditRL.OnlineLearning.squaredLoss_minimum_eq",
      "BanditRL.OnlineLearning.meanPredict_bestRegret_refined"
    ],
    "rejections": [],
    "compiled_scratch": "Tests\\OnlineSquareMinimumCanary.lean"
  }
}
