{
  "schema_version": 1,
  "entry_id": "entry-ef2dec86e8fbb31d",
  "session_id": "ONLINE-SQUARE-MINIMUM-20261008",
  "sequence": 4,
  "parent_id": "entry-0330bbea1dc6b451",
  "event_type": "accepted",
  "created_at": "2026-10-08T04:49:31+00:00",
  "payload": {
    "run_id": "online-square-minimum-20261008",
    "contract_version": 1,
    "accepted_decision": "E:/ABRL/worktrees/research-online-book/runs/online-square-minimum-20261008/accepted-decision-v1.json",
    "scope_only": "C1-pathwise-square-minimum",
    "source_package_accepted": true,
    "chapter_complete": false,
    "goal_complete": false,
    "merged": false,
    "live": false,
    "new_public_proofs": 6,
    "new_public_definitions": 1,
    "source_subobligation_closures": 1,
    "new_registry_nodes": 7
  }
}
