E:\ABRL\worktrees\research-online-book\runs\online-square-minimum-20261008\leaves\all-exact-types-v1.lean:22:5: warning: unused variable `hy`

Note: This linter can be disabled with `set_option linter.unusedVariables false`
E:\ABRL\worktrees\research-online-book\runs\online-square-minimum-20261008\leaves\all-exact-types-v1.lean:29:5: warning: unused variable `hy`

Note: This linter can be disabled with `set_option linter.unusedVariables false`
E:\ABRL\worktrees\research-online-book\runs\online-square-minimum-20261008\leaves\all-exact-types-v1.lean:35:5: warning: unused variable `hy`

Note: This linter can be disabled with `set_option linter.unusedVariables false`
E:\ABRL\worktrees\research-online-book\runs\online-square-minimum-20261008\leaves\all-exact-types-v1.lean:40:5: warning: unused variable `hy`

Note: This linter can be disabled with `set_option linter.unusedVariables false`
E:\ABRL\worktrees\research-online-book\runs\online-square-minimum-20261008\leaves\all-exact-types-v1.lean:41:13: warning: unused variable `hu`

Note: This linter can be disabled with `set_option linter.unusedVariables false`
E:\ABRL\worktrees\research-online-book\runs\online-square-minimum-20261008\leaves\all-exact-types-v1.lean:45:42: warning: unused variable `hT`

Note: This linter can be disabled with `set_option linter.unusedVariables false`
E:\ABRL\worktrees\research-online-book\runs\online-square-minimum-20261008\leaves\all-exact-types-v1.lean:46:5: warning: unused variable `hy`

Note: This linter can be disabled with `set_option linter.unusedVariables false`
E:\ABRL\worktrees\research-online-book\runs\online-square-minimum-20261008\leaves\all-exact-types-v1.lean:49:42: warning: unused variable `hT`

Note: This linter can be disabled with `set_option linter.unusedVariables false`
E:\ABRL\worktrees\research-online-book\runs\online-square-minimum-20261008\leaves\all-exact-types-v1.lean:50:5: warning: unused variable `hy`

Note: This linter can be disabled with `set_option linter.unusedVariables false`
E:\ABRL\worktrees\research-online-book\runs\online-square-minimum-20261008\leaves\all-exact-types-v1.lean:58:5: warning: unused variable `hy`

Note: This linter can be disabled with `set_option linter.unusedVariables false`
E:\ABRL\worktrees\research-online-book\runs\online-square-minimum-20261008\leaves\all-exact-types-v1.lean:65:5: warning: unused variable `hy`

Note: This linter can be disabled with `set_option linter.unusedVariables false`
E:\ABRL\worktrees\research-online-book\runs\online-square-minimum-20261008\leaves\all-exact-types-v1.lean:71:5: warning: unused variable `hy`

Note: This linter can be disabled with `set_option linter.unusedVariables false`
E:\ABRL\worktrees\research-online-book\runs\online-square-minimum-20261008\leaves\all-exact-types-v1.lean:76:5: warning: unused variable `hy`

Note: This linter can be disabled with `set_option linter.unusedVariables false`
E:\ABRL\worktrees\research-online-book\runs\online-square-minimum-20261008\leaves\all-exact-types-v1.lean:77:13: warning: unused variable `hu`

Note: This linter can be disabled with `set_option linter.unusedVariables false`
E:\ABRL\worktrees\research-online-book\runs\online-square-minimum-20261008\leaves\all-exact-types-v1.lean:81:42: warning: unused variable `hT`

Note: This linter can be disabled with `set_option linter.unusedVariables false`
E:\ABRL\worktrees\research-online-book\runs\online-square-minimum-20261008\leaves\all-exact-types-v1.lean:82:5: warning: unused variable `hy`

Note: This linter can be disabled with `set_option linter.unusedVariables false`
E:\ABRL\worktrees\research-online-book\runs\online-square-minimum-20261008\leaves\all-exact-types-v1.lean:85:42: warning: unused variable `hT`

Note: This linter can be disabled with `set_option linter.unusedVariables false`
E:\ABRL\worktrees\research-online-book\runs\online-square-minimum-20261008\leaves\all-exact-types-v1.lean:86:5: warning: unused variable `hy`

Note: This linter can be disabled with `set_option linter.unusedVariables false`
E:\ABRL\worktrees\research-online-book\runs\online-square-minimum-20261008\leaves\all-exact-types-v1.lean:135:5: warning: unused variable `hu`

Note: This linter can be disabled with `set_option linter.unusedVariables false`
E:\ABRL\worktrees\research-online-book\runs\online-square-minimum-20261008\leaves\all-exact-types-v1.lean:177:44: warning: unused variable `h`

Note: This linter can be disabled with `set_option linter.unusedVariables false`
