{
  "schema_version": 1,
  "mode": "shadow-read-only",
  "analyzed_at": "2026-10-08T04:27:49+00:00",
  "trials_path": "E:\\ABRL\\worktrees\\research-online-book\\runs\\online-square-minimum-20261008\\candidate-scoped-trials-v1.jsonl",
  "trial_rows": 4,
  "status_counts": {
    "compiled": 2,
    "running": 2
  },
  "inferred_frontier": {
    "selected_task": "ONLINE-SQUARE-MINIMUM-20261008",
    "selected_leaf": "ONLINE-SQUARE-MINIMUM-20261008",
    "source_status": "compiled",
    "last_accepted_verifier": {
      "trial_index": 3,
      "time": "2026-10-08T04:19:16+00:00",
      "task": "ONLINE-SQUARE-MINIMUM-20261008",
      "role": "lower",
      "kind": "build",
      "status": "compiled",
      "lean": "BanditRLProof\\OnlineSquareMinimum.lean",
      "notes": "Only the six frozen square-minimum math terminals close in focused build. Source BODY/canary/kernel/root/Tests/full harness/reader/site/native/PR acceptance still required; original C1 total unknown and total Goal active.",
      "run_id": "online-square-minimum-20261008"
    }
  },
  "memory_digest": {
    "path": "E:\\ABRL\\worktrees\\research-online-book\\runs\\online-square-minimum-20261008\\memory_digest-candidate-v1.md",
    "task": ""
  },
  "recorded_frontier": {
    "schema_version": 1,
    "record_id": "frontier-f47252fae963c765",
    "updated_at": "2026-10-08T04:27:49+00:00",
    "root_objective": "Persistent Orabona Chapters1–16; actual pathwise square-loss minimum and same FTL guarantee",
    "current_leaf": {
      "id": "ONLINE-SQUARE-MINIMUM-20261008",
      "kind": "lean",
      "status": "gate-pending",
      "statement": "theorem meanPredict_bestRegret_refined (y : ℕ → ℝ) (T : ℕ) (hT : 0 < T) (hy : ∀ t < T, y t ∈ Set.Icc (0 : ℝ) 1) : squaredBestRegret y (meanPredict y) T ≤ (1 : ℝ) / 4 + ∑ t ∈ Finset.range (T - 1), 4 / ((t : ℝ) + 2)",
      "statement_hash": "1f42f6f8dc9b7fadcf162457167680eef99c17013ebc9156be9d9392b5190e26",
      "declaration": "BanditRL.OnlineLearning.meanPredict_bestRegret_refined",
      "file": "BanditRLProof\\OnlineSquareMinimum.lean",
      "source_status": "source-reviewed",
      "dependencies": [
        {
          "kind": "review",
          "name": "source-body",
          "status": "accepted"
        },
        {
          "kind": "lean",
          "name": "BanditRL.OnlineLearning.squaredLoss_minimum_eq",
          "status": "compiled"
        },
        {
          "kind": "lean",
          "name": "BanditRL.OnlineLearning.meanPredict_regret_refined",
          "status": "compiled"
        }
      ]
    },
    "dag": {
      "nodes": [
        {
          "id": "ONLINE-SQUARE-MINIMUM-20261008",
          "kind": "lean",
          "status": "gate-pending",
          "dependencies": [
            {
              "kind": "review",
              "name": "source-body",
              "status": "accepted"
            },
            {
              "kind": "lean",
              "name": "BanditRL.OnlineLearning.squaredLoss_minimum_eq",
              "status": "compiled"
            },
            {
              "kind": "lean",
              "name": "BanditRL.OnlineLearning.meanPredict_regret_refined",
              "status": "compiled"
            }
          ],
          "dispatch_count": 0
        }
      ]
    },
    "last_accepted_verifier": {
      "trial_index": 3,
      "time": "2026-10-08T04:19:16+00:00",
      "task": "ONLINE-SQUARE-MINIMUM-20261008",
      "role": "lower",
      "kind": "build",
      "status": "compiled",
      "lean": "BanditRLProof\\OnlineSquareMinimum.lean",
      "notes": "Only the six frozen square-minimum math terminals close in focused build. Source BODY/canary/kernel/root/Tests/full harness/reader/site/native/PR acceptance still required; original C1 total unknown and total Goal active.",
      "run_id": "online-square-minimum-20261008"
    },
    "memory_policy": {
      "recent_role_relevant_limit": 5,
      "explicit_verified_lemma_ids": [],
      "whole_history_default": false
    },
    "shadow_gate": {
      "status": "pending",
      "analyzed_trial_rows": 4,
      "mismatches": [],
      "replay_transitions": 0
    },
    "mutation_policy": {
      "canonical_path_queue": true,
      "cross_process_lock": true,
      "same_file_serialized": true,
      "disjoint_files_parallel": true
    },
    "autonomous_execution": {
      "enabled": false,
      "requires_deterministic_gates": true,
      "requires_explicit_user_request": true
    }
  },
  "mismatches": [],
  "would_mutate": false
}
