{
  "time": "2026-10-08T04:18:09+00:00",
  "task": "ONLINE-SQUARE-MINIMUM-20261008",
  "role": "lower",
  "kind": "build",
  "status": "compiled",
  "notes": "Actual M001 body focused-builds; native safe-verify is a header scan, not Lean compilation. Five fixed targets and package/canary/kernel/root/Tests/harness/source BODY/reader/site/native/PR gates remain.",
  "lean": "BanditRLProof\\OnlineSquareMinimum.lean",
  "source": "",
  "run_id": "online-square-minimum-20261008",
  "changed_files": [],
  "statement_hash": "",
  "parent_id": "",
  "route_fingerprint": "",
  "verifier_evidence": [
    "E:\\ABRL\\worktrees\\research-online-book\\runs\\online-square-minimum-20261008\\first-leaf-focused-build-v1-exit.json"
  ],
  "harness": "hierarchical",
  "experiment_id": "",
  "target_fingerprint": "6f845210c292f01803e3842002ebcc3795359e7878f3094d5452c582eb62cc01",
  "route_packet_hash": "",
  "attempt_id": "SQUARE-MINIMUM-M001-V1",
  "worker_id": "",
  "progress_class": "compiled-leaf",
  "reviewer_validated": false,
  "obligations_before": 6,
  "obligations_after": 5,
  "new_declarations": [
    "BanditRL.OnlineLearning.guessing_prefix_minimum"
  ],
  "reused_declarations": [],
  "dag_nodes": 0,
  "dag_depth": 0,
  "elapsed_seconds": 0.0,
  "lean_check_seconds": 0.0,
  "prompt_chars": 0,
  "input_tokens": 0,
  "output_tokens": 0,
  "error_signature": ""
}
