{
  "time": "2026-10-08T04:17:50+00:00",
  "task": "ONLINE-SQUARE-MINIMUM-20261008",
  "role": "lower",
  "kind": "attempt",
  "status": "running",
  "notes": "First actual source-reviewed leaf: nonempty interval and actual feasible empirical mean minimize the same prefix square losses. T0 explicit empty extension without uniqueness; imported actual mean proofs for positive T.",
  "lean": "BanditRLProof\\OnlineSquareMinimum.lean",
  "source": "",
  "run_id": "online-square-minimum-20261008",
  "changed_files": [],
  "statement_hash": "",
  "parent_id": "",
  "route_fingerprint": "",
  "verifier_evidence": [],
  "harness": "hierarchical",
  "experiment_id": "",
  "target_fingerprint": "6f845210c292f01803e3842002ebcc3795359e7878f3094d5452c582eb62cc01",
  "route_packet_hash": "",
  "attempt_id": "SQUARE-MINIMUM-M001-V1",
  "worker_id": "",
  "progress_class": "unreviewed",
  "reviewer_validated": false,
  "obligations_before": 0,
  "obligations_after": 0,
  "new_declarations": [],
  "reused_declarations": [],
  "dag_nodes": 0,
  "dag_depth": 0,
  "elapsed_seconds": 0.0,
  "lean_check_seconds": 0.0,
  "prompt_chars": 0,
  "input_tokens": 0,
  "output_tokens": 0,
  "error_signature": ""
}
