runs/online-square-minimum-20261008/blind-reconstruction-v1.md:162: new blank line at EOF.
runs/online-square-minimum-20261008/combined-Tests-v1.log:1310: trailing whitespace.
+  
runs/online-square-minimum-20261008/combined-Tests-v1.log:1312: trailing whitespace.
+    
runs/online-square-minimum-20261008/combined-Tests-v1.log:1317: trailing whitespace.
+  
runs/online-square-minimum-20261008/combined-Tests-v1.log:1319: trailing whitespace.
+    
runs/online-square-minimum-20261008/combined-Tests-v1.log:1480: trailing whitespace.
+  
runs/online-square-minimum-20261008/combined-Tests-v1.log:1482: trailing whitespace.
+    
runs/online-square-minimum-20261008/combined-Tests-v1.log:1631: trailing whitespace.
+  
runs/online-square-minimum-20261008/combined-Tests-v1.log:1633: trailing whitespace.
+    
runs/online-square-minimum-20261008/combined-Tests-v1.log:1802: trailing whitespace.
+  
runs/online-square-minimum-20261008/combined-Tests-v1.log:1804: trailing whitespace.
+    
runs/online-square-minimum-20261008/combined-Tests-v1.log:1844: trailing whitespace.
+  
runs/online-square-minimum-20261008/combined-Tests-v1.log:1846: trailing whitespace.
+    
runs/online-square-minimum-20261008/combined-Tests-v1.log:2339: trailing whitespace.
+  
runs/online-square-minimum-20261008/combined-Tests-v1.log:2341: trailing whitespace.
+    
runs/online-square-minimum-20261008/combined-Tests-v1.log:2390: trailing whitespace.
+  
runs/online-square-minimum-20261008/combined-Tests-v1.log:2392: trailing whitespace.
+    
runs/online-square-minimum-20261008/combined-Tests-v1.log:6788: trailing whitespace.
+  
runs/online-square-minimum-20261008/combined-Tests-v1.log:6790: trailing whitespace.
+    
runs/online-square-minimum-20261008/combined-root-v1.log:495: trailing whitespace.
+  
runs/online-square-minimum-20261008/combined-root-v1.log:497: trailing whitespace.
+    
runs/online-square-minimum-20261008/combined-root-v1.log:646: trailing whitespace.
+  
runs/online-square-minimum-20261008/combined-root-v1.log:648: trailing whitespace.
+    
runs/online-square-minimum-20261008/combined-root-v1.log:834: trailing whitespace.
+  
runs/online-square-minimum-20261008/combined-root-v1.log:836: trailing whitespace.
+    
runs/online-square-minimum-20261008/combined-root-v1.log:876: trailing whitespace.
+  
runs/online-square-minimum-20261008/combined-root-v1.log:878: trailing whitespace.
+    
runs/online-square-minimum-20261008/combined-root-v1.log:1706: trailing whitespace.
+  
runs/online-square-minimum-20261008/combined-root-v1.log:1708: trailing whitespace.
+    
runs/online-square-minimum-20261008/combined-root-v1.log:1713: trailing whitespace.
+  
runs/online-square-minimum-20261008/combined-root-v1.log:1715: trailing whitespace.
+    
runs/online-square-minimum-20261008/combined-root-v1.log:1748: trailing whitespace.
+  
runs/online-square-minimum-20261008/combined-root-v1.log:1750: trailing whitespace.
+    
runs/online-square-minimum-20261008/combined-root-v1.log:1779: trailing whitespace.
+  
runs/online-square-minimum-20261008/combined-root-v1.log:1781: trailing whitespace.
+    
runs/online-square-minimum-20261008/full-harness-v1.log:687: trailing whitespace.
+  
runs/online-square-minimum-20261008/full-harness-v1.log:689: trailing whitespace.
+    
runs/online-square-minimum-20261008/full-harness-v1.log:838: trailing whitespace.
+  
runs/online-square-minimum-20261008/full-harness-v1.log:840: trailing whitespace.
+    
runs/online-square-minimum-20261008/full-harness-v1.log:1099: trailing whitespace.
+  
runs/online-square-minimum-20261008/full-harness-v1.log:1101: trailing whitespace.
+    
runs/online-square-minimum-20261008/full-harness-v1.log:1141: trailing whitespace.
+  
runs/online-square-minimum-20261008/full-harness-v1.log:1143: trailing whitespace.
+    
runs/online-square-minimum-20261008/full-harness-v1.log:1677: trailing whitespace.
+  
runs/online-square-minimum-20261008/full-harness-v1.log:1679: trailing whitespace.
+    
runs/online-square-minimum-20261008/full-harness-v1.log:1684: trailing whitespace.
+  
runs/online-square-minimum-20261008/full-harness-v1.log:1686: trailing whitespace.
+    
runs/online-square-minimum-20261008/full-harness-v1.log:1749: trailing whitespace.
+  
runs/online-square-minimum-20261008/full-harness-v1.log:1751: trailing whitespace.
+    
runs/online-square-minimum-20261008/full-harness-v1.log:1800: trailing whitespace.
+  
runs/online-square-minimum-20261008/full-harness-v1.log:1802: trailing whitespace.
+    
runs/online-square-minimum-20261008/full-harness-v1.log:3643: trailing whitespace.
+  
runs/online-square-minimum-20261008/full-harness-v1.log:3645: trailing whitespace.
+    
runs/online-square-minimum-20261008/full-harness-v1.log:3650: trailing whitespace.
+  
runs/online-square-minimum-20261008/full-harness-v1.log:3652: trailing whitespace.
+    
runs/online-square-minimum-20261008/full-harness-v1.log:3813: trailing whitespace.
+  
runs/online-square-minimum-20261008/full-harness-v1.log:3815: trailing whitespace.
+    
runs/online-square-minimum-20261008/full-harness-v1.log:3964: trailing whitespace.
+  
runs/online-square-minimum-20261008/full-harness-v1.log:3966: trailing whitespace.
+    
runs/online-square-minimum-20261008/full-harness-v1.log:4135: trailing whitespace.
+  
runs/online-square-minimum-20261008/full-harness-v1.log:4137: trailing whitespace.
+    
runs/online-square-minimum-20261008/full-harness-v1.log:4177: trailing whitespace.
+  
runs/online-square-minimum-20261008/full-harness-v1.log:4179: trailing whitespace.
+    
runs/online-square-minimum-20261008/full-harness-v1.log:4672: trailing whitespace.
+  
runs/online-square-minimum-20261008/full-harness-v1.log:4674: trailing whitespace.
+    
runs/online-square-minimum-20261008/full-harness-v1.log:4723: trailing whitespace.
+  
runs/online-square-minimum-20261008/full-harness-v1.log:4725: trailing whitespace.
+    
runs/online-square-minimum-20261008/full-harness-v1.log:9134: trailing whitespace.
+  
runs/online-square-minimum-20261008/full-harness-v1.log:9136: trailing whitespace.
+    
