{
  "time": "2026-10-08T04:19:16+00:00",
  "task": "ONLINE-SQUARE-MINIMUM-20261008",
  "role": "lower",
  "kind": "build",
  "status": "compiled",
  "notes": "Only the six frozen square-minimum math terminals close in focused build. Source BODY/canary/kernel/root/Tests/full harness/reader/site/native/PR acceptance still required; original C1 total unknown and total Goal active.",
  "lean": "BanditRLProof\\OnlineSquareMinimum.lean",
  "source": "",
  "run_id": "online-square-minimum-20261008",
  "changed_files": [],
  "statement_hash": "",
  "parent_id": "",
  "route_fingerprint": "",
  "verifier_evidence": [
    "E:\\ABRL\\worktrees\\research-online-book\\runs\\online-square-minimum-20261008\\all-six-focused-build-v1-exit.json"
  ],
  "harness": "hierarchical",
  "experiment_id": "",
  "target_fingerprint": "6f845210c292f01803e3842002ebcc3795359e7878f3094d5452c582eb62cc01",
  "route_packet_hash": "",
  "attempt_id": "SQUARE-MINIMUM-M002-M006-V1",
  "worker_id": "",
  "progress_class": "closed-frontier",
  "reviewer_validated": false,
  "obligations_before": 5,
  "obligations_after": 0,
  "new_declarations": [
    "BanditRL.OnlineLearning.meanPredict_bestRegret_refined"
  ],
  "reused_declarations": [],
  "dag_nodes": 0,
  "dag_depth": 0,
  "elapsed_seconds": 0.0,
  "lean_check_seconds": 0.0,
  "prompt_chars": 0,
  "input_tokens": 0,
  "output_tokens": 0,
  "error_signature": ""
}
