SITE CHECK PASSED
- HTML pages: 953
- modules: 848
- declarations: 10913
- highlights: 367
- milestones: 97
- textbook crosswalks: 40
- source theorem restatements: 89
- BanditRLwiki settings/cases/papers: 7/13/19
- BanditRLwiki theorem surfaces: 27
- BanditRLwiki literature-open/formalization-open cases: 0/13
- BanditRLwiki named formalization leaves: 36
- BanditRLwiki active source-frozen ports: 2
- Live Formalization mappings: 367
- Mermaid blocks: 19
- Lean source links: 12178
- internal links and anchors: valid
- README relative links: valid
- MathJax loader and readable mathematical fallbacks: valid
- GitHub Pages workflow: complete
