SITE CHECK PASSED
- HTML pages: 767
- modules: 686
- declarations: 9006
- highlights: 166
- milestones: 83
- textbook crosswalks: 22
- source theorem restatements: 37
- BanditRLwiki settings/cases/papers: 7/13/19
- BanditRLwiki theorem surfaces: 27
- BanditRLwiki literature-open/formalization-open cases: 0/13
- BanditRLwiki named formalization leaves: 36
- BanditRLwiki active source-frozen ports: 2
- Live Formalization mappings: 166
- Mermaid blocks: 18
- Lean source links: 9908
- internal links and anchors: valid
- README relative links: valid
- MathJax loader and readable mathematical fallbacks: valid
- GitHub Pages workflow: complete
