{
  "time": "2026-10-07T11:21:54+00:00",
  "task": "ONLINE-FOUNDATIONS-PUBLIC-20261007",
  "role": "reviewer",
  "kind": "review",
  "status": "accepted",
  "notes": "ONLINE-FOUNDATIONS-PUBLIC-20261007 Existing one public Be-the-Leader lemma revalidated; seven new named VALIDATION proofs, zero new public/source mathematics/definitions/production registry nodes. Eight OTHERChapter1 current semantic migrations and wholeChapter1 source reconciliation REQUIRED; all NINE origin/main contributor gaps INCLUDING retained Foundations remain FAILUNWAIVED. This bounded source/test/reader revalidation does not complete main-relative Foundations integration. Chapter1 mandatory total unknown; Chapter2null/incomplete;3-16unenumerated; necessaryappendices required; wholeGoal ACTIVE. No merge/main/live/retirement. AllR1-R8 discharged. Source Euclidean restricted-domain -> arbitraryX ambientloss extension, supplied BOTH feasible positiveprefix argmins, currentprefix hindsight notcausalFTL; T0/T1 boundaries; actual changingBool strict-2<0, feasiblewrongoptimal3>1, ambientinfeasibleprefixoptimal5>-5. Eightkernel/8fences4VALUE/686refs; retained neutral layout/canarymembership/CLIenum/untrackedsource fullgate failures and actual repairs. Distinct required automated actors requested Astra/medium, priorhistory disclosed/nohumanexternalruntimeattestation.",
  "lean": "",
  "source": "",
  "run_id": "online-foundations-public-20261007",
  "changed_files": [],
  "statement_hash": "e87a9e3d0823f50c666d2f290d9a82acea7259a846b0d4698f6bcd339fa6cc0d",
  "parent_id": "",
  "route_fingerprint": "",
  "verifier_evidence": [
    "E:\\ABRL\\worktrees\\research-online-book\\runs\\online-foundations-public-20261007\\final-reader-receipt-v1.json"
  ],
  "harness": "hierarchical",
  "experiment_id": "",
  "target_fingerprint": "",
  "route_packet_hash": "",
  "attempt_id": "FOUNDATIONS-PUBLIC-REUSE-V1",
  "worker_id": "",
  "progress_class": "retrieval-reuse",
  "reviewer_validated": true,
  "obligations_before": 0,
  "obligations_after": 0,
  "new_declarations": [],
  "reused_declarations": [
    "BanditRL.OnlineLearning.lemma_1_2"
  ],
  "dag_nodes": 0,
  "dag_depth": 0,
  "elapsed_seconds": 0.0,
  "lean_check_seconds": 0.0,
  "prompt_chars": 0,
  "input_tokens": 0,
  "output_tokens": 0,
  "error_signature": ""
}
