{
  "schema_version": 1,
  "entry_id": "entry-5a9741837da8f49d",
  "session_id": "ONLINE-FOUNDATIONS-PUBLIC-20261007",
  "sequence": 4,
  "parent_id": "entry-62afcd1b3322669f",
  "event_type": "accepted",
  "created_at": "2026-10-07T11:21:54+00:00",
  "payload": {
    "run_id": "online-foundations-public-20261007",
    "contract_version": 1,
    "accepted_decision": "E:/ABRL/worktrees/research-online-book/runs/online-foundations-public-20261007/accepted-decision-v1.json",
    "source_package_accepted": true,
    "chapter_complete": false,
    "goal_complete": false,
    "merged": false,
    "live": false,
    "new_public_math": 0,
    "new_source_math_closures": 0,
    "new_production_registry_nodes": 0,
    "new_named_validation_proofs": 7
  }
}
