{
  "id": "mem-de64d35582d69b3b",
  "created_at": "2026-10-07T11:21:55+00:00",
  "type": "source_fact",
  "task": "ONLINE-FOUNDATIONS-PUBLIC-20261007",
  "provenance": {
    "kind": "local_first_retrieval",
    "reference": "E:\\ABRL\\worktrees\\research-online-book\\runs\\online-foundations-public-20261007\\all-public-types-v1-exit.json"
  },
  "assumptions": [],
  "declaration": "",
  "file": "",
  "status": "verified",
  "verifier_evidence": [
    "E:\\ABRL\\worktrees\\research-online-book\\runs\\online-foundations-public-20261007\\leaves\\all-public-types-v1.lean"
  ],
  "supersession": {
    "supersedes": [],
    "reason": ""
  },
  "roles": [],
  "details": {
    "query": "Be-the-Leader supplied feasible currentprefix minimizers finalleader actual induction finite sums zero horizon",
    "search_order": [
      "local declarations",
      "ABRL theorem cards",
      "Mathlib cards"
    ],
    "candidates": [
      "BanditRL.OnlineLearning.lemma_1_2"
    ],
    "rejections": [],
    "compiled_scratch": "E:\\ABRL\\worktrees\\research-online-book\\runs\\online-foundations-public-20261007\\leaves\\all-public-types-v1.lean"
  }
}
