{
  "schema_version": 1,
  "mode": "shadow-read-only",
  "analyzed_at": "2026-10-07T10:50:02+00:00",
  "trials_path": "E:\\ABRL\\worktrees\\research-online-book\\runs\\online-foundations-public-20261007\\candidate-scoped-trials-v1.jsonl",
  "trial_rows": 2,
  "status_counts": {
    "compiled": 1,
    "failed": 1
  },
  "inferred_frontier": {
    "selected_task": "ONLINE-FOUNDATIONS-PUBLIC-20261007",
    "selected_leaf": "ONLINE-FOUNDATIONS-PUBLIC-20261007",
    "source_status": "compiled",
    "last_accepted_verifier": {
      "trial_index": 1,
      "time": "2026-10-07T10:41:45+00:00",
      "task": "ONLINE-FOUNDATIONS-PUBLIC-20261007",
      "role": "lower",
      "kind": "build",
      "status": "compiled",
      "lean": "BanditRLProof\\OnlineLearningFoundations.lean",
      "notes": "Existing exact public proof retained; seven new named validation tests, no new public/source math. Eight full type/kernel/axiom/fences/four prespecified proof VALUE calls actual. BODY/combined/currentreader/FINAL/nativeaccepted/PR/chapter gates pending.",
      "run_id": "online-foundations-public-20261007"
    }
  },
  "memory_digest": {
    "path": "E:\\ABRL\\worktrees\\research-online-book\\runs\\online-foundations-public-20261007\\memory-digest-candidate-v1.md",
    "task": ""
  },
  "recorded_frontier": {
    "schema_version": 1,
    "record_id": "frontier-a3119cf0c9e694ac",
    "updated_at": "2026-10-07T10:50:02+00:00",
    "root_objective": "Persistent Orabona Chapters1-16; current Be-the-Leader source reuse and named tests",
    "current_leaf": {
      "id": "ONLINE-FOUNDATIONS-PUBLIC-20261007",
      "kind": "lean",
      "status": "gate-pending",
      "statement": "theorem lemma_1_2 {X : Type*} (V : Set X) (loss : ℕ → X → ℝ) (leader : ℕ → X) (T : ℕ) (hmem : ∀ n, 0 < n → n ≤ T → leader n ∈ V) (hmin : ∀ n, 0 < n → n ≤ T → ∀ u ∈ V, (∑ t ∈ Finset.range n, loss t (leader n)) ≤ ∑ t ∈ Finset.range n, loss t u) : (∑ t ∈ Finset.range T, loss t (leader (t + 1))) ≤ ∑ t ∈ Finset.range T, loss t (leader T)",
      "statement_hash": "e87a9e3d0823f50c666d2f290d9a82acea7259a846b0d4698f6bcd339fa6cc0d",
      "declaration": "BanditRL.OnlineLearning.lemma_1_2",
      "file": "BanditRLProof\\OnlineLearningFoundations.lean",
      "source_status": "source-reviewed",
      "dependencies": [
        {
          "kind": "lean",
          "name": "Finset.sum_range_succ",
          "status": "compiled"
        },
        {
          "kind": "review",
          "name": "source-body",
          "status": "accepted"
        }
      ]
    },
    "dag": {
      "nodes": [
        {
          "id": "ONLINE-FOUNDATIONS-PUBLIC-20261007",
          "kind": "lean",
          "status": "gate-pending",
          "dependencies": [
            {
              "kind": "lean",
              "name": "Finset.sum_range_succ",
              "status": "compiled"
            },
            {
              "kind": "review",
              "name": "source-body",
              "status": "accepted"
            }
          ],
          "dispatch_count": 0
        }
      ]
    },
    "last_accepted_verifier": {
      "trial_index": 1,
      "time": "2026-10-07T10:41:45+00:00",
      "task": "ONLINE-FOUNDATIONS-PUBLIC-20261007",
      "role": "lower",
      "kind": "build",
      "status": "compiled",
      "lean": "BanditRLProof\\OnlineLearningFoundations.lean",
      "notes": "Existing exact public proof retained; seven new named validation tests, no new public/source math. Eight full type/kernel/axiom/fences/four prespecified proof VALUE calls actual. BODY/combined/currentreader/FINAL/nativeaccepted/PR/chapter gates pending.",
      "run_id": "online-foundations-public-20261007"
    },
    "memory_policy": {
      "recent_role_relevant_limit": 5,
      "explicit_verified_lemma_ids": [],
      "whole_history_default": false
    },
    "shadow_gate": {
      "status": "pending",
      "analyzed_trial_rows": 2,
      "mismatches": [],
      "replay_transitions": 0
    },
    "mutation_policy": {
      "canonical_path_queue": true,
      "cross_process_lock": true,
      "same_file_serialized": true,
      "disjoint_files_parallel": true
    },
    "autonomous_execution": {
      "enabled": false,
      "requires_deterministic_gates": true,
      "requires_explicit_user_request": true
    }
  },
  "mismatches": [],
  "would_mutate": false
}
