{
  "time": "2026-10-07T10:41:45+00:00",
  "task": "ONLINE-FOUNDATIONS-PUBLIC-20261007",
  "role": "lower",
  "kind": "build",
  "status": "compiled",
  "notes": "Existing exact public proof retained; seven new named validation tests, no new public/source math. Eight full type/kernel/axiom/fences/four prespecified proof VALUE calls actual. BODY/combined/currentreader/FINAL/nativeaccepted/PR/chapter gates pending.",
  "lean": "BanditRLProof\\OnlineLearningFoundations.lean",
  "source": "",
  "run_id": "online-foundations-public-20261007",
  "changed_files": [],
  "statement_hash": "e87a9e3d0823f50c666d2f290d9a82acea7259a846b0d4698f6bcd339fa6cc0d",
  "parent_id": "",
  "route_fingerprint": "",
  "verifier_evidence": [
    "E:\\ABRL\\worktrees\\research-online-book\\runs\\online-foundations-public-20261007\\body-bindings-v1.json"
  ],
  "harness": "hierarchical",
  "experiment_id": "",
  "target_fingerprint": "",
  "route_packet_hash": "",
  "attempt_id": "FOUNDATIONS-PUBLIC-REUSE-V1",
  "worker_id": "",
  "progress_class": "retrieval-reuse",
  "reviewer_validated": false,
  "obligations_before": 0,
  "obligations_after": 0,
  "new_declarations": [],
  "reused_declarations": [
    "BanditRL.OnlineLearning.lemma_1_2"
  ],
  "dag_nodes": 0,
  "dag_depth": 0,
  "elapsed_seconds": 0.0,
  "lean_check_seconds": 0.0,
  "prompt_chars": 0,
  "input_tokens": 0,
  "output_tokens": 0,
  "error_signature": ""
}
