{
  "time": "2026-10-07T10:40:02+00:00",
  "task": "ONLINE-FOUNDATIONS-PUBLIC-20261007",
  "role": "lower",
  "kind": "build",
  "status": "failed",
  "notes": "Frozen public/seven test targets unchanged. Original failed body/log retained; routine proof-only repair returns membership to direct Set.mem_univ before numeric normalization.",
  "lean": "Tests\\OnlineLearningFoundationsCanary.lean",
  "source": "",
  "run_id": "online-foundations-public-20261007",
  "changed_files": [],
  "statement_hash": "e87a9e3d0823f50c666d2f290d9a82acea7259a846b0d4698f6bcd339fa6cc0d",
  "parent_id": "",
  "route_fingerprint": "",
  "verifier_evidence": [
    "E:\\ABRL\\worktrees\\research-online-book\\runs\\online-foundations-public-20261007\\focused-v1-exit.json"
  ],
  "harness": "hierarchical",
  "experiment_id": "",
  "target_fingerprint": "",
  "route_packet_hash": "",
  "attempt_id": "FOUNDATIONS-NAMED-CANARY-V1",
  "worker_id": "",
  "progress_class": "diagnostic",
  "reviewer_validated": false,
  "obligations_before": 0,
  "obligations_after": 0,
  "new_declarations": [],
  "reused_declarations": [],
  "dag_nodes": 0,
  "dag_depth": 0,
  "elapsed_seconds": 0.0,
  "lean_check_seconds": 0.0,
  "prompt_chars": 0,
  "input_tokens": 0,
  "output_tokens": 0,
  "error_signature": "Bool-univ-membership-normalization-excluded-middle"
}
