{
  "id": "mem-b6d9ec57fded2fe1",
  "created_at": "2026-10-07T10:20:36+00:00",
  "type": "verified_lemma",
  "task": "ONLINE-UNIT-SCALING-PUBLIC-20261007",
  "provenance": {
    "kind": "source-reviewed-existing-proof-reuse",
    "reference": "E:\\ABRL\\worktrees\\research-online-book\\runs\\online-unit-scaling-public-20261007\\accepted-decision-v1.json"
  },
  "assumptions": [],
  "declaration": "BanditRL.OnlineUnitScaling.regret_fixed_scaled",
  "file": "BanditRLProof\\OnlineUnitScaling.lean",
  "status": "verified",
  "verifier_evidence": [
    "E:\\ABRL\\worktrees\\research-online-book\\runs\\online-unit-scaling-public-20261007\\final-reader-receipt-v1.json"
  ],
  "supersession": {
    "supersedes": [],
    "reason": ""
  },
  "roles": [
    "reviewer"
  ],
  "details": {
    "scope": "Existing unit-scaling revalidation: unnumbered dimensional analysis and coordinate rescaling printed21-22/PDF33-34,22public proofs/3definitions/1abbreviation and whole30canary proofs/3definitions/3abbreviations. ZEROnew mathematical proofs,definitions,registry nodes or source closures.",
    "new_proofs": 0,
    "new_source_math_closures": 0,
    "remaining_required": "Remaining Chapter1/2 maintext,nineOTHERChapter1 origin/main contributor gaps and necessaryappendices REQUIRED;Chapter2 mandatory total null/incomplete;Chapters3-16unenumerated;wholeGoalACTIVEunbudgeted.",
    "chapter_complete": false,
    "goal_complete": false
  }
}
