{
  "id": "mem-241439bbe294b7ed",
  "created_at": "2026-10-07T10:20:36+00:00",
  "type": "source_fact",
  "task": "ONLINE-UNIT-SCALING-PUBLIC-20261007",
  "provenance": {
    "kind": "local_first_retrieval",
    "reference": "E:\\ABRL\\worktrees\\research-online-book\\runs\\online-unit-scaling-public-20261007\\all-public-types-v1-exit.json"
  },
  "assumptions": [],
  "declaration": "",
  "file": "",
  "status": "verified",
  "verifier_evidence": [
    "E:\\ABRL\\worktrees\\research-online-book\\runs\\online-unit-scaling-public-20261007\\leaves\\all-public-types-v1.lean"
  ],
  "supersession": {
    "supersedes": [],
    "reason": ""
  },
  "roles": [],
  "details": {
    "query": "Uniform coordinates fullspace SAMEfinite-history supportpolicy positive-scale chainrule properlegal sharpnegativeendpoint dimensional identity",
    "search_order": [
      "local declarations",
      "ABRL theorem cards",
      "Mathlib cards"
    ],
    "candidates": [
      "BanditRL.OnlineUnitScaling.regret_fixed_scaled",
      "BanditRL.OnlineUnitScaling.history_scaling"
    ],
    "rejections": [],
    "compiled_scratch": "E:\\ABRL\\worktrees\\research-online-book\\runs\\online-unit-scaling-public-20261007\\leaves\\all-public-types-v1.lean"
  }
}
