{
  "schema_version": 1,
  "entry_id": "entry-e8e6bdde3c416c7c",
  "session_id": "ONLINE-UNIT-SCALING-PUBLIC-20261007",
  "sequence": 4,
  "parent_id": "entry-f17fc176f15c35b1",
  "event_type": "accepted",
  "created_at": "2026-10-07T10:20:35+00:00",
  "payload": {
    "run_id": "online-unit-scaling-public-20261007",
    "contract_version": 1,
    "accepted_decision": "E:/ABRL/worktrees/research-online-book/runs/online-unit-scaling-public-20261007/accepted-decision-v1.json",
    "source_package_accepted": true,
    "new_proofs": 0,
    "new_source_math_closures": 0,
    "chapter_complete": false,
    "goal_complete": false,
    "merged": false,
    "live": false
  }
}
