{
  "time": "2026-10-07T10:20:35+00:00",
  "task": "ONLINE-UNIT-SCALING-PUBLIC-20261007",
  "role": "reviewer",
  "kind": "review",
  "status": "accepted",
  "notes": "ONLINE-UNIT-SCALING-PUBLIC-20261007 Existing unit-scaling revalidation: unnumbered dimensional analysis and coordinate rescaling printed21-22/PDF33-34,22public proofs/3definitions/1abbreviation and whole30canary proofs/3definitions/3abbreviations. ZEROnew mathematical proofs,definitions,registry nodes or source closures. Remaining Chapter1/2 maintext,nineOTHERChapter1 origin/main contributor gaps and necessaryappendices REQUIRED;Chapter2 mandatory total null/incomplete;Chapters3-16unenumerated;wholeGoalACTIVEunbudgeted. AlloriginalR1-R8satisfied. Whole-space uniform positive coordinate, SAMEfinitehistorypolicy actualrecursion; totalizedregretalgebra vs proper/subdifferentiable/on-pathlegal sharpfinite-regret/negativeendpoint; chainrulearbitraryc separate; genuinec1000step/path difference notuniversalcatastrophe; fixedT0 vspositiveknownhorizontuning; retainedv1universeprobefailure/v2pass. Requested Astra/medium distinct required automated actors, no human/external/runtime attestation. No merge/main/live/retirement.",
  "lean": "",
  "source": "",
  "run_id": "online-unit-scaling-public-20261007",
  "changed_files": [],
  "statement_hash": "e183a80660e5d151f317ed0ade141335007e700f1464090d6c089bbdc2d61e81",
  "parent_id": "",
  "route_fingerprint": "",
  "verifier_evidence": [
    "E:\\ABRL\\worktrees\\research-online-book\\runs\\online-unit-scaling-public-20261007\\final-reader-receipt-v1.json"
  ],
  "harness": "hierarchical",
  "experiment_id": "",
  "target_fingerprint": "",
  "route_packet_hash": "",
  "attempt_id": "UNIT-SCALING-PUBLIC-REUSE-V1",
  "worker_id": "",
  "progress_class": "retrieval-reuse",
  "reviewer_validated": true,
  "obligations_before": 0,
  "obligations_after": 0,
  "new_declarations": [],
  "reused_declarations": [
    "BanditRL.OnlineUnitScaling.regret_fixed_scaled"
  ],
  "dag_nodes": 0,
  "dag_depth": 0,
  "elapsed_seconds": 0.0,
  "lean_check_seconds": 0.0,
  "prompt_chars": 0,
  "input_tokens": 0,
  "output_tokens": 0,
  "error_signature": ""
}
