'BanditRL.OnlineUnitScaling.unit_exponents' depends on axioms: [propext]
'BanditRL.OnlineUnitScaling.regret_unit_exponents' depends on axioms: [propext]
'BanditRL.OnlineUnitScaling.inverse_loss' depends on axioms: [propext, Classical.choice, Quot.sound]
'BanditRL.OnlineUnitScaling.proper_scaled_loss' depends on axioms: [propext, Classical.choice, Quot.sound]
'BanditRL.OnlineUnitScaling.subgradient_scaled' depends on axioms: [propext, Classical.choice, Quot.sound]
'BanditRL.OnlineUnitScaling.subdifferentiable_scaled' depends on axioms: [propext, Classical.choice, Quot.sound]
'BanditRL.OnlineUnitScaling.hasGradientAt_scaled' depends on axioms: [propext, Classical.choice, Quot.sound]
'BanditRL.OnlineUnitScaling.gradient_scaled' depends on axioms: [propext, Classical.choice, Quot.sound]
'BanditRL.OnlineUnitScaling.step_scaling' depends on axioms: [propext, Classical.choice, Quot.sound]
'BanditRL.OnlineUnitScaling.wrong_step_scaling' depends on axioms: [propext, Classical.choice, Quot.sound]
'BanditRL.OnlineUnitScaling.scaled_eta_positive' depends on axioms: [propext, Classical.choice, Quot.sound]
'BanditRL.OnlineUnitScaling.history_scaling' depends on axioms: [propext, Classical.choice, Quot.sound]
'BanditRL.OnlineUnitScaling.output_scaling' depends on axioms: [propext, Classical.choice, Quot.sound]
'BanditRL.OnlineUnitScaling.selected_scaling' depends on axioms: [propext, Classical.choice, Quot.sound]
'BanditRL.OnlineUnitScaling.legal_feedback_scaling' depends on axioms: [propext, Classical.choice, Quot.sound]
'BanditRL.OnlineUnitScaling.loss_value_scaling' depends on axioms: [propext, Classical.choice, Quot.sound]
'BanditRL.OnlineUnitScaling.regret_scaling' depends on axioms: [propext, Classical.choice, Quot.sound]
'BanditRL.OnlineUnitScaling.wrong_step_output' depends on axioms: [propext, Classical.choice, Quot.sound]
'BanditRL.OnlineUnitScaling.distance_square_scaling' depends on axioms: [propext, Classical.choice, Quot.sound]
'BanditRL.OnlineUnitScaling.energy_scaling' depends on axioms: [propext, Classical.choice, Quot.sound]
'BanditRL.OnlineUnitScaling.upper_bound_scaling' depends on axioms: [propext, Classical.choice, Quot.sound]
'BanditRL.OnlineUnitScaling.regret_fixed_scaled' depends on axioms: [propext, Classical.choice, Quot.sound]
'BanditRL.OnlineUnitScaling.scaledLoss' depends on axioms: [propext, Classical.choice, Quot.sound]
'BanditRL.OnlineUnitScaling.scaledEta' depends on axioms: [propext, Classical.choice, Quot.sound]
'BanditRL.OnlineUnitScaling.scaledPolicy' depends on axioms: [propext, Classical.choice, Quot.sound]
'BanditRL.OnlineUnitScaling.V' depends on axioms: [propext, Classical.choice, Quot.sound]
'UnitScalingProbe.dimensions_eta' depends on axioms: [propext, Quot.sound]
'UnitScalingProbe.dimensions_regret' depends on axioms: [propext, Quot.sound]
'UnitScalingProbe.real_linear_gradient' depends on axioms: [propext, Classical.choice, Quot.sound]
'UnitScalingProbe.real_scaled_gradient' depends on axioms: [propext, Classical.choice, Quot.sound]
'UnitScalingProbe.support' depends on axioms: [propext, Classical.choice, Quot.sound]
'UnitScalingProbe.loss_on' depends on axioms: [propext, Classical.choice, Quot.sound]
'UnitScalingProbe.selected_one' depends on axioms: [propext, Classical.choice, Quot.sound]
'UnitScalingProbe.legal' depends on axioms: [propext, Classical.choice, Quot.sound]
'UnitScalingProbe.correct_eta' depends on axioms: [propext, Classical.choice, Quot.sound]
'UnitScalingProbe.positive_eta' depends on axioms: [propext, Classical.choice, Quot.sound]
'UnitScalingProbe.old_one' depends on axioms: [propext, Classical.choice, Quot.sound]
'UnitScalingProbe.correct_path' depends on axioms: [propext, Classical.choice, Quot.sound]
'UnitScalingProbe.wrong_path' depends on axioms: [propext, Classical.choice, Quot.sound]
'UnitScalingProbe.physical_path_difference' depends on axioms: [propext, Classical.choice, Quot.sound]
'UnitScalingProbe.transformed_selected' depends on axioms: [propext, Classical.choice, Quot.sound]
'UnitScalingProbe.transformed_legal' depends on axioms: [propext, Classical.choice, Quot.sound]
'UnitScalingProbe.old_regret' depends on axioms: [propext, Classical.choice, Quot.sound]
'UnitScalingProbe.correct_regret' depends on axioms: [propext, Classical.choice, Quot.sound]
'UnitScalingProbe.positive_old_energy' depends on axioms: [propext, Classical.choice, Quot.sound]
'UnitScalingProbe.positive_terminal' depends on axioms: [propext, Classical.choice, Quot.sound]
'UnitScalingProbe.scaled_energy' depends on axioms: [propext, Classical.choice, Quot.sound]
'UnitScalingProbe.scaled_distance' depends on axioms: [propext, Classical.choice, Quot.sound]
'UnitScalingProbe.actual_sharp_bound' depends on axioms: [propext, Classical.choice, Quot.sound]
'UnitScalingProbe.sharp_rhs' depends on axioms: [propext, Classical.choice, Quot.sound]
'UnitScalingProbe.coarse_bound_invariant' depends on axioms: [propext, Classical.choice, Quot.sound]
'UnitScalingProbe.inverse_inadmissible_zero' depends on axioms: [propext, Classical.choice, Quot.sound]
'UnitScalingProbe.identity_scale' depends on axioms: [propext, Classical.choice, Quot.sound]
'UnitScalingProbe.source_horizon_boundary' depends on axioms: [propext, Classical.choice, Quot.sound]
'UnitScalingProbe.empty_regret' depends on axioms: [propext, Classical.choice, Quot.sound]
'UnitScalingProbe.zero_horizon_actual_sharp' depends on axioms: [propext, Classical.choice, Quot.sound]
'UnitScalingProbe.loss' depends on axioms: [propext, Classical.choice, Quot.sound]
'UnitScalingProbe.policy' depends on axioms: [propext, Classical.choice, Quot.sound]
'UnitScalingProbe.eta' depends on axioms: [propext, Classical.choice, Quot.sound]
'UnitScalingProbe.old' depends on axioms: [propext, Classical.choice, Quot.sound]
'UnitScalingProbe.good' depends on axioms: [propext, Classical.choice, Quot.sound]
'UnitScalingProbe.bad' depends on axioms: [propext, Classical.choice, Quot.sound]
