{
  "schema_version": 1,
  "mode": "shadow-read-only",
  "analyzed_at": "2026-10-07T10:08:18+00:00",
  "trials_path": "E:\\ABRL\\worktrees\\research-online-book\\runs\\online-unit-scaling-public-20261007\\candidate-scoped-trials-v1.jsonl",
  "trial_rows": 1,
  "status_counts": {
    "compiled": 1
  },
  "inferred_frontier": {
    "selected_task": "ONLINE-UNIT-SCALING-PUBLIC-20261007",
    "selected_leaf": "ONLINE-UNIT-SCALING-PUBLIC-20261007",
    "source_status": "compiled",
    "last_accepted_verifier": {
      "trial_index": 0,
      "time": "2026-10-07T09:59:14+00:00",
      "task": "ONLINE-UNIT-SCALING-PUBLIC-20261007",
      "role": "lower",
      "kind": "build",
      "status": "compiled",
      "lean": "BanditRLProof\\OnlineUnitScaling.lean",
      "notes": "Existing22public proofs/3defs1abbr/whole30canaryproofs3defs3abbr unchanged. Actual62kernel/22guards/44directVALUE pairs; ZERO new math. BODY/combined/reader/FINAL/nativeaccepted/PR pending; chapter/Goal incomplete.",
      "run_id": "online-unit-scaling-public-20261007"
    }
  },
  "memory_digest": {
    "path": "E:\\ABRL\\worktrees\\research-online-book\\runs\\online-unit-scaling-public-20261007\\memory-digest-candidate-v1.md",
    "task": ""
  },
  "recorded_frontier": {
    "schema_version": 1,
    "record_id": "frontier-8125a2b607c17990",
    "updated_at": "2026-10-07T10:08:17+00:00",
    "root_objective": "Persistent Orabona Chapters1-16; current uniform coordinate unit-scaling reuse",
    "current_leaf": {
      "id": "ONLINE-UNIT-SCALING-PUBLIC-20261007",
      "kind": "lean",
      "status": "gate-pending",
      "statement": "theorem regret_fixed_scaled (c : ℝ) (hc : 0 < c) (η : ℝ) (hη : 0 < η) (loss : ℕ → E → EReal) (x₁ : E) (p : SupportPolicy (E := E)) (T : ℕ) (hloss : ∀ t < T, BanditRL.OnlineSubgradientDescent.SubdifferentiableOn V (loss t)) (hlegal : LegalFeedback V (fun _ => η) loss x₁ p T) (u : E) : regret V (scaledEta c (fun _ => η)) (fun s => scaledLoss c (loss s)) (c⁻¹ • x₁) (scaledPolicy c p) (c⁻¹ • u) T ≤ ‖x₁ - u‖ ^ 2 / (2 * η) + η / 2 * (∑ t ∈ range T, ‖selected V (fun _ => η) loss x₁ p t‖ ^ 2) - ‖output V (fun _ => η) loss x₁ p T - u‖ ^ 2 / (2 * η)",
      "statement_hash": "e183a80660e5d151f317ed0ade141335007e700f1464090d6c089bbdc2d61e81",
      "declaration": "BanditRL.OnlineUnitScaling.regret_fixed_scaled",
      "file": "BanditRLProof\\OnlineUnitScaling.lean",
      "source_status": "source-reviewed",
      "dependencies": [
        {
          "kind": "lean",
          "name": "BanditRL.OnlineUnitScaling.regret_scaling",
          "status": "compiled"
        },
        {
          "kind": "lean",
          "name": "BanditRL.OnlineSubgradientPolicy.regret_fixed",
          "status": "compiled"
        }
      ]
    },
    "dag": {
      "nodes": [
        {
          "id": "ONLINE-UNIT-SCALING-PUBLIC-20261007",
          "kind": "lean",
          "status": "gate-pending",
          "dependencies": [
            {
              "kind": "lean",
              "name": "BanditRL.OnlineUnitScaling.regret_scaling",
              "status": "compiled"
            },
            {
              "kind": "lean",
              "name": "BanditRL.OnlineSubgradientPolicy.regret_fixed",
              "status": "compiled"
            }
          ],
          "dispatch_count": 0
        }
      ]
    },
    "last_accepted_verifier": {
      "trial_index": 0,
      "time": "2026-10-07T09:59:14+00:00",
      "task": "ONLINE-UNIT-SCALING-PUBLIC-20261007",
      "role": "lower",
      "kind": "build",
      "status": "compiled",
      "lean": "BanditRLProof\\OnlineUnitScaling.lean",
      "notes": "Existing22public proofs/3defs1abbr/whole30canaryproofs3defs3abbr unchanged. Actual62kernel/22guards/44directVALUE pairs; ZERO new math. BODY/combined/reader/FINAL/nativeaccepted/PR pending; chapter/Goal incomplete.",
      "run_id": "online-unit-scaling-public-20261007"
    },
    "memory_policy": {
      "recent_role_relevant_limit": 5,
      "explicit_verified_lemma_ids": [],
      "whole_history_default": false
    },
    "shadow_gate": {
      "status": "pending",
      "analyzed_trial_rows": 1,
      "mismatches": [],
      "replay_transitions": 0
    },
    "mutation_policy": {
      "canonical_path_queue": true,
      "cross_process_lock": true,
      "same_file_serialized": true,
      "disjoint_files_parallel": true
    },
    "autonomous_execution": {
      "enabled": false,
      "requires_deterministic_gates": true,
      "requires_explicit_user_request": true
    }
  },
  "mismatches": [],
  "would_mutate": false
}
