{
  "time": "2026-10-07T09:59:14+00:00",
  "task": "ONLINE-UNIT-SCALING-PUBLIC-20261007",
  "role": "lower",
  "kind": "build",
  "status": "compiled",
  "notes": "Existing22public proofs/3defs1abbr/whole30canaryproofs3defs3abbr unchanged. Actual62kernel/22guards/44directVALUE pairs; ZERO new math. BODY/combined/reader/FINAL/nativeaccepted/PR pending; chapter/Goal incomplete.",
  "lean": "BanditRLProof\\OnlineUnitScaling.lean",
  "source": "",
  "run_id": "online-unit-scaling-public-20261007",
  "changed_files": [],
  "statement_hash": "e183a80660e5d151f317ed0ade141335007e700f1464090d6c089bbdc2d61e81",
  "parent_id": "",
  "route_fingerprint": "",
  "verifier_evidence": [
    "E:\\ABRL\\worktrees\\research-online-book\\runs\\online-unit-scaling-public-20261007\\body-bindings-v1.json"
  ],
  "harness": "hierarchical",
  "experiment_id": "",
  "target_fingerprint": "",
  "route_packet_hash": "",
  "attempt_id": "UNIT-SCALING-PUBLIC-REUSE-V1",
  "worker_id": "",
  "progress_class": "retrieval-reuse",
  "reviewer_validated": false,
  "obligations_before": 0,
  "obligations_after": 0,
  "new_declarations": [],
  "reused_declarations": [
    "BanditRL.OnlineUnitScaling.regret_fixed_scaled"
  ],
  "dag_nodes": 0,
  "dag_depth": 0,
  "elapsed_seconds": 0.0,
  "lean_check_seconds": 0.0,
  "prompt_chars": 0,
  "input_tokens": 0,
  "output_tokens": 0,
  "error_signature": ""
}
