E:\ABRL\worktrees\research-online-book\runs\online-unit-scaling-public-20261007\leaves\full-type-identities-v1.lean:25:7: warning: unused variable `k`

Note: This linter can be disabled with `set_option linter.unusedVariables false`
E:\ABRL\worktrees\research-online-book\runs\online-unit-scaling-public-20261007\leaves\full-type-identities-v1.lean:43:62: warning: unused variable `h`

Note: This linter can be disabled with `set_option linter.unusedVariables false`
E:\ABRL\worktrees\research-online-book\runs\online-unit-scaling-public-20261007\leaves\full-type-identities-v1.lean:49:112: warning: unused variable `hc`

Note: This linter can be disabled with `set_option linter.unusedVariables false`
E:\ABRL\worktrees\research-online-book\runs\online-unit-scaling-public-20261007\leaves\full-type-identities-v1.lean:52:112: warning: unused variable `hc`

Note: This linter can be disabled with `set_option linter.unusedVariables false`
E:\ABRL\worktrees\research-online-book\runs\online-unit-scaling-public-20261007\leaves\full-type-identities-v1.lean:52:141: warning: unused variable `hf`

Note: This linter can be disabled with `set_option linter.unusedVariables false`
E:\ABRL\worktrees\research-online-book\runs\online-unit-scaling-public-20261007\leaves\full-type-identities-v1.lean:55:112: warning: unused variable `hc`

Note: This linter can be disabled with `set_option linter.unusedVariables false`
E:\ABRL\worktrees\research-online-book\runs\online-unit-scaling-public-20261007\leaves\full-type-identities-v1.lean:55:141: warning: unused variable `hf`

Note: This linter can be disabled with `set_option linter.unusedVariables false`
E:\ABRL\worktrees\research-online-book\runs\online-unit-scaling-public-20261007\leaves\full-type-identities-v1.lean:55:162: warning: unused variable `hg`

Note: This linter can be disabled with `set_option linter.unusedVariables false`
E:\ABRL\worktrees\research-online-book\runs\online-unit-scaling-public-20261007\leaves\full-type-identities-v1.lean:58:112: warning: unused variable `hc`

Note: This linter can be disabled with `set_option linter.unusedVariables false`
E:\ABRL\worktrees\research-online-book\runs\online-unit-scaling-public-20261007\leaves\full-type-identities-v1.lean:58:141: warning: unused variable `hf`

Note: This linter can be disabled with `set_option linter.unusedVariables false`
E:\ABRL\worktrees\research-online-book\runs\online-unit-scaling-public-20261007\leaves\full-type-identities-v1.lean:61:134: warning: unused variable `hf`

Note: This linter can be disabled with `set_option linter.unusedVariables false`
E:\ABRL\worktrees\research-online-book\runs\online-unit-scaling-public-20261007\leaves\full-type-identities-v1.lean:64:132: warning: unused variable `hf`

Note: This linter can be disabled with `set_option linter.unusedVariables false`
E:\ABRL\worktrees\research-online-book\runs\online-unit-scaling-public-20261007\leaves\full-type-identities-v1.lean:67:112: warning: unused variable `hc`

Note: This linter can be disabled with `set_option linter.unusedVariables false`
E:\ABRL\worktrees\research-online-book\runs\online-unit-scaling-public-20261007\leaves\full-type-identities-v1.lean:70:112: warning: unused variable `hc`

Note: This linter can be disabled with `set_option linter.unusedVariables false`
E:\ABRL\worktrees\research-online-book\runs\online-unit-scaling-public-20261007\leaves\full-type-identities-v1.lean:73:29: warning: unused variable `hc`

Note: This linter can be disabled with `set_option linter.unusedVariables false`
E:\ABRL\worktrees\research-online-book\runs\online-unit-scaling-public-20261007\leaves\full-type-identities-v1.lean:73:62: warning: unused variable `hη`

Note: This linter can be disabled with `set_option linter.unusedVariables false`
E:\ABRL\worktrees\research-online-book\runs\online-unit-scaling-public-20261007\leaves\full-type-identities-v1.lean:76:112: warning: unused variable `hc`

Note: This linter can be disabled with `set_option linter.unusedVariables false`
E:\ABRL\worktrees\research-online-book\runs\online-unit-scaling-public-20261007\leaves\full-type-identities-v1.lean:79:112: warning: unused variable `hc`

Note: This linter can be disabled with `set_option linter.unusedVariables false`
E:\ABRL\worktrees\research-online-book\runs\online-unit-scaling-public-20261007\leaves\full-type-identities-v1.lean:82:112: warning: unused variable `hc`

Note: This linter can be disabled with `set_option linter.unusedVariables false`
E:\ABRL\worktrees\research-online-book\runs\online-unit-scaling-public-20261007\leaves\full-type-identities-v1.lean:85:112: warning: unused variable `hc`

Note: This linter can be disabled with `set_option linter.unusedVariables false`
E:\ABRL\worktrees\research-online-book\runs\online-unit-scaling-public-20261007\leaves\full-type-identities-v1.lean:85:194: warning: unused variable `hproper`

Note: This linter can be disabled with `set_option linter.unusedVariables false`
E:\ABRL\worktrees\research-online-book\runs\online-unit-scaling-public-20261007\leaves\full-type-identities-v1.lean:85:226: warning: unused variable `hlegal`

Note: This linter can be disabled with `set_option linter.unusedVariables false`
E:\ABRL\worktrees\research-online-book\runs\online-unit-scaling-public-20261007\leaves\full-type-identities-v1.lean:88:112: warning: unused variable `hc`

Note: This linter can be disabled with `set_option linter.unusedVariables false`
E:\ABRL\worktrees\research-online-book\runs\online-unit-scaling-public-20261007\leaves\full-type-identities-v1.lean:91:112: warning: unused variable `hc`

Note: This linter can be disabled with `set_option linter.unusedVariables false`
E:\ABRL\worktrees\research-online-book\runs\online-unit-scaling-public-20261007\leaves\full-type-identities-v1.lean:94:112: warning: unused variable `hc`

Note: This linter can be disabled with `set_option linter.unusedVariables false`
E:\ABRL\worktrees\research-online-book\runs\online-unit-scaling-public-20261007\leaves\full-type-identities-v1.lean:97:112: warning: unused variable `hc`

Note: This linter can be disabled with `set_option linter.unusedVariables false`
E:\ABRL\worktrees\research-online-book\runs\online-unit-scaling-public-20261007\leaves\full-type-identities-v1.lean:100:112: warning: unused variable `hc`

Note: This linter can be disabled with `set_option linter.unusedVariables false`
E:\ABRL\worktrees\research-online-book\runs\online-unit-scaling-public-20261007\leaves\full-type-identities-v1.lean:103:29: warning: unused variable `hc`

Note: This linter can be disabled with `set_option linter.unusedVariables false`
E:\ABRL\worktrees\research-online-book\runs\online-unit-scaling-public-20261007\leaves\full-type-identities-v1.lean:103:54: warning: unused variable `hη`

Note: This linter can be disabled with `set_option linter.unusedVariables false`
E:\ABRL\worktrees\research-online-book\runs\online-unit-scaling-public-20261007\leaves\full-type-identities-v1.lean:106:112: warning: unused variable `hc`

Note: This linter can be disabled with `set_option linter.unusedVariables false`
E:\ABRL\worktrees\research-online-book\runs\online-unit-scaling-public-20261007\leaves\full-type-identities-v1.lean:106:133: warning: unused variable `hη`

Note: This linter can be disabled with `set_option linter.unusedVariables false`
E:\ABRL\worktrees\research-online-book\runs\online-unit-scaling-public-20261007\leaves\full-type-identities-v1.lean:106:203: warning: unused variable `hloss`

Note: This linter can be disabled with `set_option linter.unusedVariables false`
E:\ABRL\worktrees\research-online-book\runs\online-unit-scaling-public-20261007\leaves\full-type-identities-v1.lean:106:233: warning: unused variable `hlegal`

Note: This linter can be disabled with `set_option linter.unusedVariables false`
NeutralUnits.N01.{u_2} : Prop
NeutralUnits.N02.{u_2} : Prop
NeutralUnits.N03.{u_2} : Prop
NeutralUnits.N04.{u_2} : Prop
NeutralUnits.N05.{u_2} : Prop
NeutralUnits.N06.{u_2} : Prop
NeutralUnits.N07.{u_2} : Prop
NeutralUnits.N08.{u_2} : Prop
NeutralUnits.N09.{u_2} : Prop
NeutralUnits.N10.{u_2} : Prop
NeutralUnits.N11 : Prop
NeutralUnits.N12.{u_2} : Prop
NeutralUnits.N13.{u_2} : Prop
NeutralUnits.N14.{u_2} : Prop
NeutralUnits.N15.{u_2} : Prop
NeutralUnits.N16.{u_2} : Prop
NeutralUnits.N17.{u_2} : Prop
NeutralUnits.N18.{u_2} : Prop
NeutralUnits.N19.{u_2} : Prop
NeutralUnits.N20.{u_2} : Prop
NeutralUnits.N21 : Prop
NeutralUnits.N22.{u_2} : Prop
E:\ABRL\worktrees\research-online-book\runs\online-unit-scaling-public-20261007\leaves\full-type-identities-v1.lean:134:22: error: Tactic `rfl` failed: The left-hand side
  NeutralUnits.N01
is not definitionally equal to the right-hand side
  ∀ {D : Type u_1} [inst : AddCommGroup D] (X L H : D), H + (L - X) = X → H = X + X - L

⊢ NeutralUnits.N01 = ∀ {D : Type u_1} [inst : AddCommGroup D] (X L H : D), H + (L - X) = X → H = X + X - L
E:\ABRL\worktrees\research-online-book\runs\online-unit-scaling-public-20261007\leaves\full-type-identities-v1.lean:136:74: error: Tactic `rfl` failed: The left-hand side
  NeutralUnits.N02
is not definitionally equal to the right-hand side
  ∀ {D : Type u_1} [inst : AddCommGroup D] (X L : D), X + X - (X + X - L) = L ∧ X + X - L + (L - X) + (L - X) = L

⊢ NeutralUnits.N02 =
    ∀ {D : Type u_1} [inst : AddCommGroup D] (X L : D), X + X - (X + X - L) = L ∧ X + X - L + (L - X) + (L - X) = L
E:\ABRL\worktrees\research-online-book\runs\online-unit-scaling-public-20261007\leaves\full-type-identities-v1.lean:138:44: error: Tactic `rfl` failed: The left-hand side
  NeutralUnits.N03
is not definitionally equal to the right-hand side
  ∀ {E : Type u_1} [inst : NormedAddCommGroup E] [inst_1 : InnerProductSpace ℝ E] [FiniteDimensional ℝ E] (c : ℝ),
    0 < c → ∀ (f : E → EReal), scaledLoss c⁻¹ (scaledLoss c f) = f

⊢ NeutralUnits.N03 =
    ∀ {E : Type u_1} [inst : NormedAddCommGroup E] [inst_1 : InnerProductSpace ℝ E] [FiniteDimensional ℝ E] (c : ℝ),
      0 < c → ∀ (f : E → EReal), scaledLoss c⁻¹ (scaledLoss c f) = f
E:\ABRL\worktrees\research-online-book\runs\online-unit-scaling-public-20261007\leaves\full-type-identities-v1.lean:140:38: error: Tactic `rfl` failed: The left-hand side
  NeutralUnits.N04
is not definitionally equal to the right-hand side
  ∀ {E : Type u_1} [inst : NormedAddCommGroup E] [inst_1 : InnerProductSpace ℝ E] [FiniteDimensional ℝ E] (c : ℝ),
    0 < c → ∀ (f : E → EReal), SourceProper f → SourceProper (scaledLoss c f)

⊢ NeutralUnits.N04 =
    ∀ {E : Type u_1} [inst : NormedAddCommGroup E] [inst_1 : InnerProductSpace ℝ E] [FiniteDimensional ℝ E] (c : ℝ),
      0 < c → ∀ (f : E → EReal), SourceProper f → SourceProper (scaledLoss c f)
E:\ABRL\worktrees\research-online-book\runs\online-unit-scaling-public-20261007\leaves\full-type-identities-v1.lean:142:57: error: Tactic `rfl` failed: The left-hand side
  NeutralUnits.N05
is not definitionally equal to the right-hand side
  ∀ {E : Type u_1} [inst : NormedAddCommGroup E] [inst_1 : InnerProductSpace ℝ E] [FiniteDimensional ℝ E] (c : ℝ),
    0 < c →
      ∀ (f : E → EReal),
        SourceProper f →
          ∀ (y g : E), g ∈ SourceSubdifferential f (c • y) → c • g ∈ SourceSubdifferential (scaledLoss c f) y

⊢ NeutralUnits.N05 =
    ∀ {E : Type u_1} [inst : NormedAddCommGroup E] [inst_1 : InnerProductSpace ℝ E] [FiniteDimensional ℝ E] (c : ℝ),
      0 < c →
        ∀ (f : E → EReal),
          SourceProper f →
            ∀ (y g : E), g ∈ SourceSubdifferential f (c • y) → c • g ∈ SourceSubdifferential (scaledLoss c f) y
E:\ABRL\worktrees\research-online-book\runs\online-unit-scaling-public-20261007\leaves\full-type-identities-v1.lean:144:81: error: Tactic `rfl` failed: The left-hand side
  NeutralUnits.N06
is not definitionally equal to the right-hand side
  ∀ {E : Type u_1} [inst : NormedAddCommGroup E] [inst_1 : InnerProductSpace ℝ E] [FiniteDimensional ℝ E] (c : ℝ),
    0 < c →
      ∀ (f : E → EReal),
        BanditRL.OnlineSubgradientDescent.SubdifferentiableOn V f →
          BanditRL.OnlineSubgradientDescent.SubdifferentiableOn V (scaledLoss c f)

⊢ NeutralUnits.N06 =
    ∀ {E : Type u_1} [inst : NormedAddCommGroup E] [inst_1 : InnerProductSpace ℝ E] [FiniteDimensional ℝ E] (c : ℝ),
      0 < c →
        ∀ (f : E → EReal),
          BanditRL.OnlineSubgradientDescent.SubdifferentiableOn V f →
            BanditRL.OnlineSubgradientDescent.SubdifferentiableOn V (scaledLoss c f)
E:\ABRL\worktrees\research-online-book\runs\online-unit-scaling-public-20261007\leaves\full-type-identities-v1.lean:146:53: error: Tactic `rfl` failed: The left-hand side
  NeutralUnits.N07
is not definitionally equal to the right-hand side
  ∀ {E : Type u_1} [inst : NormedAddCommGroup E] [inst_1 : InnerProductSpace ℝ E] [inst_2 : FiniteDimensional ℝ E]
    (c : ℝ) (f : E → ℝ) (y g : E), HasGradientAt f g (c • y) → HasGradientAt (fun z => f (c • z)) (c • g) y

⊢ NeutralUnits.N07 =
    ∀ {E : Type u_1} [inst : NormedAddCommGroup E] [inst_1 : InnerProductSpace ℝ E] [inst_2 : FiniteDimensional ℝ E]
      (c : ℝ) (f : E → ℝ) (y g : E), HasGradientAt f g (c • y) → HasGradientAt (fun z => f (c • z)) (c • g) y
E:\ABRL\worktrees\research-online-book\runs\online-unit-scaling-public-20261007\leaves\full-type-identities-v1.lean:148:65: error: Tactic `rfl` failed: The left-hand side
  NeutralUnits.N08
is not definitionally equal to the right-hand side
  ∀ {E : Type u_1} [inst : NormedAddCommGroup E] [inst_1 : InnerProductSpace ℝ E] [inst_2 : FiniteDimensional ℝ E]
    (c : ℝ) (f : E → ℝ) (y : E), DifferentiableAt ℝ f (c • y) → gradient (fun z => f (c • z)) y = c • gradient f (c • y)

⊢ NeutralUnits.N08 =
    ∀ {E : Type u_1} [inst : NormedAddCommGroup E] [inst_1 : InnerProductSpace ℝ E] [inst_2 : FiniteDimensional ℝ E]
      (c : ℝ) (f : E → ℝ) (y : E),
      DifferentiableAt ℝ f (c • y) → gradient (fun z => f (c • z)) y = c • gradient f (c • y)
E:\ABRL\worktrees\research-online-book\runs\online-unit-scaling-public-20261007\leaves\full-type-identities-v1.lean:150:60: error: Tactic `rfl` failed: The left-hand side
  NeutralUnits.N09
is not definitionally equal to the right-hand side
  ∀ {E : Type u_1} [inst : NormedAddCommGroup E] [inst_1 : InnerProductSpace ℝ E] [FiniteDimensional ℝ E] (c : ℝ),
    0 < c → ∀ (η : ℝ) (x g : E), c⁻¹ • (x - η • g) = c⁻¹ • x - (η / c ^ 2) • c • g

⊢ NeutralUnits.N09 =
    ∀ {E : Type u_1} [inst : NormedAddCommGroup E] [inst_1 : InnerProductSpace ℝ E] [FiniteDimensional ℝ E] (c : ℝ),
      0 < c → ∀ (η : ℝ) (x g : E), c⁻¹ • (x - η • g) = c⁻¹ • x - (η / c ^ 2) • c • g
E:\ABRL\worktrees\research-online-book\runs\online-unit-scaling-public-20261007\leaves\full-type-identities-v1.lean:152:58: error: Tactic `rfl` failed: The left-hand side
  NeutralUnits.N10
is not definitionally equal to the right-hand side
  ∀ {E : Type u_1} [inst : NormedAddCommGroup E] [inst_1 : InnerProductSpace ℝ E] [FiniteDimensional ℝ E] (c : ℝ),
    0 < c → ∀ (η : ℝ) (x g : E), c • (c⁻¹ • x - η • c • g) = x - (c ^ 2 * η) • g

⊢ NeutralUnits.N10 =
    ∀ {E : Type u_1} [inst : NormedAddCommGroup E] [inst_1 : InnerProductSpace ℝ E] [FiniteDimensional ℝ E] (c : ℝ),
      0 < c → ∀ (η : ℝ) (x g : E), c • (c⁻¹ • x - η • c • g) = x - (c ^ 2 * η) • g
E:\ABRL\worktrees\research-online-book\runs\online-unit-scaling-public-20261007\leaves\full-type-identities-v1.lean:153:41: warning: unused variable `hc`

Note: This linter can be disabled with `set_option linter.unusedVariables false`
E:\ABRL\worktrees\research-online-book\runs\online-unit-scaling-public-20261007\leaves\full-type-identities-v1.lean:153:74: warning: unused variable `hη`

Note: This linter can be disabled with `set_option linter.unusedVariables false`
E:\ABRL\worktrees\research-online-book\runs\online-unit-scaling-public-20261007\leaves\full-type-identities-v1.lean:156:142: error: Tactic `rfl` failed: The left-hand side
  NeutralUnits.N12
is not definitionally equal to the right-hand side
  ∀ {E : Type u_1} [inst : NormedAddCommGroup E] [inst_1 : InnerProductSpace ℝ E] [inst_2 : FiniteDimensional ℝ E]
    (c : ℝ),
    0 < c →
      ∀ (η : ℕ → ℝ) (loss : ℕ → E → EReal) (x₁ : E) (p : SupportPolicy) (t : ℕ),
        history V (scaledEta c η) (fun s => scaledLoss c (loss s)) (c⁻¹ • x₁) (scaledPolicy c p) t = fun i =>
          c⁻¹ • history V η loss x₁ p t i

⊢ NeutralUnits.N12 =
    ∀ {E : Type u_1} [inst : NormedAddCommGroup E] [inst_1 : InnerProductSpace ℝ E] [inst_2 : FiniteDimensional ℝ E]
      (c : ℝ),
      0 < c →
        ∀ (η : ℕ → ℝ) (loss : ℕ → E → EReal) (x₁ : E) (p : SupportPolicy) (t : ℕ),
          history V (scaledEta c η) (fun s => scaledLoss c (loss s)) (c⁻¹ • x₁) (scaledPolicy c p) t = fun i =>
            c⁻¹ • history V η loss x₁ p t i
E:\ABRL\worktrees\research-online-book\runs\online-unit-scaling-public-20261007\leaves\full-type-identities-v1.lean:158:129: error: Tactic `rfl` failed: The left-hand side
  NeutralUnits.N13
is not definitionally equal to the right-hand side
  ∀ {E : Type u_1} [inst : NormedAddCommGroup E] [inst_1 : InnerProductSpace ℝ E] [inst_2 : FiniteDimensional ℝ E]
    (c : ℝ),
    0 < c →
      ∀ (η : ℕ → ℝ) (loss : ℕ → E → EReal) (x₁ : E) (p : SupportPolicy) (t : ℕ),
        output V (scaledEta c η) (fun s => scaledLoss c (loss s)) (c⁻¹ • x₁) (scaledPolicy c p) t =
          c⁻¹ • output V η loss x₁ p t

⊢ NeutralUnits.N13 =
    ∀ {E : Type u_1} [inst : NormedAddCommGroup E] [inst_1 : InnerProductSpace ℝ E] [inst_2 : FiniteDimensional ℝ E]
      (c : ℝ),
      0 < c →
        ∀ (η : ℕ → ℝ) (loss : ℕ → E → EReal) (x₁ : E) (p : SupportPolicy) (t : ℕ),
          output V (scaledEta c η) (fun s => scaledLoss c (loss s)) (c⁻¹ • x₁) (scaledPolicy c p) t =
            c⁻¹ • output V η loss x₁ p t
E:\ABRL\worktrees\research-online-book\runs\online-unit-scaling-public-20261007\leaves\full-type-identities-v1.lean:160:131: error: Tactic `rfl` failed: The left-hand side
  NeutralUnits.N14
is not definitionally equal to the right-hand side
  ∀ {E : Type u_1} [inst : NormedAddCommGroup E] [inst_1 : InnerProductSpace ℝ E] [inst_2 : FiniteDimensional ℝ E]
    (c : ℝ),
    0 < c →
      ∀ (η : ℕ → ℝ) (loss : ℕ → E → EReal) (x₁ : E) (p : SupportPolicy) (t : ℕ),
        selected V (scaledEta c η) (fun s => scaledLoss c (loss s)) (c⁻¹ • x₁) (scaledPolicy c p) t =
          c • selected V η loss x₁ p t

⊢ NeutralUnits.N14 =
    ∀ {E : Type u_1} [inst : NormedAddCommGroup E] [inst_1 : InnerProductSpace ℝ E] [inst_2 : FiniteDimensional ℝ E]
      (c : ℝ),
      0 < c →
        ∀ (η : ℕ → ℝ) (loss : ℕ → E → EReal) (x₁ : E) (p : SupportPolicy) (t : ℕ),
          selected V (scaledEta c η) (fun s => scaledLoss c (loss s)) (c⁻¹ • x₁) (scaledPolicy c p) t =
            c • selected V η loss x₁ p t
E:\ABRL\worktrees\research-online-book\runs\online-unit-scaling-public-20261007\leaves\full-type-identities-v1.lean:162:105: error: Tactic `rfl` failed: The left-hand side
  NeutralUnits.N15
is not definitionally equal to the right-hand side
  ∀ {E : Type u_1} [inst : NormedAddCommGroup E] [inst_1 : InnerProductSpace ℝ E] [inst_2 : FiniteDimensional ℝ E]
    (c : ℝ),
    0 < c →
      ∀ (η : ℕ → ℝ) (loss : ℕ → E → EReal) (x₁ : E) (p : SupportPolicy) (T : ℕ),
        (∀ t < T, SourceProper (loss t)) →
          LegalFeedback V η loss x₁ p T →
            LegalFeedback V (scaledEta c η) (fun s => scaledLoss c (loss s)) (c⁻¹ • x₁) (scaledPolicy c p) T

⊢ NeutralUnits.N15 =
    ∀ {E : Type u_1} [inst : NormedAddCommGroup E] [inst_1 : InnerProductSpace ℝ E] [inst_2 : FiniteDimensional ℝ E]
      (c : ℝ),
      0 < c →
        ∀ (η : ℕ → ℝ) (loss : ℕ → E → EReal) (x₁ : E) (p : SupportPolicy) (T : ℕ),
          (∀ t < T, SourceProper (loss t)) →
            LegalFeedback V η loss x₁ p T →
              LegalFeedback V (scaledEta c η) (fun s => scaledLoss c (loss s)) (c⁻¹ • x₁) (scaledPolicy c p) T
E:\ABRL\worktrees\research-online-book\runs\online-unit-scaling-public-20261007\leaves\full-type-identities-v1.lean:164:156: error: Tactic `rfl` failed: The left-hand side
  NeutralUnits.N16
is not definitionally equal to the right-hand side
  ∀ {E : Type u_1} [inst : NormedAddCommGroup E] [inst_1 : InnerProductSpace ℝ E] [inst_2 : FiniteDimensional ℝ E]
    (c : ℝ),
    0 < c →
      ∀ (η : ℕ → ℝ) (loss : ℕ → E → EReal) (x₁ : E) (p : SupportPolicy) (t : ℕ),
        scaledLoss c (loss t)
            (output V (scaledEta c η) (fun s => scaledLoss c (loss s)) (c⁻¹ • x₁) (scaledPolicy c p) t) =
          loss t (output V η loss x₁ p t)

⊢ NeutralUnits.N16 =
    ∀ {E : Type u_1} [inst : NormedAddCommGroup E] [inst_1 : InnerProductSpace ℝ E] [inst_2 : FiniteDimensional ℝ E]
      (c : ℝ),
      0 < c →
        ∀ (η : ℕ → ℝ) (loss : ℕ → E → EReal) (x₁ : E) (p : SupportPolicy) (t : ℕ),
          scaledLoss c (loss t)
              (output V (scaledEta c η) (fun s => scaledLoss c (loss s)) (c⁻¹ • x₁) (scaledPolicy c p) t) =
            loss t (output V η loss x₁ p t)
E:\ABRL\worktrees\research-online-book\runs\online-unit-scaling-public-20261007\leaves\full-type-identities-v1.lean:166:135: error: Tactic `rfl` failed: The left-hand side
  NeutralUnits.N17
is not definitionally equal to the right-hand side
  ∀ {E : Type u_1} [inst : NormedAddCommGroup E] [inst_1 : InnerProductSpace ℝ E] [inst_2 : FiniteDimensional ℝ E]
    (c : ℝ),
    0 < c →
      ∀ (η : ℕ → ℝ) (loss : ℕ → E → EReal) (x₁ : E) (p : SupportPolicy) (u : E) (T : ℕ),
        regret V (scaledEta c η) (fun s => scaledLoss c (loss s)) (c⁻¹ • x₁) (scaledPolicy c p) (c⁻¹ • u) T =
          regret V η loss x₁ p u T

⊢ NeutralUnits.N17 =
    ∀ {E : Type u_1} [inst : NormedAddCommGroup E] [inst_1 : InnerProductSpace ℝ E] [inst_2 : FiniteDimensional ℝ E]
      (c : ℝ),
      0 < c →
        ∀ (η : ℕ → ℝ) (loss : ℕ → E → EReal) (x₁ : E) (p : SupportPolicy) (u : E) (T : ℕ),
          regret V (scaledEta c η) (fun s => scaledLoss c (loss s)) (c⁻¹ • x₁) (scaledPolicy c p) (c⁻¹ • u) T =
            regret V η loss x₁ p u T
E:\ABRL\worktrees\research-online-book\runs\online-unit-scaling-public-20261007\leaves\full-type-identities-v1.lean:168:134: error: Tactic `rfl` failed: The left-hand side
  NeutralUnits.N18
is not definitionally equal to the right-hand side
  ∀ {E : Type u_1} [inst : NormedAddCommGroup E] [inst_1 : InnerProductSpace ℝ E] [inst_2 : FiniteDimensional ℝ E]
    (c : ℝ),
    0 < c →
      ∀ (η : ℕ → ℝ) (loss : ℕ → E → EReal) (x₁ : E) (p : SupportPolicy) (t : ℕ),
        c • output V η (fun s => scaledLoss c (loss s)) (c⁻¹ • x₁) (scaledPolicy c p) t =
          output V (fun s => c ^ 2 * η s) loss x₁ p t

⊢ NeutralUnits.N18 =
    ∀ {E : Type u_1} [inst : NormedAddCommGroup E] [inst_1 : InnerProductSpace ℝ E] [inst_2 : FiniteDimensional ℝ E]
      (c : ℝ),
      0 < c →
        ∀ (η : ℕ → ℝ) (loss : ℕ → E → EReal) (x₁ : E) (p : SupportPolicy) (t : ℕ),
          c • output V η (fun s => scaledLoss c (loss s)) (c⁻¹ • x₁) (scaledPolicy c p) t =
            output V (fun s => c ^ 2 * η s) loss x₁ p t
E:\ABRL\worktrees\research-online-book\runs\online-unit-scaling-public-20261007\leaves\full-type-identities-v1.lean:170:54: error: Tactic `rfl` failed: The left-hand side
  NeutralUnits.N19
is not definitionally equal to the right-hand side
  ∀ {E : Type u_1} [inst : NormedAddCommGroup E] [inst_1 : InnerProductSpace ℝ E] [FiniteDimensional ℝ E] (c : ℝ),
    0 < c → ∀ (x u : E), ‖c⁻¹ • x - c⁻¹ • u‖ ^ 2 = ‖x - u‖ ^ 2 / c ^ 2

⊢ NeutralUnits.N19 =
    ∀ {E : Type u_1} [inst : NormedAddCommGroup E] [inst_1 : InnerProductSpace ℝ E] [FiniteDimensional ℝ E] (c : ℝ),
      0 < c → ∀ (x u : E), ‖c⁻¹ • x - c⁻¹ • u‖ ^ 2 = ‖x - u‖ ^ 2 / c ^ 2
E:\ABRL\worktrees\research-online-book\runs\online-unit-scaling-public-20261007\leaves\full-type-identities-v1.lean:172:181: error: Tactic `rfl` failed: The left-hand side
  NeutralUnits.N20
is not definitionally equal to the right-hand side
  ∀ {E : Type u_1} [inst : NormedAddCommGroup E] [inst_1 : InnerProductSpace ℝ E] [inst_2 : FiniteDimensional ℝ E]
    (c : ℝ),
    0 < c →
      ∀ (η : ℕ → ℝ) (loss : ℕ → E → EReal) (x₁ : E) (p : SupportPolicy) (T : ℕ),
        ∑ t ∈ Finset.range T,
            ‖selected V (scaledEta c η) (fun s => scaledLoss c (loss s)) (c⁻¹ • x₁) (scaledPolicy c p) t‖ ^ 2 =
          c ^ 2 * ∑ t ∈ Finset.range T, ‖selected V η loss x₁ p t‖ ^ 2

⊢ NeutralUnits.N20 =
    ∀ {E : Type u_1} [inst : NormedAddCommGroup E] [inst_1 : InnerProductSpace ℝ E] [inst_2 : FiniteDimensional ℝ E]
      (c : ℝ),
      0 < c →
        ∀ (η : ℕ → ℝ) (loss : ℕ → E → EReal) (x₁ : E) (p : SupportPolicy) (T : ℕ),
          ∑ t ∈ Finset.range T,
              ‖selected V (scaledEta c η) (fun s => scaledLoss c (loss s)) (c⁻¹ • x₁) (scaledPolicy c p) t‖ ^ 2 =
            c ^ 2 * ∑ t ∈ Finset.range T, ‖selected V η loss x₁ p t‖ ^ 2
E:\ABRL\worktrees\research-online-book\runs\online-unit-scaling-public-20261007\leaves\full-type-identities-v1.lean:173:41: warning: unused variable `hc`

Note: This linter can be disabled with `set_option linter.unusedVariables false`
E:\ABRL\worktrees\research-online-book\runs\online-unit-scaling-public-20261007\leaves\full-type-identities-v1.lean:173:66: warning: unused variable `hη`

Note: This linter can be disabled with `set_option linter.unusedVariables false`
E:\ABRL\worktrees\research-online-book\runs\online-unit-scaling-public-20261007\leaves\full-type-identities-v1.lean:176:269: error: Tactic `rfl` failed: The left-hand side
  NeutralUnits.N22
is not definitionally equal to the right-hand side
  ∀ {E : Type u_1} [inst : NormedAddCommGroup E] [inst_1 : InnerProductSpace ℝ E] [inst_2 : FiniteDimensional ℝ E]
    (c : ℝ),
    0 < c →
      ∀ (η : ℝ),
        0 < η →
          ∀ (loss : ℕ → E → EReal) (x₁ : E) (p : SupportPolicy) (T : ℕ),
            (∀ t < T, BanditRL.OnlineSubgradientDescent.SubdifferentiableOn V (loss t)) →
              LegalFeedback V (fun x => η) loss x₁ p T →
                ∀ (u : E),
                  regret V (scaledEta c fun x => η) (fun s => scaledLoss c (loss s)) (c⁻¹ • x₁) (scaledPolicy c p)
                      (c⁻¹ • u) T ≤
                    ‖x₁ - u‖ ^ 2 / (2 * η) + η / 2 * ∑ t ∈ Finset.range T, ‖selected V (fun x => η) loss x₁ p t‖ ^ 2 -
                      ‖output V (fun x => η) loss x₁ p T - u‖ ^ 2 / (2 * η)

⊢ NeutralUnits.N22 =
    ∀ {E : Type u_1} [inst : NormedAddCommGroup E] [inst_1 : InnerProductSpace ℝ E] [inst_2 : FiniteDimensional ℝ E]
      (c : ℝ),
      0 < c →
        ∀ (η : ℝ),
          0 < η →
            ∀ (loss : ℕ → E → EReal) (x₁ : E) (p : SupportPolicy) (T : ℕ),
              (∀ t < T, BanditRL.OnlineSubgradientDescent.SubdifferentiableOn V (loss t)) →
                LegalFeedback V (fun x => η) loss x₁ p T →
                  ∀ (u : E),
                    regret V (scaledEta c fun x => η) (fun s => scaledLoss c (loss s)) (c⁻¹ • x₁) (scaledPolicy c p)
                        (c⁻¹ • u) T ≤
                      ‖x₁ - u‖ ^ 2 / (2 * η) + η / 2 * ∑ t ∈ Finset.range T, ‖selected V (fun x => η) loss x₁ p t‖ ^ 2 -
                        ‖output V (fun x => η) loss x₁ p T - u‖ ^ 2 / (2 * η)
