E:\ABRL\worktrees\research-online-book\runs\online-unit-scaling-public-20261007\leaves\full-type-identities-v2.lean:26:7: warning: unused variable `k`

Note: This linter can be disabled with `set_option linter.unusedVariables false`
E:\ABRL\worktrees\research-online-book\runs\online-unit-scaling-public-20261007\leaves\full-type-identities-v2.lean:44:63: warning: unused variable `h`

Note: This linter can be disabled with `set_option linter.unusedVariables false`
E:\ABRL\worktrees\research-online-book\runs\online-unit-scaling-public-20261007\leaves\full-type-identities-v2.lean:50:113: warning: unused variable `hc`

Note: This linter can be disabled with `set_option linter.unusedVariables false`
E:\ABRL\worktrees\research-online-book\runs\online-unit-scaling-public-20261007\leaves\full-type-identities-v2.lean:53:113: warning: unused variable `hc`

Note: This linter can be disabled with `set_option linter.unusedVariables false`
E:\ABRL\worktrees\research-online-book\runs\online-unit-scaling-public-20261007\leaves\full-type-identities-v2.lean:53:142: warning: unused variable `hf`

Note: This linter can be disabled with `set_option linter.unusedVariables false`
E:\ABRL\worktrees\research-online-book\runs\online-unit-scaling-public-20261007\leaves\full-type-identities-v2.lean:56:113: warning: unused variable `hc`

Note: This linter can be disabled with `set_option linter.unusedVariables false`
E:\ABRL\worktrees\research-online-book\runs\online-unit-scaling-public-20261007\leaves\full-type-identities-v2.lean:56:142: warning: unused variable `hf`

Note: This linter can be disabled with `set_option linter.unusedVariables false`
E:\ABRL\worktrees\research-online-book\runs\online-unit-scaling-public-20261007\leaves\full-type-identities-v2.lean:56:163: warning: unused variable `hg`

Note: This linter can be disabled with `set_option linter.unusedVariables false`
E:\ABRL\worktrees\research-online-book\runs\online-unit-scaling-public-20261007\leaves\full-type-identities-v2.lean:59:113: warning: unused variable `hc`

Note: This linter can be disabled with `set_option linter.unusedVariables false`
E:\ABRL\worktrees\research-online-book\runs\online-unit-scaling-public-20261007\leaves\full-type-identities-v2.lean:59:142: warning: unused variable `hf`

Note: This linter can be disabled with `set_option linter.unusedVariables false`
E:\ABRL\worktrees\research-online-book\runs\online-unit-scaling-public-20261007\leaves\full-type-identities-v2.lean:62:135: warning: unused variable `hf`

Note: This linter can be disabled with `set_option linter.unusedVariables false`
E:\ABRL\worktrees\research-online-book\runs\online-unit-scaling-public-20261007\leaves\full-type-identities-v2.lean:65:133: warning: unused variable `hf`

Note: This linter can be disabled with `set_option linter.unusedVariables false`
E:\ABRL\worktrees\research-online-book\runs\online-unit-scaling-public-20261007\leaves\full-type-identities-v2.lean:68:113: warning: unused variable `hc`

Note: This linter can be disabled with `set_option linter.unusedVariables false`
E:\ABRL\worktrees\research-online-book\runs\online-unit-scaling-public-20261007\leaves\full-type-identities-v2.lean:71:113: warning: unused variable `hc`

Note: This linter can be disabled with `set_option linter.unusedVariables false`
E:\ABRL\worktrees\research-online-book\runs\online-unit-scaling-public-20261007\leaves\full-type-identities-v2.lean:74:29: warning: unused variable `hc`

Note: This linter can be disabled with `set_option linter.unusedVariables false`
E:\ABRL\worktrees\research-online-book\runs\online-unit-scaling-public-20261007\leaves\full-type-identities-v2.lean:74:62: warning: unused variable `hη`

Note: This linter can be disabled with `set_option linter.unusedVariables false`
E:\ABRL\worktrees\research-online-book\runs\online-unit-scaling-public-20261007\leaves\full-type-identities-v2.lean:77:113: warning: unused variable `hc`

Note: This linter can be disabled with `set_option linter.unusedVariables false`
E:\ABRL\worktrees\research-online-book\runs\online-unit-scaling-public-20261007\leaves\full-type-identities-v2.lean:80:113: warning: unused variable `hc`

Note: This linter can be disabled with `set_option linter.unusedVariables false`
E:\ABRL\worktrees\research-online-book\runs\online-unit-scaling-public-20261007\leaves\full-type-identities-v2.lean:83:113: warning: unused variable `hc`

Note: This linter can be disabled with `set_option linter.unusedVariables false`
E:\ABRL\worktrees\research-online-book\runs\online-unit-scaling-public-20261007\leaves\full-type-identities-v2.lean:86:113: warning: unused variable `hc`

Note: This linter can be disabled with `set_option linter.unusedVariables false`
E:\ABRL\worktrees\research-online-book\runs\online-unit-scaling-public-20261007\leaves\full-type-identities-v2.lean:86:195: warning: unused variable `hproper`

Note: This linter can be disabled with `set_option linter.unusedVariables false`
E:\ABRL\worktrees\research-online-book\runs\online-unit-scaling-public-20261007\leaves\full-type-identities-v2.lean:86:227: warning: unused variable `hlegal`

Note: This linter can be disabled with `set_option linter.unusedVariables false`
E:\ABRL\worktrees\research-online-book\runs\online-unit-scaling-public-20261007\leaves\full-type-identities-v2.lean:89:113: warning: unused variable `hc`

Note: This linter can be disabled with `set_option linter.unusedVariables false`
E:\ABRL\worktrees\research-online-book\runs\online-unit-scaling-public-20261007\leaves\full-type-identities-v2.lean:92:113: warning: unused variable `hc`

Note: This linter can be disabled with `set_option linter.unusedVariables false`
E:\ABRL\worktrees\research-online-book\runs\online-unit-scaling-public-20261007\leaves\full-type-identities-v2.lean:95:113: warning: unused variable `hc`

Note: This linter can be disabled with `set_option linter.unusedVariables false`
E:\ABRL\worktrees\research-online-book\runs\online-unit-scaling-public-20261007\leaves\full-type-identities-v2.lean:98:113: warning: unused variable `hc`

Note: This linter can be disabled with `set_option linter.unusedVariables false`
E:\ABRL\worktrees\research-online-book\runs\online-unit-scaling-public-20261007\leaves\full-type-identities-v2.lean:101:113: warning: unused variable `hc`

Note: This linter can be disabled with `set_option linter.unusedVariables false`
E:\ABRL\worktrees\research-online-book\runs\online-unit-scaling-public-20261007\leaves\full-type-identities-v2.lean:104:29: warning: unused variable `hc`

Note: This linter can be disabled with `set_option linter.unusedVariables false`
E:\ABRL\worktrees\research-online-book\runs\online-unit-scaling-public-20261007\leaves\full-type-identities-v2.lean:104:54: warning: unused variable `hη`

Note: This linter can be disabled with `set_option linter.unusedVariables false`
E:\ABRL\worktrees\research-online-book\runs\online-unit-scaling-public-20261007\leaves\full-type-identities-v2.lean:107:113: warning: unused variable `hc`

Note: This linter can be disabled with `set_option linter.unusedVariables false`
E:\ABRL\worktrees\research-online-book\runs\online-unit-scaling-public-20261007\leaves\full-type-identities-v2.lean:107:134: warning: unused variable `hη`

Note: This linter can be disabled with `set_option linter.unusedVariables false`
E:\ABRL\worktrees\research-online-book\runs\online-unit-scaling-public-20261007\leaves\full-type-identities-v2.lean:107:204: warning: unused variable `hloss`

Note: This linter can be disabled with `set_option linter.unusedVariables false`
E:\ABRL\worktrees\research-online-book\runs\online-unit-scaling-public-20261007\leaves\full-type-identities-v2.lean:107:234: warning: unused variable `hlegal`

Note: This linter can be disabled with `set_option linter.unusedVariables false`
NeutralUnits.N01.{u} : Prop
NeutralUnits.N02.{u} : Prop
NeutralUnits.N03.{u} : Prop
NeutralUnits.N04.{u} : Prop
NeutralUnits.N05.{u} : Prop
NeutralUnits.N06.{u} : Prop
NeutralUnits.N07.{u} : Prop
NeutralUnits.N08.{u} : Prop
NeutralUnits.N09.{u} : Prop
NeutralUnits.N10.{u} : Prop
NeutralUnits.N11 : Prop
NeutralUnits.N12.{u} : Prop
NeutralUnits.N13.{u} : Prop
NeutralUnits.N14.{u} : Prop
NeutralUnits.N15.{u} : Prop
NeutralUnits.N16.{u} : Prop
NeutralUnits.N17.{u} : Prop
NeutralUnits.N18.{u} : Prop
NeutralUnits.N19.{u} : Prop
NeutralUnits.N20.{u} : Prop
NeutralUnits.N21 : Prop
NeutralUnits.N22.{u} : Prop
E:\ABRL\worktrees\research-online-book\runs\online-unit-scaling-public-20261007\leaves\full-type-identities-v2.lean:135:79: warning: unused variable `h`

Note: This linter can be disabled with `set_option linter.unusedVariables false`
E:\ABRL\worktrees\research-online-book\runs\online-unit-scaling-public-20261007\leaves\full-type-identities-v2.lean:139:129: warning: unused variable `hc`

Note: This linter can be disabled with `set_option linter.unusedVariables false`
E:\ABRL\worktrees\research-online-book\runs\online-unit-scaling-public-20261007\leaves\full-type-identities-v2.lean:141:129: warning: unused variable `hc`

Note: This linter can be disabled with `set_option linter.unusedVariables false`
E:\ABRL\worktrees\research-online-book\runs\online-unit-scaling-public-20261007\leaves\full-type-identities-v2.lean:141:158: warning: unused variable `hf`

Note: This linter can be disabled with `set_option linter.unusedVariables false`
E:\ABRL\worktrees\research-online-book\runs\online-unit-scaling-public-20261007\leaves\full-type-identities-v2.lean:143:129: warning: unused variable `hc`

Note: This linter can be disabled with `set_option linter.unusedVariables false`
E:\ABRL\worktrees\research-online-book\runs\online-unit-scaling-public-20261007\leaves\full-type-identities-v2.lean:143:158: warning: unused variable `hf`

Note: This linter can be disabled with `set_option linter.unusedVariables false`
E:\ABRL\worktrees\research-online-book\runs\online-unit-scaling-public-20261007\leaves\full-type-identities-v2.lean:143:190: warning: unused variable `hg`

Note: This linter can be disabled with `set_option linter.unusedVariables false`
E:\ABRL\worktrees\research-online-book\runs\online-unit-scaling-public-20261007\leaves\full-type-identities-v2.lean:145:129: warning: unused variable `hc`

Note: This linter can be disabled with `set_option linter.unusedVariables false`
E:\ABRL\worktrees\research-online-book\runs\online-unit-scaling-public-20261007\leaves\full-type-identities-v2.lean:145:158: warning: unused variable `hf`

Note: This linter can be disabled with `set_option linter.unusedVariables false`
E:\ABRL\worktrees\research-online-book\runs\online-unit-scaling-public-20261007\leaves\full-type-identities-v2.lean:147:151: warning: unused variable `hf`

Note: This linter can be disabled with `set_option linter.unusedVariables false`
E:\ABRL\worktrees\research-online-book\runs\online-unit-scaling-public-20261007\leaves\full-type-identities-v2.lean:149:149: warning: unused variable `hf`

Note: This linter can be disabled with `set_option linter.unusedVariables false`
E:\ABRL\worktrees\research-online-book\runs\online-unit-scaling-public-20261007\leaves\full-type-identities-v2.lean:151:129: warning: unused variable `hc`

Note: This linter can be disabled with `set_option linter.unusedVariables false`
E:\ABRL\worktrees\research-online-book\runs\online-unit-scaling-public-20261007\leaves\full-type-identities-v2.lean:153:129: warning: unused variable `hc`

Note: This linter can be disabled with `set_option linter.unusedVariables false`
E:\ABRL\worktrees\research-online-book\runs\online-unit-scaling-public-20261007\leaves\full-type-identities-v2.lean:155:41: warning: unused variable `hc`

Note: This linter can be disabled with `set_option linter.unusedVariables false`
E:\ABRL\worktrees\research-online-book\runs\online-unit-scaling-public-20261007\leaves\full-type-identities-v2.lean:155:74: warning: unused variable `hη`

Note: This linter can be disabled with `set_option linter.unusedVariables false`
E:\ABRL\worktrees\research-online-book\runs\online-unit-scaling-public-20261007\leaves\full-type-identities-v2.lean:157:129: warning: unused variable `hc`

Note: This linter can be disabled with `set_option linter.unusedVariables false`
E:\ABRL\worktrees\research-online-book\runs\online-unit-scaling-public-20261007\leaves\full-type-identities-v2.lean:159:129: warning: unused variable `hc`

Note: This linter can be disabled with `set_option linter.unusedVariables false`
E:\ABRL\worktrees\research-online-book\runs\online-unit-scaling-public-20261007\leaves\full-type-identities-v2.lean:161:129: warning: unused variable `hc`

Note: This linter can be disabled with `set_option linter.unusedVariables false`
E:\ABRL\worktrees\research-online-book\runs\online-unit-scaling-public-20261007\leaves\full-type-identities-v2.lean:163:129: warning: unused variable `hc`

Note: This linter can be disabled with `set_option linter.unusedVariables false`
E:\ABRL\worktrees\research-online-book\runs\online-unit-scaling-public-20261007\leaves\full-type-identities-v2.lean:163:223: warning: unused variable `hproper`

Note: This linter can be disabled with `set_option linter.unusedVariables false`
E:\ABRL\worktrees\research-online-book\runs\online-unit-scaling-public-20261007\leaves\full-type-identities-v2.lean:163:266: warning: unused variable `hlegal`

Note: This linter can be disabled with `set_option linter.unusedVariables false`
E:\ABRL\worktrees\research-online-book\runs\online-unit-scaling-public-20261007\leaves\full-type-identities-v2.lean:165:129: warning: unused variable `hc`

Note: This linter can be disabled with `set_option linter.unusedVariables false`
E:\ABRL\worktrees\research-online-book\runs\online-unit-scaling-public-20261007\leaves\full-type-identities-v2.lean:167:129: warning: unused variable `hc`

Note: This linter can be disabled with `set_option linter.unusedVariables false`
E:\ABRL\worktrees\research-online-book\runs\online-unit-scaling-public-20261007\leaves\full-type-identities-v2.lean:169:129: warning: unused variable `hc`

Note: This linter can be disabled with `set_option linter.unusedVariables false`
E:\ABRL\worktrees\research-online-book\runs\online-unit-scaling-public-20261007\leaves\full-type-identities-v2.lean:171:129: warning: unused variable `hc`

Note: This linter can be disabled with `set_option linter.unusedVariables false`
E:\ABRL\worktrees\research-online-book\runs\online-unit-scaling-public-20261007\leaves\full-type-identities-v2.lean:173:129: warning: unused variable `hc`

Note: This linter can be disabled with `set_option linter.unusedVariables false`
E:\ABRL\worktrees\research-online-book\runs\online-unit-scaling-public-20261007\leaves\full-type-identities-v2.lean:175:41: warning: unused variable `hc`

Note: This linter can be disabled with `set_option linter.unusedVariables false`
E:\ABRL\worktrees\research-online-book\runs\online-unit-scaling-public-20261007\leaves\full-type-identities-v2.lean:175:66: warning: unused variable `hη`

Note: This linter can be disabled with `set_option linter.unusedVariables false`
E:\ABRL\worktrees\research-online-book\runs\online-unit-scaling-public-20261007\leaves\full-type-identities-v2.lean:177:129: warning: unused variable `hc`

Note: This linter can be disabled with `set_option linter.unusedVariables false`
E:\ABRL\worktrees\research-online-book\runs\online-unit-scaling-public-20261007\leaves\full-type-identities-v2.lean:177:150: warning: unused variable `hη`

Note: This linter can be disabled with `set_option linter.unusedVariables false`
E:\ABRL\worktrees\research-online-book\runs\online-unit-scaling-public-20261007\leaves\full-type-identities-v2.lean:177:232: warning: unused variable `hloss`

Note: This linter can be disabled with `set_option linter.unusedVariables false`
E:\ABRL\worktrees\research-online-book\runs\online-unit-scaling-public-20261007\leaves\full-type-identities-v2.lean:177:316: warning: unused variable `hlegal`

Note: This linter can be disabled with `set_option linter.unusedVariables false`
