E:\ABRL\worktrees\research-online-book\runs\online-unit-scaling-public-20261007\leaves\neutral-closed-props-v1.lean:24:7: warning: unused variable `k`

Note: This linter can be disabled with `set_option linter.unusedVariables false`
E:\ABRL\worktrees\research-online-book\runs\online-unit-scaling-public-20261007\leaves\neutral-closed-props-v1.lean:42:62: warning: unused variable `h`

Note: This linter can be disabled with `set_option linter.unusedVariables false`
E:\ABRL\worktrees\research-online-book\runs\online-unit-scaling-public-20261007\leaves\neutral-closed-props-v1.lean:48:112: warning: unused variable `hc`

Note: This linter can be disabled with `set_option linter.unusedVariables false`
E:\ABRL\worktrees\research-online-book\runs\online-unit-scaling-public-20261007\leaves\neutral-closed-props-v1.lean:51:112: warning: unused variable `hc`

Note: This linter can be disabled with `set_option linter.unusedVariables false`
E:\ABRL\worktrees\research-online-book\runs\online-unit-scaling-public-20261007\leaves\neutral-closed-props-v1.lean:51:141: warning: unused variable `hf`

Note: This linter can be disabled with `set_option linter.unusedVariables false`
E:\ABRL\worktrees\research-online-book\runs\online-unit-scaling-public-20261007\leaves\neutral-closed-props-v1.lean:54:112: warning: unused variable `hc`

Note: This linter can be disabled with `set_option linter.unusedVariables false`
E:\ABRL\worktrees\research-online-book\runs\online-unit-scaling-public-20261007\leaves\neutral-closed-props-v1.lean:54:141: warning: unused variable `hf`

Note: This linter can be disabled with `set_option linter.unusedVariables false`
E:\ABRL\worktrees\research-online-book\runs\online-unit-scaling-public-20261007\leaves\neutral-closed-props-v1.lean:54:162: warning: unused variable `hg`

Note: This linter can be disabled with `set_option linter.unusedVariables false`
E:\ABRL\worktrees\research-online-book\runs\online-unit-scaling-public-20261007\leaves\neutral-closed-props-v1.lean:57:112: warning: unused variable `hc`

Note: This linter can be disabled with `set_option linter.unusedVariables false`
E:\ABRL\worktrees\research-online-book\runs\online-unit-scaling-public-20261007\leaves\neutral-closed-props-v1.lean:57:141: warning: unused variable `hf`

Note: This linter can be disabled with `set_option linter.unusedVariables false`
E:\ABRL\worktrees\research-online-book\runs\online-unit-scaling-public-20261007\leaves\neutral-closed-props-v1.lean:60:134: warning: unused variable `hf`

Note: This linter can be disabled with `set_option linter.unusedVariables false`
E:\ABRL\worktrees\research-online-book\runs\online-unit-scaling-public-20261007\leaves\neutral-closed-props-v1.lean:63:132: warning: unused variable `hf`

Note: This linter can be disabled with `set_option linter.unusedVariables false`
E:\ABRL\worktrees\research-online-book\runs\online-unit-scaling-public-20261007\leaves\neutral-closed-props-v1.lean:66:112: warning: unused variable `hc`

Note: This linter can be disabled with `set_option linter.unusedVariables false`
E:\ABRL\worktrees\research-online-book\runs\online-unit-scaling-public-20261007\leaves\neutral-closed-props-v1.lean:69:112: warning: unused variable `hc`

Note: This linter can be disabled with `set_option linter.unusedVariables false`
E:\ABRL\worktrees\research-online-book\runs\online-unit-scaling-public-20261007\leaves\neutral-closed-props-v1.lean:72:29: warning: unused variable `hc`

Note: This linter can be disabled with `set_option linter.unusedVariables false`
E:\ABRL\worktrees\research-online-book\runs\online-unit-scaling-public-20261007\leaves\neutral-closed-props-v1.lean:72:62: warning: unused variable `hη`

Note: This linter can be disabled with `set_option linter.unusedVariables false`
E:\ABRL\worktrees\research-online-book\runs\online-unit-scaling-public-20261007\leaves\neutral-closed-props-v1.lean:75:112: warning: unused variable `hc`

Note: This linter can be disabled with `set_option linter.unusedVariables false`
E:\ABRL\worktrees\research-online-book\runs\online-unit-scaling-public-20261007\leaves\neutral-closed-props-v1.lean:78:112: warning: unused variable `hc`

Note: This linter can be disabled with `set_option linter.unusedVariables false`
E:\ABRL\worktrees\research-online-book\runs\online-unit-scaling-public-20261007\leaves\neutral-closed-props-v1.lean:81:112: warning: unused variable `hc`

Note: This linter can be disabled with `set_option linter.unusedVariables false`
E:\ABRL\worktrees\research-online-book\runs\online-unit-scaling-public-20261007\leaves\neutral-closed-props-v1.lean:84:112: warning: unused variable `hc`

Note: This linter can be disabled with `set_option linter.unusedVariables false`
E:\ABRL\worktrees\research-online-book\runs\online-unit-scaling-public-20261007\leaves\neutral-closed-props-v1.lean:84:194: warning: unused variable `hproper`

Note: This linter can be disabled with `set_option linter.unusedVariables false`
E:\ABRL\worktrees\research-online-book\runs\online-unit-scaling-public-20261007\leaves\neutral-closed-props-v1.lean:84:226: warning: unused variable `hlegal`

Note: This linter can be disabled with `set_option linter.unusedVariables false`
E:\ABRL\worktrees\research-online-book\runs\online-unit-scaling-public-20261007\leaves\neutral-closed-props-v1.lean:87:112: warning: unused variable `hc`

Note: This linter can be disabled with `set_option linter.unusedVariables false`
E:\ABRL\worktrees\research-online-book\runs\online-unit-scaling-public-20261007\leaves\neutral-closed-props-v1.lean:90:112: warning: unused variable `hc`

Note: This linter can be disabled with `set_option linter.unusedVariables false`
E:\ABRL\worktrees\research-online-book\runs\online-unit-scaling-public-20261007\leaves\neutral-closed-props-v1.lean:93:112: warning: unused variable `hc`

Note: This linter can be disabled with `set_option linter.unusedVariables false`
E:\ABRL\worktrees\research-online-book\runs\online-unit-scaling-public-20261007\leaves\neutral-closed-props-v1.lean:96:112: warning: unused variable `hc`

Note: This linter can be disabled with `set_option linter.unusedVariables false`
E:\ABRL\worktrees\research-online-book\runs\online-unit-scaling-public-20261007\leaves\neutral-closed-props-v1.lean:99:112: warning: unused variable `hc`

Note: This linter can be disabled with `set_option linter.unusedVariables false`
E:\ABRL\worktrees\research-online-book\runs\online-unit-scaling-public-20261007\leaves\neutral-closed-props-v1.lean:102:29: warning: unused variable `hc`

Note: This linter can be disabled with `set_option linter.unusedVariables false`
E:\ABRL\worktrees\research-online-book\runs\online-unit-scaling-public-20261007\leaves\neutral-closed-props-v1.lean:102:54: warning: unused variable `hη`

Note: This linter can be disabled with `set_option linter.unusedVariables false`
E:\ABRL\worktrees\research-online-book\runs\online-unit-scaling-public-20261007\leaves\neutral-closed-props-v1.lean:105:112: warning: unused variable `hc`

Note: This linter can be disabled with `set_option linter.unusedVariables false`
E:\ABRL\worktrees\research-online-book\runs\online-unit-scaling-public-20261007\leaves\neutral-closed-props-v1.lean:105:133: warning: unused variable `hη`

Note: This linter can be disabled with `set_option linter.unusedVariables false`
E:\ABRL\worktrees\research-online-book\runs\online-unit-scaling-public-20261007\leaves\neutral-closed-props-v1.lean:105:203: warning: unused variable `hloss`

Note: This linter can be disabled with `set_option linter.unusedVariables false`
E:\ABRL\worktrees\research-online-book\runs\online-unit-scaling-public-20261007\leaves\neutral-closed-props-v1.lean:105:233: warning: unused variable `hlegal`

Note: This linter can be disabled with `set_option linter.unusedVariables false`
NeutralUnits.N01.{u_2} : Prop
NeutralUnits.N02.{u_2} : Prop
NeutralUnits.N03.{u_2} : Prop
NeutralUnits.N04.{u_2} : Prop
NeutralUnits.N05.{u_2} : Prop
NeutralUnits.N06.{u_2} : Prop
NeutralUnits.N07.{u_2} : Prop
NeutralUnits.N08.{u_2} : Prop
NeutralUnits.N09.{u_2} : Prop
NeutralUnits.N10.{u_2} : Prop
NeutralUnits.N11 : Prop
NeutralUnits.N12.{u_2} : Prop
NeutralUnits.N13.{u_2} : Prop
NeutralUnits.N14.{u_2} : Prop
NeutralUnits.N15.{u_2} : Prop
NeutralUnits.N16.{u_2} : Prop
NeutralUnits.N17.{u_2} : Prop
NeutralUnits.N18.{u_2} : Prop
NeutralUnits.N19.{u_2} : Prop
NeutralUnits.N20.{u_2} : Prop
NeutralUnits.N21 : Prop
NeutralUnits.N22.{u_2} : Prop
