E:\ABRL\worktrees\research-online-book\runs\online-unit-scaling-public-20261007\leaves\neutral-closed-props-v2.lean:25:7: warning: unused variable `k`

Note: This linter can be disabled with `set_option linter.unusedVariables false`
E:\ABRL\worktrees\research-online-book\runs\online-unit-scaling-public-20261007\leaves\neutral-closed-props-v2.lean:43:63: warning: unused variable `h`

Note: This linter can be disabled with `set_option linter.unusedVariables false`
E:\ABRL\worktrees\research-online-book\runs\online-unit-scaling-public-20261007\leaves\neutral-closed-props-v2.lean:49:113: warning: unused variable `hc`

Note: This linter can be disabled with `set_option linter.unusedVariables false`
E:\ABRL\worktrees\research-online-book\runs\online-unit-scaling-public-20261007\leaves\neutral-closed-props-v2.lean:52:113: warning: unused variable `hc`

Note: This linter can be disabled with `set_option linter.unusedVariables false`
E:\ABRL\worktrees\research-online-book\runs\online-unit-scaling-public-20261007\leaves\neutral-closed-props-v2.lean:52:142: warning: unused variable `hf`

Note: This linter can be disabled with `set_option linter.unusedVariables false`
E:\ABRL\worktrees\research-online-book\runs\online-unit-scaling-public-20261007\leaves\neutral-closed-props-v2.lean:55:113: warning: unused variable `hc`

Note: This linter can be disabled with `set_option linter.unusedVariables false`
E:\ABRL\worktrees\research-online-book\runs\online-unit-scaling-public-20261007\leaves\neutral-closed-props-v2.lean:55:142: warning: unused variable `hf`

Note: This linter can be disabled with `set_option linter.unusedVariables false`
E:\ABRL\worktrees\research-online-book\runs\online-unit-scaling-public-20261007\leaves\neutral-closed-props-v2.lean:55:163: warning: unused variable `hg`

Note: This linter can be disabled with `set_option linter.unusedVariables false`
E:\ABRL\worktrees\research-online-book\runs\online-unit-scaling-public-20261007\leaves\neutral-closed-props-v2.lean:58:113: warning: unused variable `hc`

Note: This linter can be disabled with `set_option linter.unusedVariables false`
E:\ABRL\worktrees\research-online-book\runs\online-unit-scaling-public-20261007\leaves\neutral-closed-props-v2.lean:58:142: warning: unused variable `hf`

Note: This linter can be disabled with `set_option linter.unusedVariables false`
E:\ABRL\worktrees\research-online-book\runs\online-unit-scaling-public-20261007\leaves\neutral-closed-props-v2.lean:61:135: warning: unused variable `hf`

Note: This linter can be disabled with `set_option linter.unusedVariables false`
E:\ABRL\worktrees\research-online-book\runs\online-unit-scaling-public-20261007\leaves\neutral-closed-props-v2.lean:64:133: warning: unused variable `hf`

Note: This linter can be disabled with `set_option linter.unusedVariables false`
E:\ABRL\worktrees\research-online-book\runs\online-unit-scaling-public-20261007\leaves\neutral-closed-props-v2.lean:67:113: warning: unused variable `hc`

Note: This linter can be disabled with `set_option linter.unusedVariables false`
E:\ABRL\worktrees\research-online-book\runs\online-unit-scaling-public-20261007\leaves\neutral-closed-props-v2.lean:70:113: warning: unused variable `hc`

Note: This linter can be disabled with `set_option linter.unusedVariables false`
E:\ABRL\worktrees\research-online-book\runs\online-unit-scaling-public-20261007\leaves\neutral-closed-props-v2.lean:73:29: warning: unused variable `hc`

Note: This linter can be disabled with `set_option linter.unusedVariables false`
E:\ABRL\worktrees\research-online-book\runs\online-unit-scaling-public-20261007\leaves\neutral-closed-props-v2.lean:73:62: warning: unused variable `hη`

Note: This linter can be disabled with `set_option linter.unusedVariables false`
E:\ABRL\worktrees\research-online-book\runs\online-unit-scaling-public-20261007\leaves\neutral-closed-props-v2.lean:76:113: warning: unused variable `hc`

Note: This linter can be disabled with `set_option linter.unusedVariables false`
E:\ABRL\worktrees\research-online-book\runs\online-unit-scaling-public-20261007\leaves\neutral-closed-props-v2.lean:79:113: warning: unused variable `hc`

Note: This linter can be disabled with `set_option linter.unusedVariables false`
E:\ABRL\worktrees\research-online-book\runs\online-unit-scaling-public-20261007\leaves\neutral-closed-props-v2.lean:82:113: warning: unused variable `hc`

Note: This linter can be disabled with `set_option linter.unusedVariables false`
E:\ABRL\worktrees\research-online-book\runs\online-unit-scaling-public-20261007\leaves\neutral-closed-props-v2.lean:85:113: warning: unused variable `hc`

Note: This linter can be disabled with `set_option linter.unusedVariables false`
E:\ABRL\worktrees\research-online-book\runs\online-unit-scaling-public-20261007\leaves\neutral-closed-props-v2.lean:85:195: warning: unused variable `hproper`

Note: This linter can be disabled with `set_option linter.unusedVariables false`
E:\ABRL\worktrees\research-online-book\runs\online-unit-scaling-public-20261007\leaves\neutral-closed-props-v2.lean:85:227: warning: unused variable `hlegal`

Note: This linter can be disabled with `set_option linter.unusedVariables false`
E:\ABRL\worktrees\research-online-book\runs\online-unit-scaling-public-20261007\leaves\neutral-closed-props-v2.lean:88:113: warning: unused variable `hc`

Note: This linter can be disabled with `set_option linter.unusedVariables false`
E:\ABRL\worktrees\research-online-book\runs\online-unit-scaling-public-20261007\leaves\neutral-closed-props-v2.lean:91:113: warning: unused variable `hc`

Note: This linter can be disabled with `set_option linter.unusedVariables false`
E:\ABRL\worktrees\research-online-book\runs\online-unit-scaling-public-20261007\leaves\neutral-closed-props-v2.lean:94:113: warning: unused variable `hc`

Note: This linter can be disabled with `set_option linter.unusedVariables false`
E:\ABRL\worktrees\research-online-book\runs\online-unit-scaling-public-20261007\leaves\neutral-closed-props-v2.lean:97:113: warning: unused variable `hc`

Note: This linter can be disabled with `set_option linter.unusedVariables false`
E:\ABRL\worktrees\research-online-book\runs\online-unit-scaling-public-20261007\leaves\neutral-closed-props-v2.lean:100:113: warning: unused variable `hc`

Note: This linter can be disabled with `set_option linter.unusedVariables false`
E:\ABRL\worktrees\research-online-book\runs\online-unit-scaling-public-20261007\leaves\neutral-closed-props-v2.lean:103:29: warning: unused variable `hc`

Note: This linter can be disabled with `set_option linter.unusedVariables false`
E:\ABRL\worktrees\research-online-book\runs\online-unit-scaling-public-20261007\leaves\neutral-closed-props-v2.lean:103:54: warning: unused variable `hη`

Note: This linter can be disabled with `set_option linter.unusedVariables false`
E:\ABRL\worktrees\research-online-book\runs\online-unit-scaling-public-20261007\leaves\neutral-closed-props-v2.lean:106:113: warning: unused variable `hc`

Note: This linter can be disabled with `set_option linter.unusedVariables false`
E:\ABRL\worktrees\research-online-book\runs\online-unit-scaling-public-20261007\leaves\neutral-closed-props-v2.lean:106:134: warning: unused variable `hη`

Note: This linter can be disabled with `set_option linter.unusedVariables false`
E:\ABRL\worktrees\research-online-book\runs\online-unit-scaling-public-20261007\leaves\neutral-closed-props-v2.lean:106:204: warning: unused variable `hloss`

Note: This linter can be disabled with `set_option linter.unusedVariables false`
E:\ABRL\worktrees\research-online-book\runs\online-unit-scaling-public-20261007\leaves\neutral-closed-props-v2.lean:106:234: warning: unused variable `hlegal`

Note: This linter can be disabled with `set_option linter.unusedVariables false`
NeutralUnits.N01.{u} : Prop
NeutralUnits.N02.{u} : Prop
NeutralUnits.N03.{u} : Prop
NeutralUnits.N04.{u} : Prop
NeutralUnits.N05.{u} : Prop
NeutralUnits.N06.{u} : Prop
NeutralUnits.N07.{u} : Prop
NeutralUnits.N08.{u} : Prop
NeutralUnits.N09.{u} : Prop
NeutralUnits.N10.{u} : Prop
NeutralUnits.N11 : Prop
NeutralUnits.N12.{u} : Prop
NeutralUnits.N13.{u} : Prop
NeutralUnits.N14.{u} : Prop
NeutralUnits.N15.{u} : Prop
NeutralUnits.N16.{u} : Prop
NeutralUnits.N17.{u} : Prop
NeutralUnits.N18.{u} : Prop
NeutralUnits.N19.{u} : Prop
NeutralUnits.N20.{u} : Prop
NeutralUnits.N21 : Prop
NeutralUnits.N22.{u} : Prop
