SITE CHECK PASSED
- HTML pages: 929
- modules: 831
- declarations: 10655
- highlights: 207
- milestones: 97
- textbook crosswalks: 33
- source theorem restatements: 54
- BanditRLwiki settings/cases/papers: 7/13/19
- BanditRLwiki theorem surfaces: 27
- BanditRLwiki literature-open/formalization-open cases: 0/13
- BanditRLwiki named formalization leaves: 36
- BanditRLwiki active source-frozen ports: 2
- Live Formalization mappings: 207
- Mermaid blocks: 19
- Lean source links: 11743
- internal links and anchors: valid
- README relative links: valid
- MathJax loader and readable mathematical fallbacks: valid
- GitHub Pages workflow: complete
