tmp/max-canary-06.lean:34:0: warning: automatically included section variable(s) unused in theorem `BanditRL.OnlineConvex.finiteMax_attained`:
  [NormedAddCommGroup E]
  [InnerProductSpace ℝ E]
consider restructuring your `variable` declarations so that the variables are not in scope or explicitly omit them:
  omit [NormedAddCommGroup E] [InnerProductSpace ℝ E] in theorem ...

Note: This linter can be disabled with `set_option linter.unusedSectionVars false`
tmp/max-canary-06.lean:82:0: warning: automatically included section variable(s) unused in theorem `BanditRL.OnlineConvex.continuousAt_mem_domain_interior`:
  [InnerProductSpace ℝ E]
consider restructuring your `variable` declarations so that the variables are not in scope or explicitly omit them:
  omit [InnerProductSpace ℝ E] in theorem ...

Note: This linter can be disabled with `set_option linter.unusedSectionVars false`
tmp/max-canary-06.lean:215:0: warning: automatically included section variable(s) unused in theorem `BanditRL.OnlineConvex.continuousAt_finite_toReal`:
  [InnerProductSpace ℝ E]
consider restructuring your `variable` declarations so that the variables are not in scope or explicitly omit them:
  omit [InnerProductSpace ℝ E] in theorem ...

Note: This linter can be disabled with `set_option linter.unusedSectionVars false`
tmp/max-canary-06.lean:442:26: warning: This simp argument is unused:
  hs

Hint: Omit it from the simp argument list.
  simp_all [h̵s̵,̵ ̵family]

Note: This linter can be disabled with `set_option linter.unusedSimpArgs false`
'MaximumProbe.full_tie_hull_canary' depends on axioms: [propext, Classical.choice, Quot.sound]
'MaximumProbe.full_tie_interval_canary' depends on axioms: [propext, Classical.choice, Quot.sound]
'MaximumProbe.mixture_and_rejection_canary' depends on axioms: [propext, Classical.choice, Quot.sound]
'MaximumProbe.strict_active_canary' depends on axioms: [propext, Classical.choice, Quot.sound]
'MaximumExtendedProbe.singleton_extended_domain_canary' depends on axioms: [propext, Classical.choice, Quot.sound]
