tmp/max-direction-witness-01.lean:32:0: warning: automatically included section variable(s) unused in theorem `BanditRL.OnlineConvex.finiteMax_attained`:
  [NormedAddCommGroup E]
  [InnerProductSpace ℝ E]
consider restructuring your `variable` declarations so that the variables are not in scope or explicitly omit them:
  omit [NormedAddCommGroup E] [InnerProductSpace ℝ E] in theorem ...

Note: This linter can be disabled with `set_option linter.unusedSectionVars false`
tmp/max-direction-witness-01.lean:80:0: warning: automatically included section variable(s) unused in theorem `BanditRL.OnlineConvex.continuousAt_mem_domain_interior`:
  [InnerProductSpace ℝ E]
consider restructuring your `variable` declarations so that the variables are not in scope or explicitly omit them:
  omit [InnerProductSpace ℝ E] in theorem ...

Note: This linter can be disabled with `set_option linter.unusedSectionVars false`
tmp/max-direction-witness-01.lean:213:0: warning: automatically included section variable(s) unused in theorem `BanditRL.OnlineConvex.continuousAt_finite_toReal`:
  [InnerProductSpace ℝ E]
consider restructuring your `variable` declarations so that the variables are not in scope or explicitly omit them:
  omit [InnerProductSpace ℝ E] in theorem ...

Note: This linter can be disabled with `set_option linter.unusedSectionVars false`
tmp/max-direction-witness-01.lean:258:14: error: don't know how to synthesize implicit argument `a`
  @Tendsto.add E PseudoMetricSpace.toUniformSpace.toTopologicalSpace
    NormedAddCommGroup.toENormedAddCommMonoid.toAddCommMonoid.toAddCommSemigroup.toAddCommMagma.toAdd
    SeminormedAddCommGroup.toIsTopologicalAddGroup.toContinuousAdd ℕ (fun x => ?m.110) (fun x => (1 / (↑x + 1)) • d)
    atTop ?m.110 (0 • d) tendsto_const_nhds (Tendsto.smul tendsto_one_div_add_atTop_nhds_zero_nat tendsto_const_nhds)
context:
E : Type u_1
inst✝⁴ : NormedAddCommGroup E
inst✝³ : InnerProductSpace ℝ E
inst✝² : FiniteDimensional ℝ E
ι : Type u_2
inst✝¹ : Fintype ι
inst✝ : Nonempty ι
f : ι → E → EReal
hp : ∀ (i : ι), SourceProper (f i)
hc : ∀ (i : ι), IsConvexExtended (f i)
x : E
hx : ∀ (i : ι), x ∈ effectiveDomain (f i)
hcont : ∀ (i : ι), ContinuousAt (f i) x
g d : E
hg : g ∈ SourceSubdifferential (SourceFiniteMax f) x
hix : ∀ (i : ι), x ∈ interior (effectiveDomain (f i))
ys : ℕ → E := ⋯
⊢ E
tmp/max-direction-witness-01.lean:258:14: error: don't know how to synthesize implicit argument `f`
  @Tendsto.add E PseudoMetricSpace.toUniformSpace.toTopologicalSpace
    NormedAddCommGroup.toENormedAddCommMonoid.toAddCommMonoid.toAddCommSemigroup.toAddCommMagma.toAdd
    SeminormedAddCommGroup.toIsTopologicalAddGroup.toContinuousAdd ℕ (fun x => ?m.110) (fun x => (1 / (↑x + 1)) • d)
    atTop ?m.110 (0 • d) tendsto_const_nhds (Tendsto.smul tendsto_one_div_add_atTop_nhds_zero_nat tendsto_const_nhds)
context:
E : Type u_1
inst✝⁴ : NormedAddCommGroup E
inst✝³ : InnerProductSpace ℝ E
inst✝² : FiniteDimensional ℝ E
ι : Type u_2
inst✝¹ : Fintype ι
inst✝ : Nonempty ι
f : ι → E → EReal
hp : ∀ (i : ι), SourceProper (f i)
hc : ∀ (i : ι), IsConvexExtended (f i)
x : E
hx : ∀ (i : ι), x ∈ effectiveDomain (f i)
hcont : ∀ (i : ι), ContinuousAt (f i) x
g d : E
hg : g ∈ SourceSubdifferential (SourceFiniteMax f) x
hix : ∀ (i : ι), x ∈ interior (effectiveDomain (f i))
ys : ℕ → E := ⋯
⊢ ℕ → E
tmp/max-direction-witness-01.lean:258:33: error: don't know how to synthesize placeholder
context:
E : Type u_1
inst✝⁴ : NormedAddCommGroup E
inst✝³ : InnerProductSpace ℝ E
inst✝² : FiniteDimensional ℝ E
ι : Type u_2
inst✝¹ : Fintype ι
inst✝ : Nonempty ι
f : ι → E → EReal
hp : ∀ (i : ι), SourceProper (f i)
hc : ∀ (i : ι), IsConvexExtended (f i)
x : E
hx : ∀ (i : ι), x ∈ effectiveDomain (f i)
hcont : ∀ (i : ι), ContinuousAt (f i) x
g d : E
hg : g ∈ SourceSubdifferential (SourceFiniteMax f) x
hix : ∀ (i : ι), x ∈ interior (effectiveDomain (f i))
ys : ℕ → E := ⋯
⊢ E
tmp/max-direction-witness-01.lean:258:9: error: failed to infer `have` declaration type
tmp/max-direction-witness-01.lean:330:34: error(lean.invalidField): Invalid field `mp`: The environment does not contain `Function.mp`, so it is not possible to project the field `mp` from an expression
  mul_le_mul_left ?m.910
of type
  ∀ (a : ?m.904), ?m.908 * a ≤ ?m.909 * a
tmp/max-direction-witness-01.lean:330:27: error: Application type mismatch: The argument
  htpos
has type
  0 < 1 / (↑n + 1)
but is expected to have type
  ?m.908 ≤ ?m.909
in the application
  mul_le_mul_left htpos
'BanditRL.OnlineConvex.max_subgradient_direction_witness' depends on axioms: [propext,
 sorryAx,
 Classical.choice,
 Quot.sound]
