tmp/max-canary-05.lean:34:0: warning: automatically included section variable(s) unused in theorem `BanditRL.OnlineConvex.finiteMax_attained`:
  [NormedAddCommGroup E]
  [InnerProductSpace ℝ E]
consider restructuring your `variable` declarations so that the variables are not in scope or explicitly omit them:
  omit [NormedAddCommGroup E] [InnerProductSpace ℝ E] in theorem ...

Note: This linter can be disabled with `set_option linter.unusedSectionVars false`
tmp/max-canary-05.lean:82:0: warning: automatically included section variable(s) unused in theorem `BanditRL.OnlineConvex.continuousAt_mem_domain_interior`:
  [InnerProductSpace ℝ E]
consider restructuring your `variable` declarations so that the variables are not in scope or explicitly omit them:
  omit [InnerProductSpace ℝ E] in theorem ...

Note: This linter can be disabled with `set_option linter.unusedSectionVars false`
tmp/max-canary-05.lean:215:0: warning: automatically included section variable(s) unused in theorem `BanditRL.OnlineConvex.continuousAt_finite_toReal`:
  [InnerProductSpace ℝ E]
consider restructuring your `variable` declarations so that the variables are not in scope or explicitly omit them:
  omit [InnerProductSpace ℝ E] in theorem ...

Note: This linter can be disabled with `set_option linter.unusedSectionVars false`
tmp/max-canary-05.lean:442:26: warning: This simp argument is unused:
  hs

Hint: Omit it from the simp argument list.
  simp_all [h̵s̵,̵ ̵family]

Note: This linter can be disabled with `set_option linter.unusedSimpArgs false`
tmp/max-canary-05.lean:467:2: error: unsolved goals
case a.false
a✝ : false ∈ Finset.univ
⊢ -↑2 ≤ ↑2
'MaximumProbe.full_tie_hull_canary' depends on axioms: [propext, Classical.choice, Quot.sound]
'MaximumProbe.full_tie_interval_canary' depends on axioms: [propext, Classical.choice, Quot.sound]
'MaximumProbe.mixture_and_rejection_canary' depends on axioms: [propext, Classical.choice, Quot.sound]
'MaximumProbe.strict_active_canary' depends on axioms: [propext, sorryAx, Classical.choice, Quot.sound]
tmp/max-canary-05.lean:527:49: error: Application type mismatch: The argument
  EventuallyEq.symm he
has type
  (fun x => 0) =ᶠ[𝓝 0] constrained i
but is expected to have type
  constrained i =ᶠ[𝓝 0] fun x => ?m.66
in the application
  ContinuousAt.congr_of_eventuallyEq continuousAt_const (EventuallyEq.symm he)
tmp/max-canary-05.lean:523:84: error: unsolved goals
i : Unit
he : constrained i =ᶠ[𝓝 0] fun x => 0
⊢ ContinuousAt (constrained i) 0
'MaximumExtendedProbe.singleton_extended_domain_canary' depends on axioms: [propext,
 sorryAx,
 Classical.choice,
 Quot.sound]
