{
  "schema_version": 1,
  "entry_id": "entry-ccc2df2fdcba6b38",
  "session_id": "ONLINE-CONVEX-UNCOUNTABILITY-20261007",
  "sequence": 9,
  "parent_id": "entry-f9d3b24b20567624",
  "event_type": "accepted",
  "created_at": "2026-10-07T03:27:24+00:00",
  "payload": {
    "run_id": "online-convex-uncountability-20261007",
    "chapter_complete": false,
    "goal_complete": false,
    "accepted_decision": "E:/ABRL/worktrees/research-online-book/runs/online-convex-uncountability-20261007/accepted-decision-v1.json",
    "new_proofs": 2,
    "new_definitions": 0,
    "merged": false,
    "live": false,
    "source_package_accepted": true
  }
}
