{
  "schema_version": 1,
  "mode": "shadow-read-only",
  "analyzed_at": "2026-10-07T03:27:25+00:00",
  "trials_path": "E:\\ABRL\\worktrees\\research-online-book\\runs\\online-convex-uncountability-20261007\\accepted-scoped-trials-v1.jsonl",
  "trial_rows": 5,
  "status_counts": {
    "accepted": 1,
    "compiled": 1,
    "failed": 3
  },
  "inferred_frontier": {
    "selected_task": "ONLINE-CONVEX-UNCOUNTABILITY-20261007",
    "selected_leaf": "ONLINE-CONVEX-UNCOUNTABILITY-20261007",
    "source_status": "accepted",
    "last_accepted_verifier": {
      "trial_index": 4,
      "time": "2026-10-07T03:27:24+00:00",
      "task": "ONLINE-CONVEX-UNCOUNTABILITY-20261007",
      "role": "reviewer",
      "kind": "review",
      "status": "accepted",
      "lean": "",
      "notes": "Same-source real2 uncountability terminal accepted after actual combined gates and distinct FINAL. Two new proofs/zero definitions/four actual canaries. No chapter/book/productivity claim.",
      "run_id": "online-convex-uncountability-20261007"
    }
  },
  "memory_digest": {
    "path": "E:\\ABRL\\worktrees\\research-online-book\\runs\\online-convex-uncountability-20261007\\memory-digest-accepted-v1.md",
    "task": ""
  },
  "recorded_frontier": {
    "schema_version": 1,
    "record_id": "frontier-4e5ac5d375c3ba61",
    "updated_at": "2026-10-07T03:27:25+00:00",
    "root_objective": "Persistent Orabona Chapters1-16 Goal; exact cardinality consequence accepted only, remaining chapter/book REQUIRED",
    "current_leaf": {
      "id": "ONLINE-CONVEX-UNCOUNTABILITY-20261007",
      "kind": "lean",
      "status": "accepted",
      "statement": "theorem convex_uncountable_nondifferentiability : ConvexOn ℝ Set.univ coordinateAbsolute ∧ ¬ ({x : EuclideanSpace ℝ (Fin 2) | ¬ DifferentiableAt ℝ coordinateAbsolute x}).Countable",
      "statement_hash": "733003efc4e642349613029627412b3b3d02405515232821c53aa874e024fb9e",
      "declaration": "BanditRL.OnlineConvex.convex_uncountable_nondifferentiability",
      "file": "BanditRLProof\\OnlineConvexUncountability.lean",
      "source_status": "source-reviewed",
      "dependencies": [
        {
          "kind": "lean",
          "name": "BanditRL.OnlineConvex.coordinate_segment_not_countable",
          "status": "compiled"
        },
        {
          "kind": "lean",
          "name": "BanditRL.OnlineConvex.coordinate_absolute_convex",
          "status": "compiled"
        },
        {
          "kind": "lean",
          "name": "BanditRL.OnlineConvex.convex_nondifferentiable_segment",
          "status": "compiled"
        },
        {
          "kind": "review",
          "name": "source-reader",
          "status": "accepted"
        }
      ]
    },
    "dag": {
      "nodes": [
        {
          "id": "ONLINE-CONVEX-UNCOUNTABILITY-20261007",
          "kind": "lean",
          "status": "accepted",
          "dependencies": [
            {
              "kind": "lean",
              "name": "BanditRL.OnlineConvex.coordinate_segment_not_countable",
              "status": "compiled"
            },
            {
              "kind": "lean",
              "name": "BanditRL.OnlineConvex.coordinate_absolute_convex",
              "status": "compiled"
            },
            {
              "kind": "lean",
              "name": "BanditRL.OnlineConvex.convex_nondifferentiable_segment",
              "status": "compiled"
            },
            {
              "kind": "review",
              "name": "source-reader",
              "status": "accepted"
            }
          ],
          "dispatch_count": 0
        }
      ]
    },
    "last_accepted_verifier": {
      "trial_index": 4,
      "time": "2026-10-07T03:27:24+00:00",
      "task": "ONLINE-CONVEX-UNCOUNTABILITY-20261007",
      "role": "reviewer",
      "kind": "review",
      "status": "accepted",
      "lean": "",
      "notes": "Same-source real2 uncountability terminal accepted after actual combined gates and distinct FINAL. Two new proofs/zero definitions/four actual canaries. No chapter/book/productivity claim.",
      "run_id": "online-convex-uncountability-20261007"
    },
    "memory_policy": {
      "recent_role_relevant_limit": 5,
      "explicit_verified_lemma_ids": [],
      "whole_history_default": false
    },
    "shadow_gate": {
      "status": "pending",
      "analyzed_trial_rows": 5,
      "mismatches": [],
      "replay_transitions": 0
    },
    "mutation_policy": {
      "canonical_path_queue": true,
      "cross_process_lock": true,
      "same_file_serialized": true,
      "disjoint_files_parallel": true
    },
    "autonomous_execution": {
      "enabled": false,
      "requires_deterministic_gates": true,
      "requires_explicit_user_request": true
    }
  },
  "mismatches": [],
  "would_mutate": false
}
