{
  "time": "2026-10-07T03:27:24+00:00",
  "task": "ONLINE-CONVEX-UNCOUNTABILITY-20261007",
  "role": "reviewer",
  "kind": "review",
  "status": "accepted",
  "notes": "Same-source real2 uncountability terminal accepted after actual combined gates and distinct FINAL. Two new proofs/zero definitions/four actual canaries. No chapter/book/productivity claim.",
  "lean": "",
  "source": "",
  "run_id": "online-convex-uncountability-20261007",
  "changed_files": [],
  "statement_hash": "733003efc4e642349613029627412b3b3d02405515232821c53aa874e024fb9e",
  "parent_id": "",
  "route_fingerprint": "",
  "verifier_evidence": [
    "E:\\ABRL\\worktrees\\research-online-book\\runs\\online-convex-uncountability-20261007\\final-reader-receipt-v4.json"
  ],
  "harness": "hierarchical",
  "experiment_id": "",
  "target_fingerprint": "",
  "route_packet_hash": "",
  "attempt_id": "UNCOUNTABLE-BODY-V3",
  "worker_id": "",
  "progress_class": "compiled-leaf",
  "reviewer_validated": true,
  "obligations_before": 0,
  "obligations_after": 0,
  "new_declarations": [],
  "reused_declarations": [
    "BanditRL.OnlineConvex.convex_uncountable_nondifferentiability"
  ],
  "dag_nodes": 0,
  "dag_depth": 0,
  "elapsed_seconds": 0.0,
  "lean_check_seconds": 0.0,
  "prompt_chars": 0,
  "input_tokens": 0,
  "output_tokens": 0,
  "error_signature": ""
}
