{
  "time": "2026-10-07T02:49:11+00:00",
  "task": "ONLINE-CONVEX-UNCOUNTABILITY-20261007",
  "role": "lower",
  "kind": "attempt",
  "status": "failed",
  "notes": "Actual public module job compiled, combined focused gate failed on canary elaboration; explicit same-subset annotation repair, all source/header/test statements fixed. No accepted proof progress claimed from failed command.",
  "lean": "",
  "source": "",
  "run_id": "online-convex-uncountability-20261007",
  "changed_files": [],
  "statement_hash": "733003efc4e642349613029627412b3b3d02405515232821c53aa874e024fb9e",
  "parent_id": "",
  "route_fingerprint": "",
  "verifier_evidence": [
    "E:\\ABRL\\worktrees\\research-online-book\\runs\\online-convex-uncountability-20261007\\public-canary-focused-v1-01.log"
  ],
  "harness": "hierarchical",
  "experiment_id": "",
  "target_fingerprint": "",
  "route_packet_hash": "",
  "attempt_id": "UNCOUNTABLE-BODY-V1",
  "worker_id": "",
  "progress_class": "no-progress",
  "reviewer_validated": false,
  "obligations_before": 0,
  "obligations_after": 0,
  "new_declarations": [],
  "reused_declarations": [],
  "dag_nodes": 0,
  "dag_depth": 0,
  "elapsed_seconds": 0.0,
  "lean_check_seconds": 0.0,
  "prompt_chars": 0,
  "input_tokens": 0,
  "output_tokens": 0,
  "error_signature": "Canary subset-pair expected type could not be determined"
}
