{
  "schema_version": 1,
  "entry_id": "entry-68c1392764ba7959",
  "session_id": "ONLINE-CONVEX-UNCOUNTABILITY-20261007",
  "sequence": 3,
  "parent_id": "entry-c7f4da759782de09",
  "event_type": "proving",
  "created_at": "2026-10-07T01:00:25+00:00",
  "payload": {
    "run_id": "online-convex-uncountability-20261007",
    "chapter_complete": false,
    "goal_complete": false,
    "lower_route": "injective second-axis map -> source closedsegment uncountable -> same-function ambient nonsmooth-locus uncountable",
    "owned_files": [
      "BanditRLProof/OnlineConvexUncountability.lean",
      "Tests/OnlineConvexUncountabilityCanary.lean"
    ],
    "proof_compiled": false
  }
}
