{
  "id": "mem-86d4b66974b478f4",
  "created_at": "2026-10-07T00:52:05+00:00",
  "type": "source_fact",
  "task": "ONLINE-CONVEX-UNCOUNTABILITY-20261007",
  "provenance": {
    "kind": "local_first_retrieval",
    "reference": "Pinned local Mathlib source/types and actual project declarations; source v10 printed19/PDF31. No external unchecked library."
  },
  "assumptions": [],
  "declaration": "",
  "file": "",
  "status": "verified",
  "verifier_evidence": [
    "E:\\ABRL\\worktrees\\research-online-book\\runs\\online-convex-uncountability-20261007\\leaves\\pinned-APIs-v1.lean"
  ],
  "supersession": {
    "supersedes": [],
    "reason": ""
  },
  "roles": [],
  "details": {
    "query": "source real2 nonsmooth locus and closed-segment uncountability",
    "search_order": [
      "local declarations",
      "ABRL theorem cards",
      "Mathlib cards"
    ],
    "candidates": [
      "Cardinal.Real.Icc_countable_iff",
      "Set.Countable.preimage",
      "Set.Countable.mono",
      "BanditRL.OnlineConvex.convex_nondifferentiable_segment"
    ],
    "rejections": [],
    "compiled_scratch": "E:\\ABRL\\worktrees\\research-online-book\\runs\\online-convex-uncountability-20261007\\leaves\\pinned-APIs-v1.lean"
  }
}
