∀ (A : LinearPolicy) (t : ℕ) (h : Fin t → E), outputHistory A h (Fin.last t) = A t h : Prop
∀ (A : LinearPolicy) (loss : ℕ → E → EReal) (p : SupportPolicy), history A loss p 0 = Fin.elim0 : Prop
∀ (A : LinearPolicy) (loss : ℕ → E → EReal) (p : SupportPolicy) (t : ℕ),
  history A loss p (t + 1) = Fin.snoc (history A loss p t) (selected A loss p t) : Prop
∀ (A : LinearPolicy) (loss : ℕ → E → EReal) (p : SupportPolicy) (t : ℕ) (i : Fin t),
  history A loss p (t + 1) i.castSucc = history A loss p t i : Prop
∀ (A : LinearPolicy) (loss : ℕ → E → EReal) (p : SupportPolicy) (t : ℕ) (i : Fin t),
  history A loss p t i = selected A loss p ↑i : Prop
∀ (A : LinearPolicy) (loss : ℕ → E → EReal) (p : SupportPolicy) (t : ℕ),
  output A loss p t = linearRun A (selected A loss p) t : Prop
∀ (A : LinearPolicy) (loss : ℕ → E → EReal) (p : SupportPolicy) (t : ℕ) (i : Fin (t + 1)),
  outputHistory A (history A loss p t) i = output A loss p ↑i : Prop
∀ (V : Domain) (A : LinearPolicy),
  Feasible V A → ∀ (loss : ℕ → E → EReal) (p : SupportPolicy) (t : ℕ), output A loss p t ∈ V.carrier : Prop
runs/online-linearization-20261004/leaves/neutral-types-v3.lean:64:61: warning: unused variable `hA`

Note: This linter can be disabled with `set_option linter.unusedVariables false`
∀ (A : LinearPolicy) (loss loss' : ℕ → E → EReal) (p : SupportPolicy) (t : ℕ),
  (∀ s < t, loss s = loss' s) → history A loss p t = history A loss' p t : Prop
runs/online-linearization-20261004/leaves/neutral-types-v3.lean:66:105: warning: unused variable `hloss`

Note: This linter can be disabled with `set_option linter.unusedVariables false`
∀ (A : LinearPolicy) (loss loss' : ℕ → E → EReal) (p : SupportPolicy) (t : ℕ),
  (∀ s < t, loss s = loss' s) → output A loss p t = output A loss' p t : Prop
runs/online-linearization-20261004/leaves/neutral-types-v3.lean:68:105: warning: unused variable `hloss`

Note: This linter can be disabled with `set_option linter.unusedVariables false`
∀ (V : Domain) (A : LinearPolicy),
  Feasible V A →
    ∀ (loss : ℕ → E → EReal) (p : SupportPolicy),
      Law V p → ∀ (T : ℕ), (∀ t < T, Regular V (loss t)) → LegalFeedback A loss p T : Prop
runs/online-linearization-20261004/leaves/neutral-types-v3.lean:70:61: warning: unused variable `hA`

Note: This linter can be disabled with `set_option linter.unusedVariables false`
runs/online-linearization-20261004/leaves/neutral-types-v3.lean:70:133: warning: unused variable `hp`

Note: This linter can be disabled with `set_option linter.unusedVariables false`
runs/online-linearization-20261004/leaves/neutral-types-v3.lean:70:156: warning: unused variable `hloss`

Note: This linter can be disabled with `set_option linter.unusedVariables false`
∀ (V : Domain) (A : LinearPolicy),
  Feasible V A → ∀ (loss : ℕ → E → EReal) (T : ℕ), (∀ t < T, Regular V (loss t)) → LegalFeedback A loss Default T : Prop
runs/online-linearization-20261004/leaves/neutral-types-v3.lean:72:61: warning: unused variable `hA`

Note: This linter can be disabled with `set_option linter.unusedVariables false`
runs/online-linearization-20261004/leaves/neutral-types-v3.lean:72:112: warning: unused variable `hloss`

Note: This linter can be disabled with `set_option linter.unusedVariables false`
∀ (V : Domain) (A : LinearPolicy),
  Feasible V A →
    ∀ (loss : ℕ → E → EReal) (p : SupportPolicy) (T : ℕ),
      (∀ t < T, Regular V (loss t)) → ∀ t < T, loss t (output A loss p t) = ↑(loss t (output A loss p t)).toReal : Prop
runs/online-linearization-20261004/leaves/neutral-types-v3.lean:74:61: warning: unused variable `hA`

Note: This linter can be disabled with `set_option linter.unusedVariables false`
runs/online-linearization-20261004/leaves/neutral-types-v3.lean:74:141: warning: unused variable `hloss`

Note: This linter can be disabled with `set_option linter.unusedVariables false`
runs/online-linearization-20261004/leaves/neutral-types-v3.lean:74:187: warning: unused variable `ht`

Note: This linter can be disabled with `set_option linter.unusedVariables false`
∀ (V : Domain) (f : E → EReal),
  Regular V f → ∀ (x g u : E), u ∈ V.carrier → g ∈ Supports f x → (f x).toReal - (f u).toReal ≤ inner ℝ g (x - u) : Prop
runs/online-linearization-20261004/leaves/neutral-types-v3.lean:76:49: warning: unused variable `hf`

Note: This linter can be disabled with `set_option linter.unusedVariables false`
runs/online-linearization-20261004/leaves/neutral-types-v3.lean:76:80: warning: unused variable `hu`

Note: This linter can be disabled with `set_option linter.unusedVariables false`
runs/online-linearization-20261004/leaves/neutral-types-v3.lean:76:101: warning: unused variable `hg`

Note: This linter can be disabled with `set_option linter.unusedVariables false`
∀ (g x u : E), linearLoss g x - linearLoss g u = inner ℝ g (x - u) : Prop
∀ (V : Domain) (A : LinearPolicy) (loss : ℕ → E → EReal) (p : SupportPolicy) (T : ℕ),
  (∀ t < T, Regular V (loss t)) →
    LegalFeedback A loss p T →
      ∀ u ∈ V.carrier,
        regret A loss p u T ≤
          Comparator (fun t => linearLoss (selected A loss p t)) (linearRun A (selected A loss p)) u T : Prop
runs/online-linearization-20261004/leaves/neutral-types-v3.lean:80:121: warning: unused variable `hloss`

Note: This linter can be disabled with `set_option linter.unusedVariables false`
runs/online-linearization-20261004/leaves/neutral-types-v3.lean:80:159: warning: unused variable `hlegal`

Note: This linter can be disabled with `set_option linter.unusedVariables false`
runs/online-linearization-20261004/leaves/neutral-types-v3.lean:80:203: warning: unused variable `hu`

Note: This linter can be disabled with `set_option linter.unusedVariables false`
∀ (V : Domain) (A : LinearPolicy) (loss : ℕ → E → EReal) (p : SupportPolicy) (T : ℕ),
  (∀ t < T, Regular V (loss t)) →
    LegalFeedback A loss p T →
      ∀ (B : (ℕ → E) → E → ℕ → ℝ),
        (∀ (g : ℕ → E), ∀ u ∈ V.carrier, Comparator (fun t => linearLoss (g t)) (linearRun A g) u T ≤ B g u T) →
          ∀ u ∈ V.carrier, regret A loss p u T ≤ B (selected A loss p) u T : Prop
runs/online-linearization-20261004/leaves/neutral-types-v3.lean:82:121: warning: unused variable `hloss`

Note: This linter can be disabled with `set_option linter.unusedVariables false`
runs/online-linearization-20261004/leaves/neutral-types-v3.lean:82:159: warning: unused variable `hlegal`

Note: This linter can be disabled with `set_option linter.unusedVariables false`
runs/online-linearization-20261004/leaves/neutral-types-v3.lean:82:221: warning: unused variable `hB`

Note: This linter can be disabled with `set_option linter.unusedVariables false`
runs/online-linearization-20261004/leaves/neutral-types-v3.lean:82:328: warning: unused variable `hu`

Note: This linter can be disabled with `set_option linter.unusedVariables false`
∀ (V : Domain) (A : LinearPolicy),
  Feasible V A →
    ∀ (loss : ℕ → E → EReal) (T : ℕ),
      (∀ t < T, Regular V (loss t)) →
        ∀ u ∈ V.carrier,
          regret A loss Default u T ≤
            Comparator (fun t => linearLoss (selected A loss Default t)) (linearRun A (selected A loss Default)) u
              T : Prop
runs/online-linearization-20261004/leaves/neutral-types-v3.lean:84:61: warning: unused variable `hA`

Note: This linter can be disabled with `set_option linter.unusedVariables false`
runs/online-linearization-20261004/leaves/neutral-types-v3.lean:84:112: warning: unused variable `hloss`

Note: This linter can be disabled with `set_option linter.unusedVariables false`
runs/online-linearization-20261004/leaves/neutral-types-v3.lean:84:158: warning: unused variable `hu`

Note: This linter can be disabled with `set_option linter.unusedVariables false`
