{
  "time": "2026-10-04T10:56:13+00:00",
  "task": "ONLINE-LINEARIZATION-20261004",
  "role": "lower",
  "kind": "build",
  "status": "compiled",
  "notes": "Actual18public bodies/canary25 compiled, exact18sourcefences unchanged; 65actualnamed axioms standard3-or-none. Bodyreview/packagegates pending.",
  "lean": "BanditRLProof/OnlineLinearization.lean",
  "source": "",
  "run_id": "online-linearization-20261004",
  "changed_files": [],
  "statement_hash": "",
  "parent_id": "",
  "route_fingerprint": "",
  "verifier_evidence": [
    "runs/online-linearization-20261004/public-focused-01-exit.json"
  ],
  "harness": "",
  "experiment_id": "",
  "target_fingerprint": "",
  "route_packet_hash": "",
  "attempt_id": "ONLINE-LINEARIZATION-PUBLIC18-BODY01",
  "worker_id": "",
  "progress_class": "closed-frontier",
  "reviewer_validated": false,
  "obligations_before": 8,
  "obligations_after": 0,
  "new_declarations": [],
  "reused_declarations": [],
  "dag_nodes": 0,
  "dag_depth": 0,
  "elapsed_seconds": 0.0,
  "lean_check_seconds": 0.0,
  "prompt_chars": 0,
  "input_tokens": 0,
  "output_tokens": 0,
  "error_signature": ""
}
