{
  "time": "2026-10-04T11:02:02+00:00",
  "task": "ONLINE-LINEARIZATION-20261004",
  "role": "reviewer",
  "kind": "review",
  "status": "compiled",
  "notes": "Actual distinctsourcebodyreview accepted-with-explicit-delta 18publicproofs/25canaries,108rawrows,65standardaxiomnames. Packagegates/reader/site/PR remainpending.",
  "lean": "",
  "source": "",
  "run_id": "online-linearization-20261004",
  "changed_files": [],
  "statement_hash": "",
  "parent_id": "",
  "route_fingerprint": "",
  "verifier_evidence": [
    "runs\\online-linearization-20261004\\public-body-receipt.json"
  ],
  "harness": "",
  "experiment_id": "",
  "target_fingerprint": "",
  "route_packet_hash": "",
  "attempt_id": "ONLINE-LINEARIZATION-PUBLIC18-BODY01",
  "worker_id": "",
  "progress_class": "closed-frontier",
  "reviewer_validated": true,
  "obligations_before": 0,
  "obligations_after": 0,
  "new_declarations": [],
  "reused_declarations": [],
  "dag_nodes": 0,
  "dag_depth": 0,
  "elapsed_seconds": 0.0,
  "lean_check_seconds": 0.0,
  "prompt_chars": 0,
  "input_tokens": 0,
  "output_tokens": 0,
  "error_signature": ""
}
