runs/online-linearization-20261004/leaves/neutral-types-v2.lean:48: trailing whitespace.
+#check (∀ (A : LinearPolicy (E := E)) (t : ℕ) (h : Fin t → E) , 
runs/online-linearization-20261004/leaves/neutral-types-v2.lean:50: trailing whitespace.
+#check (∀ (A : LinearPolicy (E := E)) (loss : ℕ → E → EReal) (p : SupportPolicy (E := E)) , 
runs/online-linearization-20261004/leaves/neutral-types-v2.lean:52: trailing whitespace.
+#check (∀ (A : LinearPolicy (E := E)) (loss : ℕ → E → EReal) (p : SupportPolicy (E := E)) (t : ℕ) , 
runs/online-linearization-20261004/leaves/neutral-types-v2.lean:54: trailing whitespace.
+#check (∀ (A : LinearPolicy (E := E)) (loss : ℕ → E → EReal) (p : SupportPolicy (E := E)) (t : ℕ) (i : Fin t) , 
runs/online-linearization-20261004/leaves/neutral-types-v2.lean:56: trailing whitespace.
+#check (∀ (A : LinearPolicy (E := E)) (loss : ℕ → E → EReal) (p : SupportPolicy (E := E)) (t : ℕ) (i : Fin t) , 
runs/online-linearization-20261004/leaves/neutral-types-v2.lean:58: trailing whitespace.
+#check (∀ (A : LinearPolicy (E := E)) (loss : ℕ → E → EReal) (p : SupportPolicy (E := E)) (t : ℕ) , 
runs/online-linearization-20261004/leaves/neutral-types-v2.lean:60: trailing whitespace.
+#check (∀ (A : LinearPolicy (E := E)) (loss : ℕ → E → EReal) (p : SupportPolicy (E := E)) (t : ℕ) (i : Fin (t + 1)) , 
runs/online-linearization-20261004/leaves/neutral-types-v2.lean:62: trailing whitespace.
+#check (∀ (V : Domain (E := E)) (A : LinearPolicy (E := E)) (hA : Feasible V A) (loss : ℕ → E → EReal) (p : SupportPolicy (E := E)) (t : ℕ) , 
runs/online-linearization-20261004/leaves/neutral-types-v2.lean:64: trailing whitespace.
+#check (∀ (A : LinearPolicy (E := E)) (loss loss' : ℕ → E → EReal) (p : SupportPolicy (E := E)) (t : ℕ) (hloss : ∀ s < t, loss s = loss' s) , 
runs/online-linearization-20261004/leaves/neutral-types-v2.lean:66: trailing whitespace.
+#check (∀ (A : LinearPolicy (E := E)) (loss loss' : ℕ → E → EReal) (p : SupportPolicy (E := E)) (t : ℕ) (hloss : ∀ s < t, loss s = loss' s) , 
runs/online-linearization-20261004/leaves/neutral-types-v2.lean:68: trailing whitespace.
+#check (∀ (V : Domain (E := E)) (A : LinearPolicy (E := E)) (hA : Feasible V A) (loss : ℕ → E → EReal) (p : SupportPolicy (E := E)) (hp : Law V p) (T : ℕ) (hloss : ∀ t < T, Regular V (loss t)) , 
runs/online-linearization-20261004/leaves/neutral-types-v2.lean:70: trailing whitespace.
+#check (∀ (V : Domain (E := E)) (A : LinearPolicy (E := E)) (hA : Feasible V A) (loss : ℕ → E → EReal) (T : ℕ) (hloss : ∀ t < T, Regular V (loss t)) , 
runs/online-linearization-20261004/leaves/neutral-types-v2.lean:72: trailing whitespace.
+#check (∀ (V : Domain (E := E)) (A : LinearPolicy (E := E)) (hA : Feasible V A) (loss : ℕ → E → EReal) (p : SupportPolicy (E := E)) (T : ℕ) (hloss : ∀ t < T, Regular V (loss t)) (t : ℕ) (ht : t < T) , 
runs/online-linearization-20261004/leaves/neutral-types-v2.lean:74: trailing whitespace.
+#check (∀ (V : Domain (E := E)) (f : E → EReal) (hf : Regular V f) (x g u : E) (hu : u ∈ V.carrier) (hg : g ∈ Supports f x) , 
runs/online-linearization-20261004/leaves/neutral-types-v2.lean:76: trailing whitespace.
+#check (∀ (g x u : E) , 
runs/online-linearization-20261004/leaves/neutral-types-v2.lean:78: trailing whitespace.
+#check (∀ (V : Domain (E := E)) (A : LinearPolicy (E := E)) (loss : ℕ → E → EReal) (p : SupportPolicy (E := E)) (T : ℕ) (hloss : ∀ t < T, Regular V (loss t)) (hlegal : LegalFeedback A loss p T) (u : E) (hu : u ∈ V.carrier) , 
runs/online-linearization-20261004/leaves/neutral-types-v2.lean:80: trailing whitespace.
+#check (∀ (V : Domain (E := E)) (A : LinearPolicy (E := E)) (loss : ℕ → E → EReal) (p : SupportPolicy (E := E)) (T : ℕ) (hloss : ∀ t < T, Regular V (loss t)) (hlegal : LegalFeedback A loss p T) (B : (ℕ → E) → E → ℕ → ℝ) (hB : ∀ g u, u ∈ V.carrier → Comparator (fun t => linearLoss (g t)) (linearRun A g) u T ≤ B g u T) (u : E) (hu : u ∈ V.carrier) , 
runs/online-linearization-20261004/leaves/neutral-types-v2.lean:82: trailing whitespace.
+#check (∀ (V : Domain (E := E)) (A : LinearPolicy (E := E)) (hA : Feasible V A) (loss : ℕ → E → EReal) (T : ℕ) (hloss : ∀ t < T, Regular V (loss t)) (u : E) (hu : u ∈ V.carrier) , 
runs/online-linearization-20261004/leaves/neutral-types-v3.lean:50: trailing whitespace.
+#check (∀ (A : LinearPolicy (E := E)) (t : ℕ) (h : Fin t → E) , 
runs/online-linearization-20261004/leaves/neutral-types-v3.lean:52: trailing whitespace.
+#check (∀ (A : LinearPolicy (E := E)) (loss : ℕ → E → EReal) (p : SupportPolicy (E := E)) , 
runs/online-linearization-20261004/leaves/neutral-types-v3.lean:54: trailing whitespace.
+#check (∀ (A : LinearPolicy (E := E)) (loss : ℕ → E → EReal) (p : SupportPolicy (E := E)) (t : ℕ) , 
runs/online-linearization-20261004/leaves/neutral-types-v3.lean:56: trailing whitespace.
+#check (∀ (A : LinearPolicy (E := E)) (loss : ℕ → E → EReal) (p : SupportPolicy (E := E)) (t : ℕ) (i : Fin t) , 
runs/online-linearization-20261004/leaves/neutral-types-v3.lean:58: trailing whitespace.
+#check (∀ (A : LinearPolicy (E := E)) (loss : ℕ → E → EReal) (p : SupportPolicy (E := E)) (t : ℕ) (i : Fin t) , 
runs/online-linearization-20261004/leaves/neutral-types-v3.lean:60: trailing whitespace.
+#check (∀ (A : LinearPolicy (E := E)) (loss : ℕ → E → EReal) (p : SupportPolicy (E := E)) (t : ℕ) , 
runs/online-linearization-20261004/leaves/neutral-types-v3.lean:62: trailing whitespace.
+#check (∀ (A : LinearPolicy (E := E)) (loss : ℕ → E → EReal) (p : SupportPolicy (E := E)) (t : ℕ) (i : Fin (t + 1)) , 
runs/online-linearization-20261004/leaves/neutral-types-v3.lean:64: trailing whitespace.
+#check (∀ (V : Domain (E := E)) (A : LinearPolicy (E := E)) (hA : Feasible V A) (loss : ℕ → E → EReal) (p : SupportPolicy (E := E)) (t : ℕ) , 
runs/online-linearization-20261004/leaves/neutral-types-v3.lean:66: trailing whitespace.
+#check (∀ (A : LinearPolicy (E := E)) (loss loss' : ℕ → E → EReal) (p : SupportPolicy (E := E)) (t : ℕ) (hloss : ∀ s < t, loss s = loss' s) , 
runs/online-linearization-20261004/leaves/neutral-types-v3.lean:68: trailing whitespace.
+#check (∀ (A : LinearPolicy (E := E)) (loss loss' : ℕ → E → EReal) (p : SupportPolicy (E := E)) (t : ℕ) (hloss : ∀ s < t, loss s = loss' s) , 
runs/online-linearization-20261004/leaves/neutral-types-v3.lean:70: trailing whitespace.
+#check (∀ (V : Domain (E := E)) (A : LinearPolicy (E := E)) (hA : Feasible V A) (loss : ℕ → E → EReal) (p : SupportPolicy (E := E)) (hp : Law V p) (T : ℕ) (hloss : ∀ t < T, Regular V (loss t)) , 
runs/online-linearization-20261004/leaves/neutral-types-v3.lean:72: trailing whitespace.
+#check (∀ (V : Domain (E := E)) (A : LinearPolicy (E := E)) (hA : Feasible V A) (loss : ℕ → E → EReal) (T : ℕ) (hloss : ∀ t < T, Regular V (loss t)) , 
runs/online-linearization-20261004/leaves/neutral-types-v3.lean:74: trailing whitespace.
+#check (∀ (V : Domain (E := E)) (A : LinearPolicy (E := E)) (hA : Feasible V A) (loss : ℕ → E → EReal) (p : SupportPolicy (E := E)) (T : ℕ) (hloss : ∀ t < T, Regular V (loss t)) (t : ℕ) (ht : t < T) , 
runs/online-linearization-20261004/leaves/neutral-types-v3.lean:76: trailing whitespace.
+#check (∀ (V : Domain (E := E)) (f : E → EReal) (hf : Regular V f) (x g u : E) (hu : u ∈ V.carrier) (hg : g ∈ Supports f x) , 
runs/online-linearization-20261004/leaves/neutral-types-v3.lean:78: trailing whitespace.
+#check (∀ (g x u : E) , 
runs/online-linearization-20261004/leaves/neutral-types-v3.lean:80: trailing whitespace.
+#check (∀ (V : Domain (E := E)) (A : LinearPolicy (E := E)) (loss : ℕ → E → EReal) (p : SupportPolicy (E := E)) (T : ℕ) (hloss : ∀ t < T, Regular V (loss t)) (hlegal : LegalFeedback A loss p T) (u : E) (hu : u ∈ V.carrier) , 
runs/online-linearization-20261004/leaves/neutral-types-v3.lean:82: trailing whitespace.
+#check (∀ (V : Domain (E := E)) (A : LinearPolicy (E := E)) (loss : ℕ → E → EReal) (p : SupportPolicy (E := E)) (T : ℕ) (hloss : ∀ t < T, Regular V (loss t)) (hlegal : LegalFeedback A loss p T) (B : (ℕ → E) → E → ℕ → ℝ) (hB : ∀ g u, u ∈ V.carrier → Comparator (fun t => linearLoss (g t)) (linearRun A g) u T ≤ B g u T) (u : E) (hu : u ∈ V.carrier) , 
runs/online-linearization-20261004/leaves/neutral-types-v3.lean:84: trailing whitespace.
+#check (∀ (V : Domain (E := E)) (A : LinearPolicy (E := E)) (hA : Feasible V A) (loss : ℕ → E → EReal) (T : ℕ) (hloss : ∀ t < T, Regular V (loss t)) (u : E) (hu : u ∈ V.carrier) , 
runs/online-linearization-20261004/leaves/types-v1.lean:34: trailing whitespace.
+#check (∀ (A : LinearPolicy (E := E)) (t : ℕ) (h : Fin t → E) , 
runs/online-linearization-20261004/leaves/types-v1.lean:37: trailing whitespace.
+#check (∀ (A : LinearPolicy (E := E)) (loss : ℕ → E → EReal) (p : SupportPolicy (E := E)) , 
runs/online-linearization-20261004/leaves/types-v1.lean:40: trailing whitespace.
+#check (∀ (A : LinearPolicy (E := E)) (loss : ℕ → E → EReal) (p : SupportPolicy (E := E)) (t : ℕ) , 
runs/online-linearization-20261004/leaves/types-v1.lean:43: trailing whitespace.
+#check (∀ (A : LinearPolicy (E := E)) (loss : ℕ → E → EReal) (p : SupportPolicy (E := E)) (t : ℕ) (i : Fin t) , 
runs/online-linearization-20261004/leaves/types-v1.lean:46: trailing whitespace.
+#check (∀ (A : LinearPolicy (E := E)) (loss : ℕ → E → EReal) (p : SupportPolicy (E := E)) (t : ℕ) (i : Fin t) , 
runs/online-linearization-20261004/leaves/types-v1.lean:49: trailing whitespace.
+#check (∀ (A : LinearPolicy (E := E)) (loss : ℕ → E → EReal) (p : SupportPolicy (E := E)) (t : ℕ) , 
runs/online-linearization-20261004/leaves/types-v1.lean:52: trailing whitespace.
+#check (∀ (A : LinearPolicy (E := E)) (loss : ℕ → E → EReal) (p : SupportPolicy (E := E)) (t : ℕ) (i : Fin (t + 1)) , 
runs/online-linearization-20261004/leaves/types-v1.lean:55: trailing whitespace.
+#check (∀ (V : Domain (E := E)) (A : LinearPolicy (E := E)) (hA : Feasible V A) (loss : ℕ → E → EReal) (p : SupportPolicy (E := E)) (t : ℕ) , 
runs/online-linearization-20261004/leaves/types-v1.lean:58: trailing whitespace.
+#check (∀ (A : LinearPolicy (E := E)) (loss loss' : ℕ → E → EReal) (p : SupportPolicy (E := E)) (t : ℕ) (hloss : ∀ s < t, loss s = loss' s) , 
runs/online-linearization-20261004/leaves/types-v1.lean:61: trailing whitespace.
+#check (∀ (A : LinearPolicy (E := E)) (loss loss' : ℕ → E → EReal) (p : SupportPolicy (E := E)) (t : ℕ) (hloss : ∀ s < t, loss s = loss' s) , 
runs/online-linearization-20261004/leaves/types-v1.lean:64: trailing whitespace.
+#check (∀ (V : Domain (E := E)) (A : LinearPolicy (E := E)) (hA : Feasible V A) (loss : ℕ → E → EReal) (p : SupportPolicy (E := E)) (hp : BanditRL.OnlineSubgradientPolicy.OracleLaw V p) (T : ℕ) (hloss : ∀ t < T, BanditRL.OnlineSubgradientDescent.SubdifferentiableOn V (loss t)) , 
runs/online-linearization-20261004/leaves/types-v1.lean:67: trailing whitespace.
+#check (∀ (V : Domain (E := E)) (A : LinearPolicy (E := E)) (hA : Feasible V A) (loss : ℕ → E → EReal) (T : ℕ) (hloss : ∀ t < T, BanditRL.OnlineSubgradientDescent.SubdifferentiableOn V (loss t)) , 
runs/online-linearization-20261004/leaves/types-v1.lean:70: trailing whitespace.
+#check (∀ (V : Domain (E := E)) (A : LinearPolicy (E := E)) (hA : Feasible V A) (loss : ℕ → E → EReal) (p : SupportPolicy (E := E)) (T : ℕ) (hloss : ∀ t < T, BanditRL.OnlineSubgradientDescent.SubdifferentiableOn V (loss t)) (t : ℕ) (ht : t < T) , 
runs/online-linearization-20261004/leaves/types-v1.lean:73: trailing whitespace.
+#check (∀ (V : Domain (E := E)) (f : E → EReal) (hf : BanditRL.OnlineSubgradientDescent.SubdifferentiableOn V f) (x g u : E) (hu : u ∈ V.carrier) (hg : g ∈ SourceSubdifferential f x) , 
runs/online-linearization-20261004/leaves/types-v1.lean:76: trailing whitespace.
+#check (∀ (g x u : E) , 
runs/online-linearization-20261004/leaves/types-v1.lean:79: trailing whitespace.
+#check (∀ (V : Domain (E := E)) (A : LinearPolicy (E := E)) (loss : ℕ → E → EReal) (p : SupportPolicy (E := E)) (T : ℕ) (hloss : ∀ t < T, BanditRL.OnlineSubgradientDescent.SubdifferentiableOn V (loss t)) (hlegal : LegalFeedback A loss p T) (u : E) (hu : u ∈ V.carrier) , 
runs/online-linearization-20261004/leaves/types-v1.lean:82: trailing whitespace.
+#check (∀ (V : Domain (E := E)) (A : LinearPolicy (E := E)) (loss : ℕ → E → EReal) (p : SupportPolicy (E := E)) (T : ℕ) (hloss : ∀ t < T, BanditRL.OnlineSubgradientDescent.SubdifferentiableOn V (loss t)) (hlegal : LegalFeedback A loss p T) (B : (ℕ → E) → E → ℕ → ℝ) (hB : ∀ g u, u ∈ V.carrier → BanditRL.OnlineLearning.comparatorRegret (fun t => linearLoss (g t)) (linearRun A g) u T ≤ B g u T) (u : E) (hu : u ∈ V.carrier) , 
runs/online-linearization-20261004/leaves/types-v1.lean:85: trailing whitespace.
+#check (∀ (V : Domain (E := E)) (A : LinearPolicy (E := E)) (hA : Feasible V A) (loss : ℕ → E → EReal) (T : ℕ) (hloss : ∀ t < T, BanditRL.OnlineSubgradientDescent.SubdifferentiableOn V (loss t)) (u : E) (hu : u ∈ V.carrier) , 
