runs/online-linearization-20261004/canary-01.log:58: trailing whitespace.
+  
runs/online-linearization-20261004/canary-01.log:60: trailing whitespace.
+    
runs/online-linearization-20261004/full-harness-01.log:720: trailing whitespace.
+  
runs/online-linearization-20261004/full-harness-01.log:722: trailing whitespace.
+    
runs/online-linearization-20261004/full-harness-01.log:727: trailing whitespace.
+  
runs/online-linearization-20261004/full-harness-01.log:729: trailing whitespace.
+    
runs/online-linearization-20261004/full-harness-01.log:890: trailing whitespace.
+  
runs/online-linearization-20261004/full-harness-01.log:892: trailing whitespace.
+    
runs/online-linearization-20261004/full-harness-01.log:1041: trailing whitespace.
+  
runs/online-linearization-20261004/full-harness-01.log:1043: trailing whitespace.
+    
runs/online-linearization-20261004/full-harness-01.log:1212: trailing whitespace.
+  
runs/online-linearization-20261004/full-harness-01.log:1214: trailing whitespace.
+    
runs/online-linearization-20261004/full-harness-01.log:1254: trailing whitespace.
+  
runs/online-linearization-20261004/full-harness-01.log:1256: trailing whitespace.
+    
runs/online-linearization-20261004/full-harness-01.log:1749: trailing whitespace.
+  
runs/online-linearization-20261004/full-harness-01.log:1751: trailing whitespace.
+    
runs/online-linearization-20261004/full-harness-01.log:1800: trailing whitespace.
+  
runs/online-linearization-20261004/full-harness-01.log:1802: trailing whitespace.
+    
runs/online-linearization-20261004/full-harness-01.log:3582: trailing whitespace.
+  
runs/online-linearization-20261004/full-harness-01.log:3584: trailing whitespace.
+    
runs/online-linearization-20261004/full-harness-01.log:3589: trailing whitespace.
+  
runs/online-linearization-20261004/full-harness-01.log:3591: trailing whitespace.
+    
runs/online-linearization-20261004/full-harness-01.log:3752: trailing whitespace.
+  
runs/online-linearization-20261004/full-harness-01.log:3754: trailing whitespace.
+    
runs/online-linearization-20261004/full-harness-01.log:3903: trailing whitespace.
+  
runs/online-linearization-20261004/full-harness-01.log:3905: trailing whitespace.
+    
runs/online-linearization-20261004/full-harness-01.log:4074: trailing whitespace.
+  
runs/online-linearization-20261004/full-harness-01.log:4076: trailing whitespace.
+    
runs/online-linearization-20261004/full-harness-01.log:4116: trailing whitespace.
+  
runs/online-linearization-20261004/full-harness-01.log:4118: trailing whitespace.
+    
runs/online-linearization-20261004/full-harness-01.log:4611: trailing whitespace.
+  
runs/online-linearization-20261004/full-harness-01.log:4613: trailing whitespace.
+    
runs/online-linearization-20261004/full-harness-01.log:4662: trailing whitespace.
+  
runs/online-linearization-20261004/full-harness-01.log:4664: trailing whitespace.
+    
runs/online-linearization-20261004/full-harness-01.log:9012: trailing whitespace.
+  
runs/online-linearization-20261004/full-harness-01.log:9014: trailing whitespace.
+    
runs/online-linearization-20261004/full-harness-02.log:720: trailing whitespace.
+  
runs/online-linearization-20261004/full-harness-02.log:722: trailing whitespace.
+    
runs/online-linearization-20261004/full-harness-02.log:727: trailing whitespace.
+  
runs/online-linearization-20261004/full-harness-02.log:729: trailing whitespace.
+    
runs/online-linearization-20261004/full-harness-02.log:890: trailing whitespace.
+  
runs/online-linearization-20261004/full-harness-02.log:892: trailing whitespace.
+    
runs/online-linearization-20261004/full-harness-02.log:1041: trailing whitespace.
+  
runs/online-linearization-20261004/full-harness-02.log:1043: trailing whitespace.
+    
runs/online-linearization-20261004/full-harness-02.log:1212: trailing whitespace.
+  
runs/online-linearization-20261004/full-harness-02.log:1214: trailing whitespace.
+    
runs/online-linearization-20261004/full-harness-02.log:1254: trailing whitespace.
+  
runs/online-linearization-20261004/full-harness-02.log:1256: trailing whitespace.
+    
runs/online-linearization-20261004/full-harness-02.log:1749: trailing whitespace.
+  
runs/online-linearization-20261004/full-harness-02.log:1751: trailing whitespace.
+    
runs/online-linearization-20261004/full-harness-02.log:1800: trailing whitespace.
+  
runs/online-linearization-20261004/full-harness-02.log:1802: trailing whitespace.
+    
runs/online-linearization-20261004/full-harness-02.log:3582: trailing whitespace.
+  
runs/online-linearization-20261004/full-harness-02.log:3584: trailing whitespace.
+    
runs/online-linearization-20261004/full-harness-02.log:3589: trailing whitespace.
+  
runs/online-linearization-20261004/full-harness-02.log:3591: trailing whitespace.
+    
runs/online-linearization-20261004/full-harness-02.log:3752: trailing whitespace.
+  
runs/online-linearization-20261004/full-harness-02.log:3754: trailing whitespace.
+    
runs/online-linearization-20261004/full-harness-02.log:3903: trailing whitespace.
+  
runs/online-linearization-20261004/full-harness-02.log:3905: trailing whitespace.
+    
runs/online-linearization-20261004/full-harness-02.log:4074: trailing whitespace.
+  
runs/online-linearization-20261004/full-harness-02.log:4076: trailing whitespace.
+    
runs/online-linearization-20261004/full-harness-02.log:4116: trailing whitespace.
+  
runs/online-linearization-20261004/full-harness-02.log:4118: trailing whitespace.
+    
runs/online-linearization-20261004/full-harness-02.log:4611: trailing whitespace.
+  
runs/online-linearization-20261004/full-harness-02.log:4613: trailing whitespace.
+    
runs/online-linearization-20261004/full-harness-02.log:4662: trailing whitespace.
+  
runs/online-linearization-20261004/full-harness-02.log:4664: trailing whitespace.
+    
runs/online-linearization-20261004/full-harness-02.log:9012: trailing whitespace.
+  
runs/online-linearization-20261004/full-harness-02.log:9014: trailing whitespace.
+    
runs/online-linearization-20261004/leaves/neutral-types-v2.lean:48: trailing whitespace.
+#check (∀ (A : LinearPolicy (E := E)) (t : ℕ) (h : Fin t → E) , 
runs/online-linearization-20261004/leaves/neutral-types-v2.lean:50: trailing whitespace.
+#check (∀ (A : LinearPolicy (E := E)) (loss : ℕ → E → EReal) (p : SupportPolicy (E := E)) , 
runs/online-linearization-20261004/leaves/neutral-types-v2.lean:52: trailing whitespace.
+#check (∀ (A : LinearPolicy (E := E)) (loss : ℕ → E → EReal) (p : SupportPolicy (E := E)) (t : ℕ) , 
runs/online-linearization-20261004/leaves/neutral-types-v2.lean:54: trailing whitespace.
+#check (∀ (A : LinearPolicy (E := E)) (loss : ℕ → E → EReal) (p : SupportPolicy (E := E)) (t : ℕ) (i : Fin t) , 
runs/online-linearization-20261004/leaves/neutral-types-v2.lean:56: trailing whitespace.
+#check (∀ (A : LinearPolicy (E := E)) (loss : ℕ → E → EReal) (p : SupportPolicy (E := E)) (t : ℕ) (i : Fin t) , 
runs/online-linearization-20261004/leaves/neutral-types-v2.lean:58: trailing whitespace.
+#check (∀ (A : LinearPolicy (E := E)) (loss : ℕ → E → EReal) (p : SupportPolicy (E := E)) (t : ℕ) , 
runs/online-linearization-20261004/leaves/neutral-types-v2.lean:60: trailing whitespace.
+#check (∀ (A : LinearPolicy (E := E)) (loss : ℕ → E → EReal) (p : SupportPolicy (E := E)) (t : ℕ) (i : Fin (t + 1)) , 
runs/online-linearization-20261004/leaves/neutral-types-v2.lean:62: trailing whitespace.
+#check (∀ (V : Domain (E := E)) (A : LinearPolicy (E := E)) (hA : Feasible V A) (loss : ℕ → E → EReal) (p : SupportPolicy (E := E)) (t : ℕ) , 
runs/online-linearization-20261004/leaves/neutral-types-v2.lean:64: trailing whitespace.
+#check (∀ (A : LinearPolicy (E := E)) (loss loss' : ℕ → E → EReal) (p : SupportPolicy (E := E)) (t : ℕ) (hloss : ∀ s < t, loss s = loss' s) , 
runs/online-linearization-20261004/leaves/neutral-types-v2.lean:66: trailing whitespace.
+#check (∀ (A : LinearPolicy (E := E)) (loss loss' : ℕ → E → EReal) (p : SupportPolicy (E := E)) (t : ℕ) (hloss : ∀ s < t, loss s = loss' s) , 
runs/online-linearization-20261004/leaves/neutral-types-v2.lean:68: trailing whitespace.
+#check (∀ (V : Domain (E := E)) (A : LinearPolicy (E := E)) (hA : Feasible V A) (loss : ℕ → E → EReal) (p : SupportPolicy (E := E)) (hp : Law V p) (T : ℕ) (hloss : ∀ t < T, Regular V (loss t)) , 
runs/online-linearization-20261004/leaves/neutral-types-v2.lean:70: trailing whitespace.
+#check (∀ (V : Domain (E := E)) (A : LinearPolicy (E := E)) (hA : Feasible V A) (loss : ℕ → E → EReal) (T : ℕ) (hloss : ∀ t < T, Regular V (loss t)) , 
runs/online-linearization-20261004/leaves/neutral-types-v2.lean:72: trailing whitespace.
+#check (∀ (V : Domain (E := E)) (A : LinearPolicy (E := E)) (hA : Feasible V A) (loss : ℕ → E → EReal) (p : SupportPolicy (E := E)) (T : ℕ) (hloss : ∀ t < T, Regular V (loss t)) (t : ℕ) (ht : t < T) , 
runs/online-linearization-20261004/leaves/neutral-types-v2.lean:74: trailing whitespace.
+#check (∀ (V : Domain (E := E)) (f : E → EReal) (hf : Regular V f) (x g u : E) (hu : u ∈ V.carrier) (hg : g ∈ Supports f x) , 
runs/online-linearization-20261004/leaves/neutral-types-v2.lean:76: trailing whitespace.
+#check (∀ (g x u : E) , 
runs/online-linearization-20261004/leaves/neutral-types-v2.lean:78: trailing whitespace.
+#check (∀ (V : Domain (E := E)) (A : LinearPolicy (E := E)) (loss : ℕ → E → EReal) (p : SupportPolicy (E := E)) (T : ℕ) (hloss : ∀ t < T, Regular V (loss t)) (hlegal : LegalFeedback A loss p T) (u : E) (hu : u ∈ V.carrier) , 
runs/online-linearization-20261004/leaves/neutral-types-v2.lean:80: trailing whitespace.
+#check (∀ (V : Domain (E := E)) (A : LinearPolicy (E := E)) (loss : ℕ → E → EReal) (p : SupportPolicy (E := E)) (T : ℕ) (hloss : ∀ t < T, Regular V (loss t)) (hlegal : LegalFeedback A loss p T) (B : (ℕ → E) → E → ℕ → ℝ) (hB : ∀ g u, u ∈ V.carrier → Comparator (fun t => linearLoss (g t)) (linearRun A g) u T ≤ B g u T) (u : E) (hu : u ∈ V.carrier) , 
runs/online-linearization-20261004/leaves/neutral-types-v2.lean:82: trailing whitespace.
+#check (∀ (V : Domain (E := E)) (A : LinearPolicy (E := E)) (hA : Feasible V A) (loss : ℕ → E → EReal) (T : ℕ) (hloss : ∀ t < T, Regular V (loss t)) (u : E) (hu : u ∈ V.carrier) , 
runs/online-linearization-20261004/leaves/neutral-types-v3.lean:50: trailing whitespace.
+#check (∀ (A : LinearPolicy (E := E)) (t : ℕ) (h : Fin t → E) , 
runs/online-linearization-20261004/leaves/neutral-types-v3.lean:52: trailing whitespace.
+#check (∀ (A : LinearPolicy (E := E)) (loss : ℕ → E → EReal) (p : SupportPolicy (E := E)) , 
runs/online-linearization-20261004/leaves/neutral-types-v3.lean:54: trailing whitespace.
+#check (∀ (A : LinearPolicy (E := E)) (loss : ℕ → E → EReal) (p : SupportPolicy (E := E)) (t : ℕ) , 
runs/online-linearization-20261004/leaves/neutral-types-v3.lean:56: trailing whitespace.
+#check (∀ (A : LinearPolicy (E := E)) (loss : ℕ → E → EReal) (p : SupportPolicy (E := E)) (t : ℕ) (i : Fin t) , 
runs/online-linearization-20261004/leaves/neutral-types-v3.lean:58: trailing whitespace.
+#check (∀ (A : LinearPolicy (E := E)) (loss : ℕ → E → EReal) (p : SupportPolicy (E := E)) (t : ℕ) (i : Fin t) , 
runs/online-linearization-20261004/leaves/neutral-types-v3.lean:60: trailing whitespace.
+#check (∀ (A : LinearPolicy (E := E)) (loss : ℕ → E → EReal) (p : SupportPolicy (E := E)) (t : ℕ) , 
runs/online-linearization-20261004/leaves/neutral-types-v3.lean:62: trailing whitespace.
+#check (∀ (A : LinearPolicy (E := E)) (loss : ℕ → E → EReal) (p : SupportPolicy (E := E)) (t : ℕ) (i : Fin (t + 1)) , 
runs/online-linearization-20261004/leaves/neutral-types-v3.lean:64: trailing whitespace.
+#check (∀ (V : Domain (E := E)) (A : LinearPolicy (E := E)) (hA : Feasible V A) (loss : ℕ → E → EReal) (p : SupportPolicy (E := E)) (t : ℕ) , 
runs/online-linearization-20261004/leaves/neutral-types-v3.lean:66: trailing whitespace.
+#check (∀ (A : LinearPolicy (E := E)) (loss loss' : ℕ → E → EReal) (p : SupportPolicy (E := E)) (t : ℕ) (hloss : ∀ s < t, loss s = loss' s) , 
runs/online-linearization-20261004/leaves/neutral-types-v3.lean:68: trailing whitespace.
+#check (∀ (A : LinearPolicy (E := E)) (loss loss' : ℕ → E → EReal) (p : SupportPolicy (E := E)) (t : ℕ) (hloss : ∀ s < t, loss s = loss' s) , 
runs/online-linearization-20261004/leaves/neutral-types-v3.lean:70: trailing whitespace.
+#check (∀ (V : Domain (E := E)) (A : LinearPolicy (E := E)) (hA : Feasible V A) (loss : ℕ → E → EReal) (p : SupportPolicy (E := E)) (hp : Law V p) (T : ℕ) (hloss : ∀ t < T, Regular V (loss t)) , 
runs/online-linearization-20261004/leaves/neutral-types-v3.lean:72: trailing whitespace.
+#check (∀ (V : Domain (E := E)) (A : LinearPolicy (E := E)) (hA : Feasible V A) (loss : ℕ → E → EReal) (T : ℕ) (hloss : ∀ t < T, Regular V (loss t)) , 
runs/online-linearization-20261004/leaves/neutral-types-v3.lean:74: trailing whitespace.
+#check (∀ (V : Domain (E := E)) (A : LinearPolicy (E := E)) (hA : Feasible V A) (loss : ℕ → E → EReal) (p : SupportPolicy (E := E)) (T : ℕ) (hloss : ∀ t < T, Regular V (loss t)) (t : ℕ) (ht : t < T) , 
runs/online-linearization-20261004/leaves/neutral-types-v3.lean:76: trailing whitespace.
+#check (∀ (V : Domain (E := E)) (f : E → EReal) (hf : Regular V f) (x g u : E) (hu : u ∈ V.carrier) (hg : g ∈ Supports f x) , 
runs/online-linearization-20261004/leaves/neutral-types-v3.lean:78: trailing whitespace.
+#check (∀ (g x u : E) , 
runs/online-linearization-20261004/leaves/neutral-types-v3.lean:80: trailing whitespace.
+#check (∀ (V : Domain (E := E)) (A : LinearPolicy (E := E)) (loss : ℕ → E → EReal) (p : SupportPolicy (E := E)) (T : ℕ) (hloss : ∀ t < T, Regular V (loss t)) (hlegal : LegalFeedback A loss p T) (u : E) (hu : u ∈ V.carrier) , 
runs/online-linearization-20261004/leaves/neutral-types-v3.lean:82: trailing whitespace.
+#check (∀ (V : Domain (E := E)) (A : LinearPolicy (E := E)) (loss : ℕ → E → EReal) (p : SupportPolicy (E := E)) (T : ℕ) (hloss : ∀ t < T, Regular V (loss t)) (hlegal : LegalFeedback A loss p T) (B : (ℕ → E) → E → ℕ → ℝ) (hB : ∀ g u, u ∈ V.carrier → Comparator (fun t => linearLoss (g t)) (linearRun A g) u T ≤ B g u T) (u : E) (hu : u ∈ V.carrier) , 
runs/online-linearization-20261004/leaves/neutral-types-v3.lean:84: trailing whitespace.
+#check (∀ (V : Domain (E := E)) (A : LinearPolicy (E := E)) (hA : Feasible V A) (loss : ℕ → E → EReal) (T : ℕ) (hloss : ∀ t < T, Regular V (loss t)) (u : E) (hu : u ∈ V.carrier) , 
runs/online-linearization-20261004/leaves/types-v1.lean:34: trailing whitespace.
+#check (∀ (A : LinearPolicy (E := E)) (t : ℕ) (h : Fin t → E) , 
runs/online-linearization-20261004/leaves/types-v1.lean:37: trailing whitespace.
+#check (∀ (A : LinearPolicy (E := E)) (loss : ℕ → E → EReal) (p : SupportPolicy (E := E)) , 
runs/online-linearization-20261004/leaves/types-v1.lean:40: trailing whitespace.
+#check (∀ (A : LinearPolicy (E := E)) (loss : ℕ → E → EReal) (p : SupportPolicy (E := E)) (t : ℕ) , 
runs/online-linearization-20261004/leaves/types-v1.lean:43: trailing whitespace.
+#check (∀ (A : LinearPolicy (E := E)) (loss : ℕ → E → EReal) (p : SupportPolicy (E := E)) (t : ℕ) (i : Fin t) , 
runs/online-linearization-20261004/leaves/types-v1.lean:46: trailing whitespace.
+#check (∀ (A : LinearPolicy (E := E)) (loss : ℕ → E → EReal) (p : SupportPolicy (E := E)) (t : ℕ) (i : Fin t) , 
runs/online-linearization-20261004/leaves/types-v1.lean:49: trailing whitespace.
+#check (∀ (A : LinearPolicy (E := E)) (loss : ℕ → E → EReal) (p : SupportPolicy (E := E)) (t : ℕ) , 
runs/online-linearization-20261004/leaves/types-v1.lean:52: trailing whitespace.
+#check (∀ (A : LinearPolicy (E := E)) (loss : ℕ → E → EReal) (p : SupportPolicy (E := E)) (t : ℕ) (i : Fin (t + 1)) , 
runs/online-linearization-20261004/leaves/types-v1.lean:55: trailing whitespace.
+#check (∀ (V : Domain (E := E)) (A : LinearPolicy (E := E)) (hA : Feasible V A) (loss : ℕ → E → EReal) (p : SupportPolicy (E := E)) (t : ℕ) , 
runs/online-linearization-20261004/leaves/types-v1.lean:58: trailing whitespace.
+#check (∀ (A : LinearPolicy (E := E)) (loss loss' : ℕ → E → EReal) (p : SupportPolicy (E := E)) (t : ℕ) (hloss : ∀ s < t, loss s = loss' s) , 
runs/online-linearization-20261004/leaves/types-v1.lean:61: trailing whitespace.
+#check (∀ (A : LinearPolicy (E := E)) (loss loss' : ℕ → E → EReal) (p : SupportPolicy (E := E)) (t : ℕ) (hloss : ∀ s < t, loss s = loss' s) , 
runs/online-linearization-20261004/leaves/types-v1.lean:64: trailing whitespace.
+#check (∀ (V : Domain (E := E)) (A : LinearPolicy (E := E)) (hA : Feasible V A) (loss : ℕ → E → EReal) (p : SupportPolicy (E := E)) (hp : BanditRL.OnlineSubgradientPolicy.OracleLaw V p) (T : ℕ) (hloss : ∀ t < T, BanditRL.OnlineSubgradientDescent.SubdifferentiableOn V (loss t)) , 
runs/online-linearization-20261004/leaves/types-v1.lean:67: trailing whitespace.
+#check (∀ (V : Domain (E := E)) (A : LinearPolicy (E := E)) (hA : Feasible V A) (loss : ℕ → E → EReal) (T : ℕ) (hloss : ∀ t < T, BanditRL.OnlineSubgradientDescent.SubdifferentiableOn V (loss t)) , 
runs/online-linearization-20261004/leaves/types-v1.lean:70: trailing whitespace.
+#check (∀ (V : Domain (E := E)) (A : LinearPolicy (E := E)) (hA : Feasible V A) (loss : ℕ → E → EReal) (p : SupportPolicy (E := E)) (T : ℕ) (hloss : ∀ t < T, BanditRL.OnlineSubgradientDescent.SubdifferentiableOn V (loss t)) (t : ℕ) (ht : t < T) , 
runs/online-linearization-20261004/leaves/types-v1.lean:73: trailing whitespace.
+#check (∀ (V : Domain (E := E)) (f : E → EReal) (hf : BanditRL.OnlineSubgradientDescent.SubdifferentiableOn V f) (x g u : E) (hu : u ∈ V.carrier) (hg : g ∈ SourceSubdifferential f x) , 
runs/online-linearization-20261004/leaves/types-v1.lean:76: trailing whitespace.
+#check (∀ (g x u : E) , 
runs/online-linearization-20261004/leaves/types-v1.lean:79: trailing whitespace.
+#check (∀ (V : Domain (E := E)) (A : LinearPolicy (E := E)) (loss : ℕ → E → EReal) (p : SupportPolicy (E := E)) (T : ℕ) (hloss : ∀ t < T, BanditRL.OnlineSubgradientDescent.SubdifferentiableOn V (loss t)) (hlegal : LegalFeedback A loss p T) (u : E) (hu : u ∈ V.carrier) , 
runs/online-linearization-20261004/leaves/types-v1.lean:82: trailing whitespace.
+#check (∀ (V : Domain (E := E)) (A : LinearPolicy (E := E)) (loss : ℕ → E → EReal) (p : SupportPolicy (E := E)) (T : ℕ) (hloss : ∀ t < T, BanditRL.OnlineSubgradientDescent.SubdifferentiableOn V (loss t)) (hlegal : LegalFeedback A loss p T) (B : (ℕ → E) → E → ℕ → ℝ) (hB : ∀ g u, u ∈ V.carrier → BanditRL.OnlineLearning.comparatorRegret (fun t => linearLoss (g t)) (linearRun A g) u T ≤ B g u T) (u : E) (hu : u ∈ V.carrier) , 
runs/online-linearization-20261004/leaves/types-v1.lean:85: trailing whitespace.
+#check (∀ (V : Domain (E := E)) (A : LinearPolicy (E := E)) (hA : Feasible V A) (loss : ℕ → E → EReal) (T : ℕ) (hloss : ∀ t < T, BanditRL.OnlineSubgradientDescent.SubdifferentiableOn V (loss t)) (u : E) (hu : u ∈ V.carrier) , 
runs/online-linearization-20261004/repo-audit.log:32: new blank line at EOF.
runs/online-linearization-20261004/root-01.log:495: trailing whitespace.
+  
runs/online-linearization-20261004/root-01.log:497: trailing whitespace.
+    
runs/online-linearization-20261004/root-01.log:646: trailing whitespace.
+  
runs/online-linearization-20261004/root-01.log:648: trailing whitespace.
+    
runs/online-linearization-20261004/root-01.log:834: trailing whitespace.
+  
runs/online-linearization-20261004/root-01.log:836: trailing whitespace.
+    
runs/online-linearization-20261004/root-01.log:876: trailing whitespace.
+  
runs/online-linearization-20261004/root-01.log:878: trailing whitespace.
+    
runs/online-linearization-20261004/root-01.log:1706: trailing whitespace.
+  
runs/online-linearization-20261004/root-01.log:1708: trailing whitespace.
+    
runs/online-linearization-20261004/root-01.log:1713: trailing whitespace.
+  
runs/online-linearization-20261004/root-01.log:1715: trailing whitespace.
+    
runs/online-linearization-20261004/root-01.log:1748: trailing whitespace.
+  
runs/online-linearization-20261004/root-01.log:1750: trailing whitespace.
+    
runs/online-linearization-20261004/root-01.log:1799: trailing whitespace.
+  
runs/online-linearization-20261004/root-01.log:1801: trailing whitespace.
+    
runs/online-linearization-20261004/tests-01.log:1310: trailing whitespace.
+  
runs/online-linearization-20261004/tests-01.log:1312: trailing whitespace.
+    
runs/online-linearization-20261004/tests-01.log:1317: trailing whitespace.
+  
runs/online-linearization-20261004/tests-01.log:1319: trailing whitespace.
+    
runs/online-linearization-20261004/tests-01.log:1480: trailing whitespace.
+  
runs/online-linearization-20261004/tests-01.log:1482: trailing whitespace.
+    
runs/online-linearization-20261004/tests-01.log:1631: trailing whitespace.
+  
runs/online-linearization-20261004/tests-01.log:1633: trailing whitespace.
+    
runs/online-linearization-20261004/tests-01.log:1802: trailing whitespace.
+  
runs/online-linearization-20261004/tests-01.log:1804: trailing whitespace.
+    
runs/online-linearization-20261004/tests-01.log:1844: trailing whitespace.
+  
runs/online-linearization-20261004/tests-01.log:1846: trailing whitespace.
+    
runs/online-linearization-20261004/tests-01.log:2339: trailing whitespace.
+  
runs/online-linearization-20261004/tests-01.log:2341: trailing whitespace.
+    
runs/online-linearization-20261004/tests-01.log:2390: trailing whitespace.
+  
runs/online-linearization-20261004/tests-01.log:2392: trailing whitespace.
+    
runs/online-linearization-20261004/tests-01.log:6740: trailing whitespace.
+  
runs/online-linearization-20261004/tests-01.log:6742: trailing whitespace.
+    
