{
  "time": "2026-10-04T10:35:50+00:00",
  "task": "ONLINE-LINEARIZATION-20261004",
  "role": "upper",
  "kind": "plan",
  "status": "queued",
  "notes": "18 actual frozen Prop headers/context typechecked; source review pending, no theorem body compilation; universal linear performance transfer at same generated trajectory.",
  "lean": "",
  "source": "ONLINE-LINEARIZATION-ORABONA-V10-S2.3",
  "run_id": "online-linearization-20261004",
  "changed_files": [
    "docs/contracts/online-linearization-v1/context.lean.txt"
  ],
  "statement_hash": "",
  "parent_id": "",
  "route_fingerprint": "causal-finite-support-history-regret-reduction",
  "verifier_evidence": [],
  "harness": "",
  "experiment_id": "",
  "target_fingerprint": "",
  "route_packet_hash": "",
  "attempt_id": "",
  "worker_id": "",
  "progress_class": "unreviewed",
  "reviewer_validated": false,
  "obligations_before": 0,
  "obligations_after": 0,
  "new_declarations": [],
  "reused_declarations": [],
  "dag_nodes": 0,
  "dag_depth": 0,
  "elapsed_seconds": 0.0,
  "lean_check_seconds": 0.0,
  "prompt_chars": 0,
  "input_tokens": 0,
  "output_tokens": 0,
  "error_signature": ""
}
