BanditRL.OnlineLinearization.Domain.{u_1} {E : Type u_1} [NormedAddCommGroup E] [InnerProductSpace ℝ E] : Type u_1
'BanditRL.OnlineLinearization.Domain' depends on axioms: [propext, Classical.choice, Quot.sound]
BanditRL.OnlineLinearization.LinearPolicy.{u_1} {E : Type u_1} : Type u_1
'BanditRL.OnlineLinearization.LinearPolicy' does not depend on any axioms
BanditRL.OnlineLinearization.SupportPolicy.{u_1} {E : Type u_1} : Type u_1
'BanditRL.OnlineLinearization.SupportPolicy' depends on axioms: [propext, Classical.choice, Quot.sound]
BanditRL.OnlineLinearization.Feasible.{u_1} {E : Type u_1} [NormedAddCommGroup E] [InnerProductSpace ℝ E]
  (V : BanditRL.OnlineLinearization.Domain) (A : BanditRL.OnlineLinearization.LinearPolicy) : Prop
'BanditRL.OnlineLinearization.Feasible' depends on axioms: [propext, Classical.choice, Quot.sound]
BanditRL.OnlineLinearization.outputHistory.{u_1} {E : Type u_1} (A : BanditRL.OnlineLinearization.LinearPolicy) {t : ℕ}
  (h : Fin t → E) : Fin (t + 1) → E
'BanditRL.OnlineLinearization.outputHistory' depends on axioms: [propext, Quot.sound]
BanditRL.OnlineLinearization.history.{u_1} {E : Type u_1} (A : BanditRL.OnlineLinearization.LinearPolicy)
  (loss : ℕ → E → EReal) (p : BanditRL.OnlineLinearization.SupportPolicy) (t : ℕ) : Fin t → E
'BanditRL.OnlineLinearization.history' depends on axioms: [propext, Classical.choice, Quot.sound]
BanditRL.OnlineLinearization.output.{u_1} {E : Type u_1} (A : BanditRL.OnlineLinearization.LinearPolicy)
  (loss : ℕ → E → EReal) (p : BanditRL.OnlineLinearization.SupportPolicy) (t : ℕ) : E
'BanditRL.OnlineLinearization.output' depends on axioms: [propext, Classical.choice, Quot.sound]
BanditRL.OnlineLinearization.selected.{u_1} {E : Type u_1} (A : BanditRL.OnlineLinearization.LinearPolicy)
  (loss : ℕ → E → EReal) (p : BanditRL.OnlineLinearization.SupportPolicy) (t : ℕ) : E
'BanditRL.OnlineLinearization.selected' depends on axioms: [propext, Classical.choice, Quot.sound]
BanditRL.OnlineLinearization.LegalFeedback.{u_1} {E : Type u_1} [NormedAddCommGroup E] [InnerProductSpace ℝ E]
  (A : BanditRL.OnlineLinearization.LinearPolicy) (loss : ℕ → E → EReal)
  (p : BanditRL.OnlineLinearization.SupportPolicy) (T : ℕ) : Prop
'BanditRL.OnlineLinearization.LegalFeedback' depends on axioms: [propext, Classical.choice, Quot.sound]
BanditRL.OnlineLinearization.linearRun.{u_1} {E : Type u_1} (A : BanditRL.OnlineLinearization.LinearPolicy) (g : ℕ → E)
  (t : ℕ) : E
'BanditRL.OnlineLinearization.linearRun' does not depend on any axioms
BanditRL.OnlineLinearization.linearLoss.{u_1} {E : Type u_1} [NormedAddCommGroup E] [InnerProductSpace ℝ E] (g x : E) :
  ℝ
'BanditRL.OnlineLinearization.linearLoss' depends on axioms: [propext, Classical.choice, Quot.sound]
BanditRL.OnlineLinearization.regret.{u_1} {E : Type u_1} (A : BanditRL.OnlineLinearization.LinearPolicy)
  (loss : ℕ → E → EReal) (p : BanditRL.OnlineLinearization.SupportPolicy) (u : E) (T : ℕ) : ℝ
'BanditRL.OnlineLinearization.regret' depends on axioms: [propext, Classical.choice, Quot.sound]
BanditRL.OnlineLinearization.outputHistory_last.{u_1} {E : Type u_1} [NormedAddCommGroup E] [InnerProductSpace ℝ E]
  [FiniteDimensional ℝ E] (A : BanditRL.OnlineLinearization.LinearPolicy) (t : ℕ) (h : Fin t → E) :
  BanditRL.OnlineLinearization.outputHistory A h (Fin.last t) = A t h
'BanditRL.OnlineLinearization.outputHistory_last' depends on axioms: [propext, Classical.choice, Quot.sound]
BanditRL.OnlineLinearization.history_zero.{u_1} {E : Type u_1} [NormedAddCommGroup E] [InnerProductSpace ℝ E]
  [FiniteDimensional ℝ E] (A : BanditRL.OnlineLinearization.LinearPolicy) (loss : ℕ → E → EReal)
  (p : BanditRL.OnlineLinearization.SupportPolicy) : BanditRL.OnlineLinearization.history A loss p 0 = Fin.elim0
'BanditRL.OnlineLinearization.history_zero' depends on axioms: [propext, Classical.choice, Quot.sound]
BanditRL.OnlineLinearization.history_succ.{u_1} {E : Type u_1} [NormedAddCommGroup E] [InnerProductSpace ℝ E]
  [FiniteDimensional ℝ E] (A : BanditRL.OnlineLinearization.LinearPolicy) (loss : ℕ → E → EReal)
  (p : BanditRL.OnlineLinearization.SupportPolicy) (t : ℕ) :
  BanditRL.OnlineLinearization.history A loss p (t + 1) =
    Fin.snoc (BanditRL.OnlineLinearization.history A loss p t) (BanditRL.OnlineLinearization.selected A loss p t)
'BanditRL.OnlineLinearization.history_succ' depends on axioms: [propext, Classical.choice, Quot.sound]
BanditRL.OnlineLinearization.history_castSucc.{u_1} {E : Type u_1} [NormedAddCommGroup E] [InnerProductSpace ℝ E]
  [FiniteDimensional ℝ E] (A : BanditRL.OnlineLinearization.LinearPolicy) (loss : ℕ → E → EReal)
  (p : BanditRL.OnlineLinearization.SupportPolicy) (t : ℕ) (i : Fin t) :
  BanditRL.OnlineLinearization.history A loss p (t + 1) i.castSucc = BanditRL.OnlineLinearization.history A loss p t i
'BanditRL.OnlineLinearization.history_castSucc' depends on axioms: [propext, Classical.choice, Quot.sound]
BanditRL.OnlineLinearization.history_selected.{u_1} {E : Type u_1} [NormedAddCommGroup E] [InnerProductSpace ℝ E]
  [FiniteDimensional ℝ E] (A : BanditRL.OnlineLinearization.LinearPolicy) (loss : ℕ → E → EReal)
  (p : BanditRL.OnlineLinearization.SupportPolicy) (t : ℕ) (i : Fin t) :
  BanditRL.OnlineLinearization.history A loss p t i = BanditRL.OnlineLinearization.selected A loss p ↑i
'BanditRL.OnlineLinearization.history_selected' depends on axioms: [propext, Classical.choice, Quot.sound]
BanditRL.OnlineLinearization.output_linear_run.{u_1} {E : Type u_1} [NormedAddCommGroup E] [InnerProductSpace ℝ E]
  [FiniteDimensional ℝ E] (A : BanditRL.OnlineLinearization.LinearPolicy) (loss : ℕ → E → EReal)
  (p : BanditRL.OnlineLinearization.SupportPolicy) (t : ℕ) :
  BanditRL.OnlineLinearization.output A loss p t =
    BanditRL.OnlineLinearization.linearRun A (BanditRL.OnlineLinearization.selected A loss p) t
'BanditRL.OnlineLinearization.output_linear_run' depends on axioms: [propext, Classical.choice, Quot.sound]
BanditRL.OnlineLinearization.outputHistory_played.{u_1} {E : Type u_1} [NormedAddCommGroup E] [InnerProductSpace ℝ E]
  [FiniteDimensional ℝ E] (A : BanditRL.OnlineLinearization.LinearPolicy) (loss : ℕ → E → EReal)
  (p : BanditRL.OnlineLinearization.SupportPolicy) (t : ℕ) (i : Fin (t + 1)) :
  BanditRL.OnlineLinearization.outputHistory A (BanditRL.OnlineLinearization.history A loss p t) i =
    BanditRL.OnlineLinearization.output A loss p ↑i
'BanditRL.OnlineLinearization.outputHistory_played' depends on axioms: [propext, Classical.choice, Quot.sound]
BanditRL.OnlineLinearization.output_mem.{u_1} {E : Type u_1} [NormedAddCommGroup E] [InnerProductSpace ℝ E]
  [FiniteDimensional ℝ E] (V : BanditRL.OnlineLinearization.Domain) (A : BanditRL.OnlineLinearization.LinearPolicy)
  (hA : BanditRL.OnlineLinearization.Feasible V A) (loss : ℕ → E → EReal)
  (p : BanditRL.OnlineLinearization.SupportPolicy) (t : ℕ) : BanditRL.OnlineLinearization.output A loss p t ∈ V.carrier
'BanditRL.OnlineLinearization.output_mem' depends on axioms: [propext, Classical.choice, Quot.sound]
BanditRL.OnlineLinearization.history_prefix.{u_1} {E : Type u_1} [NormedAddCommGroup E] [InnerProductSpace ℝ E]
  [FiniteDimensional ℝ E] (A : BanditRL.OnlineLinearization.LinearPolicy) (loss loss' : ℕ → E → EReal)
  (p : BanditRL.OnlineLinearization.SupportPolicy) (t : ℕ) (hloss : ∀ s < t, loss s = loss' s) :
  BanditRL.OnlineLinearization.history A loss p t = BanditRL.OnlineLinearization.history A loss' p t
'BanditRL.OnlineLinearization.history_prefix' depends on axioms: [propext, Classical.choice, Quot.sound]
BanditRL.OnlineLinearization.output_prefix.{u_1} {E : Type u_1} [NormedAddCommGroup E] [InnerProductSpace ℝ E]
  [FiniteDimensional ℝ E] (A : BanditRL.OnlineLinearization.LinearPolicy) (loss loss' : ℕ → E → EReal)
  (p : BanditRL.OnlineLinearization.SupportPolicy) (t : ℕ) (hloss : ∀ s < t, loss s = loss' s) :
  BanditRL.OnlineLinearization.output A loss p t = BanditRL.OnlineLinearization.output A loss' p t
'BanditRL.OnlineLinearization.output_prefix' depends on axioms: [propext, Classical.choice, Quot.sound]
BanditRL.OnlineLinearization.oracle_feedback.{u_1} {E : Type u_1} [NormedAddCommGroup E] [InnerProductSpace ℝ E]
  [FiniteDimensional ℝ E] (V : BanditRL.OnlineLinearization.Domain) (A : BanditRL.OnlineLinearization.LinearPolicy)
  (hA : BanditRL.OnlineLinearization.Feasible V A) (loss : ℕ → E → EReal)
  (p : BanditRL.OnlineLinearization.SupportPolicy) (hp : BanditRL.OnlineSubgradientPolicy.OracleLaw V p) (T : ℕ)
  (hloss : ∀ t < T, BanditRL.OnlineSubgradientDescent.SubdifferentiableOn V (loss t)) :
  BanditRL.OnlineLinearization.LegalFeedback A loss p T
'BanditRL.OnlineLinearization.oracle_feedback' depends on axioms: [propext, Classical.choice, Quot.sound]
BanditRL.OnlineLinearization.canonical_feedback.{u_1} {E : Type u_1} [NormedAddCommGroup E] [InnerProductSpace ℝ E]
  [FiniteDimensional ℝ E] (V : BanditRL.OnlineLinearization.Domain) (A : BanditRL.OnlineLinearization.LinearPolicy)
  (hA : BanditRL.OnlineLinearization.Feasible V A) (loss : ℕ → E → EReal) (T : ℕ)
  (hloss : ∀ t < T, BanditRL.OnlineSubgradientDescent.SubdifferentiableOn V (loss t)) :
  BanditRL.OnlineLinearization.LegalFeedback A loss BanditRL.OnlineSubgradientPolicy.canonicalPolicy T
'BanditRL.OnlineLinearization.canonical_feedback' depends on axioms: [propext, Classical.choice, Quot.sound]
BanditRL.OnlineLinearization.trajectory_finite_loss.{u_1} {E : Type u_1} [NormedAddCommGroup E] [InnerProductSpace ℝ E]
  [FiniteDimensional ℝ E] (V : BanditRL.OnlineLinearization.Domain) (A : BanditRL.OnlineLinearization.LinearPolicy)
  (hA : BanditRL.OnlineLinearization.Feasible V A) (loss : ℕ → E → EReal)
  (p : BanditRL.OnlineLinearization.SupportPolicy) (T : ℕ)
  (hloss : ∀ t < T, BanditRL.OnlineSubgradientDescent.SubdifferentiableOn V (loss t)) (t : ℕ) (ht : t < T) :
  loss t (BanditRL.OnlineLinearization.output A loss p t) =
    ↑(loss t (BanditRL.OnlineLinearization.output A loss p t)).toReal
'BanditRL.OnlineLinearization.trajectory_finite_loss' depends on axioms: [propext, Classical.choice, Quot.sound]
BanditRL.OnlineLinearization.support_gap.{u_1} {E : Type u_1} [NormedAddCommGroup E] [InnerProductSpace ℝ E]
  [FiniteDimensional ℝ E] (V : BanditRL.OnlineLinearization.Domain) (f : E → EReal)
  (hf : BanditRL.OnlineSubgradientDescent.SubdifferentiableOn V f) (x g u : E) (hu : u ∈ V.carrier)
  (hg : g ∈ BanditRL.OnlineConvex.SourceSubdifferential f x) : (f x).toReal - (f u).toReal ≤ inner ℝ g (x - u)
'BanditRL.OnlineLinearization.support_gap' depends on axioms: [propext, Classical.choice, Quot.sound]
BanditRL.OnlineLinearization.linearLoss_gap.{u_1} {E : Type u_1} [NormedAddCommGroup E] [InnerProductSpace ℝ E]
  [FiniteDimensional ℝ E] (g x u : E) :
  BanditRL.OnlineLinearization.linearLoss g x - BanditRL.OnlineLinearization.linearLoss g u = inner ℝ g (x - u)
'BanditRL.OnlineLinearization.linearLoss_gap' depends on axioms: [propext, Classical.choice, Quot.sound]
BanditRL.OnlineLinearization.regret_comparison.{u_1} {E : Type u_1} [NormedAddCommGroup E] [InnerProductSpace ℝ E]
  [FiniteDimensional ℝ E] (V : BanditRL.OnlineLinearization.Domain) (A : BanditRL.OnlineLinearization.LinearPolicy)
  (loss : ℕ → E → EReal) (p : BanditRL.OnlineLinearization.SupportPolicy) (T : ℕ)
  (hloss : ∀ t < T, BanditRL.OnlineSubgradientDescent.SubdifferentiableOn V (loss t))
  (hlegal : BanditRL.OnlineLinearization.LegalFeedback A loss p T) (u : E) (hu : u ∈ V.carrier) :
  BanditRL.OnlineLinearization.regret A loss p u T ≤
    BanditRL.OnlineLearning.comparatorRegret
      (fun t => BanditRL.OnlineLinearization.linearLoss (BanditRL.OnlineLinearization.selected A loss p t))
      (BanditRL.OnlineLinearization.linearRun A (BanditRL.OnlineLinearization.selected A loss p)) u T
'BanditRL.OnlineLinearization.regret_comparison' depends on axioms: [propext, Classical.choice, Quot.sound]
BanditRL.OnlineLinearization.regret_transfer.{u_1} {E : Type u_1} [NormedAddCommGroup E] [InnerProductSpace ℝ E]
  [FiniteDimensional ℝ E] (V : BanditRL.OnlineLinearization.Domain) (A : BanditRL.OnlineLinearization.LinearPolicy)
  (loss : ℕ → E → EReal) (p : BanditRL.OnlineLinearization.SupportPolicy) (T : ℕ)
  (hloss : ∀ t < T, BanditRL.OnlineSubgradientDescent.SubdifferentiableOn V (loss t))
  (hlegal : BanditRL.OnlineLinearization.LegalFeedback A loss p T) (B : (ℕ → E) → E → ℕ → ℝ)
  (hB :
    ∀ (g : ℕ → E),
      ∀ u ∈ V.carrier,
        BanditRL.OnlineLearning.comparatorRegret (fun t => BanditRL.OnlineLinearization.linearLoss (g t))
            (BanditRL.OnlineLinearization.linearRun A g) u T ≤
          B g u T)
  (u : E) (hu : u ∈ V.carrier) :
  BanditRL.OnlineLinearization.regret A loss p u T ≤ B (BanditRL.OnlineLinearization.selected A loss p) u T
'BanditRL.OnlineLinearization.regret_transfer' depends on axioms: [propext, Classical.choice, Quot.sound]
BanditRL.OnlineLinearization.canonical_regret_comparison.{u_1} {E : Type u_1} [NormedAddCommGroup E]
  [InnerProductSpace ℝ E] [FiniteDimensional ℝ E] (V : BanditRL.OnlineLinearization.Domain)
  (A : BanditRL.OnlineLinearization.LinearPolicy) (hA : BanditRL.OnlineLinearization.Feasible V A)
  (loss : ℕ → E → EReal) (T : ℕ) (hloss : ∀ t < T, BanditRL.OnlineSubgradientDescent.SubdifferentiableOn V (loss t))
  (u : E) (hu : u ∈ V.carrier) :
  BanditRL.OnlineLinearization.regret A loss BanditRL.OnlineSubgradientPolicy.canonicalPolicy u T ≤
    BanditRL.OnlineLearning.comparatorRegret
      (fun t =>
        BanditRL.OnlineLinearization.linearLoss
          (BanditRL.OnlineLinearization.selected A loss BanditRL.OnlineSubgradientPolicy.canonicalPolicy t))
      (BanditRL.OnlineLinearization.linearRun A
        (BanditRL.OnlineLinearization.selected A loss BanditRL.OnlineSubgradientPolicy.canonicalPolicy))
      u T
'BanditRL.OnlineLinearization.canonical_regret_comparison' depends on axioms: [propext, Classical.choice, Quot.sound]
LinearizationProbe.V : BanditRL.OnlineLinearization.Domain
'LinearizationProbe.V' depends on axioms: [propext, Classical.choice, Quot.sound]
LinearizationProbe.learner : BanditRL.OnlineLinearization.LinearPolicy
'LinearizationProbe.learner' depends on axioms: [propext, Classical.choice, Quot.sound]
LinearizationProbe.quadratic (x : ℝ) : EReal
'LinearizationProbe.quadratic' depends on axioms: [propext, Classical.choice, Quot.sound]
LinearizationProbe.affine (x : ℝ) : EReal
'LinearizationProbe.affine' depends on axioms: [propext, Classical.choice, Quot.sound]
LinearizationProbe.losses (t : ℕ) : ℝ → EReal
'LinearizationProbe.losses' depends on axioms: [propext, Classical.choice, Quot.sound]
LinearizationProbe.policy : BanditRL.OnlineLinearization.SupportPolicy
'LinearizationProbe.policy' depends on axioms: [propext, Classical.choice, Quot.sound]
LinearizationProbe.x (t : ℕ) : ℝ
'LinearizationProbe.x' depends on axioms: [propext, Classical.choice, Quot.sound]
LinearizationProbe.g (t : ℕ) : ℝ
'LinearizationProbe.g' depends on axioms: [propext, Classical.choice, Quot.sound]
LinearizationProbe.learner_feasible :
  BanditRL.OnlineLinearization.Feasible LinearizationProbe.V LinearizationProbe.learner
'LinearizationProbe.learner_feasible' depends on axioms: [propext, Classical.choice, Quot.sound]
LinearizationProbe.quadratic_support (z : ℝ) :
  z - 1 ∈ BanditRL.OnlineConvex.SourceSubdifferential LinearizationProbe.quadratic z
'LinearizationProbe.quadratic_support' depends on axioms: [propext, Classical.choice, Quot.sound]
LinearizationProbe.affine_support (z : ℝ) : 1 ∈ BanditRL.OnlineConvex.SourceSubdifferential LinearizationProbe.affine z
'LinearizationProbe.affine_support' depends on axioms: [propext, Classical.choice, Quot.sound]
LinearizationProbe.quadratic_on :
  BanditRL.OnlineSubgradientDescent.SubdifferentiableOn LinearizationProbe.V LinearizationProbe.quadratic
'LinearizationProbe.quadratic_on' depends on axioms: [propext, Classical.choice, Quot.sound]
LinearizationProbe.affine_on :
  BanditRL.OnlineSubgradientDescent.SubdifferentiableOn LinearizationProbe.V LinearizationProbe.affine
'LinearizationProbe.affine_on' depends on axioms: [propext, Classical.choice, Quot.sound]
LinearizationProbe.losses_on (t : ℕ) :
  BanditRL.OnlineSubgradientDescent.SubdifferentiableOn LinearizationProbe.V (LinearizationProbe.losses t)
'LinearizationProbe.losses_on' depends on axioms: [propext, Classical.choice, Quot.sound]
LinearizationProbe.x_zero : LinearizationProbe.x 0 = 0
'LinearizationProbe.x_zero' depends on axioms: [propext, Classical.choice, Quot.sound]
LinearizationProbe.g_zero : LinearizationProbe.g 0 = -1
'LinearizationProbe.g_zero' depends on axioms: [propext, Classical.choice, Quot.sound]
LinearizationProbe.g_one : LinearizationProbe.g 1 = 1
'LinearizationProbe.g_one' depends on axioms: [propext, Classical.choice, Quot.sound]
LinearizationProbe.x_one : LinearizationProbe.x 1 = 1
'LinearizationProbe.x_one' depends on axioms: [propext, Classical.choice, Quot.sound]
LinearizationProbe.x_two : LinearizationProbe.x 2 = 0
'LinearizationProbe.x_two' depends on axioms: [propext, Classical.choice, Quot.sound]
LinearizationProbe.feedback_two :
  BanditRL.OnlineLinearization.LegalFeedback LinearizationProbe.learner LinearizationProbe.losses
    LinearizationProbe.policy 2
'LinearizationProbe.feedback_two' depends on axioms: [propext, Classical.choice, Quot.sound]
LinearizationProbe.actual_same_linear_run :
  LinearizationProbe.x 1 = BanditRL.OnlineLinearization.linearRun LinearizationProbe.learner LinearizationProbe.g 1
'LinearizationProbe.actual_same_linear_run' depends on axioms: [propext, Classical.choice, Quot.sound]
LinearizationProbe.actual_convex_regret :
  BanditRL.OnlineLinearization.regret LinearizationProbe.learner LinearizationProbe.losses LinearizationProbe.policy 1
      2 =
    1 / 2
'LinearizationProbe.actual_convex_regret' depends on axioms: [propext, Classical.choice, Quot.sound]
LinearizationProbe.actual_linear_regret :
  BanditRL.OnlineLearning.comparatorRegret (fun t => BanditRL.OnlineLinearization.linearLoss (LinearizationProbe.g t))
      (BanditRL.OnlineLinearization.linearRun LinearizationProbe.learner LinearizationProbe.g) 1 2 =
    1
'LinearizationProbe.actual_linear_regret' depends on axioms: [propext, Classical.choice, Quot.sound]
LinearizationProbe.actual_public_comparison :
  BanditRL.OnlineLinearization.regret LinearizationProbe.learner LinearizationProbe.losses LinearizationProbe.policy 1
      2 ≤
    BanditRL.OnlineLearning.comparatorRegret (fun t => BanditRL.OnlineLinearization.linearLoss (LinearizationProbe.g t))
      (BanditRL.OnlineLinearization.linearRun LinearizationProbe.learner LinearizationProbe.g) 1 2
'LinearizationProbe.actual_public_comparison' depends on axioms: [propext, Classical.choice, Quot.sound]
LinearizationProbe.actual_strict_slack :
  BanditRL.OnlineLinearization.regret LinearizationProbe.learner LinearizationProbe.losses LinearizationProbe.policy 1
      2 <
    BanditRL.OnlineLearning.comparatorRegret (fun t => BanditRL.OnlineLinearization.linearLoss (LinearizationProbe.g t))
      (BanditRL.OnlineLinearization.linearRun LinearizationProbe.learner LinearizationProbe.g) 1 2
'LinearizationProbe.actual_strict_slack' depends on axioms: [propext, Classical.choice, Quot.sound]
LinearizationProbe.bound (v : ℕ → ℝ) (u : ℝ) (T : ℕ) : ℝ
'LinearizationProbe.bound' depends on axioms: [propext, Classical.choice, Quot.sound]
LinearizationProbe.universal_two (v : ℕ → ℝ) (u : ℝ) :
  BanditRL.OnlineLearning.comparatorRegret (fun t => BanditRL.OnlineLinearization.linearLoss (v t))
      (BanditRL.OnlineLinearization.linearRun LinearizationProbe.learner v) u 2 =
    LinearizationProbe.bound v u 2
'LinearizationProbe.universal_two' depends on axioms: [propext, Classical.choice, Quot.sound]
LinearizationProbe.actual_public_transfer :
  BanditRL.OnlineLinearization.regret LinearizationProbe.learner LinearizationProbe.losses LinearizationProbe.policy 1
      2 ≤
    LinearizationProbe.bound LinearizationProbe.g 1 2
'LinearizationProbe.actual_public_transfer' depends on axioms: [propext, Classical.choice, Quot.sound]
LinearizationProbe.actual_bound_value : LinearizationProbe.bound LinearizationProbe.g 1 2 = 1
'LinearizationProbe.actual_bound_value' depends on axioms: [propext, Classical.choice, Quot.sound]
LinearizationProbe.nonzero_energy : ∑ t ∈ Finset.range 2, LinearizationProbe.g t ^ 2 = 2
'LinearizationProbe.nonzero_energy' depends on axioms: [propext, Classical.choice, Quot.sound]
LinearizationProbe.positive_terminal : ‖LinearizationProbe.x 2 - 1‖ ^ 2 = 1
'LinearizationProbe.positive_terminal' depends on axioms: [propext, Classical.choice, Quot.sound]
LinearizationProbe.canonical_producer_instance :
  BanditRL.OnlineLinearization.regret LinearizationProbe.learner LinearizationProbe.losses
      BanditRL.OnlineSubgradientPolicy.canonicalPolicy 1 2 ≤
    BanditRL.OnlineLearning.comparatorRegret
      (fun t =>
        BanditRL.OnlineLinearization.linearLoss
          (BanditRL.OnlineLinearization.selected LinearizationProbe.learner LinearizationProbe.losses
            BanditRL.OnlineSubgradientPolicy.canonicalPolicy t))
      (BanditRL.OnlineLinearization.linearRun LinearizationProbe.learner
        (BanditRL.OnlineLinearization.selected LinearizationProbe.learner LinearizationProbe.losses
          BanditRL.OnlineSubgradientPolicy.canonicalPolicy))
      1 2
'LinearizationProbe.canonical_producer_instance' depends on axioms: [propext, Classical.choice, Quot.sound]
LinearizationProbe.invalid_future (t : ℕ) : ℝ → EReal
'LinearizationProbe.invalid_future' depends on axioms: [propext, Classical.choice, Quot.sound]
LinearizationProbe.current_and_future_do_not_change_output :
  BanditRL.OnlineLinearization.output LinearizationProbe.learner LinearizationProbe.invalid_future
      LinearizationProbe.policy 1 =
    1
'LinearizationProbe.current_and_future_do_not_change_output' depends on axioms: [propext, Classical.choice, Quot.sound]
LinearizationProbe.zero_horizon_actual_comparison :
  BanditRL.OnlineLinearization.regret LinearizationProbe.learner LinearizationProbe.losses LinearizationProbe.policy 1
      0 ≤
    BanditRL.OnlineLearning.comparatorRegret (fun t => BanditRL.OnlineLinearization.linearLoss (LinearizationProbe.g t))
      (BanditRL.OnlineLinearization.linearRun LinearizationProbe.learner LinearizationProbe.g) 1 0
'LinearizationProbe.zero_horizon_actual_comparison' depends on axioms: [propext, Classical.choice, Quot.sound]
