SITE CHECK PASSED
- HTML pages: 939
- modules: 836
- declarations: 10751
- highlights: 275
- milestones: 97
- textbook crosswalks: 38
- source theorem restatements: 71
- BanditRLwiki settings/cases/papers: 7/13/19
- BanditRLwiki theorem surfaces: 27
- BanditRLwiki literature-open/formalization-open cases: 0/13
- BanditRLwiki named formalization leaves: 36
- BanditRLwiki active source-frozen ports: 2
- Live Formalization mappings: 275
- Mermaid blocks: 19
- Lean source links: 11912
- internal links and anchors: valid
- README relative links: valid
- MathJax loader and readable mathematical fallbacks: valid
- GitHub Pages workflow: complete
