warning: in the working copy of 'research-wiki/contribution-contracts/ONLINE-LINEARIZATION-20261004.json', LF will be replaced by CRLF the next time Git touches it
warning: in the working copy of 'runs/trials.jsonl', LF will be replaced by CRLF the next time Git touches it
warning: in the working copy of 'runs/online-linearization-20261004/body-native-trial-exit.json', LF will be replaced by CRLF the next time Git touches it
warning: in the working copy of 'runs/online-linearization-20261004/body-reviewed-native-trial-exit.json', LF will be replaced by CRLF the next time Git touches it
warning: in the working copy of 'runs/online-linearization-20261004/book-author-01-exit.json', LF will be replaced by CRLF the next time Git touches it
warning: in the working copy of 'runs/online-linearization-20261004/canary-01-exit.json', LF will be replaced by CRLF the next time Git touches it
warning: in the working copy of 'runs/online-linearization-20261004/canary-01.log', LF will be replaced by CRLF the next time Git touches it
warning: in the working copy of 'runs/online-linearization-20261004/canary-02-exit.json', LF will be replaced by CRLF the next time Git touches it
warning: in the working copy of 'runs/online-linearization-20261004/canary-focused-01-exit.json', LF will be replaced by CRLF the next time Git touches it
warning: in the working copy of 'runs/online-linearization-20261004/canary-focused-01.log', LF will be replaced by CRLF the next time Git touches it
warning: in the working copy of 'runs/online-linearization-20261004/candidate-frontier-exit.json', LF will be replaced by CRLF the next time Git touches it
warning: in the working copy of 'runs/online-linearization-20261004/candidate-lifecycle-exit.json', LF will be replaced by CRLF the next time Git touches it
warning: in the working copy of 'runs/online-linearization-20261004/candidate-shadow-exit.json', LF will be replaced by CRLF the next time Git touches it
warning: in the working copy of 'runs/online-linearization-20261004/compiled-dependencies.json', LF will be replaced by CRLF the next time Git touches it
warning: in the working copy of 'runs/online-linearization-20261004/contributor-exact-base-01-exit.json', LF will be replaced by CRLF the next time Git touches it
warning: in the working copy of 'runs/online-linearization-20261004/contributor-exact-base-02-exit.json', LF will be replaced by CRLF the next time Git touches it
warning: in the working copy of 'runs/online-linearization-20261004/full-harness-01-exit.json', LF will be replaced by CRLF the next time Git touches it
warning: in the working copy of 'runs/online-linearization-20261004/full-harness-01.log', LF will be replaced by CRLF the next time Git touches it
warning: in the working copy of 'runs/online-linearization-20261004/full-harness-02-exit.json', LF will be replaced by CRLF the next time Git touches it
warning: in the working copy of 'runs/online-linearization-20261004/full-harness-02.log', LF will be replaced by CRLF the next time Git touches it
warning: in the working copy of 'runs/online-linearization-20261004/graph-verify-01-exit.json', LF will be replaced by CRLF the next time Git touches it
warning: in the working copy of 'runs/online-linearization-20261004/help-contributor-exit.json', LF will be replaced by CRLF the next time Git touches it
warning: in the working copy of 'runs/online-linearization-20261004/help-shadow-exit.json', LF will be replaced by CRLF the next time Git touches it
warning: in the working copy of 'runs/online-linearization-20261004/help-site-build-exit.json', LF will be replaced by CRLF the next time Git touches it
warning: in the working copy of 'runs/online-linearization-20261004/help-site-check-exit.json', LF will be replaced by CRLF the next time Git touches it
warning: in the working copy of 'runs/online-linearization-20261004/leaves/canary-01.lean', LF will be replaced by CRLF the next time Git touches it
warning: in the working copy of 'runs/online-linearization-20261004/leaves/index-v2-build_site.py', LF will be replaced by CRLF the next time Git touches it
warning: in the working copy of 'runs/online-linearization-20261004/leaves/index-v2-check_site.py', LF will be replaced by CRLF the next time Git touches it
warning: in the working copy of 'runs/online-linearization-20261004/leaves/performance-01.lean', LF will be replaced by CRLF the next time Git touches it
warning: in the working copy of 'runs/online-linearization-20261004/leaves/public-names-axioms.lean', LF will be replaced by CRLF the next time Git touches it
warning: in the working copy of 'runs/online-linearization-20261004/leaves/structural-01.lean', LF will be replaced by CRLF the next time Git touches it
warning: in the working copy of 'runs/online-linearization-20261004/official-site-build-01-exit.json', LF will be replaced by CRLF the next time Git touches it
warning: in the working copy of 'runs/online-linearization-20261004/official-site-check-01-exit.json', LF will be replaced by CRLF the next time Git touches it
warning: in the working copy of 'runs/online-linearization-20261004/performance-01-exit.json', LF will be replaced by CRLF the next time Git touches it
warning: in the working copy of 'runs/online-linearization-20261004/performance-01.log', LF will be replaced by CRLF the next time Git touches it
warning: in the working copy of 'runs/online-linearization-20261004/proof-graph-01-exit.json', LF will be replaced by CRLF the next time Git touches it
warning: in the working copy of 'runs/online-linearization-20261004/public-axioms-01-exit.json', LF will be replaced by CRLF the next time Git touches it
warning: in the working copy of 'runs/online-linearization-20261004/public-axioms-01.log', LF will be replaced by CRLF the next time Git touches it
warning: in the working copy of 'runs/online-linearization-20261004/public-body-receipt.json', LF will be replaced by CRLF the next time Git touches it
warning: in the working copy of 'runs/online-linearization-20261004/public-body-review.md', LF will be replaced by CRLF the next time Git touches it
warning: in the working copy of 'runs/online-linearization-20261004/public-focused-01-exit.json', LF will be replaced by CRLF the next time Git touches it
warning: in the working copy of 'runs/online-linearization-20261004/public-focused-01.log', LF will be replaced by CRLF the next time Git touches it
warning: in the working copy of 'runs/online-linearization-20261004/public-guard-canonical_feedback-exit.json', LF will be replaced by CRLF the next time Git touches it
warning: in the working copy of 'runs/online-linearization-20261004/public-guard-canonical_regret_comparison-exit.json', LF will be replaced by CRLF the next time Git touches it
warning: in the working copy of 'runs/online-linearization-20261004/public-guard-history_castSucc-exit.json', LF will be replaced by CRLF the next time Git touches it
warning: in the working copy of 'runs/online-linearization-20261004/public-guard-history_prefix-exit.json', LF will be replaced by CRLF the next time Git touches it
warning: in the working copy of 'runs/online-linearization-20261004/public-guard-history_selected-exit.json', LF will be replaced by CRLF the next time Git touches it
warning: in the working copy of 'runs/online-linearization-20261004/public-guard-history_succ-exit.json', LF will be replaced by CRLF the next time Git touches it
warning: in the working copy of 'runs/online-linearization-20261004/public-guard-history_zero-exit.json', LF will be replaced by CRLF the next time Git touches it
warning: in the working copy of 'runs/online-linearization-20261004/public-guard-linearLoss_gap-exit.json', LF will be replaced by CRLF the next time Git touches it
warning: in the working copy of 'runs/online-linearization-20261004/public-guard-oracle_feedback-exit.json', LF will be replaced by CRLF the next time Git touches it
warning: in the working copy of 'runs/online-linearization-20261004/public-guard-outputHistory_last-exit.json', LF will be replaced by CRLF the next time Git touches it
warning: in the working copy of 'runs/online-linearization-20261004/public-guard-outputHistory_played-exit.json', LF will be replaced by CRLF the next time Git touches it
warning: in the working copy of 'runs/online-linearization-20261004/public-guard-output_linear_run-exit.json', LF will be replaced by CRLF the next time Git touches it
warning: in the working copy of 'runs/online-linearization-20261004/public-guard-output_mem-exit.json', LF will be replaced by CRLF the next time Git touches it
warning: in the working copy of 'runs/online-linearization-20261004/public-guard-output_prefix-exit.json', LF will be replaced by CRLF the next time Git touches it
warning: in the working copy of 'runs/online-linearization-20261004/public-guard-regret_comparison-exit.json', LF will be replaced by CRLF the next time Git touches it
warning: in the working copy of 'runs/online-linearization-20261004/public-guard-regret_transfer-exit.json', LF will be replaced by CRLF the next time Git touches it
warning: in the working copy of 'runs/online-linearization-20261004/public-guard-support_gap-exit.json', LF will be replaced by CRLF the next time Git touches it
warning: in the working copy of 'runs/online-linearization-20261004/public-guard-trajectory_finite_loss-exit.json', LF will be replaced by CRLF the next time Git touches it
warning: in the working copy of 'runs/online-linearization-20261004/retrieve-public-exit.json', LF will be replaced by CRLF the next time Git touches it
warning: in the working copy of 'runs/online-linearization-20261004/root-01-exit.json', LF will be replaced by CRLF the next time Git touches it
warning: in the working copy of 'runs/online-linearization-20261004/root-01.log', LF will be replaced by CRLF the next time Git touches it
warning: in the working copy of 'runs/online-linearization-20261004/search-js-syntax-01-exit.json', LF will be replaced by CRLF the next time Git touches it
warning: in the working copy of 'runs/online-linearization-20261004/search-schema3-audit-exit.json', LF will be replaced by CRLF the next time Git touches it
warning: in the working copy of 'runs/online-linearization-20261004/search-schema3-audit.log', LF will be replaced by CRLF the next time Git touches it
warning: in the working copy of 'runs/online-linearization-20261004/search-schema3-lossless-audit.json', LF will be replaced by CRLF the next time Git touches it
warning: in the working copy of 'runs/online-linearization-20261004/site-preview-build-01-exit.json', LF will be replaced by CRLF the next time Git touches it
warning: in the working copy of 'runs/online-linearization-20261004/site-preview-check-01-exit.json', LF will be replaced by CRLF the next time Git touches it
warning: in the working copy of 'runs/online-linearization-20261004/site-repair-build-02-exit.json', LF will be replaced by CRLF the next time Git touches it
warning: in the working copy of 'runs/online-linearization-20261004/site-repair-check-02-exit.json', LF will be replaced by CRLF the next time Git touches it
warning: in the working copy of 'runs/online-linearization-20261004/stage-production-exit.json', LF will be replaced by CRLF the next time Git touches it
warning: in the working copy of 'runs/online-linearization-20261004/stage-production.log', LF will be replaced by CRLF the next time Git touches it
warning: in the working copy of 'runs/online-linearization-20261004/stage-site-repair-exit.json', LF will be replaced by CRLF the next time Git touches it
warning: in the working copy of 'runs/online-linearization-20261004/stage-site-repair.log', LF will be replaced by CRLF the next time Git touches it
warning: in the working copy of 'runs/online-linearization-20261004/structural-01-exit.json', LF will be replaced by CRLF the next time Git touches it
warning: in the working copy of 'runs/online-linearization-20261004/structural-01.log', LF will be replaced by CRLF the next time Git touches it
warning: in the working copy of 'runs/online-linearization-20261004/structural-guard-history_castSucc-exit.json', LF will be replaced by CRLF the next time Git touches it
warning: in the working copy of 'runs/online-linearization-20261004/structural-guard-history_prefix-exit.json', LF will be replaced by CRLF the next time Git touches it
warning: in the working copy of 'runs/online-linearization-20261004/structural-guard-history_selected-exit.json', LF will be replaced by CRLF the next time Git touches it
warning: in the working copy of 'runs/online-linearization-20261004/structural-guard-history_succ-exit.json', LF will be replaced by CRLF the next time Git touches it
warning: in the working copy of 'runs/online-linearization-20261004/structural-guard-history_zero-exit.json', LF will be replaced by CRLF the next time Git touches it
warning: in the working copy of 'runs/online-linearization-20261004/structural-guard-outputHistory_last-exit.json', LF will be replaced by CRLF the next time Git touches it
warning: in the working copy of 'runs/online-linearization-20261004/structural-guard-outputHistory_played-exit.json', LF will be replaced by CRLF the next time Git touches it
warning: in the working copy of 'runs/online-linearization-20261004/structural-guard-output_linear_run-exit.json', LF will be replaced by CRLF the next time Git touches it
warning: in the working copy of 'runs/online-linearization-20261004/structural-guard-output_mem-exit.json', LF will be replaced by CRLF the next time Git touches it
warning: in the working copy of 'runs/online-linearization-20261004/structural-guard-output_prefix-exit.json', LF will be replaced by CRLF the next time Git touches it
warning: in the working copy of 'runs/online-linearization-20261004/structural-native-trial-exit.json', LF will be replaced by CRLF the next time Git touches it
warning: in the working copy of 'runs/online-linearization-20261004/tests-01-exit.json', LF will be replaced by CRLF the next time Git touches it
warning: in the working copy of 'runs/online-linearization-20261004/tests-01.log', LF will be replaced by CRLF the next time Git touches it
warning: in the working copy of 'runs/online-linearization-20261004/verify-search-schema3.js', LF will be replaced by CRLF the next time Git touches it
