{
  "time": "2026-10-04T10:47:16+00:00",
  "task": "ONLINE-LINEARIZATION-20261004",
  "role": "lower",
  "kind": "build",
  "status": "compiled",
  "notes": "Actual10structural theorem bodies kernel-compiled and actual-file nativefences unchanged; remaining8terminal/legality leaves unproved.",
  "lean": "runs\\online-linearization-20261004\\leaves\\structural-01.lean",
  "source": "",
  "run_id": "online-linearization-20261004",
  "changed_files": [],
  "statement_hash": "",
  "parent_id": "",
  "route_fingerprint": "",
  "verifier_evidence": [],
  "harness": "",
  "experiment_id": "",
  "target_fingerprint": "",
  "route_packet_hash": "",
  "attempt_id": "",
  "worker_id": "",
  "progress_class": "compiled-leaf",
  "reviewer_validated": false,
  "obligations_before": 18,
  "obligations_after": 8,
  "new_declarations": [],
  "reused_declarations": [],
  "dag_nodes": 0,
  "dag_depth": 0,
  "elapsed_seconds": 0.0,
  "lean_check_seconds": 0.0,
  "prompt_chars": 0,
  "input_tokens": 0,
  "output_tokens": 0,
  "error_signature": ""
}
