runs/online-linearization-20261004/leaves/structural-01.lean:34:0: warning: automatically included section variable(s) unused in theorem `BanditRL.OnlineLinearization.outputHistory_last`:
  [NormedAddCommGroup E]
  [InnerProductSpace ℝ E]
  [FiniteDimensional ℝ E]
consider restructuring your `variable` declarations so that the variables are not in scope or explicitly omit them:
  omit [NormedAddCommGroup E] [InnerProductSpace ℝ E] [FiniteDimensional ℝ E] in theorem ...

Note: This linter can be disabled with `set_option linter.unusedSectionVars false`
runs/online-linearization-20261004/leaves/structural-01.lean:38:0: warning: automatically included section variable(s) unused in theorem `BanditRL.OnlineLinearization.history_zero`:
  [NormedAddCommGroup E]
  [InnerProductSpace ℝ E]
  [FiniteDimensional ℝ E]
consider restructuring your `variable` declarations so that the variables are not in scope or explicitly omit them:
  omit [NormedAddCommGroup E] [InnerProductSpace ℝ E] [FiniteDimensional ℝ E] in theorem ...

Note: This linter can be disabled with `set_option linter.unusedSectionVars false`
runs/online-linearization-20261004/leaves/structural-01.lean:42:0: warning: automatically included section variable(s) unused in theorem `BanditRL.OnlineLinearization.history_succ`:
  [NormedAddCommGroup E]
  [InnerProductSpace ℝ E]
  [FiniteDimensional ℝ E]
consider restructuring your `variable` declarations so that the variables are not in scope or explicitly omit them:
  omit [NormedAddCommGroup E] [InnerProductSpace ℝ E] [FiniteDimensional ℝ E] in theorem ...

Note: This linter can be disabled with `set_option linter.unusedSectionVars false`
runs/online-linearization-20261004/leaves/structural-01.lean:74:0: warning: automatically included section variable(s) unused in theorem `BanditRL.OnlineLinearization.output_mem`:
  [FiniteDimensional ℝ E]
consider restructuring your `variable` declarations so that the variables are not in scope or explicitly omit them:
  omit [FiniteDimensional ℝ E] in theorem ...

Note: This linter can be disabled with `set_option linter.unusedSectionVars false`
