runs/online-osd-policy-20261004/full-harness-01.log:720: trailing whitespace.
+  
runs/online-osd-policy-20261004/full-harness-01.log:722: trailing whitespace.
+    
runs/online-osd-policy-20261004/full-harness-01.log:727: trailing whitespace.
+  
runs/online-osd-policy-20261004/full-harness-01.log:729: trailing whitespace.
+    
runs/online-osd-policy-20261004/full-harness-01.log:890: trailing whitespace.
+  
runs/online-osd-policy-20261004/full-harness-01.log:892: trailing whitespace.
+    
runs/online-osd-policy-20261004/full-harness-01.log:1041: trailing whitespace.
+  
runs/online-osd-policy-20261004/full-harness-01.log:1043: trailing whitespace.
+    
runs/online-osd-policy-20261004/full-harness-01.log:1212: trailing whitespace.
+  
runs/online-osd-policy-20261004/full-harness-01.log:1214: trailing whitespace.
+    
runs/online-osd-policy-20261004/full-harness-01.log:1254: trailing whitespace.
+  
runs/online-osd-policy-20261004/full-harness-01.log:1256: trailing whitespace.
+    
runs/online-osd-policy-20261004/full-harness-01.log:1749: trailing whitespace.
+  
runs/online-osd-policy-20261004/full-harness-01.log:1751: trailing whitespace.
+    
runs/online-osd-policy-20261004/full-harness-01.log:1800: trailing whitespace.
+  
runs/online-osd-policy-20261004/full-harness-01.log:1802: trailing whitespace.
+    
runs/online-osd-policy-20261004/full-harness-01.log:3545: trailing whitespace.
+  
runs/online-osd-policy-20261004/full-harness-01.log:3547: trailing whitespace.
+    
runs/online-osd-policy-20261004/full-harness-01.log:3552: trailing whitespace.
+  
runs/online-osd-policy-20261004/full-harness-01.log:3554: trailing whitespace.
+    
runs/online-osd-policy-20261004/full-harness-01.log:3715: trailing whitespace.
+  
runs/online-osd-policy-20261004/full-harness-01.log:3717: trailing whitespace.
+    
runs/online-osd-policy-20261004/full-harness-01.log:3866: trailing whitespace.
+  
runs/online-osd-policy-20261004/full-harness-01.log:3868: trailing whitespace.
+    
runs/online-osd-policy-20261004/full-harness-01.log:4037: trailing whitespace.
+  
runs/online-osd-policy-20261004/full-harness-01.log:4039: trailing whitespace.
+    
runs/online-osd-policy-20261004/full-harness-01.log:4079: trailing whitespace.
+  
runs/online-osd-policy-20261004/full-harness-01.log:4081: trailing whitespace.
+    
runs/online-osd-policy-20261004/full-harness-01.log:4574: trailing whitespace.
+  
runs/online-osd-policy-20261004/full-harness-01.log:4576: trailing whitespace.
+    
runs/online-osd-policy-20261004/full-harness-01.log:4625: trailing whitespace.
+  
runs/online-osd-policy-20261004/full-harness-01.log:4627: trailing whitespace.
+    
runs/online-osd-policy-20261004/full-harness-01.log:8938: trailing whitespace.
+  
runs/online-osd-policy-20261004/full-harness-01.log:8940: trailing whitespace.
+    
runs/online-osd-policy-20261004/full-harness-02.log:720: trailing whitespace.
+  
runs/online-osd-policy-20261004/full-harness-02.log:722: trailing whitespace.
+    
runs/online-osd-policy-20261004/full-harness-02.log:727: trailing whitespace.
+  
runs/online-osd-policy-20261004/full-harness-02.log:729: trailing whitespace.
+    
runs/online-osd-policy-20261004/full-harness-02.log:890: trailing whitespace.
+  
runs/online-osd-policy-20261004/full-harness-02.log:892: trailing whitespace.
+    
runs/online-osd-policy-20261004/full-harness-02.log:1041: trailing whitespace.
+  
runs/online-osd-policy-20261004/full-harness-02.log:1043: trailing whitespace.
+    
runs/online-osd-policy-20261004/full-harness-02.log:1212: trailing whitespace.
+  
runs/online-osd-policy-20261004/full-harness-02.log:1214: trailing whitespace.
+    
runs/online-osd-policy-20261004/full-harness-02.log:1254: trailing whitespace.
+  
runs/online-osd-policy-20261004/full-harness-02.log:1256: trailing whitespace.
+    
runs/online-osd-policy-20261004/full-harness-02.log:1749: trailing whitespace.
+  
runs/online-osd-policy-20261004/full-harness-02.log:1751: trailing whitespace.
+    
runs/online-osd-policy-20261004/full-harness-02.log:1800: trailing whitespace.
+  
runs/online-osd-policy-20261004/full-harness-02.log:1802: trailing whitespace.
+    
runs/online-osd-policy-20261004/full-harness-02.log:3545: trailing whitespace.
+  
runs/online-osd-policy-20261004/full-harness-02.log:3547: trailing whitespace.
+    
runs/online-osd-policy-20261004/full-harness-02.log:3552: trailing whitespace.
+  
runs/online-osd-policy-20261004/full-harness-02.log:3554: trailing whitespace.
+    
runs/online-osd-policy-20261004/full-harness-02.log:3715: trailing whitespace.
+  
runs/online-osd-policy-20261004/full-harness-02.log:3717: trailing whitespace.
+    
runs/online-osd-policy-20261004/full-harness-02.log:3866: trailing whitespace.
+  
runs/online-osd-policy-20261004/full-harness-02.log:3868: trailing whitespace.
+    
runs/online-osd-policy-20261004/full-harness-02.log:4037: trailing whitespace.
+  
runs/online-osd-policy-20261004/full-harness-02.log:4039: trailing whitespace.
+    
runs/online-osd-policy-20261004/full-harness-02.log:4079: trailing whitespace.
+  
runs/online-osd-policy-20261004/full-harness-02.log:4081: trailing whitespace.
+    
runs/online-osd-policy-20261004/full-harness-02.log:4574: trailing whitespace.
+  
runs/online-osd-policy-20261004/full-harness-02.log:4576: trailing whitespace.
+    
runs/online-osd-policy-20261004/full-harness-02.log:4625: trailing whitespace.
+  
runs/online-osd-policy-20261004/full-harness-02.log:4627: trailing whitespace.
+    
runs/online-osd-policy-20261004/full-harness-02.log:8938: trailing whitespace.
+  
runs/online-osd-policy-20261004/full-harness-02.log:8940: trailing whitespace.
+    
runs/online-osd-policy-20261004/full-harness-03.log:777: trailing whitespace.
+  
runs/online-osd-policy-20261004/full-harness-03.log:779: trailing whitespace.
+    
runs/online-osd-policy-20261004/full-harness-03.log:928: trailing whitespace.
+  
runs/online-osd-policy-20261004/full-harness-03.log:930: trailing whitespace.
+    
runs/online-osd-policy-20261004/full-harness-03.log:1099: trailing whitespace.
+  
runs/online-osd-policy-20261004/full-harness-03.log:1101: trailing whitespace.
+    
runs/online-osd-policy-20261004/full-harness-03.log:1141: trailing whitespace.
+  
runs/online-osd-policy-20261004/full-harness-03.log:1143: trailing whitespace.
+    
runs/online-osd-policy-20261004/full-harness-03.log:1216: trailing whitespace.
+  
runs/online-osd-policy-20261004/full-harness-03.log:1218: trailing whitespace.
+    
runs/online-osd-policy-20261004/full-harness-03.log:1223: trailing whitespace.
+  
runs/online-osd-policy-20261004/full-harness-03.log:1225: trailing whitespace.
+    
runs/online-osd-policy-20261004/full-harness-03.log:1749: trailing whitespace.
+  
runs/online-osd-policy-20261004/full-harness-03.log:1751: trailing whitespace.
+    
runs/online-osd-policy-20261004/full-harness-03.log:1800: trailing whitespace.
+  
runs/online-osd-policy-20261004/full-harness-03.log:1802: trailing whitespace.
+    
runs/online-osd-policy-20261004/full-harness-03.log:3545: trailing whitespace.
+  
runs/online-osd-policy-20261004/full-harness-03.log:3547: trailing whitespace.
+    
runs/online-osd-policy-20261004/full-harness-03.log:3552: trailing whitespace.
+  
runs/online-osd-policy-20261004/full-harness-03.log:3554: trailing whitespace.
+    
runs/online-osd-policy-20261004/full-harness-03.log:3715: trailing whitespace.
+  
runs/online-osd-policy-20261004/full-harness-03.log:3717: trailing whitespace.
+    
runs/online-osd-policy-20261004/full-harness-03.log:3866: trailing whitespace.
+  
runs/online-osd-policy-20261004/full-harness-03.log:3868: trailing whitespace.
+    
runs/online-osd-policy-20261004/full-harness-03.log:4037: trailing whitespace.
+  
runs/online-osd-policy-20261004/full-harness-03.log:4039: trailing whitespace.
+    
runs/online-osd-policy-20261004/full-harness-03.log:4079: trailing whitespace.
+  
runs/online-osd-policy-20261004/full-harness-03.log:4081: trailing whitespace.
+    
runs/online-osd-policy-20261004/full-harness-03.log:4574: trailing whitespace.
+  
runs/online-osd-policy-20261004/full-harness-03.log:4576: trailing whitespace.
+    
runs/online-osd-policy-20261004/full-harness-03.log:4625: trailing whitespace.
+  
runs/online-osd-policy-20261004/full-harness-03.log:4627: trailing whitespace.
+    
runs/online-osd-policy-20261004/full-harness-03.log:8938: trailing whitespace.
+  
runs/online-osd-policy-20261004/full-harness-03.log:8940: trailing whitespace.
+    
runs/online-osd-policy-20261004/git-audit.log:32: new blank line at EOF.
runs/online-osd-policy-20261004/root-01.log:719: trailing whitespace.
+  
runs/online-osd-policy-20261004/root-01.log:721: trailing whitespace.
+    
runs/online-osd-policy-20261004/root-01.log:726: trailing whitespace.
+  
runs/online-osd-policy-20261004/root-01.log:728: trailing whitespace.
+    
runs/online-osd-policy-20261004/root-01.log:889: trailing whitespace.
+  
runs/online-osd-policy-20261004/root-01.log:891: trailing whitespace.
+    
runs/online-osd-policy-20261004/root-01.log:1040: trailing whitespace.
+  
runs/online-osd-policy-20261004/root-01.log:1042: trailing whitespace.
+    
runs/online-osd-policy-20261004/root-01.log:1211: trailing whitespace.
+  
runs/online-osd-policy-20261004/root-01.log:1213: trailing whitespace.
+    
runs/online-osd-policy-20261004/root-01.log:1253: trailing whitespace.
+  
runs/online-osd-policy-20261004/root-01.log:1255: trailing whitespace.
+    
runs/online-osd-policy-20261004/root-01.log:1748: trailing whitespace.
+  
runs/online-osd-policy-20261004/root-01.log:1750: trailing whitespace.
+    
runs/online-osd-policy-20261004/root-01.log:1799: trailing whitespace.
+  
runs/online-osd-policy-20261004/root-01.log:1801: trailing whitespace.
+    
runs/online-osd-policy-20261004/tests-01.log:1310: trailing whitespace.
+  
runs/online-osd-policy-20261004/tests-01.log:1312: trailing whitespace.
+    
runs/online-osd-policy-20261004/tests-01.log:1317: trailing whitespace.
+  
runs/online-osd-policy-20261004/tests-01.log:1319: trailing whitespace.
+    
runs/online-osd-policy-20261004/tests-01.log:1480: trailing whitespace.
+  
runs/online-osd-policy-20261004/tests-01.log:1482: trailing whitespace.
+    
runs/online-osd-policy-20261004/tests-01.log:1631: trailing whitespace.
+  
runs/online-osd-policy-20261004/tests-01.log:1633: trailing whitespace.
+    
runs/online-osd-policy-20261004/tests-01.log:1802: trailing whitespace.
+  
runs/online-osd-policy-20261004/tests-01.log:1804: trailing whitespace.
+    
runs/online-osd-policy-20261004/tests-01.log:1844: trailing whitespace.
+  
runs/online-osd-policy-20261004/tests-01.log:1846: trailing whitespace.
+    
runs/online-osd-policy-20261004/tests-01.log:2339: trailing whitespace.
+  
runs/online-osd-policy-20261004/tests-01.log:2341: trailing whitespace.
+    
runs/online-osd-policy-20261004/tests-01.log:2390: trailing whitespace.
+  
runs/online-osd-policy-20261004/tests-01.log:2392: trailing whitespace.
+    
runs/online-osd-policy-20261004/tests-01.log:6703: trailing whitespace.
+  
runs/online-osd-policy-20261004/tests-01.log:6705: trailing whitespace.
+    
runs/online-osd-policy-20261004/tests-02.log:1310: trailing whitespace.
+  
runs/online-osd-policy-20261004/tests-02.log:1312: trailing whitespace.
+    
runs/online-osd-policy-20261004/tests-02.log:1317: trailing whitespace.
+  
runs/online-osd-policy-20261004/tests-02.log:1319: trailing whitespace.
+    
runs/online-osd-policy-20261004/tests-02.log:1480: trailing whitespace.
+  
runs/online-osd-policy-20261004/tests-02.log:1482: trailing whitespace.
+    
runs/online-osd-policy-20261004/tests-02.log:1631: trailing whitespace.
+  
runs/online-osd-policy-20261004/tests-02.log:1633: trailing whitespace.
+    
runs/online-osd-policy-20261004/tests-02.log:1802: trailing whitespace.
+  
runs/online-osd-policy-20261004/tests-02.log:1804: trailing whitespace.
+    
runs/online-osd-policy-20261004/tests-02.log:1844: trailing whitespace.
+  
runs/online-osd-policy-20261004/tests-02.log:1846: trailing whitespace.
+    
runs/online-osd-policy-20261004/tests-02.log:2339: trailing whitespace.
+  
runs/online-osd-policy-20261004/tests-02.log:2341: trailing whitespace.
+    
runs/online-osd-policy-20261004/tests-02.log:2390: trailing whitespace.
+  
runs/online-osd-policy-20261004/tests-02.log:2392: trailing whitespace.
+    
runs/online-osd-policy-20261004/tests-02.log:6703: trailing whitespace.
+  
runs/online-osd-policy-20261004/tests-02.log:6705: trailing whitespace.
+    
