{
  "time": "2026-10-04T08:30:00+00:00",
  "task": "ONLINE-OSD-POLICY-20261004",
  "role": "upper",
  "kind": "plan",
  "status": "queued",
  "notes": "Frozen draft21 signatures/context/source/DAG; distinct review pending, no theorem body compilation.",
  "lean": "",
  "source": "ONLINE-OSD-POLICY-ORABONA-V10-ALG2.2",
  "run_id": "online-osd-policy-20261004",
  "changed_files": [
    "docs/contracts/online-osd-policy-v1/context.lean.txt"
  ],
  "statement_hash": "6511db7d8ec2a1771859332186466d608dad5ca31b4baba67344a958a61043f7",
  "parent_id": "",
  "route_fingerprint": "osd-finite-history-policy-source-support-telescope",
  "verifier_evidence": [],
  "harness": "",
  "experiment_id": "",
  "target_fingerprint": "",
  "route_packet_hash": "",
  "attempt_id": "",
  "worker_id": "",
  "progress_class": "unreviewed",
  "reviewer_validated": false,
  "obligations_before": 0,
  "obligations_after": 0,
  "new_declarations": [],
  "reused_declarations": [],
  "dag_nodes": 0,
  "dag_depth": 0,
  "elapsed_seconds": 0.0,
  "lean_check_seconds": 0.0,
  "prompt_chars": 0,
  "input_tokens": 0,
  "output_tokens": 0,
  "error_signature": ""
}
