{
  "time": "2026-10-04T10:16:45+00:00",
  "task": "ONLINE-OSD-POLICY-20261004",
  "role": "reviewer",
  "kind": "review",
  "status": "accepted",
  "notes": "Actual bounded policy package local terminal accepted after source/body/canary/fullrootTests/harness/nativegraph/registry/site/complete repairedreader and immutable rawbyte gates.21targets unchanged; one canarysupersession and rejectedreaderattribution repair retained. This terminal is a package milestone only, wholeChapter2/BookGoal remains active.",
  "lean": "",
  "source": "",
  "run_id": "online-osd-policy-20261004",
  "changed_files": [],
  "statement_hash": "",
  "parent_id": "",
  "route_fingerprint": "",
  "verifier_evidence": [
    "runs/online-osd-policy-20261004/final-reader-receipt-v2.json",
    "runs/online-osd-policy-20261004/accepted-binding-audit.json"
  ],
  "harness": "",
  "experiment_id": "",
  "target_fingerprint": "",
  "route_packet_hash": "",
  "attempt_id": "OSD-POLICY-PUBLIC21-BODY01",
  "worker_id": "",
  "progress_class": "terminal",
  "reviewer_validated": true,
  "obligations_before": 21,
  "obligations_after": 0,
  "new_declarations": [],
  "reused_declarations": [],
  "dag_nodes": 0,
  "dag_depth": 0,
  "elapsed_seconds": 0.0,
  "lean_check_seconds": 0.0,
  "prompt_chars": 0,
  "input_tokens": 0,
  "output_tokens": 0,
  "error_signature": ""
}
