BanditRL.OnlineSubgradientPolicy.Domain.{u_1} {E : Type u_1} [NormedAddCommGroup E] [InnerProductSpace ℝ E] : Type u_1
'BanditRL.OnlineSubgradientPolicy.Domain' depends on axioms: [propext, Classical.choice, Quot.sound]
BanditRL.OnlineSubgradientPolicy.SupportPolicy.{u_1} {E : Type u_1} : Type u_1
'BanditRL.OnlineSubgradientPolicy.SupportPolicy' depends on axioms: [propext, Classical.choice, Quot.sound]
BanditRL.OnlineSubgradientPolicy.history.{u_1} {E : Type u_1} [NormedAddCommGroup E] [InnerProductSpace ℝ E]
  [FiniteDimensional ℝ E] (V : BanditRL.OnlineSubgradientPolicy.Domain) (η : ℕ → ℝ) (loss : ℕ → E → EReal) (x₁ : E)
  (p : BanditRL.OnlineSubgradientPolicy.SupportPolicy) (t : ℕ) : Fin (t + 1) → E
'BanditRL.OnlineSubgradientPolicy.history' depends on axioms: [propext, Classical.choice, Quot.sound]
BanditRL.OnlineSubgradientPolicy.output.{u_1} {E : Type u_1} [NormedAddCommGroup E] [InnerProductSpace ℝ E]
  [FiniteDimensional ℝ E] (V : BanditRL.OnlineSubgradientPolicy.Domain) (η : ℕ → ℝ) (loss : ℕ → E → EReal) (x₁ : E)
  (p : BanditRL.OnlineSubgradientPolicy.SupportPolicy) (t : ℕ) : E
'BanditRL.OnlineSubgradientPolicy.output' depends on axioms: [propext, Classical.choice, Quot.sound]
BanditRL.OnlineSubgradientPolicy.selected.{u_1} {E : Type u_1} [NormedAddCommGroup E] [InnerProductSpace ℝ E]
  [FiniteDimensional ℝ E] (V : BanditRL.OnlineSubgradientPolicy.Domain) (η : ℕ → ℝ) (loss : ℕ → E → EReal) (x₁ : E)
  (p : BanditRL.OnlineSubgradientPolicy.SupportPolicy) (t : ℕ) : E
'BanditRL.OnlineSubgradientPolicy.selected' depends on axioms: [propext, Classical.choice, Quot.sound]
BanditRL.OnlineSubgradientPolicy.OracleLaw.{u_1} {E : Type u_1} [NormedAddCommGroup E] [InnerProductSpace ℝ E]
  (V : BanditRL.OnlineSubgradientPolicy.Domain) (p : BanditRL.OnlineSubgradientPolicy.SupportPolicy) : Prop
'BanditRL.OnlineSubgradientPolicy.OracleLaw' depends on axioms: [propext, Classical.choice, Quot.sound]
BanditRL.OnlineSubgradientPolicy.canonicalPolicy.{u_1} {E : Type u_1} [NormedAddCommGroup E] [InnerProductSpace ℝ E] :
  BanditRL.OnlineSubgradientPolicy.SupportPolicy
'BanditRL.OnlineSubgradientPolicy.canonicalPolicy' depends on axioms: [propext, Classical.choice, Quot.sound]
BanditRL.OnlineSubgradientPolicy.LegalFeedback.{u_1} {E : Type u_1} [NormedAddCommGroup E] [InnerProductSpace ℝ E]
  [FiniteDimensional ℝ E] (V : BanditRL.OnlineSubgradientPolicy.Domain) (η : ℕ → ℝ) (loss : ℕ → E → EReal) (x₁ : E)
  (p : BanditRL.OnlineSubgradientPolicy.SupportPolicy) (T : ℕ) : Prop
'BanditRL.OnlineSubgradientPolicy.LegalFeedback' depends on axioms: [propext, Classical.choice, Quot.sound]
BanditRL.OnlineSubgradientPolicy.regret.{u_1} {E : Type u_1} [NormedAddCommGroup E] [InnerProductSpace ℝ E]
  [FiniteDimensional ℝ E] (V : BanditRL.OnlineSubgradientPolicy.Domain) (η : ℕ → ℝ) (loss : ℕ → E → EReal) (x₁ : E)
  (p : BanditRL.OnlineSubgradientPolicy.SupportPolicy) (u : E) (T : ℕ) : ℝ
'BanditRL.OnlineSubgradientPolicy.regret' depends on axioms: [propext, Classical.choice, Quot.sound]
BanditRL.OnlineSubgradientPolicy.history_zero.{u_1} {E : Type u_1} [NormedAddCommGroup E] [InnerProductSpace ℝ E]
  [FiniteDimensional ℝ E] (V : BanditRL.OnlineSubgradientPolicy.Domain) (η : ℕ → ℝ) (loss : ℕ → E → EReal) (x₁ : E)
  (p : BanditRL.OnlineSubgradientPolicy.SupportPolicy) :
  BanditRL.OnlineSubgradientPolicy.history V η loss x₁ p 0 = fun x => x₁
'BanditRL.OnlineSubgradientPolicy.history_zero' depends on axioms: [propext, Classical.choice, Quot.sound]
BanditRL.OnlineSubgradientPolicy.history_succ.{u_1} {E : Type u_1} [NormedAddCommGroup E] [InnerProductSpace ℝ E]
  [FiniteDimensional ℝ E] (V : BanditRL.OnlineSubgradientPolicy.Domain) (η : ℕ → ℝ) (loss : ℕ → E → EReal) (x₁ : E)
  (p : BanditRL.OnlineSubgradientPolicy.SupportPolicy) (t : ℕ) :
  BanditRL.OnlineSubgradientPolicy.history V η loss x₁ p (t + 1) =
    Fin.snoc (BanditRL.OnlineSubgradientPolicy.history V η loss x₁ p t)
      (BanditRL.OnlineGradientDescent.project V
        (BanditRL.OnlineSubgradientPolicy.output V η loss x₁ p t -
          η t • BanditRL.OnlineSubgradientPolicy.selected V η loss x₁ p t))
'BanditRL.OnlineSubgradientPolicy.history_succ' depends on axioms: [propext, Classical.choice, Quot.sound]
BanditRL.OnlineSubgradientPolicy.output_zero.{u_1} {E : Type u_1} [NormedAddCommGroup E] [InnerProductSpace ℝ E]
  [FiniteDimensional ℝ E] (V : BanditRL.OnlineSubgradientPolicy.Domain) (η : ℕ → ℝ) (loss : ℕ → E → EReal) (x₁ : E)
  (p : BanditRL.OnlineSubgradientPolicy.SupportPolicy) : BanditRL.OnlineSubgradientPolicy.output V η loss x₁ p 0 = x₁
'BanditRL.OnlineSubgradientPolicy.output_zero' depends on axioms: [propext, Classical.choice, Quot.sound]
BanditRL.OnlineSubgradientPolicy.output_succ.{u_1} {E : Type u_1} [NormedAddCommGroup E] [InnerProductSpace ℝ E]
  [FiniteDimensional ℝ E] (V : BanditRL.OnlineSubgradientPolicy.Domain) (η : ℕ → ℝ) (loss : ℕ → E → EReal) (x₁ : E)
  (p : BanditRL.OnlineSubgradientPolicy.SupportPolicy) (t : ℕ) :
  BanditRL.OnlineSubgradientPolicy.output V η loss x₁ p (t + 1) =
    BanditRL.OnlineGradientDescent.project V
      (BanditRL.OnlineSubgradientPolicy.output V η loss x₁ p t -
        η t • BanditRL.OnlineSubgradientPolicy.selected V η loss x₁ p t)
'BanditRL.OnlineSubgradientPolicy.output_succ' depends on axioms: [propext, Classical.choice, Quot.sound]
BanditRL.OnlineSubgradientPolicy.history_mem.{u_1} {E : Type u_1} [NormedAddCommGroup E] [InnerProductSpace ℝ E]
  [FiniteDimensional ℝ E] (V : BanditRL.OnlineSubgradientPolicy.Domain) (η : ℕ → ℝ) (loss : ℕ → E → EReal) (x₁ : E)
  (p : BanditRL.OnlineSubgradientPolicy.SupportPolicy) (hx₁ : x₁ ∈ V.carrier) (t : ℕ) (i : Fin (t + 1)) :
  BanditRL.OnlineSubgradientPolicy.history V η loss x₁ p t i ∈ V.carrier
'BanditRL.OnlineSubgradientPolicy.history_mem' depends on axioms: [propext, Classical.choice, Quot.sound]
BanditRL.OnlineSubgradientPolicy.output_mem.{u_1} {E : Type u_1} [NormedAddCommGroup E] [InnerProductSpace ℝ E]
  [FiniteDimensional ℝ E] (V : BanditRL.OnlineSubgradientPolicy.Domain) (η : ℕ → ℝ) (loss : ℕ → E → EReal) (x₁ : E)
  (p : BanditRL.OnlineSubgradientPolicy.SupportPolicy) (hx₁ : x₁ ∈ V.carrier) (t : ℕ) :
  BanditRL.OnlineSubgradientPolicy.output V η loss x₁ p t ∈ V.carrier
'BanditRL.OnlineSubgradientPolicy.output_mem' depends on axioms: [propext, Classical.choice, Quot.sound]
BanditRL.OnlineSubgradientPolicy.history_prefix.{u_1} {E : Type u_1} [NormedAddCommGroup E] [InnerProductSpace ℝ E]
  [FiniteDimensional ℝ E] (V : BanditRL.OnlineSubgradientPolicy.Domain) (η η' : ℕ → ℝ) (loss loss' : ℕ → E → EReal)
  (x₁ : E) (p : BanditRL.OnlineSubgradientPolicy.SupportPolicy) (t : ℕ) (hη : ∀ s < t, η s = η' s)
  (hloss : ∀ s < t, loss s = loss' s) :
  BanditRL.OnlineSubgradientPolicy.history V η loss x₁ p t = BanditRL.OnlineSubgradientPolicy.history V η' loss' x₁ p t
'BanditRL.OnlineSubgradientPolicy.history_prefix' depends on axioms: [propext, Classical.choice, Quot.sound]
BanditRL.OnlineSubgradientPolicy.output_prefix.{u_1} {E : Type u_1} [NormedAddCommGroup E] [InnerProductSpace ℝ E]
  [FiniteDimensional ℝ E] (V : BanditRL.OnlineSubgradientPolicy.Domain) (η η' : ℕ → ℝ) (loss loss' : ℕ → E → EReal)
  (x₁ : E) (p : BanditRL.OnlineSubgradientPolicy.SupportPolicy) (t : ℕ) (hη : ∀ s < t, η s = η' s)
  (hloss : ∀ s < t, loss s = loss' s) :
  BanditRL.OnlineSubgradientPolicy.output V η loss x₁ p t = BanditRL.OnlineSubgradientPolicy.output V η' loss' x₁ p t
'BanditRL.OnlineSubgradientPolicy.output_prefix' depends on axioms: [propext, Classical.choice, Quot.sound]
BanditRL.OnlineSubgradientPolicy.oracle_feedback.{u_1} {E : Type u_1} [NormedAddCommGroup E] [InnerProductSpace ℝ E]
  [FiniteDimensional ℝ E] (V : BanditRL.OnlineSubgradientPolicy.Domain) (η : ℕ → ℝ) (loss : ℕ → E → EReal) (x₁ : E)
  (p : BanditRL.OnlineSubgradientPolicy.SupportPolicy) (hx₁ : x₁ ∈ V.carrier) (T : ℕ)
  (hp : BanditRL.OnlineSubgradientPolicy.OracleLaw V p)
  (hloss : ∀ t < T, BanditRL.OnlineSubgradientDescent.SubdifferentiableOn V (loss t)) :
  BanditRL.OnlineSubgradientPolicy.LegalFeedback V η loss x₁ p T
'BanditRL.OnlineSubgradientPolicy.oracle_feedback' depends on axioms: [propext, Classical.choice, Quot.sound]
BanditRL.OnlineSubgradientPolicy.trajectory_finite_loss.{u_1} {E : Type u_1} [NormedAddCommGroup E]
  [InnerProductSpace ℝ E] [FiniteDimensional ℝ E] (V : BanditRL.OnlineSubgradientPolicy.Domain) (η : ℕ → ℝ)
  (loss : ℕ → E → EReal) (x₁ : E) (p : BanditRL.OnlineSubgradientPolicy.SupportPolicy) (hx₁ : x₁ ∈ V.carrier) (t : ℕ)
  (hloss : BanditRL.OnlineSubgradientDescent.SubdifferentiableOn V (loss t)) (u : E) (hu : u ∈ V.carrier) :
  loss t (BanditRL.OnlineSubgradientPolicy.output V η loss x₁ p t) =
      ↑(loss t (BanditRL.OnlineSubgradientPolicy.output V η loss x₁ p t)).toReal ∧
    loss t u = ↑(loss t u).toReal
'BanditRL.OnlineSubgradientPolicy.trajectory_finite_loss' depends on axioms: [propext, Classical.choice, Quot.sound]
BanditRL.OnlineSubgradientPolicy.one_step_chain.{u_1} {E : Type u_1} [NormedAddCommGroup E] [InnerProductSpace ℝ E]
  [FiniteDimensional ℝ E] (V : BanditRL.OnlineSubgradientPolicy.Domain) (η : ℕ → ℝ) (loss : ℕ → E → EReal) (x₁ : E)
  (p : BanditRL.OnlineSubgradientPolicy.SupportPolicy) (t : ℕ) (hη : 0 < η t)
  (hloss : BanditRL.OnlineSubgradientDescent.SubdifferentiableOn V (loss t))
  (hg :
    BanditRL.OnlineSubgradientPolicy.selected V η loss x₁ p t ∈
      BanditRL.OnlineConvex.SourceSubdifferential (loss t) (BanditRL.OnlineSubgradientPolicy.output V η loss x₁ p t))
  (u : E) (hu : u ∈ V.carrier) :
  η t * ((loss t (BanditRL.OnlineSubgradientPolicy.output V η loss x₁ p t)).toReal - (loss t u).toReal) ≤
      η t *
        inner ℝ (BanditRL.OnlineSubgradientPolicy.selected V η loss x₁ p t)
          (BanditRL.OnlineSubgradientPolicy.output V η loss x₁ p t - u) ∧
    η t *
        inner ℝ (BanditRL.OnlineSubgradientPolicy.selected V η loss x₁ p t)
          (BanditRL.OnlineSubgradientPolicy.output V η loss x₁ p t - u) ≤
      ‖BanditRL.OnlineSubgradientPolicy.output V η loss x₁ p t - u‖ ^ 2 / 2 -
          ‖BanditRL.OnlineSubgradientPolicy.output V η loss x₁ p (t + 1) - u‖ ^ 2 / 2 +
        η t ^ 2 / 2 * ‖BanditRL.OnlineSubgradientPolicy.selected V η loss x₁ p t‖ ^ 2
'BanditRL.OnlineSubgradientPolicy.one_step_chain' depends on axioms: [propext, Classical.choice, Quot.sound]
BanditRL.OnlineSubgradientPolicy.one_step.{u_1} {E : Type u_1} [NormedAddCommGroup E] [InnerProductSpace ℝ E]
  [FiniteDimensional ℝ E] (V : BanditRL.OnlineSubgradientPolicy.Domain) (η : ℕ → ℝ) (loss : ℕ → E → EReal) (x₁ : E)
  (p : BanditRL.OnlineSubgradientPolicy.SupportPolicy) (t : ℕ) (hη : 0 < η t)
  (hloss : BanditRL.OnlineSubgradientDescent.SubdifferentiableOn V (loss t))
  (hg :
    BanditRL.OnlineSubgradientPolicy.selected V η loss x₁ p t ∈
      BanditRL.OnlineConvex.SourceSubdifferential (loss t) (BanditRL.OnlineSubgradientPolicy.output V η loss x₁ p t))
  (u : E) (hu : u ∈ V.carrier) :
  (loss t (BanditRL.OnlineSubgradientPolicy.output V η loss x₁ p t)).toReal - (loss t u).toReal ≤
    (‖BanditRL.OnlineSubgradientPolicy.output V η loss x₁ p t - u‖ ^ 2 -
          ‖BanditRL.OnlineSubgradientPolicy.output V η loss x₁ p (t + 1) - u‖ ^ 2) /
        (2 * η t) +
      η t / 2 * ‖BanditRL.OnlineSubgradientPolicy.selected V η loss x₁ p t‖ ^ 2
'BanditRL.OnlineSubgradientPolicy.one_step' depends on axioms: [propext, Classical.choice, Quot.sound]
BanditRL.OnlineSubgradientPolicy.regret_fixed.{u_1} {E : Type u_1} [NormedAddCommGroup E] [InnerProductSpace ℝ E]
  [FiniteDimensional ℝ E] (V : BanditRL.OnlineSubgradientPolicy.Domain) (η : ℝ) (hη : 0 < η) (loss : ℕ → E → EReal)
  (x₁ : E) (p : BanditRL.OnlineSubgradientPolicy.SupportPolicy) (hx₁ : x₁ ∈ V.carrier) (T : ℕ)
  (hloss : ∀ t < T, BanditRL.OnlineSubgradientDescent.SubdifferentiableOn V (loss t))
  (hlegal : BanditRL.OnlineSubgradientPolicy.LegalFeedback V (fun x => η) loss x₁ p T) (u : E) (hu : u ∈ V.carrier) :
  BanditRL.OnlineSubgradientPolicy.regret V (fun x => η) loss x₁ p u T ≤
    ‖x₁ - u‖ ^ 2 / (2 * η) +
        η / 2 * ∑ t ∈ Finset.range T, ‖BanditRL.OnlineSubgradientPolicy.selected V (fun x => η) loss x₁ p t‖ ^ 2 -
      ‖BanditRL.OnlineSubgradientPolicy.output V (fun x => η) loss x₁ p T - u‖ ^ 2 / (2 * η)
'BanditRL.OnlineSubgradientPolicy.regret_fixed' depends on axioms: [propext, Classical.choice, Quot.sound]
BanditRL.OnlineSubgradientPolicy.regret_fixed_coarse.{u_1} {E : Type u_1} [NormedAddCommGroup E] [InnerProductSpace ℝ E]
  [FiniteDimensional ℝ E] (V : BanditRL.OnlineSubgradientPolicy.Domain) (η : ℝ) (hη : 0 < η) (loss : ℕ → E → EReal)
  (x₁ : E) (p : BanditRL.OnlineSubgradientPolicy.SupportPolicy) (hx₁ : x₁ ∈ V.carrier) (T : ℕ)
  (hloss : ∀ t < T, BanditRL.OnlineSubgradientDescent.SubdifferentiableOn V (loss t))
  (hlegal : BanditRL.OnlineSubgradientPolicy.LegalFeedback V (fun x => η) loss x₁ p T) (u : E) (hu : u ∈ V.carrier) :
  BanditRL.OnlineSubgradientPolicy.regret V (fun x => η) loss x₁ p u T ≤
    ‖x₁ - u‖ ^ 2 / (2 * η) +
      η / 2 * ∑ t ∈ Finset.range T, ‖BanditRL.OnlineSubgradientPolicy.selected V (fun x => η) loss x₁ p t‖ ^ 2
'BanditRL.OnlineSubgradientPolicy.regret_fixed_coarse' depends on axioms: [propext, Classical.choice, Quot.sound]
BanditRL.OnlineSubgradientPolicy.regret_variable_bound.{u_1} {E : Type u_1} [NormedAddCommGroup E]
  [InnerProductSpace ℝ E] [FiniteDimensional ℝ E] (V : BanditRL.OnlineSubgradientPolicy.Domain) (η : ℕ → ℝ)
  (loss : ℕ → E → EReal) (x₁ : E) (p : BanditRL.OnlineSubgradientPolicy.SupportPolicy) (hx₁ : x₁ ∈ V.carrier) (T : ℕ)
  (hT : 0 < T) (hη : ∀ t < T, 0 < η t) (hmono : ∀ (t : ℕ), t + 1 < T → η (t + 1) ≤ η t)
  (hloss : ∀ t < T, BanditRL.OnlineSubgradientDescent.SubdifferentiableOn V (loss t))
  (hlegal : BanditRL.OnlineSubgradientPolicy.LegalFeedback V η loss x₁ p T) (D : ℝ)
  (hdiam : ∀ x ∈ V.carrier, ∀ y ∈ V.carrier, ‖x - y‖ ≤ D) (u : E) (hu : u ∈ V.carrier) :
  BanditRL.OnlineSubgradientPolicy.regret V η loss x₁ p u T ≤
    D ^ 2 / (2 * η (T - 1)) +
        ∑ t ∈ Finset.range T, η t / 2 * ‖BanditRL.OnlineSubgradientPolicy.selected V η loss x₁ p t‖ ^ 2 -
      ‖BanditRL.OnlineSubgradientPolicy.output V η loss x₁ p T - u‖ ^ 2 / (2 * η (T - 1))
'BanditRL.OnlineSubgradientPolicy.regret_variable_bound' depends on axioms: [propext, Classical.choice, Quot.sound]
BanditRL.OnlineSubgradientPolicy.regret_variable.{u_1} {E : Type u_1} [NormedAddCommGroup E] [InnerProductSpace ℝ E]
  [FiniteDimensional ℝ E] (V : BanditRL.OnlineSubgradientPolicy.Domain) (η : ℕ → ℝ) (loss : ℕ → E → EReal) (x₁ : E)
  (p : BanditRL.OnlineSubgradientPolicy.SupportPolicy) (hx₁ : x₁ ∈ V.carrier) (T : ℕ) (hT : 0 < T)
  (hη : ∀ t < T, 0 < η t) (hmono : ∀ (t : ℕ), t + 1 < T → η (t + 1) ≤ η t)
  (hloss : ∀ t < T, BanditRL.OnlineSubgradientDescent.SubdifferentiableOn V (loss t))
  (hlegal : BanditRL.OnlineSubgradientPolicy.LegalFeedback V η loss x₁ p T) (hV : Bornology.IsBounded V.carrier) (u : E)
  (hu : u ∈ V.carrier) :
  BanditRL.OnlineSubgradientPolicy.regret V η loss x₁ p u T ≤
    Metric.diam V.carrier ^ 2 / (2 * η (T - 1)) +
        ∑ t ∈ Finset.range T, η t / 2 * ‖BanditRL.OnlineSubgradientPolicy.selected V η loss x₁ p t‖ ^ 2 -
      ‖BanditRL.OnlineSubgradientPolicy.output V η loss x₁ p T - u‖ ^ 2 / (2 * η (T - 1))
'BanditRL.OnlineSubgradientPolicy.regret_variable' depends on axioms: [propext, Classical.choice, Quot.sound]
BanditRL.OnlineSubgradientPolicy.regret_tuned_distance.{u_1} {E : Type u_1} [NormedAddCommGroup E]
  [InnerProductSpace ℝ E] [FiniteDimensional ℝ E] (V : BanditRL.OnlineSubgradientPolicy.Domain) (loss : ℕ → E → EReal)
  (x₁ : E) (p : BanditRL.OnlineSubgradientPolicy.SupportPolicy) (hx₁ : x₁ ∈ V.carrier) (T : ℕ) (hT : 0 < T) (D G : ℝ)
  (hD : 0 < D) (hG : 0 < G) (hloss : ∀ t < T, BanditRL.OnlineSubgradientDescent.SubdifferentiableOn V (loss t))
  (hlegal : BanditRL.OnlineSubgradientPolicy.LegalFeedback V (fun x => D / (G * √↑T)) loss x₁ p T) (u : E)
  (hu : u ∈ V.carrier) (hdist : ‖x₁ - u‖ ≤ D)
  (hgrad : ∀ t < T, ‖BanditRL.OnlineSubgradientPolicy.selected V (fun x => D / (G * √↑T)) loss x₁ p t‖ ≤ G) :
  BanditRL.OnlineSubgradientPolicy.regret V (fun x => D / (G * √↑T)) loss x₁ p u T ≤ D * G * √↑T
'BanditRL.OnlineSubgradientPolicy.regret_tuned_distance' depends on axioms: [propext, Classical.choice, Quot.sound]
BanditRL.OnlineSubgradientPolicy.regret_tuned.{u_1} {E : Type u_1} [NormedAddCommGroup E] [InnerProductSpace ℝ E]
  [FiniteDimensional ℝ E] (V : BanditRL.OnlineSubgradientPolicy.Domain) (loss : ℕ → E → EReal) (x₁ : E)
  (p : BanditRL.OnlineSubgradientPolicy.SupportPolicy) (hx₁ : x₁ ∈ V.carrier) (T : ℕ) (hT : 0 < T) (D G : ℝ)
  (hD : 0 < D) (hG : 0 < G) (hloss : ∀ t < T, BanditRL.OnlineSubgradientDescent.SubdifferentiableOn V (loss t))
  (hlegal : BanditRL.OnlineSubgradientPolicy.LegalFeedback V (fun x => D / (G * √↑T)) loss x₁ p T)
  (hdiam : ∀ x ∈ V.carrier, ∀ y ∈ V.carrier, ‖x - y‖ ≤ D)
  (hgrad : ∀ t < T, ‖BanditRL.OnlineSubgradientPolicy.selected V (fun x => D / (G * √↑T)) loss x₁ p t‖ ≤ G) (u : E) :
  u ∈ V.carrier → BanditRL.OnlineSubgradientPolicy.regret V (fun x => D / (G * √↑T)) loss x₁ p u T ≤ D * G * √↑T
'BanditRL.OnlineSubgradientPolicy.regret_tuned' depends on axioms: [propext, Classical.choice, Quot.sound]
BanditRL.OnlineSubgradientPolicy.canonicalPolicy_legal.{u_1} {E : Type u_1} [NormedAddCommGroup E]
  [InnerProductSpace ℝ E] [FiniteDimensional ℝ E] (V : BanditRL.OnlineSubgradientPolicy.Domain) :
  BanditRL.OnlineSubgradientPolicy.OracleLaw V BanditRL.OnlineSubgradientPolicy.canonicalPolicy
'BanditRL.OnlineSubgradientPolicy.canonicalPolicy_legal' depends on axioms: [propext, Classical.choice, Quot.sound]
BanditRL.OnlineSubgradientPolicy.canonical_output.{u_1} {E : Type u_1} [NormedAddCommGroup E] [InnerProductSpace ℝ E]
  [FiniteDimensional ℝ E] (V : BanditRL.OnlineSubgradientPolicy.Domain) (η : ℕ → ℝ) (loss : ℕ → E → EReal) (x₁ : E)
  (t : ℕ) :
  BanditRL.OnlineSubgradientPolicy.output V η loss x₁ BanditRL.OnlineSubgradientPolicy.canonicalPolicy t =
    BanditRL.OnlineSubgradientDescent.iterate V η loss x₁ t
'BanditRL.OnlineSubgradientPolicy.canonical_output' depends on axioms: [propext, Classical.choice, Quot.sound]
BanditRL.OnlineSubgradientPolicy.canonical_selected.{u_1} {E : Type u_1} [NormedAddCommGroup E] [InnerProductSpace ℝ E]
  [FiniteDimensional ℝ E] (V : BanditRL.OnlineSubgradientPolicy.Domain) (η : ℕ → ℝ) (loss : ℕ → E → EReal) (x₁ : E)
  (t : ℕ) :
  BanditRL.OnlineSubgradientPolicy.selected V η loss x₁ BanditRL.OnlineSubgradientPolicy.canonicalPolicy t =
    BanditRL.OnlineSubgradientDescent.currentSubgradient (loss t)
      (BanditRL.OnlineSubgradientDescent.iterate V η loss x₁ t)
'BanditRL.OnlineSubgradientPolicy.canonical_selected' depends on axioms: [propext, Classical.choice, Quot.sound]
