{
  "time": "2026-10-04T09:35:29+00:00",
  "task": "ONLINE-OSD-POLICY-20261004",
  "role": "lower",
  "kind": "build",
  "status": "compiled",
  "notes": "Actual21public frozen bodies compiled and native actualpublic fences unchanged; terminalfixed/variable/tuned/canonical closed. Semanticbody accepted with explicit limits; additional7canary overlay and package gates remain separate.",
  "lean": "BanditRLProof/OnlineSubgradientPolicy.lean",
  "source": "ONLINE-OSD-POLICY-ORABONA-V10-ALG2.2",
  "run_id": "online-osd-policy-20261004",
  "changed_files": [],
  "statement_hash": "",
  "parent_id": "",
  "route_fingerprint": "",
  "verifier_evidence": [
    "runs/online-osd-policy-20261004/public-focused-01-exit.json",
    "runs/online-osd-policy-20261004/public-actual-candidate-bindings.json"
  ],
  "harness": "",
  "experiment_id": "",
  "target_fingerprint": "",
  "route_packet_hash": "",
  "attempt_id": "",
  "worker_id": "",
  "progress_class": "closed-frontier",
  "reviewer_validated": false,
  "obligations_before": 13,
  "obligations_after": 0,
  "new_declarations": [],
  "reused_declarations": [],
  "dag_nodes": 0,
  "dag_depth": 0,
  "elapsed_seconds": 0.0,
  "lean_check_seconds": 0.0,
  "prompt_chars": 0,
  "input_tokens": 0,
  "output_tokens": 0,
  "error_signature": ""
}
