tmp/online-osd-policy-signature-v1.lean:55:43: warning: unused variable `hx₁`

Note: This linter can be disabled with `set_option linter.unusedVariables false`
tmp/online-osd-policy-signature-v1.lean:59:43: warning: unused variable `hx₁`

Note: This linter can be disabled with `set_option linter.unusedVariables false`
tmp/online-osd-policy-signature-v1.lean:64:5: warning: unused variable `hη`

Note: This linter can be disabled with `set_option linter.unusedVariables false`
tmp/online-osd-policy-signature-v1.lean:64:32: warning: unused variable `hloss`

Note: This linter can be disabled with `set_option linter.unusedVariables false`
tmp/online-osd-policy-signature-v1.lean:69:5: warning: unused variable `hη`

Note: This linter can be disabled with `set_option linter.unusedVariables false`
tmp/online-osd-policy-signature-v1.lean:69:32: warning: unused variable `hloss`

Note: This linter can be disabled with `set_option linter.unusedVariables false`
tmp/online-osd-policy-signature-v1.lean:73:43: warning: unused variable `hx₁`

Note: This linter can be disabled with `set_option linter.unusedVariables false`
tmp/online-osd-policy-signature-v1.lean:74:5: warning: unused variable `hp`

Note: This linter can be disabled with `set_option linter.unusedVariables false`
tmp/online-osd-policy-signature-v1.lean:75:5: warning: unused variable `hloss`

Note: This linter can be disabled with `set_option linter.unusedVariables false`
tmp/online-osd-policy-signature-v1.lean:79:43: warning: unused variable `hx₁`

Note: This linter can be disabled with `set_option linter.unusedVariables false`
tmp/online-osd-policy-signature-v1.lean:80:5: warning: unused variable `hloss`

Note: This linter can be disabled with `set_option linter.unusedVariables false`
tmp/online-osd-policy-signature-v1.lean:81:13: warning: unused variable `hu`

Note: This linter can be disabled with `set_option linter.unusedVariables false`
tmp/online-osd-policy-signature-v1.lean:86:51: warning: unused variable `hη`

Note: This linter can be disabled with `set_option linter.unusedVariables false`
tmp/online-osd-policy-signature-v1.lean:87:5: warning: unused variable `hloss`

Note: This linter can be disabled with `set_option linter.unusedVariables false`
tmp/online-osd-policy-signature-v1.lean:88:5: warning: unused variable `hg`

Note: This linter can be disabled with `set_option linter.unusedVariables false`
tmp/online-osd-policy-signature-v1.lean:89:13: warning: unused variable `hu`

Note: This linter can be disabled with `set_option linter.unusedVariables false`
tmp/online-osd-policy-signature-v1.lean:98:51: warning: unused variable `hη`

Note: This linter can be disabled with `set_option linter.unusedVariables false`
tmp/online-osd-policy-signature-v1.lean:99:5: warning: unused variable `hloss`

Note: This linter can be disabled with `set_option linter.unusedVariables false`
tmp/online-osd-policy-signature-v1.lean:100:5: warning: unused variable `hg`

Note: This linter can be disabled with `set_option linter.unusedVariables false`
tmp/online-osd-policy-signature-v1.lean:101:13: warning: unused variable `hu`

Note: This linter can be disabled with `set_option linter.unusedVariables false`
tmp/online-osd-policy-signature-v1.lean:107:58: warning: unused variable `hη`

Note: This linter can be disabled with `set_option linter.unusedVariables false`
tmp/online-osd-policy-signature-v1.lean:109:5: warning: unused variable `hx₁`

Note: This linter can be disabled with `set_option linter.unusedVariables false`
tmp/online-osd-policy-signature-v1.lean:110:5: warning: unused variable `hloss`

Note: This linter can be disabled with `set_option linter.unusedVariables false`
tmp/online-osd-policy-signature-v1.lean:111:5: warning: unused variable `hlegal`

Note: This linter can be disabled with `set_option linter.unusedVariables false`
tmp/online-osd-policy-signature-v1.lean:111:65: warning: unused variable `hu`

Note: This linter can be disabled with `set_option linter.unusedVariables false`
tmp/online-osd-policy-signature-v1.lean:116:65: warning: unused variable `hη`

Note: This linter can be disabled with `set_option linter.unusedVariables false`
tmp/online-osd-policy-signature-v1.lean:118:5: warning: unused variable `hx₁`

Note: This linter can be disabled with `set_option linter.unusedVariables false`
tmp/online-osd-policy-signature-v1.lean:119:5: warning: unused variable `hloss`

Note: This linter can be disabled with `set_option linter.unusedVariables false`
tmp/online-osd-policy-signature-v1.lean:120:5: warning: unused variable `hlegal`

Note: This linter can be disabled with `set_option linter.unusedVariables false`
tmp/online-osd-policy-signature-v1.lean:120:65: warning: unused variable `hu`

Note: This linter can be disabled with `set_option linter.unusedVariables false`
tmp/online-osd-policy-signature-v1.lean:125:43: warning: unused variable `hx₁`

Note: This linter can be disabled with `set_option linter.unusedVariables false`
tmp/online-osd-policy-signature-v1.lean:125:74: warning: unused variable `hT`

Note: This linter can be disabled with `set_option linter.unusedVariables false`
tmp/online-osd-policy-signature-v1.lean:126:5: warning: unused variable `hη`

Note: This linter can be disabled with `set_option linter.unusedVariables false`
tmp/online-osd-policy-signature-v1.lean:126:29: warning: unused variable `hmono`

Note: This linter can be disabled with `set_option linter.unusedVariables false`
tmp/online-osd-policy-signature-v1.lean:127:5: warning: unused variable `hloss`

Note: This linter can be disabled with `set_option linter.unusedVariables false`
tmp/online-osd-policy-signature-v1.lean:128:5: warning: unused variable `hlegal`

Note: This linter can be disabled with `set_option linter.unusedVariables false`
tmp/online-osd-policy-signature-v1.lean:129:5: warning: unused variable `hdiam`

Note: This linter can be disabled with `set_option linter.unusedVariables false`
tmp/online-osd-policy-signature-v1.lean:130:13: warning: unused variable `hu`

Note: This linter can be disabled with `set_option linter.unusedVariables false`
tmp/online-osd-policy-signature-v1.lean:136:43: warning: unused variable `hx₁`

Note: This linter can be disabled with `set_option linter.unusedVariables false`
tmp/online-osd-policy-signature-v1.lean:136:74: warning: unused variable `hT`

Note: This linter can be disabled with `set_option linter.unusedVariables false`
tmp/online-osd-policy-signature-v1.lean:137:5: warning: unused variable `hη`

Note: This linter can be disabled with `set_option linter.unusedVariables false`
tmp/online-osd-policy-signature-v1.lean:137:29: warning: unused variable `hmono`

Note: This linter can be disabled with `set_option linter.unusedVariables false`
tmp/online-osd-policy-signature-v1.lean:138:5: warning: unused variable `hloss`

Note: This linter can be disabled with `set_option linter.unusedVariables false`
tmp/online-osd-policy-signature-v1.lean:139:5: warning: unused variable `hlegal`

Note: This linter can be disabled with `set_option linter.unusedVariables false`
tmp/online-osd-policy-signature-v1.lean:139:46: warning: unused variable `hV`

Note: This linter can be disabled with `set_option linter.unusedVariables false`
tmp/online-osd-policy-signature-v1.lean:139:91: warning: unused variable `hu`

Note: This linter can be disabled with `set_option linter.unusedVariables false`
tmp/online-osd-policy-signature-v1.lean:145:43: warning: unused variable `hx₁`

Note: This linter can be disabled with `set_option linter.unusedVariables false`
tmp/online-osd-policy-signature-v1.lean:146:13: warning: unused variable `hT`

Note: This linter can be disabled with `set_option linter.unusedVariables false`
tmp/online-osd-policy-signature-v1.lean:146:36: warning: unused variable `hD`

Note: This linter can be disabled with `set_option linter.unusedVariables false`
tmp/online-osd-policy-signature-v1.lean:146:49: warning: unused variable `hG`

Note: This linter can be disabled with `set_option linter.unusedVariables false`
tmp/online-osd-policy-signature-v1.lean:147:5: warning: unused variable `hloss`

Note: This linter can be disabled with `set_option linter.unusedVariables false`
tmp/online-osd-policy-signature-v1.lean:148:5: warning: unused variable `hlegal`

Note: This linter can be disabled with `set_option linter.unusedVariables false`
tmp/online-osd-policy-signature-v1.lean:148:85: warning: unused variable `hu`

Note: This linter can be disabled with `set_option linter.unusedVariables false`
tmp/online-osd-policy-signature-v1.lean:149:5: warning: unused variable `hdist`

Note: This linter can be disabled with `set_option linter.unusedVariables false`
tmp/online-osd-policy-signature-v1.lean:150:5: warning: unused variable `hgrad`

Note: This linter can be disabled with `set_option linter.unusedVariables false`
tmp/online-osd-policy-signature-v1.lean:154:43: warning: unused variable `hx₁`

Note: This linter can be disabled with `set_option linter.unusedVariables false`
tmp/online-osd-policy-signature-v1.lean:155:13: warning: unused variable `hT`

Note: This linter can be disabled with `set_option linter.unusedVariables false`
tmp/online-osd-policy-signature-v1.lean:155:36: warning: unused variable `hD`

Note: This linter can be disabled with `set_option linter.unusedVariables false`
tmp/online-osd-policy-signature-v1.lean:155:49: warning: unused variable `hG`

Note: This linter can be disabled with `set_option linter.unusedVariables false`
tmp/online-osd-policy-signature-v1.lean:156:5: warning: unused variable `hloss`

Note: This linter can be disabled with `set_option linter.unusedVariables false`
tmp/online-osd-policy-signature-v1.lean:157:5: warning: unused variable `hlegal`

Note: This linter can be disabled with `set_option linter.unusedVariables false`
tmp/online-osd-policy-signature-v1.lean:158:5: warning: unused variable `hdiam`

Note: This linter can be disabled with `set_option linter.unusedVariables false`
tmp/online-osd-policy-signature-v1.lean:159:5: warning: unused variable `hgrad`

Note: This linter can be disabled with `set_option linter.unusedVariables false`
