{
  "time": "2026-10-04T08:45:31+00:00",
  "task": "ONLINE-OSD-POLICY-20261004",
  "role": "lower",
  "kind": "build",
  "status": "compiled",
  "notes": "Actual eight structural causal/feasibility proofs kernel exit0 and native actual-file sourcefences unchanged; terminal13 proofpending.",
  "lean": "runs/online-osd-policy-20261004/leaves/policy-structural-01.lean",
  "source": "ONLINE-OSD-POLICY-ORABONA-V10-ALG2.2",
  "run_id": "online-osd-policy-20261004",
  "changed_files": [
    "runs/online-osd-policy-20261004/leaves/policy-structural-01.lean"
  ],
  "statement_hash": "b7b6613d22c87ce6bff0a39a1acbfcad6cdfa3856bea38bc8592e6f8ded3f640",
  "parent_id": "",
  "route_fingerprint": "osd-finite-history-policy-source-support-telescope",
  "verifier_evidence": [],
  "harness": "",
  "experiment_id": "",
  "target_fingerprint": "",
  "route_packet_hash": "",
  "attempt_id": "",
  "worker_id": "",
  "progress_class": "compiled-leaf",
  "reviewer_validated": false,
  "obligations_before": 21,
  "obligations_after": 13,
  "new_declarations": [],
  "reused_declarations": [],
  "dag_nodes": 0,
  "dag_depth": 0,
  "elapsed_seconds": 0.0,
  "lean_check_seconds": 0.0,
  "prompt_chars": 0,
  "input_tokens": 0,
  "output_tokens": 0,
  "error_signature": ""
}
