SITE CHECK PASSED
- HTML pages: 746
- modules: 674
- declarations: 8947
- highlights: 134
- milestones: 83
- textbook crosswalks: 13
- source theorem restatements: 25
- BanditRLwiki settings/cases/papers: 7/13/19
- BanditRLwiki theorem surfaces: 27
- BanditRLwiki literature-open/formalization-open cases: 0/13
- BanditRLwiki named formalization leaves: 36
- BanditRLwiki active source-frozen ports: 2
- Live Formalization mappings: 134
- Mermaid blocks: 18
- Lean source links: 9805
- internal links and anchors: valid
- README relative links: valid
- MathJax loader and readable mathematical fallbacks: valid
- GitHub Pages workflow: complete
