SITE CHECK PASSED
- HTML pages: 744
- modules: 673
- declarations: 8935
- highlights: 130
- milestones: 83
- textbook crosswalks: 12
- source theorem restatements: 23
- BanditRLwiki settings/cases/papers: 7/13/19
- BanditRLwiki theorem surfaces: 27
- BanditRLwiki literature-open/formalization-open cases: 0/13
- BanditRLwiki named formalization leaves: 36
- BanditRLwiki active source-frozen ports: 2
- Live Formalization mappings: 130
- Mermaid blocks: 18
- Lean source links: 9788
- internal links and anchors: valid
- README relative links: valid
- MathJax loader and readable mathematical fallbacks: valid
- GitHub Pages workflow: complete
